Retrieving the matrix from '../matrices/Hook_1498.mtx'...
%%MatrixMarket matrix coordinate real symmetric
1498023 1498023 31207734
Real Matrix: Rows=1498023 | Cols=1498023 | NNZ=31207734 | Procs=32 | Distribution=2D_cyclic
2D Process Grid (Cyclic): 4 x 8
Rank 10: Grid (1,2) | Local rows=374506 | NNZ=900575 | ColsGlobal
Rank 12: Grid (1,4) | Local rows=374506 | NNZ=998330 | ColsGlobal
Rank 11: Grid (1,3) | Local rows=374506 | NNZ=947037 | ColsGlobal
Rank 28: Grid (3,4) | Local rows=374505 | NNZ=900649 | ColsGlobal
Rank 9: Grid (1,1) | Local rows=374506 | NNZ=1053750 | ColsGlobal
Rank 6: Grid (0,6) | Local rows=374506 | NNZ=947513 | ColsGlobal
Rank 14: Grid (1,6) | Local rows=374506 | NNZ=901413 | ColsGlobal
Rank 7: Grid (0,7) | Local rows=374506 | NNZ=999429 | ColsGlobal
Rank 30: Grid (3,6) | Local rows=374505 | NNZ=999440 | ColsGlobal
Rank 5: Grid (0,5) | Local rows=374506 | NNZ=900873 | ColsGlobal
Rank 29: Grid (3,5) | Local rows=374505 | NNZ=946156 | ColsGlobal
Rank 13: Grid (1,5) | Local rows=374506 | NNZ=1054362 | ColsGlobal
Rank 16: Grid (2,0) | Local rows=374506 | NNZ=946330 | ColsGlobal
Rank 27: Grid (3,3) | Local rows=374505 | NNZ=1055578 | ColsGlobal
Rank 15: Grid (1,7) | Local rows=374506 | NNZ=947256 | ColsGlobal
Rank 3: Grid (0,3) | Local rows=374506 | NNZ=999202 | ColsGlobal
Rank 25: Grid (3,1) | Local rows=374505 | NNZ=945869 | ColsGlobal
Rank 8: Grid (1,0) | Local rows=374506 | NNZ=998140 | ColsGlobal
Rank 31: Grid (3,7) | Local rows=374505 | NNZ=1056185 | ColsGlobal
Rank 20: Grid (2,4) | Local rows=374506 | NNZ=946628 | ColsGlobal
Rank 23: Grid (2,7) | Local rows=374506 | NNZ=901899 | ColsGlobal
Rank 22: Grid (2,6) | Local rows=374506 | NNZ=1055772 | ColsGlobal
Rank 17: Grid (2,1) | Local rows=374506 | NNZ=997031 | ColsGlobal
Rank 19: Grid (2,3) | Local rows=374506 | NNZ=901013 | ColsGlobal
Rank 1: Grid (0,1) | Local rows=374506 | NNZ=899611 | ColsGlobal
Rank 21: Grid (2,5) | Local rows=374506 | NNZ=997688 | ColsGlobal
Rank 26: Grid (3,2) | Local rows=374505 | NNZ=998757 | ColsGlobal
Rank 4: Grid (0,4) | Local rows=374506 | NNZ=1055238 | ColsGlobal
Rank 2: Grid (0,2) | Local rows=374506 | NNZ=946081 | ColsGlobal
Rank 24: Grid (3,0) | Local rows=374505 | NNZ=901101 | ColsGlobal
Rank 0: Grid (0,0) | Local rows=374506 | NNZ=1054601 | ColsGlobal
Applied 2D cyclic distribution (global column indices preserved)
Rank 18: Grid (2,2) | Local rows=374506 | NNZ=1054227 | ColsGlobal
2D Comm Pattern: grid 4 x 8 | expand ghosts on rank 0: 163846
2D: local vector size = 187253 (column block), local rows = 374506

========================================
COMPREHENSIVE METRICS SUMMARY
========================================
PROCESSES: 32
DISTRIBUTION: 2D_cyclic
GRID: 4 x 8 (proc_rows x proc_cols)
ITERATIONS: 10
Matrix NNZ: 31207734
BALANCE: nnz_local   min=  899611  avg= 975241.69  max= 1056185
COMM:    ghost       min=  155313  avg= 159837.78  max=  163846  | recv_double_avg=1278702.25 B
METRICS: t_total     = 3.911e+00  t_comp = 9.408e-02  t_comm = 3.849e+00
         gflops_total= 1.596053e-02  gflops_comp= 6.633960e-01
========================================

[RESULT] 0,32,2D_cyclic,0,3.926000357,3.769191504,1054601,163846,2109202
[RESULT] 0,32,2D_cyclic,1,3.971003532,3.907033443,1054601,163846,2109202
[RESULT] 0,32,2D_cyclic,2,3.908998251,3.720482826,1054601,163846,2109202
[RESULT] 0,32,2D_cyclic,3,3.810992956,3.647884130,1054601,163846,2109202
[RESULT] 0,32,2D_cyclic,4,3.847997427,3.784030199,1054601,163846,2109202
[RESULT] 0,32,2D_cyclic,5,3.772992611,3.712209940,1054601,163846,2109202
[RESULT] 0,32,2D_cyclic,6,3.841995001,3.781860590,1054601,163846,2109202
[RESULT] 0,32,2D_cyclic,7,3.899993658,3.839951754,1054601,163846,2109202
[RESULT] 0,32,2D_cyclic,8,3.780002594,3.716680765,1054601,163846,2109202
[RESULT] 0,32,2D_cyclic,9,3.777000904,3.716804266,1054601,163846,2109202
Total execution time: 459.560 seconds
