Retrieving the matrix from '../matrices/msdoor.mtx'...
%%MatrixMarket matrix coordinate real symmetric
415863 415863 10328399
Real Matrix: Rows=415863 | Cols=415863 | NNZ=10328399 | Procs=2 | Distribution=2D_cyclic
2D Process Grid (Cyclic): 1 x 2
Rank 1: Grid (0,1) | Local rows=415863 | NNZ=5150818 | ColsGlobal
Rank 0: Grid (0,0) | Local rows=415863 | NNZ=5177581 | ColsGlobal
Applied 2D cyclic distribution (global column indices preserved)
2D Comm Pattern: grid 1 x 2 | expand ghosts on rank 0: 103966
2D: local vector size = 207932 (column block), local rows = 415863

========================================
COMPREHENSIVE METRICS SUMMARY
========================================
PROCESSES: 2
DISTRIBUTION: 2D_cyclic
GRID: 1 x 2 (proc_rows x proc_cols)
ITERATIONS: 10
Matrix NNZ: 10328399
BALANCE: nnz_local   min= 5150818  avg=5164199.50  max= 5177581
COMM:    ghost       min=  103966  avg= 103966.00  max=  103966  | recv_double_avg= 831728.00 B
METRICS: t_total     = 1.590e-02  t_comp = 1.052e-02  t_comm = 5.728e-03
         gflops_total= 1.299237e+00  gflops_comp= 1.964120e+00
========================================

[RESULT] 0,2,2D_cyclic,0,0.017901182,0.007315636,5177581,103966,10355162
[RESULT] 0,2,2D_cyclic,1,0.016859770,0.006337881,5177581,103966,10355162
[RESULT] 0,2,2D_cyclic,2,0.016258478,0.005767345,5177581,103966,10355162
[RESULT] 0,2,2D_cyclic,3,0.015763521,0.005281925,5177581,103966,10355162
[RESULT] 0,2,2D_cyclic,4,0.015419483,0.004934549,5177581,103966,10355162
[RESULT] 0,2,2D_cyclic,5,0.015454054,0.004901171,5177581,103966,10355162
[RESULT] 0,2,2D_cyclic,6,0.015324831,0.004852057,5177581,103966,10355162
[RESULT] 0,2,2D_cyclic,7,0.015322208,0.004796267,5177581,103966,10355162
[RESULT] 0,2,2D_cyclic,8,0.015277147,0.004808903,5177581,103966,10355162
[RESULT] 0,2,2D_cyclic,9,0.015411139,0.004825354,5177581,103966,10355162
Total execution time: 6.193 seconds
