Retrieving the matrix from '../matrices/msdoor.mtx'...
%%MatrixMarket matrix coordinate real symmetric
415863 415863 10328399
Real Matrix: Rows=415863 | Cols=415863 | NNZ=10328399 | Procs=8 | Distribution=1D
Applied 1D distribution
Ghost columns identified: 321469 total ghost values needed
Local vector initialized (size=51983 per process)

========================================
COMPREHENSIVE METRICS SUMMARY
========================================
PROCESSES: 8
DISTRIBUTION: 1D
ITERATIONS: 10
Matrix NNZ: 10328399
BALANCE: nnz_local   min= 1277493  avg=1291049.88  max= 1305906
COMM:    ghost       min=  321149  avg= 321559.25  max=  322394  | recv_double_avg=2572474.00 B
METRICS: t_total     = 1.736e-01  t_comp = 2.907e-02  t_comm = 1.460e-01
         gflops_total= 1.189861e-01  gflops_comp= 7.106296e-01
========================================

[RESULT] 0,8,1D,0,0.171225071,0.143184185,1281251,321469,2562502
[RESULT] 0,8,1D,1,0.168771505,0.140006065,1281251,321469,2562502
[RESULT] 0,8,1D,2,0.197382212,0.168010712,1281251,321469,2562502
[RESULT] 0,8,1D,3,0.198113918,0.168007135,1281251,321469,2562502
[RESULT] 0,8,1D,4,0.144784927,0.137874842,1281251,321469,2562502
[RESULT] 0,8,1D,5,0.169877529,0.140000582,1281251,321469,2562502
[RESULT] 0,8,1D,6,0.171048164,0.140008211,1281251,321469,2562502
[RESULT] 0,8,1D,7,0.171581507,0.143318176,1281251,321469,2562502
[RESULT] 0,8,1D,8,0.173276901,0.140008450,1281251,321469,2562502
[RESULT] 0,8,1D,9,0.168110371,0.139990568,1281251,321469,2562502
Total execution time: 40.768 seconds
