Retrieving the matrix from '../matrices/tmt_sym.mtx'...
%%MatrixMarket matrix coordinate real symmetric
726713 726713 2903837
Real Matrix: Rows=726713 | Cols=726713 | NNZ=2903837 | Procs=16 | Distribution=2D
2D Process Grid (Block): 4 x 4 (rows x cols)
Rank 6: Grid (1,2) | Rows [181679,363358) | Cols [363358,545037) | LocalRows=181679 | NNZ=0 | ColsGlobal
Rank 11: Grid (2,3) | Rows [363358,545037) | Cols [545037,726713) | LocalRows=181679 | NNZ=0 | ColsGlobal
Rank 12: Grid (3,0) | Rows [545037,726713) | Cols [0,181679) | LocalRows=181676 | NNZ=0 | ColsGlobal
Rank 4: Grid (1,0) | Rows [181679,363358) | Cols [0,181679) | LocalRows=181679 | NNZ=1761 | ColsGlobal
Rank 7: Grid (1,3) | Rows [181679,363358) | Cols [545037,726713) | LocalRows=181679 | NNZ=0 | ColsGlobal
Rank 9: Grid (2,1) | Rows [363358,545037) | Cols [181679,363358) | LocalRows=181679 | NNZ=1922 | ColsGlobal
Rank 2: Grid (0,2) | Rows [0,181679) | Cols [363358,545037) | LocalRows=181679 | NNZ=0 | ColsGlobal
Rank 13: Grid (3,1) | Rows [545037,726713) | Cols [181679,363358) | LocalRows=181676 | NNZ=0 | ColsGlobal
Rank 8: Grid (2,0) | Rows [363358,545037) | Cols [0,181679) | LocalRows=181679 | NNZ=0 | ColsGlobal
Rank 1: Grid (0,1) | Rows [0,181679) | Cols [181679,363358) | LocalRows=181679 | NNZ=0 | ColsGlobal
Rank 3: Grid (0,3) | Rows [0,181679) | Cols [545037,726713) | LocalRows=181679 | NNZ=0 | ColsGlobal
Rank 14: Grid (3,2) | Rows [545037,726713) | Cols [363358,545037) | LocalRows=181676 | NNZ=1761 | ColsGlobal
Rank 5: Grid (1,1) | Rows [181679,363358) | Cols [181679,363358) | LocalRows=181679 | NNZ=724463 | ColsGlobal
Rank 10: Grid (2,2) | Rows [363358,545037) | Cols [363358,545037) | LocalRows=181679 | NNZ=724468 | ColsGlobal
Rank 15: Grid (3,3) | Rows [545037,726713) | Cols [545037,726713) | LocalRows=181676 | NNZ=724719 | ColsGlobal
Rank 0: Grid (0,0) | Rows [0,181679) | Cols [0,181679) | LocalRows=181679 | NNZ=724743 | ColsGlobal
Applied 2D block distribution (global column indices preserved)
2D Comm Pattern: grid 4 x 4 | expand ghosts on rank 0: 0
2D: local vector size = 181679 (column block), local rows = 181679

========================================
COMPREHENSIVE METRICS SUMMARY
========================================
PROCESSES: 16
DISTRIBUTION: 2D
GRID: 4 x 4 (proc_rows x proc_cols)
ITERATIONS: 10
Matrix NNZ: 2903837
BALANCE: nnz_local   min=       0  avg= 181489.81  max=  724743
COMM:    ghost       min=       0  avg=      0.00  max=       0  | recv_double_avg=      0.00 B
METRICS: t_total     = 6.433e-01  t_comp = 1.100e-02  t_comm = 6.430e-01
         gflops_total= 9.027747e-03  gflops_comp= 5.278793e-01
========================================

[RESULT] 0,16,2D,0,0.677999020,0.676330805,724743,0,1449486
[RESULT] 0,16,2D,1,0.607003689,0.605505466,724743,0,1449486
[RESULT] 0,16,2D,2,0.627002954,0.625629187,724743,0,1449486
[RESULT] 0,16,2D,3,0.543007612,0.541673422,724743,0,1449486
[RESULT] 0,16,2D,4,0.544006348,0.542523623,724743,0,1449486
[RESULT] 0,16,2D,5,0.542041779,0.540618658,724743,0,1449486
[RESULT] 0,16,2D,6,0.514039040,0.512734175,724743,0,1449486
[RESULT] 0,16,2D,7,0.511999130,0.510810852,724743,0,1449486
[RESULT] 0,16,2D,8,0.513007402,0.511667490,724743,0,1449486
[RESULT] 0,16,2D,9,0.511035919,0.509587526,724743,0,1449486
Total execution time: 30.100 seconds
