Retrieving the matrix from '../matrices/msdoor.mtx'...
%%MatrixMarket matrix coordinate real symmetric
415863 415863 10328399
Real Matrix: Rows=415863 | Cols=415863 | NNZ=10328399 | Procs=4 | Distribution=1D
Applied 1D distribution
Ghost columns identified: 295524 total ghost values needed
Local vector initialized (size=103966 per process)

========================================
COMPREHENSIVE METRICS SUMMARY
========================================
PROCESSES: 4
DISTRIBUTION: 1D
ITERATIONS: 10
Matrix NNZ: 10328399
BALANCE: nnz_local   min= 2558744  avg=2582099.75  max= 2606494
COMM:    ghost       min=  295435  avg= 295540.75  max=  295616  | recv_double_avg=2364326.00 B
METRICS: t_total     = 2.315e-01  t_comp = 2.665e-02  t_comm = 2.056e-01
         gflops_total= 8.922422e-02  gflops_comp= 7.750132e-01
========================================

[RESULT] 0,4,1D,0,0.216115475,0.203166246,2558744,295524,5117488
[RESULT] 0,4,1D,1,0.215713263,0.202731848,2558744,295524,5117488
[RESULT] 0,4,1D,2,0.228359938,0.202349901,2558744,295524,5117488
[RESULT] 0,4,1D,3,0.228442192,0.202420235,2558744,295524,5117488
[RESULT] 0,4,1D,4,0.211490631,0.198625088,2558744,295524,5117488
[RESULT] 0,4,1D,5,0.241823196,0.215657949,2558744,295524,5117488
[RESULT] 0,4,1D,6,0.220773220,0.207813263,2558744,295524,5117488
[RESULT] 0,4,1D,7,0.234142780,0.207997799,2558744,295524,5117488
[RESULT] 0,4,1D,8,0.234016180,0.207833290,2558744,295524,5117488
[RESULT] 0,4,1D,9,0.234421730,0.207800627,2558744,295524,5117488
Total execution time: 31.227 seconds
