Retrieving the matrix from '../matrices/tmt_sym.mtx'...
%%MatrixMarket matrix coordinate real symmetric
726713 726713 2903837
Real Matrix: Rows=726713 | Cols=726713 | NNZ=2903837 | Procs=8 | Distribution=1D
Applied 1D distribution
Ghost columns identified: 230881 total ghost values needed
Local vector initialized (size=90840 per process)

========================================
COMPREHENSIVE METRICS SUMMARY
========================================
PROCESSES: 8
DISTRIBUTION: 1D
ITERATIONS: 10
Matrix NNZ: 2903837
BALANCE: nnz_local   min=  362540  avg= 362979.62  max=  363277
COMM:    ghost       min=  222814  avg= 226886.50  max=  231025  | recv_double_avg=1815092.00 B
METRICS: t_total     = 7.547e-03  t_comp = 2.442e-03  t_comm = 5.158e-03
         gflops_total= 7.695417e-01  gflops_comp= 2.378661e+00
========================================

[RESULT] 0,8,1D,0,0.007944822,0.005560637,362930,230881,725860
[RESULT] 0,8,1D,1,0.007421970,0.005028248,362930,230881,725860
[RESULT] 0,8,1D,2,0.007247686,0.004838943,362930,230881,725860
[RESULT] 0,8,1D,3,0.007097006,0.004677296,362930,230881,725860
[RESULT] 0,8,1D,4,0.007295609,0.004877090,362930,230881,725860
[RESULT] 0,8,1D,5,0.007130861,0.004724503,362930,230881,725860
[RESULT] 0,8,1D,6,0.006889582,0.004510641,362930,230881,725860
[RESULT] 0,8,1D,7,0.007248163,0.004853249,362930,230881,725860
[RESULT] 0,8,1D,8,0.007263422,0.004868746,362930,230881,725860
[RESULT] 0,8,1D,9,0.007176161,0.004776478,362930,230881,725860
Total execution time: 2.161 seconds
