Retrieving the matrix from '../matrices/msdoor.mtx'...
%%MatrixMarket matrix coordinate real symmetric
415863 415863 10328399
Real Matrix: Rows=415863 | Cols=415863 | NNZ=10328399 | Procs=16 | Distribution=2D_cyclic
2D Process Grid (Cyclic): 4 x 4
Rank 0: Grid (0,0) | Local rows=103966 | NNZ=687717 | ColsGlobal
Applied 2D cyclic distribution (global column indices preserved)
Rank 1: Grid (0,1) | Local rows=103966 | NNZ=601779 | ColsGlobal
Rank 9: Grid (2,1) | Local rows=103966 | NNZ=662214 | ColsGlobal
Rank 15: Grid (3,3) | Local rows=103965 | NNZ=688661 | ColsGlobal
Rank 7: Grid (1,3) | Local rows=103966 | NNZ=622631 | ColsGlobal
Rank 14: Grid (3,2) | Local rows=103965 | NNZ=663109 | ColsGlobal
Rank 2: Grid (0,2) | Local rows=103966 | NNZ=621453 | ColsGlobal
Rank 10: Grid (2,2) | Local rows=103966 | NNZ=687059 | ColsGlobal
Rank 8: Grid (2,0) | Local rows=103966 | NNZ=635951 | ColsGlobal
Rank 13: Grid (3,1) | Local rows=103965 | NNZ=637751 | ColsGlobal
Rank 4: Grid (1,0) | Local rows=103966 | NNZ=663296 | ColsGlobal
Rank 11: Grid (2,3) | Local rows=103966 | NNZ=600955 | ColsGlobal
Rank 12: Grid (3,0) | Local rows=103965 | NNZ=616973 | ColsGlobal
Rank 3: Grid (0,3) | Local rows=103966 | NNZ=647795 | ColsGlobal
Rank 5: Grid (1,1) | Local rows=103966 | NNZ=689032 | ColsGlobal
Rank 6: Grid (1,2) | Local rows=103966 | NNZ=602023 | ColsGlobal
2D Comm Pattern: grid 4 x 4 | expand ghosts on rank 0: 77974
2D: local vector size = 103966 (column block), local rows = 103966

========================================
COMPREHENSIVE METRICS SUMMARY
========================================
PROCESSES: 16
DISTRIBUTION: 2D_cyclic
GRID: 4 x 4 (proc_rows x proc_cols)
ITERATIONS: 10
Matrix NNZ: 10328399
BALANCE: nnz_local   min=  600955  avg= 645524.94  max=  689032
COMM:    ghost       min=   70737  avg=  74900.94  max=   77975  | recv_double_avg= 599207.50 B
METRICS: t_total     = 1.022e-02  t_comp = 2.401e-03  t_comm = 8.218e-03
         gflops_total= 2.021453e+00  gflops_comp= 8.605058e+00
========================================

[RESULT] 0,16,2D_cyclic,0,0.009833336,0.007819891,687717,77974,1375434
[RESULT] 0,16,2D_cyclic,1,0.008997440,0.007024527,687717,77974,1375434
[RESULT] 0,16,2D_cyclic,2,0.008781910,0.006836176,687717,77974,1375434
[RESULT] 0,16,2D_cyclic,3,0.008883476,0.006948233,687717,77974,1375434
[RESULT] 0,16,2D_cyclic,4,0.008273602,0.006351471,687717,77974,1375434
[RESULT] 0,16,2D_cyclic,5,0.009260893,0.007334471,687717,77974,1375434
[RESULT] 0,16,2D_cyclic,6,0.008258581,0.006328344,687717,77974,1375434
[RESULT] 0,16,2D_cyclic,7,0.007843256,0.005917072,687717,77974,1375434
[RESULT] 0,16,2D_cyclic,8,0.007457256,0.005526304,687717,77974,1375434
[RESULT] 0,16,2D_cyclic,9,0.011280537,0.009353161,687717,77974,1375434
Total execution time: 7.431 seconds
