Retrieving the matrix from '../matrices/msdoor.mtx'...
%%MatrixMarket matrix coordinate real symmetric
415863 415863 10328399
Real Matrix: Rows=415863 | Cols=415863 | NNZ=10328399 | Procs=64 | Distribution=2D
2D Process Grid (Block): 8 x 8 (rows x cols)
Rank 62: Grid (7,6) | Rows [363881,415863) | Cols [311898,363881) | LocalRows=51982 | NNZ=261415 | ColsGlobal
Rank 61: Grid (7,5) | Rows [363881,415863) | Cols [259915,311898) | LocalRows=51982 | NNZ=247695 | ColsGlobal
Rank 60: Grid (7,4) | Rows [363881,415863) | Cols [207932,259915) | LocalRows=51982 | NNZ=217945 | ColsGlobal
Rank 49: Grid (6,1) | Rows [311898,363881) | Cols [51983,103966) | LocalRows=51983 | NNZ=0 | ColsGlobal
Rank 50: Grid (6,2) | Rows [311898,363881) | Cols [103966,155949) | LocalRows=51983 | NNZ=74956 | ColsGlobal
Rank 48: Grid (6,0) | Rows [311898,363881) | Cols [0,51983) | LocalRows=51983 | NNZ=0 | ColsGlobal
Rank 51: Grid (6,3) | Rows [311898,363881) | Cols [155949,207932) | LocalRows=51983 | NNZ=58149 | ColsGlobal
Rank 63: Grid (7,7) | Rows [363881,415863) | Cols [363881,415863) | LocalRows=51982 | NNZ=695870 | ColsGlobal
Rank 59: Grid (7,3) | Rows [363881,415863) | Cols [155949,207932) | LocalRows=51982 | NNZ=76776 | ColsGlobal
Rank 47: Grid (5,7) | Rows [259915,311898) | Cols [363881,415863) | LocalRows=51983 | NNZ=0 | ColsGlobal
Rank 46: Grid (5,6) | Rows [259915,311898) | Cols [311898,363881) | LocalRows=51983 | NNZ=0 | ColsGlobal
Rank 57: Grid (7,1) | Rows [363881,415863) | Cols [51983,103966) | LocalRows=51982 | NNZ=0 | ColsGlobal
Rank 1: Grid (0,1) | Rows [0,51983) | Cols [51983,103966) | LocalRows=51983 | NNZ=0 | ColsGlobal
Rank 58: Grid (7,2) | Rows [363881,415863) | Cols [103966,155949) | LocalRows=51982 | NNZ=99680 | ColsGlobal
Rank 7: Grid (0,7) | Rows [0,51983) | Cols [363881,415863) | LocalRows=51983 | NNZ=0 | ColsGlobal
Rank 56: Grid (7,0) | Rows [363881,415863) | Cols [0,51983) | LocalRows=51982 | NNZ=0 | ColsGlobal
Rank 55: Grid (6,7) | Rows [311898,363881) | Cols [363881,415863) | LocalRows=51983 | NNZ=0 | ColsGlobal
Rank 52: Grid (6,4) | Rows [311898,363881) | Cols [207932,259915) | LocalRows=51983 | NNZ=269192 | ColsGlobal
Rank 8: Grid (1,0) | Rows [51983,103966) | Cols [0,51983) | LocalRows=51983 | NNZ=132747 | ColsGlobal
Rank 6: Grid (0,6) | Rows [0,51983) | Cols [311898,363881) | LocalRows=51983 | NNZ=0 | ColsGlobal
Rank 43: Grid (5,3) | Rows [259915,311898) | Cols [155949,207932) | LocalRows=51983 | NNZ=50722 | ColsGlobal
Rank 44: Grid (5,4) | Rows [259915,311898) | Cols [207932,259915) | LocalRows=51983 | NNZ=411862 | ColsGlobal
Rank 0: Grid (0,0) | Rows [0,51983) | Cols [0,51983) | LocalRows=51983 | NNZ=1191716 | ColsGlobal
Applied 2D block distribution (global column indices preserved)
Rank 45: Grid (5,5) | Rows [259915,311898) | Cols [259915,311898) | LocalRows=51983 | NNZ=766587 | ColsGlobal
Rank 2: Grid (0,2) | Rows [0,51983) | Cols [103966,155949) | LocalRows=51983 | NNZ=0 | ColsGlobal
Rank 5: Grid (0,5) | Rows [0,51983) | Cols [259915,311898) | LocalRows=51983 | NNZ=0 | ColsGlobal
Rank 4: Grid (0,4) | Rows [0,51983) | Cols [207932,259915) | LocalRows=51983 | NNZ=0 | ColsGlobal
Rank 53: Grid (6,5) | Rows [311898,363881) | Cols [259915,311898) | LocalRows=51983 | NNZ=320816 | ColsGlobal
Rank 42: Grid (5,2) | Rows [259915,311898) | Cols [103966,155949) | LocalRows=51983 | NNZ=67480 | ColsGlobal
Rank 3: Grid (0,3) | Rows [0,51983) | Cols [155949,207932) | LocalRows=51983 | NNZ=0 | ColsGlobal
Rank 41: Grid (5,1) | Rows [259915,311898) | Cols [51983,103966) | LocalRows=51983 | NNZ=0 | ColsGlobal
Rank 10: Grid (1,2) | Rows [51983,103966) | Cols [103966,155949) | LocalRows=51983 | NNZ=0 | ColsGlobal
Rank 40: Grid (5,0) | Rows [259915,311898) | Cols [0,51983) | LocalRows=51983 | NNZ=0 | ColsGlobal
Rank 11: Grid (1,3) | Rows [51983,103966) | Cols [155949,207932) | LocalRows=51983 | NNZ=0 | ColsGlobal
Rank 39: Grid (4,7) | Rows [207932,259915) | Cols [363881,415863) | LocalRows=51983 | NNZ=0 | ColsGlobal
Rank 54: Grid (6,6) | Rows [311898,363881) | Cols [311898,363881) | LocalRows=51983 | NNZ=744682 | ColsGlobal
Rank 37: Grid (4,5) | Rows [207932,259915) | Cols [259915,311898) | LocalRows=51983 | NNZ=0 | ColsGlobal
Rank 38: Grid (4,6) | Rows [207932,259915) | Cols [311898,363881) | LocalRows=51983 | NNZ=0 | ColsGlobal
Rank 12: Grid (1,4) | Rows [51983,103966) | Cols [207932,259915) | LocalRows=51983 | NNZ=0 | ColsGlobal
Rank 13: Grid (1,5) | Rows [51983,103966) | Cols [259915,311898) | LocalRows=51983 | NNZ=0 | ColsGlobal
Rank 9: Grid (1,1) | Rows [51983,103966) | Cols [51983,103966) | LocalRows=51983 | NNZ=1144685 | ColsGlobal
Rank 29: Grid (3,5) | Rows [155949,207932) | Cols [259915,311898) | LocalRows=51983 | NNZ=0 | ColsGlobal
Rank 28: Grid (3,4) | Rows [155949,207932) | Cols [207932,259915) | LocalRows=51983 | NNZ=0 | ColsGlobal
Rank 33: Grid (4,1) | Rows [207932,259915) | Cols [51983,103966) | LocalRows=51983 | NNZ=0 | ColsGlobal
Rank 14: Grid (1,6) | Rows [51983,103966) | Cols [311898,363881) | LocalRows=51983 | NNZ=0 | ColsGlobal
Rank 30: Grid (3,6) | Rows [155949,207932) | Cols [311898,363881) | LocalRows=51983 | NNZ=0 | ColsGlobal
Rank 36: Grid (4,4) | Rows [207932,259915) | Cols [207932,259915) | LocalRows=51983 | NNZ=733569 | ColsGlobal
Rank 15: Grid (1,7) | Rows [51983,103966) | Cols [363881,415863) | LocalRows=51983 | NNZ=0 | ColsGlobal
Rank 35: Grid (4,3) | Rows [207932,259915) | Cols [155949,207932) | LocalRows=51983 | NNZ=288039 | ColsGlobal
Rank 32: Grid (4,0) | Rows [207932,259915) | Cols [0,51983) | LocalRows=51983 | NNZ=2232 | ColsGlobal
Rank 31: Grid (3,7) | Rows [155949,207932) | Cols [363881,415863) | LocalRows=51983 | NNZ=0 | ColsGlobal
Rank 25: Grid (3,1) | Rows [155949,207932) | Cols [51983,103966) | LocalRows=51983 | NNZ=0 | ColsGlobal
Rank 19: Grid (2,3) | Rows [103966,155949) | Cols [155949,207932) | LocalRows=51983 | NNZ=0 | ColsGlobal
Rank 21: Grid (2,5) | Rows [103966,155949) | Cols [259915,311898) | LocalRows=51983 | NNZ=0 | ColsGlobal
Rank 24: Grid (3,0) | Rows [155949,207932) | Cols [0,51983) | LocalRows=51983 | NNZ=17638 | ColsGlobal
Rank 20: Grid (2,4) | Rows [103966,155949) | Cols [207932,259915) | LocalRows=51983 | NNZ=0 | ColsGlobal
Rank 16: Grid (2,0) | Rows [103966,155949) | Cols [0,51983) | LocalRows=51983 | NNZ=61306 | ColsGlobal
Rank 22: Grid (2,6) | Rows [103966,155949) | Cols [311898,363881) | LocalRows=51983 | NNZ=0 | ColsGlobal
Rank 23: Grid (2,7) | Rows [103966,155949) | Cols [363881,415863) | LocalRows=51983 | NNZ=0 | ColsGlobal
Rank 17: Grid (2,1) | Rows [103966,155949) | Cols [51983,103966) | LocalRows=51983 | NNZ=203668 | ColsGlobal
Rank 27: Grid (3,3) | Rows [155949,207932) | Cols [155949,207932) | LocalRows=51983 | NNZ=700392 | ColsGlobal
Rank 34: Grid (4,2) | Rows [207932,259915) | Cols [103966,155949) | LocalRows=51983 | NNZ=116999 | ColsGlobal
Rank 18: Grid (2,2) | Rows [103966,155949) | Cols [103966,155949) | LocalRows=51983 | NNZ=645319 | ColsGlobal
Rank 26: Grid (3,2) | Rows [155949,207932) | Cols [103966,155949) | LocalRows=51983 | NNZ=726262 | ColsGlobal
2D Comm Pattern: grid 8 x 8 | expand ghosts on rank 0: 0
2D: local vector size = 51983 (column block), local rows = 51983

========================================
COMPREHENSIVE METRICS SUMMARY
========================================
PROCESSES: 64
DISTRIBUTION: 2D
GRID: 8 x 8 (proc_rows x proc_cols)
ITERATIONS: 10
Matrix NNZ: 10328399
BALANCE: nnz_local   min=       0  avg= 161381.23  max= 1191716
COMM:    ghost       min=       0  avg=      0.00  max=       0  | recv_double_avg=      0.00 B
METRICS: t_total     = 5.725e-03  t_comp = 2.133e-03  t_comm = 5.590e-03
         gflops_total= 3.608278e+00  gflops_comp= 9.686499e+00
========================================

[RESULT] 0,64,2D,0,0.005046129,0.003049374,1191716,0,2383432
[RESULT] 0,64,2D,1,0.004721880,0.002772331,1191716,0,2383432
[RESULT] 0,64,2D,2,0.004687309,0.002763033,1191716,0,2383432
[RESULT] 0,64,2D,3,0.004922628,0.002995491,1191716,0,2383432
[RESULT] 0,64,2D,4,0.004841089,0.002912760,1191716,0,2383432
[RESULT] 0,64,2D,5,0.004835367,0.002917528,1191716,0,2383432
[RESULT] 0,64,2D,6,0.004869938,0.002970695,1191716,0,2383432
[RESULT] 0,64,2D,7,0.004825830,0.002901554,1191716,0,2383432
[RESULT] 0,64,2D,8,0.004794598,0.002871275,1191716,0,2383432
[RESULT] 0,64,2D,9,0.004896164,0.002976179,1191716,0,2383432
Total execution time: 10.827 seconds
