Retrieving the matrix from '../matrices/Hook_1498.mtx'...
%%MatrixMarket matrix coordinate real symmetric
1498023 1498023 31207734
Real Matrix: Rows=1498023 | Cols=1498023 | NNZ=31207734 | Procs=16 | Distribution=2D_cyclic
2D Process Grid (Cyclic): 4 x 4
Rank 5: Grid (1,1) | Local rows=374506 | NNZ=2108112 | ColsGlobal
Rank 13: Grid (3,1) | Local rows=374505 | NNZ=1892025 | ColsGlobal
Rank 12: Grid (3,0) | Local rows=374505 | NNZ=1801750 | ColsGlobal
Rank 1: Grid (0,1) | Local rows=374506 | NNZ=1800484 | ColsGlobal
Rank 3: Grid (0,3) | Local rows=374506 | NNZ=1998631 | ColsGlobal
Rank 2: Grid (0,2) | Local rows=374506 | NNZ=1893594 | ColsGlobal
Rank 11: Grid (2,3) | Local rows=374506 | NNZ=1802912 | ColsGlobal
Rank 9: Grid (2,1) | Local rows=374506 | NNZ=1994719 | ColsGlobal
Rank 15: Grid (3,3) | Local rows=374505 | NNZ=2111763 | ColsGlobal
Rank 8: Grid (2,0) | Local rows=374506 | NNZ=1892958 | ColsGlobal
Rank 7: Grid (1,3) | Local rows=374506 | NNZ=1894293 | ColsGlobal
Rank 6: Grid (1,2) | Local rows=374506 | NNZ=1801988 | ColsGlobal
Rank 0: Grid (0,0) | Local rows=374506 | NNZ=2109839 | ColsGlobal
Applied 2D cyclic distribution (global column indices preserved)
Rank 4: Grid (1,0) | Local rows=374506 | NNZ=1996470 | ColsGlobal
Rank 10: Grid (2,2) | Local rows=374506 | NNZ=2109999 | ColsGlobal
Rank 14: Grid (3,2) | Local rows=374505 | NNZ=1998197 | ColsGlobal
2D Comm Pattern: grid 4 x 4 | expand ghosts on rank 0: 280879
2D: local vector size = 374506 (column block), local rows = 374506

========================================
COMPREHENSIVE METRICS SUMMARY
========================================
PROCESSES: 16
DISTRIBUTION: 2D_cyclic
GRID: 4 x 4 (proc_rows x proc_cols)
ITERATIONS: 10
Matrix NNZ: 31207734
BALANCE: nnz_local   min= 1800484  avg=1950483.38  max= 2111763
COMM:    ghost       min=  265928  avg= 274027.44  max=  280880  | recv_double_avg=2192219.50 B
METRICS: t_total     = 3.662e-02  t_comp = 7.688e-03  t_comm = 2.961e-02
         gflops_total= 1.704620e+00  gflops_comp= 8.118962e+00
========================================

[RESULT] 0,16,2D_cyclic,0,0.034127474,0.027447462,2109839,280879,4219678
[RESULT] 0,16,2D_cyclic,1,0.032738209,0.026077032,2109839,280879,4219678
[RESULT] 0,16,2D_cyclic,2,0.032043934,0.025337458,2109839,280879,4219678
[RESULT] 0,16,2D_cyclic,3,0.029476881,0.022782564,2109839,280879,4219678
[RESULT] 0,16,2D_cyclic,4,0.031050444,0.024378777,2109839,280879,4219678
[RESULT] 0,16,2D_cyclic,5,0.030190229,0.023529291,2109839,280879,4219678
[RESULT] 0,16,2D_cyclic,6,0.030081034,0.023424864,2109839,280879,4219678
[RESULT] 0,16,2D_cyclic,7,0.029899359,0.023247719,2109839,280879,4219678
[RESULT] 0,16,2D_cyclic,8,0.029618502,0.022968292,2109839,280879,4219678
[RESULT] 0,16,2D_cyclic,9,0.028933287,0.022313356,2109839,280879,4219678
Total execution time: 22.652 seconds
