Retrieving the matrix from '../matrices/tmt_sym.mtx'...
%%MatrixMarket matrix coordinate real symmetric
726713 726713 2903837
Real Matrix: Rows=726713 | Cols=726713 | NNZ=2903837 | Procs=64 | Distribution=2D_cyclic
Rank 15: Grid (1,7) | Local rows=90839 | NNZ=20581 | ColsGlobal
Rank 14: Grid (1,6) | Local rows=90839 | NNZ=20919 | ColsGlobal
Rank 7: Grid (0,7) | Local rows=90840 | NNZ=111577 | ColsGlobal
Rank 10: Grid (1,2) | Local rows=90839 | NNZ=24360 | ColsGlobal
Rank 12: Grid (1,4) | Local rows=90839 | NNZ=24466 | ColsGlobal
Rank 13: Grid (1,5) | Local rows=90839 | NNZ=22719 | ColsGlobal
Rank 47: Grid (5,7) | Local rows=90839 | NNZ=24834 | ColsGlobal
Rank 16: Grid (2,0) | Local rows=90839 | NNZ=22854 | ColsGlobal
Rank 8: Grid (1,0) | Local rows=90839 | NNZ=111696 | ColsGlobal
Rank 49: Grid (6,1) | Local rows=90839 | NNZ=20869 | ColsGlobal
Rank 48: Grid (6,0) | Local rows=90839 | NNZ=22541 | ColsGlobal
Rank 11: Grid (1,3) | Local rows=90839 | NNZ=24802 | ColsGlobal
Rank 9: Grid (1,1) | Local rows=90839 | NNZ=113488 | ColsGlobal
Rank 43: Grid (5,3) | Local rows=90839 | NNZ=20457 | ColsGlobal
Rank 21: Grid (2,5) | Local rows=90839 | NNZ=20773 | ColsGlobal
2D Process Grid (Cyclic): 8 x 8
Rank 50: Grid (6,2) | Local rows=90839 | NNZ=20451 | ColsGlobal
Rank 22: Grid (2,6) | Local rows=90839 | NNZ=20561 | ColsGlobal
Rank 5: Grid (0,5) | Local rows=90840 | NNZ=24523 | ColsGlobal
Rank 6: Grid (0,6) | Local rows=90840 | NNZ=22621 | ColsGlobal
Rank 29: Grid (3,5) | Local rows=90839 | NNZ=20353 | ColsGlobal
Rank 46: Grid (5,6) | Local rows=90839 | NNZ=24418 | ColsGlobal
Rank 23: Grid (2,7) | Local rows=90839 | NNZ=20978 | ColsGlobal
Rank 20: Grid (2,4) | Local rows=90839 | NNZ=22754 | ColsGlobal
Rank 51: Grid (6,3) | Local rows=90839 | NNZ=20822 | ColsGlobal
Rank 28: Grid (3,4) | Local rows=90839 | NNZ=20822 | ColsGlobal
Rank 25: Grid (3,1) | Local rows=90839 | NNZ=24682 | ColsGlobal
Rank 19: Grid (2,3) | Local rows=90839 | NNZ=24495 | ColsGlobal
Rank 30: Grid (3,6) | Local rows=90839 | NNZ=20937 | ColsGlobal
Rank 24: Grid (3,0) | Local rows=90839 | NNZ=24328 | ColsGlobal
Rank 52: Grid (6,4) | Local rows=90839 | NNZ=22812 | ColsGlobal
Rank 17: Grid (2,1) | Local rows=90839 | NNZ=115217 | ColsGlobal
Rank 44: Grid (5,4) | Local rows=90839 | NNZ=111656 | ColsGlobal
Rank 31: Grid (3,7) | Local rows=90839 | NNZ=22714 | ColsGlobal
Rank 45: Grid (5,5) | Local rows=90839 | NNZ=113355 | ColsGlobal
Rank 18: Grid (2,2) | Local rows=90839 | NNZ=115643 | ColsGlobal
Rank 27: Grid (3,3) | Local rows=90839 | NNZ=113376 | ColsGlobal
Rank 32: Grid (4,0) | Local rows=90839 | NNZ=24781 | ColsGlobal
Rank 55: Grid (6,7) | Local rows=90839 | NNZ=24524 | ColsGlobal
Rank 33: Grid (4,1) | Local rows=90839 | NNZ=24590 | ColsGlobal
Rank 56: Grid (7,0) | Local rows=90839 | NNZ=20791 | ColsGlobal
Rank 26: Grid (3,2) | Local rows=90839 | NNZ=115328 | ColsGlobal
Rank 34: Grid (4,2) | Local rows=90839 | NNZ=22826 | ColsGlobal
Rank 53: Grid (6,5) | Local rows=90839 | NNZ=115163 | ColsGlobal
Rank 57: Grid (7,1) | Local rows=90839 | NNZ=20663 | ColsGlobal
Rank 54: Grid (6,6) | Local rows=90839 | NNZ=115599 | ColsGlobal
Rank 58: Grid (7,2) | Local rows=90839 | NNZ=20856 | ColsGlobal
Rank 37: Grid (4,5) | Local rows=90839 | NNZ=20828 | ColsGlobal
Rank 59: Grid (7,3) | Local rows=90839 | NNZ=22818 | ColsGlobal
Rank 38: Grid (4,6) | Local rows=90839 | NNZ=22700 | ColsGlobal
Rank 60: Grid (7,4) | Local rows=90839 | NNZ=24492 | ColsGlobal
Rank 35: Grid (4,3) | Local rows=90839 | NNZ=111539 | ColsGlobal
Rank 40: Grid (5,0) | Local rows=90839 | NNZ=24422 | ColsGlobal
Rank 41: Grid (5,1) | Local rows=90839 | NNZ=22694 | ColsGlobal
Rank 36: Grid (4,4) | Local rows=90839 | NNZ=111424 | ColsGlobal
Rank 2: Grid (0,2) | Local rows=90840 | NNZ=22607 | ColsGlobal
Rank 42: Grid (5,2) | Local rows=90839 | NNZ=20977 | ColsGlobal
Rank 3: Grid (0,3) | Local rows=90840 | NNZ=24632 | ColsGlobal
Rank 39: Grid (4,7) | Local rows=90839 | NNZ=24502 | ColsGlobal
Rank 4: Grid (0,4) | Local rows=90840 | NNZ=24741 | ColsGlobal
Rank 61: Grid (7,5) | Local rows=90839 | NNZ=24793 | ColsGlobal
Rank 1: Grid (0,1) | Local rows=90840 | NNZ=20960 | ColsGlobal
Rank 62: Grid (7,6) | Local rows=90839 | NNZ=115268 | ColsGlobal
Rank 63: Grid (7,7) | Local rows=90839 | NNZ=113596 | ColsGlobal
Rank 0: Grid (0,0) | Local rows=90840 | NNZ=111269 | ColsGlobal
Applied 2D cyclic distribution (global column indices preserved)
2D Comm Pattern: grid 8 x 8 | expand ghosts on rank 0: 79485
2D: local vector size = 90840 (column block), local rows = 90840

========================================
COMPREHENSIVE METRICS SUMMARY
========================================
PROCESSES: 64
DISTRIBUTION: 2D_cyclic
GRID: 8 x 8 (proc_rows x proc_cols)
ITERATIONS: 10
Matrix NNZ: 2903837
BALANCE: nnz_local   min=   20353  avg=  45372.45  max=  115643
COMM:    ghost       min=   17535  avg=  34796.55  max=   79485  | recv_double_avg= 278372.38 B
METRICS: t_total     = 2.844e+00  t_comp = 7.672e-04  t_comm = 2.844e+00
         gflops_total= 2.041913e-03  gflops_comp= 7.569655e+00
========================================

[RESULT] 0,64,2D_cyclic,0,2.558004379,2.557410240,111269,79485,222538
[RESULT] 0,64,2D_cyclic,1,2.793051481,2.792459249,111269,79485,222538
[RESULT] 0,64,2D_cyclic,2,2.557994604,2.556390285,111269,79485,222538
[RESULT] 0,64,2D_cyclic,3,2.561003208,2.560403585,111269,79485,222538
[RESULT] 0,64,2D_cyclic,4,2.688000679,2.687405825,111269,79485,222538
[RESULT] 0,64,2D_cyclic,5,2.690003395,2.689416170,111269,79485,222538
[RESULT] 0,64,2D_cyclic,6,2.684001207,2.683413744,111269,79485,222538
[RESULT] 0,64,2D_cyclic,7,2.687997580,2.687400579,111269,79485,222538
[RESULT] 0,64,2D_cyclic,8,2.564001322,2.563408375,111269,79485,222538
[RESULT] 0,64,2D_cyclic,9,2.556000471,2.555405378,111269,79485,222538
Total execution time: 154.699 seconds
