Retrieving the matrix from '../matrices/Hook_1498.mtx'...
%%MatrixMarket matrix coordinate real symmetric
1498023 1498023 31207734
Real Matrix: Rows=1498023 | Cols=1498023 | NNZ=31207734 | Procs=4 | Distribution=2D_cyclic
2D Process Grid (Cyclic): 2 x 2
Rank 1: Grid (0,1) | Local rows=749012 | NNZ=7596746 | ColsGlobal
Rank 2: Grid (1,0) | Local rows=749011 | NNZ=7598405 | ColsGlobal
Rank 3: Grid (1,1) | Local rows=749011 | NNZ=8006193 | ColsGlobal
Rank 0: Grid (0,0) | Local rows=749012 | NNZ=8006390 | ColsGlobal
Applied 2D cyclic distribution (global column indices preserved)
2D Comm Pattern: grid 2 x 2 | expand ghosts on rank 0: 374506
2D: local vector size = 749012 (column block), local rows = 749012

========================================
COMPREHENSIVE METRICS SUMMARY
========================================
PROCESSES: 4
DISTRIBUTION: 2D_cyclic
GRID: 2 x 2 (proc_rows x proc_cols)
ITERATIONS: 10
Matrix NNZ: 31207734
BALANCE: nnz_local   min= 7596746  avg=7801933.50  max= 8006390
COMM:    ghost       min=  372025  avg= 373440.75  max=  374506  | recv_double_avg=2987526.00 B
METRICS: t_total     = 3.686e-02  t_comp = 2.268e-02  t_comm = 1.975e-02
         gflops_total= 1.693536e+00  gflops_comp= 2.752092e+00
========================================

[RESULT] 0,4,2D_cyclic,0,0.037093163,0.019434929,8006390,374506,16012780
[RESULT] 0,4,2D_cyclic,1,0.032231092,0.014619112,8006390,374506,16012780
[RESULT] 0,4,2D_cyclic,2,0.031883240,0.014166832,8006390,374506,16012780
[RESULT] 0,4,2D_cyclic,3,0.031141996,0.013501406,8006390,374506,16012780
[RESULT] 0,4,2D_cyclic,4,0.032069206,0.014153957,8006390,374506,16012780
[RESULT] 0,4,2D_cyclic,5,0.030958652,0.013421774,8006390,374506,16012780
[RESULT] 0,4,2D_cyclic,6,0.031414032,0.013804197,8006390,374506,16012780
[RESULT] 0,4,2D_cyclic,7,0.031383514,0.013796329,8006390,374506,16012780
[RESULT] 0,4,2D_cyclic,8,0.031097889,0.013523579,8006390,374506,16012780
[RESULT] 0,4,2D_cyclic,9,0.031320333,0.013767004,8006390,374506,16012780
Total execution time: 18.584 seconds
