Retrieving the matrix from '../matrices/tmt_sym.mtx'...
%%MatrixMarket matrix coordinate real symmetric
726713 726713 2903837
Real Matrix: Rows=726713 | Cols=726713 | NNZ=2903837 | Procs=4 | Distribution=1D
Applied 1D distribution
Ghost columns identified: 363253 total ghost values needed
Local vector initialized (size=181679 per process)

========================================
COMPREHENSIVE METRICS SUMMARY
========================================
PROCESSES: 4
DISTRIBUTION: 1D
ITERATIONS: 10
Matrix NNZ: 2903837
BALANCE: nnz_local   min=  725817  avg= 725959.25  max=  726120
COMM:    ghost       min=  362560  avg= 363044.00  max=  363368  | recv_double_avg=2904352.00 B
METRICS: t_total     = 1.591e-01  t_comp = 5.477e-03  t_comm = 1.537e-01
         gflops_total= 3.651055e-02  gflops_comp= 1.060352e+00
========================================

[RESULT] 0,4,1D,0,0.166424274,0.161096334,726120,363253,1452240
[RESULT] 0,4,1D,1,0.155959368,0.150649548,726120,363253,1452240
[RESULT] 0,4,1D,2,0.155946493,0.150670528,726120,363253,1452240
[RESULT] 0,4,1D,3,0.161434174,0.156007767,726120,363253,1452240
[RESULT] 0,4,1D,4,0.155874491,0.150552273,726120,363253,1452240
[RESULT] 0,4,1D,5,0.161409855,0.156011820,726120,363253,1452240
[RESULT] 0,4,1D,6,0.154861212,0.149580717,726120,363253,1452240
[RESULT] 0,4,1D,7,0.161321878,0.156007767,726120,363253,1452240
[RESULT] 0,4,1D,8,0.156007528,0.150664330,726120,363253,1452240
[RESULT] 0,4,1D,9,0.161444664,0.156015635,726120,363253,1452240
Total execution time: 10.249 seconds
