Retrieving the matrix from '../matrices/tmt_sym.mtx'...
%%MatrixMarket matrix coordinate real symmetric
726713 726713 2903837
Real Matrix: Rows=726713 | Cols=726713 | NNZ=2903837 | Procs=32 | Distribution=2D_cyclic
2D Process Grid (Cyclic): 4 x 8
Rank 1: Grid (0,1) | Local rows=181679 | NNZ=45550 | ColsGlobal
Rank 3: Grid (0,3) | Local rows=181679 | NNZ=136171 | ColsGlobal
Rank 2: Grid (0,2) | Local rows=181679 | NNZ=45433 | ColsGlobal
Rank 10: Grid (1,2) | Local rows=181678 | NNZ=45337 | ColsGlobal
Rank 5: Grid (0,5) | Local rows=181679 | NNZ=45351 | ColsGlobal
Rank 4: Grid (0,4) | Local rows=181679 | NNZ=136165 | ColsGlobal
Rank 11: Grid (1,3) | Local rows=181678 | NNZ=45259 | ColsGlobal
Rank 31: Grid (3,7) | Local rows=181678 | NNZ=136310 | ColsGlobal
Rank 6: Grid (0,6) | Local rows=181679 | NNZ=45321 | ColsGlobal
Rank 0: Grid (0,0) | Local rows=181679 | NNZ=136050 | ColsGlobal
Applied 2D cyclic distribution (global column indices preserved)
Rank 29: Grid (3,5) | Local rows=181678 | NNZ=45146 | ColsGlobal
Rank 9: Grid (1,1) | Local rows=181678 | NNZ=136182 | ColsGlobal
Rank 28: Grid (3,4) | Local rows=181678 | NNZ=45314 | ColsGlobal
Rank 8: Grid (1,0) | Local rows=181678 | NNZ=136118 | ColsGlobal
Rank 7: Grid (0,7) | Local rows=181679 | NNZ=136079 | ColsGlobal
Rank 12: Grid (1,4) | Local rows=181678 | NNZ=136122 | ColsGlobal
Rank 30: Grid (3,6) | Local rows=181678 | NNZ=136205 | ColsGlobal
Rank 14: Grid (1,6) | Local rows=181678 | NNZ=45337 | ColsGlobal
Rank 27: Grid (3,3) | Local rows=181678 | NNZ=136194 | ColsGlobal
Rank 15: Grid (1,7) | Local rows=181678 | NNZ=45415 | ColsGlobal
Rank 25: Grid (3,1) | Local rows=181678 | NNZ=45345 | ColsGlobal
Rank 13: Grid (1,5) | Local rows=181678 | NNZ=136074 | ColsGlobal
Rank 23: Grid (2,7) | Local rows=181678 | NNZ=45502 | ColsGlobal
Rank 24: Grid (3,0) | Local rows=181678 | NNZ=45119 | ColsGlobal
Rank 19: Grid (2,3) | Local rows=181678 | NNZ=45317 | ColsGlobal
Rank 16: Grid (2,0) | Local rows=181678 | NNZ=45395 | ColsGlobal
Rank 26: Grid (3,2) | Local rows=181678 | NNZ=136184 | ColsGlobal
Rank 20: Grid (2,4) | Local rows=181678 | NNZ=45566 | ColsGlobal
Rank 21: Grid (2,5) | Local rows=181678 | NNZ=135936 | ColsGlobal
Rank 17: Grid (2,1) | Local rows=181678 | NNZ=136086 | ColsGlobal
Rank 22: Grid (2,6) | Local rows=181678 | NNZ=136160 | ColsGlobal
Rank 18: Grid (2,2) | Local rows=181678 | NNZ=136094 | ColsGlobal
2D Comm Pattern: grid 4 x 8 | expand ghosts on rank 0: 79485
2D: local vector size = 90840 (column block), local rows = 181679

========================================
COMPREHENSIVE METRICS SUMMARY
========================================
PROCESSES: 32
DISTRIBUTION: 2D_cyclic
GRID: 4 x 8 (proc_rows x proc_cols)
ITERATIONS: 10
Matrix NNZ: 2903837
BALANCE: nnz_local   min=   45119  avg=  90744.91  max=  136310
COMM:    ghost       min=   39447  avg=  59594.47  max=   79485  | recv_double_avg= 476755.75 B
METRICS: t_total     = 1.358e-02  t_comp = 9.041e-04  t_comm = 1.297e-02
         gflops_total= 4.275125e-01  gflops_comp= 6.423657e+00
========================================

[RESULT] 0,32,2D_cyclic,0,0.013834000,0.013052702,136050,79485,272100
[RESULT] 0,32,2D_cyclic,1,0.013923407,0.013123035,136050,79485,272100
[RESULT] 0,32,2D_cyclic,2,0.013956070,0.013168335,136050,79485,272100
[RESULT] 0,32,2D_cyclic,3,0.013405800,0.012619019,136050,79485,272100
[RESULT] 0,32,2D_cyclic,4,0.013706923,0.012926817,136050,79485,272100
[RESULT] 0,32,2D_cyclic,5,0.013303995,0.012521505,136050,79485,272100
[RESULT] 0,32,2D_cyclic,6,0.013177872,0.012396336,136050,79485,272100
[RESULT] 0,32,2D_cyclic,7,0.013162136,0.012371302,136050,79485,272100
[RESULT] 0,32,2D_cyclic,8,0.013861656,0.013077497,136050,79485,272100
[RESULT] 0,32,2D_cyclic,9,0.013251781,0.012468338,136050,79485,272100
Total execution time: 2.707 seconds
