Retrieving the matrix from '../matrices/Hook_1498.mtx'...
%%MatrixMarket matrix coordinate real symmetric
1498023 1498023 31207734
Real Matrix: Rows=1498023 | Cols=1498023 | NNZ=31207734 | Procs=32 | Distribution=2D
2D Process Grid (Block): 4 x 8 (rows x cols)
Rank 15: Grid (1,7) | Rows [374506,749012) | Cols [1310771,1498023) | LocalRows=374506 | NNZ=0 | ColsGlobal
Rank 2: Grid (0,2) | Rows [0,374506) | Cols [374506,561759) | LocalRows=374506 | NNZ=0 | ColsGlobal
Rank 3: Grid (0,3) | Rows [0,374506) | Cols [561759,749012) | LocalRows=374506 | NNZ=0 | ColsGlobal
Rank 17: Grid (2,1) | Rows [749012,1123518) | Cols [187253,374506) | LocalRows=374506 | NNZ=0 | ColsGlobal
Rank 9: Grid (1,1) | Rows [374506,749012) | Cols [187253,374506) | LocalRows=374506 | NNZ=194717 | ColsGlobal
Rank 13: Grid (1,5) | Rows [374506,749012) | Cols [936265,1123518) | LocalRows=374506 | NNZ=0 | ColsGlobal
Rank 23: Grid (2,7) | Rows [749012,1123518) | Cols [1310771,1498023) | LocalRows=374506 | NNZ=0 | ColsGlobal
Rank 7: Grid (0,7) | Rows [0,374506) | Cols [1310771,1498023) | LocalRows=374506 | NNZ=0 | ColsGlobal
Rank 16: Grid (2,0) | Rows [749012,1123518) | Cols [0,187253) | LocalRows=374506 | NNZ=0 | ColsGlobal
Rank 25: Grid (3,1) | Rows [1123518,1498023) | Cols [187253,374506) | LocalRows=374505 | NNZ=0 | ColsGlobal
Rank 22: Grid (2,6) | Rows [749012,1123518) | Cols [1123518,1310771) | LocalRows=374506 | NNZ=0 | ColsGlobal
Rank 24: Grid (3,0) | Rows [1123518,1498023) | Cols [0,187253) | LocalRows=374505 | NNZ=0 | ColsGlobal
Rank 5: Grid (0,5) | Rows [0,374506) | Cols [936265,1123518) | LocalRows=374506 | NNZ=0 | ColsGlobal
Rank 27: Grid (3,3) | Rows [1123518,1498023) | Cols [561759,749012) | LocalRows=374505 | NNZ=0 | ColsGlobal
Rank 19: Grid (2,3) | Rows [749012,1123518) | Cols [561759,749012) | LocalRows=374506 | NNZ=247082 | ColsGlobal
Rank 29: Grid (3,5) | Rows [1123518,1498023) | Cols [936265,1123518) | LocalRows=374505 | NNZ=221967 | ColsGlobal
Rank 1: Grid (0,1) | Rows [0,374506) | Cols [187253,374506) | LocalRows=374506 | NNZ=3783968 | ColsGlobal
Rank 14: Grid (1,6) | Rows [374506,749012) | Cols [1123518,1310771) | LocalRows=374506 | NNZ=0 | ColsGlobal
Rank 0: Grid (0,0) | Rows [0,374506) | Cols [0,187253) | LocalRows=374506 | NNZ=3937136 | ColsGlobal
Applied 2D block distribution (global column indices preserved)
Rank 8: Grid (1,0) | Rows [374506,749012) | Cols [0,187253) | LocalRows=374506 | NNZ=0 | ColsGlobal
Rank 4: Grid (0,4) | Rows [0,374506) | Cols [749012,936265) | LocalRows=374506 | NNZ=0 | ColsGlobal
Rank 18: Grid (2,2) | Rows [749012,1123518) | Cols [374506,561759) | LocalRows=374506 | NNZ=0 | ColsGlobal
Rank 12: Grid (1,4) | Rows [374506,749012) | Cols [749012,936265) | LocalRows=374506 | NNZ=0 | ColsGlobal
Rank 6: Grid (0,6) | Rows [0,374506) | Cols [1123518,1310771) | LocalRows=374506 | NNZ=0 | ColsGlobal
Rank 31: Grid (3,7) | Rows [1123518,1498023) | Cols [1310771,1498023) | LocalRows=374505 | NNZ=3791452 | ColsGlobal
Rank 28: Grid (3,4) | Rows [1123518,1498023) | Cols [749012,936265) | LocalRows=374505 | NNZ=0 | ColsGlobal
Rank 21: Grid (2,5) | Rows [749012,1123518) | Cols [936265,1123518) | LocalRows=374506 | NNZ=3658074 | ColsGlobal
Rank 26: Grid (3,2) | Rows [1123518,1498023) | Cols [374506,561759) | LocalRows=374505 | NNZ=0 | ColsGlobal
Rank 11: Grid (1,3) | Rows [374506,749012) | Cols [561759,749012) | LocalRows=374506 | NNZ=3651396 | ColsGlobal
Rank 30: Grid (3,6) | Rows [1123518,1498023) | Cols [1123518,1310771) | LocalRows=374505 | NNZ=3825296 | ColsGlobal
Rank 10: Grid (1,2) | Rows [374506,749012) | Cols [374506,561759) | LocalRows=374506 | NNZ=3957063 | ColsGlobal
Rank 20: Grid (2,4) | Rows [749012,1123518) | Cols [749012,936265) | LocalRows=374506 | NNZ=3939583 | ColsGlobal
2D Comm Pattern: grid 4 x 8 | expand ghosts on rank 0: 0
2D: local vector size = 187253 (column block), local rows = 374506

========================================
COMPREHENSIVE METRICS SUMMARY
========================================
PROCESSES: 32
DISTRIBUTION: 2D
GRID: 4 x 8 (proc_rows x proc_cols)
ITERATIONS: 10
Matrix NNZ: 31207734
BALANCE: nnz_local   min=       0  avg= 975241.69  max= 3957063
COMM:    ghost       min=       0  avg=      0.00  max=       0  | recv_double_avg=      0.00 B
METRICS: t_total     = 2.495e-02  t_comp = 7.394e-03  t_comm = 2.437e-02
         gflops_total= 2.501913e+00  gflops_comp= 8.441227e+00
========================================

[RESULT] 0,32,2D,0,0.022922754,0.015785694,3937136,0,7874272
[RESULT] 0,32,2D,1,0.021965504,0.014848471,3937136,0,7874272
[RESULT] 0,32,2D,2,0.022575617,0.015457153,3937136,0,7874272
[RESULT] 0,32,2D,3,0.021701336,0.014592886,3937136,0,7874272
[RESULT] 0,32,2D,4,0.021927595,0.014799118,3937136,0,7874272
[RESULT] 0,32,2D,5,0.020706415,0.013597965,3937136,0,7874272
[RESULT] 0,32,2D,6,0.020570517,0.013448000,3937136,0,7874272
[RESULT] 0,32,2D,7,0.019037008,0.011917591,3937136,0,7874272
[RESULT] 0,32,2D,8,0.019009113,0.011912107,3937136,0,7874272
[RESULT] 0,32,2D,9,0.018811941,0.011702538,3937136,0,7874272
Total execution time: 25.970 seconds
