Retrieving the matrix from '../matrices/msdoor.mtx'...
%%MatrixMarket matrix coordinate real symmetric
415863 415863 10328399
Real Matrix: Rows=415863 | Cols=415863 | NNZ=10328399 | Procs=64 | Distribution=2D_cyclic
2D Process Grid (Cyclic): 8 x 8
Rank 27: Grid (3,3) | Local rows=51983 | NNZ=187694 | ColsGlobal
Rank 25: Grid (3,1) | Local rows=51983 | NNZ=175016 | ColsGlobal
Rank 23: Grid (2,7) | Local rows=51983 | NNZ=163370 | ColsGlobal
Rank 29: Grid (3,5) | Local rows=51983 | NNZ=144446 | ColsGlobal
Rank 21: Grid (2,5) | Local rows=51983 | NNZ=150271 | ColsGlobal
Rank 19: Grid (2,3) | Local rows=51983 | NNZ=137842 | ColsGlobal
Rank 28: Grid (3,4) | Local rows=51983 | NNZ=140774 | ColsGlobal
Rank 26: Grid (3,2) | Local rows=51983 | NNZ=181410 | ColsGlobal
Rank 31: Grid (3,7) | Local rows=51983 | NNZ=157326 | ColsGlobal
Rank 22: Grid (2,6) | Local rows=51983 | NNZ=156711 | ColsGlobal
Rank 17: Grid (2,1) | Local rows=51983 | NNZ=181506 | ColsGlobal
Rank 24: Grid (3,0) | Local rows=51983 | NNZ=168410 | ColsGlobal
Rank 20: Grid (2,4) | Local rows=51983 | NNZ=143788 | ColsGlobal
Rank 15: Grid (1,7) | Local rows=51983 | NNZ=170293 | ColsGlobal
Rank 32: Grid (4,0) | Local rows=51983 | NNZ=158014 | ColsGlobal
Rank 30: Grid (3,6) | Local rows=51983 | NNZ=150830 | ColsGlobal
Rank 33: Grid (4,1) | Local rows=51983 | NNZ=164731 | ColsGlobal
Rank 18: Grid (2,2) | Local rows=51983 | NNZ=187465 | ColsGlobal
Rank 11: Grid (1,3) | Local rows=51983 | NNZ=141564 | ColsGlobal
Rank 13: Grid (1,5) | Local rows=51983 | NNZ=157347 | ColsGlobal
Rank 16: Grid (2,0) | Local rows=51983 | NNZ=174854 | ColsGlobal
Rank 35: Grid (4,3) | Local rows=51983 | NNZ=177715 | ColsGlobal
Rank 9: Grid (1,1) | Local rows=51983 | NNZ=187798 | ColsGlobal
Rank 14: Grid (1,6) | Local rows=51983 | NNZ=163855 | ColsGlobal
Rank 34: Grid (4,2) | Local rows=51983 | NNZ=170941 | ColsGlobal
Rank 12: Grid (1,4) | Local rows=51983 | NNZ=150791 | ColsGlobal
Rank 37: Grid (4,5) | Local rows=51983 | NNZ=135655 | ColsGlobal
Rank 10: Grid (1,2) | Local rows=51983 | NNZ=137667 | ColsGlobal
Rank 7: Grid (0,7) | Local rows=51983 | NNZ=176490 | ColsGlobal
Rank 8: Grid (1,0) | Local rows=51983 | NNZ=181426 | ColsGlobal
Rank 39: Grid (4,7) | Local rows=51983 | NNZ=145704 | ColsGlobal
Rank 36: Grid (4,4) | Local rows=51983 | NNZ=185411 | ColsGlobal
Rank 1: Grid (0,1) | Local rows=51983 | NNZ=137996 | ColsGlobal
Rank 3: Grid (0,3) | Local rows=51983 | NNZ=147886 | ColsGlobal
Rank 0: Grid (0,0) | Local rows=51983 | NNZ=187620 | ColsGlobal
Applied 2D cyclic distribution (global column indices preserved)
Rank 38: Grid (4,6) | Local rows=51983 | NNZ=139322 | ColsGlobal
Rank 5: Grid (0,5) | Local rows=51983 | NNZ=163397 | ColsGlobal
Rank 6: Grid (0,6) | Local rows=51983 | NNZ=169898 | ColsGlobal
Rank 41: Grid (5,1) | Local rows=51983 | NNZ=158106 | ColsGlobal
Rank 63: Grid (7,7) | Local rows=51982 | NNZ=185756 | ColsGlobal
Rank 61: Grid (7,5) | Local rows=51982 | NNZ=173030 | ColsGlobal
Rank 4: Grid (0,4) | Local rows=51983 | NNZ=156672 | ColsGlobal
Rank 62: Grid (7,6) | Local rows=51982 | NNZ=179576 | ColsGlobal
Rank 40: Grid (5,0) | Local rows=51983 | NNZ=151531 | ColsGlobal
Rank 2: Grid (0,2) | Local rows=51983 | NNZ=141292 | ColsGlobal
Rank 43: Grid (5,3) | Local rows=51983 | NNZ=170937 | ColsGlobal
Rank 59: Grid (7,3) | Local rows=51982 | NNZ=157885 | ColsGlobal
Rank 42: Grid (5,2) | Local rows=51983 | NNZ=164335 | ColsGlobal
Rank 60: Grid (7,4) | Local rows=51982 | NNZ=166395 | ColsGlobal
Rank 57: Grid (7,1) | Local rows=51982 | NNZ=145259 | ColsGlobal
Rank 44: Grid (5,4) | Local rows=51983 | NNZ=179548 | ColsGlobal
Rank 45: Grid (5,5) | Local rows=51983 | NNZ=185781 | ColsGlobal
Rank 55: Grid (6,7) | Local rows=51983 | NNZ=135418 | ColsGlobal
Rank 58: Grid (7,2) | Local rows=51982 | NNZ=151293 | ColsGlobal
Rank 53: Grid (6,5) | Local rows=51983 | NNZ=179062 | ColsGlobal
Rank 51: Grid (6,3) | Local rows=51983 | NNZ=164325 | ColsGlobal
Rank 56: Grid (7,0) | Local rows=51982 | NNZ=141394 | ColsGlobal
Rank 47: Grid (5,7) | Local rows=51983 | NNZ=139837 | ColsGlobal
Rank 49: Grid (6,1) | Local rows=51983 | NNZ=151375 | ColsGlobal
Rank 48: Grid (6,0) | Local rows=51983 | NNZ=144925 | ColsGlobal
Rank 46: Grid (5,6) | Local rows=51983 | NNZ=136166 | ColsGlobal
Rank 54: Grid (6,6) | Local rows=51983 | NNZ=185287 | ColsGlobal
Rank 52: Grid (6,4) | Local rows=51983 | NNZ=172384 | ColsGlobal
Rank 50: Grid (6,2) | Local rows=51983 | NNZ=157596 | ColsGlobal
2D Comm Pattern: grid 8 x 8 | expand ghosts on rank 0: 45485
2D: local vector size = 51983 (column block), local rows = 51983

========================================
COMPREHENSIVE METRICS SUMMARY
========================================
PROCESSES: 64
DISTRIBUTION: 2D_cyclic
GRID: 8 x 8 (proc_rows x proc_cols)
ITERATIONS: 10
Matrix NNZ: 10328399
BALANCE: nnz_local   min=  135418  avg= 161381.23  max=  187798
COMM:    ghost       min=   35165  avg=  40859.08  max=   45485  | recv_double_avg= 326872.62 B
METRICS: t_total     = 2.036e+00  t_comp = 1.341e-02  t_comm = 2.035e+00
         gflops_total= 1.014618e-02  gflops_comp= 1.540866e+00
========================================

[RESULT] 0,64,2D_cyclic,0,1.915992498,1.915036201,187620,45485,375240
[RESULT] 0,64,2D_cyclic,1,1.919997454,1.919037342,187620,45485,375240
[RESULT] 0,64,2D_cyclic,2,1.920998812,1.920030594,187620,45485,375240
[RESULT] 0,64,2D_cyclic,3,1.919996977,1.919028759,187620,45485,375240
[RESULT] 0,64,2D_cyclic,4,1.919993877,1.919030666,187620,45485,375240
[RESULT] 0,64,2D_cyclic,5,1.793001652,1.792045593,187620,45485,375240
[RESULT] 0,64,2D_cyclic,6,1.915997267,1.915027618,187620,45485,375240
[RESULT] 0,64,2D_cyclic,7,1.920001507,1.919041395,187620,45485,375240
[RESULT] 0,64,2D_cyclic,8,1.919987679,1.919021606,187620,45485,375240
[RESULT] 0,64,2D_cyclic,9,1.918995857,1.918020487,187620,45485,375240
Total execution time: 339.974 seconds
