Retrieving the matrix from '../matrices/tmt_sym.mtx'...
%%MatrixMarket matrix coordinate real symmetric
726713 726713 2903837
Real Matrix: Rows=726713 | Cols=726713 | NNZ=2903837 | Procs=1 | Distribution=1D
Applied 1D distribution
Ghost columns identified: 0 total ghost values needed
Local vector initialized (size=726713 per process)

========================================
COMPREHENSIVE METRICS SUMMARY
========================================
PROCESSES: 1
DISTRIBUTION: 1D
ITERATIONS: 10
Matrix NNZ: 2903837
BALANCE: nnz_local   min= 2903837  avg=2903837.00  max= 2903837
COMM:    ghost       min=       0  avg=      0.00  max=       0  | recv_double_avg=      0.00 B
METRICS: t_total     = 1.089e-02  t_comp = 1.089e-02  t_comm = 1.335e-06
         gflops_total= 5.330766e-01  gflops_comp= 5.331420e-01
========================================

[RESULT] 0,1,1D,0,0.010992765,0.000001431,2903837,0,5807674
[RESULT] 0,1,1D,1,0.010946751,0.000001907,2903837,0,5807674
[RESULT] 0,1,1D,2,0.010881901,0.000001192,2903837,0,5807674
[RESULT] 0,1,1D,3,0.010911703,0.000001192,2903837,0,5807674
[RESULT] 0,1,1D,4,0.010910034,0.000001192,2903837,0,5807674
[RESULT] 0,1,1D,5,0.010844946,0.000001192,2903837,0,5807674
[RESULT] 0,1,1D,6,0.010870457,0.000001192,2903837,0,5807674
[RESULT] 0,1,1D,7,0.010835648,0.000001192,2903837,0,5807674
[RESULT] 0,1,1D,8,0.010867596,0.000001669,2903837,0,5807674
[RESULT] 0,1,1D,9,0.010884523,0.000001192,2903837,0,5807674
Total execution time: 2.852 seconds
