Retrieving the matrix from '../matrices/tmt_sym.mtx'...
%%MatrixMarket matrix coordinate real symmetric
726713 726713 2903837
Real Matrix: Rows=726713 | Cols=726713 | NNZ=2903837 | Procs=128 | Distribution=2D
Rank 16: Grid (1,0) | Rows [90840,181680) | Cols [0,45420) | LocalRows=90840 | NNZ=0 | ColsGlobal
Rank 17: Grid (1,1) | Rows [90840,181680) | Cols [45420,90840) | LocalRows=90840 | NNZ=1487 | ColsGlobal
Rank 13: Grid (0,13) | Rows [0,90840) | Cols [590460,635880) | LocalRows=90840 | NNZ=0 | ColsGlobal
Rank 20: Grid (1,4) | Rows [90840,181680) | Cols [181680,227100) | LocalRows=90840 | NNZ=0 | ColsGlobal
Rank 14: Grid (0,14) | Rows [0,90840) | Cols [635880,681300) | LocalRows=90840 | NNZ=0 | ColsGlobal
Rank 18: Grid (1,2) | Rows [90840,181680) | Cols [90840,136260) | LocalRows=90840 | NNZ=181625 | ColsGlobal
Rank 22: Grid (1,6) | Rows [90840,181680) | Cols [272520,317940) | LocalRows=90840 | NNZ=0 | ColsGlobal
Rank 15: Grid (0,15) | Rows [0,90840) | Cols [681300,726713) | LocalRows=90840 | NNZ=0 | ColsGlobal
Rank 19: Grid (1,3) | Rows [90840,181680) | Cols [136260,181680) | LocalRows=90840 | NNZ=179853 | ColsGlobal
Rank 21: Grid (1,5) | Rows [90840,181680) | Cols [227100,272520) | LocalRows=90840 | NNZ=0 | ColsGlobal
Rank 27: Grid (1,11) | Rows [90840,181680) | Cols [499620,545040) | LocalRows=90840 | NNZ=0 | ColsGlobal
Rank 24: Grid (1,8) | Rows [90840,181680) | Cols [363360,408780) | LocalRows=90840 | NNZ=0 | ColsGlobal
Rank 23: Grid (1,7) | Rows [90840,181680) | Cols [317940,363360) | LocalRows=90840 | NNZ=0 | ColsGlobal
Rank 26: Grid (1,10) | Rows [90840,181680) | Cols [454200,499620) | LocalRows=90840 | NNZ=0 | ColsGlobal
Rank 28: Grid (1,12) | Rows [90840,181680) | Cols [545040,590460) | LocalRows=90840 | NNZ=0 | ColsGlobal
Rank 25: Grid (1,9) | Rows [90840,181680) | Cols [408780,454200) | LocalRows=90840 | NNZ=0 | ColsGlobal
Rank 12: Grid (0,12) | Rows [0,90840) | Cols [545040,590460) | LocalRows=90840 | NNZ=0 | ColsGlobal
Rank 11: Grid (0,11) | Rows [0,90840) | Cols [499620,545040) | LocalRows=90840 | NNZ=0 | ColsGlobal
Rank 30: Grid (1,14) | Rows [90840,181680) | Cols [635880,681300) | LocalRows=90840 | NNZ=0 | ColsGlobal
Rank 32: Grid (2,0) | Rows [181680,272520) | Cols [0,45420) | LocalRows=90840 | NNZ=0 | ColsGlobal
Rank 34: Grid (2,2) | Rows [181680,272520) | Cols [90840,136260) | LocalRows=90840 | NNZ=0 | ColsGlobal
Rank 33: Grid (2,1) | Rows [181680,272520) | Cols [45420,90840) | LocalRows=90840 | NNZ=0 | ColsGlobal
Rank 31: Grid (1,15) | Rows [90840,181680) | Cols [681300,726713) | LocalRows=90840 | NNZ=0 | ColsGlobal
Rank 10: Grid (0,10) | Rows [0,90840) | Cols [454200,499620) | LocalRows=90840 | NNZ=0 | ColsGlobal
Rank 8: Grid (0,8) | Rows [0,90840) | Cols [363360,408780) | LocalRows=90840 | NNZ=0 | ColsGlobal
Rank 29: Grid (1,13) | Rows [90840,181680) | Cols [590460,635880) | LocalRows=90840 | NNZ=0 | ColsGlobal
Rank 9: Grid (0,9) | Rows [0,90840) | Cols [408780,454200) | LocalRows=90840 | NNZ=0 | ColsGlobal
Rank 38: Grid (2,6) | Rows [181680,272520) | Cols [272520,317940) | LocalRows=90840 | NNZ=0 | ColsGlobal
Rank 36: Grid (2,4) | Rows [181680,272520) | Cols [181680,227100) | LocalRows=90840 | NNZ=181607 | ColsGlobal
Rank 40: Grid (2,8) | Rows [181680,272520) | Cols [363360,408780) | LocalRows=90840 | NNZ=0 | ColsGlobal
Rank 41: Grid (2,9) | Rows [181680,272520) | Cols [408780,454200) | LocalRows=90840 | NNZ=0 | ColsGlobal
Rank 44: Grid (2,12) | Rows [181680,272520) | Cols [545040,590460) | LocalRows=90840 | NNZ=0 | ColsGlobal
Rank 42: Grid (2,10) | Rows [181680,272520) | Cols [454200,499620) | LocalRows=90840 | NNZ=0 | ColsGlobal
Rank 39: Grid (2,7) | Rows [181680,272520) | Cols [317940,363360) | LocalRows=90840 | NNZ=0 | ColsGlobal
Rank 37: Grid (2,5) | Rows [181680,272520) | Cols [227100,272520) | LocalRows=90840 | NNZ=179712 | ColsGlobal
Rank 46: Grid (2,14) | Rows [181680,272520) | Cols [635880,681300) | LocalRows=90840 | NNZ=0 | ColsGlobal
Rank 48: Grid (3,0) | Rows [272520,363360) | Cols [0,45420) | LocalRows=90840 | NNZ=0 | ColsGlobal
Rank 47: Grid (2,15) | Rows [181680,272520) | Cols [681300,726713) | LocalRows=90840 | NNZ=0 | ColsGlobal
Rank 7: Grid (0,7) | Rows [0,90840) | Cols [317940,363360) | LocalRows=90840 | NNZ=0 | ColsGlobal
Rank 49: Grid (3,1) | Rows [272520,363360) | Cols [45420,90840) | LocalRows=90840 | NNZ=0 | ColsGlobal
Rank 35: Grid (2,3) | Rows [181680,272520) | Cols [136260,181680) | LocalRows=90840 | NNZ=1761 | ColsGlobal
2D Process Grid (Block): 8 x 16 (rows x cols)
Rank 50: Grid (3,2) | Rows [272520,363360) | Cols [90840,136260) | LocalRows=90840 | NNZ=0 | ColsGlobal
Rank 6: Grid (0,6) | Rows [0,90840) | Cols [272520,317940) | LocalRows=90840 | NNZ=0 | ColsGlobal
Rank 4: Grid (0,4) | Rows [0,90840) | Cols [181680,227100) | LocalRows=90840 | NNZ=0 | ColsGlobal
Rank 51: Grid (3,3) | Rows [272520,363360) | Cols [136260,181680) | LocalRows=90840 | NNZ=0 | ColsGlobal
Rank 2: Grid (0,2) | Rows [0,90840) | Cols [90840,136260) | LocalRows=90840 | NNZ=0 | ColsGlobal
Rank 43: Grid (2,11) | Rows [181680,272520) | Cols [499620,545040) | LocalRows=90840 | NNZ=0 | ColsGlobal
Rank 3: Grid (0,3) | Rows [0,90840) | Cols [136260,181680) | LocalRows=90840 | NNZ=0 | ColsGlobal
Rank 45: Grid (2,13) | Rows [181680,272520) | Cols [590460,635880) | LocalRows=90840 | NNZ=0 | ColsGlobal
Rank 1: Grid (0,1) | Rows [0,90840) | Cols [45420,90840) | LocalRows=90840 | NNZ=180157 | ColsGlobal
Rank 52: Grid (3,4) | Rows [272520,363360) | Cols [181680,227100) | LocalRows=90840 | NNZ=0 | ColsGlobal
Rank 53: Grid (3,5) | Rows [272520,363360) | Cols [227100,272520) | LocalRows=90840 | NNZ=1887 | ColsGlobal
Rank 56: Grid (3,8) | Rows [272520,363360) | Cols [363360,408780) | LocalRows=90840 | NNZ=0 | ColsGlobal
Rank 54: Grid (3,6) | Rows [272520,363360) | Cols [272520,317940) | LocalRows=90840 | NNZ=181593 | ColsGlobal
Rank 57: Grid (3,9) | Rows [272520,363360) | Cols [408780,454200) | LocalRows=90840 | NNZ=0 | ColsGlobal
Rank 5: Grid (0,5) | Rows [0,90840) | Cols [227100,272520) | LocalRows=90840 | NNZ=0 | ColsGlobal
Rank 58: Grid (3,10) | Rows [272520,363360) | Cols [454200,499620) | LocalRows=90840 | NNZ=0 | ColsGlobal
Rank 0: Grid (0,0) | Rows [0,90840) | Cols [0,45420) | LocalRows=90840 | NNZ=181626 | ColsGlobal
Applied 2D block distribution (global column indices preserved)
Rank 55: Grid (3,7) | Rows [272520,363360) | Cols [317940,363360) | LocalRows=90840 | NNZ=179667 | ColsGlobal
Rank 59: Grid (3,11) | Rows [272520,363360) | Cols [499620,545040) | LocalRows=90840 | NNZ=0 | ColsGlobal
Rank 126: Grid (7,14) | Rows [635880,726713) | Cols [635880,681300) | LocalRows=90833 | NNZ=181370 | ColsGlobal
Rank 124: Grid (7,12) | Rows [635880,726713) | Cols [545040,590460) | LocalRows=90833 | NNZ=0 | ColsGlobal
Rank 60: Grid (3,12) | Rows [272520,363360) | Cols [545040,590460) | LocalRows=90840 | NNZ=0 | ColsGlobal
Rank 125: Grid (7,13) | Rows [635880,726713) | Cols [590460,635880) | LocalRows=90833 | NNZ=1485 | ColsGlobal
Rank 127: Grid (7,15) | Rows [635880,726713) | Cols [681300,726713) | LocalRows=90833 | NNZ=180373 | ColsGlobal
Rank 123: Grid (7,11) | Rows [635880,726713) | Cols [499620,545040) | LocalRows=90833 | NNZ=0 | ColsGlobal
Rank 122: Grid (7,10) | Rows [635880,726713) | Cols [454200,499620) | LocalRows=90833 | NNZ=0 | ColsGlobal
Rank 120: Grid (7,8) | Rows [635880,726713) | Cols [363360,408780) | LocalRows=90833 | NNZ=0 | ColsGlobal
Rank 119: Grid (7,7) | Rows [635880,726713) | Cols [317940,363360) | LocalRows=90833 | NNZ=0 | ColsGlobal
Rank 121: Grid (7,9) | Rows [635880,726713) | Cols [408780,454200) | LocalRows=90833 | NNZ=0 | ColsGlobal
Rank 118: Grid (7,6) | Rows [635880,726713) | Cols [272520,317940) | LocalRows=90833 | NNZ=0 | ColsGlobal
Rank 61: Grid (3,13) | Rows [272520,363360) | Cols [590460,635880) | LocalRows=90840 | NNZ=0 | ColsGlobal
Rank 117: Grid (7,5) | Rows [635880,726713) | Cols [227100,272520) | LocalRows=90833 | NNZ=0 | ColsGlobal
Rank 62: Grid (3,14) | Rows [272520,363360) | Cols [635880,681300) | LocalRows=90840 | NNZ=0 | ColsGlobal
Rank 116: Grid (7,4) | Rows [635880,726713) | Cols [181680,227100) | LocalRows=90833 | NNZ=0 | ColsGlobal
Rank 63: Grid (3,15) | Rows [272520,363360) | Cols [681300,726713) | LocalRows=90840 | NNZ=0 | ColsGlobal
Rank 114: Grid (7,2) | Rows [635880,726713) | Cols [90840,136260) | LocalRows=90833 | NNZ=0 | ColsGlobal
Rank 66: Grid (4,2) | Rows [363360,454200) | Cols [90840,136260) | LocalRows=90840 | NNZ=0 | ColsGlobal
Rank 65: Grid (4,1) | Rows [363360,454200) | Cols [45420,90840) | LocalRows=90840 | NNZ=0 | ColsGlobal
Rank 115: Grid (7,3) | Rows [635880,726713) | Cols [136260,181680) | LocalRows=90833 | NNZ=0 | ColsGlobal
Rank 64: Grid (4,0) | Rows [363360,454200) | Cols [0,45420) | LocalRows=90840 | NNZ=0 | ColsGlobal
Rank 79: Grid (4,15) | Rows [363360,454200) | Cols [681300,726713) | LocalRows=90840 | NNZ=0 | ColsGlobal
Rank 113: Grid (7,1) | Rows [635880,726713) | Cols [45420,90840) | LocalRows=90833 | NNZ=0 | ColsGlobal
Rank 67: Grid (4,3) | Rows [363360,454200) | Cols [136260,181680) | LocalRows=90840 | NNZ=0 | ColsGlobal
Rank 78: Grid (4,14) | Rows [363360,454200) | Cols [635880,681300) | LocalRows=90840 | NNZ=0 | ColsGlobal
Rank 112: Grid (7,0) | Rows [635880,726713) | Cols [0,45420) | LocalRows=90833 | NNZ=0 | ColsGlobal
Rank 68: Grid (4,4) | Rows [363360,454200) | Cols [181680,227100) | LocalRows=90840 | NNZ=0 | ColsGlobal
Rank 80: Grid (5,0) | Rows [454200,545040) | Cols [0,45420) | LocalRows=90840 | NNZ=0 | ColsGlobal
Rank 70: Grid (4,6) | Rows [363360,454200) | Cols [272520,317940) | LocalRows=90840 | NNZ=0 | ColsGlobal
Rank 82: Grid (5,2) | Rows [454200,545040) | Cols [90840,136260) | LocalRows=90840 | NNZ=0 | ColsGlobal
Rank 93: Grid (5,13) | Rows [454200,545040) | Cols [590460,635880) | LocalRows=90840 | NNZ=0 | ColsGlobal
Rank 81: Grid (5,1) | Rows [454200,545040) | Cols [45420,90840) | LocalRows=90840 | NNZ=0 | ColsGlobal
Rank 76: Grid (4,12) | Rows [363360,454200) | Cols [545040,590460) | LocalRows=90840 | NNZ=0 | ColsGlobal
Rank 84: Grid (5,4) | Rows [454200,545040) | Cols [181680,227100) | LocalRows=90840 | NNZ=0 | ColsGlobal
Rank 71: Grid (4,7) | Rows [363360,454200) | Cols [317940,363360) | LocalRows=90840 | NNZ=1922 | ColsGlobal
Rank 74: Grid (4,10) | Rows [363360,454200) | Cols [454200,499620) | LocalRows=90840 | NNZ=0 | ColsGlobal
Rank 85: Grid (5,5) | Rows [454200,545040) | Cols [227100,272520) | LocalRows=90840 | NNZ=0 | ColsGlobal
Rank 77: Grid (4,13) | Rows [363360,454200) | Cols [590460,635880) | LocalRows=90840 | NNZ=0 | ColsGlobal
Rank 92: Grid (5,12) | Rows [454200,545040) | Cols [545040,590460) | LocalRows=90840 | NNZ=0 | ColsGlobal
Rank 86: Grid (5,6) | Rows [454200,545040) | Cols [272520,317940) | LocalRows=90840 | NNZ=0 | ColsGlobal
Rank 88: Grid (5,8) | Rows [454200,545040) | Cols [363360,408780) | LocalRows=90840 | NNZ=0 | ColsGlobal
Rank 75: Grid (4,11) | Rows [363360,454200) | Cols [499620,545040) | LocalRows=90840 | NNZ=0 | ColsGlobal
Rank 83: Grid (5,3) | Rows [454200,545040) | Cols [136260,181680) | LocalRows=90840 | NNZ=0 | ColsGlobal
Rank 96: Grid (6,0) | Rows [545040,635880) | Cols [0,45420) | LocalRows=90840 | NNZ=0 | ColsGlobal
Rank 72: Grid (4,8) | Rows [363360,454200) | Cols [363360,408780) | LocalRows=90840 | NNZ=181582 | ColsGlobal
Rank 94: Grid (5,14) | Rows [454200,545040) | Cols [635880,681300) | LocalRows=90840 | NNZ=0 | ColsGlobal
Rank 87: Grid (5,7) | Rows [454200,545040) | Cols [317940,363360) | LocalRows=90840 | NNZ=0 | ColsGlobal
Rank 110: Grid (6,14) | Rows [545040,635880) | Cols [635880,681300) | LocalRows=90840 | NNZ=0 | ColsGlobal
Rank 111: Grid (6,15) | Rows [545040,635880) | Cols [681300,726713) | LocalRows=90840 | NNZ=0 | ColsGlobal
Rank 95: Grid (5,15) | Rows [454200,545040) | Cols [681300,726713) | LocalRows=90840 | NNZ=0 | ColsGlobal
Rank 90: Grid (5,10) | Rows [454200,545040) | Cols [454200,499620) | LocalRows=90840 | NNZ=181550 | ColsGlobal
Rank 91: Grid (5,11) | Rows [454200,545040) | Cols [499620,545040) | LocalRows=90840 | NNZ=179774 | ColsGlobal
Rank 98: Grid (6,2) | Rows [545040,635880) | Cols [90840,136260) | LocalRows=90840 | NNZ=0 | ColsGlobal
Rank 99: Grid (6,3) | Rows [545040,635880) | Cols [136260,181680) | LocalRows=90840 | NNZ=0 | ColsGlobal
Rank 69: Grid (4,5) | Rows [363360,454200) | Cols [227100,272520) | LocalRows=90840 | NNZ=0 | ColsGlobal
Rank 89: Grid (5,9) | Rows [454200,545040) | Cols [408780,454200) | LocalRows=90840 | NNZ=1885 | ColsGlobal
Rank 108: Grid (6,12) | Rows [545040,635880) | Cols [545040,590460) | LocalRows=90840 | NNZ=181498 | ColsGlobal
Rank 100: Grid (6,4) | Rows [545040,635880) | Cols [181680,227100) | LocalRows=90840 | NNZ=0 | ColsGlobal
Rank 101: Grid (6,5) | Rows [545040,635880) | Cols [227100,272520) | LocalRows=90840 | NNZ=0 | ColsGlobal
Rank 97: Grid (6,1) | Rows [545040,635880) | Cols [45420,90840) | LocalRows=90840 | NNZ=0 | ColsGlobal
Rank 73: Grid (4,9) | Rows [363360,454200) | Cols [408780,454200) | LocalRows=90840 | NNZ=179681 | ColsGlobal
Rank 102: Grid (6,6) | Rows [545040,635880) | Cols [272520,317940) | LocalRows=90840 | NNZ=0 | ColsGlobal
Rank 109: Grid (6,13) | Rows [545040,635880) | Cols [590460,635880) | LocalRows=90840 | NNZ=179981 | ColsGlobal
Rank 104: Grid (6,8) | Rows [545040,635880) | Cols [363360,408780) | LocalRows=90840 | NNZ=0 | ColsGlobal
Rank 106: Grid (6,10) | Rows [545040,635880) | Cols [454200,499620) | LocalRows=90840 | NNZ=0 | ColsGlobal
Rank 107: Grid (6,11) | Rows [545040,635880) | Cols [499620,545040) | LocalRows=90840 | NNZ=1761 | ColsGlobal
Rank 105: Grid (6,9) | Rows [545040,635880) | Cols [408780,454200) | LocalRows=90840 | NNZ=0 | ColsGlobal
Rank 103: Grid (6,7) | Rows [545040,635880) | Cols [317940,363360) | LocalRows=90840 | NNZ=0 | ColsGlobal
2D Comm Pattern: grid 8 x 16 | expand ghosts on rank 0: 0
2D: local vector size = 45420 (column block), local rows = 90840

========================================
COMPREHENSIVE METRICS SUMMARY
========================================
PROCESSES: 128
DISTRIBUTION: 2D
GRID: 8 x 16 (proc_rows x proc_cols)
ITERATIONS: 10
Matrix NNZ: 2903837
BALANCE: nnz_local   min=       0  avg=  22686.23  max=  181626
COMM:    ghost       min=       0  avg=      0.00  max=       0  | recv_double_avg=      0.00 B
METRICS: t_total     = 1.857e-02  t_comp = 7.356e-04  t_comm = 1.842e-02
         gflops_total= 3.126684e-01  gflops_comp= 7.895229e+00
========================================

[RESULT] 0,128,2D,0,0.007818937,0.007217884,181626,0,363252
[RESULT] 0,128,2D,1,0.007131100,0.006539583,181626,0,363252
[RESULT] 0,128,2D,2,0.007214308,0.006623983,181626,0,363252
[RESULT] 0,128,2D,3,0.019201517,0.018594265,181626,0,363252
[RESULT] 0,128,2D,4,0.011517286,0.010892391,181626,0,363252
[RESULT] 0,128,2D,5,0.012738705,0.012154818,181626,0,363252
[RESULT] 0,128,2D,6,0.012730122,0.012144804,181626,0,363252
[RESULT] 0,128,2D,7,0.012721777,0.012125731,181626,0,363252
[RESULT] 0,128,2D,8,0.012582302,0.011979818,181626,0,363252
[RESULT] 0,128,2D,9,0.038898706,0.038274527,181626,0,363252
Total execution time: 5.160 seconds
