Retrieving the matrix from '../matrices/msdoor.mtx'...
%%MatrixMarket matrix coordinate real symmetric
415863 415863 10328399
Real Matrix: Rows=415863 | Cols=415863 | NNZ=10328399 | Procs=2 | Distribution=1D
Applied 1D distribution
Ghost columns identified: 202562 total ghost values needed
Local vector initialized (size=207932 per process)

========================================
COMPREHENSIVE METRICS SUMMARY
========================================
PROCESSES: 2
DISTRIBUTION: 1D
ITERATIONS: 10
Matrix NNZ: 10328399
BALANCE: nnz_local   min= 5144923  avg=5164199.50  max= 5183476
COMM:    ghost       min=  202511  avg= 202536.50  max=  202562  | recv_double_avg=1620292.00 B
METRICS: t_total     = 2.298e-02  t_comp = 2.070e-02  t_comm = 2.927e-03
         gflops_total= 8.989276e-01  gflops_comp= 9.978991e-01
========================================

[RESULT] 0,2,1D,0,0.024893522,0.004755497,5144923,202562,10289846
[RESULT] 0,2,1D,1,0.023519993,0.003465414,5144923,202562,10289846
[RESULT] 0,2,1D,2,0.023016453,0.003008366,5144923,202562,10289846
[RESULT] 0,2,1D,3,0.022925377,0.002890110,5144923,202562,10289846
[RESULT] 0,2,1D,4,0.022952080,0.002810478,5144923,202562,10289846
[RESULT] 0,2,1D,5,0.022580862,0.002635717,5144923,202562,10289846
[RESULT] 0,2,1D,6,0.022554159,0.002483845,5144923,202562,10289846
[RESULT] 0,2,1D,7,0.022435188,0.002410889,5144923,202562,10289846
[RESULT] 0,2,1D,8,0.022670031,0.002476692,5144923,202562,10289846
[RESULT] 0,2,1D,9,0.022246122,0.002337456,5144923,202562,10289846
Total execution time: 6.255 seconds
