Retrieving the matrix from '../matrices/Hook_1498.mtx'...
%%MatrixMarket matrix coordinate real symmetric
1498023 1498023 31207734
Real Matrix: Rows=1498023 | Cols=1498023 | NNZ=31207734 | Procs=32 | Distribution=1D
Applied 1D distribution
Ghost columns identified: 677726 total ghost values needed
Local vector initialized (size=46814 per process)

========================================
COMPREHENSIVE METRICS SUMMARY
========================================
PROCESSES: 32
DISTRIBUTION: 1D
ITERATIONS: 10
Matrix NNZ: 31207734
BALANCE: nnz_local   min=  972581  avg= 975241.69  max=  978414
COMM:    ghost       min=  677568  avg= 679000.47  max=  680740  | recv_double_avg=5432003.75 B
METRICS: t_total     = 3.776e-01  t_comp = 9.628e-02  t_comm = 2.949e-01
         gflops_total= 1.653017e-01  gflops_comp= 6.482398e-01
========================================

[RESULT] 0,32,1D,0,0.448932409,0.384117126,972745,677726,1945490
[RESULT] 0,32,1D,1,0.448827505,0.383988380,972745,677726,1945490
[RESULT] 0,32,1D,2,0.321799517,0.256950855,972745,677726,1945490
[RESULT] 0,32,1D,3,0.320470095,0.254783392,972745,677726,1945490
[RESULT] 0,32,1D,4,0.381797314,0.256056070,972745,677726,1945490
[RESULT] 0,32,1D,5,0.385407448,0.260294199,972745,677726,1945490
[RESULT] 0,32,1D,6,0.380620480,0.255155325,972745,677726,1945490
[RESULT] 0,32,1D,7,0.381321430,0.316536427,972745,677726,1945490
[RESULT] 0,32,1D,8,0.319029331,0.253149509,972745,677726,1945490
[RESULT] 0,32,1D,9,0.387645960,0.317747116,972745,677726,1945490
Total execution time: 416.053 seconds
