Retrieving the matrix from '../matrices/msdoor.mtx'...
%%MatrixMarket matrix coordinate real symmetric
415863 415863 10328399
Real Matrix: Rows=415863 | Cols=415863 | NNZ=10328399 | Procs=8 | Distribution=1D
Applied 1D distribution
Ghost columns identified: 321469 total ghost values needed
Local vector initialized (size=51983 per process)

========================================
COMPREHENSIVE METRICS SUMMARY
========================================
PROCESSES: 8
DISTRIBUTION: 1D
ITERATIONS: 10
Matrix NNZ: 10328399
BALANCE: nnz_local   min= 1277493  avg=1291049.88  max= 1305906
COMM:    ghost       min=  321149  avg= 321559.25  max=  322394  | recv_double_avg=2572474.00 B
METRICS: t_total     = 1.357e-02  t_comp = 7.543e-03  t_comm = 6.237e-03
         gflops_total= 1.521890e+00  gflops_comp= 2.738412e+00
========================================

[RESULT] 0,8,1D,0,0.014622688,0.007500410,1281251,321469,2562502
[RESULT] 0,8,1D,1,0.013034105,0.005881548,1281251,321469,2562502
[RESULT] 0,8,1D,2,0.012985945,0.006149054,1281251,321469,2562502
[RESULT] 0,8,1D,3,0.012930393,0.005852699,1281251,321469,2562502
[RESULT] 0,8,1D,4,0.012587309,0.005891562,1281251,321469,2562502
[RESULT] 0,8,1D,5,0.012797117,0.006021976,1281251,321469,2562502
[RESULT] 0,8,1D,6,0.013016462,0.005957365,1281251,321469,2562502
[RESULT] 0,8,1D,7,0.012592316,0.005859852,1281251,321469,2562502
[RESULT] 0,8,1D,8,0.012695312,0.005921602,1281251,321469,2562502
[RESULT] 0,8,1D,9,0.013154268,0.006068945,1281251,321469,2562502
Total execution time: 6.624 seconds
