Retrieving the matrix from '../matrices/tmt_sym.mtx'...
%%MatrixMarket matrix coordinate real symmetric
726713 726713 2903837
Real Matrix: Rows=726713 | Cols=726713 | NNZ=2903837 | Procs=4 | Distribution=2D_cyclic
2D Process Grid (Cyclic): 2 x 2
Rank 1: Grid (0,1) | Local rows=363357 | NNZ=725992 | ColsGlobal
Rank 3: Grid (1,1) | Local rows=363356 | NNZ=725925 | ColsGlobal
Rank 2: Grid (1,0) | Local rows=363356 | NNZ=725736 | ColsGlobal
Rank 0: Grid (0,0) | Local rows=363357 | NNZ=726184 | ColsGlobal
Applied 2D cyclic distribution (global column indices preserved)
2D Comm Pattern: grid 2 x 2 | expand ghosts on rank 0: 181678
2D: local vector size = 363357 (column block), local rows = 363357

========================================
COMPREHENSIVE METRICS SUMMARY
========================================
PROCESSES: 4
DISTRIBUTION: 2D_cyclic
GRID: 2 x 2 (proc_rows x proc_cols)
ITERATIONS: 10
Matrix NNZ: 2903837
BALANCE: nnz_local   min=  725736  avg= 725959.25  max=  726184
COMM:    ghost       min=  181637  avg= 181662.25  max=  181678  | recv_double_avg=1453298.00 B
METRICS: t_total     = 1.192e-02  t_comp = 2.840e-03  t_comm = 9.219e-03
         gflops_total= 4.871080e-01  gflops_comp= 2.044651e+00
========================================

[RESULT] 0,4,2D_cyclic,0,0.013864756,0.011223793,726184,181678,1452368
[RESULT] 0,4,2D_cyclic,1,0.013267040,0.010680199,726184,181678,1452368
[RESULT] 0,4,2D_cyclic,2,0.012509108,0.009989977,726184,181678,1452368
[RESULT] 0,4,2D_cyclic,3,0.010987520,0.008389950,726184,181678,1452368
[RESULT] 0,4,2D_cyclic,4,0.010277987,0.007790327,726184,181678,1452368
[RESULT] 0,4,2D_cyclic,5,0.010254860,0.007678986,726184,181678,1452368
[RESULT] 0,4,2D_cyclic,6,0.010065079,0.007542849,726184,181678,1452368
[RESULT] 0,4,2D_cyclic,7,0.010999441,0.008387566,726184,181678,1452368
[RESULT] 0,4,2D_cyclic,8,0.011654139,0.009171009,726184,181678,1452368
[RESULT] 0,4,2D_cyclic,9,0.015347719,0.009968758,726184,181678,1452368
Total execution time: 2.010 seconds
