Retrieving the matrix from '../matrices/msdoor.mtx'...
%%MatrixMarket matrix coordinate real symmetric
415863 415863 10328399
Real Matrix: Rows=415863 | Cols=415863 | NNZ=10328399 | Procs=1 | Distribution=1D
Applied 1D distribution
Ghost columns identified: 0 total ghost values needed
Local vector initialized (size=415863 per process)

========================================
COMPREHENSIVE METRICS SUMMARY
========================================
PROCESSES: 1
DISTRIBUTION: 1D
ITERATIONS: 10
Matrix NNZ: 10328399
BALANCE: nnz_local   min=10328399  avg=10328399.00  max=10328399
COMM:    ghost       min=       0  avg=      0.00  max=       0  | recv_double_avg=      0.00 B
METRICS: t_total     = 3.084e-02  t_comp = 3.059e-02  t_comm = 2.532e-04
         gflops_total= 6.697559e-01  gflops_comp= 6.753008e-01
========================================

[RESULT] 0,1,1D,0,0.030674458,0.000256300,10328399,0,20656798
[RESULT] 0,1,1D,1,0.031099796,0.000257254,10328399,0,20656798
[RESULT] 0,1,1D,2,0.030817509,0.000234842,10328399,0,20656798
[RESULT] 0,1,1D,3,0.030817270,0.000239849,10328399,0,20656798
[RESULT] 0,1,1D,4,0.030767679,0.000241041,10328399,0,20656798
[RESULT] 0,1,1D,5,0.030726194,0.000277519,10328399,0,20656798
[RESULT] 0,1,1D,6,0.030760050,0.000251532,10328399,0,20656798
[RESULT] 0,1,1D,7,0.030777931,0.000262022,10328399,0,20656798
[RESULT] 0,1,1D,8,0.030898809,0.000256777,10328399,0,20656798
[RESULT] 0,1,1D,9,0.031083107,0.000255346,10328399,0,20656798
Total execution time: 6.430 seconds
