Retrieving the matrix from '../matrices/Hook_1498.mtx'...
%%MatrixMarket matrix coordinate real symmetric
1498023 1498023 31207734
Real Matrix: Rows=1498023 | Cols=1498023 | NNZ=31207734 | Procs=16 | Distribution=2D_cyclic
2D Process Grid (Cyclic): 4 x 4
Rank 8: Grid (2,0) | Local rows=374506 | NNZ=1892958 | ColsGlobal
Rank 7: Grid (1,3) | Local rows=374506 | NNZ=1894293 | ColsGlobal
Rank 9: Grid (2,1) | Local rows=374506 | NNZ=1994719 | ColsGlobal
Rank 10: Grid (2,2) | Local rows=374506 | NNZ=2109999 | ColsGlobal
Rank 4: Grid (1,0) | Local rows=374506 | NNZ=1996470 | ColsGlobal
Rank 11: Grid (2,3) | Local rows=374506 | NNZ=1802912 | ColsGlobal
Rank 2: Grid (0,2) | Local rows=374506 | NNZ=1893594 | ColsGlobal
Rank 5: Grid (1,1) | Local rows=374506 | NNZ=2108112 | ColsGlobal
Rank 1: Grid (0,1) | Local rows=374506 | NNZ=1800484 | ColsGlobal
Rank 3: Grid (0,3) | Local rows=374506 | NNZ=1998631 | ColsGlobal
Rank 13: Grid (3,1) | Local rows=374505 | NNZ=1892025 | ColsGlobal
Rank 6: Grid (1,2) | Local rows=374506 | NNZ=1801988 | ColsGlobal
Rank 15: Grid (3,3) | Local rows=374505 | NNZ=2111763 | ColsGlobal
Rank 0: Grid (0,0) | Local rows=374506 | NNZ=2109839 | ColsGlobal
Applied 2D cyclic distribution (global column indices preserved)
Rank 12: Grid (3,0) | Local rows=374505 | NNZ=1801750 | ColsGlobal
Rank 14: Grid (3,2) | Local rows=374505 | NNZ=1998197 | ColsGlobal
2D Comm Pattern: grid 4 x 4 | expand ghosts on rank 0: 280879
2D: local vector size = 374506 (column block), local rows = 374506

========================================
COMPREHENSIVE METRICS SUMMARY
========================================
PROCESSES: 16
DISTRIBUTION: 2D_cyclic
GRID: 4 x 4 (proc_rows x proc_cols)
ITERATIONS: 10
Matrix NNZ: 31207734
BALANCE: nnz_local   min= 1800484  avg=1950483.38  max= 2111763
COMM:    ghost       min=  265928  avg= 274027.44  max=  280880  | recv_double_avg=2192219.50 B
METRICS: t_total     = 1.387e+00  t_comp = 6.361e-02  t_comm = 1.361e+00
         gflops_total= 4.500973e-02  gflops_comp= 9.812588e-01
========================================

[RESULT] 0,16,2D_cyclic,0,1.537993193,1.474045515,2109839,280879,4219678
[RESULT] 0,16,2D_cyclic,1,1.298000813,1.216085434,2109839,280879,4219678
[RESULT] 0,16,2D_cyclic,2,1.412990570,1.336045027,2109839,280879,4219678
[RESULT] 0,16,2D_cyclic,3,1.365000010,1.299055576,2109839,280879,4219678
[RESULT] 0,16,2D_cyclic,4,1.416084766,1.357142687,2109839,280879,4219678
[RESULT] 0,16,2D_cyclic,5,1.274998188,1.213281631,2109839,280879,4219678
[RESULT] 0,16,2D_cyclic,6,1.352998257,1.321939945,2109839,280879,4219678
[RESULT] 0,16,2D_cyclic,7,1.407991648,1.344415426,2109839,280879,4219678
[RESULT] 0,16,2D_cyclic,8,1.414989233,1.372911215,2109839,280879,4219678
[RESULT] 0,16,2D_cyclic,9,1.375054598,1.310111284,2109839,280879,4219678
Total execution time: 218.361 seconds
