Retrieving the matrix from '../matrices/Hook_1498.mtx'...
%%MatrixMarket matrix coordinate real symmetric
1498023 1498023 31207734
Real Matrix: Rows=1498023 | Cols=1498023 | NNZ=31207734 | Procs=8 | Distribution=2D
2D Process Grid (Block): 2 x 4 (rows x cols)
Rank 3: Grid (0,3) | Rows [0,749012) | Cols [1123518,1498023) | LocalRows=749012 | NNZ=0 | ColsGlobal
Rank 5: Grid (1,1) | Rows [749012,1498023) | Cols [374506,749012) | LocalRows=749011 | NNZ=247082 | ColsGlobal
Rank 4: Grid (1,0) | Rows [749012,1498023) | Cols [0,374506) | LocalRows=749011 | NNZ=0 | ColsGlobal
Rank 2: Grid (0,2) | Rows [0,749012) | Cols [749012,1123518) | LocalRows=749012 | NNZ=0 | ColsGlobal
Rank 1: Grid (0,1) | Rows [0,749012) | Cols [374506,749012) | LocalRows=749012 | NNZ=7608459 | ColsGlobal
Rank 7: Grid (1,3) | Rows [749012,1498023) | Cols [1123518,1498023) | LocalRows=749011 | NNZ=7616748 | ColsGlobal
Rank 0: Grid (0,0) | Rows [0,749012) | Cols [0,374506) | LocalRows=749012 | NNZ=7915821 | ColsGlobal
Applied 2D block distribution (global column indices preserved)
Rank 6: Grid (1,2) | Rows [749012,1498023) | Cols [749012,1123518) | LocalRows=749011 | NNZ=7819624 | ColsGlobal
2D Comm Pattern: grid 2 x 4 | expand ghosts on rank 0: 0
2D: local vector size = 374506 (column block), local rows = 749012

========================================
COMPREHENSIVE METRICS SUMMARY
========================================
PROCESSES: 8
DISTRIBUTION: 2D
GRID: 2 x 4 (proc_rows x proc_cols)
ITERATIONS: 10
Matrix NNZ: 31207734
BALANCE: nnz_local   min=       0  avg=3900966.75  max= 7915821
COMM:    ghost       min=       0  avg=      0.00  max=       0  | recv_double_avg=      0.00 B
METRICS: t_total     = 1.758e+00  t_comp = 7.624e-03  t_comm = 1.755e+00
         gflops_total= 3.549530e-02  gflops_comp= 8.186472e+00
========================================

[RESULT] 0,8,2D,0,1.802011490,1.796396255,7915821,0,15831642
[RESULT] 0,8,2D,1,1.796013117,1.790979385,7915821,0,15831642
[RESULT] 0,8,2D,2,1.816999197,1.811577320,7915821,0,15831642
[RESULT] 0,8,2D,3,1.707001448,1.702272654,7915821,0,15831642
[RESULT] 0,8,2D,4,1.735997438,1.730590582,7915821,0,15831642
[RESULT] 0,8,2D,5,1.739003420,1.734061241,7915821,0,15831642
[RESULT] 0,8,2D,6,1.680002928,1.674805880,7915821,0,15831642
[RESULT] 0,8,2D,7,1.710998297,1.706301451,7915821,0,15831642
[RESULT] 0,8,2D,8,1.732229233,1.701749086,7915821,0,15831642
[RESULT] 0,8,2D,9,1.709230423,1.704510927,7915821,0,15831642
Total execution time: 135.168 seconds
