Retrieving the matrix from '../matrices/tmt_sym.mtx'...
%%MatrixMarket matrix coordinate real symmetric
726713 726713 2903837
Real Matrix: Rows=726713 | Cols=726713 | NNZ=2903837 | Procs=32 | Distribution=1D
Applied 1D distribution
Ghost columns identified: 65697 total ghost values needed
Local vector initialized (size=22710 per process)

========================================
COMPREHENSIVE METRICS SUMMARY
========================================
PROCESSES: 32
DISTRIBUTION: 1D
ITERATIONS: 10
Matrix NNZ: 2903837
BALANCE: nnz_local   min=   90504  avg=  90744.91  max=   90959
COMM:    ghost       min=   64406  avg=  65228.78  max=   65826  | recv_double_avg= 521830.25 B
METRICS: t_total     = 2.185e-01  t_comp = 2.789e-02  t_comm = 1.906e-01
         gflops_total= 2.657506e-02  gflops_comp= 2.082146e-01
========================================

[RESULT] 0,32,1D,0,0.191345215,0.190002441,90585,65697,181170
[RESULT] 0,32,1D,1,0.260627031,0.189986706,90585,65697,181170
[RESULT] 0,32,1D,2,0.194211960,0.192011356,90585,65697,181170
[RESULT] 0,32,1D,3,0.256619453,0.192278385,90585,65697,181170
[RESULT] 0,32,1D,4,0.196062326,0.193180323,90585,65697,181170
[RESULT] 0,32,1D,5,0.187484264,0.186006308,90585,65697,181170
[RESULT] 0,32,1D,6,0.256610870,0.189984798,90585,65697,181170
[RESULT] 0,32,1D,7,0.193868876,0.192009211,90585,65697,181170
[RESULT] 0,32,1D,8,0.194901943,0.193009377,90585,65697,181170
[RESULT] 0,32,1D,9,0.253653526,0.187989235,90585,65697,181170
Total execution time: 53.212 seconds
