Retrieving the matrix from '../matrices/tmt_sym.mtx'...
%%MatrixMarket matrix coordinate real symmetric
726713 726713 2903837
Real Matrix: Rows=726713 | Cols=726713 | NNZ=2903837 | Procs=128 | Distribution=2D_cyclic
2D Process Grid (Cyclic): 8 x 16
Rank 27: Grid (1,11) | Local rows=90839 | NNZ=12468 | ColsGlobal
Rank 28: Grid (1,12) | Local rows=90839 | NNZ=12268 | ColsGlobal
Rank 29: Grid (1,13) | Local rows=90839 | NNZ=11337 | ColsGlobal
Rank 30: Grid (1,14) | Local rows=90839 | NNZ=10397 | ColsGlobal
Rank 31: Grid (1,15) | Local rows=90839 | NNZ=10301 | ColsGlobal
Rank 90: Grid (5,10) | Local rows=90839 | NNZ=10471 | ColsGlobal
Rank 45: Grid (2,13) | Local rows=90839 | NNZ=10327 | ColsGlobal
Rank 95: Grid (5,15) | Local rows=90839 | NNZ=12513 | ColsGlobal
Rank 46: Grid (2,14) | Local rows=90839 | NNZ=10319 | ColsGlobal
Rank 32: Grid (2,0) | Local rows=90839 | NNZ=11422 | ColsGlobal
Rank 98: Grid (6,2) | Local rows=90839 | NNZ=10276 | ColsGlobal
Rank 91: Grid (5,11) | Local rows=90839 | NNZ=10260 | ColsGlobal
Rank 4: Grid (0,4) | Local rows=90840 | NNZ=12374 | ColsGlobal
Rank 47: Grid (2,15) | Local rows=90839 | NNZ=10565 | ColsGlobal
Rank 108: Grid (6,12) | Local rows=90839 | NNZ=11377 | ColsGlobal
Rank 96: Grid (6,0) | Local rows=90839 | NNZ=11256 | ColsGlobal
Rank 48: Grid (3,0) | Local rows=90839 | NNZ=12082 | ColsGlobal
Rank 99: Grid (6,3) | Local rows=90839 | NNZ=10449 | ColsGlobal
Rank 44: Grid (2,12) | Local rows=90839 | NNZ=11377 | ColsGlobal
Rank 40: Grid (2,8) | Local rows=90839 | NNZ=11432 | ColsGlobal
Rank 97: Grid (6,1) | Local rows=90839 | NNZ=10375 | ColsGlobal
Rank 107: Grid (6,11) | Local rows=90839 | NNZ=10373 | ColsGlobal
Rank 100: Grid (6,4) | Local rows=90839 | NNZ=11435 | ColsGlobal
Rank 26: Grid (1,10) | Local rows=90839 | NNZ=12141 | ColsGlobal
Rank 5: Grid (0,5) | Local rows=90840 | NNZ=12276 | ColsGlobal
Rank 35: Grid (2,3) | Local rows=90839 | NNZ=12240 | ColsGlobal
Rank 49: Grid (3,1) | Local rows=90839 | NNZ=12293 | ColsGlobal
Rank 36: Grid (2,4) | Local rows=90839 | NNZ=11377 | ColsGlobal
Rank 2: Grid (0,2) | Local rows=90840 | NNZ=11348 | ColsGlobal
Rank 19: Grid (1,3) | Local rows=90839 | NNZ=12334 | ColsGlobal
Rank 20: Grid (1,4) | Local rows=90839 | NNZ=12198 | ColsGlobal
Rank 11: Grid (0,11) | Local rows=90840 | NNZ=12333 | ColsGlobal
Rank 43: Grid (2,11) | Local rows=90839 | NNZ=12255 | ColsGlobal
Rank 6: Grid (0,6) | Local rows=90840 | NNZ=11244 | ColsGlobal
Rank 92: Grid (5,12) | Local rows=90839 | NNZ=55764 | ColsGlobal
Rank 94: Grid (5,14) | Local rows=90839 | NNZ=12263 | ColsGlobal
Rank 127: Grid (7,15) | Local rows=90839 | NNZ=56719 | ColsGlobal
Rank 33: Grid (2,1) | Local rows=90839 | NNZ=57682 | ColsGlobal
Rank 53: Grid (3,5) | Local rows=90839 | NNZ=10160 | ColsGlobal
Rank 21: Grid (1,5) | Local rows=90839 | NNZ=11382 | ColsGlobal
Rank 34: Grid (2,2) | Local rows=90839 | NNZ=57790 | ColsGlobal
Rank 1: Grid (0,1) | Local rows=90840 | NNZ=10426 | ColsGlobal
Rank 52: Grid (3,4) | Local rows=90839 | NNZ=10411 | ColsGlobal
Rank 10: Grid (0,10) | Local rows=90840 | NNZ=11259 | ColsGlobal
Rank 63: Grid (3,15) | Local rows=90839 | NNZ=11333 | ColsGlobal
Rank 22: Grid (1,6) | Local rows=90839 | NNZ=10522 | ColsGlobal
Rank 109: Grid (6,13) | Local rows=90839 | NNZ=57655 | ColsGlobal
Rank 93: Grid (5,13) | Local rows=90839 | NNZ=56648 | ColsGlobal
Rank 57: Grid (3,9) | Local rows=90839 | NNZ=12389 | ColsGlobal
Rank 23: Grid (1,7) | Local rows=90839 | NNZ=10280 | ColsGlobal
Rank 12: Grid (0,12) | Local rows=90840 | NNZ=12367 | ColsGlobal
Rank 37: Grid (2,5) | Local rows=90839 | NNZ=10446 | ColsGlobal
Rank 38: Grid (2,6) | Local rows=90839 | NNZ=10242 | ColsGlobal
Rank 50: Grid (3,2) | Local rows=90839 | NNZ=57622 | ColsGlobal
Rank 88: Grid (5,8) | Local rows=90839 | NNZ=12178 | ColsGlobal
Rank 0: Grid (0,0) | Local rows=90840 | NNZ=55638 | ColsGlobal
Applied 2D cyclic distribution (global column indices preserved)
Rank 41: Grid (2,9) | Local rows=90839 | NNZ=57535 | ColsGlobal
Rank 9: Grid (0,9) | Local rows=90840 | NNZ=10534 | ColsGlobal
Rank 71: Grid (4,7) | Local rows=90839 | NNZ=12269 | ColsGlobal
Rank 60: Grid (3,12) | Local rows=90839 | NNZ=10411 | ColsGlobal
Rank 39: Grid (2,7) | Local rows=90839 | NNZ=10413 | ColsGlobal
Rank 89: Grid (5,9) | Local rows=90839 | NNZ=11315 | ColsGlobal
Rank 64: Grid (4,0) | Local rows=90839 | NNZ=12342 | ColsGlobal
Rank 101: Grid (6,5) | Local rows=90839 | NNZ=57508 | ColsGlobal
Rank 83: Grid (5,3) | Local rows=90839 | NNZ=10197 | ColsGlobal
Rank 61: Grid (3,13) | Local rows=90839 | NNZ=10193 | ColsGlobal
Rank 103: Grid (6,7) | Local rows=90839 | NNZ=12277 | ColsGlobal
Rank 54: Grid (3,6) | Local rows=90839 | NNZ=10424 | ColsGlobal
Rank 111: Grid (6,15) | Local rows=90839 | NNZ=12247 | ColsGlobal
Rank 51: Grid (3,3) | Local rows=90839 | NNZ=56705 | ColsGlobal
Rank 3: Grid (0,3) | Local rows=90840 | NNZ=12299 | ColsGlobal
Rank 18: Grid (1,2) | Local rows=90839 | NNZ=12219 | ColsGlobal
Rank 104: Grid (6,8) | Local rows=90839 | NNZ=11285 | ColsGlobal
Rank 65: Grid (4,1) | Local rows=90839 | NNZ=12337 | ColsGlobal
Rank 110: Grid (6,14) | Local rows=90839 | NNZ=57861 | ColsGlobal
Rank 112: Grid (7,0) | Local rows=90839 | NNZ=10393 | ColsGlobal
Rank 113: Grid (7,1) | Local rows=90839 | NNZ=10300 | ColsGlobal
Rank 7: Grid (0,7) | Local rows=90840 | NNZ=55765 | ColsGlobal
Rank 62: Grid (3,14) | Local rows=90839 | NNZ=10513 | ColsGlobal
Rank 55: Grid (3,7) | Local rows=90839 | NNZ=11381 | ColsGlobal
Rank 102: Grid (6,6) | Local rows=90839 | NNZ=57738 | ColsGlobal
Rank 42: Grid (2,10) | Local rows=90839 | NNZ=57853 | ColsGlobal
Rank 13: Grid (0,13) | Local rows=90840 | NNZ=12247 | ColsGlobal
Rank 114: Grid (7,2) | Local rows=90839 | NNZ=10468 | ColsGlobal
Rank 8: Grid (0,8) | Local rows=90840 | NNZ=55631 | ColsGlobal
Rank 58: Grid (3,10) | Local rows=90839 | NNZ=57706 | ColsGlobal
Rank 115: Grid (7,3) | Local rows=90839 | NNZ=11354 | ColsGlobal
Rank 72: Grid (4,8) | Local rows=90839 | NNZ=12439 | ColsGlobal
Rank 59: Grid (3,11) | Local rows=90839 | NNZ=56671 | ColsGlobal
Rank 69: Grid (4,5) | Local rows=90839 | NNZ=10408 | ColsGlobal
Rank 105: Grid (6,9) | Local rows=90839 | NNZ=10494 | ColsGlobal
Rank 68: Grid (4,4) | Local rows=90839 | NNZ=55638 | ColsGlobal
Rank 73: Grid (4,9) | Local rows=90839 | NNZ=12253 | ColsGlobal
Rank 66: Grid (4,2) | Local rows=90839 | NNZ=11441 | ColsGlobal
Rank 106: Grid (6,10) | Local rows=90839 | NNZ=10175 | ColsGlobal
Rank 56: Grid (3,8) | Local rows=90839 | NNZ=12246 | ColsGlobal
Rank 14: Grid (0,14) | Local rows=90840 | NNZ=11377 | ColsGlobal
Rank 74: Grid (4,10) | Local rows=90839 | NNZ=11385 | ColsGlobal
Rank 86: Grid (5,6) | Local rows=90839 | NNZ=12155 | ColsGlobal
Rank 87: Grid (5,7) | Local rows=90839 | NNZ=12321 | ColsGlobal
Rank 116: Grid (7,4) | Local rows=90839 | NNZ=12153 | ColsGlobal
Rank 24: Grid (1,8) | Local rows=90839 | NNZ=55860 | ColsGlobal
Rank 67: Grid (4,3) | Local rows=90839 | NNZ=55735 | ColsGlobal
Rank 70: Grid (4,6) | Local rows=90839 | NNZ=11407 | ColsGlobal
Rank 81: Grid (5,1) | Local rows=90839 | NNZ=11379 | ColsGlobal
Rank 17: Grid (1,1) | Local rows=90839 | NNZ=56821 | ColsGlobal
Rank 117: Grid (7,5) | Local rows=90839 | NNZ=12460 | ColsGlobal
Rank 82: Grid (5,2) | Local rows=90839 | NNZ=10506 | ColsGlobal
Rank 77: Grid (4,13) | Local rows=90839 | NNZ=10420 | ColsGlobal
Rank 25: Grid (1,9) | Local rows=90839 | NNZ=56667 | ColsGlobal
Rank 84: Grid (5,4) | Local rows=90839 | NNZ=55892 | ColsGlobal
Rank 79: Grid (4,15) | Local rows=90839 | NNZ=12233 | ColsGlobal
Rank 85: Grid (5,5) | Local rows=90839 | NNZ=56707 | ColsGlobal
Rank 75: Grid (4,11) | Local rows=90839 | NNZ=55804 | ColsGlobal
Rank 78: Grid (4,14) | Local rows=90839 | NNZ=11293 | ColsGlobal
Rank 15: Grid (0,15) | Local rows=90840 | NNZ=55812 | ColsGlobal
Rank 16: Grid (1,0) | Local rows=90839 | NNZ=55836 | ColsGlobal
Rank 118: Grid (7,6) | Local rows=90839 | NNZ=57687 | ColsGlobal
Rank 120: Grid (7,8) | Local rows=90839 | NNZ=10398 | ColsGlobal
Rank 80: Grid (5,0) | Local rows=90839 | NNZ=12244 | ColsGlobal
Rank 76: Grid (4,12) | Local rows=90839 | NNZ=55786 | ColsGlobal
Rank 121: Grid (7,9) | Local rows=90839 | NNZ=10363 | ColsGlobal
Rank 119: Grid (7,7) | Local rows=90839 | NNZ=56877 | ColsGlobal
Rank 122: Grid (7,10) | Local rows=90839 | NNZ=10388 | ColsGlobal
Rank 123: Grid (7,11) | Local rows=90839 | NNZ=11464 | ColsGlobal
Rank 124: Grid (7,12) | Local rows=90839 | NNZ=12339 | ColsGlobal
Rank 125: Grid (7,13) | Local rows=90839 | NNZ=12333 | ColsGlobal
Rank 126: Grid (7,14) | Local rows=90839 | NNZ=57581 | ColsGlobal
2D Comm Pattern: grid 8 x 16 | expand ghosts on rank 0: 42581
2D: local vector size = 45420 (column block), local rows = 90840

========================================
COMPREHENSIVE METRICS SUMMARY
========================================
PROCESSES: 128
DISTRIBUTION: 2D_cyclic
GRID: 8 x 16 (proc_rows x proc_cols)
ITERATIONS: 10
Matrix NNZ: 2903837
BALANCE: nnz_local   min=   10160  avg=  22686.23  max=   57861
COMM:    ghost       min=    9326  avg=  18593.31  max=   42582  | recv_double_avg= 148746.50 B
METRICS: t_total     = 8.866e+00  t_comp = 2.566e-02  t_comm = 8.865e+00
         gflops_total= 6.550565e-04  gflops_comp= 2.263016e-01
========================================

[RESULT] 0,128,2D_cyclic,0,8.703997374,8.702596664,55638,42581,111276
[RESULT] 0,128,2D_cyclic,1,8.444982529,8.444494009,55638,42581,111276
[RESULT] 0,128,2D_cyclic,2,8.703989029,8.703497171,55638,42581,111276
[RESULT] 0,128,2D_cyclic,3,8.448987722,8.448496580,55638,42581,111276
[RESULT] 0,128,2D_cyclic,4,8.957986593,8.957500696,55638,42581,111276
[RESULT] 0,128,2D_cyclic,5,8.191987276,8.191500902,55638,42581,111276
[RESULT] 0,128,2D_cyclic,6,8.447998762,8.447515011,55638,42581,111276
[RESULT] 0,128,2D_cyclic,7,8.392012596,8.391516924,55638,42581,111276
[RESULT] 0,128,2D_cyclic,8,8.959990501,8.959496737,55638,42581,111276
[RESULT] 0,128,2D_cyclic,9,9.215993404,9.215505362,55638,42581,111276
Total execution time: 357.261 seconds
