Retrieving the matrix from '../matrices/msdoor.mtx'...
%%MatrixMarket matrix coordinate real symmetric
415863 415863 10328399
Real Matrix: Rows=415863 | Cols=415863 | NNZ=10328399 | Procs=4 | Distribution=2D
2D Process Grid (Block): 2 x 2 (rows x cols)
Rank 1: Grid (0,1) | Rows [0,207932) | Cols [207932,415863) | LocalRows=207932 | NNZ=0 | ColsGlobal
Rank 2: Grid (1,0) | Rows [207932,415863) | Cols [0,207932) | LocalRows=207931 | NNZ=835033 | ColsGlobal
Rank 3: Grid (1,1) | Rows [207932,415863) | Cols [207932,415863) | LocalRows=207931 | NNZ=4669633 | ColsGlobal
Rank 0: Grid (0,0) | Rows [0,207932) | Cols [0,207932) | LocalRows=207932 | NNZ=4823733 | ColsGlobal
Applied 2D block distribution (global column indices preserved)
2D Comm Pattern: grid 2 x 2 | expand ghosts on rank 0: 0
2D: local vector size = 207932 (column block), local rows = 207932

========================================
COMPREHENSIVE METRICS SUMMARY
========================================
PROCESSES: 4
DISTRIBUTION: 2D
GRID: 2 x 2 (proc_rows x proc_cols)
ITERATIONS: 10
Matrix NNZ: 10328399
BALANCE: nnz_local   min=       0  avg=2582099.75  max= 4823733
COMM:    ghost       min=       0  avg=      0.00  max=       0  | recv_double_avg=      0.00 B
METRICS: t_total     = 1.341e-02  t_comp = 1.100e-02  t_comm = 1.190e-02
         gflops_total= 1.540247e+00  gflops_comp= 1.877559e+00
========================================

[RESULT] 0,4,2D,0,0.013288736,0.005714178,4823733,0,9647466
[RESULT] 0,4,2D,1,0.011664391,0.004202604,4823733,0,9647466
[RESULT] 0,4,2D,2,0.010841131,0.003415346,4823733,0,9647466
[RESULT] 0,4,2D,3,0.010439396,0.002975225,4823733,0,9647466
[RESULT] 0,4,2D,4,0.010416746,0.002979040,4823733,0,9647466
[RESULT] 0,4,2D,5,0.010426521,0.002963305,4823733,0,9647466
[RESULT] 0,4,2D,6,0.010263205,0.002803087,4823733,0,9647466
[RESULT] 0,4,2D,7,0.010145187,0.002715349,4823733,0,9647466
[RESULT] 0,4,2D,8,0.010135889,0.002682209,4823733,0,9647466
[RESULT] 0,4,2D,9,0.010105610,0.002651691,4823733,0,9647466
Total execution time: 6.490 seconds
