Retrieving the matrix from '../matrices/tmt_sym.mtx'...
%%MatrixMarket matrix coordinate real symmetric
726713 726713 2903837
Real Matrix: Rows=726713 | Cols=726713 | NNZ=2903837 | Procs=2 | Distribution=2D_cyclic
2D Process Grid (Cyclic): 1 x 2
Rank 1: Grid (0,1) | Local rows=726713 | NNZ=1451917 | ColsGlobal
Rank 0: Grid (0,0) | Local rows=726713 | NNZ=1451920 | ColsGlobal
Applied 2D cyclic distribution (global column indices preserved)
2D Comm Pattern: grid 1 x 2 | expand ghosts on rank 0: 181678
2D: local vector size = 363357 (column block), local rows = 726713

========================================
COMPREHENSIVE METRICS SUMMARY
========================================
PROCESSES: 2
DISTRIBUTION: 2D_cyclic
GRID: 1 x 2 (proc_rows x proc_cols)
ITERATIONS: 10
Matrix NNZ: 2903837
BALANCE: nnz_local   min= 1451917  avg=1451918.50  max= 1451920
COMM:    ghost       min=  181678  avg= 181678.00  max=  181678  | recv_double_avg=1453424.00 B
METRICS: t_total     = 1.071e-02  t_comp = 1.530e-03  t_comm = 9.708e-03
         gflops_total= 5.424826e-01  gflops_comp= 3.794910e+00
========================================

[RESULT] 0,2,2D_cyclic,0,0.013874769,0.012673855,1451920,181678,2903840
[RESULT] 0,2,2D_cyclic,1,0.011452913,0.010399103,1451920,181678,2903840
[RESULT] 0,2,2D_cyclic,2,0.010497093,0.009489775,1451920,181678,2903840
[RESULT] 0,2,2D_cyclic,3,0.010280848,0.009298325,1451920,181678,2903840
[RESULT] 0,2,2D_cyclic,4,0.010129690,0.009164095,1451920,181678,2903840
[RESULT] 0,2,2D_cyclic,5,0.010109663,0.009148359,1451920,181678,2903840
[RESULT] 0,2,2D_cyclic,6,0.010343552,0.009392023,1451920,181678,2903840
[RESULT] 0,2,2D_cyclic,7,0.010089636,0.009129047,1451920,181678,2903840
[RESULT] 0,2,2D_cyclic,8,0.010195017,0.009251356,1451920,181678,2903840
[RESULT] 0,2,2D_cyclic,9,0.010084152,0.009135723,1451920,181678,2903840
Total execution time: 1.981 seconds
