Retrieving the matrix from '../matrices/msdoor.mtx'...
%%MatrixMarket matrix coordinate real symmetric
415863 415863 10328399
Real Matrix: Rows=415863 | Cols=415863 | NNZ=10328399 | Procs=32 | Distribution=2D
2D Process Grid (Block): 4 x 8 (rows x cols)
Rank 23: Grid (2,7) | Rows [207932,311898) | Cols [363881,415863) | LocalRows=103966 | NNZ=0 | ColsGlobal
Rank 3: Grid (0,3) | Rows [0,103966) | Cols [155949,207932) | LocalRows=103966 | NNZ=0 | ColsGlobal
Rank 22: Grid (2,6) | Rows [207932,311898) | Cols [311898,363881) | LocalRows=103966 | NNZ=0 | ColsGlobal
Rank 5: Grid (0,5) | Rows [0,103966) | Cols [259915,311898) | LocalRows=103966 | NNZ=0 | ColsGlobal
Rank 17: Grid (2,1) | Rows [207932,311898) | Cols [51983,103966) | LocalRows=103966 | NNZ=0 | ColsGlobal
Rank 25: Grid (3,1) | Rows [311898,415863) | Cols [51983,103966) | LocalRows=103965 | NNZ=0 | ColsGlobal
Rank 15: Grid (1,7) | Rows [103966,207932) | Cols [363881,415863) | LocalRows=103966 | NNZ=0 | ColsGlobal
Rank 24: Grid (3,0) | Rows [311898,415863) | Cols [0,51983) | LocalRows=103965 | NNZ=0 | ColsGlobal
Rank 13: Grid (1,5) | Rows [103966,207932) | Cols [259915,311898) | LocalRows=103966 | NNZ=0 | ColsGlobal
Rank 4: Grid (0,4) | Rows [0,103966) | Cols [207932,259915) | LocalRows=103966 | NNZ=0 | ColsGlobal
Rank 2: Grid (0,2) | Rows [0,103966) | Cols [103966,155949) | LocalRows=103966 | NNZ=0 | ColsGlobal
Rank 7: Grid (0,7) | Rows [0,103966) | Cols [363881,415863) | LocalRows=103966 | NNZ=0 | ColsGlobal
Rank 19: Grid (2,3) | Rows [207932,311898) | Cols [155949,207932) | LocalRows=103966 | NNZ=338761 | ColsGlobal
Rank 27: Grid (3,3) | Rows [311898,415863) | Cols [155949,207932) | LocalRows=103965 | NNZ=134925 | ColsGlobal
Rank 9: Grid (1,1) | Rows [103966,207932) | Cols [51983,103966) | LocalRows=103966 | NNZ=203668 | ColsGlobal
Rank 14: Grid (1,6) | Rows [103966,207932) | Cols [311898,363881) | LocalRows=103966 | NNZ=0 | ColsGlobal
Rank 12: Grid (1,4) | Rows [103966,207932) | Cols [207932,259915) | LocalRows=103966 | NNZ=0 | ColsGlobal
Rank 6: Grid (0,6) | Rows [0,103966) | Cols [311898,363881) | LocalRows=103966 | NNZ=0 | ColsGlobal
Rank 16: Grid (2,0) | Rows [207932,311898) | Cols [0,51983) | LocalRows=103966 | NNZ=2232 | ColsGlobal
Rank 18: Grid (2,2) | Rows [207932,311898) | Cols [103966,155949) | LocalRows=103966 | NNZ=184479 | ColsGlobal
Rank 29: Grid (3,5) | Rows [311898,415863) | Cols [259915,311898) | LocalRows=103965 | NNZ=568511 | ColsGlobal
Rank 21: Grid (2,5) | Rows [207932,311898) | Cols [259915,311898) | LocalRows=103966 | NNZ=766587 | ColsGlobal
Rank 8: Grid (1,0) | Rows [103966,207932) | Cols [0,51983) | LocalRows=103966 | NNZ=78944 | ColsGlobal
Rank 31: Grid (3,7) | Rows [311898,415863) | Cols [363881,415863) | LocalRows=103965 | NNZ=695870 | ColsGlobal
Rank 26: Grid (3,2) | Rows [311898,415863) | Cols [103966,155949) | LocalRows=103965 | NNZ=174636 | ColsGlobal
Rank 11: Grid (1,3) | Rows [103966,207932) | Cols [155949,207932) | LocalRows=103966 | NNZ=700392 | ColsGlobal
Rank 28: Grid (3,4) | Rows [311898,415863) | Cols [207932,259915) | LocalRows=103965 | NNZ=487137 | ColsGlobal
Rank 1: Grid (0,1) | Rows [0,103966) | Cols [51983,103966) | LocalRows=103966 | NNZ=1144685 | ColsGlobal
Rank 30: Grid (3,6) | Rows [311898,415863) | Cols [311898,363881) | LocalRows=103965 | NNZ=1006097 | ColsGlobal
Rank 0: Grid (0,0) | Rows [0,103966) | Cols [0,51983) | LocalRows=103966 | NNZ=1324463 | ColsGlobal
Applied 2D block distribution (global column indices preserved)
Rank 20: Grid (2,4) | Rows [207932,311898) | Cols [207932,259915) | LocalRows=103966 | NNZ=1145431 | ColsGlobal
Rank 10: Grid (1,2) | Rows [103966,207932) | Cols [103966,155949) | LocalRows=103966 | NNZ=1371581 | ColsGlobal
2D Comm Pattern: grid 4 x 8 | expand ghosts on rank 0: 0
2D: local vector size = 51983 (column block), local rows = 103966

========================================
COMPREHENSIVE METRICS SUMMARY
========================================
PROCESSES: 32
DISTRIBUTION: 2D
GRID: 4 x 8 (proc_rows x proc_cols)
ITERATIONS: 10
Matrix NNZ: 10328399
BALANCE: nnz_local   min=       0  avg= 322762.47  max= 1371581
COMM:    ghost       min=       0  avg=      0.00  max=       0  | recv_double_avg=      0.00 B
METRICS: t_total     = 1.428e+00  t_comp = 1.998e-02  t_comm = 1.427e+00
         gflops_total= 1.446551e-02  gflops_comp= 1.034097e+00
========================================

[RESULT] 0,32,2D,0,1.410000086,1.407807112,1324463,0,2648926
[RESULT] 0,32,2D,1,1.331001282,1.328889370,1324463,0,2648926
[RESULT] 0,32,2D,2,1.340988398,1.338911057,1324463,0,2648926
[RESULT] 0,32,2D,3,1.340997696,1.338937283,1324463,0,2648926
[RESULT] 0,32,2D,4,1.404989719,1.402997017,1324463,0,2648926
[RESULT] 0,32,2D,5,1.405984640,1.404006958,1324463,0,2648926
[RESULT] 0,32,2D,6,1.345997810,1.344022274,1324463,0,2648926
[RESULT] 0,32,2D,7,1.405995846,1.404023647,1324463,0,2648926
[RESULT] 0,32,2D,8,1.280995369,1.279027939,1324463,0,2648926
[RESULT] 0,32,2D,9,1.283989191,1.282045364,1324463,0,2648926
Total execution time: 165.031 seconds
