Retrieving the matrix from '../matrices/Hook_1498.mtx'...
%%MatrixMarket matrix coordinate real symmetric
1498023 1498023 31207734
Real Matrix: Rows=1498023 | Cols=1498023 | NNZ=31207734 | Procs=2 | Distribution=2D_cyclic
2D Process Grid (Cyclic): 1 x 2
Rank 1: Grid (0,1) | Local rows=1498023 | NNZ=15602939 | ColsGlobal
Rank 0: Grid (0,0) | Local rows=1498023 | NNZ=15604795 | ColsGlobal
Applied 2D cyclic distribution (global column indices preserved)
2D Comm Pattern: grid 1 x 2 | expand ghosts on rank 0: 374506
2D: local vector size = 749012 (column block), local rows = 1498023

========================================
COMPREHENSIVE METRICS SUMMARY
========================================
PROCESSES: 2
DISTRIBUTION: 2D_cyclic
GRID: 1 x 2 (proc_rows x proc_cols)
ITERATIONS: 10
Matrix NNZ: 31207734
BALANCE: nnz_local   min=15602939  avg=15603867.00  max=15604795
COMM:    ghost       min=  374506  avg= 374506.00  max=  374506  | recv_double_avg=2996048.00 B
METRICS: t_total     = 5.200e-02  t_comp = 3.411e-02  t_comm = 2.086e-02
         gflops_total= 1.200278e+00  gflops_comp= 1.829662e+00
========================================

[RESULT] 0,2,2D_cyclic,0,0.054462910,0.020756006,15604795,374506,31209590
[RESULT] 0,2,2D_cyclic,1,0.051943779,0.017688513,15604795,374506,31209590
[RESULT] 0,2,2D_cyclic,2,0.051950932,0.017698050,15604795,374506,31209590
[RESULT] 0,2,2D_cyclic,3,0.051584482,0.017476082,15604795,374506,31209590
[RESULT] 0,2,2D_cyclic,4,0.051575899,0.017524481,15604795,374506,31209590
[RESULT] 0,2,2D_cyclic,5,0.051729202,0.017536163,15604795,374506,31209590
[RESULT] 0,2,2D_cyclic,6,0.051618814,0.017523527,15604795,374506,31209590
[RESULT] 0,2,2D_cyclic,7,0.051921606,0.017657042,15604795,374506,31209590
[RESULT] 0,2,2D_cyclic,8,0.051667929,0.017458916,15604795,374506,31209590
[RESULT] 0,2,2D_cyclic,9,0.051553011,0.017558575,15604795,374506,31209590
Total execution time: 19.301 seconds
