Retrieving the matrix from '../matrices/Hook_1498.mtx'...
%%MatrixMarket matrix coordinate real symmetric
1498023 1498023 31207734
Real Matrix: Rows=1498023 | Cols=1498023 | NNZ=31207734 | Procs=1 | Distribution=1D
Applied 1D distribution
Ghost columns identified: 0 total ghost values needed
Local vector initialized (size=1498023 per process)

========================================
COMPREHENSIVE METRICS SUMMARY
========================================
PROCESSES: 1
DISTRIBUTION: 1D
ITERATIONS: 10
Matrix NNZ: 31207734
BALANCE: nnz_local   min=31207734  avg=31207734.00  max=31207734
COMM:    ghost       min=       0  avg=      0.00  max=       0  | recv_double_avg=      0.00 B
METRICS: t_total     = 9.368e-02  t_comp = 9.342e-02  t_comm = 2.621e-04
         gflops_total= 6.662501e-01  gflops_comp= 6.681196e-01
========================================

[RESULT] 0,1,1D,0,0.093554020,0.000289202,31207734,0,62415468
[RESULT] 0,1,1D,1,0.093697786,0.000255585,31207734,0,62415468
[RESULT] 0,1,1D,2,0.094195843,0.000255823,31207734,0,62415468
[RESULT] 0,1,1D,3,0.093414545,0.000254631,31207734,0,62415468
[RESULT] 0,1,1D,4,0.093578100,0.000254631,31207734,0,62415468
[RESULT] 0,1,1D,5,0.093728781,0.000260353,31207734,0,62415468
[RESULT] 0,1,1D,6,0.094236374,0.000261784,31207734,0,62415468
[RESULT] 0,1,1D,7,0.093413353,0.000268221,31207734,0,62415468
[RESULT] 0,1,1D,8,0.093339920,0.000241280,31207734,0,62415468
[RESULT] 0,1,1D,9,0.093658686,0.000279903,31207734,0,62415468
Total execution time: 19.312 seconds
