Retrieving the matrix from '../matrices/msdoor.mtx'...
%%MatrixMarket matrix coordinate real symmetric
415863 415863 10328399
Real Matrix: Rows=415863 | Cols=415863 | NNZ=10328399 | Procs=128 | Distribution=2D
Rank 95: Grid (5,15) | Rows [259915,311898) | Cols [389880,415863) | LocalRows=51983 | NNZ=0 | ColsGlobal
Rank 93: Grid (5,13) | Rows [259915,311898) | Cols [337896,363888) | LocalRows=51983 | NNZ=0 | ColsGlobal
Rank 96: Grid (6,0) | Rows [311898,363881) | Cols [0,25992) | LocalRows=51983 | NNZ=0 | ColsGlobal
Rank 94: Grid (5,14) | Rows [259915,311898) | Cols [363888,389880) | LocalRows=51983 | NNZ=0 | ColsGlobal
Rank 97: Grid (6,1) | Rows [311898,363881) | Cols [25992,51984) | LocalRows=51983 | NNZ=0 | ColsGlobal
Rank 92: Grid (5,12) | Rows [259915,311898) | Cols [311904,337896) | LocalRows=51983 | NNZ=0 | ColsGlobal
Rank 88: Grid (5,8) | Rows [259915,311898) | Cols [207936,233928) | LocalRows=51983 | NNZ=100604 | ColsGlobal
Rank 83: Grid (5,3) | Rows [259915,311898) | Cols [77976,103968) | LocalRows=51983 | NNZ=0 | ColsGlobal
Rank 85: Grid (5,5) | Rows [259915,311898) | Cols [129960,155952) | LocalRows=51983 | NNZ=46648 | ColsGlobal
Rank 82: Grid (5,2) | Rows [259915,311898) | Cols [51984,77976) | LocalRows=51983 | NNZ=0 | ColsGlobal
Rank 98: Grid (6,2) | Rows [311898,363881) | Cols [51984,77976) | LocalRows=51983 | NNZ=0 | ColsGlobal
Rank 87: Grid (5,7) | Rows [259915,311898) | Cols [181944,207936) | LocalRows=51983 | NNZ=35049 | ColsGlobal
Rank 86: Grid (5,6) | Rows [259915,311898) | Cols [155952,181944) | LocalRows=51983 | NNZ=15673 | ColsGlobal
Rank 91: Grid (5,11) | Rows [259915,311898) | Cols [285912,311904) | LocalRows=51983 | NNZ=304156 | ColsGlobal
Rank 84: Grid (5,4) | Rows [259915,311898) | Cols [103968,129960) | LocalRows=51983 | NNZ=20832 | ColsGlobal
Rank 89: Grid (5,9) | Rows [259915,311898) | Cols [233928,259920) | LocalRows=51983 | NNZ=311307 | ColsGlobal
Rank 99: Grid (6,3) | Rows [311898,363881) | Cols [77976,103968) | LocalRows=51983 | NNZ=0 | ColsGlobal
Rank 80: Grid (5,0) | Rows [259915,311898) | Cols [0,25992) | LocalRows=51983 | NNZ=0 | ColsGlobal
Rank 90: Grid (5,10) | Rows [259915,311898) | Cols [259920,285912) | LocalRows=51983 | NNZ=462382 | ColsGlobal
Rank 100: Grid (6,4) | Rows [311898,363881) | Cols [103968,129960) | LocalRows=51983 | NNZ=23968 | ColsGlobal
Rank 79: Grid (4,15) | Rows [207932,259915) | Cols [389880,415863) | LocalRows=51983 | NNZ=0 | ColsGlobal
Rank 81: Grid (5,1) | Rows [259915,311898) | Cols [25992,51984) | LocalRows=51983 | NNZ=0 | ColsGlobal
2D Process Grid (Block): 8 x 16 (rows x cols)
Rank 101: Grid (6,5) | Rows [311898,363881) | Cols [129960,155952) | LocalRows=51983 | NNZ=50988 | ColsGlobal
Rank 74: Grid (4,10) | Rows [207932,259915) | Cols [259920,285912) | LocalRows=51983 | NNZ=0 | ColsGlobal
Rank 102: Grid (6,6) | Rows [311898,363881) | Cols [155952,181944) | LocalRows=51983 | NNZ=18900 | ColsGlobal
Rank 103: Grid (6,7) | Rows [311898,363881) | Cols [181944,207936) | LocalRows=51983 | NNZ=39249 | ColsGlobal
Rank 78: Grid (4,14) | Rows [207932,259915) | Cols [363888,389880) | LocalRows=51983 | NNZ=0 | ColsGlobal
Rank 77: Grid (4,13) | Rows [207932,259915) | Cols [337896,363888) | LocalRows=51983 | NNZ=0 | ColsGlobal
Rank 71: Grid (4,7) | Rows [207932,259915) | Cols [181944,207936) | LocalRows=51983 | NNZ=103584 | ColsGlobal
Rank 104: Grid (6,8) | Rows [311898,363881) | Cols [207936,233928) | LocalRows=51983 | NNZ=104209 | ColsGlobal
Rank 76: Grid (4,12) | Rows [207932,259915) | Cols [311904,337896) | LocalRows=51983 | NNZ=0 | ColsGlobal
Rank 75: Grid (4,11) | Rows [207932,259915) | Cols [285912,311904) | LocalRows=51983 | NNZ=0 | ColsGlobal
Rank 105: Grid (6,9) | Rows [311898,363881) | Cols [233928,259920) | LocalRows=51983 | NNZ=164983 | ColsGlobal
Rank 69: Grid (4,5) | Rows [207932,259915) | Cols [129960,155952) | LocalRows=51983 | NNZ=88104 | ColsGlobal
Rank 73: Grid (4,9) | Rows [207932,259915) | Cols [233928,259920) | LocalRows=51983 | NNZ=332138 | ColsGlobal
Rank 106: Grid (6,10) | Rows [311898,363881) | Cols [259920,285912) | LocalRows=51983 | NNZ=121079 | ColsGlobal
Rank 67: Grid (4,3) | Rows [207932,259915) | Cols [77976,103968) | LocalRows=51983 | NNZ=0 | ColsGlobal
Rank 63: Grid (3,15) | Rows [155949,207932) | Cols [389880,415863) | LocalRows=51983 | NNZ=0 | ColsGlobal
Rank 68: Grid (4,4) | Rows [207932,259915) | Cols [103968,129960) | LocalRows=51983 | NNZ=28904 | ColsGlobal
Rank 72: Grid (4,8) | Rows [207932,259915) | Cols [207936,233928) | LocalRows=51983 | NNZ=401413 | ColsGlobal
Rank 70: Grid (4,6) | Rows [207932,259915) | Cols [155952,181944) | LocalRows=51983 | NNZ=184464 | ColsGlobal
Rank 62: Grid (3,14) | Rows [155949,207932) | Cols [363888,389880) | LocalRows=51983 | NNZ=0 | ColsGlobal
Rank 61: Grid (3,13) | Rows [155949,207932) | Cols [337896,363888) | LocalRows=51983 | NNZ=0 | ColsGlobal
Rank 110: Grid (6,14) | Rows [311898,363881) | Cols [363888,389880) | LocalRows=51983 | NNZ=0 | ColsGlobal
Rank 107: Grid (6,11) | Rows [311898,363881) | Cols [285912,311904) | LocalRows=51983 | NNZ=199805 | ColsGlobal
Rank 60: Grid (3,12) | Rows [155949,207932) | Cols [311904,337896) | LocalRows=51983 | NNZ=0 | ColsGlobal
Rank 64: Grid (4,0) | Rows [207932,259915) | Cols [0,25992) | LocalRows=51983 | NNZ=1224 | ColsGlobal
Rank 66: Grid (4,2) | Rows [207932,259915) | Cols [51984,77976) | LocalRows=51983 | NNZ=0 | ColsGlobal
Rank 59: Grid (3,11) | Rows [155949,207932) | Cols [285912,311904) | LocalRows=51983 | NNZ=0 | ColsGlobal
Rank 65: Grid (4,1) | Rows [207932,259915) | Cols [25992,51984) | LocalRows=51983 | NNZ=1008 | ColsGlobal
Rank 57: Grid (3,9) | Rows [155949,207932) | Cols [233928,259920) | LocalRows=51983 | NNZ=0 | ColsGlobal
Rank 56: Grid (3,8) | Rows [155949,207932) | Cols [207936,233928) | LocalRows=51983 | NNZ=0 | ColsGlobal
Rank 58: Grid (3,10) | Rows [155949,207932) | Cols [259920,285912) | LocalRows=51983 | NNZ=0 | ColsGlobal
Rank 51: Grid (3,3) | Rows [155949,207932) | Cols [77976,103968) | LocalRows=51983 | NNZ=0 | ColsGlobal
Rank 108: Grid (6,12) | Rows [311898,363881) | Cols [311904,337896) | LocalRows=51983 | NNZ=430992 | ColsGlobal
Rank 111: Grid (6,15) | Rows [311898,363881) | Cols [389880,415863) | LocalRows=51983 | NNZ=0 | ColsGlobal
Rank 47: Grid (2,15) | Rows [103966,155949) | Cols [389880,415863) | LocalRows=51983 | NNZ=0 | ColsGlobal
Rank 109: Grid (6,13) | Rows [311898,363881) | Cols [337896,363888) | LocalRows=51983 | NNZ=313622 | ColsGlobal
Rank 112: Grid (7,0) | Rows [363881,415863) | Cols [0,25992) | LocalRows=51982 | NNZ=0 | ColsGlobal
Rank 50: Grid (3,2) | Rows [155949,207932) | Cols [51984,77976) | LocalRows=51983 | NNZ=0 | ColsGlobal
Rank 45: Grid (2,13) | Rows [103966,155949) | Cols [337896,363888) | LocalRows=51983 | NNZ=0 | ColsGlobal
Rank 52: Grid (3,4) | Rows [155949,207932) | Cols [103968,129960) | LocalRows=51983 | NNZ=146132 | ColsGlobal
Rank 55: Grid (3,7) | Rows [155949,207932) | Cols [181944,207936) | LocalRows=51983 | NNZ=228030 | ColsGlobal
Rank 54: Grid (3,6) | Rows [155949,207932) | Cols [155952,181944) | LocalRows=51983 | NNZ=472251 | ColsGlobal
Rank 113: Grid (7,1) | Rows [363881,415863) | Cols [25992,51984) | LocalRows=51982 | NNZ=0 | ColsGlobal
Rank 49: Grid (3,1) | Rows [155949,207932) | Cols [25992,51984) | LocalRows=51983 | NNZ=5683 | ColsGlobal
Rank 46: Grid (2,14) | Rows [103966,155949) | Cols [363888,389880) | LocalRows=51983 | NNZ=0 | ColsGlobal
Rank 48: Grid (3,0) | Rows [155949,207932) | Cols [0,25992) | LocalRows=51983 | NNZ=11955 | ColsGlobal
Rank 115: Grid (7,3) | Rows [363881,415863) | Cols [77976,103968) | LocalRows=51982 | NNZ=0 | ColsGlobal
Rank 53: Grid (3,5) | Rows [155949,207932) | Cols [129960,155952) | LocalRows=51983 | NNZ=580241 | ColsGlobal
Rank 39: Grid (2,7) | Rows [103966,155949) | Cols [181944,207936) | LocalRows=51983 | NNZ=0 | ColsGlobal
Rank 114: Grid (7,2) | Rows [363881,415863) | Cols [51984,77976) | LocalRows=51982 | NNZ=0 | ColsGlobal
Rank 44: Grid (2,12) | Rows [103966,155949) | Cols [311904,337896) | LocalRows=51983 | NNZ=0 | ColsGlobal
Rank 38: Grid (2,6) | Rows [103966,155949) | Cols [155952,181944) | LocalRows=51983 | NNZ=0 | ColsGlobal
Rank 33: Grid (2,1) | Rows [103966,155949) | Cols [25992,51984) | LocalRows=51983 | NNZ=53060 | ColsGlobal
Rank 40: Grid (2,8) | Rows [103966,155949) | Cols [207936,233928) | LocalRows=51983 | NNZ=0 | ColsGlobal
Rank 35: Grid (2,3) | Rows [103966,155949) | Cols [77976,103968) | LocalRows=51983 | NNZ=159416 | ColsGlobal
Rank 34: Grid (2,2) | Rows [103966,155949) | Cols [51984,77976) | LocalRows=51983 | NNZ=44317 | ColsGlobal
Rank 43: Grid (2,11) | Rows [103966,155949) | Cols [285912,311904) | LocalRows=51983 | NNZ=0 | ColsGlobal
Rank 118: Grid (7,6) | Rows [363881,415863) | Cols [155952,181944) | LocalRows=51982 | NNZ=16674 | ColsGlobal
Rank 27: Grid (1,11) | Rows [51983,103966) | Cols [285912,311904) | LocalRows=51983 | NNZ=0 | ColsGlobal
Rank 29: Grid (1,13) | Rows [51983,103966) | Cols [337896,363888) | LocalRows=51983 | NNZ=0 | ColsGlobal
Rank 37: Grid (2,5) | Rows [103966,155949) | Cols [129960,155952) | LocalRows=51983 | NNZ=269931 | ColsGlobal
Rank 41: Grid (2,9) | Rows [103966,155949) | Cols [233928,259920) | LocalRows=51983 | NNZ=0 | ColsGlobal
Rank 23: Grid (1,7) | Rows [51983,103966) | Cols [181944,207936) | LocalRows=51983 | NNZ=0 | ColsGlobal
Rank 31: Grid (1,15) | Rows [51983,103966) | Cols [389880,415863) | LocalRows=51983 | NNZ=0 | ColsGlobal
Rank 117: Grid (7,5) | Rows [363881,415863) | Cols [129960,155952) | LocalRows=51982 | NNZ=78932 | ColsGlobal
Rank 119: Grid (7,7) | Rows [363881,415863) | Cols [181944,207936) | LocalRows=51982 | NNZ=60102 | ColsGlobal
Rank 24: Grid (1,8) | Rows [51983,103966) | Cols [207936,233928) | LocalRows=51983 | NNZ=0 | ColsGlobal
Rank 42: Grid (2,10) | Rows [103966,155949) | Cols [259920,285912) | LocalRows=51983 | NNZ=0 | ColsGlobal
Rank 30: Grid (1,14) | Rows [51983,103966) | Cols [363888,389880) | LocalRows=51983 | NNZ=0 | ColsGlobal
Rank 25: Grid (1,9) | Rows [51983,103966) | Cols [233928,259920) | LocalRows=51983 | NNZ=0 | ColsGlobal
Rank 22: Grid (1,6) | Rows [51983,103966) | Cols [155952,181944) | LocalRows=51983 | NNZ=0 | ColsGlobal
Rank 116: Grid (7,4) | Rows [363881,415863) | Cols [103968,129960) | LocalRows=51982 | NNZ=20748 | ColsGlobal
Rank 32: Grid (2,0) | Rows [103966,155949) | Cols [0,25992) | LocalRows=51983 | NNZ=8246 | ColsGlobal
Rank 3: Grid (0,3) | Rows [0,51983) | Cols [77976,103968) | LocalRows=51983 | NNZ=0 | ColsGlobal
Rank 21: Grid (1,5) | Rows [51983,103966) | Cols [129960,155952) | LocalRows=51983 | NNZ=0 | ColsGlobal
Rank 20: Grid (1,4) | Rows [51983,103966) | Cols [103968,129960) | LocalRows=51983 | NNZ=0 | ColsGlobal
Rank 26: Grid (1,10) | Rows [51983,103966) | Cols [259920,285912) | LocalRows=51983 | NNZ=0 | ColsGlobal
Rank 5: Grid (0,5) | Rows [0,51983) | Cols [129960,155952) | LocalRows=51983 | NNZ=0 | ColsGlobal
Rank 9: Grid (0,9) | Rows [0,51983) | Cols [233928,259920) | LocalRows=51983 | NNZ=0 | ColsGlobal
Rank 28: Grid (1,12) | Rows [51983,103966) | Cols [311904,337896) | LocalRows=51983 | NNZ=0 | ColsGlobal
Rank 7: Grid (0,7) | Rows [0,51983) | Cols [181944,207936) | LocalRows=51983 | NNZ=0 | ColsGlobal
Rank 15: Grid (0,15) | Rows [0,51983) | Cols [389880,415863) | LocalRows=51983 | NNZ=0 | ColsGlobal
Rank 120: Grid (7,8) | Rows [363881,415863) | Cols [207936,233928) | LocalRows=51982 | NNZ=85071 | ColsGlobal
Rank 4: Grid (0,4) | Rows [0,51983) | Cols [103968,129960) | LocalRows=51983 | NNZ=0 | ColsGlobal
Rank 13: Grid (0,13) | Rows [0,51983) | Cols [337896,363888) | LocalRows=51983 | NNZ=0 | ColsGlobal
Rank 6: Grid (0,6) | Rows [0,51983) | Cols [155952,181944) | LocalRows=51983 | NNZ=0 | ColsGlobal
Rank 121: Grid (7,9) | Rows [363881,415863) | Cols [233928,259920) | LocalRows=51982 | NNZ=132874 | ColsGlobal
Rank 8: Grid (0,8) | Rows [0,51983) | Cols [207936,233928) | LocalRows=51983 | NNZ=0 | ColsGlobal
Rank 36: Grid (2,4) | Rows [103966,155949) | Cols [103968,129960) | LocalRows=51983 | NNZ=375323 | ColsGlobal
Rank 17: Grid (1,1) | Rows [51983,103966) | Cols [25992,51984) | LocalRows=51983 | NNZ=126747 | ColsGlobal
Rank 14: Grid (0,14) | Rows [0,51983) | Cols [363888,389880) | LocalRows=51983 | NNZ=0 | ColsGlobal
Rank 11: Grid (0,11) | Rows [0,51983) | Cols [285912,311904) | LocalRows=51983 | NNZ=0 | ColsGlobal
Rank 16: Grid (1,0) | Rows [51983,103966) | Cols [0,25992) | LocalRows=51983 | NNZ=6020 | ColsGlobal
Rank 12: Grid (0,12) | Rows [0,51983) | Cols [311904,337896) | LocalRows=51983 | NNZ=0 | ColsGlobal
Rank 19: Grid (1,3) | Rows [51983,103966) | Cols [77976,103968) | LocalRows=51983 | NNZ=427587 | ColsGlobal
Rank 10: Grid (0,10) | Rows [0,51983) | Cols [259920,285912) | LocalRows=51983 | NNZ=0 | ColsGlobal
Rank 2: Grid (0,2) | Rows [0,51983) | Cols [51984,77976) | LocalRows=51983 | NNZ=0 | ColsGlobal
Rank 127: Grid (7,15) | Rows [363881,415863) | Cols [389880,415863) | LocalRows=51982 | NNZ=311955 | ColsGlobal
Rank 123: Grid (7,11) | Rows [363881,415863) | Cols [285912,311904) | LocalRows=51982 | NNZ=135457 | ColsGlobal
Rank 125: Grid (7,13) | Rows [363881,415863) | Cols [337896,363888) | LocalRows=51982 | NNZ=134386 | ColsGlobal
Rank 122: Grid (7,10) | Rows [363881,415863) | Cols [259920,285912) | LocalRows=51982 | NNZ=112308 | ColsGlobal
Rank 0: Grid (0,0) | Rows [0,51983) | Cols [0,25992) | LocalRows=51983 | NNZ=624351 | ColsGlobal
Applied 2D block distribution (global column indices preserved)
Rank 18: Grid (1,2) | Rows [51983,103966) | Cols [51984,77976) | LocalRows=51983 | NNZ=717078 | ColsGlobal
Rank 124: Grid (7,12) | Rows [363881,415863) | Cols [311904,337896) | LocalRows=51982 | NNZ=127036 | ColsGlobal
Rank 1: Grid (0,1) | Rows [0,51983) | Cols [25992,51984) | LocalRows=51983 | NNZ=567365 | ColsGlobal
Rank 126: Grid (7,14) | Rows [363881,415863) | Cols [363888,389880) | LocalRows=51982 | NNZ=383838 | ColsGlobal
2D Comm Pattern: grid 8 x 16 | expand ghosts on rank 0: 0
2D: local vector size = 25992 (column block), local rows = 51983

========================================
COMPREHENSIVE METRICS SUMMARY
========================================
PROCESSES: 128
DISTRIBUTION: 2D
GRID: 8 x 16 (proc_rows x proc_cols)
ITERATIONS: 10
Matrix NNZ: 10328399
BALANCE: nnz_local   min=       0  avg=  80690.62  max=  717078
COMM:    ghost       min=       0  avg=      0.00  max=       0  | recv_double_avg=      0.00 B
METRICS: t_total     = 4.819e+00  t_comp = 1.202e-03  t_comm = 4.819e+00
         gflops_total= 4.286598e-03  gflops_comp= 1.717872e+01
========================================

[RESULT] 0,128,2D,0,4.352006435,4.349437952,624351,0,1248702
[RESULT] 0,128,2D,1,4.600000381,4.598981857,624351,0,1248702
[RESULT] 0,128,2D,2,4.607990503,4.606973886,624351,0,1248702
[RESULT] 0,128,2D,3,4.607999802,4.606984854,624351,0,1248702
[RESULT] 0,128,2D,4,4.608000994,4.606977701,624351,0,1248702
[RESULT] 0,128,2D,5,4.607995033,4.606980085,624351,0,1248702
[RESULT] 0,128,2D,6,4.608006001,4.606984377,624351,0,1248702
[RESULT] 0,128,2D,7,4.608990192,4.607976913,624351,0,1248702
[RESULT] 0,128,2D,8,4.611994267,4.610973597,624351,0,1248702
[RESULT] 0,128,2D,9,4.607034683,4.606012344,624351,0,1248702
Total execution time: 757.587 seconds
