Retrieving the matrix from '../matrices/msdoor.mtx'...
%%MatrixMarket matrix coordinate real symmetric
415863 415863 10328399
Real Matrix: Rows=415863 | Cols=415863 | NNZ=10328399 | Procs=128 | Distribution=2D_cyclic
Rank 89: Grid (5,9) | Local rows=51983 | NNZ=79268 | ColsGlobal
Rank 91: Grid (5,11) | Local rows=51983 | NNZ=85655 | ColsGlobal
Rank 88: Grid (5,8) | Local rows=51983 | NNZ=75958 | ColsGlobal
Rank 84: Grid (5,4) | Local rows=51983 | NNZ=90605 | ColsGlobal
Rank 94: Grid (5,14) | Local rows=51983 | NNZ=67059 | ColsGlobal
Rank 86: Grid (5,6) | Local rows=51983 | NNZ=69107 | ColsGlobal
Rank 90: Grid (5,10) | Local rows=51983 | NNZ=82433 | ColsGlobal
Rank 82: Grid (5,2) | Local rows=51983 | NNZ=81902 | ColsGlobal
Rank 87: Grid (5,7) | Local rows=51983 | NNZ=71041 | ColsGlobal
Rank 95: Grid (5,15) | Local rows=51983 | NNZ=68796 | ColsGlobal
Rank 85: Grid (5,5) | Local rows=51983 | NNZ=93776 | ColsGlobal
Rank 92: Grid (5,12) | Local rows=51983 | NNZ=88943 | ColsGlobal
Rank 83: Grid (5,3) | Local rows=51983 | NNZ=85282 | ColsGlobal
Rank 80: Grid (5,0) | Local rows=51983 | NNZ=75573 | ColsGlobal
Rank 93: Grid (5,13) | Local rows=51983 | NNZ=92005 | ColsGlobal
Rank 79: Grid (4,15) | Local rows=51983 | NNZ=72683 | ColsGlobal
Rank 78: Grid (4,14) | Local rows=51983 | NNZ=69486 | ColsGlobal
Rank 81: Grid (5,1) | Local rows=51983 | NNZ=78838 | ColsGlobal
Rank 97: Grid (6,1) | Local rows=51983 | NNZ=76482 | ColsGlobal
Rank 96: Grid (6,0) | Local rows=51983 | NNZ=73288 | ColsGlobal
Rank 77: Grid (4,13) | Local rows=51983 | NNZ=67729 | ColsGlobal
Rank 72: Grid (4,8) | Local rows=51983 | NNZ=79980 | ColsGlobal
Rank 76: Grid (4,12) | Local rows=51983 | NNZ=92646 | ColsGlobal
Rank 74: Grid (4,10) | Local rows=51983 | NNZ=86440 | ColsGlobal
Rank 75: Grid (4,11) | Local rows=51983 | NNZ=89792 | ColsGlobal
Rank 71: Grid (4,7) | Local rows=51983 | NNZ=73021 | ColsGlobal
Rank 98: Grid (6,2) | Local rows=51983 | NNZ=79548 | ColsGlobal
Rank 70: Grid (4,6) | Local rows=51983 | NNZ=69836 | ColsGlobal
Rank 73: Grid (4,9) | Local rows=51983 | NNZ=83324 | ColsGlobal
Rank 67: Grid (4,3) | Local rows=51983 | NNZ=87923 | ColsGlobal
Rank 68: Grid (4,4) | Local rows=51983 | NNZ=92765 | ColsGlobal
Rank 62: Grid (3,14) | Local rows=51983 | NNZ=76135 | ColsGlobal
Rank 99: Grid (6,3) | Local rows=51983 | NNZ=82988 | ColsGlobal
Rank 59: Grid (3,11) | Local rows=51983 | NNZ=93788 | ColsGlobal
Rank 66: Grid (4,2) | Local rows=51983 | NNZ=84501 | ColsGlobal
Rank 100: Grid (6,4) | Local rows=51983 | NNZ=86190 | ColsGlobal
Rank 55: Grid (3,7) | Local rows=51983 | NNZ=77915 | ColsGlobal
Rank 69: Grid (4,5) | Local rows=51983 | NNZ=67926 | ColsGlobal
Rank 60: Grid (3,12) | Local rows=51983 | NNZ=71258 | ColsGlobal
Rank 64: Grid (4,0) | Local rows=51983 | NNZ=78034 | ColsGlobal
Rank 63: Grid (3,15) | Local rows=51983 | NNZ=79411 | ColsGlobal
Rank 103: Grid (6,7) | Local rows=51983 | NNZ=67910 | ColsGlobal
Rank 61: Grid (3,13) | Local rows=51983 | NNZ=73047 | ColsGlobal
Rank 65: Grid (4,1) | Local rows=51983 | NNZ=81407 | ColsGlobal
Rank 58: Grid (3,10) | Local rows=51983 | NNZ=90734 | ColsGlobal
Rank 56: Grid (3,8) | Local rows=51983 | NNZ=84244 | ColsGlobal
Rank 57: Grid (3,9) | Local rows=51983 | NNZ=87519 | ColsGlobal
Rank 101: Grid (6,5) | Local rows=51983 | NNZ=89545 | ColsGlobal
Rank 104: Grid (6,8) | Local rows=51983 | NNZ=71637 | ColsGlobal
Rank 102: Grid (6,6) | Local rows=51983 | NNZ=92764 | ColsGlobal
Rank 53: Grid (3,5) | Local rows=51983 | NNZ=71399 | ColsGlobal
Rank 49: Grid (3,1) | Local rows=51983 | NNZ=87497 | ColsGlobal
Rank 54: Grid (3,6) | Local rows=51983 | NNZ=74695 | ColsGlobal
2D Process Grid (Cyclic): 8 x 16
Rank 52: Grid (3,4) | Local rows=51983 | NNZ=69516 | ColsGlobal
Rank 45: Grid (2,13) | Local rows=51983 | NNZ=75106 | ColsGlobal
Rank 47: Grid (2,15) | Local rows=51983 | NNZ=81619 | ColsGlobal
Rank 44: Grid (2,12) | Local rows=51983 | NNZ=71900 | ColsGlobal
Rank 105: Grid (6,9) | Local rows=51983 | NNZ=74893 | ColsGlobal
Rank 50: Grid (3,2) | Local rows=51983 | NNZ=90676 | ColsGlobal
Rank 48: Grid (3,0) | Local rows=51983 | NNZ=84166 | ColsGlobal
Rank 51: Grid (3,3) | Local rows=51983 | NNZ=93906 | ColsGlobal
Rank 107: Grid (6,11) | Local rows=51983 | NNZ=81337 | ColsGlobal
Rank 106: Grid (6,10) | Local rows=51983 | NNZ=78048 | ColsGlobal
Rank 46: Grid (2,14) | Local rows=51983 | NNZ=78280 | ColsGlobal
Rank 41: Grid (2,9) | Local rows=51983 | NNZ=89748 | ColsGlobal
Rank 43: Grid (2,11) | Local rows=51983 | NNZ=67981 | ColsGlobal
Rank 39: Grid (2,7) | Local rows=51983 | NNZ=81751 | ColsGlobal
Rank 113: Grid (7,1) | Local rows=51982 | NNZ=72600 | ColsGlobal
Rank 109: Grid (6,13) | Local rows=51983 | NNZ=89517 | ColsGlobal
Rank 108: Grid (6,12) | Local rows=51983 | NNZ=86194 | ColsGlobal
Rank 111: Grid (6,15) | Local rows=51983 | NNZ=67508 | ColsGlobal
Rank 112: Grid (7,0) | Local rows=51982 | NNZ=70663 | ColsGlobal
Rank 115: Grid (7,3) | Local rows=51982 | NNZ=79035 | ColsGlobal
Rank 42: Grid (2,10) | Local rows=51983 | NNZ=92784 | ColsGlobal
Rank 37: Grid (2,5) | Local rows=51983 | NNZ=75165 | ColsGlobal
Rank 114: Grid (7,2) | Local rows=51982 | NNZ=75662 | ColsGlobal
Rank 116: Grid (7,4) | Local rows=51982 | NNZ=82460 | ColsGlobal
Rank 40: Grid (2,8) | Local rows=51983 | NNZ=86434 | ColsGlobal
Rank 38: Grid (2,6) | Local rows=51983 | NNZ=78431 | ColsGlobal
Rank 36: Grid (2,4) | Local rows=51983 | NNZ=71888 | ColsGlobal
Rank 110: Grid (6,14) | Local rows=51983 | NNZ=92523 | ColsGlobal
Rank 35: Grid (2,3) | Local rows=51983 | NNZ=69861 | ColsGlobal
Rank 117: Grid (7,5) | Local rows=51982 | NNZ=85783 | ColsGlobal
Rank 34: Grid (2,2) | Local rows=51983 | NNZ=94681 | ColsGlobal
Rank 118: Grid (7,6) | Local rows=51982 | NNZ=89090 | ColsGlobal
Rank 32: Grid (2,0) | Local rows=51983 | NNZ=88420 | ColsGlobal
Rank 30: Grid (1,14) | Local rows=51983 | NNZ=80755 | ColsGlobal
Rank 31: Grid (1,15) | Local rows=51983 | NNZ=83973 | ColsGlobal
Rank 119: Grid (7,7) | Local rows=51982 | NNZ=92222 | ColsGlobal
Rank 33: Grid (2,1) | Local rows=51983 | NNZ=91758 | ColsGlobal
Rank 29: Grid (1,13) | Local rows=51983 | NNZ=77507 | ColsGlobal
Rank 121: Grid (7,9) | Local rows=51982 | NNZ=72659 | ColsGlobal
Rank 28: Grid (1,12) | Local rows=51983 | NNZ=74315 | ColsGlobal
Rank 120: Grid (7,8) | Local rows=51982 | NNZ=70731 | ColsGlobal
Rank 21: Grid (1,5) | Local rows=51983 | NNZ=79840 | ColsGlobal
Rank 25: Grid (1,9) | Local rows=51983 | NNZ=94044 | ColsGlobal
Rank 27: Grid (1,11) | Local rows=51983 | NNZ=70730 | ColsGlobal
Rank 26: Grid (1,10) | Local rows=51983 | NNZ=68924 | ColsGlobal
Rank 19: Grid (1,3) | Local rows=51983 | NNZ=70834 | ColsGlobal
Rank 23: Grid (1,7) | Local rows=51983 | NNZ=86320 | ColsGlobal
Rank 18: Grid (1,2) | Local rows=51983 | NNZ=68743 | ColsGlobal
Rank 24: Grid (1,8) | Local rows=51983 | NNZ=90871 | ColsGlobal
Rank 15: Grid (0,15) | Local rows=51983 | NNZ=88061 | ColsGlobal
Rank 17: Grid (1,1) | Local rows=51983 | NNZ=93754 | ColsGlobal
Rank 22: Grid (1,6) | Local rows=51983 | NNZ=83100 | ColsGlobal
Rank 20: Grid (1,4) | Local rows=51983 | NNZ=76476 | ColsGlobal
Rank 13: Grid (0,13) | Local rows=51983 | NNZ=81558 | ColsGlobal
Rank 11: Grid (0,11) | Local rows=51983 | NNZ=74832 | ColsGlobal
Rank 122: Grid (7,10) | Local rows=51982 | NNZ=75631 | ColsGlobal
Rank 123: Grid (7,11) | Local rows=51982 | NNZ=78850 | ColsGlobal
Rank 124: Grid (7,12) | Local rows=51982 | NNZ=83935 | ColsGlobal
Rank 16: Grid (1,0) | Local rows=51983 | NNZ=90555 | ColsGlobal
Rank 125: Grid (7,13) | Local rows=51982 | NNZ=87247 | ColsGlobal
Rank 14: Grid (0,14) | Local rows=51983 | NNZ=84817 | ColsGlobal
Rank 12: Grid (0,12) | Local rows=51983 | NNZ=78193 | ColsGlobal
Rank 9: Grid (0,9) | Local rows=51983 | NNZ=69990 | ColsGlobal
Rank 10: Grid (0,10) | Local rows=51983 | NNZ=71633 | ColsGlobal
Rank 0: Grid (0,0) | Local rows=51983 | NNZ=92851 | ColsGlobal
Applied 2D cyclic distribution (global column indices preserved)
Rank 7: Grid (0,7) | Local rows=51983 | NNZ=88429 | ColsGlobal
Rank 5: Grid (0,5) | Local rows=51983 | NNZ=81839 | ColsGlobal
Rank 8: Grid (0,8) | Local rows=51983 | NNZ=94769 | ColsGlobal
Rank 3: Grid (0,3) | Local rows=51983 | NNZ=73054 | ColsGlobal
Rank 127: Grid (7,15) | Local rows=51982 | NNZ=93534 | ColsGlobal
Rank 126: Grid (7,14) | Local rows=51982 | NNZ=90486 | ColsGlobal
Rank 4: Grid (0,4) | Local rows=51983 | NNZ=78479 | ColsGlobal
Rank 6: Grid (0,6) | Local rows=51983 | NNZ=85081 | ColsGlobal
Rank 1: Grid (0,1) | Local rows=51983 | NNZ=68006 | ColsGlobal
Rank 2: Grid (0,2) | Local rows=51983 | NNZ=69659 | ColsGlobal
2D Comm Pattern: grid 8 x 16 | expand ghosts on rank 0: 24367
2D: local vector size = 25992 (column block), local rows = 51983

========================================
COMPREHENSIVE METRICS SUMMARY
========================================
PROCESSES: 128
DISTRIBUTION: 2D_cyclic
GRID: 8 x 16 (proc_rows x proc_cols)
ITERATIONS: 10
Matrix NNZ: 10328399
BALANCE: nnz_local   min=   67059  avg=  80690.62  max=   94769
COMM:    ghost       min=   19170  avg=  21887.80  max=   24368  | recv_double_avg= 175102.38 B
METRICS: t_total     = 5.349e+00  t_comp = 5.098e-02  t_comm = 5.349e+00
         gflops_total= 3.861636e-03  gflops_comp= 4.051938e-01
========================================

[RESULT] 0,128,2D_cyclic,0,5.119012356,5.118340492,92851,24367,185702
[RESULT] 0,128,2D_cyclic,1,5.120003939,5.119331837,92851,24367,185702
[RESULT] 0,128,2D_cyclic,2,5.118989706,5.118305683,92851,24367,185702
[RESULT] 0,128,2D_cyclic,3,5.120996952,5.120326757,92851,24367,185702
[RESULT] 0,128,2D_cyclic,4,4.864006758,4.863325357,92851,24367,185702
[RESULT] 0,128,2D_cyclic,5,4.861011505,4.860332251,92851,24367,185702
[RESULT] 0,128,2D_cyclic,6,4.862013817,4.861330509,92851,24367,185702
[RESULT] 0,128,2D_cyclic,7,4.864015102,4.863351107,92851,24367,185702
[RESULT] 0,128,2D_cyclic,8,4.865016222,4.864336252,92851,24367,185702
[RESULT] 0,128,2D_cyclic,9,4.864034414,4.863370895,92851,24367,185702
Total execution time: 766.326 seconds
