Retrieving the matrix from '../matrices/msdoor.mtx'...
%%MatrixMarket matrix coordinate real symmetric
415863 415863 10328399
Real Matrix: Rows=415863 | Cols=415863 | NNZ=10328399 | Procs=16 | Distribution=2D_cyclic
2D Process Grid (Cyclic): 4 x 4
Rank 15: Grid (3,3) | Local rows=103965 | NNZ=688661 | ColsGlobal
Rank 0: Grid (0,0) | Local rows=103966 | NNZ=687717 | ColsGlobal
Applied 2D cyclic distribution (global column indices preserved)
Rank 1: Grid (0,1) | Local rows=103966 | NNZ=601779 | ColsGlobal
Rank 13: Grid (3,1) | Local rows=103965 | NNZ=637751 | ColsGlobal
Rank 14: Grid (3,2) | Local rows=103965 | NNZ=663109 | ColsGlobal
Rank 12: Grid (3,0) | Local rows=103965 | NNZ=616973 | ColsGlobal
Rank 2: Grid (0,2) | Local rows=103966 | NNZ=621453 | ColsGlobal
Rank 11: Grid (2,3) | Local rows=103966 | NNZ=600955 | ColsGlobal
Rank 3: Grid (0,3) | Local rows=103966 | NNZ=647795 | ColsGlobal
Rank 4: Grid (1,0) | Local rows=103966 | NNZ=663296 | ColsGlobal
Rank 10: Grid (2,2) | Local rows=103966 | NNZ=687059 | ColsGlobal
Rank 9: Grid (2,1) | Local rows=103966 | NNZ=662214 | ColsGlobal
Rank 8: Grid (2,0) | Local rows=103966 | NNZ=635951 | ColsGlobal
Rank 5: Grid (1,1) | Local rows=103966 | NNZ=689032 | ColsGlobal
Rank 6: Grid (1,2) | Local rows=103966 | NNZ=602023 | ColsGlobal
Rank 7: Grid (1,3) | Local rows=103966 | NNZ=622631 | ColsGlobal
2D Comm Pattern: grid 4 x 4 | expand ghosts on rank 0: 77974
2D: local vector size = 103966 (column block), local rows = 103966

========================================
COMPREHENSIVE METRICS SUMMARY
========================================
PROCESSES: 16
DISTRIBUTION: 2D_cyclic
GRID: 4 x 4 (proc_rows x proc_cols)
ITERATIONS: 10
Matrix NNZ: 10328399
BALANCE: nnz_local   min=  600955  avg= 645524.94  max=  689032
COMM:    ghost       min=   70737  avg=  74900.94  max=   77975  | recv_double_avg= 599207.50 B
METRICS: t_total     = 5.452e-01  t_comp = 2.175e-02  t_comm = 5.412e-01
         gflops_total= 3.788825e-02  gflops_comp= 9.495808e-01
========================================

[RESULT] 0,16,2D_cyclic,0,0.415995359,0.414051056,687717,77974,1375434
[RESULT] 0,16,2D_cyclic,1,0.447993994,0.446176052,687717,77974,1375434
[RESULT] 0,16,2D_cyclic,2,0.546992540,0.516379595,687717,77974,1375434
[RESULT] 0,16,2D_cyclic,3,0.606992006,0.604270697,687717,77974,1375434
[RESULT] 0,16,2D_cyclic,4,0.447996378,0.419810772,687717,77974,1375434
[RESULT] 0,16,2D_cyclic,5,0.509992838,0.479293346,687717,77974,1375434
[RESULT] 0,16,2D_cyclic,6,0.447995424,0.419786692,687717,77974,1375434
[RESULT] 0,16,2D_cyclic,7,0.512001991,0.481327295,687717,77974,1375434
[RESULT] 0,16,2D_cyclic,8,0.479997635,0.448006630,687717,77974,1375434
[RESULT] 0,16,2D_cyclic,9,0.479994297,0.449314356,687717,77974,1375434
Total execution time: 76.802 seconds
