Retrieving the matrix from '../matrices/tmt_sym.mtx'...
%%MatrixMarket matrix coordinate real symmetric
726713 726713 2903837
Real Matrix: Rows=726713 | Cols=726713 | NNZ=2903837 | Procs=16 | Distribution=2D_cyclic
Rank 11: Grid (2,3) | Local rows=181678 | NNZ=90819 | ColsGlobal
Rank 10: Grid (2,2) | Local rows=181678 | NNZ=272254 | ColsGlobal
Rank 12: Grid (3,0) | Local rows=181678 | NNZ=90433 | ColsGlobal
2D Process Grid (Cyclic): 4 x 4
Rank 9: Grid (2,1) | Local rows=181678 | NNZ=272022 | ColsGlobal
Rank 8: Grid (2,0) | Local rows=181678 | NNZ=90961 | ColsGlobal
Rank 13: Grid (3,1) | Local rows=181678 | NNZ=90491 | ColsGlobal
Rank 7: Grid (1,3) | Local rows=181678 | NNZ=90674 | ColsGlobal
Rank 6: Grid (1,2) | Local rows=181678 | NNZ=90674 | ColsGlobal
Rank 14: Grid (3,2) | Local rows=181678 | NNZ=272389 | ColsGlobal
Rank 5: Grid (1,1) | Local rows=181678 | NNZ=272256 | ColsGlobal
Rank 4: Grid (1,0) | Local rows=181678 | NNZ=272240 | ColsGlobal
Rank 2: Grid (0,2) | Local rows=181679 | NNZ=90754 | ColsGlobal
Rank 15: Grid (3,3) | Local rows=181678 | NNZ=272504 | ColsGlobal
Rank 3: Grid (0,3) | Local rows=181679 | NNZ=272250 | ColsGlobal
Rank 1: Grid (0,1) | Local rows=181679 | NNZ=90901 | ColsGlobal
Rank 0: Grid (0,0) | Local rows=181679 | NNZ=272215 | ColsGlobal
Applied 2D cyclic distribution (global column indices preserved)
2D Comm Pattern: grid 4 x 4 | expand ghosts on rank 0: 136259
2D: local vector size = 181679 (column block), local rows = 181679

========================================
COMPREHENSIVE METRICS SUMMARY
========================================
PROCESSES: 16
DISTRIBUTION: 2D_cyclic
GRID: 4 x 4 (proc_rows x proc_cols)
ITERATIONS: 10
Matrix NNZ: 2903837
BALANCE: nnz_local   min=   90433  avg= 181489.81  max=  272504
COMM:    ghost       min=   67605  avg= 102179.06  max=  136259  | recv_double_avg= 817432.50 B
METRICS: t_total     = 7.939e-01  t_comp = 7.176e-03  t_comm = 7.930e-01
         gflops_total= 7.315185e-03  gflops_comp= 8.093548e-01
========================================

[RESULT] 0,16,2D_cyclic,0,0.799996138,0.798306704,272215,136259,544430
[RESULT] 0,16,2D_cyclic,1,0.835002184,0.833465099,272215,136259,544430
[RESULT] 0,16,2D_cyclic,2,0.799993038,0.798438311,272215,136259,544430
[RESULT] 0,16,2D_cyclic,3,0.767993689,0.766495466,272215,136259,544430
[RESULT] 0,16,2D_cyclic,4,0.767993689,0.766506672,272215,136259,544430
[RESULT] 0,16,2D_cyclic,5,0.799993753,0.798488379,272215,136259,544430
[RESULT] 0,16,2D_cyclic,6,0.768000126,0.766478777,272215,136259,544430
[RESULT] 0,16,2D_cyclic,7,0.704002380,0.702533007,272215,136259,544430
[RESULT] 0,16,2D_cyclic,8,0.798991919,0.797470093,272215,136259,544430
[RESULT] 0,16,2D_cyclic,9,0.768003225,0.764492750,272215,136259,544430
Total execution time: 32.840 seconds
