Retrieving the matrix from '../matrices/Hook_1498.mtx'...
%%MatrixMarket matrix coordinate real symmetric
1498023 1498023 31207734
Real Matrix: Rows=1498023 | Cols=1498023 | NNZ=31207734 | Procs=2 | Distribution=1D
Applied 1D distribution
Ghost columns identified: 744635 total ghost values needed
Local vector initialized (size=749012 per process)

========================================
COMPREHENSIVE METRICS SUMMARY
========================================
PROCESSES: 2
DISTRIBUTION: 1D
ITERATIONS: 10
Matrix NNZ: 31207734
BALANCE: nnz_local   min=15603136  avg=15603867.00  max=15604598
COMM:    ghost       min=  744635  avg= 744692.50  max=  744750  | recv_double_avg=5957540.00 B
METRICS: t_total     = 9.319e-02  t_comp = 8.570e-02  t_comm = 7.491e-03
         gflops_total= 6.697638e-01  gflops_comp= 7.283101e-01
========================================

[RESULT] 0,2,1D,0,0.098213434,0.011941910,15603136,744635,31206272
[RESULT] 0,2,1D,1,0.094189644,0.008337736,15603136,744635,31206272
[RESULT] 0,2,1D,2,0.092087507,0.007271767,15603136,744635,31206272
[RESULT] 0,2,1D,3,0.092668533,0.007058382,15603136,744635,31206272
[RESULT] 0,2,1D,4,0.092736959,0.006768465,15603136,744635,31206272
[RESULT] 0,2,1D,5,0.092133045,0.006628752,15603136,744635,31206272
[RESULT] 0,2,1D,6,0.092835665,0.006769896,15603136,744635,31206272
[RESULT] 0,2,1D,7,0.092529297,0.006719828,15603136,744635,31206272
[RESULT] 0,2,1D,8,0.092164516,0.006717205,15603136,744635,31206272
[RESULT] 0,2,1D,9,0.092344046,0.006698370,15603136,744635,31206272
Total execution time: 19.952 seconds
