Retrieving the matrix from '../matrices/msdoor.mtx'...
%%MatrixMarket matrix coordinate real symmetric
415863 415863 10328399
Real Matrix: Rows=415863 | Cols=415863 | NNZ=10328399 | Procs=32 | Distribution=2D_cyclic
2D Process Grid (Cyclic): 4 x 8
Rank 10: Grid (1,2) | Local rows=103966 | NNZ=302002 | ColsGlobal
Rank 9: Grid (1,1) | Local rows=103966 | NNZ=345904 | ColsGlobal
Rank 11: Grid (1,3) | Local rows=103966 | NNZ=312501 | ColsGlobal
Rank 8: Grid (1,0) | Local rows=103966 | NNZ=332957 | ColsGlobal
Rank 12: Grid (1,4) | Local rows=103966 | NNZ=330339 | ColsGlobal
Rank 7: Grid (0,7) | Local rows=103966 | NNZ=322194 | ColsGlobal
Rank 6: Grid (0,6) | Local rows=103966 | NNZ=309220 | ColsGlobal
Rank 13: Grid (1,5) | Local rows=103966 | NNZ=343128 | ColsGlobal
Rank 5: Grid (0,5) | Local rows=103966 | NNZ=299052 | ColsGlobal
Rank 1: Grid (0,1) | Local rows=103966 | NNZ=302727 | ColsGlobal
Rank 4: Grid (0,4) | Local rows=103966 | NNZ=342083 | ColsGlobal
Rank 14: Grid (1,6) | Local rows=103966 | NNZ=300021 | ColsGlobal
Rank 25: Grid (3,1) | Local rows=103965 | NNZ=320275 | ColsGlobal
Rank 27: Grid (3,3) | Local rows=103965 | NNZ=345579 | ColsGlobal
Rank 24: Grid (3,0) | Local rows=103965 | NNZ=309804 | ColsGlobal
Rank 3: Grid (0,3) | Local rows=103966 | NNZ=325601 | ColsGlobal
Rank 31: Grid (3,7) | Local rows=103965 | NNZ=343082 | ColsGlobal
Rank 26: Grid (3,2) | Local rows=103965 | NNZ=332703 | ColsGlobal
Rank 15: Grid (1,7) | Local rows=103966 | NNZ=310130 | ColsGlobal
Rank 2: Grid (0,2) | Local rows=103966 | NNZ=312233 | ColsGlobal
Rank 21: Grid (2,5) | Local rows=103966 | NNZ=329333 | ColsGlobal
Rank 29: Grid (3,5) | Local rows=103965 | NNZ=317476 | ColsGlobal
Rank 23: Grid (2,7) | Local rows=103966 | NNZ=298788 | ColsGlobal
Rank 20: Grid (2,4) | Local rows=103966 | NNZ=316172 | ColsGlobal
Rank 19: Grid (2,3) | Local rows=103966 | NNZ=302167 | ColsGlobal
Rank 16: Grid (2,0) | Local rows=103966 | NNZ=319779 | ColsGlobal
Rank 30: Grid (3,6) | Local rows=103965 | NNZ=330406 | ColsGlobal
Rank 28: Grid (3,4) | Local rows=103965 | NNZ=307169 | ColsGlobal
Rank 17: Grid (2,1) | Local rows=103966 | NNZ=332881 | ColsGlobal
Rank 22: Grid (2,6) | Local rows=103966 | NNZ=341998 | ColsGlobal
Rank 0: Grid (0,0) | Local rows=103966 | NNZ=345634 | ColsGlobal
Applied 2D cyclic distribution (global column indices preserved)
Rank 18: Grid (2,2) | Local rows=103966 | NNZ=345061 | ColsGlobal
2D Comm Pattern: grid 4 x 8 | expand ghosts on rank 0: 45485
2D: local vector size = 51983 (column block), local rows = 103966

========================================
COMPREHENSIVE METRICS SUMMARY
========================================
PROCESSES: 32
DISTRIBUTION: 2D_cyclic
GRID: 4 x 8 (proc_rows x proc_cols)
ITERATIONS: 10
Matrix NNZ: 10328399
BALANCE: nnz_local   min=  298788  avg= 322762.47  max=  345904
COMM:    ghost       min=   41322  avg=  43699.09  max=   45485  | recv_double_avg= 349592.75 B
METRICS: t_total     = 9.490e-03  t_comp = 1.697e-03  t_comm = 8.114e-03
         gflops_total= 2.176601e+00  gflops_comp= 1.217191e+01
========================================

[RESULT] 0,32,2D_cyclic,0,0.007873297,0.006442070,345634,45485,691268
[RESULT] 0,32,2D_cyclic,1,0.008400440,0.006970406,345634,45485,691268
[RESULT] 0,32,2D_cyclic,2,0.008068562,0.006631136,345634,45485,691268
[RESULT] 0,32,2D_cyclic,3,0.008108616,0.006684780,345634,45485,691268
[RESULT] 0,32,2D_cyclic,4,0.008146286,0.006694317,345634,45485,691268
[RESULT] 0,32,2D_cyclic,5,0.008155823,0.006696463,345634,45485,691268
[RESULT] 0,32,2D_cyclic,6,0.008233070,0.006794453,345634,45485,691268
[RESULT] 0,32,2D_cyclic,7,0.008357763,0.006879091,345634,45485,691268
[RESULT] 0,32,2D_cyclic,8,0.008308411,0.006869555,345634,45485,691268
[RESULT] 0,32,2D_cyclic,9,0.008340597,0.006900072,345634,45485,691268
Total execution time: 8.585 seconds
