Retrieving the matrix from '../matrices/Hook_1498.mtx'...
%%MatrixMarket matrix coordinate real symmetric
1498023 1498023 31207734
Real Matrix: Rows=1498023 | Cols=1498023 | NNZ=31207734 | Procs=64 | Distribution=2D_cyclic
Rank 15: Grid (1,7) | Local rows=187253 | NNZ=519104 | ColsGlobal
Rank 16: Grid (2,0) | Local rows=187253 | NNZ=518844 | ColsGlobal
Rank 17: Grid (2,1) | Local rows=187253 | NNZ=551311 | ColsGlobal
Rank 14: Grid (1,6) | Local rows=187253 | NNZ=486108 | ColsGlobal
Rank 13: Grid (1,5) | Local rows=187253 | NNZ=464217 | ColsGlobal
2D Process Grid (Cyclic): 8 x 8
Rank 18: Grid (2,2) | Local rows=187253 | NNZ=589041 | ColsGlobal
Rank 12: Grid (1,4) | Local rows=187253 | NNZ=445081 | ColsGlobal
Rank 19: Grid (2,3) | Local rows=187253 | NNZ=413511 | ColsGlobal
Rank 10: Grid (1,2) | Local rows=187253 | NNZ=413570 | ColsGlobal
Rank 11: Grid (1,3) | Local rows=187253 | NNZ=426450 | ColsGlobal
Rank 20: Grid (2,4) | Local rows=187253 | NNZ=426732 | ColsGlobal
Rank 9: Grid (1,1) | Local rows=187253 | NNZ=589115 | ColsGlobal
Rank 8: Grid (1,0) | Local rows=187253 | NNZ=552119 | ColsGlobal
Rank 21: Grid (2,5) | Local rows=187253 | NNZ=445249 | ColsGlobal
Rank 7: Grid (0,7) | Local rows=187253 | NNZ=552396 | ColsGlobal
Rank 6: Grid (0,6) | Local rows=187253 | NNZ=519118 | ColsGlobal
Rank 55: Grid (6,7) | Local rows=187253 | NNZ=415491 | ColsGlobal
Rank 22: Grid (2,6) | Local rows=187253 | NNZ=465096 | ColsGlobal
Rank 1: Grid (0,1) | Local rows=187253 | NNZ=414019 | ColsGlobal
Rank 57: Grid (7,1) | Local rows=187252 | NNZ=427281 | ColsGlobal
Rank 4: Grid (0,4) | Local rows=187253 | NNZ=464794 | ColsGlobal
Rank 0: Grid (0,0) | Local rows=187253 | NNZ=589831 | ColsGlobal
Applied 2D cyclic distribution (global column indices preserved)
Rank 23: Grid (2,7) | Local rows=187253 | NNZ=486408 | ColsGlobal
Rank 5: Grid (0,5) | Local rows=187253 | NNZ=485855 | ColsGlobal
Rank 54: Grid (6,6) | Local rows=187253 | NNZ=590676 | ColsGlobal
Rank 63: Grid (7,7) | Local rows=187252 | NNZ=590702 | ColsGlobal
Rank 2: Grid (0,2) | Local rows=187253 | NNZ=426869 | ColsGlobal
Rank 3: Grid (0,3) | Local rows=187253 | NNZ=445730 | ColsGlobal
Rank 58: Grid (7,2) | Local rows=187252 | NNZ=446264 | ColsGlobal
Rank 56: Grid (7,0) | Local rows=187252 | NNZ=414930 | ColsGlobal
Rank 53: Grid (6,5) | Local rows=187253 | NNZ=552439 | ColsGlobal
Rank 62: Grid (7,6) | Local rows=187252 | NNZ=553048 | ColsGlobal
Rank 59: Grid (7,3) | Local rows=187252 | NNZ=465545 | ColsGlobal
Rank 24: Grid (3,0) | Local rows=187253 | NNZ=486171 | ColsGlobal
Rank 51: Grid (6,3) | Local rows=187253 | NNZ=487502 | ColsGlobal
Rank 52: Grid (6,4) | Local rows=187253 | NNZ=519896 | ColsGlobal
Rank 50: Grid (6,2) | Local rows=187253 | NNZ=465186 | ColsGlobal
Rank 25: Grid (3,1) | Local rows=187253 | NNZ=518588 | ColsGlobal
Rank 49: Grid (6,1) | Local rows=187253 | NNZ=445720 | ColsGlobal
Rank 26: Grid (3,2) | Local rows=187253 | NNZ=552493 | ColsGlobal
Rank 27: Grid (3,3) | Local rows=187253 | NNZ=590033 | ColsGlobal
Rank 60: Grid (7,4) | Local rows=187252 | NNZ=486415 | ColsGlobal
Rank 48: Grid (6,0) | Local rows=187253 | NNZ=427486 | ColsGlobal
Rank 47: Grid (5,7) | Local rows=187253 | NNZ=428152 | ColsGlobal
Rank 29: Grid (3,5) | Local rows=187253 | NNZ=427069 | ColsGlobal
Rank 61: Grid (7,5) | Local rows=187252 | NNZ=519087 | ColsGlobal
Rank 28: Grid (3,4) | Local rows=187253 | NNZ=414234 | ColsGlobal
Rank 45: Grid (5,5) | Local rows=187253 | NNZ=590145 | ColsGlobal
Rank 46: Grid (5,6) | Local rows=187253 | NNZ=415305 | ColsGlobal
Rank 43: Grid (5,3) | Local rows=187253 | NNZ=520587 | ColsGlobal
Rank 41: Grid (5,1) | Local rows=187253 | NNZ=464635 | ColsGlobal
Rank 31: Grid (3,7) | Local rows=187253 | NNZ=465483 | ColsGlobal
Rank 30: Grid (3,6) | Local rows=187253 | NNZ=446392 | ColsGlobal
Rank 37: Grid (4,5) | Local rows=187253 | NNZ=415018 | ColsGlobal
Rank 42: Grid (5,2) | Local rows=187253 | NNZ=487005 | ColsGlobal
Rank 33: Grid (4,1) | Local rows=187253 | NNZ=485592 | ColsGlobal
Rank 44: Grid (5,4) | Local rows=187253 | NNZ=553249 | ColsGlobal
Rank 35: Grid (4,3) | Local rows=187253 | NNZ=553472 | ColsGlobal
Rank 40: Grid (5,0) | Local rows=187253 | NNZ=446021 | ColsGlobal
Rank 38: Grid (4,6) | Local rows=187253 | NNZ=428395 | ColsGlobal
Rank 34: Grid (4,2) | Local rows=187253 | NNZ=519212 | ColsGlobal
Rank 32: Grid (4,0) | Local rows=187253 | NNZ=464770 | ColsGlobal
Rank 36: Grid (4,4) | Local rows=187253 | NNZ=590444 | ColsGlobal
Rank 39: Grid (4,7) | Local rows=187253 | NNZ=447033 | ColsGlobal
2D Comm Pattern: grid 8 x 8 | expand ghosts on rank 0: 163846
2D: local vector size = 187253 (column block), local rows = 187253

========================================
COMPREHENSIVE METRICS SUMMARY
========================================
PROCESSES: 64
DISTRIBUTION: 2D_cyclic
GRID: 8 x 8 (proc_rows x proc_cols)
ITERATIONS: 10
Matrix NNZ: 31207734
BALANCE: nnz_local   min=  413511  avg= 487620.84  max=  590702
COMM:    ghost       min=  133358  avg= 145084.11  max=  163846  | recv_double_avg=1160672.88 B
METRICS: t_total     = 3.832e-02  t_comp = 3.243e-03  t_comm = 3.581e-02
         gflops_total= 1.628605e+00  gflops_comp= 1.924682e+01
========================================

[RESULT] 0,64,2D_cyclic,0,0.039148808,0.036393881,589831,163846,1179662
[RESULT] 0,64,2D_cyclic,1,0.038210154,0.035479307,589831,163846,1179662
[RESULT] 0,64,2D_cyclic,2,0.037841558,0.035093307,589831,163846,1179662
[RESULT] 0,64,2D_cyclic,3,0.036190748,0.033481121,589831,163846,1179662
[RESULT] 0,64,2D_cyclic,4,0.037328720,0.034569979,589831,163846,1179662
[RESULT] 0,64,2D_cyclic,5,0.036382437,0.033628702,589831,163846,1179662
[RESULT] 0,64,2D_cyclic,6,0.036797285,0.034091949,589831,163846,1179662
[RESULT] 0,64,2D_cyclic,7,0.036451817,0.033703566,589831,163846,1179662
[RESULT] 0,64,2D_cyclic,8,0.036468029,0.033760786,589831,163846,1179662
[RESULT] 0,64,2D_cyclic,9,0.036889791,0.034183979,589831,163846,1179662
Total execution time: 32.856 seconds
