Retrieving the matrix from '../matrices/msdoor.mtx'...
%%MatrixMarket matrix coordinate real symmetric
415863 415863 10328399
Real Matrix: Rows=415863 | Cols=415863 | NNZ=10328399 | Procs=16 | Distribution=2D
2D Process Grid (Block): 4 x 4 (rows x cols)
Rank 11: Grid (2,3) | Rows [207932,311898) | Cols [311898,415863) | LocalRows=103966 | NNZ=0 | ColsGlobal
Rank 8: Grid (2,0) | Rows [207932,311898) | Cols [0,103966) | LocalRows=103966 | NNZ=2232 | ColsGlobal
Rank 12: Grid (3,0) | Rows [311898,415863) | Cols [0,103966) | LocalRows=103965 | NNZ=0 | ColsGlobal
Rank 9: Grid (2,1) | Rows [207932,311898) | Cols [103966,207932) | LocalRows=103966 | NNZ=523240 | ColsGlobal
Rank 7: Grid (1,3) | Rows [103966,207932) | Cols [311898,415863) | LocalRows=103966 | NNZ=0 | ColsGlobal
Rank 2: Grid (0,2) | Rows [0,103966) | Cols [207932,311898) | LocalRows=103966 | NNZ=0 | ColsGlobal
Rank 1: Grid (0,1) | Rows [0,103966) | Cols [103966,207932) | LocalRows=103966 | NNZ=0 | ColsGlobal
Rank 3: Grid (0,3) | Rows [0,103966) | Cols [311898,415863) | LocalRows=103966 | NNZ=0 | ColsGlobal
Rank 13: Grid (3,1) | Rows [311898,415863) | Cols [103966,207932) | LocalRows=103965 | NNZ=309561 | ColsGlobal
Rank 4: Grid (1,0) | Rows [103966,207932) | Cols [0,103966) | LocalRows=103966 | NNZ=282612 | ColsGlobal
Rank 6: Grid (1,2) | Rows [103966,207932) | Cols [207932,311898) | LocalRows=103966 | NNZ=0 | ColsGlobal
Rank 10: Grid (2,2) | Rows [207932,311898) | Cols [207932,311898) | LocalRows=103966 | NNZ=1912018 | ColsGlobal
Rank 14: Grid (3,2) | Rows [311898,415863) | Cols [207932,311898) | LocalRows=103965 | NNZ=1055648 | ColsGlobal
Rank 15: Grid (3,3) | Rows [311898,415863) | Cols [311898,415863) | LocalRows=103965 | NNZ=1701967 | ColsGlobal
Rank 5: Grid (1,1) | Rows [103966,207932) | Cols [103966,207932) | LocalRows=103966 | NNZ=2071973 | ColsGlobal
Rank 0: Grid (0,0) | Rows [0,103966) | Cols [0,103966) | LocalRows=103966 | NNZ=2469148 | ColsGlobal
Applied 2D block distribution (global column indices preserved)
2D Comm Pattern: grid 4 x 4 | expand ghosts on rank 0: 0
2D: local vector size = 103966 (column block), local rows = 103966

========================================
COMPREHENSIVE METRICS SUMMARY
========================================
PROCESSES: 16
DISTRIBUTION: 2D
GRID: 4 x 4 (proc_rows x proc_cols)
ITERATIONS: 10
Matrix NNZ: 10328399
BALANCE: nnz_local   min=       0  avg= 645524.94  max= 2469148
COMM:    ghost       min=       0  avg=      0.00  max=       0  | recv_double_avg=      0.00 B
METRICS: t_total     = 8.417e-03  t_comp = 3.988e-03  t_comm = 8.271e-03
         gflops_total= 2.454180e+00  gflops_comp= 5.179548e+00
========================================

[RESULT] 0,16,2D,0,0.009812355,0.005770683,2469148,0,4938296
[RESULT] 0,16,2D,1,0.008904696,0.004868269,2469148,0,4938296
[RESULT] 0,16,2D,2,0.008451462,0.004455090,2469148,0,4938296
[RESULT] 0,16,2D,3,0.008316994,0.004360437,2469148,0,4938296
[RESULT] 0,16,2D,4,0.008325100,0.004342794,2469148,0,4938296
[RESULT] 0,16,2D,5,0.008069754,0.004101276,2469148,0,4938296
[RESULT] 0,16,2D,6,0.007969141,0.004009962,2469148,0,4938296
[RESULT] 0,16,2D,7,0.008024931,0.004030466,2469148,0,4938296
[RESULT] 0,16,2D,8,0.007936001,0.003964186,2469148,0,4938296
[RESULT] 0,16,2D,9,0.008300304,0.004326105,2469148,0,4938296
Total execution time: 7.363 seconds
