Retrieving the matrix from '../matrices/tmt_sym.mtx'...
%%MatrixMarket matrix coordinate real symmetric
726713 726713 2903837
Real Matrix: Rows=726713 | Cols=726713 | NNZ=2903837 | Procs=2 | Distribution=2D
2D Process Grid (Block): 1 x 2 (rows x cols)
Rank 1: Grid (0,1) | Rows [0,726713) | Cols [363357,726713) | LocalRows=726713 | NNZ=1450952 | ColsGlobal
Rank 0: Grid (0,0) | Rows [0,726713) | Cols [0,363357) | LocalRows=726713 | NNZ=1452885 | ColsGlobal
Applied 2D block distribution (global column indices preserved)
2D Comm Pattern: grid 1 x 2 | expand ghosts on rank 0: 0
2D: local vector size = 363357 (column block), local rows = 726713

========================================
COMPREHENSIVE METRICS SUMMARY
========================================
PROCESSES: 2
DISTRIBUTION: 2D
GRID: 1 x 2 (proc_rows x proc_cols)
ITERATIONS: 10
Matrix NNZ: 2903837
BALANCE: nnz_local   min= 1450952  avg=1451918.50  max= 1452885
COMM:    ghost       min=       0  avg=      0.00  max=       0  | recv_double_avg=      0.00 B
METRICS: t_total     = 9.783e-03  t_comp = 9.752e-04  t_comm = 8.807e-03
         gflops_total= 5.936782e-01  gflops_comp= 5.955200e+00
========================================

[RESULT] 0,2,2D,0,0.012307405,0.011151791,1452885,0,2905770
[RESULT] 0,2,2D,1,0.010351896,0.009359121,1452885,0,2905770
[RESULT] 0,2,2D,2,0.009287119,0.008358717,1452885,0,2905770
[RESULT] 0,2,2D,3,0.017440557,0.016374111,1452885,0,2905770
[RESULT] 0,2,2D,4,0.008205175,0.007281303,1452885,0,2905770
[RESULT] 0,2,2D,5,0.008228302,0.007238150,1452885,0,2905770
[RESULT] 0,2,2D,6,0.007969856,0.007063866,1452885,0,2905770
[RESULT] 0,2,2D,7,0.008078098,0.007117987,1452885,0,2905770
[RESULT] 0,2,2D,8,0.008008242,0.007069826,1452885,0,2905770
[RESULT] 0,2,2D,9,0.007948637,0.007058144,1452885,0,2905770
Total execution time: 1.957 seconds
