Retrieving the matrix from '../matrices/msdoor.mtx'...
%%MatrixMarket matrix coordinate real symmetric
415863 415863 10328399
Real Matrix: Rows=415863 | Cols=415863 | NNZ=10328399 | Procs=2 | Distribution=1D
Applied 1D distribution
Ghost columns identified: 202562 total ghost values needed
Local vector initialized (size=207932 per process)

========================================
COMPREHENSIVE METRICS SUMMARY
========================================
PROCESSES: 2
DISTRIBUTION: 1D
ITERATIONS: 10
Matrix NNZ: 10328399
BALANCE: nnz_local   min= 5144923  avg=5164199.50  max= 5183476
COMM:    ghost       min=  202511  avg= 202536.50  max=  202562  | recv_double_avg=1620292.00 B
METRICS: t_total     = 2.294e-02  t_comp = 2.028e-02  t_comm = 2.830e-03
         gflops_total= 9.006170e-01  gflops_comp= 1.018499e+00
========================================

[RESULT] 0,2,1D,0,0.025226355,0.004996538,5144923,202562,10289846
[RESULT] 0,2,1D,1,0.023313284,0.003166676,5144923,202562,10289846
[RESULT] 0,2,1D,2,0.022974491,0.002840996,5144923,202562,10289846
[RESULT] 0,2,1D,3,0.022857428,0.002718210,5144923,202562,10289846
[RESULT] 0,2,1D,4,0.022699594,0.002657175,5144923,202562,10289846
[RESULT] 0,2,1D,5,0.022084475,0.002509356,5144923,202562,10289846
[RESULT] 0,2,1D,6,0.022638321,0.002406359,5144923,202562,10289846
[RESULT] 0,2,1D,7,0.022705078,0.002470016,5144923,202562,10289846
[RESULT] 0,2,1D,8,0.022505522,0.002327442,5144923,202562,10289846
[RESULT] 0,2,1D,9,0.022358179,0.002205372,5144923,202562,10289846
Total execution time: 6.540 seconds
