Retrieving the matrix from '../matrices/tmt_sym.mtx'...
%%MatrixMarket matrix coordinate real symmetric
726713 726713 2903837
Real Matrix: Rows=726713 | Cols=726713 | NNZ=2903837 | Procs=64 | Distribution=2D
2D Process Grid (Block): 8 x 8 (rows x cols)
Rank 2: Grid (0,2) | Rows [0,90840) | Cols [181680,272520) | LocalRows=90840 | NNZ=0 | ColsGlobal
Rank 6: Grid (0,6) | Rows [0,90840) | Cols [545040,635880) | LocalRows=90840 | NNZ=0 | ColsGlobal
Rank 1: Grid (0,1) | Rows [0,90840) | Cols [90840,181680) | LocalRows=90840 | NNZ=0 | ColsGlobal
Rank 4: Grid (0,4) | Rows [0,90840) | Cols [363360,454200) | LocalRows=90840 | NNZ=0 | ColsGlobal
Rank 42: Grid (5,2) | Rows [454200,545040) | Cols [181680,272520) | LocalRows=90840 | NNZ=0 | ColsGlobal
Rank 3: Grid (0,3) | Rows [0,90840) | Cols [272520,363360) | LocalRows=90840 | NNZ=0 | ColsGlobal
Rank 62: Grid (7,6) | Rows [635880,726713) | Cols [545040,635880) | LocalRows=90833 | NNZ=1485 | ColsGlobal
Rank 61: Grid (7,5) | Rows [635880,726713) | Cols [454200,545040) | LocalRows=90833 | NNZ=0 | ColsGlobal
Rank 44: Grid (5,4) | Rows [454200,545040) | Cols [363360,454200) | LocalRows=90840 | NNZ=1885 | ColsGlobal
Rank 41: Grid (5,1) | Rows [454200,545040) | Cols [90840,181680) | LocalRows=90840 | NNZ=0 | ColsGlobal
Rank 60: Grid (7,4) | Rows [635880,726713) | Cols [363360,454200) | LocalRows=90833 | NNZ=0 | ColsGlobal
Rank 40: Grid (5,0) | Rows [454200,545040) | Cols [0,90840) | LocalRows=90840 | NNZ=0 | ColsGlobal
Rank 35: Grid (4,3) | Rows [363360,454200) | Cols [272520,363360) | LocalRows=90840 | NNZ=1922 | ColsGlobal
Rank 8: Grid (1,0) | Rows [90840,181680) | Cols [0,90840) | LocalRows=90840 | NNZ=1487 | ColsGlobal
Rank 7: Grid (0,7) | Rows [0,90840) | Cols [635880,726713) | LocalRows=90840 | NNZ=0 | ColsGlobal
Rank 5: Grid (0,5) | Rows [0,90840) | Cols [454200,545040) | LocalRows=90840 | NNZ=0 | ColsGlobal
Rank 43: Grid (5,3) | Rows [454200,545040) | Cols [272520,363360) | LocalRows=90840 | NNZ=0 | ColsGlobal
Rank 34: Grid (4,2) | Rows [363360,454200) | Cols [181680,272520) | LocalRows=90840 | NNZ=0 | ColsGlobal
Rank 32: Grid (4,0) | Rows [363360,454200) | Cols [0,90840) | LocalRows=90840 | NNZ=0 | ColsGlobal
Rank 46: Grid (5,6) | Rows [454200,545040) | Cols [545040,635880) | LocalRows=90840 | NNZ=0 | ColsGlobal
Rank 59: Grid (7,3) | Rows [635880,726713) | Cols [272520,363360) | LocalRows=90833 | NNZ=0 | ColsGlobal
Rank 10: Grid (1,2) | Rows [90840,181680) | Cols [181680,272520) | LocalRows=90840 | NNZ=0 | ColsGlobal
Rank 39: Grid (4,7) | Rows [363360,454200) | Cols [635880,726713) | LocalRows=90840 | NNZ=0 | ColsGlobal
Rank 38: Grid (4,6) | Rows [363360,454200) | Cols [545040,635880) | LocalRows=90840 | NNZ=0 | ColsGlobal
Rank 16: Grid (2,0) | Rows [181680,272520) | Cols [0,90840) | LocalRows=90840 | NNZ=0 | ColsGlobal
Rank 37: Grid (4,5) | Rows [363360,454200) | Cols [454200,545040) | LocalRows=90840 | NNZ=0 | ColsGlobal
Rank 15: Grid (1,7) | Rows [90840,181680) | Cols [635880,726713) | LocalRows=90840 | NNZ=0 | ColsGlobal
Rank 0: Grid (0,0) | Rows [0,90840) | Cols [0,90840) | LocalRows=90840 | NNZ=361783 | ColsGlobal
Applied 2D block distribution (global column indices preserved)
Rank 22: Grid (2,6) | Rows [181680,272520) | Cols [545040,635880) | LocalRows=90840 | NNZ=0 | ColsGlobal
Rank 31: Grid (3,7) | Rows [272520,363360) | Cols [635880,726713) | LocalRows=90840 | NNZ=0 | ColsGlobal
Rank 52: Grid (6,4) | Rows [545040,635880) | Cols [363360,454200) | LocalRows=90840 | NNZ=0 | ColsGlobal
Rank 30: Grid (3,6) | Rows [272520,363360) | Cols [545040,635880) | LocalRows=90840 | NNZ=0 | ColsGlobal
Rank 12: Grid (1,4) | Rows [90840,181680) | Cols [363360,454200) | LocalRows=90840 | NNZ=0 | ColsGlobal
Rank 48: Grid (6,0) | Rows [545040,635880) | Cols [0,90840) | LocalRows=90840 | NNZ=0 | ColsGlobal
Rank 51: Grid (6,3) | Rows [545040,635880) | Cols [272520,363360) | LocalRows=90840 | NNZ=0 | ColsGlobal
Rank 21: Grid (2,5) | Rows [181680,272520) | Cols [454200,545040) | LocalRows=90840 | NNZ=0 | ColsGlobal
Rank 24: Grid (3,0) | Rows [272520,363360) | Cols [0,90840) | LocalRows=90840 | NNZ=0 | ColsGlobal
Rank 33: Grid (4,1) | Rows [363360,454200) | Cols [90840,181680) | LocalRows=90840 | NNZ=0 | ColsGlobal
Rank 47: Grid (5,7) | Rows [454200,545040) | Cols [635880,726713) | LocalRows=90840 | NNZ=0 | ColsGlobal
Rank 23: Grid (2,7) | Rows [181680,272520) | Cols [635880,726713) | LocalRows=90840 | NNZ=0 | ColsGlobal
Rank 50: Grid (6,2) | Rows [545040,635880) | Cols [181680,272520) | LocalRows=90840 | NNZ=0 | ColsGlobal
Rank 29: Grid (3,5) | Rows [272520,363360) | Cols [454200,545040) | LocalRows=90840 | NNZ=0 | ColsGlobal
Rank 58: Grid (7,2) | Rows [635880,726713) | Cols [181680,272520) | LocalRows=90833 | NNZ=0 | ColsGlobal
Rank 17: Grid (2,1) | Rows [181680,272520) | Cols [90840,181680) | LocalRows=90840 | NNZ=1761 | ColsGlobal
Rank 53: Grid (6,5) | Rows [545040,635880) | Cols [454200,545040) | LocalRows=90840 | NNZ=1761 | ColsGlobal
Rank 11: Grid (1,3) | Rows [90840,181680) | Cols [272520,363360) | LocalRows=90840 | NNZ=0 | ColsGlobal
Rank 28: Grid (3,4) | Rows [272520,363360) | Cols [363360,454200) | LocalRows=90840 | NNZ=0 | ColsGlobal
Rank 49: Grid (6,1) | Rows [545040,635880) | Cols [90840,181680) | LocalRows=90840 | NNZ=0 | ColsGlobal
Rank 26: Grid (3,2) | Rows [272520,363360) | Cols [181680,272520) | LocalRows=90840 | NNZ=1887 | ColsGlobal
Rank 63: Grid (7,7) | Rows [635880,726713) | Cols [635880,726713) | LocalRows=90833 | NNZ=361743 | ColsGlobal
Rank 14: Grid (1,6) | Rows [90840,181680) | Cols [545040,635880) | LocalRows=90840 | NNZ=0 | ColsGlobal
Rank 20: Grid (2,4) | Rows [181680,272520) | Cols [363360,454200) | LocalRows=90840 | NNZ=0 | ColsGlobal
Rank 36: Grid (4,4) | Rows [363360,454200) | Cols [363360,454200) | LocalRows=90840 | NNZ=361263 | ColsGlobal
Rank 56: Grid (7,0) | Rows [635880,726713) | Cols [0,90840) | LocalRows=90833 | NNZ=0 | ColsGlobal
Rank 25: Grid (3,1) | Rows [272520,363360) | Cols [90840,181680) | LocalRows=90840 | NNZ=0 | ColsGlobal
Rank 55: Grid (6,7) | Rows [545040,635880) | Cols [635880,726713) | LocalRows=90840 | NNZ=0 | ColsGlobal
Rank 13: Grid (1,5) | Rows [90840,181680) | Cols [454200,545040) | LocalRows=90840 | NNZ=0 | ColsGlobal
Rank 19: Grid (2,3) | Rows [181680,272520) | Cols [272520,363360) | LocalRows=90840 | NNZ=0 | ColsGlobal
Rank 57: Grid (7,1) | Rows [635880,726713) | Cols [90840,181680) | LocalRows=90833 | NNZ=0 | ColsGlobal
Rank 9: Grid (1,1) | Rows [90840,181680) | Cols [90840,181680) | LocalRows=90840 | NNZ=361478 | ColsGlobal
Rank 45: Grid (5,5) | Rows [454200,545040) | Cols [454200,545040) | LocalRows=90840 | NNZ=361324 | ColsGlobal
Rank 18: Grid (2,2) | Rows [181680,272520) | Cols [181680,272520) | LocalRows=90840 | NNZ=361319 | ColsGlobal
Rank 54: Grid (6,6) | Rows [545040,635880) | Cols [545040,635880) | LocalRows=90840 | NNZ=361479 | ColsGlobal
Rank 27: Grid (3,3) | Rows [272520,363360) | Cols [272520,363360) | LocalRows=90840 | NNZ=361260 | ColsGlobal
2D Comm Pattern: grid 8 x 8 | expand ghosts on rank 0: 0
2D: local vector size = 90840 (column block), local rows = 90840

========================================
COMPREHENSIVE METRICS SUMMARY
========================================
PROCESSES: 64
DISTRIBUTION: 2D
GRID: 8 x 8 (proc_rows x proc_cols)
ITERATIONS: 10
Matrix NNZ: 2903837
BALANCE: nnz_local   min=       0  avg=  45372.45  max=  361783
COMM:    ghost       min=       0  avg=      0.00  max=       0  | recv_double_avg=      0.00 B
METRICS: t_total     = 2.507e+00  t_comp = 1.150e-03  t_comm = 2.506e+00
         gflops_total= 2.316372e-03  gflops_comp= 5.051041e+00
========================================

[RESULT] 0,64,2D,0,2.304009438,2.303006411,361783,0,723566
[RESULT] 0,64,2D,1,2.116043329,2.115035295,361783,0,723566
[RESULT] 0,64,2D,2,2.307012320,2.304730177,361783,0,723566
[RESULT] 0,64,2D,3,2.300006390,2.298994780,361783,0,723566
[RESULT] 0,64,2D,4,2.304013729,2.303006411,361783,0,723566
[RESULT] 0,64,2D,5,2.304013968,2.303003550,361783,0,723566
[RESULT] 0,64,2D,6,2.404015541,2.403009653,361783,0,723566
[RESULT] 0,64,2D,7,2.427997589,2.426990747,361783,0,723566
[RESULT] 0,64,2D,8,2.432015419,2.431008101,361783,0,723566
[RESULT] 0,64,2D,9,2.432015657,2.431006432,361783,0,723566
Total execution time: 152.266 seconds
