Retrieving the matrix from '../matrices/Hook_1498.mtx'...
%%MatrixMarket matrix coordinate real symmetric
1498023 1498023 31207734
Real Matrix: Rows=1498023 | Cols=1498023 | NNZ=31207734 | Procs=2 | Distribution=1D
Applied 1D distribution
Ghost columns identified: 744635 total ghost values needed
Local vector initialized (size=749012 per process)

========================================
COMPREHENSIVE METRICS SUMMARY
========================================
PROCESSES: 2
DISTRIBUTION: 1D
ITERATIONS: 10
Matrix NNZ: 31207734
BALANCE: nnz_local   min=15603136  avg=15603867.00  max=15604598
COMM:    ghost       min=  744635  avg= 744692.50  max=  744750  | recv_double_avg=5957540.00 B
METRICS: t_total     = 8.860e-02  t_comp = 8.228e-02  t_comm = 6.542e-03
         gflops_total= 7.044380e-01  gflops_comp= 7.585554e-01
========================================

[RESULT] 0,2,1D,0,0.090601444,0.008672953,15603136,744635,31206272
[RESULT] 0,2,1D,1,0.089149237,0.007177591,15603136,744635,31206272
[RESULT] 0,2,1D,2,0.088629723,0.006640911,15603136,744635,31206272
[RESULT] 0,2,1D,3,0.088389397,0.006356716,15603136,744635,31206272
[RESULT] 0,2,1D,4,0.088240862,0.006165743,15603136,744635,31206272
[RESULT] 0,2,1D,5,0.088253260,0.006084442,15603136,744635,31206272
[RESULT] 0,2,1D,6,0.088184357,0.006098986,15603136,744635,31206272
[RESULT] 0,2,1D,7,0.088136435,0.006035089,15603136,744635,31206272
[RESULT] 0,2,1D,8,0.088267088,0.006083727,15603136,744635,31206272
[RESULT] 0,2,1D,9,0.088180304,0.006103754,15603136,744635,31206272
Total execution time: 18.999 seconds
