Retrieving the matrix from '../matrices/Hook_1498.mtx'...
%%MatrixMarket matrix coordinate real symmetric
1498023 1498023 31207734
Real Matrix: Rows=1498023 | Cols=1498023 | NNZ=31207734 | Procs=64 | Distribution=2D
2D Process Grid (Block): 8 x 8 (rows x cols)
Rank 61: Grid (7,5) | Rows [1310771,1498023) | Cols [936265,1123518) | LocalRows=187252 | NNZ=0 | ColsGlobal
Rank 60: Grid (7,4) | Rows [1310771,1498023) | Cols [749012,936265) | LocalRows=187252 | NNZ=0 | ColsGlobal
Rank 62: Grid (7,6) | Rows [1310771,1498023) | Cols [1123518,1310771) | LocalRows=187252 | NNZ=117071 | ColsGlobal
Rank 59: Grid (7,3) | Rows [1310771,1498023) | Cols [561759,749012) | LocalRows=187252 | NNZ=0 | ColsGlobal
Rank 1: Grid (0,1) | Rows [0,187253) | Cols [187253,374506) | LocalRows=187253 | NNZ=0 | ColsGlobal
Rank 63: Grid (7,7) | Rows [1310771,1498023) | Cols [1310771,1498023) | LocalRows=187252 | NNZ=3791452 | ColsGlobal
Rank 55: Grid (6,7) | Rows [1123518,1310771) | Cols [1310771,1498023) | LocalRows=187253 | NNZ=0 | ColsGlobal
Rank 58: Grid (7,2) | Rows [1310771,1498023) | Cols [374506,561759) | LocalRows=187252 | NNZ=0 | ColsGlobal
Rank 0: Grid (0,0) | Rows [0,187253) | Cols [0,187253) | LocalRows=187253 | NNZ=3833892 | ColsGlobal
Applied 2D block distribution (global column indices preserved)
Rank 2: Grid (0,2) | Rows [0,187253) | Cols [374506,561759) | LocalRows=187253 | NNZ=0 | ColsGlobal
Rank 56: Grid (7,0) | Rows [1310771,1498023) | Cols [0,187253) | LocalRows=187252 | NNZ=0 | ColsGlobal
Rank 41: Grid (5,1) | Rows [936265,1123518) | Cols [187253,374506) | LocalRows=187253 | NNZ=0 | ColsGlobal
Rank 57: Grid (7,1) | Rows [1310771,1498023) | Cols [187253,374506) | LocalRows=187252 | NNZ=0 | ColsGlobal
Rank 40: Grid (5,0) | Rows [936265,1123518) | Cols [0,187253) | LocalRows=187253 | NNZ=0 | ColsGlobal
Rank 3: Grid (0,3) | Rows [0,187253) | Cols [561759,749012) | LocalRows=187253 | NNZ=0 | ColsGlobal
Rank 39: Grid (4,7) | Rows [749012,936265) | Cols [1310771,1498023) | LocalRows=187253 | NNZ=0 | ColsGlobal
Rank 53: Grid (6,5) | Rows [1123518,1310771) | Cols [936265,1123518) | LocalRows=187253 | NNZ=221967 | ColsGlobal
Rank 37: Grid (4,5) | Rows [749012,936265) | Cols [936265,1123518) | LocalRows=187253 | NNZ=0 | ColsGlobal
Rank 51: Grid (6,3) | Rows [1123518,1310771) | Cols [561759,749012) | LocalRows=187253 | NNZ=0 | ColsGlobal
Rank 42: Grid (5,2) | Rows [936265,1123518) | Cols [374506,561759) | LocalRows=187253 | NNZ=0 | ColsGlobal
Rank 52: Grid (6,4) | Rows [1123518,1310771) | Cols [749012,936265) | LocalRows=187253 | NNZ=0 | ColsGlobal
Rank 43: Grid (5,3) | Rows [936265,1123518) | Cols [561759,749012) | LocalRows=187253 | NNZ=0 | ColsGlobal
Rank 49: Grid (6,1) | Rows [1123518,1310771) | Cols [187253,374506) | LocalRows=187253 | NNZ=0 | ColsGlobal
Rank 4: Grid (0,4) | Rows [0,187253) | Cols [749012,936265) | LocalRows=187253 | NNZ=0 | ColsGlobal
Rank 46: Grid (5,6) | Rows [936265,1123518) | Cols [1123518,1310771) | LocalRows=187253 | NNZ=0 | ColsGlobal
Rank 44: Grid (5,4) | Rows [936265,1123518) | Cols [749012,936265) | LocalRows=187253 | NNZ=270311 | ColsGlobal
Rank 50: Grid (6,2) | Rows [1123518,1310771) | Cols [374506,561759) | LocalRows=187253 | NNZ=0 | ColsGlobal
Rank 35: Grid (4,3) | Rows [749012,936265) | Cols [561759,749012) | LocalRows=187253 | NNZ=247082 | ColsGlobal
Rank 5: Grid (0,5) | Rows [0,187253) | Cols [936265,1123518) | LocalRows=187253 | NNZ=0 | ColsGlobal
Rank 38: Grid (4,6) | Rows [749012,936265) | Cols [1123518,1310771) | LocalRows=187253 | NNZ=0 | ColsGlobal
Rank 47: Grid (5,7) | Rows [936265,1123518) | Cols [1310771,1498023) | LocalRows=187253 | NNZ=0 | ColsGlobal
Rank 34: Grid (4,2) | Rows [749012,936265) | Cols [374506,561759) | LocalRows=187253 | NNZ=0 | ColsGlobal
Rank 33: Grid (4,1) | Rows [749012,936265) | Cols [187253,374506) | LocalRows=187253 | NNZ=0 | ColsGlobal
Rank 54: Grid (6,6) | Rows [1123518,1310771) | Cols [1123518,1310771) | LocalRows=187253 | NNZ=3708225 | ColsGlobal
Rank 21: Grid (2,5) | Rows [374506,561759) | Cols [936265,1123518) | LocalRows=187253 | NNZ=0 | ColsGlobal
Rank 48: Grid (6,0) | Rows [1123518,1310771) | Cols [0,187253) | LocalRows=187253 | NNZ=0 | ColsGlobal
Rank 6: Grid (0,6) | Rows [0,187253) | Cols [1123518,1310771) | LocalRows=187253 | NNZ=0 | ColsGlobal
Rank 22: Grid (2,6) | Rows [374506,561759) | Cols [1123518,1310771) | LocalRows=187253 | NNZ=0 | ColsGlobal
Rank 23: Grid (2,7) | Rows [374506,561759) | Cols [1310771,1498023) | LocalRows=187253 | NNZ=0 | ColsGlobal
Rank 25: Grid (3,1) | Rows [561759,749012) | Cols [187253,374506) | LocalRows=187253 | NNZ=0 | ColsGlobal
Rank 19: Grid (2,3) | Rows [374506,561759) | Cols [561759,749012) | LocalRows=187253 | NNZ=0 | ColsGlobal
Rank 20: Grid (2,4) | Rows [374506,561759) | Cols [749012,936265) | LocalRows=187253 | NNZ=0 | ColsGlobal
Rank 7: Grid (0,7) | Rows [0,187253) | Cols [1310771,1498023) | LocalRows=187253 | NNZ=0 | ColsGlobal
Rank 31: Grid (3,7) | Rows [561759,749012) | Cols [1310771,1498023) | LocalRows=187253 | NNZ=0 | ColsGlobal
Rank 32: Grid (4,0) | Rows [749012,936265) | Cols [0,187253) | LocalRows=187253 | NNZ=0 | ColsGlobal
Rank 45: Grid (5,5) | Rows [936265,1123518) | Cols [936265,1123518) | LocalRows=187253 | NNZ=3658074 | ColsGlobal
Rank 29: Grid (3,5) | Rows [561759,749012) | Cols [936265,1123518) | LocalRows=187253 | NNZ=0 | ColsGlobal
Rank 24: Grid (3,0) | Rows [561759,749012) | Cols [0,187253) | LocalRows=187253 | NNZ=0 | ColsGlobal
Rank 30: Grid (3,6) | Rows [561759,749012) | Cols [1123518,1310771) | LocalRows=187253 | NNZ=0 | ColsGlobal
Rank 13: Grid (1,5) | Rows [187253,374506) | Cols [936265,1123518) | LocalRows=187253 | NNZ=0 | ColsGlobal
Rank 26: Grid (3,2) | Rows [561759,749012) | Cols [374506,561759) | LocalRows=187253 | NNZ=265572 | ColsGlobal
Rank 11: Grid (1,3) | Rows [187253,374506) | Cols [561759,749012) | LocalRows=187253 | NNZ=0 | ColsGlobal
Rank 15: Grid (1,7) | Rows [187253,374506) | Cols [1310771,1498023) | LocalRows=187253 | NNZ=0 | ColsGlobal
Rank 28: Grid (3,4) | Rows [561759,749012) | Cols [749012,936265) | LocalRows=187253 | NNZ=0 | ColsGlobal
Rank 17: Grid (2,1) | Rows [374506,561759) | Cols [187253,374506) | LocalRows=187253 | NNZ=194717 | ColsGlobal
Rank 8: Grid (1,0) | Rows [187253,374506) | Cols [0,187253) | LocalRows=187253 | NNZ=103244 | ColsGlobal
Rank 16: Grid (2,0) | Rows [374506,561759) | Cols [0,187253) | LocalRows=187253 | NNZ=0 | ColsGlobal
Rank 36: Grid (4,4) | Rows [749012,936265) | Cols [749012,936265) | LocalRows=187253 | NNZ=3669272 | ColsGlobal
Rank 12: Grid (1,4) | Rows [187253,374506) | Cols [749012,936265) | LocalRows=187253 | NNZ=0 | ColsGlobal
Rank 10: Grid (1,2) | Rows [187253,374506) | Cols [374506,561759) | LocalRows=187253 | NNZ=0 | ColsGlobal
Rank 14: Grid (1,6) | Rows [187253,374506) | Cols [1123518,1310771) | LocalRows=187253 | NNZ=0 | ColsGlobal
Rank 27: Grid (3,3) | Rows [561759,749012) | Cols [561759,749012) | LocalRows=187253 | NNZ=3651396 | ColsGlobal
Rank 9: Grid (1,1) | Rows [187253,374506) | Cols [187253,374506) | LocalRows=187253 | NNZ=3783968 | ColsGlobal
Rank 18: Grid (2,2) | Rows [374506,561759) | Cols [374506,561759) | LocalRows=187253 | NNZ=3691491 | ColsGlobal
2D Comm Pattern: grid 8 x 8 | expand ghosts on rank 0: 0
2D: local vector size = 187253 (column block), local rows = 187253

========================================
COMPREHENSIVE METRICS SUMMARY
========================================
PROCESSES: 64
DISTRIBUTION: 2D
GRID: 8 x 8 (proc_rows x proc_cols)
ITERATIONS: 10
Matrix NNZ: 31207734
BALANCE: nnz_local   min=       0  avg= 487620.84  max= 3833892
COMM:    ghost       min=       0  avg=      0.00  max=       0  | recv_double_avg=      0.00 B
METRICS: t_total     = 2.171e-02  t_comp = 7.619e-03  t_comm = 2.141e-02
         gflops_total= 2.875060e+00  gflops_comp= 8.191749e+00
========================================

[RESULT] 0,64,2D,0,0.015521526,0.008852959,3833892,0,7667784
[RESULT] 0,64,2D,1,0.015454531,0.008800507,3833892,0,7667784
[RESULT] 0,64,2D,2,0.015904188,0.009244919,3833892,0,7667784
[RESULT] 0,64,2D,3,0.015640974,0.008980513,3833892,0,7667784
[RESULT] 0,64,2D,4,0.015164852,0.008532763,3833892,0,7667784
[RESULT] 0,64,2D,5,0.015737057,0.009073973,3833892,0,7667784
[RESULT] 0,64,2D,6,0.014982462,0.008335829,3833892,0,7667784
[RESULT] 0,64,2D,7,0.015009403,0.008376598,3833892,0,7667784
[RESULT] 0,64,2D,8,0.014905214,0.008286715,3833892,0,7667784
[RESULT] 0,64,2D,9,0.014955521,0.008330822,3833892,0,7667784
Total execution time: 32.761 seconds
