Retrieving the matrix from '../matrices/tmt_sym.mtx'...
%%MatrixMarket matrix coordinate real symmetric
726713 726713 2903837
Real Matrix: Rows=726713 | Cols=726713 | NNZ=2903837 | Procs=8 | Distribution=2D
2D Process Grid (Block): 2 x 4 (rows x cols)
Rank 3: Grid (0,3) | Rows [0,363357) | Cols [545037,726713) | LocalRows=363357 | NNZ=0 | ColsGlobal
Rank 5: Grid (1,1) | Rows [363357,726713) | Cols [181679,363358) | LocalRows=363356 | NNZ=1927 | ColsGlobal
Rank 4: Grid (1,0) | Rows [363357,726713) | Cols [0,181679) | LocalRows=363356 | NNZ=0 | ColsGlobal
Rank 2: Grid (0,2) | Rows [0,363357) | Cols [363358,545037) | LocalRows=363357 | NNZ=0 | ColsGlobal
Rank 7: Grid (1,3) | Rows [363357,726713) | Cols [545037,726713) | LocalRows=363356 | NNZ=724719 | ColsGlobal
Rank 1: Grid (0,1) | Rows [0,363357) | Cols [181679,363358) | LocalRows=363357 | NNZ=724458 | ColsGlobal
Rank 0: Grid (0,0) | Rows [0,363357) | Cols [0,181679) | LocalRows=363357 | NNZ=726504 | ColsGlobal
Applied 2D block distribution (global column indices preserved)
Rank 6: Grid (1,2) | Rows [363357,726713) | Cols [363358,545037) | LocalRows=363356 | NNZ=726229 | ColsGlobal
2D Comm Pattern: grid 2 x 4 | expand ghosts on rank 0: 0
2D: local vector size = 181679 (column block), local rows = 363357

========================================
COMPREHENSIVE METRICS SUMMARY
========================================
PROCESSES: 8
DISTRIBUTION: 2D
GRID: 2 x 4 (proc_rows x proc_cols)
ITERATIONS: 10
Matrix NNZ: 2903837
BALANCE: nnz_local   min=       0  avg= 362979.62  max=  726504
COMM:    ghost       min=       0  avg=      0.00  max=       0  | recv_double_avg=      0.00 B
METRICS: t_total     = 1.121e-02  t_comp = 2.165e-03  t_comm = 1.069e-02
         gflops_total= 5.180571e-01  gflops_comp= 2.683110e+00
========================================

[RESULT] 0,8,2D,0,0.012851715,0.010666847,726504,0,1453008
[RESULT] 0,8,2D,1,0.012162924,0.010003090,726504,0,1453008
[RESULT] 0,8,2D,2,0.011868715,0.009718895,726504,0,1453008
[RESULT] 0,8,2D,3,0.011367559,0.009229422,726504,0,1453008
[RESULT] 0,8,2D,4,0.010555983,0.008417130,726504,0,1453008
[RESULT] 0,8,2D,5,0.010336399,0.008200169,726504,0,1453008
[RESULT] 0,8,2D,6,0.010038137,0.007899523,726504,0,1453008
[RESULT] 0,8,2D,7,0.009684324,0.007541656,726504,0,1453008
[RESULT] 0,8,2D,8,0.009330511,0.007194996,726504,0,1453008
[RESULT] 0,8,2D,9,0.009555817,0.007409096,726504,0,1453008
Total execution time: 2.145 seconds
