Retrieving the matrix from '../matrices/tmt_sym.mtx'...
%%MatrixMarket matrix coordinate real symmetric
726713 726713 2903837
Real Matrix: Rows=726713 | Cols=726713 | NNZ=2903837 | Procs=8 | Distribution=2D
2D Process Grid (Block): 2 x 4 (rows x cols)
Rank 5: Grid (1,1) | Rows [363357,726713) | Cols [181679,363358) | LocalRows=363356 | NNZ=1927 | ColsGlobal
Rank 4: Grid (1,0) | Rows [363357,726713) | Cols [0,181679) | LocalRows=363356 | NNZ=0 | ColsGlobal
Rank 2: Grid (0,2) | Rows [0,363357) | Cols [363358,545037) | LocalRows=363357 | NNZ=0 | ColsGlobal
Rank 7: Grid (1,3) | Rows [363357,726713) | Cols [545037,726713) | LocalRows=363356 | NNZ=724719 | ColsGlobal
Rank 6: Grid (1,2) | Rows [363357,726713) | Cols [363358,545037) | LocalRows=363356 | NNZ=726229 | ColsGlobal
Rank 3: Grid (0,3) | Rows [0,363357) | Cols [545037,726713) | LocalRows=363357 | NNZ=0 | ColsGlobal
Rank 0: Grid (0,0) | Rows [0,363357) | Cols [0,181679) | LocalRows=363357 | NNZ=726504 | ColsGlobal
Applied 2D block distribution (global column indices preserved)
Rank 1: Grid (0,1) | Rows [0,363357) | Cols [181679,363358) | LocalRows=363357 | NNZ=724458 | ColsGlobal
2D Comm Pattern: grid 2 x 4 | expand ghosts on rank 0: 0
2D: local vector size = 181679 (column block), local rows = 363357

========================================
COMPREHENSIVE METRICS SUMMARY
========================================
PROCESSES: 8
DISTRIBUTION: 2D
GRID: 2 x 4 (proc_rows x proc_cols)
ITERATIONS: 10
Matrix NNZ: 2903837
BALANCE: nnz_local   min=       0  avg= 362979.62  max=  726504
COMM:    ghost       min=       0  avg=      0.00  max=       0  | recv_double_avg=      0.00 B
METRICS: t_total     = 9.646e-01  t_comp = 6.178e-03  t_comm = 9.596e-01
         gflops_total= 6.020993e-03  gflops_comp= 9.400178e-01
========================================

[RESULT] 0,8,2D,0,0.983986855,0.982616901,726504,0,1453008
[RESULT] 0,8,2D,1,0.924988508,0.923789740,726504,0,1453008
[RESULT] 0,8,2D,2,0.979986429,0.978568077,726504,0,1453008
[RESULT] 0,8,2D,3,0.979987144,0.978696823,726504,0,1453008
[RESULT] 0,8,2D,4,0.951991320,0.950645924,726504,0,1453008
[RESULT] 0,8,2D,5,0.979987621,0.978704453,726504,0,1453008
[RESULT] 0,8,2D,6,0.951988697,0.950663567,726504,0,1453008
[RESULT] 0,8,2D,7,0.904998541,0.903696537,726504,0,1453008
[RESULT] 0,8,2D,8,0.976038694,0.946697235,726504,0,1453008
[RESULT] 0,8,2D,9,0.988042593,0.978736162,726504,0,1453008
Total execution time: 23.942 seconds
