Retrieving the matrix from '../matrices/Hook_1498.mtx'...
%%MatrixMarket matrix coordinate real symmetric
1498023 1498023 31207734
Real Matrix: Rows=1498023 | Cols=1498023 | NNZ=31207734 | Procs=32 | Distribution=1D
Applied 1D distribution
Ghost columns identified: 677726 total ghost values needed
Local vector initialized (size=46814 per process)

========================================
COMPREHENSIVE METRICS SUMMARY
========================================
PROCESSES: 32
DISTRIBUTION: 1D
ITERATIONS: 10
Matrix NNZ: 31207734
BALANCE: nnz_local   min=  972581  avg= 975241.69  max=  978414
COMM:    ghost       min=  677568  avg= 679000.47  max=  680740  | recv_double_avg=5432003.75 B
METRICS: t_total     = 4.681e-02  t_comp = 5.204e-03  t_comm = 4.178e-02
         gflops_total= 1.333367e+00  gflops_comp= 1.199384e+01
========================================

[RESULT] 0,32,1D,0,0.047697783,0.042727232,972745,677726,1945490
[RESULT] 0,32,1D,1,0.046149015,0.041269064,972745,677726,1945490
[RESULT] 0,32,1D,2,0.046110630,0.041240931,972745,677726,1945490
[RESULT] 0,32,1D,3,0.045448780,0.040606976,972745,677726,1945490
[RESULT] 0,32,1D,4,0.045776844,0.040966511,972745,677726,1945490
[RESULT] 0,32,1D,5,0.045901299,0.041043282,972745,677726,1945490
[RESULT] 0,32,1D,6,0.045521736,0.040673971,972745,677726,1945490
[RESULT] 0,32,1D,7,0.046076775,0.041222811,972745,677726,1945490
[RESULT] 0,32,1D,8,0.045743704,0.040882111,972745,677726,1945490
[RESULT] 0,32,1D,9,0.044967651,0.040128946,972745,677726,1945490
Total execution time: 26.048 seconds
