Retrieving the matrix from '../matrices/Hook_1498.mtx'...
%%MatrixMarket matrix coordinate real symmetric
1498023 1498023 31207734
Real Matrix: Rows=1498023 | Cols=1498023 | NNZ=31207734 | Procs=32 | Distribution=2D
2D Process Grid (Block): 4 x 8 (rows x cols)
Rank 24: Grid (3,0) | Rows [1123518,1498023) | Cols [0,187253) | LocalRows=374505 | NNZ=0 | ColsGlobal
Rank 16: Grid (2,0) | Rows [749012,1123518) | Cols [0,187253) | LocalRows=374506 | NNZ=0 | ColsGlobal
Rank 14: Grid (1,6) | Rows [374506,749012) | Cols [1123518,1310771) | LocalRows=374506 | NNZ=0 | ColsGlobal
Rank 23: Grid (2,7) | Rows [749012,1123518) | Cols [1310771,1498023) | LocalRows=374506 | NNZ=0 | ColsGlobal
Rank 12: Grid (1,4) | Rows [374506,749012) | Cols [749012,936265) | LocalRows=374506 | NNZ=0 | ColsGlobal
Rank 26: Grid (3,2) | Rows [1123518,1498023) | Cols [374506,561759) | LocalRows=374505 | NNZ=0 | ColsGlobal
Rank 28: Grid (3,4) | Rows [1123518,1498023) | Cols [749012,936265) | LocalRows=374505 | NNZ=0 | ColsGlobal
Rank 25: Grid (3,1) | Rows [1123518,1498023) | Cols [187253,374506) | LocalRows=374505 | NNZ=0 | ColsGlobal
Rank 15: Grid (1,7) | Rows [374506,749012) | Cols [1310771,1498023) | LocalRows=374506 | NNZ=0 | ColsGlobal
Rank 17: Grid (2,1) | Rows [749012,1123518) | Cols [187253,374506) | LocalRows=374506 | NNZ=0 | ColsGlobal
Rank 13: Grid (1,5) | Rows [374506,749012) | Cols [936265,1123518) | LocalRows=374506 | NNZ=0 | ColsGlobal
Rank 27: Grid (3,3) | Rows [1123518,1498023) | Cols [561759,749012) | LocalRows=374505 | NNZ=0 | ColsGlobal
Rank 29: Grid (3,5) | Rows [1123518,1498023) | Cols [936265,1123518) | LocalRows=374505 | NNZ=221967 | ColsGlobal
Rank 19: Grid (2,3) | Rows [749012,1123518) | Cols [561759,749012) | LocalRows=374506 | NNZ=247082 | ColsGlobal
Rank 6: Grid (0,6) | Rows [0,374506) | Cols [1123518,1310771) | LocalRows=374506 | NNZ=0 | ColsGlobal
Rank 9: Grid (1,1) | Rows [374506,749012) | Cols [187253,374506) | LocalRows=374506 | NNZ=194717 | ColsGlobal
Rank 7: Grid (0,7) | Rows [0,374506) | Cols [1310771,1498023) | LocalRows=374506 | NNZ=0 | ColsGlobal
Rank 22: Grid (2,6) | Rows [749012,1123518) | Cols [1123518,1310771) | LocalRows=374506 | NNZ=0 | ColsGlobal
Rank 5: Grid (0,5) | Rows [0,374506) | Cols [936265,1123518) | LocalRows=374506 | NNZ=0 | ColsGlobal
Rank 4: Grid (0,4) | Rows [0,374506) | Cols [749012,936265) | LocalRows=374506 | NNZ=0 | ColsGlobal
Rank 2: Grid (0,2) | Rows [0,374506) | Cols [374506,561759) | LocalRows=374506 | NNZ=0 | ColsGlobal
Rank 18: Grid (2,2) | Rows [749012,1123518) | Cols [374506,561759) | LocalRows=374506 | NNZ=0 | ColsGlobal
Rank 3: Grid (0,3) | Rows [0,374506) | Cols [561759,749012) | LocalRows=374506 | NNZ=0 | ColsGlobal
Rank 8: Grid (1,0) | Rows [374506,749012) | Cols [0,187253) | LocalRows=374506 | NNZ=0 | ColsGlobal
Rank 21: Grid (2,5) | Rows [749012,1123518) | Cols [936265,1123518) | LocalRows=374506 | NNZ=3658074 | ColsGlobal
Rank 11: Grid (1,3) | Rows [374506,749012) | Cols [561759,749012) | LocalRows=374506 | NNZ=3651396 | ColsGlobal
Rank 10: Grid (1,2) | Rows [374506,749012) | Cols [374506,561759) | LocalRows=374506 | NNZ=3957063 | ColsGlobal
Rank 31: Grid (3,7) | Rows [1123518,1498023) | Cols [1310771,1498023) | LocalRows=374505 | NNZ=3791452 | ColsGlobal
Rank 20: Grid (2,4) | Rows [749012,1123518) | Cols [749012,936265) | LocalRows=374506 | NNZ=3939583 | ColsGlobal
Rank 1: Grid (0,1) | Rows [0,374506) | Cols [187253,374506) | LocalRows=374506 | NNZ=3783968 | ColsGlobal
Rank 0: Grid (0,0) | Rows [0,374506) | Cols [0,187253) | LocalRows=374506 | NNZ=3937136 | ColsGlobal
Applied 2D block distribution (global column indices preserved)
Rank 30: Grid (3,6) | Rows [1123518,1498023) | Cols [1123518,1310771) | LocalRows=374505 | NNZ=3825296 | ColsGlobal
2D Comm Pattern: grid 4 x 8 | expand ghosts on rank 0: 0
2D: local vector size = 187253 (column block), local rows = 374506

========================================
COMPREHENSIVE METRICS SUMMARY
========================================
PROCESSES: 32
DISTRIBUTION: 2D
GRID: 4 x 8 (proc_rows x proc_cols)
ITERATIONS: 10
Matrix NNZ: 31207734
BALANCE: nnz_local   min=       0  avg= 975241.69  max= 3957063
COMM:    ghost       min=       0  avg=      0.00  max=       0  | recv_double_avg=      0.00 B
METRICS: t_total     = 3.659e+00  t_comp = 6.421e-02  t_comm = 3.656e+00
         gflops_total= 1.705987e-02  gflops_comp= 9.720787e-01
========================================

[RESULT] 0,32,2D,0,3.640999794,3.577137947,3937136,0,7874272
[RESULT] 0,32,2D,1,3.582998991,3.519037724,3937136,0,7874272
[RESULT] 0,32,2D,2,3.613005400,3.562038898,3937136,0,7874272
[RESULT] 0,32,2D,3,3.374010324,3.311091423,3937136,0,7874272
[RESULT] 0,32,2D,4,3.624003887,3.560026169,3937136,0,7874272
[RESULT] 0,32,2D,5,3.645997763,3.583037615,3937136,0,7874272
[RESULT] 0,32,2D,6,3.579989195,3.518045425,3937136,0,7874272
[RESULT] 0,32,2D,7,3.581027269,3.520037174,3937136,0,7874272
[RESULT] 0,32,2D,8,3.647995710,3.584034204,3937136,0,7874272
[RESULT] 0,32,2D,9,3.780994892,3.718034744,3937136,0,7874272
Total execution time: 459.269 seconds
