Retrieving the matrix from '../matrices/tmt_sym.mtx'...
%%MatrixMarket matrix coordinate real symmetric
726713 726713 2903837
Real Matrix: Rows=726713 | Cols=726713 | NNZ=2903837 | Procs=64 | Distribution=1D
Applied 1D distribution
Ghost columns identified: 33413 total ghost values needed
Local vector initialized (size=11355 per process)

========================================
COMPREHENSIVE METRICS SUMMARY
========================================
PROCESSES: 64
DISTRIBUTION: 1D
ITERATIONS: 10
Matrix NNZ: 2903837
BALANCE: nnz_local   min=   45215  avg=  45372.45  max=   45602
COMM:    ghost       min=   32972  avg=  33323.67  max=   33596  | recv_double_avg= 266589.38 B
METRICS: t_total     = 6.160e-03  t_comp = 1.126e-03  t_comm = 5.204e-03
         gflops_total= 9.428010e-01  gflops_comp= 5.157340e+00
========================================

[RESULT] 0,64,1D,0,0.005315065,0.004748821,45253,33413,90506
[RESULT] 0,64,1D,1,0.005002975,0.004657030,45253,33413,90506
[RESULT] 0,64,1D,2,0.004977942,0.004624128,45253,33413,90506
[RESULT] 0,64,1D,3,0.004820824,0.004473209,45253,33413,90506
[RESULT] 0,64,1D,4,0.004886866,0.004547358,45253,33413,90506
[RESULT] 0,64,1D,5,0.004977942,0.004631519,45253,33413,90506
[RESULT] 0,64,1D,6,0.005018950,0.004669428,45253,33413,90506
[RESULT] 0,64,1D,7,0.004903555,0.004553556,45253,33413,90506
[RESULT] 0,64,1D,8,0.004820347,0.004475594,45253,33413,90506
[RESULT] 0,64,1D,9,0.004860878,0.004506350,45253,33413,90506
Total execution time: 3.231 seconds
