Retrieving the matrix from '../matrices/Hook_1498.mtx'...
%%MatrixMarket matrix coordinate real symmetric
1498023 1498023 31207734
Real Matrix: Rows=1498023 | Cols=1498023 | NNZ=31207734 | Procs=1 | Distribution=1D
Applied 1D distribution
Ghost columns identified: 0 total ghost values needed
Local vector initialized (size=1498023 per process)

========================================
COMPREHENSIVE METRICS SUMMARY
========================================
PROCESSES: 1
DISTRIBUTION: 1D
ITERATIONS: 10
Matrix NNZ: 31207734
BALANCE: nnz_local   min=31207734  avg=31207734.00  max=31207734
COMM:    ghost       min=       0  avg=      0.00  max=       0  | recv_double_avg=      0.00 B
METRICS: t_total     = 9.523e-02  t_comp = 9.523e-02  t_comm = 2.122e-06
         gflops_total= 6.554260e-01  gflops_comp= 6.554406e-01
========================================

[RESULT] 0,1,1D,0,0.095649958,0.000002384,31207734,0,62415468
[RESULT] 0,1,1D,1,0.095260620,0.000002146,31207734,0,62415468
[RESULT] 0,1,1D,2,0.095254660,0.000001669,31207734,0,62415468
[RESULT] 0,1,1D,3,0.095645905,0.000001669,31207734,0,62415468
[RESULT] 0,1,1D,4,0.095491648,0.000002146,31207734,0,62415468
[RESULT] 0,1,1D,5,0.095513105,0.000001907,31207734,0,62415468
[RESULT] 0,1,1D,6,0.095417976,0.000002623,31207734,0,62415468
[RESULT] 0,1,1D,7,0.093267679,0.000002146,31207734,0,62415468
[RESULT] 0,1,1D,8,0.095457554,0.000002146,31207734,0,62415468
[RESULT] 0,1,1D,9,0.095329523,0.000002384,31207734,0,62415468
Total execution time: 26.551 seconds
