Retrieving the matrix from '../matrices/Hook_1498.mtx'...
%%MatrixMarket matrix coordinate real symmetric
1498023 1498023 31207734
Real Matrix: Rows=1498023 | Cols=1498023 | NNZ=31207734 | Procs=8 | Distribution=2D
2D Process Grid (Block): 2 x 4 (rows x cols)
Rank 3: Grid (0,3) | Rows [0,749012) | Cols [1123518,1498023) | LocalRows=749012 | NNZ=0 | ColsGlobal
Rank 2: Grid (0,2) | Rows [0,749012) | Cols [749012,1123518) | LocalRows=749012 | NNZ=0 | ColsGlobal
Rank 4: Grid (1,0) | Rows [749012,1498023) | Cols [0,374506) | LocalRows=749011 | NNZ=0 | ColsGlobal
Rank 5: Grid (1,1) | Rows [749012,1498023) | Cols [374506,749012) | LocalRows=749011 | NNZ=247082 | ColsGlobal
Rank 7: Grid (1,3) | Rows [749012,1498023) | Cols [1123518,1498023) | LocalRows=749011 | NNZ=7616748 | ColsGlobal
Rank 1: Grid (0,1) | Rows [0,749012) | Cols [374506,749012) | LocalRows=749012 | NNZ=7608459 | ColsGlobal
Rank 0: Grid (0,0) | Rows [0,749012) | Cols [0,374506) | LocalRows=749012 | NNZ=7915821 | ColsGlobal
Applied 2D block distribution (global column indices preserved)
Rank 6: Grid (1,2) | Rows [749012,1498023) | Cols [749012,1123518) | LocalRows=749011 | NNZ=7819624 | ColsGlobal
2D Comm Pattern: grid 2 x 4 | expand ghosts on rank 0: 0
2D: local vector size = 374506 (column block), local rows = 749012

========================================
COMPREHENSIVE METRICS SUMMARY
========================================
PROCESSES: 8
DISTRIBUTION: 2D
GRID: 2 x 4 (proc_rows x proc_cols)
ITERATIONS: 10
Matrix NNZ: 31207734
BALANCE: nnz_local   min=       0  avg=3900966.75  max= 7915821
COMM:    ghost       min=       0  avg=      0.00  max=       0  | recv_double_avg=      0.00 B
METRICS: t_total     = 3.159e-02  t_comp = 1.416e-02  t_comm = 3.057e-02
         gflops_total= 1.975538e+00  gflops_comp= 4.406562e+00
========================================

[RESULT] 0,8,2D,0,0.033688545,0.019473076,7915821,0,15831642
[RESULT] 0,8,2D,1,0.031642914,0.017405987,7915821,0,15831642
[RESULT] 0,8,2D,2,0.032839537,0.018730640,7915821,0,15831642
[RESULT] 0,8,2D,3,0.028282404,0.014137030,7915821,0,15831642
[RESULT] 0,8,2D,4,0.028465986,0.014260530,7915821,0,15831642
[RESULT] 0,8,2D,5,0.027729750,0.013575315,7915821,0,15831642
[RESULT] 0,8,2D,6,0.027608156,0.013451099,7915821,0,15831642
[RESULT] 0,8,2D,7,0.027629614,0.013507366,7915821,0,15831642
[RESULT] 0,8,2D,8,0.027840614,0.013665199,7915821,0,15831642
[RESULT] 0,8,2D,9,0.028102398,0.013981581,7915821,0,15831642
Total execution time: 20.516 seconds
