Retrieving the matrix from '../matrices/Hook_1498.mtx'...
%%MatrixMarket matrix coordinate real symmetric
1498023 1498023 31207734
Real Matrix: Rows=1498023 | Cols=1498023 | NNZ=31207734 | Procs=8 | Distribution=2D_cyclic
2D Process Grid (Cyclic): 2 x 4
Rank 1: Grid (0,1) | Local rows=749012 | NNZ=3795203 | ColsGlobal
Rank 3: Grid (0,3) | Local rows=749012 | NNZ=3801543 | ColsGlobal
Rank 5: Grid (1,1) | Local rows=749011 | NNZ=4000137 | ColsGlobal
Rank 7: Grid (1,3) | Local rows=749011 | NNZ=4006056 | ColsGlobal
Rank 0: Grid (0,0) | Local rows=749012 | NNZ=4002797 | ColsGlobal
Applied 2D cyclic distribution (global column indices preserved)
Rank 6: Grid (1,2) | Local rows=749011 | NNZ=3800185 | ColsGlobal
Rank 4: Grid (1,0) | Local rows=749011 | NNZ=3798220 | ColsGlobal
Rank 2: Grid (0,2) | Local rows=749012 | NNZ=4003593 | ColsGlobal
2D Comm Pattern: grid 2 x 4 | expand ghosts on rank 0: 280879
2D: local vector size = 374506 (column block), local rows = 749012

========================================
COMPREHENSIVE METRICS SUMMARY
========================================
PROCESSES: 8
DISTRIBUTION: 2D_cyclic
GRID: 2 x 4 (proc_rows x proc_cols)
ITERATIONS: 10
Matrix NNZ: 31207734
BALANCE: nnz_local   min= 3795203  avg=3900966.75  max= 4006056
COMM:    ghost       min=  279140  avg= 280072.12  max=  280880  | recv_double_avg=2240577.00 B
METRICS: t_total     = 1.956e+00  t_comp = 8.814e-03  t_comm = 1.951e+00
         gflops_total= 3.190193e-02  gflops_comp= 7.081668e+00
========================================

[RESULT] 0,8,2D_cyclic,0,1.936004877,1.929828167,4002797,280879,8005594
[RESULT] 0,8,2D_cyclic,1,2.026002407,2.021401644,4002797,280879,8005594
[RESULT] 0,8,2D_cyclic,2,1.959999323,1.953465223,4002797,280879,8005594
[RESULT] 0,8,2D_cyclic,3,1.991005421,1.985951185,4002797,280879,8005594
[RESULT] 0,8,2D_cyclic,4,2.016002655,1.988067627,4002797,280879,8005594
[RESULT] 0,8,2D_cyclic,5,1.935010672,1.929506063,4002797,280879,8005594
[RESULT] 0,8,2D_cyclic,6,1.945997715,1.941404581,4002797,280879,8005594
[RESULT] 0,8,2D_cyclic,7,1.911001444,1.906607151,4002797,280879,8005594
[RESULT] 0,8,2D_cyclic,8,1.901001692,1.896371603,4002797,280879,8005594
[RESULT] 0,8,2D_cyclic,9,1.931037188,1.926560163,4002797,280879,8005594
Total execution time: 135.517 seconds
