Retrieving the matrix from '../matrices/tmt_sym.mtx'...
%%MatrixMarket matrix coordinate real symmetric
726713 726713 2903837
Real Matrix: Rows=726713 | Cols=726713 | NNZ=2903837 | Procs=8 | Distribution=2D_cyclic
2D Process Grid (Cyclic): 2 x 4
Rank 7: Grid (1,3) | Local rows=363356 | NNZ=363178 | ColsGlobal
Rank 6: Grid (1,2) | Local rows=363356 | NNZ=363063 | ColsGlobal
Rank 0: Grid (0,0) | Local rows=363357 | NNZ=363176 | ColsGlobal
Applied 2D cyclic distribution (global column indices preserved)
Rank 2: Grid (0,2) | Local rows=363357 | NNZ=363008 | ColsGlobal
Rank 1: Grid (0,1) | Local rows=363357 | NNZ=362923 | ColsGlobal
Rank 3: Grid (0,3) | Local rows=363357 | NNZ=363069 | ColsGlobal
Rank 4: Grid (1,0) | Local rows=363356 | NNZ=362673 | ColsGlobal
Rank 5: Grid (1,1) | Local rows=363356 | NNZ=362747 | ColsGlobal
2D Comm Pattern: grid 2 x 4 | expand ghosts on rank 0: 136259
2D: local vector size = 181679 (column block), local rows = 363357

========================================
COMPREHENSIVE METRICS SUMMARY
========================================
PROCESSES: 8
DISTRIBUTION: 2D_cyclic
GRID: 2 x 4 (proc_rows x proc_cols)
ITERATIONS: 10
Matrix NNZ: 2903837
BALANCE: nnz_local   min=  362673  avg= 362979.62  max=  363178
COMM:    ghost       min=  136205  avg= 136244.75  max=  136259  | recv_double_avg=1089958.00 B
METRICS: t_total     = 1.080e+00  t_comp = 8.667e-03  t_comm = 1.076e+00
         gflops_total= 5.376978e-03  gflops_comp= 6.701206e-01
========================================

[RESULT] 0,8,2D_cyclic,0,1.063993216,1.058018208,363176,136259,726352
[RESULT] 0,8,2D_cyclic,1,1.119985580,1.114482880,363176,136259,726352
[RESULT] 0,8,2D_cyclic,2,1.089997768,1.084722042,363176,136259,726352
[RESULT] 0,8,2D_cyclic,3,1.091996431,1.086015463,363176,136259,726352
[RESULT] 0,8,2D_cyclic,4,1.091999531,1.086031675,363176,136259,726352
[RESULT] 0,8,2D_cyclic,5,1.010986805,0.997506618,363176,136259,726352
[RESULT] 0,8,2D_cyclic,6,1.010992765,0.980042458,363176,136259,726352
[RESULT] 0,8,2D_cyclic,7,1.131992817,1.130155325,363176,136259,726352
[RESULT] 0,8,2D_cyclic,8,1.091974258,1.086000681,363176,136259,726352
[RESULT] 0,8,2D_cyclic,9,1.093986988,1.088264704,363176,136259,726352
Total execution time: 25.142 seconds
