Retrieving the matrix from '../matrices/tmt_sym.mtx'...
%%MatrixMarket matrix coordinate real symmetric
726713 726713 2903837
Real Matrix: Rows=726713 | Cols=726713 | NNZ=2903837 | Procs=16 | Distribution=2D_cyclic
2D Process Grid (Cyclic): 4 x 4
Rank 13: Grid (3,1) | Local rows=181678 | NNZ=90491 | ColsGlobal
Rank 7: Grid (1,3) | Local rows=181678 | NNZ=90674 | ColsGlobal
Rank 11: Grid (2,3) | Local rows=181678 | NNZ=90819 | ColsGlobal
Rank 8: Grid (2,0) | Local rows=181678 | NNZ=90961 | ColsGlobal
Rank 1: Grid (0,1) | Local rows=181679 | NNZ=90901 | ColsGlobal
Rank 6: Grid (1,2) | Local rows=181678 | NNZ=90674 | ColsGlobal
Rank 15: Grid (3,3) | Local rows=181678 | NNZ=272504 | ColsGlobal
Rank 12: Grid (3,0) | Local rows=181678 | NNZ=90433 | ColsGlobal
Rank 9: Grid (2,1) | Local rows=181678 | NNZ=272022 | ColsGlobal
Rank 2: Grid (0,2) | Local rows=181679 | NNZ=90754 | ColsGlobal
Rank 14: Grid (3,2) | Local rows=181678 | NNZ=272389 | ColsGlobal
Rank 5: Grid (1,1) | Local rows=181678 | NNZ=272256 | ColsGlobal
Rank 3: Grid (0,3) | Local rows=181679 | NNZ=272250 | ColsGlobal
Rank 4: Grid (1,0) | Local rows=181678 | NNZ=272240 | ColsGlobal
Rank 10: Grid (2,2) | Local rows=181678 | NNZ=272254 | ColsGlobal
Rank 0: Grid (0,0) | Local rows=181679 | NNZ=272215 | ColsGlobal
Applied 2D cyclic distribution (global column indices preserved)
2D Comm Pattern: grid 4 x 4 | expand ghosts on rank 0: 136259
2D: local vector size = 181679 (column block), local rows = 181679

========================================
COMPREHENSIVE METRICS SUMMARY
========================================
PROCESSES: 16
DISTRIBUTION: 2D_cyclic
GRID: 4 x 4 (proc_rows x proc_cols)
ITERATIONS: 10
Matrix NNZ: 2903837
BALANCE: nnz_local   min=   90433  avg= 181489.81  max=  272504
COMM:    ghost       min=   67605  avg= 102179.06  max=  136259  | recv_double_avg= 817432.50 B
METRICS: t_total     = 1.288e-02  t_comp = 1.192e-03  t_comm = 1.211e-02
         gflops_total= 4.507773e-01  gflops_comp= 4.873390e+00
========================================

[RESULT] 0,16,2D_cyclic,0,0.010719061,0.009520531,272215,136259,544430
[RESULT] 0,16,2D_cyclic,1,0.010097742,0.008903265,272215,136259,544430
[RESULT] 0,16,2D_cyclic,2,0.011374235,0.010183334,272215,136259,544430
[RESULT] 0,16,2D_cyclic,3,0.010679245,0.009488821,272215,136259,544430
[RESULT] 0,16,2D_cyclic,4,0.010764599,0.009580135,272215,136259,544430
[RESULT] 0,16,2D_cyclic,5,0.010993481,0.009806156,272215,136259,544430
[RESULT] 0,16,2D_cyclic,6,0.010937929,0.009749413,272215,136259,544430
[RESULT] 0,16,2D_cyclic,7,0.011329412,0.010134220,272215,136259,544430
[RESULT] 0,16,2D_cyclic,8,0.010905266,0.009713888,272215,136259,544430
[RESULT] 0,16,2D_cyclic,9,0.013614655,0.012418747,272215,136259,544430
Total execution time: 2.356 seconds
