Retrieving the matrix from '../matrices/Hook_1498.mtx'...
%%MatrixMarket matrix coordinate real symmetric
1498023 1498023 31207734
Real Matrix: Rows=1498023 | Cols=1498023 | NNZ=31207734 | Procs=128 | Distribution=1D
Applied 1D distribution
Ghost columns identified: 216047 total ghost values needed
Local vector initialized (size=11704 per process)

========================================
COMPREHENSIVE METRICS SUMMARY
========================================
PROCESSES: 128
DISTRIBUTION: 1D
ITERATIONS: 10
Matrix NNZ: 31207734
BALANCE: nnz_local   min=  242322  avg= 243810.42  max=  245412
COMM:    ghost       min=  215680  avg= 216887.45  max=  218381  | recv_double_avg=1735099.62 B
METRICS: t_total     = 5.495e-02  t_comp = 4.971e-03  t_comm = 5.012e-02
         gflops_total= 1.135914e+00  gflops_comp= 1.255615e+01
========================================

[RESULT] 0,128,1D,0,0.053731680,0.050933361,242533,216047,485066
[RESULT] 0,128,1D,1,0.052429438,0.049634933,242533,216047,485066
[RESULT] 0,128,1D,2,0.051265001,0.048530579,242533,216047,485066
[RESULT] 0,128,1D,3,0.052028179,0.049240828,242533,216047,485066
[RESULT] 0,128,1D,4,0.051435709,0.048705578,242533,216047,485066
[RESULT] 0,128,1D,5,0.052217245,0.049402952,242533,216047,485066
[RESULT] 0,128,1D,6,0.051300526,0.048563480,242533,216047,485066
[RESULT] 0,128,1D,7,0.051948309,0.049157619,242533,216047,485066
[RESULT] 0,128,1D,8,0.052552700,0.049757242,242533,216047,485066
[RESULT] 0,128,1D,9,0.052293062,0.049484968,242533,216047,485066
Total execution time: 47.172 seconds
