Retrieving the matrix from '../matrices/tmt_sym.mtx'...
%%MatrixMarket matrix coordinate real symmetric
726713 726713 2903837
Real Matrix: Rows=726713 | Cols=726713 | NNZ=2903837 | Procs=4 | Distribution=1D
Applied 1D distribution
Ghost columns identified: 363253 total ghost values needed
Local vector initialized (size=181679 per process)

========================================
COMPREHENSIVE METRICS SUMMARY
========================================
PROCESSES: 4
DISTRIBUTION: 1D
ITERATIONS: 10
Matrix NNZ: 2903837
BALANCE: nnz_local   min=  725817  avg= 725959.25  max=  726120
COMM:    ghost       min=  362560  avg= 363044.00  max=  363368  | recv_double_avg=2904352.00 B
METRICS: t_total     = 1.026e-02  t_comp = 5.495e-03  t_comm = 5.033e-03
         gflops_total= 5.658786e-01  gflops_comp= 1.056975e+00
========================================

[RESULT] 0,4,1D,0,0.011722326,0.006733418,726120,363253,1452240
[RESULT] 0,4,1D,1,0.010279179,0.005358934,726120,363253,1452240
[RESULT] 0,4,1D,2,0.009987354,0.005100012,726120,363253,1452240
[RESULT] 0,4,1D,3,0.010000467,0.005029202,726120,363253,1452240
[RESULT] 0,4,1D,4,0.009686232,0.004739523,726120,363253,1452240
[RESULT] 0,4,1D,5,0.009852648,0.004926682,726120,363253,1452240
[RESULT] 0,4,1D,6,0.009602547,0.004650593,726120,363253,1452240
[RESULT] 0,4,1D,7,0.009585619,0.004656315,726120,363253,1452240
[RESULT] 0,4,1D,8,0.009481430,0.004525900,726120,363253,1452240
[RESULT] 0,4,1D,9,0.009549618,0.004611015,726120,363253,1452240
Total execution time: 1.999 seconds
