Retrieving the matrix from '../matrices/tmt_sym.mtx'...
%%MatrixMarket matrix coordinate real symmetric
726713 726713 2903837
Real Matrix: Rows=726713 | Cols=726713 | NNZ=2903837 | Procs=8 | Distribution=2D_cyclic
2D Process Grid (Cyclic): 2 x 4
Rank 2: Grid (0,2) | Local rows=363357 | NNZ=363008 | ColsGlobal
Rank 1: Grid (0,1) | Local rows=363357 | NNZ=362923 | ColsGlobal
Rank 0: Grid (0,0) | Local rows=363357 | NNZ=363176 | ColsGlobal
Applied 2D cyclic distribution (global column indices preserved)
Rank 3: Grid (0,3) | Local rows=363357 | NNZ=363069 | ColsGlobal
Rank 7: Grid (1,3) | Local rows=363356 | NNZ=363178 | ColsGlobal
Rank 4: Grid (1,0) | Local rows=363356 | NNZ=362673 | ColsGlobal
Rank 5: Grid (1,1) | Local rows=363356 | NNZ=362747 | ColsGlobal
Rank 6: Grid (1,2) | Local rows=363356 | NNZ=363063 | ColsGlobal
2D Comm Pattern: grid 2 x 4 | expand ghosts on rank 0: 136259
2D: local vector size = 181679 (column block), local rows = 363357

========================================
COMPREHENSIVE METRICS SUMMARY
========================================
PROCESSES: 8
DISTRIBUTION: 2D_cyclic
GRID: 2 x 4 (proc_rows x proc_cols)
ITERATIONS: 10
Matrix NNZ: 2903837
BALANCE: nnz_local   min=  362673  avg= 362979.62  max=  363178
COMM:    ghost       min=  136205  avg= 136244.75  max=  136259  | recv_double_avg=1089958.00 B
METRICS: t_total     = 1.603e-02  t_comp = 2.201e-03  t_comm = 1.428e-02
         gflops_total= 3.623827e-01  gflops_comp= 2.638070e+00
========================================

[RESULT] 0,8,2D_cyclic,0,0.019682884,0.016973972,363176,136259,726352
[RESULT] 0,8,2D_cyclic,1,0.015912056,0.013947010,363176,136259,726352
[RESULT] 0,8,2D_cyclic,2,0.014333963,0.012364626,363176,136259,726352
[RESULT] 0,8,2D_cyclic,3,0.013852358,0.011883736,363176,136259,726352
[RESULT] 0,8,2D_cyclic,4,0.012963295,0.010996819,363176,136259,726352
[RESULT] 0,8,2D_cyclic,5,0.012699127,0.010734558,363176,136259,726352
[RESULT] 0,8,2D_cyclic,6,0.012477636,0.010515928,363176,136259,726352
[RESULT] 0,8,2D_cyclic,7,0.012110710,0.010147810,363176,136259,726352
[RESULT] 0,8,2D_cyclic,8,0.012004852,0.010035753,363176,136259,726352
[RESULT] 0,8,2D_cyclic,9,0.011682749,0.009721994,363176,136259,726352
Total execution time: 2.176 seconds
