Retrieving the matrix from '../matrices/Hook_1498.mtx'...
%%MatrixMarket matrix coordinate real symmetric
1498023 1498023 31207734
Real Matrix: Rows=1498023 | Cols=1498023 | NNZ=31207734 | Procs=8 | Distribution=1D
Applied 1D distribution
Ghost columns identified: 1139406 total ghost values needed
Local vector initialized (size=187253 per process)

========================================
COMPREHENSIVE METRICS SUMMARY
========================================
PROCESSES: 8
DISTRIBUTION: 1D
ITERATIONS: 10
Matrix NNZ: 31207734
BALANCE: nnz_local   min= 3895764  avg=3900966.75  max= 3905099
COMM:    ghost       min= 1138620  avg=1139345.88  max= 1139819  | recv_double_avg=9114767.00 B
METRICS: t_total     = 6.173e-01  t_comp = 8.800e-02  t_comm = 5.312e-01
         gflops_total= 1.011130e-01  gflops_comp= 7.092739e-01
========================================

[RESULT] 0,8,1D,0,0.649778128,0.564127445,3898612,1139406,7797224
[RESULT] 0,8,1D,1,0.617615461,0.532039404,3898612,1139406,7797224
[RESULT] 0,8,1D,2,0.533492565,0.447981119,3898612,1139406,7797224
[RESULT] 0,8,1D,3,0.589459896,0.504019976,3898612,1139406,7797224
[RESULT] 0,8,1D,4,0.533903122,0.448355436,3898612,1139406,7797224
[RESULT] 0,8,1D,5,0.533447027,0.448013306,3898612,1139406,7797224
[RESULT] 0,8,1D,6,0.648603916,0.563038588,3898612,1139406,7797224
[RESULT] 0,8,1D,7,0.619446039,0.534017801,3898612,1139406,7797224
[RESULT] 0,8,1D,8,0.729649067,0.644025326,3898612,1139406,7797224
[RESULT] 0,8,1D,9,0.647035599,0.559288740,3898612,1139406,7797224
Total execution time: 121.938 seconds
