Retrieving the matrix from '../matrices/msdoor.mtx'...
%%MatrixMarket matrix coordinate real symmetric
415863 415863 10328399
Real Matrix: Rows=415863 | Cols=415863 | NNZ=10328399 | Procs=4 | Distribution=2D_cyclic
2D Process Grid (Cyclic): 2 x 2
Rank 1: Grid (0,1) | Local rows=207932 | NNZ=2512743 | ColsGlobal
Rank 3: Grid (1,1) | Local rows=207931 | NNZ=2638075 | ColsGlobal
Rank 0: Grid (0,0) | Local rows=207932 | NNZ=2632180 | ColsGlobal
Applied 2D cyclic distribution (global column indices preserved)
Rank 2: Grid (1,0) | Local rows=207931 | NNZ=2545401 | ColsGlobal
2D Comm Pattern: grid 2 x 2 | expand ghosts on rank 0: 103966
2D: local vector size = 207932 (column block), local rows = 207932

========================================
COMPREHENSIVE METRICS SUMMARY
========================================
PROCESSES: 4
DISTRIBUTION: 2D_cyclic
GRID: 2 x 2 (proc_rows x proc_cols)
ITERATIONS: 10
Matrix NNZ: 10328399
BALANCE: nnz_local   min= 2512743  avg=2582099.75  max= 2638075
COMM:    ghost       min=   99903  avg= 102606.00  max=  103966  | recv_double_avg= 820848.00 B
METRICS: t_total     = 1.264e-02  t_comp = 8.175e-03  t_comm = 6.795e-03
         gflops_total= 1.633667e+00  gflops_comp= 2.526916e+00
========================================

[RESULT] 0,4,2D_cyclic,0,0.013882637,0.008183241,2632180,103966,5264360
[RESULT] 0,4,2D_cyclic,1,0.012010098,0.006348610,2632180,103966,5264360
[RESULT] 0,4,2D_cyclic,2,0.011337757,0.005784512,2632180,103966,5264360
[RESULT] 0,4,2D_cyclic,3,0.010791540,0.005260706,2632180,103966,5264360
[RESULT] 0,4,2D_cyclic,4,0.010445118,0.004895210,2632180,103966,5264360
[RESULT] 0,4,2D_cyclic,5,0.010140419,0.004622459,2632180,103966,5264360
[RESULT] 0,4,2D_cyclic,6,0.009843826,0.004295588,2632180,103966,5264360
[RESULT] 0,4,2D_cyclic,7,0.009836912,0.004350901,2632180,103966,5264360
[RESULT] 0,4,2D_cyclic,8,0.009552956,0.003995895,2632180,103966,5264360
[RESULT] 0,4,2D_cyclic,9,0.009314775,0.003832817,2632180,103966,5264360
Total execution time: 6.622 seconds
