Retrieving the matrix from '../matrices/tmt_sym.mtx'...
%%MatrixMarket matrix coordinate real symmetric
726713 726713 2903837
Real Matrix: Rows=726713 | Cols=726713 | NNZ=2903837 | Procs=64 | Distribution=1D
Applied 1D distribution
Ghost columns identified: 33413 total ghost values needed
Local vector initialized (size=11355 per process)

========================================
COMPREHENSIVE METRICS SUMMARY
========================================
PROCESSES: 64
DISTRIBUTION: 1D
ITERATIONS: 10
Matrix NNZ: 2903837
BALANCE: nnz_local   min=   45215  avg=  45372.45  max=   45602
COMM:    ghost       min=   32972  avg=  33323.67  max=   33596  | recv_double_avg= 266589.38 B
METRICS: t_total     = 5.131e-01  t_comp = 6.789e-04  t_comm = 5.125e-01
         gflops_total= 1.131815e-02  gflops_comp= 8.554574e+00
========================================

[RESULT] 0,64,1D,0,0.508729458,0.508159161,45253,33413,90506
[RESULT] 0,64,1D,1,0.508737803,0.508158207,45253,33413,90506
[RESULT] 0,64,1D,2,0.508729696,0.508152485,45253,33413,90506
[RESULT] 0,64,1D,3,0.512717962,0.512146235,45253,33413,90506
[RESULT] 0,64,1D,4,0.512653828,0.512084246,45253,33413,90506
[RESULT] 0,64,1D,5,0.512669325,0.512090445,45253,33413,90506
[RESULT] 0,64,1D,6,0.512661219,0.512087822,45253,33413,90506
[RESULT] 0,64,1D,7,0.508663177,0.508088350,45253,33413,90506
[RESULT] 0,64,1D,8,0.508745670,0.508165121,45253,33413,90506
[RESULT] 0,64,1D,9,0.508778811,0.508189917,45253,33413,90506
Total execution time: 125.087 seconds
