Retrieving the matrix from '../matrices/Hook_1498.mtx'...
%%MatrixMarket matrix coordinate real symmetric
1498023 1498023 31207734
Real Matrix: Rows=1498023 | Cols=1498023 | NNZ=31207734 | Procs=128 | Distribution=1D
Applied 1D distribution
Ghost columns identified: 216047 total ghost values needed
Local vector initialized (size=11704 per process)

========================================
COMPREHENSIVE METRICS SUMMARY
========================================
PROCESSES: 128
DISTRIBUTION: 1D
ITERATIONS: 10
Matrix NNZ: 31207734
BALANCE: nnz_local   min=  242322  avg= 243810.42  max=  245412
COMM:    ghost       min=  215680  avg= 216887.45  max=  218381  | recv_double_avg=1735099.62 B
METRICS: t_total     = 2.181e+00  t_comp = 2.772e-02  t_comm = 2.179e+00
         gflops_total= 2.861332e-02  gflops_comp= 2.251669e+00
========================================

[RESULT] 0,128,1D,0,2.050492048,2.048003674,242533,216047,485066
[RESULT] 0,128,1D,1,2.049454927,2.046987534,242533,216047,485066
[RESULT] 0,128,1D,2,2.050445557,2.047983408,242533,216047,485066
[RESULT] 0,128,1D,3,2.051464796,2.048991203,242533,216047,485066
[RESULT] 0,128,1D,4,2.050445318,2.047988892,242533,216047,485066
[RESULT] 0,128,1D,5,2.309461117,2.307006121,242533,216047,485066
[RESULT] 0,128,1D,6,2.306458235,2.304008722,242533,216047,485066
[RESULT] 0,128,1D,7,2.307467699,2.304992199,242533,216047,485066
[RESULT] 0,128,1D,8,2.305454731,2.302990675,242533,216047,485066
[RESULT] 0,128,1D,9,2.332289457,2.329781532,242533,216047,485066
Total execution time: 1813.181 seconds
