Retrieving the matrix from '../matrices/msdoor.mtx'...
%%MatrixMarket matrix coordinate real symmetric
415863 415863 10328399
Real Matrix: Rows=415863 | Cols=415863 | NNZ=10328399 | Procs=8 | Distribution=2D_cyclic
2D Process Grid (Cyclic): 2 x 4
Rank 3: Grid (0,3) | Local rows=207932 | NNZ=1248750 | ColsGlobal
Rank 4: Grid (1,0) | Local rows=207931 | NNZ=1280269 | ColsGlobal
Rank 7: Grid (1,3) | Local rows=207931 | NNZ=1311292 | ColsGlobal
Rank 0: Grid (0,0) | Local rows=207932 | NNZ=1323668 | ColsGlobal
Applied 2D cyclic distribution (global column indices preserved)
Rank 1: Grid (0,1) | Local rows=207932 | NNZ=1263993 | ColsGlobal
Rank 5: Grid (1,1) | Local rows=207931 | NNZ=1326783 | ColsGlobal
Rank 2: Grid (0,2) | Local rows=207932 | NNZ=1308512 | ColsGlobal
Rank 6: Grid (1,2) | Local rows=207931 | NNZ=1265132 | ColsGlobal
2D Comm Pattern: grid 2 x 4 | expand ghosts on rank 0: 77974
2D: local vector size = 103966 (column block), local rows = 207932

========================================
COMPREHENSIVE METRICS SUMMARY
========================================
PROCESSES: 8
DISTRIBUTION: 2D_cyclic
GRID: 2 x 4 (proc_rows x proc_cols)
ITERATIONS: 10
Matrix NNZ: 10328399
BALANCE: nnz_local   min= 1248750  avg=1291049.88  max= 1326783
COMM:    ghost       min=   75615  avg=  76960.25  max=   77975  | recv_double_avg= 615682.00 B
METRICS: t_total     = 1.259e-02  t_comp = 3.687e-03  t_comm = 9.301e-03
         gflops_total= 1.640261e+00  gflops_comp= 5.602856e+00
========================================

[RESULT] 0,8,2D_cyclic,0,0.013525486,0.010120630,1323668,77974,2647336
[RESULT] 0,8,2D_cyclic,1,0.012537241,0.009155989,1323668,77974,2647336
[RESULT] 0,8,2D_cyclic,2,0.011943579,0.008599043,1323668,77974,2647336
[RESULT] 0,8,2D_cyclic,3,0.012260914,0.008910418,1323668,77974,2647336
[RESULT] 0,8,2D_cyclic,4,0.012477398,0.009133101,1323668,77974,2647336
[RESULT] 0,8,2D_cyclic,5,0.011715651,0.008376598,1323668,77974,2647336
[RESULT] 0,8,2D_cyclic,6,0.011353254,0.008008003,1323668,77974,2647336
[RESULT] 0,8,2D_cyclic,7,0.011455774,0.008121729,1323668,77974,2647336
[RESULT] 0,8,2D_cyclic,8,0.011619568,0.008273602,1323668,77974,2647336
[RESULT] 0,8,2D_cyclic,9,0.010755539,0.007439375,1323668,77974,2647336
Total execution time: 6.579 seconds
