Retrieving the matrix from '../matrices/Hook_1498.mtx'...
%%MatrixMarket matrix coordinate real symmetric
1498023 1498023 31207734
Real Matrix: Rows=1498023 | Cols=1498023 | NNZ=31207734 | Procs=16 | Distribution=2D
2D Process Grid (Block): 4 x 4 (rows x cols)
Rank 9: Grid (2,1) | Rows [749012,1123518) | Cols [374506,749012) | LocalRows=374506 | NNZ=247082 | ColsGlobal
Rank 3: Grid (0,3) | Rows [0,374506) | Cols [1123518,1498023) | LocalRows=374506 | NNZ=0 | ColsGlobal
Rank 7: Grid (1,3) | Rows [374506,749012) | Cols [1123518,1498023) | LocalRows=374506 | NNZ=0 | ColsGlobal
Rank 8: Grid (2,0) | Rows [749012,1123518) | Cols [0,374506) | LocalRows=374506 | NNZ=0 | ColsGlobal
Rank 1: Grid (0,1) | Rows [0,374506) | Cols [374506,749012) | LocalRows=374506 | NNZ=0 | ColsGlobal
Rank 11: Grid (2,3) | Rows [749012,1123518) | Cols [1123518,1498023) | LocalRows=374506 | NNZ=0 | ColsGlobal
Rank 6: Grid (1,2) | Rows [374506,749012) | Cols [749012,1123518) | LocalRows=374506 | NNZ=0 | ColsGlobal
Rank 4: Grid (1,0) | Rows [374506,749012) | Cols [0,374506) | LocalRows=374506 | NNZ=194717 | ColsGlobal
Rank 13: Grid (3,1) | Rows [1123518,1498023) | Cols [374506,749012) | LocalRows=374505 | NNZ=0 | ColsGlobal
Rank 14: Grid (3,2) | Rows [1123518,1498023) | Cols [749012,1123518) | LocalRows=374505 | NNZ=221967 | ColsGlobal
Rank 2: Grid (0,2) | Rows [0,374506) | Cols [749012,1123518) | LocalRows=374506 | NNZ=0 | ColsGlobal
Rank 12: Grid (3,0) | Rows [1123518,1498023) | Cols [0,374506) | LocalRows=374505 | NNZ=0 | ColsGlobal
Rank 5: Grid (1,1) | Rows [374506,749012) | Cols [374506,749012) | LocalRows=374506 | NNZ=7608459 | ColsGlobal
Rank 15: Grid (3,3) | Rows [1123518,1498023) | Cols [1123518,1498023) | LocalRows=374505 | NNZ=7616748 | ColsGlobal
Rank 0: Grid (0,0) | Rows [0,374506) | Cols [0,374506) | LocalRows=374506 | NNZ=7721104 | ColsGlobal
Applied 2D block distribution (global column indices preserved)
Rank 10: Grid (2,2) | Rows [749012,1123518) | Cols [749012,1123518) | LocalRows=374506 | NNZ=7597657 | ColsGlobal
2D Comm Pattern: grid 4 x 4 | expand ghosts on rank 0: 0
2D: local vector size = 374506 (column block), local rows = 374506

========================================
COMPREHENSIVE METRICS SUMMARY
========================================
PROCESSES: 16
DISTRIBUTION: 2D
GRID: 4 x 4 (proc_rows x proc_cols)
ITERATIONS: 10
Matrix NNZ: 31207734
BALANCE: nnz_local   min=       0  avg=1950483.38  max= 7721104
COMM:    ghost       min=       0  avg=      0.00  max=       0  | recv_double_avg=      0.00 B
METRICS: t_total     = 2.968e-02  t_comp = 1.344e-02  t_comm = 2.914e-02
         gflops_total= 2.102743e+00  gflops_comp= 4.643699e+00
========================================

[RESULT] 0,16,2D,0,0.043125391,0.029687166,7721104,0,15442208
[RESULT] 0,16,2D,1,0.032989502,0.019341230,7721104,0,15442208
[RESULT] 0,16,2D,2,0.030482531,0.016863585,7721104,0,15442208
[RESULT] 0,16,2D,3,0.028046370,0.014623165,7721104,0,15442208
[RESULT] 0,16,2D,4,0.027077913,0.013488293,7721104,0,15442208
[RESULT] 0,16,2D,5,0.028407812,0.014953613,7721104,0,15442208
[RESULT] 0,16,2D,6,0.027911186,0.014414310,7721104,0,15442208
[RESULT] 0,16,2D,7,0.026464224,0.013307333,7721104,0,15442208
[RESULT] 0,16,2D,8,0.026432753,0.013103962,7721104,0,15442208
[RESULT] 0,16,2D,9,0.025815487,0.012561560,7721104,0,15442208
Total execution time: 22.514 seconds
