Retrieving the matrix from '../matrices/tmt_sym.mtx'...
%%MatrixMarket matrix coordinate real symmetric
726713 726713 2903837
Real Matrix: Rows=726713 | Cols=726713 | NNZ=2903837 | Procs=2 | Distribution=2D_cyclic
2D Process Grid (Cyclic): 1 x 2
Rank 1: Grid (0,1) | Local rows=726713 | NNZ=1451917 | ColsGlobal
Rank 0: Grid (0,0) | Local rows=726713 | NNZ=1451920 | ColsGlobal
Applied 2D cyclic distribution (global column indices preserved)
2D Comm Pattern: grid 1 x 2 | expand ghosts on rank 0: 181678
2D: local vector size = 363357 (column block), local rows = 726713

========================================
COMPREHENSIVE METRICS SUMMARY
========================================
PROCESSES: 2
DISTRIBUTION: 2D_cyclic
GRID: 1 x 2 (proc_rows x proc_cols)
ITERATIONS: 10
Matrix NNZ: 2903837
BALANCE: nnz_local   min= 1451917  avg=1451918.50  max= 1451920
COMM:    ghost       min=  181678  avg= 181678.00  max=  181678  | recv_double_avg=1453424.00 B
METRICS: t_total     = 1.477e-02  t_comp = 5.364e-03  t_comm = 9.782e-03
         gflops_total= 3.930785e-01  gflops_comp= 1.082677e+00
========================================

[RESULT] 0,2,2D_cyclic,0,0.017382383,0.012664795,1451920,181678,2903840
[RESULT] 0,2,2D_cyclic,1,0.014874458,0.010073423,1451920,181678,2903840
[RESULT] 0,2,2D_cyclic,2,0.013490200,0.008702755,1451920,181678,2903840
[RESULT] 0,2,2D_cyclic,3,0.013092518,0.008405924,1451920,181678,2903840
[RESULT] 0,2,2D_cyclic,4,0.022200823,0.011287212,1451920,181678,2903840
[RESULT] 0,2,2D_cyclic,5,0.014667988,0.009882450,1451920,181678,2903840
[RESULT] 0,2,2D_cyclic,6,0.012959003,0.008220196,1451920,181678,2903840
[RESULT] 0,2,2D_cyclic,7,0.013015509,0.008349657,1451920,181678,2903840
[RESULT] 0,2,2D_cyclic,8,0.013036013,0.008249044,1451920,181678,2903840
[RESULT] 0,2,2D_cyclic,9,0.013029575,0.008271217,1451920,181678,2903840
Total execution time: 2.080 seconds
