Retrieving the matrix from '../matrices/msdoor.mtx'...
%%MatrixMarket matrix coordinate real symmetric
415863 415863 10328399
Real Matrix: Rows=415863 | Cols=415863 | NNZ=10328399 | Procs=8 | Distribution=2D
2D Process Grid (Block): 2 x 4 (rows x cols)
Rank 3: Grid (0,3) | Rows [0,207932) | Cols [311898,415863) | LocalRows=207932 | NNZ=0 | ColsGlobal
Rank 2: Grid (0,2) | Rows [0,207932) | Cols [207932,311898) | LocalRows=207932 | NNZ=0 | ColsGlobal
Rank 4: Grid (1,0) | Rows [207932,415863) | Cols [0,103966) | LocalRows=207931 | NNZ=2232 | ColsGlobal
Rank 5: Grid (1,1) | Rows [207932,415863) | Cols [103966,207932) | LocalRows=207931 | NNZ=832801 | ColsGlobal
Rank 7: Grid (1,3) | Rows [207932,415863) | Cols [311898,415863) | LocalRows=207931 | NNZ=1701967 | ColsGlobal
Rank 1: Grid (0,1) | Rows [0,207932) | Cols [103966,207932) | LocalRows=207932 | NNZ=2071973 | ColsGlobal
Rank 0: Grid (0,0) | Rows [0,207932) | Cols [0,103966) | LocalRows=207932 | NNZ=2751760 | ColsGlobal
Applied 2D block distribution (global column indices preserved)
Rank 6: Grid (1,2) | Rows [207932,415863) | Cols [207932,311898) | LocalRows=207931 | NNZ=2967666 | ColsGlobal
2D Comm Pattern: grid 2 x 4 | expand ghosts on rank 0: 0
2D: local vector size = 103966 (column block), local rows = 207932

========================================
COMPREHENSIVE METRICS SUMMARY
========================================
PROCESSES: 8
DISTRIBUTION: 2D
GRID: 2 x 4 (proc_rows x proc_cols)
ITERATIONS: 10
Matrix NNZ: 10328399
BALANCE: nnz_local   min=       0  avg=1291049.88  max= 2967666
COMM:    ghost       min=       0  avg=      0.00  max=       0  | recv_double_avg=      0.00 B
METRICS: t_total     = 1.118e-02  t_comp = 4.854e-03  t_comm = 1.088e-02
         gflops_total= 1.847271e+00  gflops_comp= 4.255321e+00
========================================

[RESULT] 0,8,2D,0,0.009108782,0.004527092,2751760,0,5503520
[RESULT] 0,8,2D,1,0.008982658,0.004429340,2751760,0,5503520
[RESULT] 0,8,2D,2,0.008979559,0.004483461,2751760,0,5503520
[RESULT] 0,8,2D,3,0.008841991,0.004372120,2751760,0,5503520
[RESULT] 0,8,2D,4,0.008743763,0.004288673,2751760,0,5503520
[RESULT] 0,8,2D,5,0.008750677,0.004292488,2751760,0,5503520
[RESULT] 0,8,2D,6,0.008725882,0.004232645,2751760,0,5503520
[RESULT] 0,8,2D,7,0.008764029,0.004262209,2751760,0,5503520
[RESULT] 0,8,2D,8,0.008716106,0.004256964,2751760,0,5503520
[RESULT] 0,8,2D,9,0.008709908,0.004219055,2751760,0,5503520
Total execution time: 6.809 seconds
