Retrieving the matrix from '../matrices/Hook_1498.mtx'...
%%MatrixMarket matrix coordinate real symmetric
1498023 1498023 31207734
Real Matrix: Rows=1498023 | Cols=1498023 | NNZ=31207734 | Procs=16 | Distribution=1D
Applied 1D distribution
Ghost columns identified: 976716 total ghost values needed
Local vector initialized (size=93627 per process)

========================================
COMPREHENSIVE METRICS SUMMARY
========================================
PROCESSES: 16
DISTRIBUTION: 1D
ITERATIONS: 10
Matrix NNZ: 31207734
BALANCE: nnz_local   min= 1946145  avg=1950483.38  max= 1954716
COMM:    ghost       min=  976716  avg= 978192.31  max=  979385  | recv_double_avg=7825538.50 B
METRICS: t_total     = 3.346e-01  t_comp = 8.249e-02  t_comm = 2.617e-01
         gflops_total= 1.865635e-01  gflops_comp= 7.566648e-01
========================================

[RESULT] 0,16,1D,0,0.386697769,0.289016724,1948584,976716,3897168
[RESULT] 0,16,1D,1,0.321684122,0.224909544,1948584,976716,3897168
[RESULT] 0,16,1D,2,0.385058165,0.291101456,1948584,976716,3897168
[RESULT] 0,16,1D,3,0.351640701,0.253894329,1948584,976716,3897168
[RESULT] 0,16,1D,4,0.291154146,0.225002289,1948584,976716,3897168
[RESULT] 0,16,1D,5,0.320625067,0.224422216,1948584,976716,3897168
[RESULT] 0,16,1D,6,0.290166616,0.224015713,1948584,976716,3897168
[RESULT] 0,16,1D,7,0.322285652,0.255999565,1948584,976716,3897168
[RESULT] 0,16,1D,8,0.354124784,0.288109303,1948584,976716,3897168
[RESULT] 0,16,1D,9,0.322098255,0.256029129,1948584,976716,3897168
Total execution time: 202.046 seconds
