Retrieving the matrix from '../matrices/msdoor.mtx'...
%%MatrixMarket matrix coordinate real symmetric
415863 415863 10328399
Real Matrix: Rows=415863 | Cols=415863 | NNZ=10328399 | Procs=2 | Distribution=2D_cyclic
2D Process Grid (Cyclic): 1 x 2
Rank 1: Grid (0,1) | Local rows=415863 | NNZ=5150818 | ColsGlobal
Rank 0: Grid (0,0) | Local rows=415863 | NNZ=5177581 | ColsGlobal
Applied 2D cyclic distribution (global column indices preserved)
2D Comm Pattern: grid 1 x 2 | expand ghosts on rank 0: 103966
2D: local vector size = 207932 (column block), local rows = 415863

========================================
COMPREHENSIVE METRICS SUMMARY
========================================
PROCESSES: 2
DISTRIBUTION: 2D_cyclic
GRID: 1 x 2 (proc_rows x proc_cols)
ITERATIONS: 10
Matrix NNZ: 10328399
BALANCE: nnz_local   min= 5150818  avg=5164199.50  max= 5177581
COMM:    ghost       min=  103966  avg= 103966.00  max=  103966  | recv_double_avg= 831728.00 B
METRICS: t_total     = 7.091e-03  t_comp = 1.203e-03  t_comm = 6.006e-03
         gflops_total= 2.913131e+00  gflops_comp= 1.717566e+01
========================================

[RESULT] 0,2,2D_cyclic,0,0.009940624,0.008474112,5177581,103966,10355162
[RESULT] 0,2,2D_cyclic,1,0.008647442,0.007363558,5177581,103966,10355162
[RESULT] 0,2,2D_cyclic,2,0.007866383,0.006732225,5177581,103966,10355162
[RESULT] 0,2,2D_cyclic,3,0.007276058,0.006211519,5177581,103966,10355162
[RESULT] 0,2,2D_cyclic,4,0.006532192,0.005496264,5177581,103966,10355162
[RESULT] 0,2,2D_cyclic,5,0.006279469,0.005273581,5177581,103966,10355162
[RESULT] 0,2,2D_cyclic,6,0.006164551,0.005187750,5177581,103966,10355162
[RESULT] 0,2,2D_cyclic,7,0.006094694,0.005133867,5177581,103966,10355162
[RESULT] 0,2,2D_cyclic,8,0.006056547,0.005096436,5177581,103966,10355162
[RESULT] 0,2,2D_cyclic,9,0.006051302,0.005086184,5177581,103966,10355162
Total execution time: 6.139 seconds
