Retrieving the matrix from '../matrices/msdoor.mtx'...
%%MatrixMarket matrix coordinate real symmetric
415863 415863 10328399
Real Matrix: Rows=415863 | Cols=415863 | NNZ=10328399 | Procs=2 | Distribution=2D
2D Process Grid (Block): 1 x 2 (rows x cols)
Rank 1: Grid (0,1) | Rows [0,415863) | Cols [207932,415863) | LocalRows=415863 | NNZ=4669633 | ColsGlobal
Rank 0: Grid (0,0) | Rows [0,415863) | Cols [0,207932) | LocalRows=415863 | NNZ=5658766 | ColsGlobal
Applied 2D block distribution (global column indices preserved)
2D Comm Pattern: grid 1 x 2 | expand ghosts on rank 0: 0
2D: local vector size = 207932 (column block), local rows = 415863

========================================
COMPREHENSIVE METRICS SUMMARY
========================================
PROCESSES: 2
DISTRIBUTION: 2D
GRID: 1 x 2 (proc_rows x proc_cols)
ITERATIONS: 10
Matrix NNZ: 10328399
BALANCE: nnz_local   min= 4669633  avg=5164199.50  max= 5658766
COMM:    ghost       min=       0  avg=      0.00  max=       0  | recv_double_avg=      0.00 B
METRICS: t_total     = 1.371e-02  t_comp = 9.023e-03  t_comm = 5.258e-03
         gflops_total= 1.507021e+00  gflops_comp= 2.289362e+00
========================================

[RESULT] 0,2,2D,0,0.015726328,0.006619692,5658766,0,11317532
[RESULT] 0,2,2D,1,0.014856577,0.005749464,5658766,0,11317532
[RESULT] 0,2,2D,2,0.014286518,0.005250692,5658766,0,11317532
[RESULT] 0,2,2D,3,0.013860464,0.004869223,5658766,0,11317532
[RESULT] 0,2,2D,4,0.013514042,0.004519939,5658766,0,11317532
[RESULT] 0,2,2D,5,0.013368368,0.004326105,5658766,0,11317532
[RESULT] 0,2,2D,6,0.013044596,0.004061937,5658766,0,11317532
[RESULT] 0,2,2D,7,0.012859583,0.003892422,5658766,0,11317532
[RESULT] 0,2,2D,8,0.012766123,0.003799677,5658766,0,11317532
[RESULT] 0,2,2D,9,0.012787819,0.003751755,5658766,0,11317532
Total execution time: 6.244 seconds
