Retrieving the matrix from '../matrices/tmt_sym.mtx'...
%%MatrixMarket matrix coordinate real symmetric
726713 726713 2903837
Real Matrix: Rows=726713 | Cols=726713 | NNZ=2903837 | Procs=2 | Distribution=2D
2D Process Grid (Block): 1 x 2 (rows x cols)
Rank 1: Grid (0,1) | Rows [0,726713) | Cols [363357,726713) | LocalRows=726713 | NNZ=1450952 | ColsGlobal
Rank 0: Grid (0,0) | Rows [0,726713) | Cols [0,363357) | LocalRows=726713 | NNZ=1452885 | ColsGlobal
Applied 2D block distribution (global column indices preserved)
2D Comm Pattern: grid 1 x 2 | expand ghosts on rank 0: 0
2D: local vector size = 363357 (column block), local rows = 726713

========================================
COMPREHENSIVE METRICS SUMMARY
========================================
PROCESSES: 2
DISTRIBUTION: 2D
GRID: 1 x 2 (proc_rows x proc_cols)
ITERATIONS: 10
Matrix NNZ: 2903837
BALANCE: nnz_local   min= 1450952  avg=1451918.50  max= 1452885
COMM:    ghost       min=       0  avg=      0.00  max=       0  | recv_double_avg=      0.00 B
METRICS: t_total     = 1.262e-02  t_comp = 4.903e-03  t_comm = 7.926e-03
         gflops_total= 4.601910e-01  gflops_comp= 1.184542e+00
========================================

[RESULT] 0,2,2D,0,0.014476776,0.010179996,1452885,0,2905770
[RESULT] 0,2,2D,1,0.013091326,0.008898020,1452885,0,2905770
[RESULT] 0,2,2D,2,0.011944532,0.007780552,1452885,0,2905770
[RESULT] 0,2,2D,3,0.011133671,0.006947994,1452885,0,2905770
[RESULT] 0,2,2D,4,0.010985613,0.006837606,1452885,0,2905770
[RESULT] 0,2,2D,5,0.010898352,0.006740570,1452885,0,2905770
[RESULT] 0,2,2D,6,0.010761499,0.006619215,1452885,0,2905770
[RESULT] 0,2,2D,7,0.010840654,0.006707191,1452885,0,2905770
[RESULT] 0,2,2D,8,0.018811703,0.008463144,1452885,0,2905770
[RESULT] 0,2,2D,9,0.013257265,0.007998228,1452885,0,2905770
Total execution time: 2.023 seconds
