Retrieving the matrix from '../matrices/msdoor.mtx'...
%%MatrixMarket matrix coordinate real symmetric
415863 415863 10328399
Real Matrix: Rows=415863 | Cols=415863 | NNZ=10328399 | Procs=8 | Distribution=2D_cyclic
2D Process Grid (Cyclic): 2 x 4
Rank 2: Grid (0,2) | Local rows=207932 | NNZ=1308512 | ColsGlobal
Rank 1: Grid (0,1) | Local rows=207932 | NNZ=1263993 | ColsGlobal
Rank 5: Grid (1,1) | Local rows=207931 | NNZ=1326783 | ColsGlobal
Rank 3: Grid (0,3) | Local rows=207932 | NNZ=1248750 | ColsGlobal
Rank 7: Grid (1,3) | Local rows=207931 | NNZ=1311292 | ColsGlobal
Rank 0: Grid (0,0) | Local rows=207932 | NNZ=1323668 | ColsGlobal
Applied 2D cyclic distribution (global column indices preserved)
Rank 6: Grid (1,2) | Local rows=207931 | NNZ=1265132 | ColsGlobal
Rank 4: Grid (1,0) | Local rows=207931 | NNZ=1280269 | ColsGlobal
2D Comm Pattern: grid 2 x 4 | expand ghosts on rank 0: 77974
2D: local vector size = 103966 (column block), local rows = 207932

========================================
COMPREHENSIVE METRICS SUMMARY
========================================
PROCESSES: 8
DISTRIBUTION: 2D_cyclic
GRID: 2 x 4 (proc_rows x proc_cols)
ITERATIONS: 10
Matrix NNZ: 10328399
BALANCE: nnz_local   min= 1248750  avg=1291049.88  max= 1326783
COMM:    ghost       min=   75615  avg=  76960.25  max=   77975  | recv_double_avg= 615682.00 B
METRICS: t_total     = 7.006e-01  t_comp = 2.902e-03  t_comm = 6.991e-01
         gflops_total= 2.948425e-02  gflops_comp= 7.118634e+00
========================================

[RESULT] 0,8,2D_cyclic,0,0.699992657,0.698325396,1323668,77974,2647336
[RESULT] 0,8,2D_cyclic,1,0.705994368,0.704446793,1323668,77974,2647336
[RESULT] 0,8,2D_cyclic,2,0.754998684,0.753403902,1323668,77974,2647336
[RESULT] 0,8,2D_cyclic,3,0.698993444,0.697364569,1323668,77974,2647336
[RESULT] 0,8,2D_cyclic,4,0.642995596,0.641497135,1323668,77974,2647336
[RESULT] 0,8,2D_cyclic,5,0.714281082,0.710937023,1323668,77974,2647336
[RESULT] 0,8,2D_cyclic,6,0.706000328,0.704541922,1323668,77974,2647336
[RESULT] 0,8,2D_cyclic,7,0.698998213,0.697541952,1323668,77974,2647336
[RESULT] 0,8,2D_cyclic,8,0.727990866,0.724539042,1323668,77974,2647336
[RESULT] 0,8,2D_cyclic,9,0.649993658,0.645840883,1323668,77974,2647336
Total execution time: 47.513 seconds
