Retrieving the matrix from '../matrices/Hook_1498.mtx'...
%%MatrixMarket matrix coordinate real symmetric
1498023 1498023 31207734
Real Matrix: Rows=1498023 | Cols=1498023 | NNZ=31207734 | Procs=2 | Distribution=2D
2D Process Grid (Block): 1 x 2 (rows x cols)
Rank 1: Grid (0,1) | Rows [0,1498023) | Cols [749012,1498023) | LocalRows=1498023 | NNZ=15436372 | ColsGlobal
Rank 0: Grid (0,0) | Rows [0,1498023) | Cols [0,749012) | LocalRows=1498023 | NNZ=15771362 | ColsGlobal
Applied 2D block distribution (global column indices preserved)
2D Comm Pattern: grid 1 x 2 | expand ghosts on rank 0: 0
2D: local vector size = 749012 (column block), local rows = 1498023

========================================
COMPREHENSIVE METRICS SUMMARY
========================================
PROCESSES: 2
DISTRIBUTION: 2D
GRID: 1 x 2 (proc_rows x proc_cols)
ITERATIONS: 10
Matrix NNZ: 31207734
BALANCE: nnz_local   min=15436372  avg=15603867.00  max=15771362
COMM:    ghost       min=       0  avg=      0.00  max=       0  | recv_double_avg=      0.00 B
METRICS: t_total     = 2.005e-02  t_comp = 4.564e-03  t_comm = 1.600e-02
         gflops_total= 3.112310e+00  gflops_comp= 1.367454e+01
========================================

[RESULT] 0,2,2D,0,0.024380684,0.019058466,15771362,0,31542724
[RESULT] 0,2,2D,1,0.020534515,0.015681267,15771362,0,31542724
[RESULT] 0,2,2D,2,0.019800186,0.015166044,15771362,0,31542724
[RESULT] 0,2,2D,3,0.019588470,0.015022993,15771362,0,31542724
[RESULT] 0,2,2D,4,0.019401789,0.014973164,15771362,0,31542724
[RESULT] 0,2,2D,5,0.019473076,0.015026808,15771362,0,31542724
[RESULT] 0,2,2D,6,0.019231558,0.014890432,15771362,0,31542724
[RESULT] 0,2,2D,7,0.019588947,0.015196323,15771362,0,31542724
[RESULT] 0,2,2D,8,0.019230366,0.014882088,15771362,0,31542724
[RESULT] 0,2,2D,9,0.019314289,0.015002728,15771362,0,31542724
Total execution time: 18.227 seconds
