Retrieving the matrix from '../matrices/Hook_1498.mtx'...
%%MatrixMarket matrix coordinate real symmetric
1498023 1498023 31207734
Real Matrix: Rows=1498023 | Cols=1498023 | NNZ=31207734 | Procs=2 | Distribution=2D
2D Process Grid (Block): 1 x 2 (rows x cols)
Rank 1: Grid (0,1) | Rows [0,1498023) | Cols [749012,1498023) | LocalRows=1498023 | NNZ=15436372 | ColsGlobal
Rank 0: Grid (0,0) | Rows [0,1498023) | Cols [0,749012) | LocalRows=1498023 | NNZ=15771362 | ColsGlobal
Applied 2D block distribution (global column indices preserved)
2D Comm Pattern: grid 1 x 2 | expand ghosts on rank 0: 0
2D: local vector size = 749012 (column block), local rows = 1498023

========================================
COMPREHENSIVE METRICS SUMMARY
========================================
PROCESSES: 2
DISTRIBUTION: 2D
GRID: 1 x 2 (proc_rows x proc_cols)
ITERATIONS: 10
Matrix NNZ: 31207734
BALANCE: nnz_local   min=15436372  avg=15603867.00  max=15771362
COMM:    ghost       min=       0  avg=      0.00  max=       0  | recv_double_avg=      0.00 B
METRICS: t_total     = 4.222e-02  t_comp = 2.757e-02  t_comm = 1.465e-02
         gflops_total= 1.478169e+00  gflops_comp= 2.263606e+00
========================================

[RESULT] 0,2,2D,0,0.045624495,0.017971754,15771362,0,31542724
[RESULT] 0,2,2D,1,0.042274237,0.014696598,15771362,0,31542724
[RESULT] 0,2,2D,2,0.041999340,0.014506102,15771362,0,31542724
[RESULT] 0,2,2D,3,0.041789770,0.014147043,15771362,0,31542724
[RESULT] 0,2,2D,4,0.041665554,0.014034986,15771362,0,31542724
[RESULT] 0,2,2D,5,0.041341066,0.013810396,15771362,0,31542724
[RESULT] 0,2,2D,6,0.041804075,0.014137983,15771362,0,31542724
[RESULT] 0,2,2D,7,0.041817427,0.014324903,15771362,0,31542724
[RESULT] 0,2,2D,8,0.041876793,0.014386892,15771362,0,31542724
[RESULT] 0,2,2D,9,0.042055845,0.014497280,15771362,0,31542724
Total execution time: 18.649 seconds
