Retrieving the matrix from '../matrices/tmt_sym.mtx'...
%%MatrixMarket matrix coordinate real symmetric
726713 726713 2903837
Real Matrix: Rows=726713 | Cols=726713 | NNZ=2903837 | Procs=32 | Distribution=2D_cyclic
2D Process Grid (Cyclic): 4 x 8
Rank 23: Grid (2,7) | Local rows=181678 | NNZ=45502 | ColsGlobal
Rank 25: Grid (3,1) | Local rows=181678 | NNZ=45345 | ColsGlobal
Rank 24: Grid (3,0) | Local rows=181678 | NNZ=45119 | ColsGlobal
Rank 15: Grid (1,7) | Local rows=181678 | NNZ=45415 | ColsGlobal
Rank 29: Grid (3,5) | Local rows=181678 | NNZ=45146 | ColsGlobal
Rank 30: Grid (3,6) | Local rows=181678 | NNZ=136205 | ColsGlobal
Rank 16: Grid (2,0) | Local rows=181678 | NNZ=45395 | ColsGlobal
Rank 19: Grid (2,3) | Local rows=181678 | NNZ=45317 | ColsGlobal
Rank 5: Grid (0,5) | Local rows=181679 | NNZ=45351 | ColsGlobal
Rank 18: Grid (2,2) | Local rows=181678 | NNZ=136094 | ColsGlobal
Rank 26: Grid (3,2) | Local rows=181678 | NNZ=136184 | ColsGlobal
Rank 28: Grid (3,4) | Local rows=181678 | NNZ=45314 | ColsGlobal
Rank 1: Grid (0,1) | Local rows=181679 | NNZ=45550 | ColsGlobal
Rank 20: Grid (2,4) | Local rows=181678 | NNZ=45566 | ColsGlobal
Rank 6: Grid (0,6) | Local rows=181679 | NNZ=45321 | ColsGlobal
Rank 0: Grid (0,0) | Local rows=181679 | NNZ=136050 | ColsGlobal
Applied 2D cyclic distribution (global column indices preserved)
Rank 17: Grid (2,1) | Local rows=181678 | NNZ=136086 | ColsGlobal
Rank 31: Grid (3,7) | Local rows=181678 | NNZ=136310 | ColsGlobal
Rank 4: Grid (0,4) | Local rows=181679 | NNZ=136165 | ColsGlobal
Rank 2: Grid (0,2) | Local rows=181679 | NNZ=45433 | ColsGlobal
Rank 3: Grid (0,3) | Local rows=181679 | NNZ=136171 | ColsGlobal
Rank 10: Grid (1,2) | Local rows=181678 | NNZ=45337 | ColsGlobal
Rank 14: Grid (1,6) | Local rows=181678 | NNZ=45337 | ColsGlobal
Rank 27: Grid (3,3) | Local rows=181678 | NNZ=136194 | ColsGlobal
Rank 8: Grid (1,0) | Local rows=181678 | NNZ=136118 | ColsGlobal
Rank 7: Grid (0,7) | Local rows=181679 | NNZ=136079 | ColsGlobal
Rank 11: Grid (1,3) | Local rows=181678 | NNZ=45259 | ColsGlobal
Rank 9: Grid (1,1) | Local rows=181678 | NNZ=136182 | ColsGlobal
Rank 22: Grid (2,6) | Local rows=181678 | NNZ=136160 | ColsGlobal
Rank 21: Grid (2,5) | Local rows=181678 | NNZ=135936 | ColsGlobal
Rank 12: Grid (1,4) | Local rows=181678 | NNZ=136122 | ColsGlobal
Rank 13: Grid (1,5) | Local rows=181678 | NNZ=136074 | ColsGlobal
2D Comm Pattern: grid 4 x 8 | expand ghosts on rank 0: 79485
2D: local vector size = 90840 (column block), local rows = 181679

========================================
COMPREHENSIVE METRICS SUMMARY
========================================
PROCESSES: 32
DISTRIBUTION: 2D_cyclic
GRID: 4 x 8 (proc_rows x proc_cols)
ITERATIONS: 10
Matrix NNZ: 2903837
BALANCE: nnz_local   min=   45119  avg=  90744.91  max=  136310
COMM:    ghost       min=   39447  avg=  59594.47  max=   79485  | recv_double_avg= 476755.75 B
METRICS: t_total     = 2.200e+00  t_comp = 1.575e-03  t_comm = 2.198e+00
         gflops_total= 2.640321e-03  gflops_comp= 3.688321e+00
========================================

[RESULT] 0,32,2D_cyclic,0,2.300986767,2.299488068,136050,79485,272100
[RESULT] 0,32,2D_cyclic,1,2.239999533,2.238418341,136050,79485,272100
[RESULT] 0,32,2D_cyclic,2,2.175997257,2.174577475,136050,79485,272100
[RESULT] 0,32,2D_cyclic,3,2.176001787,2.174533367,136050,79485,272100
[RESULT] 0,32,2D_cyclic,4,2.238997221,2.237626553,136050,79485,272100
[RESULT] 0,32,2D_cyclic,5,2.177001238,2.175641537,136050,79485,272100
[RESULT] 0,32,2D_cyclic,6,2.171992540,2.170658112,136050,79485,272100
[RESULT] 0,32,2D_cyclic,7,2.175989866,2.174664021,136050,79485,272100
[RESULT] 0,32,2D_cyclic,8,2.111994028,2.110687256,136050,79485,272100
[RESULT] 0,32,2D_cyclic,9,2.110992670,2.109651804,136050,79485,272100
Total execution time: 75.359 seconds
