Retrieving the matrix from '../matrices/tmt_sym.mtx'...
%%MatrixMarket matrix coordinate real symmetric
726713 726713 2903837
Real Matrix: Rows=726713 | Cols=726713 | NNZ=2903837 | Procs=16 | Distribution=1D
Applied 1D distribution
Ghost columns identified: 126558 total ghost values needed
Local vector initialized (size=45420 per process)

========================================
COMPREHENSIVE METRICS SUMMARY
========================================
PROCESSES: 16
DISTRIBUTION: 1D
ITERATIONS: 10
Matrix NNZ: 2903837
BALANCE: nnz_local   min=  181131  avg= 181489.81  max=  181722
COMM:    ghost       min=  122919  avg= 124785.44  max=  126983  | recv_double_avg= 998283.50 B
METRICS: t_total     = 1.225e-01  t_comp = 2.966e-02  t_comm = 1.148e-01
         gflops_total= 4.742362e-02  gflops_comp= 1.958183e-01
========================================

[RESULT] 0,16,1D,0,0.097484589,0.096236467,181270,126558,362540
[RESULT] 0,16,1D,1,0.128398895,0.127164841,181270,126558,362540
[RESULT] 0,16,1D,2,0.129443645,0.128203630,181270,126558,362540
[RESULT] 0,16,1D,3,0.128351212,0.127164602,181270,126558,362540
[RESULT] 0,16,1D,4,0.129389763,0.128147602,181270,126558,362540
[RESULT] 0,16,1D,5,0.129391193,0.128154278,181270,126558,362540
[RESULT] 0,16,1D,6,0.128417492,0.127171993,181270,126558,362540
[RESULT] 0,16,1D,7,0.095547676,0.093167543,181270,126558,362540
[RESULT] 0,16,1D,8,0.129091740,0.096159697,181270,126558,362540
[RESULT] 0,16,1D,9,0.129121304,0.096172094,181270,126558,362540
Total execution time: 24.485 seconds
