Synthetic Matrix (Weak Scaling): Rows/proc=10000 | Total rows=10000 | NNZ/row=~50 | Procs=2
Dummy Matrix Generated: 10000 Global Rows | Total NNZ: 999909
2D Comm Pattern: grid 1 x 2 | expand ghosts on rank 0: 5000
2D: local vector size = 5000 (column block), local rows = 10000

========================================
COMPREHENSIVE METRICS SUMMARY
========================================
PROCESSES: 2
DISTRIBUTION: 2D
GRID: 1 x 2 (proc_rows x proc_cols)
ITERATIONS: 10
Matrix NNZ: 999909
BALANCE: nnz_local   min=  499945  avg= 499954.50  max=  499964
COMM:    ghost       min=    5000  avg=   5000.00  max=    5000  | recv_double_avg=  40000.00 B
METRICS: t_total     = 6.021e-04  t_comp = 1.569e-04  t_comm = 4.873e-04
         gflops_total= 3.321524e+00  gflops_comp= 1.274942e+01
========================================

[RESULT] 0,2,2D,0,0.000767946,0.000604630,499945,5000,999890
[RESULT] 0,2,2D,1,0.000768423,0.000605106,499945,5000,999890
[RESULT] 0,2,2D,2,0.000803232,0.000645876,499945,5000,999890
[RESULT] 0,2,2D,3,0.000580072,0.000402927,499945,5000,999890
[RESULT] 0,2,2D,4,0.000530005,0.000370979,499945,5000,999890
[RESULT] 0,2,2D,5,0.000519037,0.000359058,499945,5000,999890
[RESULT] 0,2,2D,6,0.000518799,0.000365019,499945,5000,999890
[RESULT] 0,2,2D,7,0.000517368,0.000362873,499945,5000,999890
[RESULT] 0,2,2D,8,0.000507116,0.000359058,499945,5000,999890
[RESULT] 0,2,2D,9,0.000508785,0.000376701,499945,5000,999890
Total execution time: 0.068 seconds
