Synthetic Matrix (Weak Scaling): Rows/proc=10000 | Total rows=20000 | NNZ/row=~50 | Procs=8
Dummy Matrix Generated: 20000 Global Rows | Total NNZ: 3999812
2D Comm Pattern: grid 2 x 4 | expand ghosts on rank 0: 15000
2D: local vector size = 5000 (column block), local rows = 10000

========================================
COMPREHENSIVE METRICS SUMMARY
========================================
PROCESSES: 8
DISTRIBUTION: 2D
GRID: 2 x 4 (proc_rows x proc_cols)
ITERATIONS: 10
Matrix NNZ: 3999812
BALANCE: nnz_local   min=  499972  avg= 499976.50  max=  499980
COMM:    ghost       min=   15000  avg=  15000.00  max=   15000  | recv_double_avg= 120000.00 B
METRICS: t_total     = 1.089e-01  t_comp = 1.771e-03  t_comm = 1.086e-01
         gflops_total= 7.344337e-02  gflops_comp= 4.517808e+00
========================================

[RESULT] 0,8,2D,0,0.110002041,0.108819246,499979,15000,999958
[RESULT] 0,8,2D,1,0.095998526,0.084427118,499979,15000,999958
[RESULT] 0,8,2D,2,0.111384392,0.110979080,499979,15000,999958
[RESULT] 0,8,2D,3,0.104386091,0.102366686,499979,15000,999958
[RESULT] 0,8,2D,4,0.111994743,0.111538172,499979,15000,999958
[RESULT] 0,8,2D,5,0.111992598,0.111548901,499979,15000,999958
[RESULT] 0,8,2D,6,0.083996296,0.083618164,499979,15000,999958
[RESULT] 0,8,2D,7,0.083993435,0.083628654,499979,15000,999958
[RESULT] 0,8,2D,8,0.083993196,0.083586216,499979,15000,999958
[RESULT] 0,8,2D,9,0.083995581,0.083517790,499979,15000,999958
Total execution time: 2.481 seconds
