Synthetic Matrix (Weak Scaling): Rows/proc=10000 | Total rows=80000 | NNZ/row=~50 | Procs=128
Dummy Matrix Generated: 80000 Global Rows | Total NNZ: 63999213
2D Comm Pattern: grid 8 x 16 | expand ghosts on rank 0: 74855
2D: local vector size = 5000 (column block), local rows = 10000

========================================
COMPREHENSIVE METRICS SUMMARY
========================================
PROCESSES: 128
DISTRIBUTION: 2D_cyclic
GRID: 8 x 16 (proc_rows x proc_cols)
ITERATIONS: 10
Matrix NNZ: 63999213
BALANCE: nnz_local   min=  499987  avg= 499993.85  max=  500000
COMM:    ghost       min=   74827  avg=  74856.59  max=   74881  | recv_double_avg= 598852.75 B
METRICS: t_total     = 2.965e-02  t_comp = 5.201e-03  t_comm = 2.656e-02
         gflops_total= 4.316775e+00  gflops_comp= 2.461089e+01
========================================

[RESULT] 0,128,2D_cyclic,0,0.030861378,0.028012037,499995,74855,999990
[RESULT] 0,128,2D_cyclic,1,0.035021305,0.032203913,499995,74855,999990
[RESULT] 0,128,2D_cyclic,2,0.028772116,0.025951624,499995,74855,999990
[RESULT] 0,128,2D_cyclic,3,0.024740219,0.021926403,499995,74855,999990
[RESULT] 0,128,2D_cyclic,4,0.022180080,0.019381285,499995,74855,999990
[RESULT] 0,128,2D_cyclic,5,0.034524441,0.031721830,499995,74855,999990
[RESULT] 0,128,2D_cyclic,6,0.027888775,0.025103569,499995,74855,999990
[RESULT] 0,128,2D_cyclic,7,0.024601460,0.021792173,499995,74855,999990
[RESULT] 0,128,2D_cyclic,8,0.022286415,0.019500017,499995,74855,999990
[RESULT] 0,128,2D_cyclic,9,0.023903608,0.021097422,499995,74855,999990
Total execution time: 0.826 seconds
