Synthetic Matrix (Weak Scaling): Rows/proc=10000 | Total rows=80000 | NNZ/row=~50 | Procs=64
Dummy Matrix Generated: 80000 Global Rows | Total NNZ: 31999608
2D Comm Pattern: grid 8 x 8 | expand ghosts on rank 0: 69855
2D: local vector size = 10000 (column block), local rows = 10000

========================================
COMPREHENSIVE METRICS SUMMARY
========================================
PROCESSES: 64
DISTRIBUTION: 2D
GRID: 8 x 8 (proc_rows x proc_cols)
ITERATIONS: 10
Matrix NNZ: 31999608
BALANCE: nnz_local   min=  499988  avg= 499993.88  max=  500000
COMM:    ghost       min=   69835  avg=  69867.31  max=   69900  | recv_double_avg= 558938.50 B
METRICS: t_total     = 1.260e-02  t_comp = 3.490e-03  t_comm = 1.009e-02
         gflops_total= 5.081306e+00  gflops_comp= 1.833591e+01
========================================

[RESULT] 0,64,2D,0,0.012590408,0.010110617,499991,69855,999982
[RESULT] 0,64,2D,1,0.012707710,0.010248423,499991,69855,999982
[RESULT] 0,64,2D,2,0.012338638,0.009881973,499991,69855,999982
[RESULT] 0,64,2D,3,0.012408972,0.009934187,499991,69855,999982
[RESULT] 0,64,2D,4,0.012425661,0.009974241,499991,69855,999982
[RESULT] 0,64,2D,5,0.012357473,0.009911299,499991,69855,999982
[RESULT] 0,64,2D,6,0.012408972,0.009969950,499991,69855,999982
[RESULT] 0,64,2D,7,0.012289762,0.009840250,499991,69855,999982
[RESULT] 0,64,2D,8,0.012437582,0.009983540,499991,69855,999982
[RESULT] 0,64,2D,9,0.012375593,0.009939194,499991,69855,999982
Total execution time: 0.220 seconds
