Synthetic Matrix (Weak Scaling): Rows/proc=10000 | Total rows=40000 | NNZ/row=~50 | Procs=16
Dummy Matrix Generated: 40000 Global Rows | Total NNZ: 7999787
2D Comm Pattern: grid 4 x 4 | expand ghosts on rank 0: 30000
2D: local vector size = 10000 (column block), local rows = 10000

========================================
COMPREHENSIVE METRICS SUMMARY
========================================
PROCESSES: 16
DISTRIBUTION: 2D
GRID: 4 x 4 (proc_rows x proc_cols)
ITERATIONS: 10
Matrix NNZ: 7999787
BALANCE: nnz_local   min=  499980  avg= 499986.69  max=  499993
COMM:    ghost       min=   29999  avg=  29999.88  max=   30000  | recv_double_avg= 239999.00 B
METRICS: t_total     = 3.000e-03  t_comp = 1.516e-03  t_comm = 1.649e-03
         gflops_total= 5.333281e+00  gflops_comp= 1.055325e+01
========================================

[RESULT] 0,16,2D,0,0.002877951,0.001406908,499986,30000,999972
[RESULT] 0,16,2D,1,0.002865791,0.001419544,499986,30000,999972
[RESULT] 0,16,2D,2,0.002964020,0.001479626,499986,30000,999972
[RESULT] 0,16,2D,3,0.002873421,0.001441717,499986,30000,999972
[RESULT] 0,16,2D,4,0.002864599,0.001432419,499986,30000,999972
[RESULT] 0,16,2D,5,0.002843142,0.001417637,499986,30000,999972
[RESULT] 0,16,2D,6,0.002872229,0.001442432,499986,30000,999972
[RESULT] 0,16,2D,7,0.002852678,0.001424789,499986,30000,999972
[RESULT] 0,16,2D,8,0.002913237,0.001487017,499986,30000,999972
[RESULT] 0,16,2D,9,0.002891779,0.001462936,499986,30000,999972
Total execution time: 0.100 seconds
