Synthetic Matrix (Weak Scaling): Rows/proc=10000 | Total rows=10000 | NNZ/row=~50 | Procs=2
Dummy Matrix Generated: 10000 Global Rows | Total NNZ: 999889
2D Comm Pattern: grid 1 x 2 | expand ghosts on rank 0: 5000
2D: local vector size = 5000 (column block), local rows = 10000

========================================
COMPREHENSIVE METRICS SUMMARY
========================================
PROCESSES: 2
DISTRIBUTION: 2D_cyclic
GRID: 1 x 2 (proc_rows x proc_cols)
ITERATIONS: 10
Matrix NNZ: 999889
BALANCE: nnz_local   min=  499937  avg= 499944.50  max=  499952
COMM:    ghost       min=    5000  avg=   5000.00  max=    5000  | recv_double_avg=  40000.00 B
METRICS: t_total     = 5.647e-04  t_comp = 1.007e-04  t_comm = 4.775e-04
         gflops_total= 3.541196e+00  gflops_comp= 1.986660e+01
========================================

[RESULT] 0,2,2D_cyclic,0,0.000766277,0.000629425,499952,5000,999904
[RESULT] 0,2,2D_cyclic,1,0.000770330,0.000648975,499952,5000,999904
[RESULT] 0,2,2D_cyclic,2,0.000719309,0.000607491,499952,5000,999904
[RESULT] 0,2,2D_cyclic,3,0.000723124,0.000625610,499952,5000,999904
[RESULT] 0,2,2D_cyclic,4,0.000413179,0.000318527,499952,5000,999904
[RESULT] 0,2,2D_cyclic,5,0.000448227,0.000353575,499952,5000,999904
[RESULT] 0,2,2D_cyclic,6,0.000463009,0.000378132,499952,5000,999904
[RESULT] 0,2,2D_cyclic,7,0.000445843,0.000357151,499952,5000,999904
[RESULT] 0,2,2D_cyclic,8,0.000452042,0.000359535,499952,5000,999904
[RESULT] 0,2,2D_cyclic,9,0.000445843,0.000362158,499952,5000,999904
Total execution time: 0.079 seconds
