Synthetic Matrix (Weak Scaling): Rows/proc=10000 | Total rows=20000 | NNZ/row=~50 | Procs=4
Dummy Matrix Generated: 20000 Global Rows | Total NNZ: 1999903
2D Comm Pattern: grid 2 x 2 | expand ghosts on rank 0: 10000
2D: local vector size = 10000 (column block), local rows = 10000

========================================
COMPREHENSIVE METRICS SUMMARY
========================================
PROCESSES: 4
DISTRIBUTION: 2D
GRID: 2 x 2 (proc_rows x proc_cols)
ITERATIONS: 10
Matrix NNZ: 1999903
BALANCE: nnz_local   min=  499969  avg= 499975.75  max=  499982
COMM:    ghost       min=   10000  avg=  10000.00  max=   10000  | recv_double_avg=  80000.00 B
METRICS: t_total     = 1.626e-03  t_comp = 1.140e-03  t_comm = 5.454e-04
         gflops_total= 2.460496e+00  gflops_comp= 3.508240e+00
========================================

[RESULT] 0,4,2D,0,0.001573324,0.000428915,499969,10000,999938
[RESULT] 0,4,2D,1,0.001583576,0.000444889,499969,10000,999938
[RESULT] 0,4,2D,2,0.001564741,0.000426054,499969,10000,999938
[RESULT] 0,4,2D,3,0.001612186,0.000467300,499969,10000,999938
[RESULT] 0,4,2D,4,0.001584053,0.000444174,499969,10000,999938
[RESULT] 0,4,2D,5,0.001556635,0.000418425,499969,10000,999938
[RESULT] 0,4,2D,6,0.001594782,0.000456810,499969,10000,999938
[RESULT] 0,4,2D,7,0.001550913,0.000414610,499969,10000,999938
[RESULT] 0,4,2D,8,0.001616716,0.000471115,499969,10000,999938
[RESULT] 0,4,2D,9,0.002019167,0.000882626,499969,10000,999938
Total execution time: 0.079 seconds
