Synthetic Matrix (Weak Scaling): Rows/proc=10000 | Total rows=80000 | NNZ/row=~50 | Procs=8
Dummy Matrix Generated: 80000 Global Rows | Total NNZ: 4000000
Ghost columns identified: 69858 total ghost values needed
Local vector initialized (size=10000 per process)

========================================
COMPREHENSIVE METRICS SUMMARY
========================================
PROCESSES: 8
DISTRIBUTION: 1D
ITERATIONS: 10
Matrix NNZ: 4000000
BALANCE: nnz_local   min=  500000  avg= 500000.00  max=  500000
COMM:    ghost       min=   69840  avg=  69861.62  max=   69888  | recv_double_avg= 558893.00 B
METRICS: t_total     = 4.386e-03  t_comp = 3.235e-03  t_comm = 1.375e-03
         gflops_total= 1.823938e+00  gflops_comp= 2.472637e+00
========================================

[RESULT] 0,8,1D,0,0.004520416,0.001446247,500000,69858,1000000
[RESULT] 0,8,1D,1,0.004156351,0.001171112,500000,69858,1000000
[RESULT] 0,8,1D,2,0.004247665,0.001275301,500000,69858,1000000
[RESULT] 0,8,1D,3,0.004176617,0.001210928,500000,69858,1000000
[RESULT] 0,8,1D,4,0.004395485,0.001433849,500000,69858,1000000
[RESULT] 0,8,1D,5,0.004155397,0.001185656,500000,69858,1000000
[RESULT] 0,8,1D,6,0.004113436,0.001147985,500000,69858,1000000
[RESULT] 0,8,1D,7,0.004149675,0.001179457,500000,69858,1000000
[RESULT] 0,8,1D,8,0.004146338,0.001180649,500000,69858,1000000
[RESULT] 0,8,1D,9,0.004152298,0.001192808,500000,69858,1000000
Total execution time: 0.111 seconds
