Synthetic Matrix (Weak Scaling): Rows/proc=10000 | Total rows=20000 | NNZ/row=~50 | Procs=8
Dummy Matrix Generated: 20000 Global Rows | Total NNZ: 3999810
2D Comm Pattern: grid 2 x 4 | expand ghosts on rank 0: 15000
2D: local vector size = 5000 (column block), local rows = 10000

========================================
COMPREHENSIVE METRICS SUMMARY
========================================
PROCESSES: 8
DISTRIBUTION: 2D_cyclic
GRID: 2 x 4 (proc_rows x proc_cols)
ITERATIONS: 10
Matrix NNZ: 3999810
BALANCE: nnz_local   min=  499969  avg= 499976.25  max=  499985
COMM:    ghost       min=   15000  avg=  15000.00  max=   15000  | recv_double_avg= 120000.00 B
METRICS: t_total     = 2.048e-03  t_comp = 1.266e-03  t_comm = 8.927e-04
         gflops_total= 3.906308e+00  gflops_comp= 6.317136e+00
========================================

[RESULT] 0,8,2D_cyclic,0,0.002222538,0.000923157,499985,15000,999970
[RESULT] 0,8,2D_cyclic,1,0.002159834,0.000890732,499985,15000,999970
[RESULT] 0,8,2D_cyclic,2,0.002210617,0.000948668,499985,15000,999970
[RESULT] 0,8,2D_cyclic,3,0.002013922,0.000752211,499985,15000,999970
[RESULT] 0,8,2D_cyclic,4,0.001978397,0.000716209,499985,15000,999970
[RESULT] 0,8,2D_cyclic,5,0.002049923,0.000789404,499985,15000,999970
[RESULT] 0,8,2D_cyclic,6,0.001941442,0.000682592,499985,15000,999970
[RESULT] 0,8,2D_cyclic,7,0.001946449,0.000686169,499985,15000,999970
[RESULT] 0,8,2D_cyclic,8,0.001951218,0.000683069,499985,15000,999970
[RESULT] 0,8,2D_cyclic,9,0.001955986,0.000694752,499985,15000,999970
Total execution time: 0.090 seconds
