Synthetic Matrix (Weak Scaling): Rows/proc=10000 | Total rows=80000 | NNZ/row=~50 | Procs=64
Dummy Matrix Generated: 80000 Global Rows | Total NNZ: 31999592
2D Comm Pattern: grid 8 x 8 | expand ghosts on rank 0: 69837
2D: local vector size = 10000 (column block), local rows = 10000

========================================
COMPREHENSIVE METRICS SUMMARY
========================================
PROCESSES: 64
DISTRIBUTION: 2D
GRID: 8 x 8 (proc_rows x proc_cols)
ITERATIONS: 10
Matrix NNZ: 31999592
BALANCE: nnz_local   min=  499988  avg= 499993.62  max=  499999
COMM:    ghost       min=   69824  avg=  69865.28  max=   69907  | recv_double_avg= 558922.25 B
METRICS: t_total     = 1.025e+00  t_comp = 3.997e-02  t_comm = 1.022e+00
         gflops_total= 6.246775e-02  gflops_comp= 1.601301e+00
========================================

[RESULT] 0,64,2D,0,1.026005507,1.023070812,499996,69837,999992
[RESULT] 0,64,2D,1,0.896013498,0.893224001,499996,69837,999992
[RESULT] 0,64,2D,2,1.020004511,1.017096519,499996,69837,999992
[RESULT] 0,64,2D,3,0.896006584,0.893162251,499996,69837,999992
[RESULT] 0,64,2D,4,1.023999929,1.021093369,499996,69837,999992
[RESULT] 0,64,2D,5,0.896006107,0.893179417,499996,69837,999992
[RESULT] 0,64,2D,6,1.024008512,1.021080017,499996,69837,999992
[RESULT] 0,64,2D,7,1.024002790,1.021107435,499996,69837,999992
[RESULT] 0,64,2D,8,1.024002790,1.021106720,499996,69837,999992
[RESULT] 0,64,2D,9,1.024003029,1.021145344,499996,69837,999992
Total execution time: 24.339 seconds
