Synthetic Matrix (Weak Scaling): Rows/proc=10000 | Total rows=160000 | NNZ/row=~50 | Procs=16
Dummy Matrix Generated: 160000 Global Rows | Total NNZ: 8000000
Ghost columns identified: 143445 total ghost values needed
Local vector initialized (size=10000 per process)

========================================
COMPREHENSIVE METRICS SUMMARY
========================================
PROCESSES: 16
DISTRIBUTION: 1D
ITERATIONS: 10
Matrix NNZ: 8000000
BALANCE: nnz_local   min=  500000  avg= 500000.00  max=  500000
COMM:    ghost       min=  143281  avg= 143386.62  max=  143499  | recv_double_avg=1147093.00 B
METRICS: t_total     = 8.643e-03  t_comp = 4.219e-03  t_comm = 4.492e-03
         gflops_total= 1.851162e+00  gflops_comp= 3.792554e+00
========================================

[RESULT] 0,16,1D,0,0.008244991,0.004496574,500000,143445,1000000
[RESULT] 0,16,1D,1,0.007855892,0.004246950,500000,143445,1000000
[RESULT] 0,16,1D,2,0.007673502,0.004096270,500000,143445,1000000
[RESULT] 0,16,1D,3,0.007664919,0.004121780,500000,143445,1000000
[RESULT] 0,16,1D,4,0.007561684,0.003996134,500000,143445,1000000
[RESULT] 0,16,1D,5,0.007869720,0.004294395,500000,143445,1000000
[RESULT] 0,16,1D,6,0.007814884,0.004260302,500000,143445,1000000
[RESULT] 0,16,1D,7,0.007821083,0.004251719,500000,143445,1000000
[RESULT] 0,16,1D,8,0.007731199,0.004169941,500000,143445,1000000
[RESULT] 0,16,1D,9,0.007739782,0.004180908,500000,143445,1000000
Total execution time: 0.166 seconds
