Synthetic Matrix (Weak Scaling): Rows/proc=10000 | Total rows=40000 | NNZ/row=~50 | Procs=4
Dummy Matrix Generated: 40000 Global Rows | Total NNZ: 2000000
Ghost columns identified: 30000 total ghost values needed
Local vector initialized (size=10000 per process)

========================================
COMPREHENSIVE METRICS SUMMARY
========================================
PROCESSES: 4
DISTRIBUTION: 1D
ITERATIONS: 10
Matrix NNZ: 2000000
BALANCE: nnz_local   min=  500000  avg= 500000.00  max=  500000
COMM:    ghost       min=   29999  avg=  29999.75  max=   30000  | recv_double_avg= 239998.00 B
METRICS: t_total     = 5.283e-02  t_comp = 3.867e-03  t_comm = 4.908e-02
         gflops_total= 7.571096e-02  gflops_comp= 1.034500e+00
========================================

[RESULT] 0,4,1D,0,0.055768728,0.051999807,500000,30000,1000000
[RESULT] 0,4,1D,1,0.051947594,0.048213243,500000,30000,1000000
[RESULT] 0,4,1D,2,0.051971197,0.048247099,500000,30000,1000000
[RESULT] 0,4,1D,3,0.052012682,0.048258781,500000,30000,1000000
[RESULT] 0,4,1D,4,0.051960468,0.048225641,500000,30000,1000000
[RESULT] 0,4,1D,5,0.052112818,0.048250198,500000,30000,1000000
[RESULT] 0,4,1D,6,0.057893515,0.054118872,500000,30000,1000000
[RESULT] 0,4,1D,7,0.051932096,0.048208714,500000,30000,1000000
[RESULT] 0,4,1D,8,0.055742741,0.052003145,500000,30000,1000000
[RESULT] 0,4,1D,9,0.046983242,0.043260098,500000,30000,1000000
Total execution time: 0.843 seconds
