Synthetic Matrix (Weak Scaling): Rows/proc=10000 | Total rows=80000 | NNZ/row=~50 | Procs=128
Dummy Matrix Generated: 80000 Global Rows | Total NNZ: 63999178
2D Comm Pattern: grid 8 x 16 | expand ghosts on rank 0: 74849
2D: local vector size = 5000 (column block), local rows = 10000

========================================
COMPREHENSIVE METRICS SUMMARY
========================================
PROCESSES: 128
DISTRIBUTION: 2D
GRID: 8 x 16 (proc_rows x proc_cols)
ITERATIONS: 10
Matrix NNZ: 63999178
BALANCE: nnz_local   min=  499986  avg= 499993.58  max=  499998
COMM:    ghost       min=   74831  avg=  74857.19  max=   74885  | recv_double_avg= 598857.50 B
METRICS: t_total     = 4.134e-02  t_comp = 5.943e-03  t_comm = 3.805e-02
         gflops_total= 3.096532e+00  gflops_comp= 2.153667e+01
========================================

[RESULT] 0,128,2D,0,0.021528006,0.018331766,499992,74849,999984
[RESULT] 0,128,2D,1,0.021736622,0.018550158,499992,74849,999984
[RESULT] 0,128,2D,2,0.026548386,0.023425817,499992,74849,999984
[RESULT] 0,128,2D,3,0.025928736,0.022781849,499992,74849,999984
[RESULT] 0,128,2D,4,0.025950909,0.022777796,499992,74849,999984
[RESULT] 0,128,2D,5,0.025762320,0.022605896,499992,74849,999984
[RESULT] 0,128,2D,6,0.026079178,0.022889376,499992,74849,999984
[RESULT] 0,128,2D,7,0.025926828,0.022749186,499992,74849,999984
[RESULT] 0,128,2D,8,0.025822639,0.022669077,499992,74849,999984
[RESULT] 0,128,2D,9,0.025683403,0.022560835,499992,74849,999984
Total execution time: 0.998 seconds
