Synthetic Matrix (Weak Scaling): Rows/proc=10000 | Total rows=20000 | NNZ/row=~50 | Procs=4
Dummy Matrix Generated: 20000 Global Rows | Total NNZ: 1999905
2D Comm Pattern: grid 2 x 2 | expand ghosts on rank 0: 10000
2D: local vector size = 10000 (column block), local rows = 10000

========================================
COMPREHENSIVE METRICS SUMMARY
========================================
PROCESSES: 4
DISTRIBUTION: 2D
GRID: 2 x 2 (proc_rows x proc_cols)
ITERATIONS: 10
Matrix NNZ: 1999905
BALANCE: nnz_local   min=  499971  avg= 499976.25  max=  499982
COMM:    ghost       min=   10000  avg=  10000.00  max=   10000  | recv_double_avg=  80000.00 B
METRICS: t_total     = 1.064e-03  t_comp = 1.785e-04  t_comm = 9.676e-04
         gflops_total= 3.757738e+00  gflops_comp= 2.240441e+01
========================================

[RESULT] 0,4,2D,0,0.000840664,0.000604153,499975,10000,999950
[RESULT] 0,4,2D,1,0.000814199,0.000612497,499975,10000,999950
[RESULT] 0,4,2D,2,0.000791550,0.000600576,499975,10000,999950
[RESULT] 0,4,2D,3,0.000784159,0.000596523,499975,10000,999950
[RESULT] 0,4,2D,4,0.000714302,0.000575781,499975,10000,999950
[RESULT] 0,4,2D,5,0.000688553,0.000546694,499975,10000,999950
[RESULT] 0,4,2D,6,0.000726461,0.000582933,499975,10000,999950
[RESULT] 0,4,2D,7,0.000727892,0.000585794,499975,10000,999950
[RESULT] 0,4,2D,8,0.000729084,0.000575304,499975,10000,999950
[RESULT] 0,4,2D,9,0.000716686,0.000576735,499975,10000,999950
Total execution time: 0.535 seconds
