Synthetic Matrix (Weak Scaling): Rows/proc=10000 | Total rows=160000 | NNZ/row=~50 | Procs=16
Dummy Matrix Generated: 160000 Global Rows | Total NNZ: 8000000
Ghost columns identified: 143445 total ghost values needed
Local vector initialized (size=10000 per process)

========================================
COMPREHENSIVE METRICS SUMMARY
========================================
PROCESSES: 16
DISTRIBUTION: 1D
ITERATIONS: 10
Matrix NNZ: 8000000
BALANCE: nnz_local   min=  500000  avg= 500000.00  max=  500000
COMM:    ghost       min=  143281  avg= 143386.62  max=  143499  | recv_double_avg=1147093.00 B
METRICS: t_total     = 1.748e-01  t_comp = 5.379e-02  t_comm = 1.210e-01
         gflops_total= 9.155180e-02  gflops_comp= 2.974276e-01
========================================

[RESULT] 0,16,1D,0,0.151977062,0.117419243,500000,143445,1000000
[RESULT] 0,16,1D,1,0.192022562,0.127990007,500000,143445,1000000
[RESULT] 0,16,1D,2,0.135916233,0.096338034,500000,143445,1000000
[RESULT] 0,16,1D,3,0.166979551,0.099004984,500000,143445,1000000
[RESULT] 0,16,1D,4,0.192039967,0.128000259,500000,143445,1000000
[RESULT] 0,16,1D,5,0.167877436,0.128003120,500000,143445,1000000
[RESULT] 0,16,1D,6,0.191999197,0.128006935,500000,143445,1000000
[RESULT] 0,16,1D,7,0.191987038,0.127997875,500000,143445,1000000
[RESULT] 0,16,1D,8,0.195055246,0.131013393,500000,143445,1000000
[RESULT] 0,16,1D,9,0.161790133,0.125924587,500000,143445,1000000
Total execution time: 3.409 seconds
