Synthetic Matrix (Weak Scaling): Rows/proc=10000 | Total rows=320000 | NNZ/row=~50 | Procs=32
Dummy Matrix Generated: 320000 Global Rows | Total NNZ: 16000000
Ghost columns identified: 245121 total ghost values needed
Local vector initialized (size=10000 per process)

========================================
COMPREHENSIVE METRICS SUMMARY
========================================
PROCESSES: 32
DISTRIBUTION: 1D
ITERATIONS: 10
Matrix NNZ: 16000000
BALANCE: nnz_local   min=  500000  avg= 500000.00  max=  500000
COMM:    ghost       min=  244503  avg= 245013.53  max=  245368  | recv_double_avg=1960108.25 B
METRICS: t_total     = 2.320e-02  t_comp = 9.006e-03  t_comm = 1.431e-02
         gflops_total= 1.379379e+00  gflops_comp= 3.553243e+00
========================================

[RESULT] 0,32,1D,0,0.019385338,0.014420748,500000,245121,1000000
[RESULT] 0,32,1D,1,0.018850803,0.013943434,500000,245121,1000000
[RESULT] 0,32,1D,2,0.019048691,0.014134645,500000,245121,1000000
[RESULT] 0,32,1D,3,0.018846989,0.013965607,500000,245121,1000000
[RESULT] 0,32,1D,4,0.018997431,0.014114618,500000,245121,1000000
[RESULT] 0,32,1D,5,0.019030571,0.014135361,500000,245121,1000000
[RESULT] 0,32,1D,6,0.019006729,0.014137983,500000,245121,1000000
[RESULT] 0,32,1D,7,0.019006729,0.014134407,500000,245121,1000000
[RESULT] 0,32,1D,8,0.019011736,0.014156818,500000,245121,1000000
[RESULT] 0,32,1D,9,0.018875599,0.014026165,500000,245121,1000000
Total execution time: 0.347 seconds
