Synthetic Matrix (Weak Scaling): Rows/proc=10000 | Total rows=20000 | NNZ/row=~50 | Procs=4
Dummy Matrix Generated: 20000 Global Rows | Total NNZ: 1999898
2D Comm Pattern: grid 2 x 2 | expand ghosts on rank 0: 10000
2D: local vector size = 10000 (column block), local rows = 10000

========================================
COMPREHENSIVE METRICS SUMMARY
========================================
PROCESSES: 4
DISTRIBUTION: 2D_cyclic
GRID: 2 x 2 (proc_rows x proc_cols)
ITERATIONS: 10
Matrix NNZ: 1999898
BALANCE: nnz_local   min=  499969  avg= 499974.50  max=  499978
COMM:    ghost       min=   10000  avg=  10000.00  max=   10000  | recv_double_avg=  80000.00 B
METRICS: t_total     = 1.563e-03  t_comp = 1.105e-03  t_comm = 6.143e-04
         gflops_total= 2.559752e+00  gflops_comp= 3.621292e+00
========================================

[RESULT] 0,4,2D_cyclic,0,0.001508236,0.000397921,499978,10000,999956
[RESULT] 0,4,2D_cyclic,1,0.001483917,0.000382185,499978,10000,999956
[RESULT] 0,4,2D_cyclic,2,0.001502037,0.000399351,499978,10000,999956
[RESULT] 0,4,2D_cyclic,3,0.001518488,0.000412703,499978,10000,999956
[RESULT] 0,4,2D_cyclic,4,0.001510620,0.000407934,499978,10000,999956
[RESULT] 0,4,2D_cyclic,5,0.001525164,0.000419140,499978,10000,999956
[RESULT] 0,4,2D_cyclic,6,0.001495361,0.000391483,499978,10000,999956
[RESULT] 0,4,2D_cyclic,7,0.001493931,0.000389099,499978,10000,999956
[RESULT] 0,4,2D_cyclic,8,0.001525640,0.000420332,499978,10000,999956
[RESULT] 0,4,2D_cyclic,9,0.001529455,0.000427485,499978,10000,999956
Total execution time: 0.082 seconds
