Synthetic Matrix (Weak Scaling): Rows/proc=10000 | Total rows=640000 | NNZ/row=~50 | Procs=64
Dummy Matrix Generated: 640000 Global Rows | Total NNZ: 32000000
Ghost columns identified: 341628 total ghost values needed
Local vector initialized (size=10000 per process)

========================================
COMPREHENSIVE METRICS SUMMARY
========================================
PROCESSES: 64
DISTRIBUTION: 1D
ITERATIONS: 10
Matrix NNZ: 32000000
BALANCE: nnz_local   min=  500000  avg= 500000.00  max=  500000
COMM:    ghost       min=  340908  avg= 341542.47  max=  342173  | recv_double_avg=2732339.75 B
METRICS: t_total     = 8.225e-01  t_comp = 2.959e-01  t_comm = 5.638e-01
         gflops_total= 7.780902e-02  gflops_comp= 2.163144e-01
========================================

[RESULT] 0,64,1D,0,0.643223524,0.384557962,500000,341628,1000000
[RESULT] 0,64,1D,1,0.901834249,0.643026829,500000,341628,1000000
[RESULT] 0,64,1D,2,0.898843765,0.640018702,500000,341628,1000000
[RESULT] 0,64,1D,3,0.898809671,0.640030146,500000,341628,1000000
[RESULT] 0,64,1D,4,0.894835711,0.636018991,500000,341628,1000000
[RESULT] 0,64,1D,5,0.771034718,0.512304068,500000,341628,1000000
[RESULT] 0,64,1D,6,0.771018028,0.512296915,500000,341628,1000000
[RESULT] 0,64,1D,7,0.771012068,0.512290716,500000,341628,1000000
[RESULT] 0,64,1D,8,0.771006823,0.512282848,500000,341628,1000000
[RESULT] 0,64,1D,9,0.898787498,0.640019417,500000,341628,1000000
Total execution time: 18.607 seconds
