Synthetic Matrix (Weak Scaling): Rows/proc=10000 | Total rows=20000 | NNZ/row=~50 | Procs=2
Dummy Matrix Generated: 20000 Global Rows | Total NNZ: 1000000
Ghost columns identified: 10000 total ghost values needed
Local vector initialized (size=10000 per process)

========================================
COMPREHENSIVE METRICS SUMMARY
========================================
PROCESSES: 2
DISTRIBUTION: 1D
ITERATIONS: 10
Matrix NNZ: 1000000
BALANCE: nnz_local   min=  500000  avg= 500000.00  max=  500000
COMM:    ghost       min=   10000  avg=  10000.00  max=   10000  | recv_double_avg=  80000.00 B
METRICS: t_total     = 5.508e-03  t_comp = 5.357e-03  t_comm = 1.762e-04
         gflops_total= 3.631070e-01  gflops_comp= 3.733497e-01
========================================

[RESULT] 0,2,1D,0,0.005505085,0.000140429,500000,10000,1000000
[RESULT] 0,2,1D,1,0.005506039,0.000149250,500000,10000,1000000
[RESULT] 0,2,1D,2,0.005514622,0.000160933,500000,10000,1000000
[RESULT] 0,2,1D,3,0.005530596,0.000146866,500000,10000,1000000
[RESULT] 0,2,1D,4,0.005500793,0.000157118,500000,10000,1000000
[RESULT] 0,2,1D,5,0.005494833,0.000145912,500000,10000,1000000
[RESULT] 0,2,1D,6,0.005497932,0.000158787,500000,10000,1000000
[RESULT] 0,2,1D,7,0.005517483,0.000153542,500000,10000,1000000
[RESULT] 0,2,1D,8,0.005515337,0.000148296,500000,10000,1000000
[RESULT] 0,2,1D,9,0.005497456,0.000149965,500000,10000,1000000
Total execution time: 0.121 seconds
