Synthetic Matrix (Weak Scaling): Rows/proc=10000 | Total rows=10000 | NNZ/row=~50 | Procs=1
Dummy Matrix Generated: 10000 Global Rows | Total NNZ: 500000
Ghost columns identified: 0 total ghost values needed
Local vector initialized (size=10000 per process)

========================================
COMPREHENSIVE METRICS SUMMARY
========================================
PROCESSES: 1
DISTRIBUTION: 1D
ITERATIONS: 10
Matrix NNZ: 500000
BALANCE: nnz_local   min=  500000  avg= 500000.00  max=  500000
COMM:    ghost       min=       0  avg=      0.00  max=       0  | recv_double_avg=      0.00 B
METRICS: t_total     = 1.497e-03  t_comp = 1.473e-03  t_comm = 2.360e-05
         gflops_total= 6.679998e-01  gflops_comp= 6.787009e-01
========================================

[RESULT] 0,1,1D,0,0.001517773,0.000018120,500000,0,1000000
[RESULT] 0,1,1D,1,0.001491785,0.000027180,500000,0,1000000
[RESULT] 0,1,1D,2,0.001500845,0.000021696,500000,0,1000000
[RESULT] 0,1,1D,3,0.001480103,0.000025034,500000,0,1000000
[RESULT] 0,1,1D,4,0.001489162,0.000022888,500000,0,1000000
[RESULT] 0,1,1D,5,0.001482010,0.000021935,500000,0,1000000
[RESULT] 0,1,1D,6,0.001499176,0.000024319,500000,0,1000000
[RESULT] 0,1,1D,7,0.001476288,0.000024319,500000,0,1000000
[RESULT] 0,1,1D,8,0.001551390,0.000024080,500000,0,1000000
[RESULT] 0,1,1D,9,0.001481533,0.000026464,500000,0,1000000
Total execution time: 0.081 seconds
