Synthetic Matrix (Weak Scaling): Rows/proc=10000 | Total rows=20000 | NNZ/row=~50 | Procs=2
Dummy Matrix Generated: 20000 Global Rows | Total NNZ: 1000000
Ghost columns identified: 10000 total ghost values needed
Local vector initialized (size=10000 per process)

========================================
COMPREHENSIVE METRICS SUMMARY
========================================
PROCESSES: 2
DISTRIBUTION: 1D
ITERATIONS: 10
Matrix NNZ: 1000000
BALANCE: nnz_local   min=  500000  avg= 500000.00  max=  500000
COMM:    ghost       min=   10000  avg=  10000.00  max=   10000  | recv_double_avg=  80000.00 B
METRICS: t_total     = 6.269e-03  t_comp = 5.958e-03  t_comm = 3.248e-04
         gflops_total= 3.190422e-01  gflops_comp= 3.356732e-01
========================================

[RESULT] 0,2,1D,0,0.005765915,0.000330687,500000,10000,1000000
[RESULT] 0,2,1D,1,0.005703926,0.000287533,500000,10000,1000000
[RESULT] 0,2,1D,2,0.005735874,0.000314236,500000,10000,1000000
[RESULT] 0,2,1D,3,0.005710363,0.000316381,500000,10000,1000000
[RESULT] 0,2,1D,4,0.005738497,0.000333548,500000,10000,1000000
[RESULT] 0,2,1D,5,0.005723476,0.000322104,500000,10000,1000000
[RESULT] 0,2,1D,6,0.005721569,0.000328302,500000,10000,1000000
[RESULT] 0,2,1D,7,0.005734921,0.000334263,500000,10000,1000000
[RESULT] 0,2,1D,8,0.005824804,0.000351429,500000,10000,1000000
[RESULT] 0,2,1D,9,0.005728722,0.000329733,500000,10000,1000000
Total execution time: 0.128 seconds
