Synthetic Matrix (Weak Scaling): Rows/proc=10000 | Total rows=640000 | NNZ/row=~50 | Procs=64
Dummy Matrix Generated: 640000 Global Rows | Total NNZ: 32000000
Ghost columns identified: 341628 total ghost values needed
Local vector initialized (size=10000 per process)

========================================
COMPREHENSIVE METRICS SUMMARY
========================================
PROCESSES: 64
DISTRIBUTION: 1D
ITERATIONS: 10
Matrix NNZ: 32000000
BALANCE: nnz_local   min=  500000  avg= 500000.00  max=  500000
COMM:    ghost       min=  340908  avg= 341542.47  max=  342173  | recv_double_avg=2732339.75 B
METRICS: t_total     = 5.957e-02  t_comp = 2.054e-02  t_comm = 3.951e-02
         gflops_total= 1.074321e+00  gflops_comp= 3.115590e+00
========================================

[RESULT] 0,64,1D,0,0.056499481,0.043037176,500000,341628,1000000
[RESULT] 0,64,1D,1,0.054013491,0.040631771,500000,341628,1000000
[RESULT] 0,64,1D,2,0.052200317,0.038820028,500000,341628,1000000
[RESULT] 0,64,1D,3,0.051928520,0.038624287,500000,341628,1000000
[RESULT] 0,64,1D,4,0.051723480,0.038402319,500000,341628,1000000
[RESULT] 0,64,1D,5,0.051150322,0.038017273,500000,341628,1000000
[RESULT] 0,64,1D,6,0.052002430,0.038516998,500000,341628,1000000
[RESULT] 0,64,1D,7,0.052272797,0.038805723,500000,341628,1000000
[RESULT] 0,64,1D,8,0.052346945,0.038891077,500000,341628,1000000
[RESULT] 0,64,1D,9,0.052338600,0.038925409,500000,341628,1000000
Total execution time: 0.778 seconds
