Synthetic Matrix (Weak Scaling): Rows/proc=10000 | Total rows=80000 | NNZ/row=~50 | Procs=128
Dummy Matrix Generated: 80000 Global Rows | Total NNZ: 63999173
2D Comm Pattern: grid 8 x 16 | expand ghosts on rank 0: 74859
2D: local vector size = 5000 (column block), local rows = 10000

========================================
COMPREHENSIVE METRICS SUMMARY
========================================
PROCESSES: 128
DISTRIBUTION: 2D_cyclic
GRID: 8 x 16 (proc_rows x proc_cols)
ITERATIONS: 10
Matrix NNZ: 63999173
BALANCE: nnz_local   min=  499987  avg= 499993.54  max=  499999
COMM:    ghost       min=   74830  avg=  74857.35  max=   74885  | recv_double_avg= 598858.81 B
METRICS: t_total     = 2.688e+00  t_comp = 1.039e-01  t_comm = 2.685e+00
         gflops_total= 4.762050e-02  gflops_comp= 1.232428e+00
========================================

[RESULT] 0,128,2D_cyclic,0,2.303983450,2.301086426,499989,74859,999978
[RESULT] 0,128,2D_cyclic,1,2.559980392,2.557039022,499989,74859,999978
[RESULT] 0,128,2D_cyclic,2,2.559978724,2.557053089,499989,74859,999978
[RESULT] 0,128,2D_cyclic,3,2.559979677,2.557078838,499989,74859,999978
[RESULT] 0,128,2D_cyclic,4,2.815976858,2.813073874,499989,74859,999978
[RESULT] 0,128,2D_cyclic,5,2.815981388,2.813067675,499989,74859,999978
[RESULT] 0,128,2D_cyclic,6,2.814994335,2.812054634,499989,74859,999978
[RESULT] 0,128,2D_cyclic,7,2.815984488,2.813055038,499989,74859,999978
[RESULT] 0,128,2D_cyclic,8,2.815985680,2.813044786,499989,74859,999978
[RESULT] 0,128,2D_cyclic,9,2.815985680,2.813072443,499989,74859,999978
Total execution time: 56.283 seconds
