Synthetic Matrix (Weak Scaling): Rows/proc=10000 | Total rows=40000 | NNZ/row=~50 | Procs=32
Dummy Matrix Generated: 40000 Global Rows | Total NNZ: 15999615
2D Comm Pattern: grid 4 x 8 | expand ghosts on rank 0: 35000
2D: local vector size = 5000 (column block), local rows = 10000

========================================
COMPREHENSIVE METRICS SUMMARY
========================================
PROCESSES: 32
DISTRIBUTION: 2D
GRID: 4 x 8 (proc_rows x proc_cols)
ITERATIONS: 10
Matrix NNZ: 15999615
BALANCE: nnz_local   min=  499981  avg= 499987.97  max=  499997
COMM:    ghost       min=   34999  avg=  34999.88  max=   35000  | recv_double_avg= 279999.00 B
METRICS: t_total     = 4.929e-01  t_comp = 4.135e-02  t_comm = 4.854e-01
         gflops_total= 6.492077e-02  gflops_comp= 7.739484e-01
========================================

[RESULT] 0,32,2D,0,0.447001457,0.445095539,499986,35000,999972
[RESULT] 0,32,2D,1,0.509999275,0.446006298,499986,35000,999972
[RESULT] 0,32,2D,2,0.447999239,0.446061611,499986,35000,999972
[RESULT] 0,32,2D,3,0.535993576,0.451059341,499986,35000,999972
[RESULT] 0,32,2D,4,0.510994434,0.447064161,499986,35000,999972
[RESULT] 0,32,2D,5,0.512996197,0.448419809,499986,35000,999972
[RESULT] 0,32,2D,6,0.511997461,0.448077202,499986,35000,999972
[RESULT] 0,32,2D,7,0.511993408,0.448060751,499986,35000,999972
[RESULT] 0,32,2D,8,0.490996599,0.489604235,499986,35000,999972
[RESULT] 0,32,2D,9,0.448994875,0.446063280,499986,35000,999972
Total execution time: 11.336 seconds
