Synthetic Matrix (Weak Scaling): Rows/proc=10000 | Total rows=1280000 | NNZ/row=~50 | Procs=128
Dummy Matrix Generated: 1280000 Global Rows | Total NNZ: 64000000
Ghost columns identified: 410664 total ghost values needed
Local vector initialized (size=10000 per process)

========================================
COMPREHENSIVE METRICS SUMMARY
========================================
PROCESSES: 128
DISTRIBUTION: 1D
ITERATIONS: 10
Matrix NNZ: 64000000
BALANCE: nnz_local   min=  500000  avg= 500000.00  max=  500000
COMM:    ghost       min=  410179  avg= 410665.73  max=  411395  | recv_double_avg=3285325.88 B
METRICS: t_total     = 1.312e-01  t_comp = 3.828e-02  t_comm = 9.910e-02
         gflops_total= 9.755940e-01  gflops_comp= 3.343492e+00
========================================

[RESULT] 0,128,1D,0,0.122022390,0.099705219,500000,410664,1000000
[RESULT] 0,128,1D,1,0.125538111,0.104458809,500000,410664,1000000
[RESULT] 0,128,1D,2,0.116361856,0.091349363,500000,410664,1000000
[RESULT] 0,128,1D,3,0.116689682,0.091916084,500000,410664,1000000
[RESULT] 0,128,1D,4,0.100236416,0.081866026,500000,410664,1000000
[RESULT] 0,128,1D,5,0.129034996,0.104586124,500000,410664,1000000
[RESULT] 0,128,1D,6,0.103182316,0.084202528,500000,410664,1000000
[RESULT] 0,128,1D,7,0.117633581,0.093329430,500000,410664,1000000
[RESULT] 0,128,1D,8,0.110183954,0.087624788,500000,410664,1000000
[RESULT] 0,128,1D,9,0.128464460,0.104260921,500000,410664,1000000
Total execution time: 2.000 seconds
