Synthetic Matrix (Weak Scaling): Rows/proc=10000 | Total rows=320000 | NNZ/row=~50 | Procs=32
Dummy Matrix Generated: 320000 Global Rows | Total NNZ: 16000000
Ghost columns identified: 245121 total ghost values needed
Local vector initialized (size=10000 per process)

========================================
COMPREHENSIVE METRICS SUMMARY
========================================
PROCESSES: 32
DISTRIBUTION: 1D
ITERATIONS: 10
Matrix NNZ: 16000000
BALANCE: nnz_local   min=  500000  avg= 500000.00  max=  500000
COMM:    ghost       min=  244503  avg= 245013.53  max=  245368  | recv_double_avg=1960108.25 B
METRICS: t_total     = 3.102e-01  t_comp = 1.298e-01  t_comm = 2.235e-01
         gflops_total= 1.031477e-01  gflops_comp= 2.465740e-01
========================================

[RESULT] 0,32,1D,0,0.259430647,0.192091942,500000,245121,1000000
[RESULT] 0,32,1D,1,0.322244406,0.191998243,500000,245121,1000000
[RESULT] 0,32,1D,2,0.259513617,0.191990376,500000,245121,1000000
[RESULT] 0,32,1D,3,0.322246313,0.191999435,500000,245121,1000000
[RESULT] 0,32,1D,4,0.322256088,0.192003727,500000,245121,1000000
[RESULT] 0,32,1D,5,0.322365284,0.192004681,500000,245121,1000000
[RESULT] 0,32,1D,6,0.322312593,0.192078352,500000,245121,1000000
[RESULT] 0,32,1D,7,0.323327303,0.193102360,500000,245121,1000000
[RESULT] 0,32,1D,8,0.326305389,0.196096897,500000,245121,1000000
[RESULT] 0,32,1D,9,0.322345734,0.188086271,500000,245121,1000000
Total execution time: 7.924 seconds
