Synthetic Matrix (Weak Scaling): Rows/proc=10000 | Total rows=40000 | NNZ/row=~50 | Procs=32
Dummy Matrix Generated: 40000 Global Rows | Total NNZ: 15999608
2D Comm Pattern: grid 4 x 8 | expand ghosts on rank 0: 35000
2D: local vector size = 5000 (column block), local rows = 10000

========================================
COMPREHENSIVE METRICS SUMMARY
========================================
PROCESSES: 32
DISTRIBUTION: 2D
GRID: 4 x 8 (proc_rows x proc_cols)
ITERATIONS: 10
Matrix NNZ: 15999608
BALANCE: nnz_local   min=  499975  avg= 499987.75  max=  499996
COMM:    ghost       min=   34999  avg=  34999.94  max=   35000  | recv_double_avg= 279999.50 B
METRICS: t_total     = 4.446e-03  t_comp = 1.663e-03  t_comm = 2.964e-03
         gflops_total= 7.196639e+00  gflops_comp= 1.924497e+01
========================================

[RESULT] 0,32,2D,0,0.004390955,0.002783298,499994,35000,999988
[RESULT] 0,32,2D,1,0.004350424,0.002761364,499994,35000,999988
[RESULT] 0,32,2D,2,0.004305363,0.002735138,499994,35000,999988
[RESULT] 0,32,2D,3,0.004465342,0.002892017,499994,35000,999988
[RESULT] 0,32,2D,4,0.004415989,0.002844810,499994,35000,999988
[RESULT] 0,32,2D,5,0.004440308,0.002861977,499994,35000,999988
[RESULT] 0,32,2D,6,0.004341364,0.002767324,499994,35000,999988
[RESULT] 0,32,2D,7,0.004478693,0.002902031,499994,35000,999988
[RESULT] 0,32,2D,8,0.004468441,0.002893925,499994,35000,999988
[RESULT] 0,32,2D,9,0.004331112,0.002756119,499994,35000,999988
Total execution time: 0.120 seconds
