Synthetic Matrix (Weak Scaling): Rows/proc=10000 | Total rows=20000 | NNZ/row=~50 | Procs=4
Dummy Matrix Generated: 20000 Global Rows | Total NNZ: 1999907
2D Comm Pattern: grid 2 x 2 | expand ghosts on rank 0: 10000
2D: local vector size = 10000 (column block), local rows = 10000

========================================
COMPREHENSIVE METRICS SUMMARY
========================================
PROCESSES: 4
DISTRIBUTION: 2D_cyclic
GRID: 2 x 2 (proc_rows x proc_cols)
ITERATIONS: 10
Matrix NNZ: 1999907
BALANCE: nnz_local   min=  499973  avg= 499976.75  max=  499979
COMM:    ghost       min=   10000  avg=  10000.00  max=   10000  | recv_double_avg=  80000.00 B
METRICS: t_total     = 8.185e-03  t_comp = 2.194e-04  t_comm = 7.994e-03
         gflops_total= 4.886843e-01  gflops_comp= 1.823129e+01
========================================

[RESULT] 0,4,2D_cyclic,0,0.000673771,0.000433683,499973,10000,999946
[RESULT] 0,4,2D_cyclic,1,0.000734091,0.000551939,499973,10000,999946
[RESULT] 0,4,2D_cyclic,2,0.000759125,0.000568390,499973,10000,999946
[RESULT] 0,4,2D_cyclic,3,0.000776768,0.000582695,499973,10000,999946
[RESULT] 0,4,2D_cyclic,4,0.000772953,0.000590801,499973,10000,999946
[RESULT] 0,4,2D_cyclic,5,0.000724792,0.000573635,499973,10000,999946
[RESULT] 0,4,2D_cyclic,6,0.001657009,0.001517534,499973,10000,999946
[RESULT] 0,4,2D_cyclic,7,0.000722885,0.000566483,499973,10000,999946
[RESULT] 0,4,2D_cyclic,8,0.000774622,0.000595570,499973,10000,999946
[RESULT] 0,4,2D_cyclic,9,0.000748873,0.000596046,499973,10000,999946
Total execution time: 0.553 seconds
