Synthetic Matrix (Weak Scaling): Rows/proc=10000 | Total rows=20000 | NNZ/row=~50 | Procs=8
Dummy Matrix Generated: 20000 Global Rows | Total NNZ: 3999801
2D Comm Pattern: grid 2 x 4 | expand ghosts on rank 0: 15000
2D: local vector size = 5000 (column block), local rows = 10000

========================================
COMPREHENSIVE METRICS SUMMARY
========================================
PROCESSES: 8
DISTRIBUTION: 2D_cyclic
GRID: 2 x 4 (proc_rows x proc_cols)
ITERATIONS: 10
Matrix NNZ: 3999801
BALANCE: nnz_local   min=  499965  avg= 499975.12  max=  499981
COMM:    ghost       min=   15000  avg=  15000.00  max=   15000  | recv_double_avg= 120000.00 B
METRICS: t_total     = 9.610e-02  t_comp = 9.022e-04  t_comm = 9.519e-02
         gflops_total= 8.324624e-02  gflops_comp= 8.867243e+00
========================================

[RESULT] 0,8,2D_cyclic,0,0.082003117,0.081619501,499978,15000,999956
[RESULT] 0,8,2D_cyclic,1,0.083993435,0.083522320,499978,15000,999956
[RESULT] 0,8,2D_cyclic,2,0.087993622,0.087581873,499978,15000,999956
[RESULT] 0,8,2D_cyclic,3,0.083994150,0.083558321,499978,15000,999956
[RESULT] 0,8,2D_cyclic,4,0.083995342,0.083559275,499978,15000,999956
[RESULT] 0,8,2D_cyclic,5,0.083996058,0.083556414,499978,15000,999956
[RESULT] 0,8,2D_cyclic,6,0.118995667,0.115551949,499978,15000,999956
[RESULT] 0,8,2D_cyclic,7,0.111995220,0.111606836,499978,15000,999956
[RESULT] 0,8,2D_cyclic,8,0.111995935,0.109751701,499978,15000,999956
[RESULT] 0,8,2D_cyclic,9,0.111994028,0.111626863,499978,15000,999956
Total execution time: 2.216 seconds
