Synthetic Matrix (Weak Scaling): Rows/proc=10000 | Total rows=40000 | NNZ/row=~50 | Procs=32
Dummy Matrix Generated: 40000 Global Rows | Total NNZ: 15999622
2D Comm Pattern: grid 4 x 8 | expand ghosts on rank 0: 35000
2D: local vector size = 5000 (column block), local rows = 10000

========================================
COMPREHENSIVE METRICS SUMMARY
========================================
PROCESSES: 32
DISTRIBUTION: 2D_cyclic
GRID: 4 x 8 (proc_rows x proc_cols)
ITERATIONS: 10
Matrix NNZ: 15999622
BALANCE: nnz_local   min=  499980  avg= 499988.19  max=  499996
COMM:    ghost       min=   34999  avg=  34999.91  max=   35000  | recv_double_avg= 279999.25 B
METRICS: t_total     = 4.932e-01  t_comp = 3.186e-02  t_comm = 4.914e-01
         gflops_total= 6.488029e-02  gflops_comp= 1.004390e+00
========================================

[RESULT] 0,32,2D_cyclic,0,0.510997295,0.447055817,499985,35000,999970
[RESULT] 0,32,2D_cyclic,1,0.381995440,0.380480528,499985,35000,999970
[RESULT] 0,32,2D_cyclic,2,0.446995258,0.443104506,499985,35000,999970
[RESULT] 0,32,2D_cyclic,3,0.436992645,0.434795856,499985,35000,999970
[RESULT] 0,32,2D_cyclic,4,0.383994818,0.382692337,499985,35000,999970
[RESULT] 0,32,2D_cyclic,5,0.543003559,0.539683580,499985,35000,999970
[RESULT] 0,32,2D_cyclic,6,0.386996031,0.385625362,499985,35000,999970
[RESULT] 0,32,2D_cyclic,7,0.445989370,0.444416523,499985,35000,999970
[RESULT] 0,32,2D_cyclic,8,0.449992418,0.448443651,499985,35000,999970
[RESULT] 0,32,2D_cyclic,9,0.450989723,0.449396133,499985,35000,999970
Total execution time: 10.523 seconds
