Synthetic Matrix (Weak Scaling): Rows/proc=10000 | Total rows=1280000 | NNZ/row=~50 | Procs=128
Dummy Matrix Generated: 1280000 Global Rows | Total NNZ: 64000000
Ghost columns identified: 410664 total ghost values needed
Local vector initialized (size=10000 per process)

========================================
COMPREHENSIVE METRICS SUMMARY
========================================
PROCESSES: 128
DISTRIBUTION: 1D
ITERATIONS: 10
Matrix NNZ: 64000000
BALANCE: nnz_local   min=  500000  avg= 500000.00  max=  500000
COMM:    ghost       min=  410179  avg= 410665.73  max=  411395  | recv_double_avg=3285325.88 B
METRICS: t_total     = 2.562e+00  t_comp = 1.024e+00  t_comm = 1.747e+00
         gflops_total= 4.996551e-02  gflops_comp= 1.250003e-01
========================================

[RESULT] 0,128,1D,0,2.306926727,1.535193205,500000,410664,1000000
[RESULT] 0,128,1D,1,2.379223585,1.539205313,500000,410664,1000000
[RESULT] 0,128,1D,2,2.563864470,1.791107416,500000,410664,1000000
[RESULT] 0,128,1D,3,2.566863775,1.790115833,500000,410664,1000000
[RESULT] 0,128,1D,4,2.562903404,1.792216063,500000,410664,1000000
[RESULT] 0,128,1D,5,2.815963507,1.792209864,500000,410664,1000000
[RESULT] 0,128,1D,6,2.563930750,1.792201042,500000,410664,1000000
[RESULT] 0,128,1D,7,2.563918114,1.792208910,500000,410664,1000000
[RESULT] 0,128,1D,8,2.563930511,1.792191505,500000,410664,1000000
[RESULT] 0,128,1D,9,2.563909531,1.792187452,500000,410664,1000000
Total execution time: 52.385 seconds
