Retrieving the matrix from '../matrices/flowmeter0.mtx'...
%%MatrixMarket matrix coordinate real symmetric
9669 9669 38530
Real Matrix (Strong Scaling): Rows=9669 | Cols=9669 | NNZ=38530 | Procs=2
ok 1D distribution
Ghost columns identified: 4358 total ghost values needed
Local vector initialized (size=4835 per process)
[RESULT] 0,2,0,0.000107224,0.000014947,19271,4358,38542
[RESULT] 0,2,1,0.000101142,0.000014372,19271,4358,38542
[RESULT] 0,2,2,0.000087013,0.000006577,19271,4358,38542
[RESULT] 0,2,3,0.000083295,0.000004450,19271,4358,38542
[RESULT] 0,2,4,0.000083422,0.000004283,19271,4358,38542
[RESULT] 0,2,5,0.000082773,0.000004308,19271,4358,38542
[RESULT] 0,2,6,0.000111829,0.000004441,19271,4358,38542
[RESULT] 0,2,7,0.000092167,0.000007918,19271,4358,38542
[RESULT] 0,2,8,0.000090167,0.000008349,19271,4358,38542
[RESULT] 0,2,9,0.000085630,0.000004522,19271,4358,38542

Benchmark Summary
Processes: 2
Iterations: 10
Matrix NNZ: 38530
Total execution time: 0.036 seconds
[RESULT] 1,2,0,0.000130012,0.000018317,19259,4356,38518
[RESULT] 1,2,1,0.000106754,0.000012583,19259,4356,38518
[RESULT] 1,2,2,0.000090037,0.000006666,19259,4356,38518
[RESULT] 1,2,3,0.000087405,0.000004510,19259,4356,38518
[RESULT] 1,2,4,0.000087198,0.000004391,19259,4356,38518
[RESULT] 1,2,5,0.000093026,0.000004403,19259,4356,38518
[RESULT] 1,2,6,0.000449252,0.000004576,19259,4356,38518
[RESULT] 1,2,7,0.000100404,0.000008073,19259,4356,38518
[RESULT] 1,2,8,0.000110719,0.000023993,19259,4356,38518
[RESULT] 1,2,9,0.000088878,0.000004450,19259,4356,38518
