Retrieving the matrix from '../matrices/dixmaanl.mtx'...
%%MatrixMarket matrix coordinate real symmetric
60000 60000 179999
Real Matrix: Rows=60000 | Cols=60000 | NNZ=179999 | Procs=4 | Distribution=2D
2D Process Grid: 2 x 2 (rows x cols)
Rank 1: Grid pos (0,1) | Rows [0-30000) | Cols [30000-60000) | Local NNZ: 0
Rank 0: Grid pos (0,0) | Rows [0-30000) | Cols [0-30000) | Local NNZ: 69999
Applied 2D distribution
Rank 2: Grid pos (1,0) | Rows [30000-60000) | Cols [0-30000) | Local NNZ: 40001
Rank 3: Grid pos (1,1) | Rows [30000-60000) | Cols [30000-60000) | Local NNZ: 69999
Ghost columns identified: 22500 total ghost values needed
Local vector initialized (size=15000 per process)
[RESULT] 1,4,2D,0,0.000108830,0.000092596,0,0,0
[RESULT] 1,4,2D,1,0.000047305,0.000031742,0,0,0
[RESULT] 1,4,2D,2,0.000049567,0.000022044,0,0,0
[RESULT] 1,4,2D,3,0.000042977,0.000027039,0,0,0
[RESULT] 1,4,2D,4,0.000063851,0.000048327,0,0,0
[RESULT] 1,4,2D,5,0.000049494,0.000033648,0,0,0
[RESULT] 1,4,2D,6,0.000041792,0.000026581,0,0,0
[RESULT] 1,4,2D,7,0.000041091,0.000025860,0,0,0
[RESULT] 1,4,2D,8,0.000054444,0.000026301,0,0,0
[RESULT] 1,4,2D,9,0.000041717,0.000025888,0,0,0
[RESULT] 2,4,2D,0,0.000152069,0.000092125,40001,22500,80002
[RESULT] 2,4,2D,1,0.000090697,0.000031785,40001,22500,80002
[RESULT] 2,4,2D,2,0.000078451,0.000019749,40001,22500,80002
[RESULT] 2,4,2D,3,0.000088911,0.000027013,40001,22500,80002
[RESULT] 2,4,2D,4,0.000109665,0.000049056,40001,22500,80002
[RESULT] 2,4,2D,5,0.000098402,0.000028188,40001,22500,80002
[RESULT] 2,4,2D,6,0.000084913,0.000026474,40001,22500,80002
[RESULT] 2,4,2D,7,0.000084229,0.000025913,40001,22500,80002
[RESULT] 2,4,2D,8,0.000085395,0.000025624,40001,22500,80002
[RESULT] 2,4,2D,9,0.000102338,0.000025632,40001,22500,80002
[RESULT] 0,4,2D,0,0.000191859,0.000090276,69999,22500,139998
[RESULT] 0,4,2D,1,0.000118136,0.000026061,69999,22500,139998
[RESULT] 0,4,2D,2,0.000111442,0.000019677,69999,22500,139998
[RESULT] 0,4,2D,3,0.000115268,0.000019293,69999,22500,139998
[RESULT] 0,4,2D,4,0.000124180,0.000019397,69999,22500,139998
[RESULT] 0,4,2D,5,0.000125507,0.000028287,69999,22500,139998
[RESULT] 0,4,2D,6,0.000111148,0.000019467,69999,22500,139998
[RESULT] 0,4,2D,7,0.000114518,0.000020498,69999,22500,139998
[RESULT] 0,4,2D,8,0.000113559,0.000019949,69999,22500,139998
[RESULT] 0,4,2D,9,0.000117716,0.000019716,69999,22500,139998

Benchmark Summary
Processes: 4
Distribution: 2D
Iterations: 10
Matrix NNZ: 179999
Total execution time: 0.189 seconds
[RESULT] 3,4,2D,0,0.000183819,0.000091753,69999,22500,139998
[RESULT] 3,4,2D,1,0.000120983,0.000029971,69999,22500,139998
[RESULT] 3,4,2D,2,0.000112788,0.000021820,69999,22500,139998
[RESULT] 3,4,2D,3,0.000122866,0.000027260,69999,22500,139998
[RESULT] 3,4,2D,4,0.000136661,0.000043854,69999,22500,139998
[RESULT] 3,4,2D,5,0.000128652,0.000032789,69999,22500,139998
[RESULT] 3,4,2D,6,0.000117765,0.000026879,69999,22500,139998
[RESULT] 3,4,2D,7,0.000119072,0.000026205,69999,22500,139998
[RESULT] 3,4,2D,8,0.000119379,0.000026653,69999,22500,139998
[RESULT] 3,4,2D,9,0.000124288,0.000027562,69999,22500,139998
