Retrieving the matrix from '../matrices/flowmeter0.mtx'...
%%MatrixMarket matrix coordinate real symmetric
9669 9669 38530
Real Matrix: Rows=9669 | Cols=9669 | NNZ=38530 | Procs=8 | Distribution=1D
Applied 1D distribution
Ghost columns identified: 2734 total ghost values needed
Local vector initialized (size=1209 per process)
[RESULT] 6,8,1D,0,0.065932376,0.063993640,4823,2698,9646
[RESULT] 6,8,1D,1,0.128008476,0.096010384,4823,2698,9646
[RESULT] 6,8,1D,2,0.128022099,0.096019717,4823,2698,9646
[RESULT] 6,8,1D,3,0.127733967,0.096002602,4823,2698,9646
[RESULT] 6,8,1D,4,0.123953563,0.091934867,4823,2698,9646
[RESULT] 6,8,1D,5,0.128007355,0.095993050,4823,2698,9646
[RESULT] 6,8,1D,6,0.095956328,0.063945279,4823,2698,9646
[RESULT] 6,8,1D,7,0.096010435,0.064003740,4823,2698,9646
[RESULT] 6,8,1D,8,0.096023989,0.064017691,4823,2698,9646
[RESULT] 6,8,1D,9,0.096002875,0.064003771,4823,2698,9646
[RESULT] 0,8,1D,0,0.096007592,0.063990585,4812,2734,9624
[RESULT] 0,8,1D,1,0.128001513,0.096013078,4812,2734,9624
[RESULT] 0,8,1D,2,0.096005622,0.064004274,4812,2734,9624
[RESULT] 0,8,1D,3,0.096007748,0.064012957,4812,2734,9624
[RESULT] 0,8,1D,4,0.096082901,0.064015960,4812,2734,9624
[RESULT] 0,8,1D,5,0.127995902,0.064007947,4812,2734,9624
[RESULT] 0,8,1D,6,0.095979735,0.063991292,4812,2734,9624
[RESULT] 0,8,1D,7,0.096011259,0.064008083,4812,2734,9624
[RESULT] 0,8,1D,8,0.096016740,0.064013574,4812,2734,9624
[RESULT] 0,8,1D,9,0.092175133,0.064007763,4812,2734,9624

Benchmark Summary
Processes: 8
Distribution: 1D
Iterations: 10
Matrix NNZ: 38530
Total execution time: 2.240 seconds
[RESULT] 2,8,1D,0,0.095997260,0.064012590,4813,2714,9626
[RESULT] 2,8,1D,1,0.096035100,0.064003736,4813,2714,9626
[RESULT] 2,8,1D,2,0.096007100,0.064128007,4813,2714,9626
[RESULT] 2,8,1D,3,0.096010596,0.064025760,4813,2714,9626
[RESULT] 2,8,1D,4,0.064065651,0.064043863,4813,2714,9626
[RESULT] 2,8,1D,5,0.096004763,0.064035870,4813,2714,9626
[RESULT] 2,8,1D,6,0.119975533,0.087964034,4813,2714,9626
[RESULT] 2,8,1D,7,0.128012000,0.096006055,4813,2714,9626
[RESULT] 2,8,1D,8,0.128011916,0.096002857,4813,2714,9626
[RESULT] 2,8,1D,9,0.120085668,0.096003584,4813,2714,9626
[RESULT] 3,8,1D,0,0.135962651,0.103956186,4823,2700,9646
[RESULT] 3,8,1D,1,0.095988848,0.063982178,4823,2700,9646
[RESULT] 3,8,1D,2,0.096010196,0.064019977,4823,2700,9646
[RESULT] 3,8,1D,3,0.096011335,0.063996553,4823,2700,9646
[RESULT] 3,8,1D,4,0.095944608,0.063940866,4823,2700,9646
[RESULT] 3,8,1D,5,0.095964257,0.063952718,4823,2700,9646
[RESULT] 3,8,1D,6,0.127994664,0.063996012,4823,2700,9646
[RESULT] 3,8,1D,7,0.128010434,0.096006611,4823,2700,9646
[RESULT] 3,8,1D,8,0.096002021,0.064003680,4823,2700,9646
[RESULT] 3,8,1D,9,0.084429972,0.063995629,4823,2700,9646
[RESULT] 7,8,1D,0,0.096019978,0.064025497,4817,2683,9634
[RESULT] 7,8,1D,1,0.095985870,0.063974500,4817,2683,9634
[RESULT] 7,8,1D,2,0.096000832,0.064000191,4817,2683,9634
[RESULT] 7,8,1D,3,0.096125656,0.064018865,4817,2683,9634
[RESULT] 7,8,1D,4,0.096009076,0.064005931,4817,2683,9634
[RESULT] 7,8,1D,5,0.096012723,0.064019038,4817,2683,9634
[RESULT] 7,8,1D,6,0.095995731,0.063989687,4817,2683,9634
[RESULT] 7,8,1D,7,0.160000185,0.127992855,4817,2683,9634
[RESULT] 7,8,1D,8,0.128030110,0.096014769,4817,2683,9634
[RESULT] 7,8,1D,9,0.112611736,0.095994949,4817,2683,9634
[RESULT] 5,8,1D,0,0.127920125,0.095919109,4809,2680,9618
[RESULT] 5,8,1D,1,0.128000933,0.095999755,4809,2680,9618
[RESULT] 5,8,1D,2,0.128022629,0.096006814,4809,2680,9618
[RESULT] 5,8,1D,3,0.128010862,0.096020135,4809,2680,9618
[RESULT] 5,8,1D,4,0.132978620,0.100911318,4809,2680,9618
[RESULT] 5,8,1D,5,0.128007198,0.096004997,4809,2680,9618
[RESULT] 5,8,1D,6,0.095988748,0.063989490,4809,2680,9618
[RESULT] 5,8,1D,7,0.128013588,0.096005479,4809,2680,9618
[RESULT] 5,8,1D,8,0.128017816,0.096007475,4809,2680,9618
[RESULT] 5,8,1D,9,0.128923606,0.096000043,4809,2680,9618
[RESULT] 4,8,1D,0,0.096005651,0.064000613,4823,2685,9646
[RESULT] 1,8,1D,0,0.095979330,0.064012011,4810,2675,9620
[RESULT] 1,8,1D,1,0.128004486,0.096001048,4810,2675,9620
[RESULT] 1,8,1D,2,0.096010188,0.064026495,4810,2675,9620
[RESULT] 1,8,1D,3,0.096006555,0.064032856,4810,2675,9620
[RESULT] 1,8,1D,4,0.095992137,0.064001436,4810,2675,9620
[RESULT] 1,8,1D,5,0.096014304,0.064024076,4810,2675,9620
[RESULT] 1,8,1D,6,0.123977030,0.091983568,4810,2675,9620
[RESULT] 1,8,1D,7,0.128041162,0.096000638,4810,2675,9620
[RESULT] 1,8,1D,8,0.128013286,0.096001345,4810,2675,9620
[RESULT] 1,8,1D,9,0.120096600,0.096002133,4810,2675,9620
[RESULT] 4,8,1D,1,0.096013412,0.064016160,4823,2685,9646
[RESULT] 4,8,1D,2,0.095985336,0.063992608,4823,2685,9646
[RESULT] 4,8,1D,3,0.096000604,0.064000035,4823,2685,9646
[RESULT] 4,8,1D,4,0.095996299,0.064004767,4823,2685,9646
[RESULT] 4,8,1D,5,0.095998815,0.063993629,4823,2685,9646
[RESULT] 4,8,1D,6,0.123990572,0.091972977,4823,2685,9646
[RESULT] 4,8,1D,7,0.095795803,0.063791446,4823,2685,9646
[RESULT] 4,8,1D,8,0.096003265,0.064012650,4823,2685,9646
[RESULT] 4,8,1D,9,0.084017639,0.064017546,4823,2685,9646
