Retrieving the matrix from '../matrices/1138_bus.mtx'...
%%MatrixMarket matrix coordinate real symmetric
1138 1138 2596
Real Matrix: Rows=1138 | Cols=1138 | NNZ=2596 | Procs=8 | Distribution=2D
2D Process Grid: 2 x 4 (rows x cols)
Rank 2: Grid pos (0,2) | Rows [0-569) | Cols [570-855) | Local NNZ: 0
Rank 4: Grid pos (1,0) | Rows [569-1138) | Cols [0-285) | Local NNZ: 36
Rank 6: Grid pos (1,2) | Rows [569-1138) | Cols [570-855) | Local NNZ: 614
Rank 1: Grid pos (0,1) | Rows [0-569) | Cols [285-570) | Local NNZ: 566
Rank 0: Grid pos (0,0) | Rows [0-569) | Cols [0-285) | Local NNZ: 723
Applied 2D distribution
Rank 3: Grid pos (0,3) | Rows [0-569) | Cols [855-1138) | Local NNZ: 0
Rank 7: Grid pos (1,3) | Rows [569-1138) | Cols [855-1138) | Local NNZ: 551
Rank 5: Grid pos (1,1) | Rows [569-1138) | Cols [285-570) | Local NNZ: 106
Ghost columns identified: 249 total ghost values needed
Local vector initialized (size=143 per process)
[RESULT] 2,8,2D,0,0.000006375,0.000005959,0,0,0
[RESULT] 2,8,2D,1,0.000006879,0.000006344,0,0,0
[RESULT] 2,8,2D,2,0.000003153,0.000002830,0,0,0
[RESULT] 2,8,2D,3,0.000026002,0.000025652,0,0,0
[RESULT] 2,8,2D,4,0.000126401,0.000126069,0,0,0
[RESULT] 2,8,2D,5,0.000003146,0.000002832,0,0,0
[RESULT] 2,8,2D,6,0.000003313,0.000002787,0,0,0
[RESULT] 2,8,2D,7,0.000002253,0.000001942,0,0,0
[RESULT] 2,8,2D,8,0.000198394,0.000197859,0,0,0
[RESULT] 2,8,2D,9,0.000009750,0.000009222,0,0,0
[RESULT] 7,8,2D,0,0.000008036,0.000005980,551,247,1102
[RESULT] 7,8,2D,1,0.000023401,0.000022025,551,247,1102
[RESULT] 7,8,2D,2,0.000004127,0.000002844,551,247,1102
[RESULT] 7,8,2D,3,0.000029578,0.000028477,551,247,1102
[RESULT] 7,8,2D,4,0.000127931,0.000126980,551,247,1102
[RESULT] 7,8,2D,5,0.000007777,0.000006831,551,247,1102
[RESULT] 7,8,2D,6,0.000002916,0.000001986,551,247,1102
[RESULT] 7,8,2D,7,0.000002507,0.000001591,551,247,1102
[RESULT] 7,8,2D,8,0.000203272,0.000202365,551,247,1102
[RESULT] 7,8,2D,9,0.000010362,0.000009456,551,247,1102
[RESULT] 4,8,2D,0,0.000007830,0.000006386,36,24,72
[RESULT] 4,8,2D,1,0.000023672,0.000022308,36,24,72
[RESULT] 4,8,2D,2,0.000007768,0.000006428,36,24,72
[RESULT] 4,8,2D,3,0.000008370,0.000007148,36,24,72
[RESULT] 4,8,2D,4,0.000122273,0.000121074,36,24,72
[RESULT] 4,8,2D,5,0.000080161,0.000079078,36,24,72
[RESULT] 4,8,2D,6,0.000003842,0.000002748,36,24,72
[RESULT] 4,8,2D,7,0.000004971,0.000003873,36,24,72
[RESULT] 4,8,2D,8,0.000006459,0.000004867,36,24,72
[RESULT] 4,8,2D,9,0.000012061,0.000010739,36,24,72
[RESULT] 3,8,2D,0,0.000008600,0.000008179,0,0,0
[RESULT] 3,8,2D,1,0.000019402,0.000019081,0,0,0
[RESULT] 3,8,2D,2,0.000002944,0.000002629,0,0,0
[RESULT] 3,8,2D,3,0.000013038,0.000012706,0,0,0
[RESULT] 3,8,2D,4,0.000126915,0.000126601,0,0,0
[RESULT] 3,8,2D,5,0.000007380,0.000006853,0,0,0
[RESULT] 3,8,2D,6,0.000002482,0.000002166,0,0,0
[RESULT] 3,8,2D,7,0.000003190,0.000002875,0,0,0
[RESULT] 3,8,2D,8,0.000063996,0.000063680,0,0,0
[RESULT] 3,8,2D,9,0.000009803,0.000009477,0,0,0
[RESULT] 0,8,2D,0,0.000008832,0.000006021,723,249,1446
[RESULT] 0,8,2D,1,0.000023862,0.000021851,723,249,1446
[RESULT] 0,8,2D,2,0.000005691,0.000003846,723,249,1446
[RESULT] 0,8,2D,3,0.000010000,0.000008287,723,249,1446
[RESULT] 0,8,2D,4,0.000123176,0.000121585,723,249,1446
[RESULT] 0,8,2D,5,0.000079024,0.000077665,723,249,1446
[RESULT] 0,8,2D,6,0.000004217,0.000002847,723,249,1446
[RESULT] 0,8,2D,7,0.000098455,0.000003585,723,249,1446
[RESULT] 0,8,2D,8,0.000203565,0.000202146,723,249,1446
[RESULT] 0,8,2D,9,0.000009963,0.000008732,723,249,1446

Benchmark Summary
Processes: 8
Distribution: 2D
Iterations: 10
Matrix NNZ: 2596
Total execution time: 0.025 seconds
[RESULT] 6,8,2D,0,0.000008488,0.000006269,614,249,1228
[RESULT] 6,8,2D,1,0.000023666,0.000022154,614,249,1228
[RESULT] 6,8,2D,2,0.000004783,0.000003248,614,249,1228
[RESULT] 6,8,2D,3,0.000026365,0.000025032,614,249,1228
[RESULT] 6,8,2D,4,0.000128275,0.000127019,614,249,1228
[RESULT] 6,8,2D,5,0.000078901,0.000077694,614,249,1228
[RESULT] 6,8,2D,6,0.000003767,0.000002639,614,249,1228
[RESULT] 6,8,2D,7,0.000003527,0.000002375,614,249,1228
[RESULT] 6,8,2D,8,0.000203750,0.000202247,614,249,1228
[RESULT] 6,8,2D,9,0.000010103,0.000008951,614,249,1228
[RESULT] 1,8,2D,0,0.000008207,0.000006184,566,249,1132
[RESULT] 1,8,2D,1,0.000004552,0.000003022,566,249,1132
[RESULT] 1,8,2D,2,0.000004210,0.000002947,566,249,1132
[RESULT] 1,8,2D,3,0.000003646,0.000002385,566,249,1132
[RESULT] 1,8,2D,4,0.000126928,0.000125884,566,249,1132
[RESULT] 1,8,2D,5,0.000007626,0.000006608,566,249,1132
[RESULT] 1,8,2D,6,0.000002636,0.000001522,566,249,1132
[RESULT] 1,8,2D,7,0.000003371,0.000002383,566,249,1132
[RESULT] 1,8,2D,8,0.000203699,0.000202719,566,249,1132
[RESULT] 1,8,2D,9,0.000010399,0.000009261,566,249,1132
[RESULT] 5,8,2D,0,0.000009114,0.000006980,106,41,212
[RESULT] 5,8,2D,1,0.000023816,0.000022143,106,41,212
[RESULT] 5,8,2D,2,0.000004839,0.000003183,106,41,212
[RESULT] 5,8,2D,3,0.000009086,0.000007502,106,41,212
[RESULT] 5,8,2D,4,0.000129893,0.000128351,106,41,212
[RESULT] 5,8,2D,5,0.000009450,0.000007929,106,41,212
[RESULT] 5,8,2D,6,0.000004278,0.000002952,106,41,212
[RESULT] 5,8,2D,7,0.000004473,0.000003174,106,41,212
[RESULT] 5,8,2D,8,0.000141340,0.000138907,106,41,212
[RESULT] 5,8,2D,9,0.000010850,0.000009128,106,41,212
