Retrieving the matrix from '../matrices/dixmaanl.mtx'...
%%MatrixMarket matrix coordinate real symmetric
60000 60000 179999
Real Matrix: Rows=60000 | Cols=60000 | NNZ=179999 | Procs=2 | Distribution=1D
Applied 1D distribution
Ghost columns identified: 29999 total ghost values needed
Local vector initialized (size=30000 per process)
[RESULT] 1,2,1D,0,0.000449853,0.000236630,90000,30000,180000
[RESULT] 1,2,1D,1,0.000315333,0.000123170,90000,30000,180000
[RESULT] 1,2,1D,2,0.000336293,0.000146234,90000,30000,180000
[RESULT] 1,2,1D,3,0.000336012,0.000130285,90000,30000,180000
[RESULT] 1,2,1D,4,0.000331292,0.000137755,90000,30000,180000
[RESULT] 1,2,1D,5,0.000355774,0.000145937,90000,30000,180000
[RESULT] 1,2,1D,6,0.000297829,0.000104588,90000,30000,180000
[RESULT] 1,2,1D,7,0.000296589,0.000099594,90000,30000,180000
[RESULT] 1,2,1D,8,0.000434664,0.000195011,90000,30000,180000
[RESULT] 1,2,1D,9,0.000331334,0.000124881,90000,30000,180000
[RESULT] 0,2,1D,0,0.000455461,0.000233068,89999,29999,179998
[RESULT] 0,2,1D,1,0.000297363,0.000125265,89999,29999,179998
[RESULT] 0,2,1D,2,0.000333482,0.000147062,89999,29999,179998
[RESULT] 0,2,1D,3,0.000300243,0.000128262,89999,29999,179998
[RESULT] 0,2,1D,4,0.000358496,0.000140362,89999,29999,179998
[RESULT] 0,2,1D,5,0.000328814,0.000146631,89999,29999,179998
[RESULT] 0,2,1D,6,0.000295702,0.000105275,89999,29999,179998
[RESULT] 0,2,1D,7,0.000281466,0.000099802,89999,29999,179998
[RESULT] 0,2,1D,8,0.000389279,0.000195320,89999,29999,179998
[RESULT] 0,2,1D,9,0.000352627,0.000125922,89999,29999,179998

Benchmark Summary
Processes: 2
Distribution: 1D
Iterations: 10
Matrix NNZ: 179999
Total execution time: 0.147 seconds
