Retrieving the matrix from '../matrices/1138_bus.mtx'...
%%MatrixMarket matrix coordinate real symmetric
1138 1138 2596
Real Matrix (Strong Scaling): Rows=1138 | Cols=1138 | NNZ=2596 | Procs=8
ok 1D distribution
Ghost columns identified: 139 total ghost values needed
Local vector initialized (size=143 per process)
[RESULT] 2,8,0,0.096025023,0.096012174,338,162,676
[RESULT] 2,8,1,0.095996831,0.064003601,338,162,676
[RESULT] 2,8,2,0.095994631,0.063997298,338,162,676
[RESULT] 2,8,3,0.128011203,0.096013093,338,162,676
[RESULT] 2,8,4,0.095979128,0.063990370,338,162,676
[RESULT] 2,8,5,0.096004490,0.064011141,338,162,676
[RESULT] 2,8,6,0.096001088,0.063998775,338,162,676
[RESULT] 2,8,7,0.123998918,0.092004627,338,162,676
[RESULT] 2,8,8,0.095998966,0.064003359,338,162,676
[RESULT] 2,8,9,0.100044361,0.100017810,338,162,676
[RESULT] 4,8,0,0.096081221,0.096012749,343,161,686
[RESULT] 4,8,1,0.095998791,0.064006457,343,161,686
[RESULT] 4,8,2,0.096004976,0.064000553,343,161,686
[RESULT] 4,8,3,0.127997241,0.096006044,343,161,686
[RESULT] 4,8,4,0.095959265,0.063963663,343,161,686
[RESULT] 4,8,5,0.095992984,0.064014787,343,161,686
[RESULT] 4,8,6,0.096000217,0.064004132,343,161,686
[RESULT] 4,8,7,0.100000570,0.080036655,343,161,686
[RESULT] 4,8,8,0.095992676,0.063994135,343,161,686
[RESULT] 4,8,9,0.116003176,0.096437234,343,161,686
[RESULT] 7,8,0,0.127649608,0.095647491,292,131,584
[RESULT] 7,8,1,0.127988761,0.095995382,292,131,584
[RESULT] 7,8,2,0.128003320,0.095996745,292,131,584
[RESULT] 7,8,3,0.127997549,0.096004107,292,131,584
[RESULT] 7,8,4,0.095993554,0.064001460,292,131,584
[RESULT] 7,8,5,0.128091468,0.096001831,292,131,584
[RESULT] 7,8,6,0.127998115,0.096004760,292,131,584
[RESULT] 7,8,7,0.156373136,0.124017858,292,131,584
[RESULT] 7,8,8,0.127999245,0.095998780,292,131,584
[RESULT] 7,8,9,0.112032473,0.088005800,292,131,584
[RESULT] 5,8,0,0.095993492,0.064000986,329,159,658
[RESULT] 5,8,1,0.095994925,0.064003170,329,159,658
[RESULT] 5,8,2,0.095990364,0.063992409,329,159,658
[RESULT] 5,8,3,0.095972962,0.063964619,329,159,658
[RESULT] 5,8,4,0.095991401,0.063997978,329,159,658
[RESULT] 5,8,5,0.095993323,0.064002393,329,159,658
[RESULT] 5,8,6,0.095991996,0.063990309,329,159,658
[RESULT] 5,8,7,0.123998555,0.092008170,329,159,658
[RESULT] 5,8,8,0.095998077,0.063997281,329,159,658
[RESULT] 5,8,9,0.116437610,0.096001471,329,159,658
[RESULT] 6,8,0,0.127994447,0.096000800,330,160,660
[RESULT] 6,8,1,0.095997524,0.064001086,330,160,660
[RESULT] 6,8,2,0.095991045,0.063996470,330,160,660
[RESULT] 6,8,3,0.096007144,0.064015031,330,160,660
[RESULT] 6,8,4,0.095986867,0.064003258,330,160,660
[RESULT] 6,8,5,0.095997698,0.064001687,330,160,660
[RESULT] 6,8,6,0.095998903,0.064002041,330,160,660
[RESULT] 6,8,7,0.144001909,0.112001738,330,160,660
[RESULT] 6,8,8,0.128001413,0.096005215,330,160,660
[RESULT] 6,8,9,0.153425739,0.140010196,330,160,660
[RESULT] 1,8,0,0.095989194,0.063996981,325,152,650
[RESULT] 1,8,1,0.095993211,0.063993864,325,152,650
[RESULT] 1,8,2,0.095998614,0.064000549,325,152,650
[RESULT] 1,8,3,0.095999822,0.064008874,325,152,650
[RESULT] 1,8,4,0.095997799,0.064006703,325,152,650
[RESULT] 1,8,5,0.095995722,0.063999229,325,152,650
[RESULT] 1,8,6,0.095989493,0.063989522,325,152,650
[RESULT] 1,8,7,0.056031486,0.056026487,325,152,650
[RESULT] 1,8,8,0.096005437,0.064004598,325,152,650
[RESULT] 1,8,9,0.144008902,0.124034691,325,152,650
[RESULT] 0,8,0,0.127937433,0.095943591,322,139,644
[RESULT] 0,8,1,0.127991294,0.096008329,322,139,644
[RESULT] 0,8,2,0.128001148,0.096002674,322,139,644
[RESULT] 0,8,3,0.160067200,0.128011770,322,139,644
[RESULT] 0,8,4,0.095994932,0.063993841,322,139,644
[RESULT] 0,8,5,0.127986721,0.095988217,322,139,644
[RESULT] 0,8,6,0.127995736,0.095997415,322,139,644
[RESULT] 0,8,7,0.112002491,0.092029105,322,139,644
[RESULT] 0,8,8,0.096000512,0.064001336,322,139,644
[RESULT] 0,8,9,0.112013362,0.096042382,322,139,644

Benchmark Summary
Processes: 8
Iterations: 10
Matrix NNZ: 2596
Total execution time: 2.155 seconds
[RESULT] 3,8,0,0.095987588,0.063993478,317,142,634
[RESULT] 3,8,1,0.095988743,0.063999491,317,142,634
[RESULT] 3,8,2,0.095998956,0.064007457,317,142,634
[RESULT] 3,8,3,0.128006765,0.096007894,317,142,634
[RESULT] 3,8,4,0.095998872,0.064007037,317,142,634
[RESULT] 3,8,5,0.095997330,0.064002132,317,142,634
[RESULT] 3,8,6,0.095995459,0.063995940,317,142,634
[RESULT] 3,8,7,0.111997379,0.080000307,317,142,634
[RESULT] 3,8,8,0.095999920,0.064004412,317,142,634
[RESULT] 3,8,9,0.147880479,0.123999691,317,142,634
