Retrieving the matrix from '../matrices/1138_bus.mtx'...
%%MatrixMarket matrix coordinate real symmetric
1138 1138 2596
Real Matrix: Rows=1138 | Cols=1138 | NNZ=2596 | Procs=8 | Distribution=2D_cyclic
Rank 4: Grid pos (1,0) | Local rows: 569 | Local NNZ: 199
Rank 6: Grid pos (1,2) | Local rows: 569 | Local NNZ: 213
2D Process Grid (Cyclic): 2 x 4
Rank 2: Grid pos (0,2) | Local rows: 569 | Local NNZ: 435
Rank 0: Grid pos (0,0) | Local rows: 569 | Local NNZ: 450
Applied 2Dcyclic distribution
Rank 5: Grid pos (1,1) | Local rows: 569 | Local NNZ: 420
Rank 3: Grid pos (0,3) | Local rows: 569 | Local NNZ: 220
Rank 7: Grid pos (1,3) | Local rows: 569 | Local NNZ: 431
Rank 1: Grid pos (0,1) | Local rows: 569 | Local NNZ: 228
Ghost columns identified: 142 total ghost values needed
Local vector initialized (size=143 per process)
[RESULT] 0,8,2D_cyclic,0,0.000006074,0.000001869,450,142,900
[RESULT] 0,8,2D_cyclic,1,0.000004478,0.000001137,450,142,900
[RESULT] 0,8,2D_cyclic,2,0.000017843,0.000014848,450,142,900
[RESULT] 0,8,2D_cyclic,3,0.000003700,0.000001395,450,142,900
[RESULT] 0,8,2D_cyclic,4,0.000006471,0.000004153,450,142,900
[RESULT] 0,8,2D_cyclic,5,0.000004626,0.000002236,450,142,900
[RESULT] 0,8,2D_cyclic,6,0.000003162,0.000001081,450,142,900
[RESULT] 0,8,2D_cyclic,7,0.000002776,0.000000798,450,142,900
[RESULT] 0,8,2D_cyclic,8,0.000005295,0.000003237,450,142,900
[RESULT] 0,8,2D_cyclic,9,0.000002847,0.000000996,450,142,900

Benchmark Summary
Processes: 8
Distribution: 2D_cyclic
[RESULT] 7,8,2D_cyclic,0,0.000003025,0.000000679,431,142,862
[RESULT] 7,8,2D_cyclic,1,0.000002576,0.000000498,431,142,862
[RESULT] 7,8,2D_cyclic,2,0.000001641,0.000000463,431,142,862
[RESULT] 7,8,2D_cyclic,3,0.000003029,0.000001887,431,142,862
[RESULT] 7,8,2D_cyclic,4,0.000005763,0.000001724,431,142,862
[RESULT] 7,8,2D_cyclic,5,0.000002769,0.000001400,431,142,862
[RESULT] 7,8,2D_cyclic,6,0.000001529,0.000000527,431,142,862
[RESULT] 7,8,2D_cyclic,7,0.000001748,0.000000524,431,142,862
[RESULT] 7,8,2D_cyclic,8,0.000001796,0.000000744,431,142,862
[RESULT] 7,8,2D_cyclic,9,0.000001540,0.000000604,431,142,862
[RESULT] 2,8,2D_cyclic,0,0.000002945,0.000001062,435,142,870
[RESULT] 2,8,2D_cyclic,1,0.000001964,0.000000783,435,142,870
[RESULT] 2,8,2D_cyclic,2,0.000001739,0.000000681,435,142,870
[RESULT] 2,8,2D_cyclic,3,0.000020349,0.000019237,435,142,870
[RESULT] 2,8,2D_cyclic,4,0.000001622,0.000000668,435,142,870
[RESULT] 2,8,2D_cyclic,5,0.000002755,0.000001753,435,142,870
[RESULT] 2,8,2D_cyclic,6,0.000001696,0.000000740,435,142,870
[RESULT] 2,8,2D_cyclic,7,0.000001788,0.000000601,435,142,870
[RESULT] 2,8,2D_cyclic,8,0.000002712,0.000001739,435,142,870
[RESULT] 2,8,2D_cyclic,9,0.000001698,0.000000718,435,142,870
[RESULT] 5,8,2D_cyclic,0,0.000004100,0.000002023,420,143,840
[RESULT] 5,8,2D_cyclic,1,0.000001870,0.000000554,420,143,840
[RESULT] 5,8,2D_cyclic,2,0.000001728,0.000000535,420,143,840
[RESULT] 5,8,2D_cyclic,3,0.000008742,0.000004875,420,143,840
[RESULT] 5,8,2D_cyclic,4,0.000002851,0.000000731,420,143,840
[RESULT] 5,8,2D_cyclic,5,0.000003022,0.000001833,420,143,840
[RESULT] 5,8,2D_cyclic,6,0.000001523,0.000000530,420,143,840
[RESULT] 5,8,2D_cyclic,7,0.000001532,0.000000541,420,143,840
[RESULT] 5,8,2D_cyclic,8,0.000003161,0.000002177,420,143,840
[RESULT] 5,8,2D_cyclic,9,0.000001506,0.000000552,420,143,840
[RESULT] 6,8,2D_cyclic,0,0.000003095,0.000000800,213,78,426
[RESULT] 6,8,2D_cyclic,1,0.000002097,0.000000731,213,78,426
[RESULT] 6,8,2D_cyclic,2,0.000001587,0.000000657,213,78,426
[RESULT] 6,8,2D_cyclic,3,0.000008391,0.000004492,213,78,426
[RESULT] 6,8,2D_cyclic,4,0.000002690,0.000000738,213,78,426
[RESULT] 6,8,2D_cyclic,5,0.000003007,0.000001728,213,78,426
[RESULT] 6,8,2D_cyclic,6,0.000001713,0.000000631,213,78,426
[RESULT] 6,8,2D_cyclic,7,0.000001502,0.000000543,213,78,426
[RESULT] 6,8,2D_cyclic,8,0.000002658,0.000001757,213,78,426
[RESULT] 6,8,2D_cyclic,9,0.000001675,0.000000818,213,78,426
[RESULT] 1,8,2D_cyclic,0,0.000003880,0.000001881,228,71,456
[RESULT] 1,8,2D_cyclic,1,0.000001797,0.000000725,228,71,456
[RESULT] 1,8,2D_cyclic,2,0.000001549,0.000000628,228,71,456
[RESULT] 1,8,2D_cyclic,3,0.000008076,0.000007172,228,71,456
[RESULT] 1,8,2D_cyclic,4,0.000001510,0.000000665,228,71,456
[RESULT] 1,8,2D_cyclic,5,0.000002737,0.000001854,228,71,456
[RESULT] 1,8,2D_cyclic,6,0.000001504,0.000000659,228,71,456
[RESULT] 1,8,2D_cyclic,7,0.000001428,0.000000584,228,71,456
[RESULT] 1,8,2D_cyclic,8,0.000003035,0.000002165,228,71,456
[RESULT] 1,8,2D_cyclic,9,0.000001492,0.000000649,228,71,456
[RESULT] 4,8,2D_cyclic,0,0.000004532,0.000001499,199,71,398
[RESULT] 4,8,2D_cyclic,1,0.000003094,0.000000966,199,71,398
[RESULT] 4,8,2D_cyclic,2,0.000018647,0.000016665,199,71,398
[RESULT] 4,8,2D_cyclic,3,0.000002845,0.000001179,199,71,398
[RESULT] 4,8,2D_cyclic,4,0.000005716,0.000003940,199,71,398
[RESULT] 4,8,2D_cyclic,5,0.000005829,0.000004216,199,71,398
[RESULT] 4,8,2D_cyclic,6,0.000002614,0.000001068,199,71,398
[RESULT] 4,8,2D_cyclic,7,0.000002354,0.000000816,199,71,398
[RESULT] 4,8,2D_cyclic,8,0.000004421,0.000002702,199,71,398
[RESULT] 4,8,2D_cyclic,9,0.000002555,0.000001017,199,71,398
Iterations: 10
Matrix NNZ: 2596
Total execution time: 0.017 seconds
[RESULT] 3,8,2D_cyclic,0,0.000003030,0.000000938,220,70,440
[RESULT] 3,8,2D_cyclic,1,0.000001959,0.000000689,220,70,440
[RESULT] 3,8,2D_cyclic,2,0.000001626,0.000000711,220,70,440
[RESULT] 3,8,2D_cyclic,3,0.000002753,0.000001788,220,70,440
[RESULT] 3,8,2D_cyclic,4,0.000005463,0.000001737,220,70,440
[RESULT] 3,8,2D_cyclic,5,0.000003124,0.000001981,220,70,440
[RESULT] 3,8,2D_cyclic,6,0.000001550,0.000000689,220,70,440
[RESULT] 3,8,2D_cyclic,7,0.000001547,0.000000643,220,70,440
[RESULT] 3,8,2D_cyclic,8,0.000001579,0.000000687,220,70,440
[RESULT] 3,8,2D_cyclic,9,0.000001478,0.000000616,220,70,440
