Retrieving the matrix from '../matrices/dixmaanl.mtx'...
%%MatrixMarket matrix coordinate real symmetric
60000 60000 179999
Real Matrix: Rows=60000 | Cols=60000 | NNZ=179999 | Procs=4 | Distribution=2D_cyclic
2D Process Grid (Cyclic): 2 x 2
Rank 1: Grid pos (0,1) | Local rows: 30000 | Local NNZ: 29999
Rank 0: Grid pos (0,0) | Local rows: 30000 | Local NNZ: 60000
Applied 2Dcyclic distribution
Rank 2: Grid pos (1,0) | Local rows: 30000 | Local NNZ: 30000
Rank 3: Grid pos (1,1) | Local rows: 30000 | Local NNZ: 60000
Ghost columns identified: 15000 total ghost values needed
Local vector initialized (size=15000 per process)
[RESULT] 1,4,2D_cyclic,0,0.000086057,0.000036162,29999,14999,59998
[RESULT] 1,4,2D_cyclic,1,0.000066070,0.000018300,29999,14999,59998
[RESULT] 1,4,2D_cyclic,2,0.000063784,0.000015848,29999,14999,59998
[RESULT] 1,4,2D_cyclic,3,0.000073025,0.000025494,29999,14999,59998
[RESULT] 1,4,2D_cyclic,4,0.000063315,0.000015747,29999,14999,59998
[RESULT] 1,4,2D_cyclic,5,0.000071118,0.000023495,29999,14999,59998
[RESULT] 1,4,2D_cyclic,6,0.000060404,0.000013589,29999,14999,59998
[RESULT] 1,4,2D_cyclic,7,0.000061153,0.000013867,29999,14999,59998
[RESULT] 1,4,2D_cyclic,8,0.000060972,0.000013721,29999,14999,59998
[RESULT] 1,4,2D_cyclic,9,0.000133473,0.000085898,29999,14999,59998
[RESULT] 3,4,2D_cyclic,0,0.000127710,0.000036933,60000,15000,120000
[RESULT] 3,4,2D_cyclic,1,0.000098981,0.000017881,60000,15000,120000
[RESULT] 3,4,2D_cyclic,2,0.000097134,0.000015708,60000,15000,120000
[RESULT] 3,4,2D_cyclic,3,0.000121950,0.000025291,60000,15000,120000
[RESULT] 3,4,2D_cyclic,4,0.000097113,0.000016253,60000,15000,120000
[RESULT] 3,4,2D_cyclic,5,0.000102679,0.000021970,60000,15000,120000
[RESULT] 3,4,2D_cyclic,6,0.000094242,0.000013573,60000,15000,120000
[RESULT] 3,4,2D_cyclic,7,0.000094212,0.000013544,60000,15000,120000
[RESULT] 3,4,2D_cyclic,8,0.000094444,0.000013498,60000,15000,120000
[RESULT] 3,4,2D_cyclic,9,0.000100834,0.000020298,60000,15000,120000
[RESULT] 2,4,2D_cyclic,0,0.000111332,0.000061451,30000,15000,60000
[RESULT] 2,4,2D_cyclic,1,0.000072013,0.000023031,30000,15000,60000
[RESULT] 2,4,2D_cyclic,2,0.000066576,0.000017960,30000,15000,60000
[RESULT] 2,4,2D_cyclic,3,0.000063307,0.000015309,30000,15000,60000
[RESULT] 2,4,2D_cyclic,4,0.000066895,0.000019474,30000,15000,60000
[RESULT] 2,4,2D_cyclic,5,0.000062234,0.000014867,30000,15000,60000
[RESULT] 2,4,2D_cyclic,6,0.000061424,0.000013873,30000,15000,60000
[RESULT] 2,4,2D_cyclic,7,0.000061240,0.000013489,30000,15000,60000
[RESULT] 2,4,2D_cyclic,8,0.000061556,0.000013858,30000,15000,60000
[RESULT] 2,4,2D_cyclic,9,0.000132469,0.000084362,30000,15000,60000
[RESULT] 0,4,2D_cyclic,0,0.000155097,0.000063295,60000,15000,120000
[RESULT] 0,4,2D_cyclic,1,0.000122578,0.000023211,60000,15000,120000
[RESULT] 0,4,2D_cyclic,2,0.000161961,0.000019022,60000,15000,120000
[RESULT] 0,4,2D_cyclic,3,0.000178500,0.000015753,60000,15000,120000
[RESULT] 0,4,2D_cyclic,4,0.000113263,0.000020449,60000,15000,120000
[RESULT] 0,4,2D_cyclic,5,0.000099397,0.000015492,60000,15000,120000
[RESULT] 0,4,2D_cyclic,6,0.000097344,0.000013934,60000,15000,120000
[RESULT] 0,4,2D_cyclic,7,0.000097256,0.000013715,60000,15000,120000
[RESULT] 0,4,2D_cyclic,8,0.000099756,0.000016338,60000,15000,120000
[RESULT] 0,4,2D_cyclic,9,0.000102845,0.000020907,60000,15000,120000

Benchmark Summary
Processes: 4
Distribution: 2D_cyclic
Iterations: 10
Matrix NNZ: 179999
Total execution time: 0.165 seconds
