Retrieving the matrix from '../matrices/dixmaanl.mtx'...
%%MatrixMarket matrix coordinate real symmetric
60000 60000 179999
Real Matrix: Rows=60000 | Cols=60000 | NNZ=179999 | Procs=2 | Distribution=2D
2D Process Grid: 1 x 2 (rows x cols)
Rank 1: Grid pos (0,1) | Rows [0-60000) | Cols [30000-60000) | Local NNZ: 69999
Rank 0: Grid pos (0,0) | Rows [0-60000) | Cols [0-30000) | Local NNZ: 110000
Applied 2D distribution
Ghost columns identified: 15000 total ghost values needed
Local vector initialized (size=30000 per process)
[RESULT] 1,2,2D,0,0.000431384,0.000173376,69999,15000,139998
[RESULT] 1,2,2D,1,0.000438165,0.000247505,69999,15000,139998
[RESULT] 1,2,2D,2,0.000350093,0.000160849,69999,15000,139998
[RESULT] 1,2,2D,3,0.000287647,0.000094977,69999,15000,139998
[RESULT] 1,2,2D,4,0.000305872,0.000120927,69999,15000,139998
[RESULT] 1,2,2D,5,0.000281413,0.000091715,69999,15000,139998
[RESULT] 1,2,2D,6,0.000316581,0.000123678,69999,15000,139998
[RESULT] 1,2,2D,7,0.000297907,0.000109212,69999,15000,139998
[RESULT] 1,2,2D,8,0.000295611,0.000095982,69999,15000,139998
[RESULT] 1,2,2D,9,0.000287113,0.000096313,69999,15000,139998
[RESULT] 0,2,2D,0,0.000427096,0.000170746,110000,15000,220000
[RESULT] 0,2,2D,1,0.000475930,0.000250499,110000,15000,220000
[RESULT] 0,2,2D,2,0.000391046,0.000160418,110000,15000,220000
[RESULT] 0,2,2D,3,0.000361736,0.000094298,110000,15000,220000
[RESULT] 0,2,2D,4,0.000350106,0.000120303,110000,15000,220000
[RESULT] 0,2,2D,5,0.000329512,0.000091546,110000,15000,220000
[RESULT] 0,2,2D,6,0.000361922,0.000123230,110000,15000,220000
[RESULT] 0,2,2D,7,0.000330532,0.000105470,110000,15000,220000
[RESULT] 0,2,2D,8,0.000355171,0.000095557,110000,15000,220000
[RESULT] 0,2,2D,9,0.000402724,0.000159105,110000,15000,220000

Benchmark Summary
Processes: 2
Distribution: 2D
Iterations: 10
Matrix NNZ: 179999
Total execution time: 0.201 seconds
