Retrieving the matrix from '../matrices/dixmaanl.mtx'...
%%MatrixMarket matrix coordinate real symmetric
60000 60000 179999
Real Matrix: Rows=60000 | Cols=60000 | NNZ=179999 | Procs=4 | Distribution=2D
2D Process Grid: 2 x 2 (rows x cols)
Rank 3: Grid pos (1,1) | Rows [30000-60000) | Cols [30000-60000) | Local NNZ: 69999
Rank 1: Grid pos (0,1) | Rows [0-30000) | Cols [30000-60000) | Local NNZ: 0
Rank 2: Grid pos (1,0) | Rows [30000-60000) | Cols [0-30000) | Local NNZ: 40001
Rank 0: Grid pos (0,0) | Rows [0-30000) | Cols [0-30000) | Local NNZ: 69999
Applied 2D distribution
Ghost columns identified: 22500 total ghost values needed
Local vector initialized (size=15000 per process)
[RESULT] 0,4,2D,0,0.048113915,0.032069451,69999,22500,139998
[RESULT] 0,4,2D,1,0.048085560,0.032023363,69999,22500,139998
[RESULT] 0,4,2D,2,0.048090010,0.032042397,69999,22500,139998
[RESULT] 0,4,2D,3,0.048082681,0.032045825,69999,22500,139998
[RESULT] 0,4,2D,4,0.048076449,0.032015847,69999,22500,139998
[RESULT] 0,4,2D,5,0.048083370,0.032033484,69999,22500,139998
[RESULT] 0,4,2D,6,0.048086747,0.032015838,69999,22500,139998
[RESULT] 0,4,2D,7,0.048087381,0.032027870,69999,22500,139998
[RESULT] 0,4,2D,8,0.048087356,0.032018154,69999,22500,139998
[RESULT] 0,4,2D,9,0.048086942,0.032038448,69999,22500,139998

Benchmark Summary
Processes: 4
Distribution: 2D
Iterations: 10
Matrix NNZ: 179999
Total execution time: 1.109 seconds
[RESULT] 2,4,2D,0,0.048082789,0.032040310,40001,22500,80002
[RESULT] 2,4,2D,1,0.048070709,0.032023269,40001,22500,80002
[RESULT] 2,4,2D,2,0.048051867,0.032020883,40001,22500,80002
[RESULT] 2,4,2D,3,0.048055969,0.032019323,40001,22500,80002
[RESULT] 2,4,2D,4,0.048052847,0.032023488,40001,22500,80002
[RESULT] 2,4,2D,5,0.048055114,0.032019615,40001,22500,80002
[RESULT] 2,4,2D,6,0.048060372,0.032013628,40001,22500,80002
[RESULT] 2,4,2D,7,0.048040287,0.032001138,40001,22500,80002
[RESULT] 2,4,2D,8,0.048038931,0.032014395,40001,22500,80002
[RESULT] 2,4,2D,9,0.044604207,0.032016578,40001,22500,80002
[RESULT] 1,4,2D,0,0.048015610,0.032005341,0,0,0
[RESULT] 1,4,2D,1,0.048008889,0.032000071,0,0,0
[RESULT] 1,4,2D,2,0.047994526,0.031997916,0,0,0
[RESULT] 1,4,2D,3,0.048006622,0.031996717,0,0,0
[RESULT] 1,4,2D,4,0.048017121,0.031994618,0,0,0
[RESULT] 1,4,2D,5,0.048014009,0.032004571,0,0,0
[RESULT] 1,4,2D,6,0.048001675,0.031991345,0,0,0
[RESULT] 1,4,2D,7,0.048005842,0.032001503,0,0,0
[RESULT] 1,4,2D,8,0.048010006,0.031991655,0,0,0
[RESULT] 1,4,2D,9,0.045371937,0.032002139,0,0,0
[RESULT] 3,4,2D,0,0.048114230,0.032002009,69999,22500,139998
[RESULT] 3,4,2D,1,0.048117800,0.032003802,69999,22500,139998
[RESULT] 3,4,2D,2,0.048066696,0.031975768,69999,22500,139998
[RESULT] 3,4,2D,3,0.048182893,0.032002475,69999,22500,139998
[RESULT] 3,4,2D,4,0.048102823,0.031996878,69999,22500,139998
[RESULT] 3,4,2D,5,0.047927208,0.031857681,69999,22500,139998
[RESULT] 3,4,2D,6,0.048089596,0.032003287,69999,22500,139998
[RESULT] 3,4,2D,7,0.048102930,0.032002644,69999,22500,139998
[RESULT] 3,4,2D,8,0.048087433,0.032003281,69999,22500,139998
[RESULT] 3,4,2D,9,0.044106609,0.032000944,69999,22500,139998
