Retrieving the matrix from '../matrices/cond-mat-2005.mtx'...
%%MatrixMarket matrix coordinate real symmetric
40421 40421 175693
Real Matrix (Strong Scaling): Rows=40421 | Cols=40421 | NNZ=175693 | Procs=8
ok 1D distribution
Ghost columns identified: 10276 total ghost values needed
Local vector initialized (size=5053 per process)
[RESULT] 1,8,0,0.128066715,0.096011846,21820,10124,43640
[RESULT] 1,8,1,0.096067636,0.064006953,21820,10124,43640
[RESULT] 1,8,2,0.128054317,0.095995774,21820,10124,43640
[RESULT] 1,8,3,0.094676936,0.092005032,21820,10124,43640
[RESULT] 1,8,4,0.136051444,0.091981273,21820,10124,43640
[RESULT] 1,8,5,0.160077212,0.128054490,21820,10124,43640
[RESULT] 1,8,6,0.128084080,0.096009227,21820,10124,43640
[RESULT] 1,8,7,0.096360979,0.064048433,21820,10124,43640
[RESULT] 1,8,8,0.096080104,0.064023317,21820,10124,43640
[RESULT] 1,8,9,0.096069399,0.064018234,21820,10124,43640
[RESULT] 4,8,0,0.096064149,0.064005308,22480,10015,44960
[RESULT] 4,8,1,0.096058235,0.064011179,22480,10015,44960
[RESULT] 4,8,2,0.128066651,0.096002501,22480,10015,44960
[RESULT] 4,8,3,0.100077814,0.068107890,22480,10015,44960
[RESULT] 4,8,4,0.124084347,0.085218312,22480,10015,44960
[RESULT] 4,8,5,0.096063880,0.063996547,22480,10015,44960
[RESULT] 4,8,6,0.096064859,0.063996395,22480,10015,44960
[RESULT] 4,8,7,0.096059190,0.064030726,22480,10015,44960
[RESULT] 4,8,8,0.096086549,0.064025423,22480,10015,44960
[RESULT] 4,8,9,0.092352157,0.064007097,22480,10015,44960
[RESULT] 7,8,0,0.096072319,0.064001564,21543,10236,43086
[RESULT] 7,8,1,0.096077874,0.064020869,21543,10236,43086
[RESULT] 7,8,2,0.096070312,0.063999012,21543,10236,43086
[RESULT] 7,8,3,0.096065460,0.068117114,21543,10236,43086
[RESULT] 7,8,4,0.100266571,0.100097467,21543,10236,43086
[RESULT] 7,8,5,0.128065851,0.096007786,21543,10236,43086
[RESULT] 7,8,6,0.096078242,0.064019408,21543,10236,43086
[RESULT] 7,8,7,0.096083429,0.064081440,21543,10236,43086
[RESULT] 7,8,8,0.096088947,0.064027140,21543,10236,43086
[RESULT] 7,8,9,0.084632688,0.064574324,21543,10236,43086
[RESULT] 6,8,0,0.128068777,0.064028290,22049,10117,44098
[RESULT] 6,8,1,0.096069403,0.064015999,22049,10117,44098
[RESULT] 6,8,2,0.096072239,0.064022938,22049,10117,44098
[RESULT] 6,8,3,0.100078718,0.068039126,22049,10117,44098
[RESULT] 6,8,4,0.140090442,0.106086341,22049,10117,44098
[RESULT] 6,8,5,0.128074820,0.096012281,22049,10117,44098
[RESULT] 6,8,6,0.128075225,0.096006916,22049,10117,44098
[RESULT] 6,8,7,0.096076641,0.064034620,22049,10117,44098
[RESULT] 6,8,8,0.096081546,0.064019679,22049,10117,44098
[RESULT] 6,8,9,0.120856754,0.096007907,22049,10117,44098
[RESULT] 3,8,0,0.096295197,0.064022182,21843,10122,43686
[RESULT] 3,8,1,0.096055377,0.063991208,21843,10122,43686
[RESULT] 3,8,2,0.096045657,0.064031904,21843,10122,43686
[RESULT] 3,8,3,0.144075606,0.112019665,21843,10122,43686
[RESULT] 3,8,4,0.180087960,0.123441455,21843,10122,43686
[RESULT] 3,8,5,0.128055600,0.095997367,21843,10122,43686
[RESULT] 3,8,6,0.091955799,0.059884238,21843,10122,43686
[RESULT] 3,8,7,0.096072026,0.064010398,21843,10122,43686
[RESULT] 3,8,8,0.128082662,0.096020803,21843,10122,43686
[RESULT] 3,8,9,0.111008287,0.095897699,21843,10122,43686
[RESULT] 0,8,0,0.096061637,0.064009353,21865,10276,43730
[RESULT] 0,8,1,0.096639860,0.064005993,21865,10276,43730
[RESULT] 0,8,2,0.096076706,0.064018991,21865,10276,43730
[RESULT] 0,8,3,0.120090792,0.088023133,21865,10276,43730
[RESULT] 0,8,4,0.127318982,0.100009174,21865,10276,43730
[RESULT] 0,8,5,0.096104874,0.064001737,21865,10276,43730
[RESULT] 0,8,6,0.096076358,0.064004316,21865,10276,43730
[RESULT] 0,8,7,0.128081882,0.096010427,21865,10276,43730
[RESULT] 0,8,8,0.128062730,0.096006069,21865,10276,43730
[RESULT] 0,8,9,0.084236936,0.064011474,21865,10276,43730

Benchmark Summary
Processes: 8
Iterations: 10
Matrix NNZ: 175693
Total execution time: 2.448 seconds
[RESULT] 2,8,0,0.096065440,0.064002055,21869,10056,43738
[RESULT] 2,8,1,0.128069864,0.096020811,21869,10056,43738
[RESULT] 2,8,2,0.128070176,0.096017650,21869,10056,43738
[RESULT] 2,8,3,0.124088818,0.092001113,21869,10056,43738
[RESULT] 2,8,4,0.151991698,0.127907762,21869,10056,43738
[RESULT] 2,8,5,0.128063849,0.096021582,21869,10056,43738
[RESULT] 2,8,6,0.100075708,0.068013494,21869,10056,43738
[RESULT] 2,8,7,0.096097921,0.064010182,21869,10056,43738
[RESULT] 2,8,8,0.096078012,0.064012430,21869,10056,43738
[RESULT] 2,8,9,0.120300399,0.096011221,21869,10056,43738
[RESULT] 5,8,0,0.096068747,0.064026470,22224,10073,44448
[RESULT] 5,8,1,0.096068475,0.064010307,22224,10073,44448
[RESULT] 5,8,2,0.128069866,0.095989445,22224,10073,44448
[RESULT] 5,8,3,0.088080256,0.068634142,22224,10073,44448
[RESULT] 5,8,4,0.080069576,0.056636402,22224,10073,44448
[RESULT] 5,8,5,0.128050644,0.096009305,22224,10073,44448
[RESULT] 5,8,6,0.096099397,0.096004840,22224,10073,44448
[RESULT] 5,8,7,0.096075891,0.064004663,22224,10073,44448
[RESULT] 5,8,8,0.096077214,0.064012037,22224,10073,44448
[RESULT] 5,8,9,0.092081339,0.064001078,22224,10073,44448
