Retrieving the matrix from '../matrices/dixmaanl.mtx'...
%%MatrixMarket matrix coordinate real symmetric
60000 60000 179999
Real Matrix: Rows=60000 | Cols=60000 | NNZ=179999 | Procs=8 | Distribution=2D_cyclic
Rank 6: Grid pos (1,2) | Local rows: 30000 | Local NNZ: 15000
Rank 4: Grid pos (1,0) | Local rows: 30000 | Local NNZ: 15000
Rank 7: Grid pos (1,3) | Local rows: 30000 | Local NNZ: 30000
Rank 3: Grid pos (0,3) | Local rows: 30000 | Local NNZ: 14999
Rank 2: Grid pos (0,2) | Local rows: 30000 | Local NNZ: 30000
Rank 1: Grid pos (0,1) | Local rows: 30000 | Local NNZ: 15000
Rank 5: Grid pos (1,1) | Local rows: 30000 | Local NNZ: 30000
2D Process Grid (Cyclic): 2 x 4
Rank 0: Grid pos (0,0) | Local rows: 30000 | Local NNZ: 30000
Applied 2Dcyclic distribution
Ghost columns identified: 7500 total ghost values needed
Local vector initialized (size=7500 per process)
[RESULT] 0,8,2D_cyclic,0,0.096061229,0.064004271,30000,7500,60000
[RESULT] 0,8,2D_cyclic,1,0.096048928,0.063997177,30000,7500,60000
[RESULT] 0,8,2D_cyclic,2,0.096039223,0.063995869,30000,7500,60000
[RESULT] 0,8,2D_cyclic,3,0.096065213,0.064002261,30000,7500,60000
[RESULT] 0,8,2D_cyclic,4,0.096043162,0.064004782,30000,7500,60000
[RESULT] 0,8,2D_cyclic,5,0.096048302,0.064011896,30000,7500,60000
[RESULT] 0,8,2D_cyclic,6,0.096041630,0.064024280,30000,7500,60000
[RESULT] 0,8,2D_cyclic,7,0.096045668,0.064010476,30000,7500,60000
[RESULT] 0,8,2D_cyclic,8,0.096073734,0.064013497,30000,7500,60000
[RESULT] 0,8,2D_cyclic,9,0.096044530,0.064036997,30000,7500,60000

Benchmark Summary
Processes: 8
Distribution: 2D_cyclic
Iterations: 10
Matrix NNZ: 179999
Total execution time: 2.312 seconds
[RESULT] 3,8,2D_cyclic,0,0.096052587,0.064024486,14999,7499,29998
[RESULT] 3,8,2D_cyclic,1,0.096025951,0.064021853,14999,7499,29998
[RESULT] 3,8,2D_cyclic,2,0.096060197,0.064031943,14999,7499,29998
[RESULT] 3,8,2D_cyclic,3,0.096018340,0.064010644,14999,7499,29998
[RESULT] 3,8,2D_cyclic,4,0.096016529,0.064013731,14999,7499,29998
[RESULT] 3,8,2D_cyclic,5,0.096016464,0.063991606,14999,7499,29998
[RESULT] 3,8,2D_cyclic,6,0.096030049,0.064024972,14999,7499,29998
[RESULT] 3,8,2D_cyclic,7,0.096013609,0.063998289,14999,7499,29998
[RESULT] 3,8,2D_cyclic,8,0.092018494,0.059994031,14999,7499,29998
[RESULT] 3,8,2D_cyclic,9,0.092328196,0.063995743,14999,7499,29998
[RESULT] 6,8,2D_cyclic,0,0.096016543,0.064005965,15000,7500,30000
[RESULT] 6,8,2D_cyclic,1,0.096036189,0.064022244,15000,7500,30000
[RESULT] 6,8,2D_cyclic,2,0.096042592,0.064007233,15000,7500,30000
[RESULT] 6,8,2D_cyclic,3,0.096024158,0.064009750,15000,7500,30000
[RESULT] 6,8,2D_cyclic,4,0.096047070,0.064009313,15000,7500,30000
[RESULT] 6,8,2D_cyclic,5,0.096014640,0.064011822,15000,7500,30000
[RESULT] 6,8,2D_cyclic,6,0.128061532,0.096028048,15000,7500,30000
[RESULT] 6,8,2D_cyclic,7,0.096016578,0.064002838,15000,7500,30000
[RESULT] 6,8,2D_cyclic,8,0.100035665,0.068036078,15000,7500,30000
[RESULT] 6,8,2D_cyclic,9,0.088678862,0.064027594,15000,7500,30000
[RESULT] 4,8,2D_cyclic,0,0.096017119,0.064020289,15000,7500,30000
[RESULT] 4,8,2D_cyclic,1,0.096093234,0.064008178,15000,7500,30000
[RESULT] 4,8,2D_cyclic,2,0.096033391,0.064017156,15000,7500,30000
[RESULT] 4,8,2D_cyclic,3,0.096027415,0.064013573,15000,7500,30000
[RESULT] 4,8,2D_cyclic,4,0.096026811,0.064019153,15000,7500,30000
[RESULT] 4,8,2D_cyclic,5,0.100034960,0.064010200,15000,7500,30000
[RESULT] 4,8,2D_cyclic,6,0.096030249,0.064015201,15000,7500,30000
[RESULT] 4,8,2D_cyclic,7,0.096005823,0.063983110,15000,7500,30000
[RESULT] 4,8,2D_cyclic,8,0.096014161,0.063991782,15000,7500,30000
[RESULT] 4,8,2D_cyclic,9,0.084974775,0.063998661,15000,7500,30000
[RESULT] 2,8,2D_cyclic,0,0.064081860,0.064005631,30000,7500,60000
[RESULT] 2,8,2D_cyclic,1,0.096042906,0.064004208,30000,7500,60000
[RESULT] 2,8,2D_cyclic,2,0.096112087,0.064011675,30000,7500,60000
[RESULT] 2,8,2D_cyclic,3,0.096046733,0.064002952,30000,7500,60000
[RESULT] 2,8,2D_cyclic,4,0.096040845,0.064015506,30000,7500,60000
[RESULT] 2,8,2D_cyclic,5,0.096041404,0.064000530,30000,7500,60000
[RESULT] 2,8,2D_cyclic,6,0.128059824,0.096002156,30000,7500,60000
[RESULT] 2,8,2D_cyclic,7,0.096036508,0.063990444,30000,7500,60000
[RESULT] 2,8,2D_cyclic,8,0.096057547,0.064004847,30000,7500,60000
[RESULT] 2,8,2D_cyclic,9,0.080081796,0.064013268,30000,7500,60000
[RESULT] 7,8,2D_cyclic,0,0.096061926,0.064002074,30000,7500,60000
[RESULT] 7,8,2D_cyclic,1,0.096052552,0.064008632,30000,7500,60000
[RESULT] 7,8,2D_cyclic,2,0.096046023,0.064000421,30000,7500,60000
[RESULT] 7,8,2D_cyclic,3,0.096043207,0.064003470,30000,7500,60000
[RESULT] 7,8,2D_cyclic,4,0.096050336,0.064000832,30000,7500,60000
[RESULT] 7,8,2D_cyclic,5,0.092070232,0.063999838,30000,7500,60000
[RESULT] 7,8,2D_cyclic,6,0.096061053,0.064007916,30000,7500,60000
[RESULT] 7,8,2D_cyclic,7,0.096041321,0.063996561,30000,7500,60000
[RESULT] 7,8,2D_cyclic,8,0.096044680,0.064012811,30000,7500,60000
[RESULT] 7,8,2D_cyclic,9,0.084396282,0.064014461,30000,7500,60000
[RESULT] 1,8,2D_cyclic,0,0.096029903,0.064032369,15000,7500,30000
[RESULT] 1,8,2D_cyclic,1,0.096018385,0.063990081,15000,7500,30000
[RESULT] 1,8,2D_cyclic,2,0.096024220,0.064012367,15000,7500,30000
[RESULT] 1,8,2D_cyclic,3,0.096000176,0.063970794,15000,7500,30000
[RESULT] 1,8,2D_cyclic,4,0.096026364,0.064017343,15000,7500,30000
[RESULT] 1,8,2D_cyclic,5,0.092028813,0.064013491,15000,7500,30000
[RESULT] 1,8,2D_cyclic,6,0.096044141,0.064035971,15000,7500,30000
[RESULT] 1,8,2D_cyclic,7,0.096018193,0.064004395,15000,7500,30000
[RESULT] 1,8,2D_cyclic,8,0.096058058,0.064027780,15000,7500,30000
[RESULT] 1,8,2D_cyclic,9,0.084059712,0.064019382,15000,7500,30000
[RESULT] 5,8,2D_cyclic,0,0.096073449,0.064002234,30000,7500,60000
[RESULT] 5,8,2D_cyclic,1,0.096050257,0.063994096,30000,7500,60000
[RESULT] 5,8,2D_cyclic,2,0.096068666,0.064017005,30000,7500,60000
[RESULT] 5,8,2D_cyclic,3,0.064040265,0.032005475,30000,7500,60000
[RESULT] 5,8,2D_cyclic,4,0.096033344,0.063992681,30000,7500,60000
[RESULT] 5,8,2D_cyclic,5,0.100048581,0.068008157,30000,7500,60000
[RESULT] 5,8,2D_cyclic,6,0.096057967,0.064012235,30000,7500,60000
[RESULT] 5,8,2D_cyclic,7,0.096048739,0.063994414,30000,7500,60000
[RESULT] 5,8,2D_cyclic,8,0.096060055,0.064003459,30000,7500,60000
[RESULT] 5,8,2D_cyclic,9,0.084202925,0.063999552,30000,7500,60000
