Retrieving the matrix from '../matrices/1138_bus.mtx'...
%%MatrixMarket matrix coordinate real symmetric
1138 1138 2596
Real Matrix (Strong Scaling): Rows=1138 | Cols=1138 | NNZ=2596 | Procs=2
ok 1D distribution
Ghost columns identified: 300 total ghost values needed
Local vector initialized (size=569 per process)
[RESULT] 1,2,0,0.000007691,0.000001081,1263,278,2526
[RESULT] 1,2,1,0.000008831,0.000005722,1263,278,2526
[RESULT] 1,2,2,0.000003707,0.000001125,1263,278,2526
[RESULT] 1,2,3,0.000003836,0.000001573,1263,278,2526
[RESULT] 1,2,4,0.000003105,0.000000920,1263,278,2526
[RESULT] 1,2,5,0.000002959,0.000000878,1263,278,2526
[RESULT] 1,2,6,0.000002895,0.000000860,1263,278,2526
[RESULT] 1,2,7,0.000002901,0.000000878,1263,278,2526
[RESULT] 1,2,8,0.000002863,0.000000834,1263,278,2526
[RESULT] 1,2,9,0.000002939,0.000000898,1263,278,2526
[RESULT] 0,2,0,0.000005906,0.000001305,1333,300,2666
[RESULT] 0,2,1,0.000008512,0.000005680,1333,300,2666
[RESULT] 0,2,2,0.000007024,0.000004980,1333,300,2666
[RESULT] 0,2,3,0.000003406,0.000001708,1333,300,2666
[RESULT] 0,2,4,0.000002479,0.000000825,1333,300,2666
[RESULT] 0,2,5,0.000002467,0.000000844,1333,300,2666
[RESULT] 0,2,6,0.000002447,0.000000825,1333,300,2666
[RESULT] 0,2,7,0.000002477,0.000000852,1333,300,2666
[RESULT] 0,2,8,0.000002451,0.000000811,1333,300,2666
[RESULT] 0,2,9,0.000002471,0.000000840,1333,300,2666

Benchmark Summary
Processes: 2
Iterations: 10
Matrix NNZ: 2596
Total execution time: 0.008 seconds
