Retrieving the matrix from '../matrices/cond-mat-2005.mtx'...
%%MatrixMarket matrix coordinate real symmetric
40421 40421 175693
Real Matrix: Rows=40421 | Cols=40421 | NNZ=175693 | Procs=8 | Distribution=2D_cyclic
2D Process Grid (Cyclic): 2 x 4
Rank 5: Grid pos (1,1) | Local rows: 20210 | Local NNZ: 20347
Rank 7: Grid pos (1,3) | Local rows: 20210 | Local NNZ: 20123
Rank 3: Grid pos (0,3) | Local rows: 20211 | Local NNZ: 23432
Rank 6: Grid pos (1,2) | Local rows: 20210 | Local NNZ: 23351
Rank 2: Grid pos (0,2) | Local rows: 20211 | Local NNZ: 20521
Rank 4: Grid pos (1,0) | Local rows: 20210 | Local NNZ: 23609
Rank 0: Grid pos (0,0) | Local rows: 20211 | Local NNZ: 20748
Applied 2Dcyclic distribution
Rank 1: Grid pos (0,1) | Local rows: 20211 | Local NNZ: 23562
Ghost columns identified: 2331 total ghost values needed
Local vector initialized (size=5053 per process)
[RESULT] 1,8,2D_cyclic,0,0.000248440,0.000013960,23562,3093,47124
[RESULT] 1,8,2D_cyclic,1,0.000244540,0.000009235,23562,3093,47124
[RESULT] 1,8,2D_cyclic,2,0.000258306,0.000023766,23562,3093,47124
[RESULT] 1,8,2D_cyclic,3,0.000252387,0.000009158,23562,3093,47124
[RESULT] 1,8,2D_cyclic,4,0.000247499,0.000013968,23562,3093,47124
[RESULT] 1,8,2D_cyclic,5,0.000242218,0.000008513,23562,3093,47124
[RESULT] 1,8,2D_cyclic,6,0.000239910,0.000007721,23562,3093,47124
[RESULT] 1,8,2D_cyclic,7,0.000240513,0.000008959,23562,3093,47124
[RESULT] 1,8,2D_cyclic,8,0.000246611,0.000014591,23562,3093,47124
[RESULT] 1,8,2D_cyclic,9,0.000251854,0.000017720,23562,3093,47124
[RESULT] 7,8,2D_cyclic,0,0.000233381,0.000013483,20123,2367,40246
[RESULT] 7,8,2D_cyclic,1,0.000230335,0.000009111,20123,2367,40246
[RESULT] 7,8,2D_cyclic,2,0.000248446,0.000024050,20123,2367,40246
[RESULT] 7,8,2D_cyclic,3,0.000244676,0.000009117,20123,2367,40246
[RESULT] 7,8,2D_cyclic,4,0.000226438,0.000013050,20123,2367,40246
[RESULT] 7,8,2D_cyclic,5,0.000339388,0.000007933,20123,2367,40246
[RESULT] 7,8,2D_cyclic,6,0.000218411,0.000007782,20123,2367,40246
[RESULT] 7,8,2D_cyclic,7,0.000218021,0.000007858,20123,2367,40246
[RESULT] 7,8,2D_cyclic,8,0.000217190,0.000008116,20123,2367,40246
[RESULT] 7,8,2D_cyclic,9,0.000228483,0.000008505,20123,2367,40246
[RESULT] 4,8,2D_cyclic,0,0.000372869,0.000023261,23609,3032,47218
[RESULT] 4,8,2D_cyclic,1,0.000253389,0.000017700,23609,3032,47218
[RESULT] 4,8,2D_cyclic,2,0.000238129,0.000006201,23609,3032,47218
[RESULT] 4,8,2D_cyclic,3,0.000233692,0.000004626,23609,3032,47218
[RESULT] 4,8,2D_cyclic,4,0.000234392,0.000005384,23609,3032,47218
[RESULT] 4,8,2D_cyclic,5,0.000240462,0.000003965,23609,3032,47218
[RESULT] 4,8,2D_cyclic,6,0.000233356,0.000004758,23609,3032,47218
[RESULT] 4,8,2D_cyclic,7,0.000230847,0.000004046,23609,3032,47218
[RESULT] 4,8,2D_cyclic,8,0.000232859,0.000005110,23609,3032,47218
[RESULT] 4,8,2D_cyclic,9,0.000248379,0.000004176,23609,3032,47218
[RESULT] 0,8,2D_cyclic,0,0.000243016,0.000018820,20748,2331,41496
[RESULT] 0,8,2D_cyclic,1,0.000240534,0.000016890,20748,2331,41496
[RESULT] 0,8,2D_cyclic,2,0.000227797,0.000006325,20748,2331,41496
[RESULT] 0,8,2D_cyclic,3,0.000236127,0.000004553,20748,2331,41496
[RESULT] 0,8,2D_cyclic,4,0.000226341,0.000005580,20748,2331,41496
[RESULT] 0,8,2D_cyclic,5,0.000223807,0.000003979,20748,2331,41496
[RESULT] 0,8,2D_cyclic,6,0.000226235,0.000004513,20748,2331,41496
[RESULT] 0,8,2D_cyclic,7,0.000230431,0.000004036,20748,2331,41496
[RESULT] 0,8,2D_cyclic,8,0.000229141,0.000005131,20748,2331,41496
[RESULT] 0,8,2D_cyclic,9,0.000241180,0.000004223,20748,2331,41496

Benchmark Summary
Processes: 8
Distribution: 2D_cyclic
Iterations: 10
Matrix NNZ: 175693
Total execution time: 0.189 seconds
[RESULT] 2,8,2D_cyclic,0,0.000232351,0.000010486,20521,2381,41042
[RESULT] 2,8,2D_cyclic,1,0.000225749,0.000005331,20521,2381,41042
[RESULT] 2,8,2D_cyclic,2,0.000232467,0.000014927,20521,2381,41042
[RESULT] 2,8,2D_cyclic,3,0.000230020,0.000004259,20521,2381,41042
[RESULT] 2,8,2D_cyclic,4,0.000219011,0.000004404,20521,2381,41042
[RESULT] 2,8,2D_cyclic,5,0.000218503,0.000004541,20521,2381,41042
[RESULT] 2,8,2D_cyclic,6,0.000217189,0.000004043,20521,2381,41042
[RESULT] 2,8,2D_cyclic,7,0.000216650,0.000004068,20521,2381,41042
[RESULT] 2,8,2D_cyclic,8,0.000216946,0.000004218,20521,2381,41042
[RESULT] 2,8,2D_cyclic,9,0.000382783,0.000062897,20521,2381,41042
[RESULT] 3,8,2D_cyclic,0,0.000347113,0.000014083,23432,3085,46864
[RESULT] 3,8,2D_cyclic,1,0.000337453,0.000009486,23432,3085,46864
[RESULT] 3,8,2D_cyclic,2,0.000356506,0.000029558,23432,3085,46864
[RESULT] 3,8,2D_cyclic,3,0.000367055,0.000009718,23432,3085,46864
[RESULT] 3,8,2D_cyclic,4,0.000340502,0.000014373,23432,3085,46864
[RESULT] 3,8,2D_cyclic,5,0.000333975,0.000008749,23432,3085,46864
[RESULT] 3,8,2D_cyclic,6,0.000331590,0.000007884,23432,3085,46864
[RESULT] 3,8,2D_cyclic,7,0.000335558,0.000008494,23432,3085,46864
[RESULT] 3,8,2D_cyclic,8,0.000335788,0.000008744,23432,3085,46864
[RESULT] 3,8,2D_cyclic,9,0.000383899,0.000009262,23432,3085,46864
[RESULT] 6,8,2D_cyclic,0,0.000260185,0.000010675,23351,3069,46702
[RESULT] 6,8,2D_cyclic,1,0.000244548,0.000005757,23351,3069,46702
[RESULT] 6,8,2D_cyclic,2,0.000245275,0.000014755,23351,3069,46702
[RESULT] 6,8,2D_cyclic,3,0.000233297,0.000004082,23351,3069,46702
[RESULT] 6,8,2D_cyclic,4,0.000248286,0.000003977,23351,3069,46702
[RESULT] 6,8,2D_cyclic,5,0.000233016,0.000004421,23351,3069,46702
[RESULT] 6,8,2D_cyclic,6,0.000232074,0.000004220,23351,3069,46702
[RESULT] 6,8,2D_cyclic,7,0.000239659,0.000003960,23351,3069,46702
[RESULT] 6,8,2D_cyclic,8,0.000231913,0.000004355,23351,3069,46702
[RESULT] 6,8,2D_cyclic,9,0.000503712,0.000065354,23351,3069,46702
[RESULT] 5,8,2D_cyclic,0,0.000326758,0.000018570,20347,2334,40694
[RESULT] 5,8,2D_cyclic,1,0.000313183,0.000009474,20347,2334,40694
[RESULT] 5,8,2D_cyclic,2,0.000330009,0.000027163,20347,2334,40694
[RESULT] 5,8,2D_cyclic,3,0.000328596,0.000009459,20347,2334,40694
[RESULT] 5,8,2D_cyclic,4,0.000313418,0.000014435,20347,2334,40694
[RESULT] 5,8,2D_cyclic,5,0.000307069,0.000008844,20347,2334,40694
[RESULT] 5,8,2D_cyclic,6,0.000305845,0.000008084,20347,2334,40694
[RESULT] 5,8,2D_cyclic,7,0.000309808,0.000009109,20347,2334,40694
[RESULT] 5,8,2D_cyclic,8,0.000315276,0.000014123,20347,2334,40694
[RESULT] 5,8,2D_cyclic,9,0.000550030,0.000009657,20347,2334,40694
