Retrieving the matrix from '../matrices/cond-mat-2005.mtx'...
%%MatrixMarket matrix coordinate real symmetric
40421 40421 175693
Real Matrix: Rows=40421 | Cols=40421 | NNZ=175693 | Procs=8 | Distribution=2D
2D Process Grid: 2 x 4 (rows x cols)
Rank 3: Grid pos (0,3) | Rows [0-20211) | Cols [30318-40421) | Local NNZ: 0
Rank 1: Grid pos (0,1) | Rows [0-20211) | Cols [10106-20212) | Local NNZ: 20090
Rank 5: Grid pos (1,1) | Rows [20211-40421) | Cols [10106-20212) | Local NNZ: 17311
Rank 2: Grid pos (0,2) | Rows [0-20211) | Cols [20212-30318) | Local NNZ: 0
Rank 7: Grid pos (1,3) | Rows [20211-40421) | Cols [30318-40421) | Local NNZ: 8047
Rank 6: Grid pos (1,2) | Rows [20211-40421) | Cols [20212-30318) | Local NNZ: 16327
Rank 4: Grid pos (1,0) | Rows [20211-40421) | Cols [0-10106) | Local NNZ: 33402
Rank 0: Grid pos (0,0) | Rows [0-20211) | Cols [0-10106) | Local NNZ: 80516
Applied 2D distribution
Ghost columns identified: 7616 total ghost values needed
Local vector initialized (size=5053 per process)
[RESULT] 5,8,2D,0,0.000167287,0.000046707,17311,3761,34622
[RESULT] 5,8,2D,1,0.000133690,0.000016886,17311,3761,34622
[RESULT] 5,8,2D,2,0.000161671,0.000041638,17311,3761,34622
[RESULT] 5,8,2D,3,0.000170603,0.000048677,17311,3761,34622
[RESULT] 5,8,2D,4,0.000130679,0.000018705,17311,3761,34622
[RESULT] 5,8,2D,5,0.000124369,0.000014276,17311,3761,34622
[RESULT] 5,8,2D,6,0.000121206,0.000012826,17311,3761,34622
[RESULT] 5,8,2D,7,0.000133427,0.000015396,17311,3761,34622
[RESULT] 5,8,2D,8,0.000122693,0.000013066,17311,3761,34622
[RESULT] 5,8,2D,9,0.000122484,0.000013246,17311,3761,34622
[RESULT] 4,8,2D,0,0.000227509,0.000045034,33402,5378,66804
[RESULT] 4,8,2D,1,0.000202107,0.000024167,33402,5378,66804
[RESULT] 4,8,2D,2,0.000219429,0.000044097,33402,5378,66804
[RESULT] 4,8,2D,3,0.000189631,0.000015484,33402,5378,66804
[RESULT] 4,8,2D,4,0.000198583,0.000025732,33402,5378,66804
[RESULT] 4,8,2D,5,0.000188616,0.000015438,33402,5378,66804
[RESULT] 4,8,2D,6,0.000221950,0.000012982,33402,5378,66804
[RESULT] 4,8,2D,7,0.000191199,0.000015528,33402,5378,66804
[RESULT] 4,8,2D,8,0.000194011,0.000017507,33402,5378,66804
[RESULT] 4,8,2D,9,0.000186783,0.000011662,33402,5378,66804
[RESULT] 6,8,2D,0,0.000198289,0.000049884,16327,4943,32654
[RESULT] 6,8,2D,1,0.000179278,0.000034332,16327,4943,32654
[RESULT] 6,8,2D,2,0.000189891,0.000047754,16327,4943,32654
[RESULT] 6,8,2D,3,0.000193166,0.000052927,16327,4943,32654
[RESULT] 6,8,2D,4,0.000159495,0.000021842,16327,4943,32654
[RESULT] 6,8,2D,5,0.000214323,0.000075786,16327,4943,32654
[RESULT] 6,8,2D,6,0.000156247,0.000017996,16327,4943,32654
[RESULT] 6,8,2D,7,0.000161149,0.000019373,16327,4943,32654
[RESULT] 6,8,2D,8,0.000155275,0.000017719,16327,4943,32654
[RESULT] 6,8,2D,9,0.000157045,0.000016924,16327,4943,32654
[RESULT] 1,8,2D,0,0.000194987,0.000053608,20090,5359,40180
[RESULT] 1,8,2D,1,0.000163328,0.000026117,20090,5359,40180
[RESULT] 1,8,2D,2,0.000190227,0.000053455,20090,5359,40180
[RESULT] 1,8,2D,3,0.000184198,0.000051817,20090,5359,40180
[RESULT] 1,8,2D,4,0.000155988,0.000025420,20090,5359,40180
[RESULT] 1,8,2D,5,0.000200623,0.000071119,20090,5359,40180
[RESULT] 1,8,2D,6,0.000152833,0.000019522,20090,5359,40180
[RESULT] 1,8,2D,7,0.000155982,0.000020654,20090,5359,40180
[RESULT] 1,8,2D,8,0.000167266,0.000021411,20090,5359,40180
[RESULT] 1,8,2D,9,0.000151140,0.000017661,20090,5359,40180
[RESULT] 7,8,2D,0,0.000161308,0.000060961,8047,3557,16094
[RESULT] 7,8,2D,1,0.000119907,0.000023759,8047,3557,16094
[RESULT] 7,8,2D,2,0.000148004,0.000053382,8047,3557,16094
[RESULT] 7,8,2D,3,0.000112285,0.000018621,8047,3557,16094
[RESULT] 7,8,2D,4,0.000126381,0.000033268,8047,3557,16094
[RESULT] 7,8,2D,5,0.000172962,0.000079938,8047,3557,16094
[RESULT] 7,8,2D,6,0.000108845,0.000017299,8047,3557,16094
[RESULT] 7,8,2D,7,0.000111873,0.000018128,8047,3557,16094
[RESULT] 7,8,2D,8,0.000117312,0.000023249,8047,3557,16094
[RESULT] 7,8,2D,9,0.000109390,0.000015076,8047,3557,16094
[RESULT] 2,8,2D,0,0.000058484,0.000047652,0,0,0
[RESULT] 2,8,2D,1,0.000029699,0.000019166,0,0,0
[RESULT] 2,8,2D,2,0.000052555,0.000041782,0,0,0
[RESULT] 2,8,2D,3,0.000057438,0.000046869,0,0,0
[RESULT] 2,8,2D,4,0.000031784,0.000020997,0,0,0
[RESULT] 2,8,2D,5,0.000080525,0.000069724,0,0,0
[RESULT] 2,8,2D,6,0.000036848,0.000018359,0,0,0
[RESULT] 2,8,2D,7,0.000030451,0.000019659,0,0,0
[RESULT] 2,8,2D,8,0.000032144,0.000021380,0,0,0
[RESULT] 2,8,2D,9,0.000026481,0.000016067,0,0,0
[RESULT] 3,8,2D,0,0.000034006,0.000023418,0,0,0
[RESULT] 3,8,2D,1,0.000030526,0.000020128,0,0,0
[RESULT] 3,8,2D,2,0.000021848,0.000011266,0,0,0
[RESULT] 3,8,2D,3,0.000062589,0.000048653,0,0,0
[RESULT] 3,8,2D,4,0.000036084,0.000022152,0,0,0
[RESULT] 3,8,2D,5,0.000037434,0.000023571,0,0,0
[RESULT] 3,8,2D,6,0.000031280,0.000017371,0,0,0
[RESULT] 3,8,2D,7,0.000028971,0.000018333,0,0,0
[RESULT] 3,8,2D,8,0.000029265,0.000018619,0,0,0
[RESULT] 3,8,2D,9,0.000027171,0.000016533,0,0,0
[RESULT] 0,8,2D,0,0.000358886,0.000058237,80516,7616,161032
[RESULT] 0,8,2D,1,0.000352307,0.000033819,80516,7616,161032
[RESULT] 0,8,2D,2,0.000342875,0.000047644,80516,7616,161032
[RESULT] 0,8,2D,3,0.000350776,0.000045443,80516,7616,161032
[RESULT] 0,8,2D,4,0.000321613,0.000026442,80516,7616,161032
[RESULT] 0,8,2D,5,0.000307635,0.000016336,80516,7616,161032
[RESULT] 0,8,2D,6,0.000317674,0.000016947,80516,7616,161032
[RESULT] 0,8,2D,7,0.000311421,0.000013830,80516,7616,161032
[RESULT] 0,8,2D,8,0.000432405,0.000018233,80516,7616,161032
[RESULT] 0,8,2D,9,0.000366149,0.000026561,80516,7616,161032

Benchmark Summary
Processes: 8
Distribution: 2D
Iterations: 10
Matrix NNZ: 175693
Total execution time: 0.157 seconds
