Retrieving the matrix from '../matrices/cond-mat-2005.mtx'...
%%MatrixMarket matrix coordinate real symmetric
40421 40421 175693
Real Matrix (Strong Scaling): Rows=40421 | Cols=40421 | NNZ=175693 | Procs=2
ok 1D distribution
Ghost columns identified: 12310 total ghost values needed
Local vector initialized (size=20211 per process)
[RESULT] 0,2,0,0.000812216,0.000147064,88263,12310,176526
[RESULT] 0,2,1,0.000823128,0.000220987,88263,12310,176526
[RESULT] 0,2,2,0.000865836,0.000152713,88263,12310,176526
[RESULT] 0,2,3,0.000897513,0.000179930,88263,12310,176526
[RESULT] 0,2,4,0.000770461,0.000144508,88263,12310,176526
[RESULT] 0,2,5,0.000843429,0.000196137,88263,12310,176526
[RESULT] 0,2,6,0.000815456,0.000152486,88263,12310,176526
[RESULT] 0,2,7,0.000861724,0.000185794,88263,12310,176526
[RESULT] 0,2,8,0.000748250,0.000141036,88263,12310,176526
[RESULT] 0,2,9,0.000928464,0.000330449,88263,12310,176526

Benchmark Summary
Processes: 2
Iterations: 10
Matrix NNZ: 175693
Total execution time: 0.099 seconds
[RESULT] 1,2,0,0.000785381,0.000149350,87430,12330,174860
[RESULT] 1,2,1,0.000930289,0.000218971,87430,12330,174860
[RESULT] 1,2,2,0.000822768,0.000150811,87430,12330,174860
[RESULT] 1,2,3,0.000971278,0.000181477,87430,12330,174860
[RESULT] 1,2,4,0.000785289,0.000142961,87430,12330,174860
[RESULT] 1,2,5,0.000826961,0.000196677,87430,12330,174860
[RESULT] 1,2,6,0.000796142,0.000154577,87430,12330,174860
[RESULT] 1,2,7,0.000911480,0.000185860,87430,12330,174860
[RESULT] 1,2,8,0.000781609,0.000140844,87430,12330,174860
[RESULT] 1,2,9,0.000977029,0.000330255,87430,12330,174860
