Retrieving the matrix from '../matrices/cond-mat-2005.mtx'...
%%MatrixMarket matrix coordinate real symmetric
40421 40421 175693
Real Matrix: Rows=40421 | Cols=40421 | NNZ=175693 | Procs=4 | Distribution=2D
2D Process Grid: 2 x 2 (rows x cols)
Rank 1: Grid pos (0,1) | Rows [0-20211) | Cols [20211-40421) | Local NNZ: 0
Rank 3: Grid pos (1,1) | Rows [20211-40421) | Cols [20211-40421) | Local NNZ: 24374
Rank 0: Grid pos (0,0) | Rows [0-20211) | Cols [0-20211) | Local NNZ: 100606
Applied 2D distribution
Rank 2: Grid pos (1,0) | Rows [20211-40421) | Cols [0-20211) | Local NNZ: 50713
Ghost columns identified: 11098 total ghost values needed
Local vector initialized (size=10106 per process)
[RESULT] 1,4,2D,0,0.000039678,0.000027137,0,0,0
[RESULT] 1,4,2D,1,0.000031093,0.000020784,0,0,0
[RESULT] 1,4,2D,2,0.000031718,0.000014542,0,0,0
[RESULT] 1,4,2D,3,0.000024392,0.000014036,0,0,0
[RESULT] 1,4,2D,4,0.000026143,0.000015783,0,0,0
[RESULT] 1,4,2D,5,0.000030167,0.000011648,0,0,0
[RESULT] 1,4,2D,6,0.000024608,0.000014264,0,0,0
[RESULT] 1,4,2D,7,0.000098485,0.000087427,0,0,0
[RESULT] 1,4,2D,8,0.000023758,0.000011468,0,0,0
[RESULT] 1,4,2D,9,0.000025192,0.000012908,0,0,0
[RESULT] 3,4,2D,0,0.000189721,0.000024250,24374,7280,48748
[RESULT] 3,4,2D,1,0.000202439,0.000019580,24374,7280,48748
[RESULT] 3,4,2D,2,0.000182223,0.000017179,24374,7280,48748
[RESULT] 3,4,2D,3,0.000169963,0.000010821,24374,7280,48748
[RESULT] 3,4,2D,4,0.000173327,0.000017906,24374,7280,48748
[RESULT] 3,4,2D,5,0.000177033,0.000011835,24374,7280,48748
[RESULT] 3,4,2D,6,0.000166037,0.000014239,24374,7280,48748
[RESULT] 3,4,2D,7,0.000159569,0.000009432,24374,7280,48748
[RESULT] 3,4,2D,8,0.000181384,0.000010282,24374,7280,48748
[RESULT] 3,4,2D,9,0.000185845,0.000014169,24374,7280,48748
[RESULT] 2,4,2D,0,0.000317325,0.000022092,50713,7879,101426
[RESULT] 2,4,2D,1,0.000380015,0.000020915,50713,7879,101426
[RESULT] 2,4,2D,2,0.000340521,0.000018197,50713,7879,101426
[RESULT] 2,4,2D,3,0.000294927,0.000011547,50713,7879,101426
[RESULT] 2,4,2D,4,0.000312011,0.000020665,50713,7879,101426
[RESULT] 2,4,2D,5,0.000314807,0.000011845,50713,7879,101426
[RESULT] 2,4,2D,6,0.000298514,0.000011291,50713,7879,101426
[RESULT] 2,4,2D,7,0.000292972,0.000011315,50713,7879,101426
[RESULT] 2,4,2D,8,0.000299205,0.000010865,50713,7879,101426
[RESULT] 2,4,2D,9,0.000294573,0.000013286,50713,7879,101426
[RESULT] 0,4,2D,0,0.000517258,0.000027198,100606,11098,201212
[RESULT] 0,4,2D,1,0.000590255,0.000018764,100606,11098,201212
[RESULT] 0,4,2D,2,0.000509593,0.000017423,100606,11098,201212
[RESULT] 0,4,2D,3,0.000527778,0.000014666,100606,11098,201212
[RESULT] 0,4,2D,4,0.000494256,0.000016327,100606,11098,201212
[RESULT] 0,4,2D,5,0.000521549,0.000012137,100606,11098,201212
[RESULT] 0,4,2D,6,0.000491005,0.000013102,100606,11098,201212
[RESULT] 0,4,2D,7,0.000494357,0.000011973,100606,11098,201212
[RESULT] 0,4,2D,8,0.000486600,0.000012405,100606,11098,201212
[RESULT] 0,4,2D,9,0.000984918,0.000011880,100606,11098,201212

Benchmark Summary
Processes: 4
Distribution: 2D
Iterations: 10
Matrix NNZ: 175693
Total execution time: 0.125 seconds
