Retrieving the matrix from '../matrices/1138_bus.mtx'...
%%MatrixMarket matrix coordinate real symmetric
1138 1138 2596
Real Matrix: Rows=1138 | Cols=1138 | NNZ=2596 | Procs=4 | Distribution=2D
Rank 1: Grid pos (0,1) | Rows [0-569) | Cols [569-1138) | Local NNZ: 0
Rank 3: Grid pos (1,1) | Rows [569-1138) | Cols [569-1138) | Local NNZ: 1167
Rank 2: Grid pos (1,0) | Rows [569-1138) | Cols [0-569) | Local NNZ: 140
2D Process Grid: 2 x 2 (rows x cols)
Rank 0: Grid pos (0,0) | Rows [0-569) | Cols [0-569) | Local NNZ: 1289
Applied 2D distribution
Ghost columns identified: 426 total ghost values needed
Local vector initialized (size=285 per process)
[RESULT] 0,4,2D,0,0.048010202,0.032000824,1289,426,2578
[RESULT] 0,4,2D,1,0.048008703,0.032025581,1289,426,2578
[RESULT] 0,4,2D,2,0.055987322,0.039983099,1289,426,2578
[RESULT] 0,4,2D,3,0.047993341,0.031990515,1289,426,2578
[RESULT] 0,4,2D,4,0.051986365,0.032894900,1289,426,2578
[RESULT] 0,4,2D,5,0.048004383,0.032044746,1289,426,2578
[RESULT] 0,4,2D,6,0.048002463,0.031995534,1289,426,2578
[RESULT] 0,4,2D,7,0.048005584,0.032005599,1289,426,2578
[RESULT] 0,4,2D,8,0.048004095,0.032003939,1289,426,2578
[RESULT] 0,4,2D,9,0.048004816,0.032001894,1289,426,2578

Benchmark Summary
Processes: 4
Distribution: 2D
Iterations: 10
Matrix NNZ: 2596
Total execution time: 0.856 seconds
[RESULT] 2,4,2D,0,0.048018608,0.031998432,140,58,280
[RESULT] 2,4,2D,1,0.048010670,0.032025520,140,58,280
[RESULT] 2,4,2D,2,0.047996769,0.032019652,140,58,280
[RESULT] 2,4,2D,3,0.047990361,0.031992142,140,58,280
[RESULT] 2,4,2D,4,0.060010530,0.048005227,140,58,280
[RESULT] 2,4,2D,5,0.047991663,0.032008273,140,58,280
[RESULT] 2,4,2D,6,0.047991564,0.031988863,140,58,280
[RESULT] 2,4,2D,7,0.048002200,0.032004682,140,58,280
[RESULT] 2,4,2D,8,0.047998889,0.032001099,140,58,280
[RESULT] 2,4,2D,9,0.044171414,0.032003244,140,58,280
[RESULT] 1,4,2D,0,0.047999716,0.032000639,0,0,0
[RESULT] 1,4,2D,1,0.046259041,0.031996453,0,0,0
[RESULT] 1,4,2D,2,0.047997055,0.032006426,0,0,0
[RESULT] 1,4,2D,3,0.048000532,0.032024304,0,0,0
[RESULT] 1,4,2D,4,0.041251402,0.031732170,0,0,0
[RESULT] 1,4,2D,5,0.048005022,0.031995567,0,0,0
[RESULT] 1,4,2D,6,0.047988573,0.031993530,0,0,0
[RESULT] 1,4,2D,7,0.048005833,0.031995329,0,0,0
[RESULT] 1,4,2D,8,0.047997450,0.032002321,0,0,0
[RESULT] 1,4,2D,9,0.044008619,0.032001496,0,0,0
[RESULT] 3,4,2D,0,0.047998993,0.031994455,1167,427,2334
[RESULT] 3,4,2D,1,0.048018190,0.032008425,1167,427,2334
[RESULT] 3,4,2D,2,0.047986929,0.031971086,1167,427,2334
[RESULT] 3,4,2D,3,0.048004174,0.032002174,1167,427,2334
[RESULT] 3,4,2D,4,0.047996561,0.031993122,1167,427,2334
[RESULT] 3,4,2D,5,0.047995963,0.031992741,1167,427,2334
[RESULT] 3,4,2D,6,0.047989593,0.031982664,1167,427,2334
[RESULT] 3,4,2D,7,0.048010546,0.031996065,1167,427,2334
[RESULT] 3,4,2D,8,0.048010444,0.032005105,1167,427,2334
[RESULT] 3,4,2D,9,0.044014451,0.031995796,1167,427,2334
