Retrieving the matrix from '../matrices/1138_bus.mtx'...
%%MatrixMarket matrix coordinate real symmetric
1138 1138 2596
Real Matrix (Strong Scaling): Rows=1138 | Cols=1138 | NNZ=2596 | Procs=4
ok 1D distribution
Ghost columns identified: 247 total ghost values needed
Local vector initialized (size=285 per process)
[RESULT] 0,4,0,0.000004158,0.000001513,665,247,1330
[RESULT] 0,4,1,0.000006687,0.000005141,665,247,1330
[RESULT] 0,4,2,0.000002464,0.000001194,665,247,1330
[RESULT] 0,4,3,0.000004923,0.000003875,665,247,1330
[RESULT] 0,4,4,0.000001889,0.000001019,665,247,1330
[RESULT] 0,4,5,0.000001982,0.000001086,665,247,1330
[RESULT] 0,4,6,0.000002007,0.000001179,665,247,1330
[RESULT] 0,4,7,0.000001883,0.000001052,665,247,1330
[RESULT] 0,4,8,0.000001954,0.000001100,665,247,1330
[RESULT] 0,4,9,0.000026938,0.000026060,665,247,1330

Benchmark Summary
Processes: 4
Iterations: 10
Matrix NNZ: 2596
Total execution time: 0.038 seconds
[RESULT] 2,4,0,0.000003830,0.000001299,668,260,1336
[RESULT] 2,4,1,0.000007081,0.000005604,668,260,1336
[RESULT] 2,4,2,0.000002282,0.000001308,668,260,1336
[RESULT] 2,4,3,0.000004834,0.000003936,668,260,1336
[RESULT] 2,4,4,0.000002179,0.000001302,668,260,1336
[RESULT] 2,4,5,0.000002279,0.000001352,668,260,1336
[RESULT] 2,4,6,0.000002292,0.000001422,668,260,1336
[RESULT] 2,4,7,0.000002086,0.000001227,668,260,1336
[RESULT] 2,4,8,0.000002128,0.000001236,668,260,1336
[RESULT] 2,4,9,0.000027148,0.000026259,668,260,1336
[RESULT] 3,4,0,0.000003803,0.000001287,609,226,1218
[RESULT] 3,4,1,0.000006818,0.000004995,609,226,1218
[RESULT] 3,4,2,0.000002447,0.000001401,609,226,1218
[RESULT] 3,4,3,0.000004372,0.000003532,609,226,1218
[RESULT] 3,4,4,0.000002145,0.000001350,609,226,1218
[RESULT] 3,4,5,0.000002235,0.000001419,609,226,1218
[RESULT] 3,4,6,0.000002190,0.000001420,609,226,1218
[RESULT] 3,4,7,0.000002029,0.000001262,609,226,1218
[RESULT] 3,4,8,0.000002031,0.000001220,609,226,1218
[RESULT] 3,4,9,0.000027395,0.000026582,609,226,1218
[RESULT] 1,4,0,0.000004294,0.000001375,654,250,1308
[RESULT] 1,4,1,0.000006404,0.000004787,654,250,1308
[RESULT] 1,4,2,0.000002502,0.000001286,654,250,1308
[RESULT] 1,4,3,0.000004063,0.000003096,654,250,1308
[RESULT] 1,4,4,0.000002152,0.000001287,654,250,1308
[RESULT] 1,4,5,0.000002143,0.000001265,654,250,1308
[RESULT] 1,4,6,0.000002206,0.000001365,654,250,1308
[RESULT] 1,4,7,0.000002025,0.000001205,654,250,1308
[RESULT] 1,4,8,0.000002026,0.000001141,654,250,1308
[RESULT] 1,4,9,0.000027448,0.000026514,654,250,1308
