Retrieving the matrix from '../matrices/dixmaanl.mtx'...
%%MatrixMarket matrix coordinate real symmetric
60000 60000 179999
Real Matrix: Rows=60000 | Cols=60000 | NNZ=179999 | Procs=8 | Distribution=2D_cyclic
2D Process Grid (Cyclic): 2 x 4
Rank 6: Grid pos (1,2) | Local rows: 30000 | Local NNZ: 15000
Rank 1: Grid pos (0,1) | Local rows: 30000 | Local NNZ: 15000
Rank 3: Grid pos (0,3) | Local rows: 30000 | Local NNZ: 14999
Rank 4: Grid pos (1,0) | Local rows: 30000 | Local NNZ: 15000
Rank 5: Grid pos (1,1) | Local rows: 30000 | Local NNZ: 30000
Rank 0: Grid pos (0,0) | Local rows: 30000 | Local NNZ: 30000
Applied 2Dcyclic distribution
Rank 2: Grid pos (0,2) | Local rows: 30000 | Local NNZ: 30000
Rank 7: Grid pos (1,3) | Local rows: 30000 | Local NNZ: 30000
Ghost columns identified: 7500 total ghost values needed
Local vector initialized (size=7500 per process)
[RESULT] 0,8,2D_cyclic,0,0.000077251,0.000024183,30000,7500,60000
[RESULT] 0,8,2D_cyclic,1,0.000073068,0.000017363,30000,7500,60000
[RESULT] 0,8,2D_cyclic,2,0.000060317,0.000008380,30000,7500,60000
[RESULT] 0,8,2D_cyclic,3,0.000058042,0.000007799,30000,7500,60000
[RESULT] 0,8,2D_cyclic,4,0.000062026,0.000007657,30000,7500,60000
[RESULT] 0,8,2D_cyclic,5,0.000058453,0.000007480,30000,7500,60000
[RESULT] 0,8,2D_cyclic,6,0.000063356,0.000011413,30000,7500,60000
[RESULT] 0,8,2D_cyclic,7,0.000068834,0.000007453,30000,7500,60000
[RESULT] 0,8,2D_cyclic,8,0.000088806,0.000013680,30000,7500,60000
[RESULT] 0,8,2D_cyclic,9,0.000062500,0.000013840,30000,7500,60000

Benchmark Summary
Processes: 8
Distribution: 2D_cyclic
Iterations: 10
Matrix NNZ: 179999
Total execution time: 0.281 seconds
[RESULT] 6,8,2D_cyclic,0,0.000151887,0.000033881,15000,7500,30000
[RESULT] 6,8,2D_cyclic,1,0.000139685,0.000018500,15000,7500,30000
[RESULT] 6,8,2D_cyclic,2,0.000165636,0.000042343,15000,7500,30000
[RESULT] 6,8,2D_cyclic,3,0.000143346,0.000021185,15000,7500,30000
[RESULT] 6,8,2D_cyclic,4,0.000140980,0.000019125,15000,7500,30000
[RESULT] 6,8,2D_cyclic,5,0.000138704,0.000017062,15000,7500,30000
[RESULT] 6,8,2D_cyclic,6,0.000123641,0.000015526,15000,7500,30000
[RESULT] 6,8,2D_cyclic,7,0.000153925,0.000038388,15000,7500,30000
[RESULT] 6,8,2D_cyclic,8,0.000184084,0.000020580,15000,7500,30000
[RESULT] 6,8,2D_cyclic,9,0.000051317,0.000015995,15000,7500,30000
[RESULT] 7,8,2D_cyclic,0,0.000087197,0.000027276,30000,7500,60000
[RESULT] 7,8,2D_cyclic,1,0.000072621,0.000018659,30000,7500,60000
[RESULT] 7,8,2D_cyclic,2,0.000103382,0.000035902,30000,7500,60000
[RESULT] 7,8,2D_cyclic,3,0.000076692,0.000020962,30000,7500,60000
[RESULT] 7,8,2D_cyclic,4,0.000070094,0.000016563,30000,7500,60000
[RESULT] 7,8,2D_cyclic,5,0.000070011,0.000016009,30000,7500,60000
[RESULT] 7,8,2D_cyclic,6,0.000077677,0.000023813,30000,7500,60000
[RESULT] 7,8,2D_cyclic,7,0.000074467,0.000015760,30000,7500,60000
[RESULT] 7,8,2D_cyclic,8,0.000082872,0.000017164,30000,7500,60000
[RESULT] 7,8,2D_cyclic,9,0.000068584,0.000017740,30000,7500,60000
[RESULT] 1,8,2D_cyclic,0,0.000048854,0.000015504,15000,7500,30000
[RESULT] 1,8,2D_cyclic,1,0.000044614,0.000008029,15000,7500,30000
[RESULT] 1,8,2D_cyclic,2,0.000050708,0.000018179,15000,7500,30000
[RESULT] 1,8,2D_cyclic,3,0.000040575,0.000008101,15000,7500,30000
[RESULT] 1,8,2D_cyclic,4,0.000040335,0.000007959,15000,7500,30000
[RESULT] 1,8,2D_cyclic,5,0.000040564,0.000008000,15000,7500,30000
[RESULT] 1,8,2D_cyclic,6,0.000040339,0.000008003,15000,7500,30000
[RESULT] 1,8,2D_cyclic,7,0.000040066,0.000007626,15000,7500,30000
[RESULT] 1,8,2D_cyclic,8,0.000101268,0.000017717,15000,7500,30000
[RESULT] 1,8,2D_cyclic,9,0.000094446,0.000015763,15000,7500,30000
[RESULT] 3,8,2D_cyclic,0,0.000145767,0.000028154,14999,7499,29998
[RESULT] 3,8,2D_cyclic,1,0.000164190,0.000018865,14999,7499,29998
[RESULT] 3,8,2D_cyclic,2,0.000164099,0.000040687,14999,7499,29998
[RESULT] 3,8,2D_cyclic,3,0.000143780,0.000021672,14999,7499,29998
[RESULT] 3,8,2D_cyclic,4,0.000140964,0.000018916,14999,7499,29998
[RESULT] 3,8,2D_cyclic,5,0.000159526,0.000016610,14999,7499,29998
[RESULT] 3,8,2D_cyclic,6,0.000131693,0.000025254,14999,7499,29998
[RESULT] 3,8,2D_cyclic,7,0.000154511,0.000016772,14999,7499,29998
[RESULT] 3,8,2D_cyclic,8,0.000205118,0.000018383,14999,7499,29998
[RESULT] 3,8,2D_cyclic,9,0.000118709,0.000018677,14999,7499,29998
[RESULT] 4,8,2D_cyclic,0,0.000066462,0.000026194,15000,7500,30000
[RESULT] 4,8,2D_cyclic,1,0.000052436,0.000015259,15000,7500,30000
[RESULT] 4,8,2D_cyclic,2,0.000044425,0.000008290,15000,7500,30000
[RESULT] 4,8,2D_cyclic,3,0.000044124,0.000007860,15000,7500,30000
[RESULT] 4,8,2D_cyclic,4,0.000044157,0.000007519,15000,7500,30000
[RESULT] 4,8,2D_cyclic,5,0.000044552,0.000007581,15000,7500,30000
[RESULT] 4,8,2D_cyclic,6,0.000047840,0.000011288,15000,7500,30000
[RESULT] 4,8,2D_cyclic,7,0.000043651,0.000007435,15000,7500,30000
[RESULT] 4,8,2D_cyclic,8,0.000109634,0.000013488,15000,7500,30000
[RESULT] 4,8,2D_cyclic,9,0.000047990,0.000014405,15000,7500,30000
[RESULT] 5,8,2D_cyclic,0,0.000069145,0.000015134,30000,7500,60000
[RESULT] 5,8,2D_cyclic,1,0.000060494,0.000008111,30000,7500,60000
[RESULT] 5,8,2D_cyclic,2,0.000070427,0.000017838,30000,7500,60000
[RESULT] 5,8,2D_cyclic,3,0.000056728,0.000008097,30000,7500,60000
[RESULT] 5,8,2D_cyclic,4,0.000060357,0.000007964,30000,7500,60000
[RESULT] 5,8,2D_cyclic,5,0.000060116,0.000007872,30000,7500,60000
[RESULT] 5,8,2D_cyclic,6,0.000059747,0.000007873,30000,7500,60000
[RESULT] 5,8,2D_cyclic,7,0.000058971,0.000007609,30000,7500,60000
[RESULT] 5,8,2D_cyclic,8,0.000094573,0.000017432,30000,7500,60000
[RESULT] 5,8,2D_cyclic,9,0.000067639,0.000016293,30000,7500,60000
[RESULT] 2,8,2D_cyclic,0,0.000086444,0.000033386,30000,7500,60000
[RESULT] 2,8,2D_cyclic,1,0.000070856,0.000017842,30000,7500,60000
[RESULT] 2,8,2D_cyclic,2,0.000092186,0.000036468,30000,7500,60000
[RESULT] 2,8,2D_cyclic,3,0.000077765,0.000020744,30000,7500,60000
[RESULT] 2,8,2D_cyclic,4,0.000069280,0.000018963,30000,7500,60000
[RESULT] 2,8,2D_cyclic,5,0.000067557,0.000016953,30000,7500,60000
[RESULT] 2,8,2D_cyclic,6,0.000065873,0.000015545,30000,7500,60000
[RESULT] 2,8,2D_cyclic,7,0.000100471,0.000036283,30000,7500,60000
[RESULT] 2,8,2D_cyclic,8,0.000150583,0.000020446,30000,7500,60000
[RESULT] 2,8,2D_cyclic,9,0.000109037,0.000015464,30000,7500,60000
