Retrieving the matrix from '../matrices/flowmeter0.mtx'...
%%MatrixMarket matrix coordinate real symmetric
9669 9669 38530
Real Matrix: Rows=9669 | Cols=9669 | NNZ=38530 | Procs=8 | Distribution=2D_cyclic
Rank 6: Grid pos (1,2) | Local rows: 4834 | Local NNZ: 3577
Rank 4: Grid pos (1,0) | Local rows: 4834 | Local NNZ: 3633
Rank 1: Grid pos (0,1) | Local rows: 4835 | Local NNZ: 3574
Rank 5: Grid pos (1,1) | Local rows: 4834 | Local NNZ: 6043
Rank 3: Grid pos (0,3) | Local rows: 4835 | Local NNZ: 3624
Rank 2: Grid pos (0,2) | Local rows: 4835 | Local NNZ: 6055
Rank 7: Grid pos (1,3) | Local rows: 4834 | Local NNZ: 6006
2D Process Grid (Cyclic): 2 x 4
Rank 0: Grid pos (0,0) | Local rows: 4835 | Local NNZ: 6018
Applied 2Dcyclic distribution
Ghost columns identified: 1209 total ghost values needed
Local vector initialized (size=1209 per process)
[RESULT] 0,8,2D_cyclic,0,0.096045012,0.064008485,6018,1209,12036
[RESULT] 0,8,2D_cyclic,1,0.096047603,0.064004845,6018,1209,12036
[RESULT] 0,8,2D_cyclic,2,0.096176230,0.064024353,6018,1209,12036
[RESULT] 0,8,2D_cyclic,3,0.120045079,0.087993049,6018,1209,12036
[RESULT] 0,8,2D_cyclic,4,0.100019817,0.067968109,6018,1209,12036
[RESULT] 0,8,2D_cyclic,5,0.096036778,0.063989105,6018,1209,12036
[RESULT] 0,8,2D_cyclic,6,0.096037963,0.063994028,6018,1209,12036
[RESULT] 0,8,2D_cyclic,7,0.096049550,0.063998695,6018,1209,12036
[RESULT] 0,8,2D_cyclic,8,0.096063984,0.064012276,6018,1209,12036
[RESULT] 0,8,2D_cyclic,9,0.055279508,0.055223084,6018,1209,12036

Benchmark Summary
Processes: 8
Distribution: 2D_cyclic
Iterations: 10
Matrix NNZ: 38530
Total execution time: 2.088 seconds
[RESULT] 7,8,2D_cyclic,0,0.100033376,0.063997927,6006,1209,12012
[RESULT] 7,8,2D_cyclic,1,0.096043061,0.064017148,6006,1209,12012
[RESULT] 7,8,2D_cyclic,2,0.096038986,0.064004415,6006,1209,12012
[RESULT] 7,8,2D_cyclic,3,0.096031695,0.064006200,6006,1209,12012
[RESULT] 7,8,2D_cyclic,4,0.120003156,0.087975076,6006,1209,12012
[RESULT] 7,8,2D_cyclic,5,0.096001810,0.063989337,6006,1209,12012
[RESULT] 7,8,2D_cyclic,6,0.096049219,0.063993924,6006,1209,12012
[RESULT] 7,8,2D_cyclic,7,0.096042300,0.063998139,6006,1209,12012
[RESULT] 7,8,2D_cyclic,8,0.096028503,0.063986726,6006,1209,12012
[RESULT] 7,8,2D_cyclic,9,0.096148472,0.062678011,6006,1209,12012
[RESULT] 4,8,2D_cyclic,0,0.096033769,0.064023258,3633,1099,7266
[RESULT] 4,8,2D_cyclic,1,0.096018397,0.063994216,3633,1099,7266
[RESULT] 4,8,2D_cyclic,2,0.096013070,0.063992388,3633,1099,7266
[RESULT] 4,8,2D_cyclic,3,0.124541582,0.092522035,3633,1099,7266
[RESULT] 4,8,2D_cyclic,4,0.091994815,0.059979948,3633,1099,7266
[RESULT] 4,8,2D_cyclic,5,0.096025420,0.064016066,3633,1099,7266
[RESULT] 4,8,2D_cyclic,6,0.096018783,0.063998255,3633,1099,7266
[RESULT] 4,8,2D_cyclic,7,0.096049082,0.064034956,3633,1099,7266
[RESULT] 4,8,2D_cyclic,8,0.096024655,0.063988317,3633,1099,7266
[RESULT] 4,8,2D_cyclic,9,0.092396586,0.061379820,3633,1099,7266
[RESULT] 3,8,2D_cyclic,0,0.064072302,0.064021973,3624,1096,7248
[RESULT] 3,8,2D_cyclic,1,0.096020876,0.064008852,3624,1096,7248
[RESULT] 3,8,2D_cyclic,2,0.096033886,0.064008158,3624,1096,7248
[RESULT] 3,8,2D_cyclic,3,0.096000544,0.063967457,3624,1096,7248
[RESULT] 3,8,2D_cyclic,4,0.132046227,0.100027702,3624,1096,7248
[RESULT] 3,8,2D_cyclic,5,0.096063236,0.064003899,3624,1096,7248
[RESULT] 3,8,2D_cyclic,6,0.096027743,0.063999893,3624,1096,7248
[RESULT] 3,8,2D_cyclic,7,0.096035405,0.064008360,3624,1096,7248
[RESULT] 3,8,2D_cyclic,8,0.096035145,0.063995116,3624,1096,7248
[RESULT] 3,8,2D_cyclic,9,0.082898563,0.059478117,3624,1096,7248
[RESULT] 5,8,2D_cyclic,0,0.092048016,0.064017028,6043,1209,12086
[RESULT] 5,8,2D_cyclic,1,0.096041916,0.064010548,6043,1209,12086
[RESULT] 5,8,2D_cyclic,2,0.096058097,0.064013344,6043,1209,12086
[RESULT] 5,8,2D_cyclic,3,0.088026462,0.055987771,6043,1209,12086
[RESULT] 5,8,2D_cyclic,4,0.116011983,0.083960993,6043,1209,12086
[RESULT] 5,8,2D_cyclic,5,0.096065222,0.064003500,6043,1209,12086
[RESULT] 5,8,2D_cyclic,6,0.096001781,0.063980230,6043,1209,12086
[RESULT] 5,8,2D_cyclic,7,0.096044446,0.064012216,6043,1209,12086
[RESULT] 5,8,2D_cyclic,8,0.096043073,0.063996555,6043,1209,12086
[RESULT] 5,8,2D_cyclic,9,0.091365564,0.061918289,6043,1209,12086
[RESULT] 2,8,2D_cyclic,0,0.064025577,0.031989464,6055,1208,12110
[RESULT] 2,8,2D_cyclic,1,0.096026664,0.063977074,6055,1208,12110
[RESULT] 2,8,2D_cyclic,2,0.096027495,0.063995906,6055,1208,12110
[RESULT] 2,8,2D_cyclic,3,0.096023754,0.063909019,6055,1208,12110
[RESULT] 2,8,2D_cyclic,4,0.100029236,0.068004819,6055,1208,12110
[RESULT] 2,8,2D_cyclic,5,0.096046520,0.063992166,6055,1208,12110
[RESULT] 2,8,2D_cyclic,6,0.096023418,0.063995334,6055,1208,12110
[RESULT] 2,8,2D_cyclic,7,0.096053995,0.064016631,6055,1208,12110
[RESULT] 2,8,2D_cyclic,8,0.096026061,0.063991766,6055,1208,12110
[RESULT] 2,8,2D_cyclic,9,0.088421219,0.060592463,6055,1208,12110
[RESULT] 1,8,2D_cyclic,0,0.100015236,0.068005635,3574,1072,7148
[RESULT] 1,8,2D_cyclic,1,0.096026479,0.064023046,3574,1072,7148
[RESULT] 1,8,2D_cyclic,2,0.096036988,0.064001855,3574,1072,7148
[RESULT] 1,8,2D_cyclic,3,0.092030692,0.059974205,3574,1072,7148
[RESULT] 1,8,2D_cyclic,4,0.087999254,0.055980045,3574,1072,7148
[RESULT] 1,8,2D_cyclic,5,0.096030995,0.063993407,3574,1072,7148
[RESULT] 1,8,2D_cyclic,6,0.096020691,0.063990114,3574,1072,7148
[RESULT] 1,8,2D_cyclic,7,0.096046964,0.063993806,3574,1072,7148
[RESULT] 1,8,2D_cyclic,8,0.096047197,0.064006273,3574,1072,7148
[RESULT] 1,8,2D_cyclic,9,0.084152704,0.052463914,3574,1072,7148
[RESULT] 6,8,2D_cyclic,0,0.064042668,0.032005230,3577,1084,7154
[RESULT] 6,8,2D_cyclic,1,0.096027346,0.063994865,3577,1084,7154
[RESULT] 6,8,2D_cyclic,2,0.096057103,0.064007266,3577,1084,7154
[RESULT] 6,8,2D_cyclic,3,0.096035355,0.064002823,3577,1084,7154
[RESULT] 6,8,2D_cyclic,4,0.109602177,0.077566663,3577,1084,7154
[RESULT] 6,8,2D_cyclic,5,0.096072513,0.064002430,3577,1084,7154
[RESULT] 6,8,2D_cyclic,6,0.096024082,0.064031987,3577,1084,7154
[RESULT] 6,8,2D_cyclic,7,0.096042339,0.064004961,3577,1084,7154
[RESULT] 6,8,2D_cyclic,8,0.096040964,0.064006031,3577,1084,7154
[RESULT] 6,8,2D_cyclic,9,0.080083895,0.056698751,3577,1084,7154
