Retrieving the matrix from '../matrices/flowmeter0.mtx'...
%%MatrixMarket matrix coordinate real symmetric
9669 9669 38530
Real Matrix: Rows=9669 | Cols=9669 | NNZ=38530 | Procs=4 | Distribution=2D
Rank 3: Grid pos (1,1) | Rows [4835-9669) | Cols [4835-9669) | Local NNZ: 19206
Rank 1: Grid pos (0,1) | Rows [0-4835) | Cols [4835-9669) | Local NNZ: 0
Rank 2: Grid pos (1,0) | Rows [4835-9669) | Cols [0-4835) | Local NNZ: 121
2D Process Grid: 2 x 2 (rows x cols)
Rank 0: Grid pos (0,0) | Rows [0-4835) | Cols [0-4835) | Local NNZ: 19203
Applied 2D distribution
Ghost columns identified: 3626 total ghost values needed
Local vector initialized (size=2418 per process)
[RESULT] 0,4,2D,0,0.048073025,0.032012675,19203,3626,38406
[RESULT] 0,4,2D,1,0.064087648,0.048018020,19203,3626,38406
[RESULT] 0,4,2D,2,0.048083095,0.032026345,19203,3626,38406
[RESULT] 0,4,2D,3,0.048069526,0.031999741,19203,3626,38406
[RESULT] 0,4,2D,4,0.048058971,0.031988115,19203,3626,38406
[RESULT] 0,4,2D,5,0.048069031,0.032053538,19203,3626,38406
[RESULT] 0,4,2D,6,0.048066579,0.032314098,19203,3626,38406
[RESULT] 0,4,2D,7,0.048085914,0.032010970,19203,3626,38406
[RESULT] 0,4,2D,8,0.048086188,0.032089157,19203,3626,38406
[RESULT] 0,4,2D,9,0.048067558,0.032014222,19203,3626,38406

Benchmark Summary
Processes: 4
Distribution: 2D
Iterations: 10
Matrix NNZ: 38530
Total execution time: 0.880 seconds
[RESULT] 1,4,2D,0,0.047998431,0.032015617,0,0,0
[RESULT] 1,4,2D,1,0.064013131,0.048012179,0,0,0
[RESULT] 1,4,2D,2,0.047983995,0.031987864,0,0,0
[RESULT] 1,4,2D,3,0.048000480,0.032000724,0,0,0
[RESULT] 1,4,2D,4,0.048003762,0.032010909,0,0,0
[RESULT] 1,4,2D,5,0.047997290,0.032008697,0,0,0
[RESULT] 1,4,2D,6,0.043993883,0.027998709,0,0,0
[RESULT] 1,4,2D,7,0.048004426,0.032001074,0,0,0
[RESULT] 1,4,2D,8,0.048005849,0.032009298,0,0,0
[RESULT] 1,4,2D,9,0.044302495,0.031988045,0,0,0
[RESULT] 3,4,2D,0,0.048084151,0.031999624,19206,3625,38412
[RESULT] 3,4,2D,1,0.048085222,0.032049624,19206,3625,38412
[RESULT] 3,4,2D,2,0.048107391,0.031992375,19206,3625,38412
[RESULT] 3,4,2D,3,0.048076012,0.031990998,19206,3625,38412
[RESULT] 3,4,2D,4,0.048095758,0.032006413,19206,3625,38412
[RESULT] 3,4,2D,5,0.048083680,0.032006270,19206,3625,38412
[RESULT] 3,4,2D,6,0.048371708,0.032296945,19206,3625,38412
[RESULT] 3,4,2D,7,0.048085034,0.032012028,19206,3625,38412
[RESULT] 3,4,2D,8,0.048093043,0.032003404,19206,3625,38412
[RESULT] 3,4,2D,9,0.040134888,0.031998642,19206,3625,38412
[RESULT] 2,4,2D,0,0.047994765,0.032023547,121,47,242
[RESULT] 2,4,2D,1,0.064037565,0.048007493,121,47,242
[RESULT] 2,4,2D,2,0.048003434,0.032004063,121,47,242
[RESULT] 2,4,2D,3,0.047995762,0.031997081,121,47,242
[RESULT] 2,4,2D,4,0.047969313,0.031981172,121,47,242
[RESULT] 2,4,2D,5,0.047996505,0.032010843,121,47,242
[RESULT] 2,4,2D,6,0.051993893,0.035996550,121,47,242
[RESULT] 2,4,2D,7,0.048006166,0.032014661,121,47,242
[RESULT] 2,4,2D,8,0.047993077,0.031996845,121,47,242
[RESULT] 2,4,2D,9,0.044341962,0.032002493,121,47,242
