Retrieving the matrix from '../matrices/flowmeter0.mtx'...
%%MatrixMarket matrix coordinate real symmetric
9669 9669 38530
Real Matrix: Rows=9669 | Cols=9669 | NNZ=38530 | Procs=1 | Distribution=1D
Applied 1D distribution
Ghost columns identified: 0 total ghost values needed
Local vector initialized (size=9669 per process)
[RESULT] 0,1,1D,0,0.000047246,0.000000075,38530,0,77060
[RESULT] 0,1,1D,1,0.000047075,0.000000057,38530,0,77060
[RESULT] 0,1,1D,2,0.000046874,0.000000062,38530,0,77060
[RESULT] 0,1,1D,3,0.000047158,0.000000059,38530,0,77060
[RESULT] 0,1,1D,4,0.000047154,0.000000052,38530,0,77060
[RESULT] 0,1,1D,5,0.000067057,0.000000100,38530,0,77060
[RESULT] 0,1,1D,6,0.000046962,0.000000140,38530,0,77060
[RESULT] 0,1,1D,7,0.000057253,0.000000060,38530,0,77060
[RESULT] 0,1,1D,8,0.000050662,0.000000160,38530,0,77060
[RESULT] 0,1,1D,9,0.000048714,0.000000058,38530,0,77060

Benchmark Summary
Processes: 1
Distribution: 1D
Iterations: 10
Matrix NNZ: 38530
Total execution time: 0.034 seconds
