Retrieving the matrix from '../matrices/dixmaanl.mtx'...
%%MatrixMarket matrix coordinate real symmetric
60000 60000 179999
Real Matrix (Strong Scaling): Rows=60000 | Cols=60000 | NNZ=179999 | Procs=4
ok 1D distribution
Ghost columns identified: 14999 total ghost values needed
Local vector initialized (size=15000 per process)
[RESULT] 1,4,0,0.000083540,0.000025283,45000,15000,90000
[RESULT] 1,4,1,0.000074736,0.000020435,45000,15000,90000
[RESULT] 1,4,2,0.000066653,0.000012636,45000,15000,90000
[RESULT] 1,4,3,0.000067206,0.000012865,45000,15000,90000
[RESULT] 1,4,4,0.000066707,0.000012690,45000,15000,90000
[RESULT] 1,4,5,0.000066485,0.000012613,45000,15000,90000
[RESULT] 1,4,6,0.000070129,0.000016210,45000,15000,90000
[RESULT] 1,4,7,0.000066949,0.000012890,45000,15000,90000
[RESULT] 1,4,8,0.000066623,0.000012762,45000,15000,90000
[RESULT] 1,4,9,0.000066672,0.000012681,45000,15000,90000
[RESULT] 2,4,0,0.000078188,0.000023963,45000,15000,90000
[RESULT] 2,4,1,0.000066662,0.000012934,45000,15000,90000
[RESULT] 2,4,2,0.000067598,0.000013942,45000,15000,90000
[RESULT] 2,4,3,0.000073604,0.000019900,45000,15000,90000
[RESULT] 2,4,4,0.000066274,0.000012663,45000,15000,90000
[RESULT] 2,4,5,0.000075343,0.000012400,45000,15000,90000
[RESULT] 2,4,6,0.000068265,0.000014453,45000,15000,90000
[RESULT] 2,4,7,0.000066227,0.000012568,45000,15000,90000
[RESULT] 2,4,8,0.000066226,0.000012594,45000,15000,90000
[RESULT] 2,4,9,0.000066284,0.000012543,45000,15000,90000
[RESULT] 3,4,0,0.000084653,0.000026867,45000,15000,90000
[RESULT] 3,4,1,0.000074625,0.000020812,45000,15000,90000
[RESULT] 3,4,2,0.000066516,0.000012661,45000,15000,90000
[RESULT] 3,4,3,0.000076962,0.000023029,45000,15000,90000
[RESULT] 3,4,4,0.000066418,0.000012671,45000,15000,90000
[RESULT] 3,4,5,0.000066183,0.000012417,45000,15000,90000
[RESULT] 3,4,6,0.000066293,0.000012592,45000,15000,90000
[RESULT] 3,4,7,0.000066195,0.000012517,45000,15000,90000
[RESULT] 3,4,8,0.000066391,0.000012531,45000,15000,90000
[RESULT] 3,4,9,0.000067753,0.000014069,45000,15000,90000
[RESULT] 0,4,0,0.000081063,0.000026870,44999,14999,89998
[RESULT] 0,4,1,0.000074982,0.000020996,44999,14999,89998
[RESULT] 0,4,2,0.000067599,0.000013878,44999,14999,89998
[RESULT] 0,4,3,0.000076639,0.000023055,44999,14999,89998
[RESULT] 0,4,4,0.000066969,0.000013402,44999,14999,89998
[RESULT] 0,4,5,0.000066032,0.000012587,44999,14999,89998
[RESULT] 0,4,6,0.000066264,0.000012761,44999,14999,89998
[RESULT] 0,4,7,0.000066143,0.000012682,44999,14999,89998
[RESULT] 0,4,8,0.000066161,0.000012768,44999,14999,89998
[RESULT] 0,4,9,0.000067798,0.000014344,44999,14999,89998

Benchmark Summary
Processes: 4
Iterations: 10
Matrix NNZ: 179999
Total execution time: 0.141 seconds
