Retrieving the matrix from '../matrices/cond-mat-2005.mtx'...
%%MatrixMarket matrix coordinate real symmetric
40421 40421 175693
Real Matrix: Rows=40421 | Cols=40421 | NNZ=175693 | Procs=1 | Distribution=1D
Applied 1D distribution
Ghost columns identified: 0 total ghost values needed
Local vector initialized (size=40421 per process)
[RESULT] 0,1,1D,0,0.000783907,0.000230471,175693,0,351386
[RESULT] 0,1,1D,1,0.000586785,0.000088187,175693,0,351386
[RESULT] 0,1,1D,2,0.000653276,0.000199997,175693,0,351386
[RESULT] 0,1,1D,3,0.000648066,0.000162580,175693,0,351386
[RESULT] 0,1,1D,4,0.000673939,0.000141439,175693,0,351386
[RESULT] 0,1,1D,5,0.000606914,0.000116140,175693,0,351386
[RESULT] 0,1,1D,6,0.000633397,0.000137140,175693,0,351386
[RESULT] 0,1,1D,7,0.000643528,0.000187696,175693,0,351386
[RESULT] 0,1,1D,8,0.000633079,0.000166862,175693,0,351386
[RESULT] 0,1,1D,9,0.000658275,0.000175939,175693,0,351386

Benchmark Summary
Processes: 1
Distribution: 1D
Iterations: 10
Matrix NNZ: 175693
Total execution time: 0.242 seconds
