Retrieving the matrix from '../matrices/flowmeter0.mtx'...
%%MatrixMarket matrix coordinate real symmetric
9669 9669 38530
Real Matrix: Rows=9669 | Cols=9669 | NNZ=38530 | Procs=4 | Distribution=1D
Applied 1D distribution
Ghost columns identified: 4313 total ghost values needed
Local vector initialized (size=2418 per process)
[RESULT] 0,4,1D,0,0.048022573,0.032009888,9635,4313,19270
[RESULT] 0,4,1D,1,0.048034354,0.032025107,9635,4313,19270
[RESULT] 0,4,1D,2,0.048030888,0.032022703,9635,4313,19270
[RESULT] 0,4,1D,3,0.055959346,0.039945346,9635,4313,19270
[RESULT] 0,4,1D,4,0.048076609,0.032013074,9635,4313,19270
[RESULT] 0,4,1D,5,0.048030480,0.032009432,9635,4313,19270
[RESULT] 0,4,1D,6,0.048034681,0.032008159,9635,4313,19270
[RESULT] 0,4,1D,7,0.048009803,0.032046600,9635,4313,19270
[RESULT] 0,4,1D,8,0.048030958,0.032012863,9635,4313,19270
[RESULT] 0,4,1D,9,0.048034334,0.032009229,9635,4313,19270

Benchmark Summary
Processes: 4
Distribution: 1D
Iterations: 10
Matrix NNZ: 38530
Total execution time: 0.904 seconds
[RESULT] 2,4,1D,0,0.048032131,0.031997247,9636,4329,19272
[RESULT] 2,4,1D,1,0.047999957,0.032000413,9636,4329,19272
[RESULT] 2,4,1D,2,0.048035771,0.031996128,9636,4329,19272
[RESULT] 2,4,1D,3,0.048000197,0.031971892,9636,4329,19272
[RESULT] 2,4,1D,4,0.048034343,0.032004897,9636,4329,19272
[RESULT] 2,4,1D,5,0.048031501,0.032006646,9636,4329,19272
[RESULT] 2,4,1D,6,0.048046180,0.032007368,9636,4329,19272
[RESULT] 2,4,1D,7,0.048028309,0.032180951,9636,4329,19272
[RESULT] 2,4,1D,8,0.048012874,0.032010857,9636,4329,19272
[RESULT] 2,4,1D,9,0.044214444,0.032010074,9636,4329,19272
[RESULT] 3,4,1D,0,0.048036929,0.031996478,9640,4295,19280
[RESULT] 3,4,1D,1,0.048034860,0.032003879,9640,4295,19280
[RESULT] 3,4,1D,2,0.048029228,0.032000098,9640,4295,19280
[RESULT] 3,4,1D,3,0.063899350,0.031868087,9640,4295,19280
[RESULT] 3,4,1D,4,0.048025877,0.031995274,9640,4295,19280
[RESULT] 3,4,1D,5,0.048035420,0.032060519,9640,4295,19280
[RESULT] 3,4,1D,6,0.048027539,0.032025621,9640,4295,19280
[RESULT] 3,4,1D,7,0.048023764,0.032018885,9640,4295,19280
[RESULT] 3,4,1D,8,0.048039500,0.032012260,9640,4295,19280
[RESULT] 3,4,1D,9,0.040459067,0.032018780,9640,4295,19280
[RESULT] 1,4,1D,0,0.048036874,0.032007257,9619,4307,19238
[RESULT] 1,4,1D,1,0.048019164,0.032012419,9619,4307,19238
[RESULT] 1,4,1D,2,0.048039900,0.032007749,9619,4307,19238
[RESULT] 1,4,1D,3,0.045784791,0.029787478,9619,4307,19238
[RESULT] 1,4,1D,4,0.048038314,0.032010229,9619,4307,19238
[RESULT] 1,4,1D,5,0.048038167,0.032024286,9619,4307,19238
[RESULT] 1,4,1D,6,0.048034621,0.031999682,9619,4307,19238
[RESULT] 1,4,1D,7,0.048015650,0.031973625,9619,4307,19238
[RESULT] 1,4,1D,8,0.048040322,0.032007541,9619,4307,19238
[RESULT] 1,4,1D,9,0.044037151,0.032003193,9619,4307,19238
