Retrieving the matrix from '../matrices/cond-mat-2005.mtx'...
%%MatrixMarket matrix coordinate real symmetric
40421 40421 175693
Real Matrix: Rows=40421 | Cols=40421 | NNZ=175693 | Procs=4 | Distribution=1D
Applied 1D distribution
Ghost columns identified: 13288 total ghost values needed
Local vector initialized (size=10106 per process)
[RESULT] 1,4,1D,0,0.000261724,0.000025378,44044,13219,88088
[RESULT] 1,4,1D,1,0.000226218,0.000026116,44044,13219,88088
[RESULT] 1,4,1D,2,0.000215381,0.000020426,44044,13219,88088
[RESULT] 1,4,1D,3,0.000250775,0.000055488,44044,13219,88088
[RESULT] 1,4,1D,4,0.000430908,0.000039389,44044,13219,88088
[RESULT] 1,4,1D,5,0.000217442,0.000023359,44044,13219,88088
[RESULT] 1,4,1D,6,0.000214039,0.000019906,44044,13219,88088
[RESULT] 1,4,1D,7,0.000211892,0.000017865,44044,13219,88088
[RESULT] 1,4,1D,8,0.000218554,0.000025253,44044,13219,88088
[RESULT] 1,4,1D,9,0.000209240,0.000015271,44044,13219,88088
[RESULT] 3,4,1D,0,0.000268357,0.000028293,43386,13374,86772
[RESULT] 3,4,1D,1,0.000242931,0.000024600,43386,13374,86772
[RESULT] 3,4,1D,2,0.000221384,0.000022781,43386,13374,86772
[RESULT] 3,4,1D,3,0.000257579,0.000051489,43386,13374,86772
[RESULT] 3,4,1D,4,0.000222713,0.000027298,43386,13374,86772
[RESULT] 3,4,1D,5,0.000216184,0.000023407,43386,13374,86772
[RESULT] 3,4,1D,6,0.000208072,0.000019980,43386,13374,86772
[RESULT] 3,4,1D,7,0.000203549,0.000017344,43386,13374,86772
[RESULT] 3,4,1D,8,0.000204692,0.000020198,43386,13374,86772
[RESULT] 3,4,1D,9,0.000201296,0.000016613,43386,13374,86772
[RESULT] 0,4,1D,0,0.000264477,0.000033809,44345,13288,88690
[RESULT] 0,4,1D,1,0.000224015,0.000020043,44345,13288,88690
[RESULT] 0,4,1D,2,0.000216893,0.000018086,44345,13288,88690
[RESULT] 0,4,1D,3,0.000242608,0.000046210,44345,13288,88690
[RESULT] 0,4,1D,4,0.000226313,0.000015194,44345,13288,88690
[RESULT] 0,4,1D,5,0.000213375,0.000017133,44345,13288,88690
[RESULT] 0,4,1D,6,0.000216900,0.000019957,44345,13288,88690
[RESULT] 0,4,1D,7,0.000210573,0.000015617,44345,13288,88690
[RESULT] 0,4,1D,8,0.000220826,0.000025691,44345,13288,88690
[RESULT] 0,4,1D,9,0.000215071,0.000017406,44345,13288,88690

Benchmark Summary
Processes: 4
Distribution: 1D
Iterations: 10
Matrix NNZ: 175693
Total execution time: 0.133 seconds
[RESULT] 2,4,1D,0,0.000234270,0.000033639,43918,13177,87836
[RESULT] 2,4,1D,1,0.000276359,0.000026256,43918,13177,87836
[RESULT] 2,4,1D,2,0.000257029,0.000023786,43918,13177,87836
[RESULT] 2,4,1D,3,0.000311030,0.000056947,43918,13177,87836
[RESULT] 2,4,1D,4,0.000231323,0.000038579,43918,13177,87836
[RESULT] 2,4,1D,5,0.000210790,0.000020027,43918,13177,87836
[RESULT] 2,4,1D,6,0.000218158,0.000020130,43918,13177,87836
[RESULT] 2,4,1D,7,0.000337265,0.000018325,43918,13177,87836
[RESULT] 2,4,1D,8,0.000234308,0.000024663,43918,13177,87836
[RESULT] 2,4,1D,9,0.000546529,0.000017518,43918,13177,87836
