Retrieving the matrix from '../matrices/cond-mat-2005.mtx'...
%%MatrixMarket matrix coordinate real symmetric
40421 40421 175693
Real Matrix (Strong Scaling): Rows=40421 | Cols=40421 | NNZ=175693 | Procs=4
ok 1D distribution
Ghost columns identified: 13288 total ghost values needed
Local vector initialized (size=10106 per process)
[RESULT] 0,4,0,0.048194372,0.032023565,44345,13288,88690
[RESULT] 0,4,1,0.048319806,0.032027583,44345,13288,88690
[RESULT] 0,4,2,0.048177334,0.032002982,44345,13288,88690
[RESULT] 0,4,3,0.048524968,0.032010781,44345,13288,88690
[RESULT] 0,4,4,0.048203941,0.032008240,44345,13288,88690
[RESULT] 0,4,5,0.048192281,0.032024048,44345,13288,88690
[RESULT] 0,4,6,0.048193228,0.032008909,44345,13288,88690
[RESULT] 0,4,7,0.048188731,0.032015559,44345,13288,88690
[RESULT] 0,4,8,0.048191234,0.032015335,44345,13288,88690
[RESULT] 0,4,9,0.048191724,0.032014115,44345,13288,88690

Benchmark Summary
Processes: 4
Iterations: 10
Matrix NNZ: 175693
Total execution time: 1.028 seconds
[RESULT] 1,4,0,0.048243457,0.032009062,44044,13219,88088
[RESULT] 1,4,1,0.048189590,0.032020626,44044,13219,88088
[RESULT] 1,4,2,0.048178841,0.032004972,44044,13219,88088
[RESULT] 1,4,3,0.048179736,0.032017639,44044,13219,88088
[RESULT] 1,4,4,0.048208670,0.032004980,44044,13219,88088
[RESULT] 1,4,5,0.048177305,0.032080166,44044,13219,88088
[RESULT] 1,4,6,0.048181093,0.032012025,44044,13219,88088
[RESULT] 1,4,7,0.048194734,0.032012870,44044,13219,88088
[RESULT] 1,4,8,0.048183723,0.032010435,44044,13219,88088
[RESULT] 1,4,9,0.044732998,0.031999506,44044,13219,88088
[RESULT] 3,4,0,0.048220509,0.032024765,43386,13374,86772
[RESULT] 3,4,1,0.048201728,0.032010108,43386,13374,86772
[RESULT] 3,4,2,0.048184903,0.032004344,43386,13374,86772
[RESULT] 3,4,3,0.048422956,0.032001969,43386,13374,86772
[RESULT] 3,4,4,0.048188298,0.032010948,43386,13374,86772
[RESULT] 3,4,5,0.048222235,0.032027516,43386,13374,86772
[RESULT] 3,4,6,0.048181491,0.031996913,43386,13374,86772
[RESULT] 3,4,7,0.048203685,0.032012777,43386,13374,86772
[RESULT] 3,4,8,0.048207704,0.032007122,43386,13374,86772
[RESULT] 3,4,9,0.044335853,0.031998446,43386,13374,86772
[RESULT] 2,4,0,0.048214710,0.031996367,43918,13177,87836
[RESULT] 2,4,1,0.048280284,0.032005295,43918,13177,87836
[RESULT] 2,4,2,0.048196199,0.032008191,43918,13177,87836
[RESULT] 2,4,3,0.048488969,0.032000687,43918,13177,87836
[RESULT] 2,4,4,0.048192406,0.032000786,43918,13177,87836
[RESULT] 2,4,5,0.048216993,0.032000888,43918,13177,87836
[RESULT] 2,4,6,0.048196535,0.032003064,43918,13177,87836
[RESULT] 2,4,7,0.048189879,0.031999569,43918,13177,87836
[RESULT] 2,4,8,0.048191034,0.031994607,43918,13177,87836
[RESULT] 2,4,9,0.044213729,0.031998356,43918,13177,87836
