Retrieving the matrix from '../matrices/1138_bus.mtx'...
%%MatrixMarket matrix coordinate real symmetric
1138 1138 2596
Real Matrix (Strong Scaling): Rows=1138 | Cols=1138 | NNZ=2596 | Procs=4
ok 1D distribution
Ghost columns identified: 247 total ghost values needed
Local vector initialized (size=285 per process)
[RESULT] 0,4,0,0.051981907,0.035989194,665,247,1330
[RESULT] 0,4,1,0.048037009,0.031994761,665,247,1330
[RESULT] 0,4,2,0.047961113,0.031968038,665,247,1330
[RESULT] 0,4,3,0.047995643,0.031996075,665,247,1330
[RESULT] 0,4,4,0.047991421,0.032002520,665,247,1330
[RESULT] 0,4,5,0.047958405,0.031961985,665,247,1330
[RESULT] 0,4,6,0.047999879,0.032008149,665,247,1330
[RESULT] 0,4,7,0.067996470,0.051992228,665,247,1330
[RESULT] 0,4,8,0.047993146,0.031990151,665,247,1330
[RESULT] 0,4,9,0.048002463,0.032005215,665,247,1330

Benchmark Summary
Processes: 4
Iterations: 10
Matrix NNZ: 2596
Total execution time: 0.932 seconds
[RESULT] 1,4,0,0.043478060,0.027483540,654,250,1308
[RESULT] 1,4,1,0.048022819,0.032014125,654,250,1308
[RESULT] 1,4,2,0.047986643,0.031979871,654,250,1308
[RESULT] 1,4,3,0.047998946,0.032008955,654,250,1308
[RESULT] 1,4,4,0.048002031,0.032003074,654,250,1308
[RESULT] 1,4,5,0.048001451,0.031997941,654,250,1308
[RESULT] 1,4,6,0.048002624,0.032002741,654,250,1308
[RESULT] 1,4,7,0.055976829,0.039977412,654,250,1308
[RESULT] 1,4,8,0.048012500,0.031995517,654,250,1308
[RESULT] 1,4,9,0.044155228,0.032002345,654,250,1308
[RESULT] 3,4,0,0.047997161,0.031977857,609,226,1218
[RESULT] 3,4,1,0.048002699,0.032118444,609,226,1218
[RESULT] 3,4,2,0.047985652,0.031989132,609,226,1218
[RESULT] 3,4,3,0.048001765,0.032012943,609,226,1218
[RESULT] 3,4,4,0.047999584,0.032000965,609,226,1218
[RESULT] 3,4,5,0.047998434,0.031994231,609,226,1218
[RESULT] 3,4,6,0.063993665,0.031999814,609,226,1218
[RESULT] 3,4,7,0.058175850,0.042171472,609,226,1218
[RESULT] 3,4,8,0.048000964,0.032008557,609,226,1218
[RESULT] 3,4,9,0.040003668,0.031997239,609,226,1218
[RESULT] 2,4,0,0.047992574,0.031993147,668,260,1336
[RESULT] 2,4,1,0.048018011,0.032013916,668,260,1336
[RESULT] 2,4,2,0.047983741,0.031984538,668,260,1336
[RESULT] 2,4,3,0.047994797,0.032007890,668,260,1336
[RESULT] 2,4,4,0.047980965,0.031980652,668,260,1336
[RESULT] 2,4,5,0.047993225,0.031988748,668,260,1336
[RESULT] 2,4,6,0.048001282,0.032004602,668,260,1336
[RESULT] 2,4,7,0.056004583,0.040002325,668,260,1336
[RESULT] 2,4,8,0.048004942,0.031998769,668,260,1336
[RESULT] 2,4,9,0.044074098,0.031999946,668,260,1336
