Retrieving the matrix from '../matrices/1138_bus.mtx'...
%%MatrixMarket matrix coordinate real symmetric
1138 1138 2596
Real Matrix (Strong Scaling): Rows=1138 | Cols=1138 | NNZ=2596 | Procs=8
ok 1D distribution
[RESULT] 2,8,0,0.000007382,0.000006105,338,162,676
[RESULT] 2,8,1,0.000042325,0.000041672,338,162,676
[RESULT] 2,8,2,0.000006879,0.000006379,338,162,676
[RESULT] 2,8,3,0.000023876,0.000023289,338,162,676
[RESULT] 2,8,4,0.000018457,0.000017855,338,162,676
[RESULT] 2,8,5,0.000003425,0.000002906,338,162,676
[RESULT] 2,8,6,0.000003102,0.000002660,338,162,676
[RESULT] 2,8,7,0.000003252,0.000002820,338,162,676
[RESULT] 2,8,8,0.000003087,0.000002654,338,162,676
[RESULT] 2,8,9,0.000007119,0.000006682,338,162,676
[RESULT] 4,8,0,0.000009176,0.000006571,343,161,686
[RESULT] 4,8,1,0.000044400,0.000042273,343,161,686
[RESULT] 4,8,2,0.000008624,0.000006962,343,161,686
[RESULT] 4,8,3,0.000026861,0.000025475,343,161,686
[RESULT] 4,8,4,0.000016937,0.000015632,343,161,686
[RESULT] 4,8,5,0.000004735,0.000003607,343,161,686
[RESULT] 4,8,6,0.000004363,0.000003261,343,161,686
[RESULT] 4,8,7,0.000004150,0.000003144,343,161,686
[RESULT] 4,8,8,0.000003968,0.000002962,343,161,686
[RESULT] 4,8,9,0.000008888,0.000007890,343,161,686
[RESULT] 5,8,0,0.000009560,0.000006947,329,159,658
[RESULT] 5,8,1,0.000006608,0.000004623,329,159,658
[RESULT] 5,8,2,0.000009047,0.000007343,329,159,658
[RESULT] 5,8,3,0.000024528,0.000023080,329,159,658
[RESULT] 5,8,4,0.000019866,0.000018567,329,159,658
[RESULT] 5,8,5,0.000004639,0.000003456,329,159,658
[RESULT] 5,8,6,0.000004280,0.000003152,329,159,658
[RESULT] 5,8,7,0.000004045,0.000002989,329,159,658
[RESULT] 5,8,8,0.000004042,0.000002989,329,159,658
[RESULT] 5,8,9,0.000007387,0.000006409,329,159,658
[RESULT] 6,8,0,0.000007677,0.000006310,330,160,660
[RESULT] 6,8,1,0.000042868,0.000042191,330,160,660
[RESULT] 6,8,2,0.000006588,0.000006049,330,160,660
[RESULT] 6,8,3,0.000024320,0.000023858,330,160,660
[RESULT] 6,8,4,0.000018636,0.000018158,330,160,660
[RESULT] 6,8,5,0.000003081,0.000002650,330,160,660
[RESULT] 6,8,6,0.000002807,0.000002376,330,160,660
[RESULT] 6,8,7,0.000002779,0.000002326,330,160,660
[RESULT] 6,8,8,0.000002684,0.000002256,330,160,660
[RESULT] 6,8,9,0.000006623,0.000006187,330,160,660
[RESULT] 7,8,0,0.000008969,0.000006241,292,131,584
Ghost columns identified: 139 total ghost values needed
Local vector initialized (size=143 per process)
[RESULT] 0,8,0,0.000007628,0.000006312,322,139,644
[RESULT] 0,8,1,0.000042494,0.000041795,322,139,644
[RESULT] 0,8,2,0.000007419,0.000006914,322,139,644
[RESULT] 0,8,3,0.000025761,0.000025296,322,139,644
[RESULT] 0,8,4,0.000004333,0.000003867,322,139,644
[RESULT] 0,8,5,0.000003375,0.000002952,322,139,644
[RESULT] 0,8,6,0.000002920,0.000002498,322,139,644
[RESULT] 0,8,7,0.000003019,0.000002591,322,139,644
[RESULT] 0,8,8,0.000002854,0.000002426,322,139,644
[RESULT] 0,8,9,0.000006356,0.000005933,322,139,644

Benchmark Summary
Processes: 8
Iterations: 10
Matrix NNZ: 2596
Total execution time: 0.016 seconds
[RESULT] 1,8,0,0.000007699,0.000006264,325,152,650
[RESULT] 1,8,1,0.000004830,0.000004022,325,152,650
[RESULT] 1,8,2,0.000005987,0.000005361,325,152,650
[RESULT] 1,8,3,0.000003547,0.000002932,325,152,650
[RESULT] 1,8,4,0.000017902,0.000017364,325,152,650
[RESULT] 1,8,5,0.000003485,0.000002994,325,152,650
[RESULT] 1,8,6,0.000002930,0.000002476,325,152,650
[RESULT] 1,8,7,0.000002739,0.000002260,325,152,650
[RESULT] 1,8,8,0.000002556,0.000002139,325,152,650
[RESULT] 1,8,9,0.000006763,0.000006344,325,152,650
[RESULT] 7,8,1,0.000006104,0.000004468,292,131,584
[RESULT] 7,8,2,0.000007452,0.000006008,292,131,584
[RESULT] 7,8,3,0.000024241,0.000022993,292,131,584
[RESULT] 7,8,4,0.000019607,0.000018494,292,131,584
[RESULT] 7,8,5,0.000004719,0.000003689,292,131,584
[RESULT] 7,8,6,0.000004444,0.000003495,292,131,584
[RESULT] 7,8,7,0.000004167,0.000003269,292,131,584
[RESULT] 7,8,8,0.000003895,0.000003018,292,131,584
[RESULT] 7,8,9,0.000008612,0.000007685,292,131,584
[RESULT] 3,8,0,0.000007914,0.000006179,317,142,634
[RESULT] 3,8,1,0.000004605,0.000003912,317,142,634
[RESULT] 3,8,2,0.000005019,0.000004509,317,142,634
[RESULT] 3,8,3,0.000023358,0.000022816,317,142,634
[RESULT] 3,8,4,0.000017867,0.000017371,317,142,634
[RESULT] 3,8,5,0.000003184,0.000002764,317,142,634
[RESULT] 3,8,6,0.000002782,0.000002362,317,142,634
[RESULT] 3,8,7,0.000002741,0.000002327,317,142,634
[RESULT] 3,8,8,0.000002705,0.000002288,317,142,634
[RESULT] 3,8,9,0.000006958,0.000006523,317,142,634
