Retrieving the matrix from '../matrices/cond-mat-2005.mtx'...
%%MatrixMarket matrix coordinate real symmetric
40421 40421 175693
Real Matrix: Rows=40421 | Cols=40421 | NNZ=175693 | Procs=8 | Distribution=1D
Applied 1D distribution
Ghost columns identified: 10276 total ghost values needed
Local vector initialized (size=5053 per process)
[RESULT] 3,8,1D,0,0.128074702,0.095995749,21843,10122,43686
[RESULT] 3,8,1D,1,0.127934271,0.095861403,21843,10122,43686
[RESULT] 3,8,1D,2,0.128080766,0.096012914,21843,10122,43686
[RESULT] 3,8,1D,3,0.190412342,0.158349059,21843,10122,43686
[RESULT] 3,8,1D,4,0.148075943,0.116004663,21843,10122,43686
[RESULT] 3,8,1D,5,0.096061366,0.063996046,21843,10122,43686
[RESULT] 3,8,1D,6,0.100068271,0.063990590,21843,10122,43686
[RESULT] 3,8,1D,7,0.159984765,0.127915252,21843,10122,43686
[RESULT] 3,8,1D,8,0.128087181,0.064010108,21843,10122,43686
[RESULT] 3,8,1D,9,0.032135887,0.032008988,21843,10122,43686
[RESULT] 2,8,1D,0,0.128348066,0.096008453,21869,10056,43738
[RESULT] 2,8,1D,1,0.128071069,0.096008066,21869,10056,43738
[RESULT] 2,8,1D,2,0.128096021,0.096007526,21869,10056,43738
[RESULT] 2,8,1D,3,0.125292090,0.093221652,21869,10056,43738
[RESULT] 2,8,1D,4,0.120083939,0.096027410,21869,10056,43738
[RESULT] 2,8,1D,5,0.094621591,0.064012647,21869,10056,43738
[RESULT] 2,8,1D,6,0.096091258,0.064150034,21869,10056,43738
[RESULT] 2,8,1D,7,0.096074032,0.064024178,21869,10056,43738
[RESULT] 2,8,1D,8,0.096064213,0.064005518,21869,10056,43738
[RESULT] 2,8,1D,9,0.096794381,0.068731205,21869,10056,43738
[RESULT] 5,8,1D,0,0.096078319,0.064026693,22224,10073,44448
[RESULT] 5,8,1D,1,0.096079512,0.064029376,22224,10073,44448
[RESULT] 5,8,1D,2,0.128075717,0.095992614,22224,10073,44448
[RESULT] 5,8,1D,3,0.152090207,0.120002795,22224,10073,44448
[RESULT] 5,8,1D,4,0.108082425,0.066707337,22224,10073,44448
[RESULT] 5,8,1D,5,0.136085624,0.096012741,22224,10073,44448
[RESULT] 5,8,1D,6,0.096071027,0.064014329,22224,10073,44448
[RESULT] 5,8,1D,7,0.124071095,0.092014303,22224,10073,44448
[RESULT] 5,8,1D,8,0.128079854,0.096006318,22224,10073,44448
[RESULT] 5,8,1D,9,0.076194282,0.052035010,22224,10073,44448
[RESULT] 1,8,1D,0,0.096074802,0.063995156,21820,10124,43640
[RESULT] 1,8,1D,1,0.096086748,0.064020044,21820,10124,43640
[RESULT] 1,8,1D,2,0.096081613,0.064020385,21820,10124,43640
[RESULT] 1,8,1D,3,0.124057082,0.091978058,21820,10124,43640
[RESULT] 1,8,1D,4,0.124081702,0.092007258,21820,10124,43640
[RESULT] 1,8,1D,5,0.163966433,0.127917289,21820,10124,43640
[RESULT] 1,8,1D,6,0.096102665,0.064019529,21820,10124,43640
[RESULT] 1,8,1D,7,0.128072948,0.096012328,21820,10124,43640
[RESULT] 1,8,1D,8,0.096063751,0.063995407,21820,10124,43640
[RESULT] 1,8,1D,9,0.099810329,0.079336249,21820,10124,43640
[RESULT] 0,8,1D,0,0.128081348,0.096012119,21865,10276,43730
[RESULT] 0,8,1D,1,0.128070422,0.096002256,21865,10276,43730
[RESULT] 0,8,1D,2,0.128098841,0.096017287,21865,10276,43730
[RESULT] 0,8,1D,3,0.102912271,0.100081238,21865,10276,43730
[RESULT] 0,8,1D,4,0.128098362,0.096024692,21865,10276,43730
[RESULT] 0,8,1D,5,0.132070351,0.096025178,21865,10276,43730
[RESULT] 0,8,1D,6,0.128062469,0.095993871,21865,10276,43730
[RESULT] 0,8,1D,7,0.096082239,0.064018410,21865,10276,43730
[RESULT] 0,8,1D,8,0.096068911,0.064022329,21865,10276,43730
[RESULT] 0,8,1D,9,0.094547881,0.081096768,21865,10276,43730

Benchmark Summary
Processes: 8
Distribution: 1D
Iterations: 10
Matrix NNZ: 175693
Total execution time: 2.697 seconds
[RESULT] 7,8,1D,0,0.096037546,0.063997213,21543,10236,43086
[RESULT] 7,8,1D,1,0.096081005,0.064019290,21543,10236,43086
[RESULT] 7,8,1D,2,0.128074410,0.096024049,21543,10236,43086
[RESULT] 7,8,1D,3,0.152076791,0.120008239,21543,10236,43086
[RESULT] 7,8,1D,4,0.096068039,0.068020683,21543,10236,43086
[RESULT] 7,8,1D,5,0.128073845,0.096014160,21543,10236,43086
[RESULT] 7,8,1D,6,0.096461191,0.063996694,21543,10236,43086
[RESULT] 7,8,1D,7,0.128076028,0.096021893,21543,10236,43086
[RESULT] 7,8,1D,8,0.096070131,0.064022690,21543,10236,43086
[RESULT] 7,8,1D,9,0.084060340,0.052405049,21543,10236,43086
[RESULT] 4,8,1D,0,0.128080317,0.096022305,22480,10015,44960
[RESULT] 4,8,1D,1,0.128078031,0.096019920,22480,10015,44960
[RESULT] 4,8,1D,2,0.128088006,0.096029539,22480,10015,44960
[RESULT] 4,8,1D,3,0.156069428,0.124002581,22480,10015,44960
[RESULT] 4,8,1D,4,0.152064411,0.128124400,22480,10015,44960
[RESULT] 4,8,1D,5,0.092083516,0.064147341,22480,10015,44960
[RESULT] 4,8,1D,6,0.096069331,0.064115839,22480,10015,44960
[RESULT] 4,8,1D,7,0.100082521,0.068013981,22480,10015,44960
[RESULT] 4,8,1D,8,0.096080410,0.064006839,22480,10015,44960
[RESULT] 4,8,1D,9,0.084470876,0.056009633,22480,10015,44960
[RESULT] 6,8,1D,0,0.096075149,0.064008098,22049,10117,44098
[RESULT] 6,8,1D,1,0.096085542,0.064022760,22049,10117,44098
[RESULT] 6,8,1D,2,0.096097487,0.064026578,22049,10117,44098
[RESULT] 6,8,1D,3,0.140074952,0.108005636,22049,10117,44098
[RESULT] 6,8,1D,4,0.116078271,0.084027564,22049,10117,44098
[RESULT] 6,8,1D,5,0.100075037,0.064013190,22049,10117,44098
[RESULT] 6,8,1D,6,0.128063355,0.095991843,22049,10117,44098
[RESULT] 6,8,1D,7,0.128084760,0.096016771,22049,10117,44098
[RESULT] 6,8,1D,8,0.128068833,0.095997214,22049,10117,44098
[RESULT] 6,8,1D,9,0.110389276,0.082226115,22049,10117,44098
