Retrieving the matrix from '../matrices/cond-mat-2005.mtx'...
%%MatrixMarket matrix coordinate real symmetric
40421 40421 175693
Real Matrix (Strong Scaling): Rows=40421 | Cols=40421 | NNZ=175693 | Procs=1
ok 1D distribution
Ghost columns identified: 0 total ghost values needed
Local vector initialized (size=40421 per process)
[RESULT] 0,1,0,0.000322890,0.000000368,175693,0,351386
[RESULT] 0,1,1,0.000318241,0.000000112,175693,0,351386
[RESULT] 0,1,2,0.000319222,0.000000112,175693,0,351386
[RESULT] 0,1,3,0.000346790,0.000000112,175693,0,351386
[RESULT] 0,1,4,0.000317866,0.000000283,175693,0,351386
[RESULT] 0,1,5,0.000316440,0.000000080,175693,0,351386
[RESULT] 0,1,6,0.000316055,0.000000077,175693,0,351386
[RESULT] 0,1,7,0.000340042,0.000000069,175693,0,351386
[RESULT] 0,1,8,0.000347295,0.000000391,175693,0,351386
[RESULT] 0,1,9,0.000386872,0.000000241,175693,0,351386

Benchmark Summary
Processes: 1
Iterations: 10
Matrix NNZ: 175693
Total execution time: 0.113 seconds
