Retrieving the matrix from '../matrices/dixmaanl.mtx'...
%%MatrixMarket matrix coordinate real symmetric
60000 60000 179999
Real Matrix (Strong Scaling): Rows=60000 | Cols=60000 | NNZ=179999 | Procs=8
ok 1D distribution
Ghost columns identified: 7499 total ghost values needed
Local vector initialized (size=7500 per process)
[RESULT] 4,8,0,0.000085462,0.000025004,22500,7500,45000
[RESULT] 4,8,1,0.000072749,0.000015704,22500,7500,45000
[RESULT] 4,8,2,0.000069622,0.000012943,22500,7500,45000
[RESULT] 4,8,3,0.000072377,0.000015605,22500,7500,45000
[RESULT] 4,8,4,0.000072745,0.000016520,22500,7500,45000
[RESULT] 4,8,5,0.000083594,0.000025961,22500,7500,45000
[RESULT] 4,8,6,0.000070919,0.000013962,22500,7500,45000
[RESULT] 4,8,7,0.000071097,0.000014051,22500,7500,45000
[RESULT] 4,8,8,0.000074356,0.000018101,22500,7500,45000
[RESULT] 4,8,9,0.000070340,0.000012987,22500,7500,45000
[RESULT] 5,8,0,0.000055278,0.000017856,22500,7500,45000
[RESULT] 5,8,1,0.000039657,0.000011575,22500,7500,45000
[RESULT] 5,8,2,0.000040063,0.000011967,22500,7500,45000
[RESULT] 5,8,3,0.000041542,0.000013462,22500,7500,45000
[RESULT] 5,8,4,0.000043912,0.000015796,22500,7500,45000
[RESULT] 5,8,5,0.000042830,0.000014765,22500,7500,45000
[RESULT] 5,8,6,0.000038731,0.000010691,22500,7500,45000
[RESULT] 5,8,7,0.000038747,0.000010644,22500,7500,45000
[RESULT] 5,8,8,0.000059031,0.000030915,22500,7500,45000
[RESULT] 5,8,9,0.000035117,0.000007027,22500,7500,45000
[RESULT] 6,8,0,0.000048291,0.000015480,22500,7500,45000
[RESULT] 6,8,1,0.000035279,0.000007255,22500,7500,45000
[RESULT] 6,8,2,0.000037849,0.000009863,22500,7500,45000
[RESULT] 6,8,3,0.000038212,0.000010222,22500,7500,45000
[RESULT] 6,8,4,0.000047735,0.000019770,22500,7500,45000
[RESULT] 6,8,5,0.000049627,0.000021334,22500,7500,45000
[RESULT] 6,8,6,0.000035464,0.000007393,22500,7500,45000
[RESULT] 6,8,7,0.000034845,0.000006861,22500,7500,45000
[RESULT] 6,8,8,0.000038626,0.000010621,22500,7500,45000
[RESULT] 6,8,9,0.000036791,0.000008791,22500,7500,45000
[RESULT] 7,8,0,0.000055591,0.000014743,22500,7500,45000
[RESULT] 7,8,1,0.000044357,0.000016335,22500,7500,45000
[RESULT] 7,8,2,0.000036259,0.000008344,22500,7500,45000
[RESULT] 7,8,3,0.000042955,0.000015033,22500,7500,45000
[RESULT] 7,8,4,0.000047418,0.000019111,22500,7500,45000
[RESULT] 7,8,5,0.000038727,0.000010765,22500,7500,45000
[RESULT] 7,8,6,0.000035897,0.000007967,22500,7500,45000
[RESULT] 7,8,7,0.000034798,0.000006897,22500,7500,45000
[RESULT] 7,8,8,0.000046135,0.000018208,22500,7500,45000
[RESULT] 7,8,9,0.000046506,0.000010244,22500,7500,45000
[RESULT] 0,8,0,0.000043213,0.000014564,22499,7499,44998
[RESULT] 0,8,1,0.000044132,0.000016122,22499,7499,44998
[RESULT] 0,8,2,0.000035083,0.000007096,22499,7499,44998
[RESULT] 0,8,3,0.000039031,0.000011089,22499,7499,44998
[RESULT] 0,8,4,0.000035438,0.000007514,22499,7499,44998
[RESULT] 0,8,5,0.000050434,0.000015338,22499,7499,44998
[RESULT] 0,8,6,0.000035570,0.000007417,22499,7499,44998
[RESULT] 0,8,7,0.000034771,0.000006848,22499,7499,44998
[RESULT] 0,8,8,0.000039493,0.000011575,22499,7499,44998
[RESULT] 0,8,9,0.000039173,0.000011250,22499,7499,44998

Benchmark Summary
Processes: 8
Iterations: 10
Matrix NNZ: 179999
Total execution time: 0.234 seconds
[RESULT] 1,8,0,0.000041503,0.000013077,22500,7500,45000
[RESULT] 1,8,1,0.000042778,0.000014691,22500,7500,45000
[RESULT] 1,8,2,0.000037385,0.000009277,22500,7500,45000
[RESULT] 1,8,3,0.000041828,0.000013716,22500,7500,45000
[RESULT] 1,8,4,0.000040816,0.000012781,22500,7500,45000
[RESULT] 1,8,5,0.000038970,0.000010901,22500,7500,45000
[RESULT] 1,8,6,0.000035636,0.000007637,22500,7500,45000
[RESULT] 1,8,7,0.000035205,0.000007204,22500,7500,45000
[RESULT] 1,8,8,0.000051147,0.000023104,22500,7500,45000
[RESULT] 1,8,9,0.000035826,0.000007459,22500,7500,45000
[RESULT] 2,8,0,0.000055523,0.000023775,22500,7500,45000
[RESULT] 2,8,1,0.000042256,0.000014241,22500,7500,45000
[RESULT] 2,8,2,0.000043363,0.000015429,22500,7500,45000
[RESULT] 2,8,3,0.000050540,0.000014237,22500,7500,45000
[RESULT] 2,8,4,0.000056692,0.000028298,22500,7500,45000
[RESULT] 2,8,5,0.000048368,0.000020395,22500,7500,45000
[RESULT] 2,8,6,0.000040778,0.000012783,22500,7500,45000
[RESULT] 2,8,7,0.000041129,0.000013199,22500,7500,45000
[RESULT] 2,8,8,0.000042980,0.000014995,22500,7500,45000
[RESULT] 2,8,9,0.000040195,0.000012180,22500,7500,45000
[RESULT] 3,8,0,0.000084686,0.000024652,22500,7500,45000
[RESULT] 3,8,1,0.000072342,0.000015405,22500,7500,45000
[RESULT] 3,8,2,0.000072002,0.000015909,22500,7500,45000
[RESULT] 3,8,3,0.000076406,0.000019706,22500,7500,45000
[RESULT] 3,8,4,0.000085194,0.000028979,22500,7500,45000
[RESULT] 3,8,5,0.000079264,0.000021708,22500,7500,45000
[RESULT] 3,8,6,0.000070782,0.000013930,22500,7500,45000
[RESULT] 3,8,7,0.000070597,0.000013716,22500,7500,45000
[RESULT] 3,8,8,0.000082786,0.000026529,22500,7500,45000
[RESULT] 3,8,9,0.000070460,0.000013073,22500,7500,45000
