Retrieving the matrix from '../matrices/flowmeter0.mtx'...
%%MatrixMarket matrix coordinate real symmetric
9669 9669 38530
Real Matrix: Rows=9669 | Cols=9669 | NNZ=38530 | Procs=8 | Distribution=1D
Applied 1D distribution
Ghost columns identified: 2734 total ghost values needed
Local vector initialized (size=1209 per process)
[RESULT] 0,8,1D,0,0.000069079,0.000040615,4812,2734,9624
[RESULT] 0,8,1D,1,0.000090005,0.000065166,4812,2734,9624
[RESULT] 0,8,1D,2,0.000061468,0.000037625,4812,2734,9624
[RESULT] 0,8,1D,3,0.000199542,0.000099045,4812,2734,9624
[RESULT] 0,8,1D,4,0.000120071,0.000061399,4812,2734,9624
[RESULT] 0,8,1D,5,0.000047439,0.000022047,4812,2734,9624
[RESULT] 1,8,1D,0,0.000133791,0.000120777,4810,2675,9620
[RESULT] 1,8,1D,1,0.000035781,0.000025792,4810,2675,9620
[RESULT] 1,8,1D,2,0.000150551,0.000139864,4810,2675,9620
[RESULT] 1,8,1D,3,0.000153921,0.000144918,4810,2675,9620
[RESULT] 1,8,1D,4,0.000053356,0.000045926,4810,2675,9620
[RESULT] 1,8,1D,5,0.000041836,0.000013836,4810,2675,9620
[RESULT] 1,8,1D,6,0.000058081,0.000037784,4810,2675,9620
[RESULT] 1,8,1D,7,0.000049289,0.000029743,4810,2675,9620
[RESULT] 1,8,1D,8,0.000039252,0.000016403,4810,2675,9620
[RESULT] 1,8,1D,9,0.000108978,0.000088659,4810,2675,9620
[RESULT] 2,8,1D,0,0.000134425,0.000120579,4813,2714,9626
[RESULT] 2,8,1D,1,0.000039890,0.000030400,4813,2714,9626
[RESULT] 2,8,1D,2,0.000080551,0.000072156,4813,2714,9626
[RESULT] 2,8,1D,3,0.000144724,0.000137102,4813,2714,9626
[RESULT] 2,8,1D,4,0.000055229,0.000048152,4813,2714,9626
[RESULT] 2,8,1D,5,0.000020472,0.000013702,4813,2714,9626
[RESULT] 2,8,1D,6,0.000045543,0.000037892,4813,2714,9626
[RESULT] 2,8,1D,7,0.000034645,0.000026868,4813,2714,9626
[RESULT] 2,8,1D,8,0.000023931,0.000016656,4813,2714,9626
[RESULT] 2,8,1D,9,0.000095648,0.000088863,4813,2714,9626
[RESULT] 3,8,1D,0,0.000142782,0.000119579,4823,2700,9646
[RESULT] 3,8,1D,1,0.000047036,0.000026715,4823,2700,9646
[RESULT] 3,8,1D,2,0.000160861,0.000140586,4823,2700,9646
[RESULT] 3,8,1D,3,0.000167096,0.000143010,4823,2700,9646
[RESULT] 3,8,1D,4,0.000071293,0.000048897,4823,2700,9646
[RESULT] 3,8,1D,5,0.000030749,0.000012235,4823,2700,9646
[RESULT] 3,8,1D,6,0.000066597,0.000043558,4823,2700,9646
[RESULT] 3,8,1D,7,0.000045666,0.000029105,4823,2700,9646
[RESULT] 3,8,1D,8,0.000034414,0.000017564,4823,2700,9646
[RESULT] 3,8,1D,9,0.000104418,0.000088799,4823,2700,9646
[RESULT] 4,8,1D,0,0.000156662,0.000122750,4823,2685,9646
[RESULT] 4,8,1D,1,0.000061153,0.000031083,4823,2685,9646
[RESULT] 4,8,1D,2,0.000066247,0.000038371,4823,2685,9646
[RESULT] 5,8,1D,0,0.000141947,0.000120087,4809,2680,9618
[RESULT] 5,8,1D,1,0.000050222,0.000030757,4809,2680,9618
[RESULT] 5,8,1D,2,0.000162500,0.000143387,4809,2680,9618
[RESULT] 5,8,1D,3,0.000162460,0.000143855,4809,2680,9618
[RESULT] 5,8,1D,4,0.000065138,0.000046047,4809,2680,9618
[RESULT] 5,8,1D,5,0.000035425,0.000011685,4809,2680,9618
[RESULT] 6,8,1D,0,0.000165178,0.000136757,4823,2698,9646
[RESULT] 6,8,1D,1,0.000055222,0.000031733,4823,2698,9646
[RESULT] 6,8,1D,2,0.000096875,0.000074287,4823,2698,9646
[RESULT] 6,8,1D,3,0.000161786,0.000139060,4823,2698,9646
[RESULT] 6,8,1D,4,0.000067043,0.000046596,4823,2698,9646
[RESULT] 6,8,1D,5,0.000036947,0.000017135,4823,2698,9646
[RESULT] 6,8,1D,6,0.000063406,0.000043922,4823,2698,9646
[RESULT] 6,8,1D,7,0.000047483,0.000028645,4823,2698,9646
[RESULT] 6,8,1D,8,0.000031276,0.000012643,4823,2698,9646
[RESULT] 6,8,1D,9,0.000109459,0.000091019,4823,2698,9646
[RESULT] 7,8,1D,0,0.000147003,0.000120876,4817,2683,9634
[RESULT] 7,8,1D,1,0.000118276,0.000066436,4817,2683,9634
[RESULT] 7,8,1D,2,0.000165473,0.000143864,4817,2683,9634
[RESULT] 7,8,1D,3,0.000160319,0.000143556,4817,2683,9634
[RESULT] 7,8,1D,4,0.000070573,0.000046749,4817,2683,9634
[RESULT] 7,8,1D,5,0.000041771,0.000019726,4817,2683,9634
[RESULT] 7,8,1D,6,0.000063206,0.000042081,4817,2683,9634
[RESULT] 7,8,1D,7,0.000049633,0.000030434,4817,2683,9634
[RESULT] 7,8,1D,8,0.000146887,0.000017767,4817,2683,9634
[RESULT] 7,8,1D,9,0.000158485,0.000103571,4817,2683,9634
[RESULT] 0,8,1D,6,0.000066437,0.000045077,4812,2734,9624
[RESULT] 0,8,1D,7,0.000048863,0.000018034,4812,2734,9624
[RESULT] 0,8,1D,8,0.000039918,0.000013260,4812,2734,9624
[RESULT] 0,8,1D,9,0.000088467,0.000063521,4812,2734,9624

Benchmark Summary
Processes: 8
Distribution: 1D
Iterations: 10
Matrix NNZ: 38530
Total execution time: 0.063 seconds
[RESULT] 4,8,1D,3,0.000187664,0.000162209,4823,2685,9646
[RESULT] 4,8,1D,4,0.000085779,0.000045096,4823,2685,9646
[RESULT] 4,8,1D,5,0.000051264,0.000016105,4823,2685,9646
[RESULT] 4,8,1D,6,0.000084380,0.000038766,4823,2685,9646
[RESULT] 4,8,1D,7,0.000052986,0.000028339,4823,2685,9646
[RESULT] 4,8,1D,8,0.000041917,0.000018540,4823,2685,9646
[RESULT] 4,8,1D,9,0.000093738,0.000070427,4823,2685,9646
[RESULT] 5,8,1D,6,0.000058596,0.000039356,4809,2680,9618
[RESULT] 5,8,1D,7,0.000053476,0.000029657,4809,2680,9618
[RESULT] 5,8,1D,8,0.000029132,0.000009313,4809,2680,9618
[RESULT] 5,8,1D,9,0.000109415,0.000089046,4809,2680,9618
