Retrieving the matrix from '../matrices/dixmaanl.mtx'...
%%MatrixMarket matrix coordinate real symmetric
60000 60000 179999
Real Matrix (Strong Scaling): Rows=60000 | Cols=60000 | NNZ=179999 | Procs=2
ok 1D distribution
Ghost columns identified: 29999 total ghost values needed
Local vector initialized (size=30000 per process)
[RESULT] 0,2,0,0.000482321,0.000281189,89999,29999,179998
[RESULT] 0,2,1,0.000296268,0.000124591,89999,29999,179998
[RESULT] 0,2,2,0.000274982,0.000094383,89999,29999,179998
[RESULT] 0,2,3,0.000292803,0.000101071,89999,29999,179998
[RESULT] 0,2,4,0.000269366,0.000098423,89999,29999,179998
[RESULT] 0,2,5,0.000281627,0.000087358,89999,29999,179998
[RESULT] 0,2,6,0.000265432,0.000096711,89999,29999,179998
[RESULT] 0,2,7,0.000283288,0.000117305,89999,29999,179998
[RESULT] 0,2,8,0.000269881,0.000093337,89999,29999,179998
[RESULT] 0,2,9,0.000259490,0.000079965,89999,29999,179998

Benchmark Summary
Processes: 2
Iterations: 10
Matrix NNZ: 179999
Total execution time: 0.140 seconds
[RESULT] 1,2,0,0.000576578,0.000310740,90000,30000,180000
[RESULT] 1,2,1,0.000306964,0.000120080,90000,30000,180000
[RESULT] 1,2,2,0.000263136,0.000093500,90000,30000,180000
[RESULT] 1,2,3,0.000281870,0.000101528,90000,30000,180000
[RESULT] 1,2,4,0.000269827,0.000098758,90000,30000,180000
[RESULT] 1,2,5,0.000256293,0.000087242,90000,30000,180000
[RESULT] 1,2,6,0.000305016,0.000096933,90000,30000,180000
[RESULT] 1,2,7,0.000297138,0.000116901,90000,30000,180000
[RESULT] 1,2,8,0.000271966,0.000092632,90000,30000,180000
[RESULT] 1,2,9,0.000599147,0.000080706,90000,30000,180000
