Retrieving the matrix from '../matrices/dixmaanl.mtx'...
%%MatrixMarket matrix coordinate real symmetric
60000 60000 179999
Real Matrix (Strong Scaling): Rows=60000 | Cols=60000 | NNZ=179999 | Procs=1
ok 1D distribution
Ghost columns identified: 0 total ghost values needed
Local vector initialized (size=60000 per process)
[RESULT] 0,1,0,0.000221074,0.000000481,179999,0,359998
[RESULT] 0,1,1,0.000222964,0.000000113,179999,0,359998
[RESULT] 0,1,2,0.000215003,0.000000287,179999,0,359998
[RESULT] 0,1,3,0.000214949,0.000000104,179999,0,359998
[RESULT] 0,1,4,0.000216235,0.000000127,179999,0,359998
[RESULT] 0,1,5,0.000214378,0.000000095,179999,0,359998
[RESULT] 0,1,6,0.000216156,0.000000073,179999,0,359998
[RESULT] 0,1,7,0.000225046,0.000000078,179999,0,359998
[RESULT] 0,1,8,0.000213280,0.000000077,179999,0,359998
[RESULT] 0,1,9,0.000213205,0.000000080,179999,0,359998

Benchmark Summary
Processes: 1
Iterations: 10
Matrix NNZ: 179999
Total execution time: 0.295 seconds
