Retrieving the matrix from '../matrices/dixmaanl.mtx'...
%%MatrixMarket matrix coordinate real symmetric
60000 60000 179999
Real Matrix: Rows=60000 | Cols=60000 | NNZ=179999 | Procs=8 | Distribution=2D
2D Process Grid: 2 x 4 (rows x cols)
Rank 2: Grid pos (0,2) | Rows [0-30000) | Cols [30000-45000) | Local NNZ: 0
Rank 3: Grid pos (0,3) | Rows [0-30000) | Cols [45000-60000) | Local NNZ: 0
Rank 1: Grid pos (0,1) | Rows [0-30000) | Cols [15000-30000) | Local NNZ: 29999
Rank 6: Grid pos (1,2) | Rows [30000-60000) | Cols [30000-45000) | Local NNZ: 40000
Rank 7: Grid pos (1,3) | Rows [30000-60000) | Cols [45000-60000) | Local NNZ: 29999
Rank 0: Grid pos (0,0) | Rows [0-30000) | Cols [0-15000) | Local NNZ: 40000
Applied 2D distribution
Rank 5: Grid pos (1,1) | Rows [30000-60000) | Cols [15000-30000) | Local NNZ: 20001
Rank 4: Grid pos (1,0) | Rows [30000-60000) | Cols [0-15000) | Local NNZ: 20000
Ghost columns identified: 13125 total ghost values needed
Local vector initialized (size=7500 per process)
[RESULT] 3,8,2D,0,0.000207214,0.000138752,0,0,0
[RESULT] 3,8,2D,1,0.000118774,0.000055795,0,0,0
[RESULT] 3,8,2D,2,0.000153096,0.000090393,0,0,0
[RESULT] 3,8,2D,3,0.000135177,0.000071595,0,0,0
[RESULT] 3,8,2D,4,0.000100281,0.000039512,0,0,0
[RESULT] 3,8,2D,5,0.000096950,0.000033206,0,0,0
[RESULT] 3,8,2D,6,0.000114398,0.000053523,0,0,0
[RESULT] 3,8,2D,7,0.000110969,0.000044877,0,0,0
[RESULT] 3,8,2D,8,0.000096025,0.000034880,0,0,0
[RESULT] 3,8,2D,9,0.000100975,0.000035708,0,0,0
[RESULT] 7,8,2D,0,0.000192405,0.000122153,29999,13125,59998
[RESULT] 7,8,2D,1,0.000094190,0.000044006,29999,13125,59998
[RESULT] 7,8,2D,2,0.000177875,0.000095260,29999,13125,59998
[RESULT] 7,8,2D,3,0.000120398,0.000048021,29999,13125,59998
[RESULT] 7,8,2D,4,0.000121880,0.000050786,29999,13125,59998
[RESULT] 7,8,2D,5,0.000095836,0.000024850,29999,13125,59998
[RESULT] 7,8,2D,6,0.000105754,0.000037508,29999,13125,59998
[RESULT] 7,8,2D,7,0.000084203,0.000035313,29999,13125,59998
[RESULT] 7,8,2D,8,0.000083184,0.000025886,29999,13125,59998
[RESULT] 7,8,2D,9,0.000081820,0.000025854,29999,13125,59998
[RESULT] 2,8,2D,0,0.000132986,0.000114184,0,0,0
[RESULT] 2,8,2D,1,0.000057884,0.000041378,0,0,0
[RESULT] 2,8,2D,2,0.000094406,0.000077702,0,0,0
[RESULT] 2,8,2D,3,0.000053413,0.000036665,0,0,0
[RESULT] 2,8,2D,4,0.000049994,0.000031648,0,0,0
[RESULT] 2,8,2D,5,0.000056202,0.000027424,0,0,0
[RESULT] 2,8,2D,6,0.000057477,0.000041294,0,0,0
[RESULT] 2,8,2D,7,0.000046667,0.000030462,0,0,0
[RESULT] 2,8,2D,8,0.000043111,0.000026959,0,0,0
[RESULT] 2,8,2D,9,0.000052740,0.000023894,0,0,0
[RESULT] 5,8,2D,0,0.000216589,0.000129537,20001,13125,40002
[RESULT] 5,8,2D,1,0.000131515,0.000046446,20001,13125,40002
[RESULT] 5,8,2D,2,0.000200951,0.000100940,20001,13125,40002
[RESULT] 5,8,2D,3,0.000144654,0.000059909,20001,13125,40002
[RESULT] 5,8,2D,4,0.000120843,0.000042296,20001,13125,40002
[RESULT] 5,8,2D,5,0.000112250,0.000035308,20001,13125,40002
[RESULT] 5,8,2D,6,0.000124487,0.000049608,20001,13125,40002
[RESULT] 5,8,2D,7,0.000124913,0.000043409,20001,13125,40002
[RESULT] 5,8,2D,8,0.000111529,0.000032309,20001,13125,40002
[RESULT] 5,8,2D,9,0.000116410,0.000031971,20001,13125,40002
[RESULT] 4,8,2D,0,0.000161274,0.000118330,20000,13125,40000
[RESULT] 4,8,2D,1,0.000088235,0.000048878,20000,13125,40000
[RESULT] 4,8,2D,2,0.000114575,0.000074685,20000,13125,40000
[RESULT] 4,8,2D,3,0.000068379,0.000025459,20000,13125,40000
[RESULT] 4,8,2D,4,0.000063601,0.000024982,20000,13125,40000
[RESULT] 4,8,2D,5,0.000064390,0.000023142,20000,13125,40000
[RESULT] 4,8,2D,6,0.000057757,0.000019178,20000,13125,40000
[RESULT] 4,8,2D,7,0.000059431,0.000021017,20000,13125,40000
[RESULT] 4,8,2D,8,0.000064167,0.000022922,20000,13125,40000
[RESULT] 4,8,2D,9,0.000066035,0.000024854,20000,13125,40000
[RESULT] 1,8,2D,0,0.000166604,0.000109971,29999,13125,59998
[RESULT] 1,8,2D,1,0.000106658,0.000054267,29999,13125,59998
[RESULT] 1,8,2D,2,0.000137052,0.000082846,29999,13125,59998
[RESULT] 1,8,2D,3,0.000105746,0.000030665,29999,13125,59998
[RESULT] 1,8,2D,4,0.000094807,0.000043181,29999,13125,59998
[RESULT] 1,8,2D,5,0.000101008,0.000030641,29999,13125,59998
[RESULT] 1,8,2D,6,0.000101543,0.000031706,29999,13125,59998
[RESULT] 1,8,2D,7,0.000088569,0.000029223,29999,13125,59998
[RESULT] 1,8,2D,8,0.000083032,0.000024367,29999,13125,59998
[RESULT] 1,8,2D,9,0.000089868,0.000025307,29999,13125,59998
[RESULT] 0,8,2D,0,0.000284667,0.000144335,40000,13125,80000
[RESULT] 6,8,2D,0,0.000252862,0.000134445,40000,13125,80000
[RESULT] 6,8,2D,1,0.000160668,0.000047120,40000,13125,80000
[RESULT] 6,8,2D,2,0.000222040,0.000099116,40000,13125,80000
[RESULT] 6,8,2D,3,0.000178379,0.000066466,40000,13125,80000
[RESULT] 6,8,2D,4,0.000147088,0.000039095,40000,13125,80000
[RESULT] 6,8,2D,5,0.000149417,0.000039442,40000,13125,80000
[RESULT] 6,8,2D,6,0.000162319,0.000040692,40000,13125,80000
[RESULT] 6,8,2D,7,0.000146567,0.000037641,40000,13125,80000
[RESULT] 6,8,2D,8,0.000149116,0.000029402,40000,13125,80000
[RESULT] 6,8,2D,9,0.000147934,0.000029339,40000,13125,80000
[RESULT] 0,8,2D,1,0.000192980,0.000058296,40000,13125,80000
[RESULT] 0,8,2D,2,0.000249509,0.000086156,40000,13125,80000
[RESULT] 0,8,2D,3,0.000210764,0.000073662,40000,13125,80000
[RESULT] 0,8,2D,4,0.000171424,0.000040389,40000,13125,80000
[RESULT] 0,8,2D,5,0.000169688,0.000034349,40000,13125,80000
[RESULT] 0,8,2D,6,0.000224684,0.000055384,40000,13125,80000
[RESULT] 0,8,2D,7,0.000183662,0.000045647,40000,13125,80000
[RESULT] 0,8,2D,8,0.000171384,0.000035823,40000,13125,80000
[RESULT] 0,8,2D,9,0.000173990,0.000035105,40000,13125,80000

Benchmark Summary
Processes: 8
Distribution: 2D
Iterations: 10
Matrix NNZ: 179999
Total execution time: 0.297 seconds
