Retrieving the matrix from '../matrices/cond-mat-2005.mtx'...
%%MatrixMarket matrix coordinate real symmetric
40421 40421 175693
Real Matrix: Rows=40421 | Cols=40421 | NNZ=175693 | Procs=4 | Distribution=2D_cyclic
2D Process Grid (Cyclic): 2 x 2
Rank 0: Grid pos (0,0) | Local rows: 20211 | Local NNZ: 41269
Applied 2Dcyclic distribution
Rank 1: Grid pos (0,1) | Local rows: 20211 | Local NNZ: 46994
Rank 3: Grid pos (1,1) | Local rows: 20210 | Local NNZ: 40470
Rank 2: Grid pos (1,0) | Local rows: 20210 | Local NNZ: 46960
Ghost columns identified: 4728 total ghost values needed
Local vector initialized (size=10106 per process)
[RESULT] 0,4,2D_cyclic,0,0.048485585,0.032036922,41269,4728,82538
[RESULT] 0,4,2D_cyclic,1,0.048361466,0.032007709,41269,4728,82538
[RESULT] 0,4,2D_cyclic,2,0.048749389,0.032003266,41269,4728,82538
[RESULT] 0,4,2D_cyclic,3,0.048372009,0.032010280,41269,4728,82538
[RESULT] 0,4,2D_cyclic,4,0.048358511,0.031999480,41269,4728,82538
[RESULT] 0,4,2D_cyclic,5,0.048331568,0.031984396,41269,4728,82538
[RESULT] 0,4,2D_cyclic,6,0.048352052,0.032017671,41269,4728,82538
[RESULT] 0,4,2D_cyclic,7,0.052366654,0.032008320,41269,4728,82538
[RESULT] 0,4,2D_cyclic,8,0.048393644,0.032007217,41269,4728,82538
[RESULT] 0,4,2D_cyclic,9,0.048414388,0.031983273,41269,4728,82538

Benchmark Summary
Processes: 4
Distribution: 2D_cyclic
Iterations: 10
Matrix NNZ: 175693
Total execution time: 1.108 seconds
[RESULT] 3,4,2D_cyclic,0,0.048341987,0.032014274,40470,4724,80940
[RESULT] 3,4,2D_cyclic,1,0.048377023,0.032014911,40470,4724,80940
[RESULT] 3,4,2D_cyclic,2,0.048389706,0.032012999,40470,4724,80940
[RESULT] 3,4,2D_cyclic,3,0.048366214,0.031988911,40470,4724,80940
[RESULT] 3,4,2D_cyclic,4,0.048360401,0.032017179,40470,4724,80940
[RESULT] 3,4,2D_cyclic,5,0.048337284,0.032054889,40470,4724,80940
[RESULT] 3,4,2D_cyclic,6,0.048354967,0.031991366,40470,4724,80940
[RESULT] 3,4,2D_cyclic,7,0.048360389,0.031988991,40470,4724,80940
[RESULT] 3,4,2D_cyclic,8,0.048605271,0.032011148,40470,4724,80940
[RESULT] 3,4,2D_cyclic,9,0.045183213,0.032032497,40470,4724,80940
[RESULT] 2,4,2D_cyclic,0,0.048377183,0.032008176,46960,6135,93920
[RESULT] 2,4,2D_cyclic,1,0.048414543,0.031995921,46960,6135,93920
[RESULT] 2,4,2D_cyclic,2,0.052407039,0.032016501,46960,6135,93920
[RESULT] 2,4,2D_cyclic,3,0.064415760,0.031998318,46960,6135,93920
[RESULT] 2,4,2D_cyclic,4,0.048414053,0.031980889,46960,6135,93920
[RESULT] 2,4,2D_cyclic,5,0.048560174,0.032008724,46960,6135,93920
[RESULT] 2,4,2D_cyclic,6,0.048444709,0.032010516,46960,6135,93920
[RESULT] 2,4,2D_cyclic,7,0.048360517,0.031997538,46960,6135,93920
[RESULT] 2,4,2D_cyclic,8,0.048417598,0.031987540,46960,6135,93920
[RESULT] 2,4,2D_cyclic,9,0.041853998,0.032017933,46960,6135,93920
[RESULT] 1,4,2D_cyclic,0,0.048385803,0.032003050,46994,6167,93988
[RESULT] 1,4,2D_cyclic,1,0.048411862,0.031997490,46994,6167,93988
[RESULT] 1,4,2D_cyclic,2,0.052393726,0.032018638,46994,6167,93988
[RESULT] 1,4,2D_cyclic,3,0.048548747,0.032053423,46994,6167,93988
[RESULT] 1,4,2D_cyclic,4,0.048413910,0.032012882,46994,6167,93988
[RESULT] 1,4,2D_cyclic,5,0.048385912,0.032015715,46994,6167,93988
[RESULT] 1,4,2D_cyclic,6,0.048381348,0.032025177,46994,6167,93988
[RESULT] 1,4,2D_cyclic,7,0.044504125,0.032012031,46994,6167,93988
[RESULT] 1,4,2D_cyclic,8,0.048426508,0.031994626,46994,6167,93988
[RESULT] 1,4,2D_cyclic,9,0.044571175,0.032019287,46994,6167,93988
