Retrieving the matrix from '../matrices/flowmeter0.mtx'...
%%MatrixMarket matrix coordinate real symmetric
9669 9669 38530
Real Matrix: Rows=9669 | Cols=9669 | NNZ=38530 | Procs=2 | Distribution=1D
Applied 1D distribution
Ghost columns identified: 4358 total ghost values needed
Local vector initialized (size=4835 per process)
[RESULT] 1,2,1D,0,0.000161656,0.000016568,19259,4356,38518
[RESULT] 1,2,1D,1,0.000123941,0.000014306,19259,4356,38518
[RESULT] 1,2,1D,2,0.000109936,0.000007313,19259,4356,38518
[RESULT] 1,2,1D,3,0.000105563,0.000005233,19259,4356,38518
[RESULT] 1,2,1D,4,0.000105118,0.000004867,19259,4356,38518
[RESULT] 1,2,1D,5,0.000102714,0.000005020,19259,4356,38518
[RESULT] 1,2,1D,6,0.000102745,0.000004988,19259,4356,38518
[RESULT] 1,2,1D,7,0.000101280,0.000004884,19259,4356,38518
[RESULT] 1,2,1D,8,0.000092737,0.000004981,19259,4356,38518
[RESULT] 1,2,1D,9,0.000093606,0.000008374,19259,4356,38518
[RESULT] 0,2,1D,0,0.000133422,0.000014612,19271,4358,38542
[RESULT] 0,2,1D,1,0.000111307,0.000015153,19271,4358,38542
[RESULT] 0,2,1D,2,0.000103769,0.000007428,19271,4358,38542
[RESULT] 0,2,1D,3,0.000099838,0.000005212,19271,4358,38542
[RESULT] 0,2,1D,4,0.000099900,0.000004907,19271,4358,38542
[RESULT] 0,2,1D,5,0.000099557,0.000004991,19271,4358,38542
[RESULT] 0,2,1D,6,0.000099507,0.000004956,19271,4358,38542
[RESULT] 0,2,1D,7,0.000099366,0.000004899,19271,4358,38542
[RESULT] 0,2,1D,8,0.000099122,0.000004890,19271,4358,38542
[RESULT] 0,2,1D,9,0.000107462,0.000012863,19271,4358,38542

Benchmark Summary
Processes: 2
Distribution: 1D
Iterations: 10
Matrix NNZ: 38530
Total execution time: 0.032 seconds
