Retrieving the matrix from '../matrices/cond-mat-2005.mtx'...
%%MatrixMarket matrix coordinate real symmetric
40421 40421 175693
Real Matrix: Rows=40421 | Cols=40421 | NNZ=175693 | Procs=8 | Distribution=2D_cyclic
Rank 5: Grid pos (1,1) | Local rows: 20210 | Local NNZ: 20347
Rank 3: Grid pos (0,3) | Local rows: 20211 | Local NNZ: 23432
Rank 7: Grid pos (1,3) | Local rows: 20210 | Local NNZ: 20123
Rank 1: Grid pos (0,1) | Local rows: 20211 | Local NNZ: 23562
Rank 6: Grid pos (1,2) | Local rows: 20210 | Local NNZ: 23351
Rank 2: Grid pos (0,2) | Local rows: 20211 | Local NNZ: 20521
2D Process Grid (Cyclic): 2 x 4
Rank 0: Grid pos (0,0) | Local rows: 20211 | Local NNZ: 20748
Applied 2Dcyclic distribution
Rank 4: Grid pos (1,0) | Local rows: 20210 | Local NNZ: 23609
Ghost columns identified: 2331 total ghost values needed
Local vector initialized (size=5053 per process)
[RESULT] 4,8,2D_cyclic,0,0.096238702,0.064011002,23609,3032,47218
[RESULT] 4,8,2D_cyclic,1,0.096185825,0.064029823,23609,3032,47218
[RESULT] 4,8,2D_cyclic,2,0.128581033,0.095981544,23609,3032,47218
[RESULT] 4,8,2D_cyclic,3,0.092211149,0.063974044,23609,3032,47218
[RESULT] 4,8,2D_cyclic,4,0.096215006,0.064017552,23609,3032,47218
[RESULT] 4,8,2D_cyclic,5,0.092245534,0.064091484,23609,3032,47218
[RESULT] 4,8,2D_cyclic,6,0.096217624,0.064019264,23609,3032,47218
[RESULT] 4,8,2D_cyclic,7,0.100233583,0.068012417,23609,3032,47218
[RESULT] 4,8,2D_cyclic,8,0.096233170,0.064018293,23609,3032,47218
[RESULT] 4,8,2D_cyclic,9,0.100223690,0.064008007,23609,3032,47218
[RESULT] 7,8,2D_cyclic,0,0.096213694,0.064036633,20123,2367,40246
[RESULT] 7,8,2D_cyclic,1,0.096232406,0.064012827,20123,2367,40246
[RESULT] 7,8,2D_cyclic,2,0.064284877,0.064024914,20123,2367,40246
[RESULT] 7,8,2D_cyclic,3,0.096212814,0.064006505,20123,2367,40246
[RESULT] 7,8,2D_cyclic,4,0.096232909,0.064042551,20123,2367,40246
[RESULT] 7,8,2D_cyclic,5,0.096225265,0.064009926,20123,2367,40246
[RESULT] 7,8,2D_cyclic,6,0.096213579,0.064014265,20123,2367,40246
[RESULT] 7,8,2D_cyclic,7,0.096220255,0.064017202,20123,2367,40246
[RESULT] 7,8,2D_cyclic,8,0.091782514,0.059563788,20123,2367,40246
[RESULT] 7,8,2D_cyclic,9,0.092235413,0.064018347,20123,2367,40246
[RESULT] 0,8,2D_cyclic,0,0.096212402,0.063998951,20748,2331,41496
[RESULT] 0,8,2D_cyclic,1,0.096230686,0.064001576,20748,2331,41496
[RESULT] 0,8,2D_cyclic,2,0.128186594,0.095975110,20748,2331,41496
[RESULT] 0,8,2D_cyclic,3,0.096216028,0.064005838,20748,2331,41496
[RESULT] 0,8,2D_cyclic,4,0.096490579,0.064017012,20748,2331,41496
[RESULT] 0,8,2D_cyclic,5,0.096238356,0.064024725,20748,2331,41496
[RESULT] 0,8,2D_cyclic,6,0.096227274,0.064010816,20748,2331,41496
[RESULT] 0,8,2D_cyclic,7,0.096206615,0.063979791,20748,2331,41496
[RESULT] 0,8,2D_cyclic,8,0.096190466,0.063975617,20748,2331,41496
[RESULT] 0,8,2D_cyclic,9,0.088275083,0.064014682,20748,2331,41496

Benchmark Summary
Processes: 8
Distribution: 2D_cyclic
Iterations: 10
Matrix NNZ: 175693
Total execution time: 2.388 seconds
[RESULT] 2,8,2D_cyclic,0,0.096201465,0.064008774,20521,2381,41042
[RESULT] 2,8,2D_cyclic,1,0.096236731,0.064054348,20521,2381,41042
[RESULT] 2,8,2D_cyclic,2,0.096247091,0.064023338,20521,2381,41042
[RESULT] 2,8,2D_cyclic,3,0.096212848,0.064006465,20521,2381,41042
[RESULT] 2,8,2D_cyclic,4,0.096212487,0.064013874,20521,2381,41042
[RESULT] 2,8,2D_cyclic,5,0.128190195,0.063999016,20521,2381,41042
[RESULT] 2,8,2D_cyclic,6,0.096196809,0.063991918,20521,2381,41042
[RESULT] 3,8,2D_cyclic,0,0.096226623,0.064042428,23432,3085,46864
[RESULT] 3,8,2D_cyclic,1,0.096230899,0.064005462,23432,3085,46864
[RESULT] 3,8,2D_cyclic,2,0.096223163,0.063993618,23432,3085,46864
[RESULT] 3,8,2D_cyclic,3,0.100217037,0.067996914,23432,3085,46864
[RESULT] 3,8,2D_cyclic,4,0.096287234,0.064004035,23432,3085,46864
[RESULT] 3,8,2D_cyclic,5,0.100237618,0.064002770,23432,3085,46864
[RESULT] 3,8,2D_cyclic,6,0.096203692,0.063994301,23432,3085,46864
[RESULT] 3,8,2D_cyclic,7,0.092191620,0.059968634,23432,3085,46864
[RESULT] 3,8,2D_cyclic,8,0.096245455,0.064015829,23432,3085,46864
[RESULT] 3,8,2D_cyclic,9,0.085508021,0.059983172,23432,3085,46864
[RESULT] 2,8,2D_cyclic,7,0.096211006,0.063997054,20521,2381,41042
[RESULT] 2,8,2D_cyclic,8,0.096216154,0.064005427,20521,2381,41042
[RESULT] 2,8,2D_cyclic,9,0.100807475,0.064027291,20521,2381,41042
[RESULT] 5,8,2D_cyclic,0,0.096302846,0.063996221,20347,2334,40694
[RESULT] 5,8,2D_cyclic,1,0.096204886,0.064011366,20347,2334,40694
[RESULT] 5,8,2D_cyclic,2,0.096220055,0.068024361,20347,2334,40694
[RESULT] 5,8,2D_cyclic,3,0.100210242,0.064021820,20347,2334,40694
[RESULT] 5,8,2D_cyclic,4,0.096222619,0.064037093,20347,2334,40694
[RESULT] 5,8,2D_cyclic,5,0.096200942,0.064013307,20347,2334,40694
[RESULT] 5,8,2D_cyclic,6,0.096227195,0.064019052,20347,2334,40694
[RESULT] 5,8,2D_cyclic,7,0.096213921,0.064004465,20347,2334,40694
[RESULT] 5,8,2D_cyclic,8,0.096212827,0.063997563,20347,2334,40694
[RESULT] 5,8,2D_cyclic,9,0.088546746,0.060498041,20347,2334,40694
[RESULT] 6,8,2D_cyclic,0,0.096238186,0.064001450,23351,3069,46702
[RESULT] 6,8,2D_cyclic,1,0.096229764,0.064011367,23351,3069,46702
[RESULT] 6,8,2D_cyclic,2,0.096228727,0.064008669,23351,3069,46702
[RESULT] 6,8,2D_cyclic,3,0.096310881,0.064001140,23351,3069,46702
[RESULT] 6,8,2D_cyclic,4,0.096310119,0.064007523,23351,3069,46702
[RESULT] 6,8,2D_cyclic,5,0.096219587,0.063992775,23351,3069,46702
[RESULT] 6,8,2D_cyclic,6,0.064232963,0.032082556,23351,3069,46702
[RESULT] 6,8,2D_cyclic,7,0.096222445,0.064006200,23351,3069,46702
[RESULT] 6,8,2D_cyclic,8,0.096238425,0.064001235,23351,3069,46702
[RESULT] 6,8,2D_cyclic,9,0.084577747,0.056632048,23351,3069,46702
[RESULT] 1,8,2D_cyclic,0,0.096581133,0.063993738,23562,3093,47124
[RESULT] 1,8,2D_cyclic,1,0.096250546,0.063999721,23562,3093,47124
[RESULT] 1,8,2D_cyclic,2,0.064167362,0.063904146,23562,3093,47124
[RESULT] 1,8,2D_cyclic,3,0.092193086,0.059964397,23562,3093,47124
[RESULT] 1,8,2D_cyclic,4,0.096245880,0.063990578,23562,3093,47124
[RESULT] 1,8,2D_cyclic,5,0.096218664,0.064118586,23562,3093,47124
[RESULT] 1,8,2D_cyclic,6,0.064272121,0.064016540,23562,3093,47124
[RESULT] 1,8,2D_cyclic,7,0.096237145,0.064021978,23562,3093,47124
[RESULT] 1,8,2D_cyclic,8,0.096221887,0.064008773,23562,3093,47124
[RESULT] 1,8,2D_cyclic,9,0.076298075,0.052571159,23562,3093,47124
