Retrieving the matrix from '../matrices/dixmaanl.mtx'...
%%MatrixMarket matrix coordinate real symmetric
60000 60000 179999
Real Matrix: Rows=60000 | Cols=60000 | NNZ=179999 | Procs=2 | Distribution=2D_cyclic
2D Process Grid (Cyclic): 1 x 2
Rank 1: Grid pos (0,1) | Local rows: 60000 | Local NNZ: 89999
Rank 0: Grid pos (0,0) | Local rows: 60000 | Local NNZ: 90000
Applied 2Dcyclic distribution
Ghost columns identified: 0 total ghost values needed
Local vector initialized (size=30000 per process)
[RESULT] 1,2,2D_cyclic,0,0.000130468,0.000000783,89999,0,179998
[RESULT] 1,2,2D_cyclic,1,0.000137219,0.000010801,89999,0,179998
[RESULT] 1,2,2D_cyclic,2,0.000125711,0.000000363,89999,0,179998
[RESULT] 1,2,2D_cyclic,3,0.000125350,0.000000759,89999,0,179998
[RESULT] 1,2,2D_cyclic,4,0.000126236,0.000000321,89999,0,179998
[RESULT] 1,2,2D_cyclic,5,0.000125799,0.000000215,89999,0,179998
[RESULT] 1,2,2D_cyclic,6,0.000125151,0.000000260,89999,0,179998
[RESULT] 1,2,2D_cyclic,7,0.000127648,0.000000270,89999,0,179998
[RESULT] 1,2,2D_cyclic,8,0.000128064,0.000000179,89999,0,179998
[RESULT] 1,2,2D_cyclic,9,0.000123532,0.000000195,89999,0,179998
[RESULT] 0,2,2D_cyclic,0,0.000128708,0.000000815,90000,0,180000
[RESULT] 0,2,2D_cyclic,1,0.000137068,0.000010769,90000,0,180000
[RESULT] 0,2,2D_cyclic,2,0.000195298,0.000003771,90000,0,180000
[RESULT] 0,2,2D_cyclic,3,0.000127817,0.000002815,90000,0,180000
[RESULT] 0,2,2D_cyclic,4,0.000124588,0.000000301,90000,0,180000
[RESULT] 0,2,2D_cyclic,5,0.000125079,0.000000250,90000,0,180000
[RESULT] 0,2,2D_cyclic,6,0.000124165,0.000000206,90000,0,180000
[RESULT] 0,2,2D_cyclic,7,0.000128630,0.000000211,90000,0,180000
[RESULT] 0,2,2D_cyclic,8,0.000127770,0.000000242,90000,0,180000
[RESULT] 0,2,2D_cyclic,9,0.000123843,0.000000240,90000,0,180000

Benchmark Summary
Processes: 2
Distribution: 2D_cyclic
Iterations: 10
Matrix NNZ: 179999
Total execution time: 0.135 seconds
