Retrieving the matrix from '../matrices/1138_bus.mtx'...
%%MatrixMarket matrix coordinate real symmetric
1138 1138 2596
Real Matrix: Rows=1138 | Cols=1138 | NNZ=2596 | Procs=2 | Distribution=2D
2D Process Grid: 1 x 2 (rows x cols)
Rank 1: Grid pos (0,1) | Rows [0-1138) | Cols [569-1138) | Local NNZ: 1167
Rank 0: Grid pos (0,0) | Rows [0-1138) | Cols [0-569) | Local NNZ: 1429
Applied 2D distribution
Ghost columns identified: 284 total ghost values needed
Local vector initialized (size=569 per process)
[RESULT] 0,2,2D,0,0.000199127,0.000119280,1429,284,2858
[RESULT] 0,2,2D,1,0.000185700,0.000112297,1429,284,2858
[RESULT] 0,2,2D,2,0.000278593,0.000143677,1429,284,2858
[RESULT] 0,2,2D,3,0.000229705,0.000164272,1429,284,2858
[RESULT] 0,2,2D,4,0.000208310,0.000123541,1429,284,2858
[RESULT] 0,2,2D,5,0.000155697,0.000099087,1429,284,2858
[RESULT] 0,2,2D,6,0.000213291,0.000109849,1429,284,2858
[RESULT] 0,2,2D,7,0.000198029,0.000104925,1429,284,2858
[RESULT] 0,2,2D,8,0.000308189,0.000153968,1429,284,2858
[RESULT] 0,2,2D,9,0.000223589,0.000105004,1429,284,2858

Benchmark Summary
Processes: 2
Distribution: 2D
Iterations: 10
Matrix NNZ: 2596
Total execution time: 0.026 seconds
[RESULT] 1,2,2D,0,0.000333079,0.000118942,1167,284,2334
[RESULT] 1,2,2D,1,0.000256302,0.000112982,1167,284,2334
[RESULT] 1,2,2D,2,0.000219327,0.000142992,1167,284,2334
[RESULT] 1,2,2D,3,0.000282976,0.000161265,1167,284,2334
[RESULT] 1,2,2D,4,0.000251585,0.000123039,1167,284,2334
[RESULT] 1,2,2D,5,0.000261241,0.000098347,1167,284,2334
[RESULT] 1,2,2D,6,0.000166590,0.000109113,1167,284,2334
[RESULT] 1,2,2D,7,0.000170569,0.000105348,1167,284,2334
[RESULT] 1,2,2D,8,0.000329217,0.000154295,1167,284,2334
[RESULT] 1,2,2D,9,0.000386999,0.000104618,1167,284,2334
