Retrieving the matrix from '../matrices/1138_bus.mtx'...
%%MatrixMarket matrix coordinate real symmetric
1138 1138 2596
Real Matrix: Rows=1138 | Cols=1138 | NNZ=2596 | Procs=4 | Distribution=2D_cyclic
Rank 3: Grid pos (1,1) | Local rows: 569 | Local NNZ: 851
Rank 2: Grid pos (1,0) | Local rows: 569 | Local NNZ: 412
Rank 1: Grid pos (0,1) | Local rows: 569 | Local NNZ: 448
2D Process Grid (Cyclic): 2 x 2
Rank 0: Grid pos (0,0) | Local rows: 569 | Local NNZ: 885
Applied 2Dcyclic distribution
Ghost columns identified: 284 total ghost values needed
Local vector initialized (size=285 per process)
[RESULT] 3,4,2D_cyclic,0,0.047999762,0.031788026,851,285,1702
[RESULT] 3,4,2D_cyclic,1,0.048003667,0.032028929,851,285,1702
[RESULT] 3,4,2D_cyclic,2,0.047995024,0.032006676,851,285,1702
[RESULT] 3,4,2D_cyclic,3,0.047998526,0.031993824,851,285,1702
[RESULT] 3,4,2D_cyclic,4,0.047989513,0.031989507,851,285,1702
[RESULT] 3,4,2D_cyclic,5,0.048013206,0.031998952,851,285,1702
[RESULT] 3,4,2D_cyclic,6,0.048013282,0.032008576,851,285,1702
[RESULT] 3,4,2D_cyclic,7,0.048001191,0.032007551,851,285,1702
[RESULT] 3,4,2D_cyclic,8,0.048003316,0.032003113,851,285,1702
[RESULT] 3,4,2D_cyclic,9,0.044116251,0.032006695,851,285,1702
[RESULT] 0,4,2D_cyclic,0,0.048000581,0.031991741,885,284,1770
[RESULT] 0,4,2D_cyclic,1,0.047971569,0.031996761,885,284,1770
[RESULT] 0,4,2D_cyclic,2,0.047994618,0.032004798,885,284,1770
[RESULT] 0,4,2D_cyclic,3,0.047998585,0.031997419,885,284,1770
[RESULT] 0,4,2D_cyclic,4,0.048008589,0.031982462,885,284,1770
[RESULT] 0,4,2D_cyclic,5,0.047980155,0.031992734,885,284,1770
[RESULT] 0,4,2D_cyclic,6,0.047995720,0.032016282,885,284,1770
[RESULT] 0,4,2D_cyclic,7,0.047996107,0.031994974,885,284,1770
[RESULT] 0,4,2D_cyclic,8,0.047996371,0.032005998,885,284,1770
[RESULT] 0,4,2D_cyclic,9,0.048005824,0.032000667,885,284,1770

Benchmark Summary
Processes: 4
Distribution: 2D_cyclic
Iterations: 10
Matrix NNZ: 2596
Total execution time: 0.840 seconds
[RESULT] 2,4,2D_cyclic,0,0.064001342,0.032031828,412,138,824
[RESULT] 2,4,2D_cyclic,1,0.047996416,0.032008001,412,138,824
[RESULT] 2,4,2D_cyclic,2,0.047989929,0.031986451,412,138,824
[RESULT] 2,4,2D_cyclic,3,0.047992175,0.032010953,412,138,824
[RESULT] 2,4,2D_cyclic,4,0.047999493,0.031996169,412,138,824
[RESULT] 2,4,2D_cyclic,5,0.048007973,0.032003337,412,138,824
[RESULT] 2,4,2D_cyclic,6,0.047997866,0.032000363,412,138,824
[RESULT] 2,4,2D_cyclic,7,0.047967449,0.031970531,412,138,824
[RESULT] 2,4,2D_cyclic,8,0.047992675,0.031991150,412,138,824
[RESULT] 2,4,2D_cyclic,9,0.046418434,0.032004585,412,138,824
[RESULT] 1,4,2D_cyclic,0,0.047965690,0.031968436,448,149,896
[RESULT] 1,4,2D_cyclic,1,0.047946349,0.031955118,448,149,896
[RESULT] 1,4,2D_cyclic,2,0.047922139,0.031927837,448,149,896
[RESULT] 1,4,2D_cyclic,3,0.047998402,0.031996985,448,149,896
[RESULT] 1,4,2D_cyclic,4,0.047995079,0.032002455,448,149,896
[RESULT] 1,4,2D_cyclic,5,0.047989878,0.032004498,448,149,896
[RESULT] 1,4,2D_cyclic,6,0.048004184,0.032005098,448,149,896
[RESULT] 1,4,2D_cyclic,7,0.048065149,0.032001852,448,149,896
[RESULT] 1,4,2D_cyclic,8,0.048005096,0.032001621,448,149,896
[RESULT] 1,4,2D_cyclic,9,0.043998511,0.032055612,448,149,896
