Retrieving the matrix from '../matrices/dixmaanl.mtx'...
%%MatrixMarket matrix coordinate real symmetric
60000 60000 179999
Real Matrix: Rows=60000 | Cols=60000 | NNZ=179999 | Procs=4 | Distribution=2D_cyclic
2D Process Grid (Cyclic): 2 x 2
Rank 0: Grid pos (0,0) | Local rows: 30000 | Local NNZ: 60000
Applied 2Dcyclic distribution
Rank 3: Grid pos (1,1) | Local rows: 30000 | Local NNZ: 60000
Rank 1: Grid pos (0,1) | Local rows: 30000 | Local NNZ: 29999
Rank 2: Grid pos (1,0) | Local rows: 30000 | Local NNZ: 30000
Ghost columns identified: 15000 total ghost values needed
Local vector initialized (size=15000 per process)
[RESULT] 0,4,2D_cyclic,0,0.048100736,0.032030700,60000,15000,120000
[RESULT] 0,4,2D_cyclic,1,0.048075482,0.032010003,60000,15000,120000
[RESULT] 0,4,2D_cyclic,2,0.044239115,0.032026792,60000,15000,120000
[RESULT] 0,4,2D_cyclic,3,0.048003549,0.031940971,60000,15000,120000
[RESULT] 0,4,2D_cyclic,4,0.048074220,0.032012844,60000,15000,120000
[RESULT] 0,4,2D_cyclic,5,0.048064273,0.032015192,60000,15000,120000
[RESULT] 0,4,2D_cyclic,6,0.048108312,0.032014199,60000,15000,120000
[RESULT] 0,4,2D_cyclic,7,0.048073135,0.032008806,60000,15000,120000
[RESULT] 0,4,2D_cyclic,8,0.048100490,0.032011788,60000,15000,120000
[RESULT] 0,4,2D_cyclic,9,0.048083950,0.032012943,60000,15000,120000

Benchmark Summary
Processes: 4
Distribution: 2D_cyclic
Iterations: 10
Matrix NNZ: 179999
Total execution time: 1.208 seconds
[RESULT] 1,4,2D_cyclic,0,0.048068117,0.031998164,29999,14999,59998
[RESULT] 1,4,2D_cyclic,1,0.048048275,0.032006308,29999,14999,59998
[RESULT] 1,4,2D_cyclic,2,0.052045230,0.035999946,29999,14999,59998
[RESULT] 1,4,2D_cyclic,3,0.048042686,0.032029385,29999,14999,59998
[RESULT] 1,4,2D_cyclic,4,0.048047077,0.032024222,29999,14999,59998
[RESULT] 1,4,2D_cyclic,5,0.048049539,0.032055429,29999,14999,59998
[RESULT] 1,4,2D_cyclic,6,0.064076567,0.048008458,29999,14999,59998
[RESULT] 1,4,2D_cyclic,7,0.048050646,0.032012953,29999,14999,59998
[RESULT] 1,4,2D_cyclic,8,0.048052594,0.032014897,29999,14999,59998
[RESULT] 1,4,2D_cyclic,9,0.044369774,0.032019748,29999,14999,59998
[RESULT] 2,4,2D_cyclic,0,0.048070186,0.031995474,30000,15000,60000
[RESULT] 2,4,2D_cyclic,1,0.048047773,0.031999988,30000,15000,60000
[RESULT] 2,4,2D_cyclic,2,0.048045866,0.032001840,30000,15000,60000
[RESULT] 2,4,2D_cyclic,3,0.048043559,0.032005157,30000,15000,60000
[RESULT] 2,4,2D_cyclic,4,0.048039852,0.031997298,30000,15000,60000
[RESULT] 2,4,2D_cyclic,5,0.048016919,0.031966926,30000,15000,60000
[RESULT] 2,4,2D_cyclic,6,0.048058743,0.031987740,30000,15000,60000
[RESULT] 2,4,2D_cyclic,7,0.048048080,0.031987746,30000,15000,60000
[RESULT] 2,4,2D_cyclic,8,0.048044522,0.031999966,30000,15000,60000
[RESULT] 2,4,2D_cyclic,9,0.045933660,0.032054597,30000,15000,60000
[RESULT] 3,4,2D_cyclic,0,0.048712292,0.032022918,60000,15000,120000
[RESULT] 3,4,2D_cyclic,1,0.048078127,0.032023539,60000,15000,120000
[RESULT] 3,4,2D_cyclic,2,0.048078452,0.032016963,60000,15000,120000
[RESULT] 3,4,2D_cyclic,3,0.048076871,0.032002785,60000,15000,120000
[RESULT] 3,4,2D_cyclic,4,0.048078461,0.031998326,60000,15000,120000
[RESULT] 3,4,2D_cyclic,5,0.048224135,0.032005106,60000,15000,120000
[RESULT] 3,4,2D_cyclic,6,0.064059868,0.047980410,60000,15000,120000
[RESULT] 3,4,2D_cyclic,7,0.048082685,0.031997301,60000,15000,120000
[RESULT] 3,4,2D_cyclic,8,0.048076448,0.031996942,60000,15000,120000
[RESULT] 3,4,2D_cyclic,9,0.044096962,0.032060751,60000,15000,120000
