Retrieving the matrix from '../matrices/flowmeter0.mtx'...
%%MatrixMarket matrix coordinate real symmetric
9669 9669 38530
Real Matrix: Rows=9669 | Cols=9669 | NNZ=38530 | Procs=2 | Distribution=1D
Applied 1D distribution
Ghost columns identified: 4358 total ghost values needed
Local vector initialized (size=4835 per process)
[RESULT] 1,2,1D,0,0.000247967,0.000113334,19259,4356,38518
[RESULT] 1,2,1D,1,0.000297731,0.000135152,19259,4356,38518
[RESULT] 1,2,1D,2,0.000294868,0.000103228,19259,4356,38518
[RESULT] 1,2,1D,3,0.000266180,0.000118145,19259,4356,38518
[RESULT] 1,2,1D,4,0.000297294,0.000152180,19259,4356,38518
[RESULT] 1,2,1D,5,0.000419400,0.000091079,19259,4356,38518
[RESULT] 1,2,1D,6,0.000312167,0.000122935,19259,4356,38518
[RESULT] 1,2,1D,7,0.000235990,0.000088237,19259,4356,38518
[RESULT] 1,2,1D,8,0.000238689,0.000096264,19259,4356,38518
[RESULT] 1,2,1D,9,0.000223981,0.000091480,19259,4356,38518
[RESULT] 0,2,1D,0,0.000284456,0.000111418,19271,4358,38542
[RESULT] 0,2,1D,1,0.000354546,0.000136229,19271,4358,38542
[RESULT] 0,2,1D,2,0.000294848,0.000102879,19271,4358,38542
[RESULT] 0,2,1D,3,0.000334419,0.000118255,19271,4358,38542
[RESULT] 0,2,1D,4,0.000310821,0.000152879,19271,4358,38542
[RESULT] 0,2,1D,5,0.000279053,0.000091281,19271,4358,38542
[RESULT] 0,2,1D,6,0.000277450,0.000123353,19271,4358,38542
[RESULT] 0,2,1D,7,0.000302159,0.000088365,19271,4358,38542
[RESULT] 0,2,1D,8,0.000244233,0.000095855,19271,4358,38542
[RESULT] 0,2,1D,9,0.000230929,0.000091447,19271,4358,38542

Benchmark Summary
Processes: 2
Distribution: 1D
Iterations: 10
Matrix NNZ: 38530
Total execution time: 0.040 seconds
