Retrieving the matrix from '../matrices/flowmeter0.mtx'...
%%MatrixMarket matrix coordinate real symmetric
9669 9669 38530
Real Matrix: Rows=9669 | Cols=9669 | NNZ=38530 | Procs=8 | Distribution=2D
Rank 6: Grid pos (1,2) | Rows [4835-9669) | Cols [4836-7254) | Local NNZ: 9661
Rank 7: Grid pos (1,3) | Rows [4835-9669) | Cols [7254-9669) | Local NNZ: 9540
Rank 5: Grid pos (1,1) | Rows [4835-9669) | Cols [2418-4836) | Local NNZ: 126
Rank 3: Grid pos (0,3) | Rows [0-4835) | Cols [7254-9669) | Local NNZ: 0
Rank 4: Grid pos (1,0) | Rows [4835-9669) | Cols [0-2418) | Local NNZ: 0
Rank 1: Grid pos (0,1) | Rows [0-4835) | Cols [2418-4836) | Local NNZ: 9537
Rank 2: Grid pos (0,2) | Rows [0-4835) | Cols [4836-7254) | Local NNZ: 0
2D Process Grid: 2 x 4 (rows x cols)
Rank 0: Grid pos (0,0) | Rows [0-4835) | Cols [0-2418) | Local NNZ: 9666
Applied 2D distribution
Ghost columns identified: 2115 total ghost values needed
Local vector initialized (size=1209 per process)
[RESULT] 2,8,2D,0,0.095990283,0.063998518,0,0,0
[RESULT] 2,8,2D,1,0.095992648,0.063998543,0,0,0
[RESULT] 2,8,2D,2,0.095995855,0.064000809,0,0,0
[RESULT] 2,8,2D,3,0.099981619,0.067969483,0,0,0
[RESULT] 2,8,2D,4,0.096001003,0.064003969,0,0,0
[RESULT] 2,8,2D,5,0.095978950,0.063965765,0,0,0
[RESULT] 2,8,2D,6,0.127996762,0.095996611,0,0,0
[RESULT] 2,8,2D,7,0.095988126,0.063991306,0,0,0
[RESULT] 2,8,2D,8,0.099994068,0.063998788,0,0,0
[RESULT] 2,8,2D,9,0.095993087,0.064007981,0,0,0
[RESULT] 6,8,2D,0,0.124001132,0.091972725,9661,2116,19322
[RESULT] 6,8,2D,1,0.096022489,0.064003870,9661,2116,19322
[RESULT] 6,8,2D,2,0.128036221,0.096004018,9661,2116,19322
[RESULT] 6,8,2D,3,0.114023830,0.081734834,9661,2116,19322
[RESULT] 6,8,2D,4,0.096018286,0.064023603,9661,2116,19322
[RESULT] 6,8,2D,5,0.096030382,0.064006012,9661,2116,19322
[RESULT] 6,8,2D,6,0.096014002,0.063988381,9661,2116,19322
[RESULT] 6,8,2D,7,0.096018234,0.063989811,9661,2116,19322
[RESULT] 6,8,2D,8,0.096022780,0.064002499,9661,2116,19322
[RESULT] 6,8,2D,9,0.092034324,0.064009781,9661,2116,19322
[RESULT] 0,8,2D,0,0.096027798,0.063997434,9666,2115,19332
[RESULT] 0,8,2D,1,0.096027068,0.063994542,9666,2115,19332
[RESULT] 0,8,2D,2,0.128026076,0.096005131,9666,2115,19332
[RESULT] 0,8,2D,3,0.096022410,0.063995767,9666,2115,19332
[RESULT] 0,8,2D,4,0.096027849,0.064010809,9666,2115,19332
[RESULT] 0,8,2D,5,0.096036405,0.064008793,9666,2115,19332
[RESULT] 0,8,2D,6,0.128045083,0.096016802,9666,2115,19332
[RESULT] 0,8,2D,7,0.128049933,0.096005831,9666,2115,19332
[RESULT] 0,8,2D,8,0.092011317,0.064242879,9666,2115,19332
[RESULT] 0,8,2D,9,0.088200366,0.063988449,9666,2115,19332

Benchmark Summary
Processes: 8
Distribution: 2D
Iterations: 10
Matrix NNZ: 38530
Total execution time: 2.152 seconds
[RESULT] 5,8,2D,0,0.096002009,0.063989343,126,52,252
[RESULT] 5,8,2D,1,0.095984792,0.063991044,126,52,252
[RESULT] 5,8,2D,2,0.128006779,0.096001610,126,52,252
[RESULT] 5,8,2D,3,0.100002828,0.068004449,126,52,252
[RESULT] 5,8,2D,4,0.095992091,0.064002285,126,52,252
[RESULT] 5,8,2D,5,0.095990737,0.063984283,126,52,252
[RESULT] 5,8,2D,6,0.127987250,0.096011725,126,52,252
[RESULT] 5,8,2D,7,0.096017200,0.064030860,126,52,252
[RESULT] 5,8,2D,8,0.095987844,0.064009895,126,52,252
[RESULT] 5,8,2D,9,0.080380069,0.060176887,126,52,252
[RESULT] 3,8,2D,0,0.095988907,0.067994940,0,0,0
[RESULT] 3,8,2D,1,0.095997708,0.063997003,0,0,0
[RESULT] 3,8,2D,2,0.128010286,0.096032154,0,0,0
[RESULT] 3,8,2D,3,0.087994595,0.056009871,0,0,0
[RESULT] 3,8,2D,4,0.096010665,0.064020390,0,0,0
[RESULT] 3,8,2D,5,0.095988931,0.064010787,0,0,0
[RESULT] 3,8,2D,6,0.096013422,0.064023477,0,0,0
[RESULT] 3,8,2D,7,0.096001533,0.064009399,0,0,0
[RESULT] 3,8,2D,8,0.096006672,0.064010842,0,0,0
[RESULT] 3,8,2D,9,0.076002423,0.059999041,0,0,0
[RESULT] 1,8,2D,0,0.100020524,0.067980360,9537,2115,19074
[RESULT] 1,8,2D,1,0.096035938,0.064001181,9537,2115,19074
[RESULT] 1,8,2D,2,0.160025055,0.128004224,9537,2115,19074
[RESULT] 1,8,2D,3,0.128019469,0.095997914,9537,2115,19074
[RESULT] 1,8,2D,4,0.096019360,0.063993941,9537,2115,19074
[RESULT] 1,8,2D,5,0.096026201,0.064006092,9537,2115,19074
[RESULT] 1,8,2D,6,0.096022523,0.064000607,9537,2115,19074
[RESULT] 1,8,2D,7,0.096018201,0.063995134,9537,2115,19074
[RESULT] 1,8,2D,8,0.095975971,0.063962398,9537,2115,19074
[RESULT] 1,8,2D,9,0.084184584,0.060074324,9537,2115,19074
[RESULT] 4,8,2D,0,0.096000268,0.063995890,0,0,0
[RESULT] 4,8,2D,1,0.096008322,0.063997627,0,0,0
[RESULT] 4,8,2D,2,0.128019245,0.095998355,0,0,0
[RESULT] 4,8,2D,3,0.111993972,0.080035266,0,0,0
[RESULT] 4,8,2D,4,0.095996563,0.064005215,0,0,0
[RESULT] 4,8,2D,5,0.127960537,0.095973427,0,0,0
[RESULT] 4,8,2D,6,0.127984096,0.095991200,0,0,0
[RESULT] 4,8,2D,7,0.095987736,0.063993420,0,0,0
[RESULT] 4,8,2D,8,0.095995760,0.063997104,0,0,0
[RESULT] 4,8,2D,9,0.076080100,0.060013345,0,0,0
[RESULT] 7,8,2D,0,0.128024136,0.091992363,9540,2113,19080
[RESULT] 7,8,2D,1,0.128021492,0.096000026,9540,2113,19080
[RESULT] 7,8,2D,2,0.160029851,0.128012525,9540,2113,19080
[RESULT] 7,8,2D,3,0.124026636,0.092017318,9540,2113,19080
[RESULT] 7,8,2D,4,0.128022015,0.096006340,9540,2113,19080
[RESULT] 7,8,2D,5,0.128005483,0.095995628,9540,2113,19080
[RESULT] 7,8,2D,6,0.128011541,0.095994676,9540,2113,19080
[RESULT] 7,8,2D,7,0.128028966,0.096003021,9540,2113,19080
[RESULT] 7,8,2D,8,0.128022165,0.096069418,9540,2113,19080
[RESULT] 7,8,2D,9,0.116135852,0.092009548,9540,2113,19080
