Retrieving the matrix from '../matrices/dixmaanl.mtx'...
%%MatrixMarket matrix coordinate real symmetric
60000 60000 179999
Real Matrix: Rows=60000 | Cols=60000 | NNZ=179999 | Procs=2 | Distribution=1D
Applied 1D distribution
Ghost columns identified: 29999 total ghost values needed
Local vector initialized (size=30000 per process)
[RESULT] 1,2,1D,0,0.000265759,0.000152964,90000,30000,180000
[RESULT] 1,2,1D,1,0.000155014,0.000043301,90000,30000,180000
[RESULT] 1,2,1D,2,0.000145761,0.000026089,90000,30000,180000
[RESULT] 1,2,1D,3,0.000145472,0.000033852,90000,30000,180000
[RESULT] 1,2,1D,4,0.000139689,0.000026638,90000,30000,180000
[RESULT] 1,2,1D,5,0.000141049,0.000027763,90000,30000,180000
[RESULT] 1,2,1D,6,0.000138322,0.000026718,90000,30000,180000
[RESULT] 1,2,1D,7,0.000137199,0.000025670,90000,30000,180000
[RESULT] 1,2,1D,8,0.000267797,0.000024952,90000,30000,180000
[RESULT] 1,2,1D,9,0.000143356,0.000026976,90000,30000,180000
[RESULT] 0,2,1D,0,0.000280638,0.000149489,89999,29999,179998
[RESULT] 0,2,1D,1,0.000159791,0.000045381,89999,29999,179998
[RESULT] 0,2,1D,2,0.000140194,0.000025965,89999,29999,179998
[RESULT] 0,2,1D,3,0.000157730,0.000034177,89999,29999,179998
[RESULT] 0,2,1D,4,0.000142284,0.000026663,89999,29999,179998
[RESULT] 0,2,1D,5,0.000143651,0.000027778,89999,29999,179998
[RESULT] 0,2,1D,6,0.000140909,0.000026811,89999,29999,179998
[RESULT] 0,2,1D,7,0.000139588,0.000025500,89999,29999,179998
[RESULT] 0,2,1D,8,0.000138849,0.000024695,89999,29999,179998
[RESULT] 0,2,1D,9,0.000145709,0.000026901,89999,29999,179998

Benchmark Summary
Processes: 2
Distribution: 1D
Iterations: 10
Matrix NNZ: 179999
Total execution time: 0.134 seconds
