Retrieving the matrix from '../matrices/dixmaanl.mtx'...
%%MatrixMarket matrix coordinate real symmetric
60000 60000 179999
Real Matrix: Rows=60000 | Cols=60000 | NNZ=179999 | Procs=8 | Distribution=2D
Rank 1: Grid pos (0,1) | Rows [0-30000) | Cols [15000-30000) | Local NNZ: 29999
Rank 7: Grid pos (1,3) | Rows [30000-60000) | Cols [45000-60000) | Local NNZ: 29999
Rank 2: Grid pos (0,2) | Rows [0-30000) | Cols [30000-45000) | Local NNZ: 0
Rank 4: Grid pos (1,0) | Rows [30000-60000) | Cols [0-15000) | Local NNZ: 20000
Rank 6: Grid pos (1,2) | Rows [30000-60000) | Cols [30000-45000) | Local NNZ: 40000
Rank 5: Grid pos (1,1) | Rows [30000-60000) | Cols [15000-30000) | Local NNZ: 20001
Rank 3: Grid pos (0,3) | Rows [0-30000) | Cols [45000-60000) | Local NNZ: 0
2D Process Grid: 2 x 4 (rows x cols)
Rank 0: Grid pos (0,0) | Rows [0-30000) | Cols [0-15000) | Local NNZ: 40000
Applied 2D distribution
Ghost columns identified: 13125 total ghost values needed
Local vector initialized (size=7500 per process)
[RESULT] 6,8,2D,0,0.096055256,0.064018558,40000,13125,80000
[RESULT] 6,8,2D,1,0.096050727,0.064009147,40000,13125,80000
[RESULT] 6,8,2D,2,0.096055699,0.064016936,40000,13125,80000
[RESULT] 6,8,2D,3,0.096067459,0.064030537,40000,13125,80000
[RESULT] 6,8,2D,4,0.096067915,0.064002698,40000,13125,80000
[RESULT] 6,8,2D,5,0.096072754,0.064020050,40000,13125,80000
[RESULT] 6,8,2D,6,0.096053445,0.064019173,40000,13125,80000
[RESULT] 6,8,2D,7,0.096071704,0.064024506,40000,13125,80000
[RESULT] 6,8,2D,8,0.096050041,0.064014617,40000,13125,80000
[RESULT] 6,8,2D,9,0.096064682,0.064011720,40000,13125,80000
[RESULT] 4,8,2D,0,0.096007832,0.063983130,20000,13125,40000
[RESULT] 4,8,2D,1,0.096018689,0.063986747,20000,13125,40000
[RESULT] 4,8,2D,2,0.096041973,0.064009940,20000,13125,40000
[RESULT] 4,8,2D,3,0.096065006,0.064028846,20000,13125,40000
[RESULT] 4,8,2D,4,0.095903839,0.063861261,20000,13125,40000
[RESULT] 4,8,2D,5,0.096037680,0.064011966,20000,13125,40000
[RESULT] 4,8,2D,6,0.096044725,0.064016504,20000,13125,40000
[RESULT] 4,8,2D,7,0.096038167,0.064005361,20000,13125,40000
[RESULT] 4,8,2D,8,0.096065129,0.064016632,20000,13125,40000
[RESULT] 4,8,2D,9,0.092398087,0.064027064,20000,13125,40000
[RESULT] 1,8,2D,0,0.096053132,0.063998524,29999,13125,59998
[RESULT] 1,8,2D,1,0.096022118,0.063983318,29999,13125,59998
[RESULT] 1,8,2D,2,0.096043303,0.064007860,29999,13125,59998
[RESULT] 1,8,2D,3,0.096032252,0.063996280,29999,13125,59998
[RESULT] 1,8,2D,4,0.096054688,0.064021201,29999,13125,59998
[RESULT] 1,8,2D,5,0.096042716,0.064027339,29999,13125,59998
[RESULT] 1,8,2D,6,0.096046979,0.064016026,29999,13125,59998
[RESULT] 1,8,2D,7,0.096040505,0.064005736,29999,13125,59998
[RESULT] 1,8,2D,8,0.096021640,0.063985123,29999,13125,59998
[RESULT] 1,8,2D,9,0.088114437,0.064020997,29999,13125,59998
[RESULT] 7,8,2D,0,0.128027328,0.095998267,29999,13125,59998
[RESULT] 7,8,2D,1,0.128039602,0.096036526,29999,13125,59998
[RESULT] 7,8,2D,2,0.128047950,0.096022992,29999,13125,59998
[RESULT] 7,8,2D,3,0.128058615,0.096043621,29999,13125,59998
[RESULT] 7,8,2D,4,0.128056192,0.096011769,29999,13125,59998
[RESULT] 7,8,2D,5,0.096064431,0.064030533,29999,13125,59998
[RESULT] 7,8,2D,6,0.128042536,0.096047882,29999,13125,59998
[RESULT] 7,8,2D,7,0.096045738,0.064022464,29999,13125,59998
[RESULT] 7,8,2D,8,0.096031127,0.064020914,29999,13125,59998
[RESULT] 7,8,2D,9,0.107791024,0.064013311,29999,13125,59998
[RESULT] 3,8,2D,0,0.096005775,0.063995868,0,0,0
[RESULT] 3,8,2D,1,0.096012024,0.064007884,0,0,0
[RESULT] 3,8,2D,2,0.096023320,0.064001492,0,0,0
[RESULT] 3,8,2D,3,0.096007839,0.064000503,0,0,0
[RESULT] 3,8,2D,4,0.096028955,0.064007339,0,0,0
[RESULT] 3,8,2D,5,0.128000323,0.095990129,0,0,0
[RESULT] 3,8,2D,6,0.064057952,0.064017461,0,0,0
[RESULT] 3,8,2D,7,0.128000165,0.096004477,0,0,0
[RESULT] 3,8,2D,8,0.127988128,0.095975832,0,0,0
[RESULT] 3,8,2D,9,0.120057195,0.095999647,0,0,0
[RESULT] 0,8,2D,0,0.128032639,0.095982573,40000,13125,80000
[RESULT] 0,8,2D,1,0.128052416,0.096021571,40000,13125,80000
[RESULT] 0,8,2D,2,0.128049178,0.096002504,40000,13125,80000
[RESULT] 0,8,2D,3,0.128055465,0.096002494,40000,13125,80000
[RESULT] 0,8,2D,4,0.128078641,0.096007991,40000,13125,80000
[RESULT] 0,8,2D,5,0.128054718,0.096010977,40000,13125,80000
[RESULT] 0,8,2D,6,0.128046129,0.096006305,40000,13125,80000
[RESULT] 0,8,2D,7,0.128059174,0.096019324,40000,13125,80000
[RESULT] 0,8,2D,8,0.128066723,0.096023672,40000,13125,80000
[RESULT] 0,8,2D,9,0.128863295,0.096010070,40000,13125,80000

Benchmark Summary
Processes: 8
Distribution: 2D
Iterations: 10
Matrix NNZ: 179999
Total execution time: 2.525 seconds
[RESULT] 2,8,2D,0,0.095995695,0.063990080,0,0,0
[RESULT] 2,8,2D,1,0.096008520,0.064006038,0,0,0
[RESULT] 2,8,2D,2,0.096011604,0.064005116,0,0,0
[RESULT] 2,8,2D,3,0.096006543,0.063997458,0,0,0
[RESULT] 2,8,2D,4,0.128008980,0.063993690,0,0,0
[RESULT] 2,8,2D,5,0.096006455,0.064000559,0,0,0
[RESULT] 2,8,2D,6,0.096005895,0.064001141,0,0,0
[RESULT] 2,8,2D,7,0.096010785,0.064013091,0,0,0
[RESULT] 2,8,2D,8,0.095985720,0.063982672,0,0,0
[RESULT] 2,8,2D,9,0.088086144,0.064018403,0,0,0
[RESULT] 5,8,2D,0,0.096025799,0.064043402,20001,13125,40002
[RESULT] 5,8,2D,1,0.096038770,0.064022572,20001,13125,40002
[RESULT] 5,8,2D,2,0.096037452,0.064023898,20001,13125,40002
[RESULT] 5,8,2D,3,0.096042612,0.064027057,20001,13125,40002
[RESULT] 5,8,2D,4,0.096044140,0.064025575,20001,13125,40002
[RESULT] 5,8,2D,5,0.096035010,0.064002027,20001,13125,40002
[RESULT] 5,8,2D,6,0.128034098,0.096022912,20001,13125,40002
[RESULT] 5,8,2D,7,0.096030229,0.064024111,20001,13125,40002
[RESULT] 5,8,2D,8,0.096039761,0.064029479,20001,13125,40002
[RESULT] 5,8,2D,9,0.084247743,0.064008133,20001,13125,40002
