Retrieving the matrix from '../matrices/flowmeter0.mtx'...
%%MatrixMarket matrix coordinate real symmetric
9669 9669 38530
Real Matrix: Rows=9669 | Cols=9669 | NNZ=38530 | Procs=8 | Distribution=2D_cyclic
2D Process Grid (Cyclic): 2 x 4
Rank 1: Grid pos (0,1) | Local rows: 4835 | Local NNZ: 3574
Rank 2: Grid pos (0,2) | Local rows: 4835 | Local NNZ: 6055
Rank 3: Grid pos (0,3) | Local rows: 4835 | Local NNZ: 3624
Rank 4: Grid pos (1,0) | Local rows: 4834 | Local NNZ: 3633
Rank 5: Grid pos (1,1) | Local rows: 4834 | Local NNZ: 6043
Rank 6: Grid pos (1,2) | Local rows: 4834 | Local NNZ: 3577
Rank 7: Grid pos (1,3) | Local rows: 4834 | Local NNZ: 6006
Rank 0: Grid pos (0,0) | Local rows: 4835 | Local NNZ: 6018
Applied 2Dcyclic distribution
Ghost columns identified: 1209 total ghost values needed
Local vector initialized (size=1209 per process)
[RESULT] 7,8,2D_cyclic,0,0.000046369,0.000005115,6006,1209,12012
[RESULT] 7,8,2D_cyclic,1,0.000037057,0.000002601,6006,1209,12012
[RESULT] 7,8,2D_cyclic,2,0.000054830,0.000023657,6006,1209,12012
[RESULT] 7,8,2D_cyclic,3,0.000031202,0.000002858,6006,1209,12012
[RESULT] 7,8,2D_cyclic,4,0.000029643,0.000003054,6006,1209,12012
[RESULT] 7,8,2D_cyclic,5,0.000030588,0.000004494,6006,1209,12012
[RESULT] 7,8,2D_cyclic,6,0.000028517,0.000003248,6006,1209,12012
[RESULT] 7,8,2D_cyclic,7,0.000027335,0.000002588,6006,1209,12012
[RESULT] 7,8,2D_cyclic,8,0.000027933,0.000003360,6006,1209,12012
[RESULT] 7,8,2D_cyclic,9,0.000026455,0.000002413,6006,1209,12012
[RESULT] 1,8,2D_cyclic,0,0.000041721,0.000003627,3574,1072,7148
[RESULT] 1,8,2D_cyclic,1,0.000037574,0.000002841,3574,1072,7148
[RESULT] 1,8,2D_cyclic,2,0.000050373,0.000008670,3574,1072,7148
[RESULT] 1,8,2D_cyclic,3,0.000035364,0.000003057,3574,1072,7148
[RESULT] 1,8,2D_cyclic,4,0.000035768,0.000003358,3574,1072,7148
[RESULT] 1,8,2D_cyclic,5,0.000035022,0.000003126,3574,1072,7148
[RESULT] 1,8,2D_cyclic,6,0.000031920,0.000003841,3574,1072,7148
[RESULT] 1,8,2D_cyclic,7,0.000028474,0.000002853,3574,1072,7148
[RESULT] 1,8,2D_cyclic,8,0.000026605,0.000002874,3574,1072,7148
[RESULT] 1,8,2D_cyclic,9,0.000025599,0.000002654,3574,1072,7148
[RESULT] 2,8,2D_cyclic,0,0.000078957,0.000008163,6055,1208,12110
[RESULT] 2,8,2D_cyclic,1,0.000076532,0.000007152,6055,1208,12110
[RESULT] 2,8,2D_cyclic,2,0.000085947,0.000019591,6055,1208,12110
[RESULT] 2,8,2D_cyclic,3,0.000070017,0.000005841,6055,1208,12110
[RESULT] 2,8,2D_cyclic,4,0.000070554,0.000006023,6055,1208,12110
[RESULT] 2,8,2D_cyclic,5,0.000071948,0.000009104,6055,1208,12110
[RESULT] 2,8,2D_cyclic,6,0.000068403,0.000006010,6055,1208,12110
[RESULT] 2,8,2D_cyclic,7,0.000065989,0.000004341,6055,1208,12110
[RESULT] 2,8,2D_cyclic,8,0.000069489,0.000006835,6055,1208,12110
[RESULT] 2,8,2D_cyclic,9,0.000064680,0.000004267,6055,1208,12110
[RESULT] 3,8,2D_cyclic,0,0.000040498,0.000004756,3624,1096,7248
[RESULT] 3,8,2D_cyclic,1,0.000035555,0.000002914,3624,1096,7248
[RESULT] 3,8,2D_cyclic,2,0.000053654,0.000022799,3624,1096,7248
[RESULT] 3,8,2D_cyclic,3,0.000032972,0.000003038,3624,1096,7248
[RESULT] 3,8,2D_cyclic,4,0.000032685,0.000003115,3624,1096,7248
[RESULT] 3,8,2D_cyclic,5,0.000034481,0.000005484,3624,1096,7248
[RESULT] 3,8,2D_cyclic,6,0.000031925,0.000003309,3624,1096,7248
[RESULT] 3,8,2D_cyclic,7,0.000030990,0.000002743,3624,1096,7248
[RESULT] 3,8,2D_cyclic,8,0.000031747,0.000003660,3624,1096,7248
[RESULT] 3,8,2D_cyclic,9,0.000030474,0.000002592,3624,1096,7248
[RESULT] 4,8,2D_cyclic,0,0.000069993,0.000015585,3633,1099,7266
[RESULT] 4,8,2D_cyclic,1,0.000058601,0.000016897,3633,1099,7266
[RESULT] 4,8,2D_cyclic,2,0.000039885,0.000003555,3633,1099,7266
[RESULT] 4,8,2D_cyclic,3,0.000036396,0.000002690,3633,1099,7266
[RESULT] 4,8,2D_cyclic,4,0.000035598,0.000003406,3633,1099,7266
[RESULT] 4,8,2D_cyclic,5,0.000035400,0.000002566,3633,1099,7266
[RESULT] 4,8,2D_cyclic,6,0.000032919,0.000002626,3633,1099,7266
[RESULT] 4,8,2D_cyclic,7,0.000029630,0.000002530,3633,1099,7266
[RESULT] 4,8,2D_cyclic,8,0.000028986,0.000004067,3633,1099,7266
[RESULT] 4,8,2D_cyclic,9,0.000025825,0.000002529,3633,1099,7266
[RESULT] 5,8,2D_cyclic,0,0.000050041,0.000003549,6043,1209,12086
[RESULT] 5,8,2D_cyclic,1,0.000045049,0.000002737,6043,1209,12086
[RESULT] 5,8,2D_cyclic,2,0.000048920,0.000008841,6043,1209,12086
[RESULT] 5,8,2D_cyclic,3,0.000041821,0.000002842,6043,1209,12086
[RESULT] 5,8,2D_cyclic,4,0.000045779,0.000003174,6043,1209,12086
[RESULT] 5,8,2D_cyclic,5,0.000035873,0.000003093,6043,1209,12086
[RESULT] 5,8,2D_cyclic,6,0.000033433,0.000003589,6043,1209,12086
[RESULT] 5,8,2D_cyclic,7,0.000030336,0.000002540,6043,1209,12086
[RESULT] 5,8,2D_cyclic,8,0.000029199,0.000002789,6043,1209,12086
[RESULT] 5,8,2D_cyclic,9,0.000028155,0.000002419,6043,1209,12086
[RESULT] 6,8,2D_cyclic,0,0.000060685,0.000008566,3577,1084,7154
[RESULT] 6,8,2D_cyclic,1,0.000054984,0.000006393,3577,1084,7154
[RESULT] 6,8,2D_cyclic,2,0.000066849,0.000020579,3577,1084,7154
[RESULT] 6,8,2D_cyclic,3,0.000050553,0.000005565,3577,1084,7154
[RESULT] 6,8,2D_cyclic,4,0.000049859,0.000005792,3577,1084,7154
[RESULT] 6,8,2D_cyclic,5,0.000050850,0.000008286,3577,1084,7154
[RESULT] 6,8,2D_cyclic,6,0.000047328,0.000005773,3577,1084,7154
[RESULT] 6,8,2D_cyclic,7,0.000044918,0.000004158,3577,1084,7154
[RESULT] 6,8,2D_cyclic,8,0.000047553,0.000006501,3577,1084,7154
[RESULT] 6,8,2D_cyclic,9,0.000044203,0.000004091,3577,1084,7154
[RESULT] 0,8,2D_cyclic,0,0.000061847,0.000012135,6018,1209,12036
[RESULT] 0,8,2D_cyclic,1,0.000076719,0.000036230,6018,1209,12036
[RESULT] 0,8,2D_cyclic,2,0.000037856,0.000003394,6018,1209,12036
[RESULT] 0,8,2D_cyclic,3,0.000033625,0.000002735,6018,1209,12036
[RESULT] 0,8,2D_cyclic,4,0.000032416,0.000003472,6018,1209,12036
[RESULT] 0,8,2D_cyclic,5,0.000030020,0.000002524,6018,1209,12036
[RESULT] 0,8,2D_cyclic,6,0.000029300,0.000002774,6018,1209,12036
[RESULT] 0,8,2D_cyclic,7,0.000028464,0.000002637,6018,1209,12036
[RESULT] 0,8,2D_cyclic,8,0.000029814,0.000004190,6018,1209,12036
[RESULT] 0,8,2D_cyclic,9,0.000028236,0.000002598,6018,1209,12036

Benchmark Summary
Processes: 8
Distribution: 2D_cyclic
Iterations: 10
Matrix NNZ: 38530
Total execution time: 0.076 seconds
