Retrieving the matrix from '../matrices/dixmaanl.mtx'...
%%MatrixMarket matrix coordinate real symmetric
60000 60000 179999
Real Matrix: Rows=60000 | Cols=60000 | NNZ=179999 | Procs=2 | Distribution=2D_cyclic
2D Process Grid (Cyclic): 1 x 2
Rank 1: Grid pos (0,1) | Local rows: 60000 | Local NNZ: 89999
Rank 0: Grid pos (0,0) | Local rows: 60000 | Local NNZ: 90000
Applied 2Dcyclic distribution
Ghost columns identified: 0 total ghost values needed
Local vector initialized (size=30000 per process)
[RESULT] 0,2,2D_cyclic,0,0.000290704,0.000080892,90000,0,180000
[RESULT] 0,2,2D_cyclic,1,0.000292269,0.000077735,90000,0,180000
[RESULT] 0,2,2D_cyclic,2,0.000388057,0.000064980,90000,0,180000
[RESULT] 0,2,2D_cyclic,3,0.000478893,0.000273259,90000,0,180000
[RESULT] 0,2,2D_cyclic,4,0.000350553,0.000145167,90000,0,180000
[RESULT] 0,2,2D_cyclic,5,0.000418952,0.000102117,90000,0,180000
[RESULT] 0,2,2D_cyclic,6,0.000374536,0.000130541,90000,0,180000
[RESULT] 0,2,2D_cyclic,7,0.000374147,0.000159868,90000,0,180000
[RESULT] 0,2,2D_cyclic,8,0.000386581,0.000139504,90000,0,180000
[RESULT] 0,2,2D_cyclic,9,0.000432095,0.000216997,90000,0,180000

Benchmark Summary
Processes: 2
Distribution: 2D_cyclic
Iterations: 10
Matrix NNZ: 179999
Total execution time: 0.206 seconds
[RESULT] 1,2,2D_cyclic,0,0.000275240,0.000080932,89999,0,179998
[RESULT] 1,2,2D_cyclic,1,0.000285754,0.000077957,89999,0,179998
[RESULT] 1,2,2D_cyclic,2,0.000330559,0.000061458,89999,0,179998
[RESULT] 1,2,2D_cyclic,3,0.000486357,0.000275146,89999,0,179998
[RESULT] 1,2,2D_cyclic,4,0.000385501,0.000144481,89999,0,179998
[RESULT] 1,2,2D_cyclic,5,0.000317191,0.000101727,89999,0,179998
[RESULT] 1,2,2D_cyclic,6,0.000317482,0.000129575,89999,0,179998
[RESULT] 1,2,2D_cyclic,7,0.000412822,0.000161037,89999,0,179998
[RESULT] 1,2,2D_cyclic,8,0.000344626,0.000139055,89999,0,179998
[RESULT] 1,2,2D_cyclic,9,0.000432556,0.000218697,89999,0,179998
