Retrieving the matrix from '../matrices/1138_bus.mtx'...
%%MatrixMarket matrix coordinate real symmetric
1138 1138 2596
Real Matrix: Rows=1138 | Cols=1138 | NNZ=2596 | Procs=2 | Distribution=1D
Applied 1D distribution
Ghost columns identified: 300 total ghost values needed
Local vector initialized (size=569 per process)
[RESULT] 0,2,1D,0,0.000180173,0.000105085,1333,300,2666
[RESULT] 0,2,1D,1,0.000224655,0.000147598,1333,300,2666
[RESULT] 0,2,1D,2,0.000144226,0.000076840,1333,300,2666
[RESULT] 0,2,1D,3,0.000175534,0.000075002,1333,300,2666
[RESULT] 0,2,1D,4,0.000248749,0.000073826,1333,300,2666
[RESULT] 0,2,1D,5,0.000274628,0.000071474,1333,300,2666
[RESULT] 0,2,1D,6,0.000315774,0.000080864,1333,300,2666
[RESULT] 0,2,1D,7,0.000100132,0.000061616,1333,300,2666
[RESULT] 0,2,1D,8,0.000294385,0.000233369,1333,300,2666
[RESULT] 0,2,1D,9,0.000105512,0.000050544,1333,300,2666

Benchmark Summary
Processes: 2
Distribution: 1D
Iterations: 10
Matrix NNZ: 2596
Total execution time: 0.017 seconds
[RESULT] 1,2,1D,0,0.000173694,0.000104903,1263,278,2526
[RESULT] 1,2,1D,1,0.000232705,0.000151381,1263,278,2526
[RESULT] 1,2,1D,2,0.000136006,0.000076447,1263,278,2526
[RESULT] 1,2,1D,3,0.000123651,0.000074711,1263,278,2526
[RESULT] 1,2,1D,4,0.000114344,0.000074714,1263,278,2526
[RESULT] 1,2,1D,5,0.000117019,0.000071560,1263,278,2526
[RESULT] 1,2,1D,6,0.000143544,0.000080856,1263,278,2526
[RESULT] 1,2,1D,7,0.000110991,0.000061636,1263,278,2526
[RESULT] 1,2,1D,8,0.000296951,0.000233211,1263,278,2526
[RESULT] 1,2,1D,9,0.000117016,0.000050360,1263,278,2526
