Retrieving the matrix from '../matrices/flowmeter0.mtx'...
%%MatrixMarket matrix coordinate real symmetric
9669 9669 38530
Real Matrix: Rows=9669 | Cols=9669 | NNZ=38530 | Procs=4 | Distribution=1D
Applied 1D distribution
Ghost columns identified: 4313 total ghost values needed
Local vector initialized (size=2418 per process)
[RESULT] 2,4,1D,0,0.000046924,0.000016526,9636,4329,19272
[RESULT] 2,4,1D,1,0.000226169,0.000199326,9636,4329,19272
[RESULT] 2,4,1D,2,0.000037152,0.000012074,9636,4329,19272
[RESULT] 2,4,1D,3,0.000033911,0.000006998,9636,4329,19272
[RESULT] 2,4,1D,4,0.000033949,0.000010284,9636,4329,19272
[RESULT] 2,4,1D,5,0.000059744,0.000036531,9636,4329,19272
[RESULT] 2,4,1D,6,0.000031570,0.000008604,9636,4329,19272
[RESULT] 2,4,1D,7,0.000032210,0.000008970,9636,4329,19272
[RESULT] 2,4,1D,8,0.000031028,0.000008563,9636,4329,19272
[RESULT] 2,4,1D,9,0.000030267,0.000007984,9636,4329,19272
[RESULT] 3,4,1D,0,0.000047896,0.000014779,9640,4295,19280
[RESULT] 3,4,1D,1,0.000230969,0.000199651,9640,4295,19280
[RESULT] 3,4,1D,2,0.000039773,0.000009348,9640,4295,19280
[RESULT] 3,4,1D,3,0.000046494,0.000009350,9640,4295,19280
[RESULT] 3,4,1D,4,0.000042823,0.000009277,9640,4295,19280
[RESULT] 3,4,1D,5,0.000060357,0.000036213,9640,4295,19280
[RESULT] 3,4,1D,6,0.000032728,0.000008890,9640,4295,19280
[RESULT] 3,4,1D,7,0.000031442,0.000009163,9640,4295,19280
[RESULT] 3,4,1D,8,0.000033217,0.000008621,9640,4295,19280
[RESULT] 3,4,1D,9,0.000029950,0.000007902,9640,4295,19280
[RESULT] 0,4,1D,0,0.000060578,0.000016799,9635,4313,19270
[RESULT] 0,4,1D,1,0.000237748,0.000202300,9635,4313,19270
[RESULT] 0,4,1D,2,0.000045109,0.000012558,9635,4313,19270
[RESULT] 0,4,1D,3,0.000041536,0.000008542,9635,4313,19270
[RESULT] 0,4,1D,4,0.000039040,0.000008454,9635,4313,19270
[RESULT] 0,4,1D,5,0.000066145,0.000035290,9635,4313,19270
[RESULT] 0,4,1D,6,0.000032117,0.000007056,9635,4313,19270
[RESULT] 0,4,1D,7,0.000030085,0.000007154,9635,4313,19270
[RESULT] 0,4,1D,8,0.000029426,0.000008080,9635,4313,19270
[RESULT] 0,4,1D,9,0.000026642,0.000006294,9635,4313,19270

Benchmark Summary
Processes: 4
Distribution: 1D
Iterations: 10
Matrix NNZ: 38530
Total execution time: 0.037 seconds
[RESULT] 1,4,1D,0,0.000055372,0.000013418,9619,4307,19238
[RESULT] 1,4,1D,1,0.000080939,0.000026136,9619,4307,19238
[RESULT] 1,4,1D,2,0.000053344,0.000012321,9619,4307,19238
[RESULT] 1,4,1D,3,0.000039805,0.000010022,9619,4307,19238
[RESULT] 1,4,1D,4,0.000103169,0.000008159,9619,4307,19238
[RESULT] 1,4,1D,5,0.000043554,0.000016473,9619,4307,19238
[RESULT] 1,4,1D,6,0.000033076,0.000008643,9619,4307,19238
[RESULT] 1,4,1D,7,0.000030280,0.000008900,9619,4307,19238
[RESULT] 1,4,1D,8,0.000027357,0.000008045,9619,4307,19238
[RESULT] 1,4,1D,9,0.000029380,0.000008275,9619,4307,19238
