Retrieving the matrix from '../matrices/dixmaanl.mtx'...
%%MatrixMarket matrix coordinate real symmetric
60000 60000 179999
Real Matrix: Rows=60000 | Cols=60000 | NNZ=179999 | Procs=2 | Distribution=2D
2D Process Grid: 1 x 2 (rows x cols)
Rank 1: Grid pos (0,1) | Rows [0-60000) | Cols [30000-60000) | Local NNZ: 69999
Rank 0: Grid pos (0,0) | Rows [0-60000) | Cols [0-30000) | Local NNZ: 110000
Applied 2D distribution
Ghost columns identified: 15000 total ghost values needed
Local vector initialized (size=30000 per process)
[RESULT] 1,2,2D,0,0.000157548,0.000044192,69999,15000,139998
[RESULT] 1,2,2D,1,0.000159461,0.000046397,69999,15000,139998
[RESULT] 1,2,2D,2,0.000126093,0.000018094,69999,15000,139998
[RESULT] 1,2,2D,3,0.000128135,0.000014931,69999,15000,139998
[RESULT] 1,2,2D,4,0.000124177,0.000015797,69999,15000,139998
[RESULT] 1,2,2D,5,0.000131810,0.000014973,69999,15000,139998
[RESULT] 1,2,2D,6,0.000127666,0.000018120,69999,15000,139998
[RESULT] 1,2,2D,7,0.000123356,0.000015151,69999,15000,139998
[RESULT] 1,2,2D,8,0.000127910,0.000014963,69999,15000,139998
[RESULT] 1,2,2D,9,0.000130153,0.000014784,69999,15000,139998
[RESULT] 0,2,2D,0,0.000349831,0.000041192,110000,15000,220000
[RESULT] 0,2,2D,1,0.000255360,0.000049162,110000,15000,220000
[RESULT] 0,2,2D,2,0.000173899,0.000017953,110000,15000,220000
[RESULT] 0,2,2D,3,0.000171317,0.000014994,110000,15000,220000
[RESULT] 0,2,2D,4,0.000172064,0.000015976,110000,15000,220000
[RESULT] 0,2,2D,5,0.000171144,0.000015075,110000,15000,220000
[RESULT] 0,2,2D,6,0.000174825,0.000018001,110000,15000,220000
[RESULT] 0,2,2D,7,0.000170638,0.000014917,110000,15000,220000
[RESULT] 0,2,2D,8,0.000170800,0.000014942,110000,15000,220000
[RESULT] 0,2,2D,9,0.000183952,0.000014789,110000,15000,220000

Benchmark Summary
Processes: 2
Distribution: 2D
Iterations: 10
Matrix NNZ: 179999
Total execution time: 0.208 seconds
