Retrieving the matrix from '../matrices/1138_bus.mtx'...
%%MatrixMarket matrix coordinate real symmetric
1138 1138 2596
Real Matrix: Rows=1138 | Cols=1138 | NNZ=2596 | Procs=8 | Distribution=1D
Applied 1D distribution
Ghost columns identified: 139 total ghost values needed
Local vector initialized (size=143 per process)
[RESULT] 4,8,1D,0,0.127990912,0.095990831,343,161,686
[RESULT] 4,8,1D,1,0.127997595,0.096007175,343,161,686
[RESULT] 4,8,1D,2,0.128006845,0.096029819,343,161,686
[RESULT] 4,8,1D,3,0.095988966,0.063998117,343,161,686
[RESULT] 4,8,1D,4,0.122710383,0.090715013,343,161,686
[RESULT] 4,8,1D,5,0.095994136,0.063996711,343,161,686
[RESULT] 4,8,1D,6,0.095918227,0.063917690,343,161,686
[RESULT] 4,8,1D,7,0.095993281,0.063993756,343,161,686
[RESULT] 4,8,1D,8,0.127977225,0.096000881,343,161,686
[RESULT] 4,8,1D,9,0.095995361,0.063993205,343,161,686
[RESULT] 6,8,1D,0,0.091964520,0.059970242,330,160,660
[RESULT] 6,8,1D,1,0.095999264,0.064004395,330,160,660
[RESULT] 6,8,1D,2,0.099989035,0.067985678,330,160,660
[RESULT] 6,8,1D,3,0.095989379,0.063986712,330,160,660
[RESULT] 6,8,1D,4,0.127987342,0.064019871,330,160,660
[RESULT] 6,8,1D,5,0.127998267,0.096002742,330,160,660
[RESULT] 6,8,1D,6,0.095996678,0.063998331,330,160,660
[RESULT] 6,8,1D,7,0.128007308,0.096000666,330,160,660
[RESULT] 6,8,1D,8,0.127991144,0.096001611,330,160,660
[RESULT] 6,8,1D,9,0.124249329,0.095996999,330,160,660
[RESULT] 7,8,1D,0,0.095996576,0.064008278,292,131,584
[RESULT] 7,8,1D,1,0.095989564,0.063994429,292,131,584
[RESULT] 7,8,1D,2,0.096010412,0.064019867,292,131,584
[RESULT] 7,8,1D,3,0.095998573,0.064002769,292,131,584
[RESULT] 7,8,1D,4,0.118548659,0.086553877,292,131,584
[RESULT] 7,8,1D,5,0.095973091,0.063976057,292,131,584
[RESULT] 7,8,1D,6,0.095987267,0.063993167,292,131,584
[RESULT] 7,8,1D,7,0.095993061,0.063996126,292,131,584
[RESULT] 7,8,1D,8,0.095908639,0.063927448,292,131,584
[RESULT] 7,8,1D,9,0.088011408,0.064005536,292,131,584
[RESULT] 3,8,1D,0,0.127989028,0.096014323,317,142,634
[RESULT] 3,8,1D,1,0.127987888,0.095989960,317,142,634
[RESULT] 3,8,1D,2,0.127999754,0.096005859,317,142,634
[RESULT] 3,8,1D,3,0.128001644,0.095991638,317,142,634
[RESULT] 3,8,1D,4,0.123926010,0.091939674,317,142,634
[RESULT] 3,8,1D,5,0.127999096,0.096005564,317,142,634
[RESULT] 3,8,1D,6,0.095986242,0.063990826,317,142,634
[RESULT] 3,8,1D,7,0.127996347,0.095999179,317,142,634
[RESULT] 3,8,1D,8,0.096029197,0.063993604,317,142,634
[RESULT] 3,8,1D,9,0.116263326,0.096002327,317,142,634
[RESULT] 5,8,1D,0,0.099994475,0.068006485,329,159,658
[RESULT] 5,8,1D,1,0.095996001,0.064000465,329,159,658
[RESULT] 5,8,1D,2,0.128013603,0.096011119,329,159,658
[RESULT] 5,8,1D,3,0.095948600,0.063960596,329,159,658
[RESULT] 5,8,1D,4,0.123990464,0.092001049,329,159,658
[RESULT] 5,8,1D,5,0.095993975,0.064015775,329,159,658
[RESULT] 5,8,1D,6,0.095996353,0.064003872,329,159,658
[RESULT] 5,8,1D,7,0.127997720,0.095999206,329,159,658
[RESULT] 5,8,1D,8,0.127994377,0.096014393,329,159,658
[RESULT] 5,8,1D,9,0.126439438,0.095993144,329,159,658
[RESULT] 2,8,1D,0,0.095988485,0.063995683,338,162,676
[RESULT] 2,8,1D,1,0.095999504,0.064030173,338,162,676
[RESULT] 2,8,1D,2,0.131997771,0.100007443,338,162,676
[RESULT] 2,8,1D,3,0.123995932,0.091996732,338,162,676
[RESULT] 2,8,1D,4,0.101533848,0.069531815,338,162,676
[RESULT] 2,8,1D,5,0.128014490,0.096023179,338,162,676
[RESULT] 2,8,1D,6,0.096038256,0.063994603,338,162,676
[RESULT] 2,8,1D,7,0.127995271,0.096005956,338,162,676
[RESULT] 2,8,1D,8,0.127990351,0.095993352,338,162,676
[RESULT] 2,8,1D,9,0.116008919,0.096001074,338,162,676
[RESULT] 1,8,1D,0,0.095988926,0.063999335,325,152,650
[RESULT] 1,8,1D,1,0.095995776,0.064003554,325,152,650
[RESULT] 1,8,1D,2,0.095996204,0.064012647,325,152,650
[RESULT] 1,8,1D,3,0.132000383,0.063996333,325,152,650
[RESULT] 1,8,1D,4,0.151976742,0.119992666,325,152,650
[RESULT] 1,8,1D,5,0.095984717,0.063989223,325,152,650
[RESULT] 1,8,1D,6,0.095976255,0.063986320,325,152,650
[RESULT] 1,8,1D,7,0.127999467,0.096000891,325,152,650
[RESULT] 1,8,1D,8,0.127994285,0.096002838,325,152,650
[RESULT] 1,8,1D,9,0.120045131,0.096005846,325,152,650
[RESULT] 0,8,1D,0,0.064008962,0.064003585,322,139,644
[RESULT] 0,8,1D,1,0.095998200,0.064024222,322,139,644
[RESULT] 0,8,1D,2,0.092025750,0.064029064,322,139,644
[RESULT] 0,8,1D,3,0.099997532,0.068005483,322,139,644
[RESULT] 0,8,1D,4,0.130310061,0.098312138,322,139,644
[RESULT] 0,8,1D,5,0.095991006,0.063985287,322,139,644
[RESULT] 0,8,1D,6,0.095999179,0.063997441,322,139,644
[RESULT] 0,8,1D,7,0.095996544,0.064010112,322,139,644
[RESULT] 0,8,1D,8,0.095988878,0.064023346,322,139,644
[RESULT] 0,8,1D,9,0.104002169,0.063992006,322,139,644

Benchmark Summary
Processes: 8
Distribution: 1D
Iterations: 10
Matrix NNZ: 2596
Total execution time: 2.248 seconds
