Retrieving the matrix from '../matrices/flowmeter0.mtx'...
%%MatrixMarket matrix coordinate real symmetric
9669 9669 38530
Real Matrix (Strong Scaling): Rows=9669 | Cols=9669 | NNZ=38530 | Procs=1
ok 1D distribution
Ghost columns identified: 0 total ghost values needed
Local vector initialized (size=9669 per process)
[RESULT] 0,1,0,0.000328812,0.000177433,38530,0,77060
[RESULT] 0,1,1,0.000366033,0.000169058,38530,0,77060
[RESULT] 0,1,2,0.000366546,0.000179586,38530,0,77060
[RESULT] 0,1,3,0.000260711,0.000109579,38530,0,77060
[RESULT] 0,1,4,0.000273207,0.000118219,38530,0,77060
[RESULT] 0,1,5,0.000249758,0.000102375,38530,0,77060
[RESULT] 0,1,6,0.000253324,0.000110120,38530,0,77060
[RESULT] 0,1,7,0.000259845,0.000115950,38530,0,77060
[RESULT] 0,1,8,0.000305286,0.000083193,38530,0,77060
[RESULT] 0,1,9,0.000285081,0.000097065,38530,0,77060

Benchmark Summary
Processes: 1
Iterations: 10
Matrix NNZ: 38530
Total execution time: 0.025 seconds
