Retrieving the matrix from '../matrices/1138_bus.mtx'...
%%MatrixMarket matrix coordinate real symmetric
1138 1138 2596
Real Matrix: Rows=1138 | Cols=1138 | NNZ=2596 | Procs=8 | Distribution=2D
Rank 6: Grid pos (1,2) | Rows [569-1138) | Cols [570-855) | Local NNZ: 614
Rank 4: Grid pos (1,0) | Rows [569-1138) | Cols [0-285) | Local NNZ: 36
2D Process Grid: 2 x 4 (rows x cols)
Rank 0: Grid pos (0,0) | Rows [0-569) | Cols [0-285) | Local NNZ: 723
Applied 2D distribution
Rank 5: Grid pos (1,1) | Rows [569-1138) | Cols [285-570) | Local NNZ: 106
Rank 7: Grid pos (1,3) | Rows [569-1138) | Cols [855-1138) | Local NNZ: 551
Rank 2: Grid pos (0,2) | Rows [0-569) | Cols [570-855) | Local NNZ: 0
Rank 1: Grid pos (0,1) | Rows [0-569) | Cols [285-570) | Local NNZ: 566
Rank 3: Grid pos (0,3) | Rows [0-569) | Cols [855-1138) | Local NNZ: 0
Ghost columns identified: 249 total ghost values needed
Local vector initialized (size=143 per process)
[RESULT] 2,8,2D,0,0.063980916,0.031997969,0,0,0
[RESULT] 2,8,2D,1,0.095998230,0.063995310,0,0,0
[RESULT] 2,8,2D,2,0.096015322,0.064029238,0,0,0
[RESULT] 2,8,2D,3,0.095998263,0.063999594,0,0,0
[RESULT] 2,8,2D,4,0.095996852,0.064004328,0,0,0
[RESULT] 2,8,2D,5,0.098908451,0.063997724,0,0,0
[RESULT] 2,8,2D,6,0.095987133,0.064102747,0,0,0
[RESULT] 2,8,2D,7,0.095982544,0.063990541,0,0,0
[RESULT] 2,8,2D,8,0.096000170,0.063999791,0,0,0
[RESULT] 2,8,2D,9,0.095997472,0.064023436,0,0,0
[RESULT] 1,8,2D,0,0.127988847,0.095991351,566,249,1132
[RESULT] 1,8,2D,1,0.127990494,0.095998043,566,249,1132
[RESULT] 1,8,2D,2,0.128000771,0.096000477,566,249,1132
[RESULT] 1,8,2D,3,0.127983669,0.095987350,566,249,1132
[RESULT] 1,8,2D,4,0.095999996,0.064008551,566,249,1132
[RESULT] 1,8,2D,5,0.127989253,0.095987938,566,249,1132
[RESULT] 1,8,2D,6,0.127994448,0.095993197,566,249,1132
[RESULT] 1,8,2D,7,0.127990867,0.095988815,566,249,1132
[RESULT] 1,8,2D,8,0.128001082,0.095996685,566,249,1132
[RESULT] 1,8,2D,9,0.096010929,0.064011456,566,249,1132
[RESULT] 6,8,2D,0,0.095991021,0.064000580,614,249,1228
[RESULT] 6,8,2D,1,0.096000595,0.064009335,614,249,1228
[RESULT] 6,8,2D,2,0.127990916,0.096012985,614,249,1228
[RESULT] 6,8,2D,3,0.096021668,0.064011017,614,249,1228
[RESULT] 6,8,2D,4,0.096004923,0.063997620,614,249,1228
[RESULT] 6,8,2D,5,0.127994995,0.095993878,614,249,1228
[RESULT] 6,8,2D,6,0.095984508,0.063981990,614,249,1228
[RESULT] 6,8,2D,7,0.095927111,0.063927509,614,249,1228
[RESULT] 6,8,2D,8,0.096011147,0.064006032,614,249,1228
[RESULT] 6,8,2D,9,0.088002101,0.064003340,614,249,1228
[RESULT] 7,8,2D,0,0.095990934,0.063991728,551,247,1102
[RESULT] 7,8,2D,1,0.095992073,0.063983692,551,247,1102
[RESULT] 7,8,2D,2,0.095999066,0.064006073,551,247,1102
[RESULT] 7,8,2D,3,0.095997995,0.063998664,551,247,1102
[RESULT] 7,8,2D,4,0.128003738,0.096066319,551,247,1102
[RESULT] 7,8,2D,5,0.095994955,0.063996148,551,247,1102
[RESULT] 7,8,2D,6,0.095997621,0.063997651,551,247,1102
[RESULT] 7,8,2D,7,0.095989958,0.063995319,551,247,1102
[RESULT] 7,8,2D,8,0.095996202,0.064001576,551,247,1102
[RESULT] 7,8,2D,9,0.116100946,0.096004653,551,247,1102
[RESULT] 0,8,2D,0,0.127990550,0.095979387,723,249,1446
[RESULT] 0,8,2D,1,0.127994614,0.096013177,723,249,1446
[RESULT] 0,8,2D,2,0.159971951,0.127972802,723,249,1446
[RESULT] 0,8,2D,3,0.127996231,0.095998642,723,249,1446
[RESULT] 0,8,2D,4,0.096006679,0.064006924,723,249,1446
[RESULT] 0,8,2D,5,0.128004994,0.096005350,723,249,1446
[RESULT] 0,8,2D,6,0.127998302,0.096003374,723,249,1446
[RESULT] 0,8,2D,7,0.127997130,0.095995165,723,249,1446
[RESULT] 0,8,2D,8,0.128002811,0.095998230,723,249,1446
[RESULT] 0,8,2D,9,0.103974026,0.064119586,723,249,1446

Benchmark Summary
Processes: 8
Distribution: 2D
Iterations: 10
Matrix NNZ: 2596
Total execution time: 2.152 seconds
[RESULT] 4,8,2D,0,0.095992498,0.063995701,36,24,72
[RESULT] 4,8,2D,1,0.127995653,0.064003980,36,24,72
[RESULT] 4,8,2D,2,0.127965585,0.095970852,36,24,72
[RESULT] 4,8,2D,3,0.095994247,0.063997337,36,24,72
[RESULT] 4,8,2D,4,0.096061665,0.063997079,36,24,72
[RESULT] 4,8,2D,5,0.127998361,0.095997868,36,24,72
[RESULT] 4,8,2D,6,0.095996517,0.063997560,36,24,72
[RESULT] 4,8,2D,7,0.095992128,0.063993887,36,24,72
[RESULT] 4,8,2D,8,0.096008679,0.064003289,36,24,72
[RESULT] 4,8,2D,9,0.080142953,0.060021142,36,24,72
[RESULT] 5,8,2D,0,0.095990432,0.063999478,106,41,212
[RESULT] 5,8,2D,1,0.095944254,0.063954870,106,41,212
[RESULT] 5,8,2D,2,0.127976205,0.095981803,106,41,212
[RESULT] 5,8,2D,3,0.096012153,0.063992754,106,41,212
[RESULT] 5,8,2D,4,0.095988320,0.063990518,106,41,212
[RESULT] 5,8,2D,5,0.127998528,0.095994232,106,41,212
[RESULT] 5,8,2D,6,0.095997555,0.063990882,106,41,212
[RESULT] 5,8,2D,7,0.095994176,0.064000980,106,41,212
[RESULT] 5,8,2D,8,0.096001112,0.064005293,106,41,212
[RESULT] 5,8,2D,9,0.085271086,0.060076405,106,41,212
[RESULT] 3,8,2D,0,0.095997588,0.064018186,0,0,0
[RESULT] 3,8,2D,1,0.095998893,0.064014926,0,0,0
[RESULT] 3,8,2D,2,0.095995406,0.063998062,0,0,0
[RESULT] 3,8,2D,3,0.128011445,0.064005302,0,0,0
[RESULT] 3,8,2D,4,0.096003262,0.064006360,0,0,0
[RESULT] 3,8,2D,5,0.095996576,0.064032849,0,0,0
[RESULT] 3,8,2D,6,0.095991860,0.063997087,0,0,0
[RESULT] 3,8,2D,7,0.096002037,0.063997843,0,0,0
[RESULT] 3,8,2D,8,0.127996367,0.064000127,0,0,0
[RESULT] 3,8,2D,9,0.108094405,0.064036174,0,0,0
