Retrieving the matrix from '../matrices/cond-mat-2005.mtx'...
%%MatrixMarket matrix coordinate real symmetric
40421 40421 175693
Real Matrix: Rows=40421 | Cols=40421 | NNZ=175693 | Procs=2 | Distribution=2D
2D Process Grid: 1 x 2 (rows x cols)
Rank 1: Grid pos (0,1) | Rows [0-40421) | Cols [20211-40421) | Local NNZ: 24374
Rank 0: Grid pos (0,0) | Rows [0-40421) | Cols [0-20211) | Local NNZ: 151319
Applied 2D distribution
Ghost columns identified: 8131 total ghost values needed
Local vector initialized (size=20211 per process)
[RESULT] 1,2,2D,0,0.000209028,0.000029149,24374,4859,48748
[RESULT] 1,2,2D,1,0.000249014,0.000024461,24374,4859,48748
[RESULT] 1,2,2D,2,0.000221974,0.000012527,24374,4859,48748
[RESULT] 1,2,2D,3,0.000209389,0.000010925,24374,4859,48748
[RESULT] 1,2,2D,4,0.000257066,0.000009119,24374,4859,48748
[RESULT] 1,2,2D,5,0.000268950,0.000036187,24374,4859,48748
[RESULT] 1,2,2D,6,0.000205502,0.000026426,24374,4859,48748
[RESULT] 1,2,2D,7,0.000193654,0.000009602,24374,4859,48748
[RESULT] 1,2,2D,8,0.000179111,0.000012386,24374,4859,48748
[RESULT] 1,2,2D,9,0.000173671,0.000009270,24374,4859,48748
[RESULT] 0,2,2D,0,0.001315985,0.000029236,151319,8131,302638
[RESULT] 0,2,2D,1,0.001098708,0.000029216,151319,8131,302638
[RESULT] 0,2,2D,2,0.001067471,0.000012456,151319,8131,302638
[RESULT] 0,2,2D,3,0.001023360,0.000010885,151319,8131,302638
[RESULT] 0,2,2D,4,0.000997552,0.000009333,151319,8131,302638
[RESULT] 0,2,2D,5,0.001039914,0.000036717,151319,8131,302638
[RESULT] 0,2,2D,6,0.001006106,0.000026614,151319,8131,302638
[RESULT] 0,2,2D,7,0.001007129,0.000009358,151319,8131,302638
[RESULT] 0,2,2D,8,0.000959855,0.000012515,151319,8131,302638
[RESULT] 0,2,2D,9,0.001067646,0.000009396,151319,8131,302638

Benchmark Summary
Processes: 2
Distribution: 2D
Iterations: 10
Matrix NNZ: 175693
Total execution time: 0.120 seconds
