Retrieving the matrix from '../matrices/cond-mat-2005.mtx'...
%%MatrixMarket matrix coordinate real symmetric
40421 40421 175693
Real Matrix: Rows=40421 | Cols=40421 | NNZ=175693 | Procs=8 | Distribution=1D
Applied 1D distribution
Ghost columns identified: 10276 total ghost values needed
Local vector initialized (size=5053 per process)
[RESULT] 6,8,1D,0,0.000196417,0.000084995,22049,10117,44098
[RESULT] 6,8,1D,1,0.000138611,0.000032701,22049,10117,44098
[RESULT] 6,8,1D,2,0.000168347,0.000061277,22049,10117,44098
[RESULT] 6,8,1D,3,0.000162181,0.000051916,22049,10117,44098
[RESULT] 6,8,1D,4,0.000142157,0.000033720,22049,10117,44098
[RESULT] 6,8,1D,5,0.000219542,0.000105467,22049,10117,44098
[RESULT] 6,8,1D,6,0.000144041,0.000037914,22049,10117,44098
[RESULT] 6,8,1D,7,0.000198888,0.000098786,22049,10117,44098
[RESULT] 6,8,1D,8,0.000134687,0.000044396,22049,10117,44098
[RESULT] 6,8,1D,9,0.000124433,0.000035958,22049,10117,44098
[RESULT] 7,8,1D,0,0.000143529,0.000045301,21543,10236,43086
[RESULT] 7,8,1D,1,0.000107290,0.000025942,21543,10236,43086
[RESULT] 7,8,1D,2,0.000127150,0.000058207,21543,10236,43086
[RESULT] 7,8,1D,3,0.000091681,0.000030842,21543,10236,43086
[RESULT] 7,8,1D,4,0.000084688,0.000025014,21543,10236,43086
[RESULT] 7,8,1D,5,0.000172272,0.000108715,21543,10236,43086
[RESULT] 7,8,1D,6,0.000093164,0.000028485,21543,10236,43086
[RESULT] 7,8,1D,7,0.000182821,0.000098859,21543,10236,43086
[RESULT] 7,8,1D,8,0.000105944,0.000032306,21543,10236,43086
[RESULT] 7,8,1D,9,0.000096933,0.000026127,21543,10236,43086
[RESULT] 0,8,1D,0,0.000237513,0.000094979,21865,10276,43730
[RESULT] 0,8,1D,1,0.000173198,0.000054245,21865,10276,43730
[RESULT] 0,8,1D,2,0.000175869,0.000055315,21865,10276,43730
[RESULT] 0,8,1D,3,0.000184105,0.000063635,21865,10276,43730
[RESULT] 0,8,1D,4,0.000181640,0.000035760,21865,10276,43730
[RESULT] 0,8,1D,5,0.000234478,0.000106359,21865,10276,43730
[RESULT] 0,8,1D,6,0.000252591,0.000039412,21865,10276,43730
[RESULT] 0,8,1D,7,0.000232427,0.000096725,21865,10276,43730
[RESULT] 0,8,1D,8,0.000147906,0.000031503,21865,10276,43730
[RESULT] 0,8,1D,9,0.000138984,0.000029787,21865,10276,43730

Benchmark Summary
Processes: 8
Distribution: 1D
Iterations: 10
Matrix NNZ: 175693
Total execution time: 0.206 seconds
[RESULT] 1,8,1D,0,0.000237539,0.000091901,21820,10124,43640
[RESULT] 1,8,1D,1,0.000138101,0.000042419,21820,10124,43640
[RESULT] 1,8,1D,2,0.000148403,0.000069888,21820,10124,43640
[RESULT] 1,8,1D,3,0.000093539,0.000022839,21820,10124,43640
[RESULT] 1,8,1D,4,0.000090082,0.000024467,21820,10124,43640
[RESULT] 1,8,1D,5,0.000171714,0.000103297,21820,10124,43640
[RESULT] 1,8,1D,6,0.000128485,0.000026342,21820,10124,43640
[RESULT] 1,8,1D,7,0.000260349,0.000117341,21820,10124,43640
[RESULT] 1,8,1D,8,0.000178128,0.000044796,21820,10124,43640
[RESULT] 1,8,1D,9,0.000187249,0.000036924,21820,10124,43640
[RESULT] 2,8,1D,0,0.000178978,0.000081789,21869,10056,43738
[RESULT] 2,8,1D,1,0.000119385,0.000038837,21869,10056,43738
[RESULT] 2,8,1D,2,0.000133939,0.000056642,21869,10056,43738
[RESULT] 2,8,1D,3,0.000090786,0.000021556,21869,10056,43738
[RESULT] 2,8,1D,4,0.000084380,0.000020192,21869,10056,43738
[RESULT] 2,8,1D,5,0.000188531,0.000102600,21869,10056,43738
[RESULT] 2,8,1D,6,0.000172490,0.000024674,21869,10056,43738
[RESULT] 2,8,1D,7,0.000213338,0.000100103,21869,10056,43738
[RESULT] 2,8,1D,8,0.000116497,0.000041104,21869,10056,43738
[RESULT] 2,8,1D,9,0.000103687,0.000033230,21869,10056,43738
[RESULT] 3,8,1D,0,0.000198708,0.000088066,21843,10122,43686
[RESULT] 3,8,1D,1,0.000135927,0.000031344,21843,10122,43686
[RESULT] 3,8,1D,2,0.000171553,0.000066111,21843,10122,43686
[RESULT] 3,8,1D,3,0.000150143,0.000043292,21843,10122,43686
[RESULT] 3,8,1D,4,0.000135655,0.000030933,21843,10122,43686
[RESULT] 3,8,1D,5,0.000217103,0.000104388,21843,10122,43686
[RESULT] 3,8,1D,6,0.000323756,0.000034804,21843,10122,43686
[RESULT] 3,8,1D,7,0.000217490,0.000100166,21843,10122,43686
[RESULT] 3,8,1D,8,0.000143389,0.000029877,21843,10122,43686
[RESULT] 3,8,1D,9,0.000151826,0.000028522,21843,10122,43686
[RESULT] 4,8,1D,0,0.000153868,0.000073324,22480,10015,44960
[RESULT] 4,8,1D,1,0.000106161,0.000035722,22480,10015,44960
[RESULT] 4,8,1D,2,0.000128410,0.000059631,22480,10015,44960
[RESULT] 4,8,1D,3,0.000092608,0.000027661,22480,10015,44960
[RESULT] 4,8,1D,4,0.000100896,0.000027605,22480,10015,44960
[RESULT] 4,8,1D,5,0.000177379,0.000107040,22480,10015,44960
[RESULT] 4,8,1D,6,0.000107088,0.000026143,22480,10015,44960
[RESULT] 4,8,1D,7,0.000169021,0.000094501,22480,10015,44960
[RESULT] 4,8,1D,8,0.000103220,0.000037493,22480,10015,44960
[RESULT] 4,8,1D,9,0.000093310,0.000030391,22480,10015,44960
[RESULT] 5,8,1D,0,0.000156581,0.000076540,22224,10073,44448
[RESULT] 5,8,1D,1,0.000094752,0.000023586,22224,10073,44448
[RESULT] 5,8,1D,2,0.000135077,0.000063226,22224,10073,44448
[RESULT] 5,8,1D,3,0.000102300,0.000039490,22224,10073,44448
[RESULT] 5,8,1D,4,0.000089752,0.000028256,22224,10073,44448
[RESULT] 5,8,1D,5,0.000183321,0.000115658,22224,10073,44448
[RESULT] 5,8,1D,6,0.000098692,0.000032155,22224,10073,44448
[RESULT] 5,8,1D,7,0.000165525,0.000101114,22224,10073,44448
[RESULT] 5,8,1D,8,0.000087547,0.000027972,22224,10073,44448
[RESULT] 5,8,1D,9,0.000097309,0.000027875,22224,10073,44448
