Retrieving the matrix from '../matrices/dixmaanl.mtx'...
%%MatrixMarket matrix coordinate real symmetric
60000 60000 179999
Real Matrix: Rows=60000 | Cols=60000 | NNZ=179999 | Procs=1 | Distribution=1D
Applied 1D distribution
Ghost columns identified: 0 total ghost values needed
Local vector initialized (size=60000 per process)
[RESULT] 0,1,1D,0,0.000245640,0.000000792,179999,0,359998
[RESULT] 0,1,1D,1,0.000268556,0.000000098,179999,0,359998
[RESULT] 0,1,1D,2,0.000235509,0.000000223,179999,0,359998
[RESULT] 0,1,1D,3,0.000233642,0.000000093,179999,0,359998
[RESULT] 0,1,1D,4,0.000246484,0.000000096,179999,0,359998
[RESULT] 0,1,1D,5,0.000231658,0.000000233,179999,0,359998
[RESULT] 0,1,1D,6,0.000243077,0.000000118,179999,0,359998
[RESULT] 0,1,1D,7,0.000230361,0.000000238,179999,0,359998
[RESULT] 0,1,1D,8,0.000268403,0.000000097,179999,0,359998
[RESULT] 0,1,1D,9,0.000235472,0.000000670,179999,0,359998

Benchmark Summary
Processes: 1
Distribution: 1D
Iterations: 10
Matrix NNZ: 179999
Total execution time: 0.154 seconds
