Retrieving the matrix from '../matrices/cond-mat-2005.mtx'...
%%MatrixMarket matrix coordinate real symmetric
40421 40421 175693
Real Matrix: Rows=40421 | Cols=40421 | NNZ=175693 | Procs=8 | Distribution=2D
Rank 2: Grid pos (0,2) | Rows [0-20211) | Cols [20212-30318) | Local NNZ: 0
Rank 3: Grid pos (0,3) | Rows [0-20211) | Cols [30318-40421) | Local NNZ: 0
Rank 5: Grid pos (1,1) | Rows [20211-40421) | Cols [10106-20212) | Local NNZ: 17311
Rank 1: Grid pos (0,1) | Rows [0-20211) | Cols [10106-20212) | Local NNZ: 20090
Rank 4: Grid pos (1,0) | Rows [20211-40421) | Cols [0-10106) | Local NNZ: 33402
Rank 6: Grid pos (1,2) | Rows [20211-40421) | Cols [20212-30318) | Local NNZ: 16327
Rank 7: Grid pos (1,3) | Rows [20211-40421) | Cols [30318-40421) | Local NNZ: 8047
2D Process Grid: 2 x 4 (rows x cols)
Rank 0: Grid pos (0,0) | Rows [0-20211) | Cols [0-10106) | Local NNZ: 80516
Applied 2D distribution
Ghost columns identified: 7616 total ghost values needed
Local vector initialized (size=5053 per process)
[RESULT] 4,8,2D,0,0.096182687,0.064021724,33402,5378,66804
[RESULT] 4,8,2D,1,0.096194846,0.064071895,33402,5378,66804
[RESULT] 4,8,2D,2,0.096196351,0.064021891,33402,5378,66804
[RESULT] 4,8,2D,3,0.096166765,0.063979717,33402,5378,66804
[RESULT] 4,8,2D,4,0.128156658,0.095958794,33402,5378,66804
[RESULT] 4,8,2D,5,0.100263416,0.064014702,33402,5378,66804
[RESULT] 4,8,2D,6,0.128207338,0.096110999,33402,5378,66804
[RESULT] 4,8,2D,7,0.128182323,0.095998010,33402,5378,66804
[RESULT] 4,8,2D,8,0.124231663,0.092003388,33402,5378,66804
[RESULT] 4,8,2D,9,0.128192362,0.096007378,33402,5378,66804
[RESULT] 5,8,2D,0,0.096119043,0.064016283,17311,3761,34622
[RESULT] 5,8,2D,1,0.096127608,0.064032745,17311,3761,34622
[RESULT] 5,8,2D,2,0.096136176,0.064027892,17311,3761,34622
[RESULT] 5,8,2D,3,0.096253614,0.064020797,17311,3761,34622
[RESULT] 5,8,2D,4,0.120107304,0.087961744,17311,3761,34622
[RESULT] 5,8,2D,5,0.124120679,0.096088742,17311,3761,34622
[RESULT] 5,8,2D,6,0.128158823,0.096026031,17311,3761,34622
[RESULT] 5,8,2D,7,0.124108552,0.091982930,17311,3761,34622
[RESULT] 5,8,2D,8,0.132128992,0.100005627,17311,3761,34622
[RESULT] 5,8,2D,9,0.092562247,0.063999946,17311,3761,34622
[RESULT] 7,8,2D,0,0.128011964,0.095959302,8047,3557,16094
[RESULT] 7,8,2D,1,0.128064447,0.096000436,8047,3557,16094
[RESULT] 7,8,2D,2,0.128061580,0.096023873,8047,3557,16094
[RESULT] 7,8,2D,3,0.127150228,0.095982828,8047,3557,16094
[RESULT] 7,8,2D,4,0.120062509,0.088001065,8047,3557,16094
[RESULT] 7,8,2D,5,0.128200769,0.096005803,8047,3557,16094
[RESULT] 7,8,2D,6,0.064098117,0.064005700,8047,3557,16094
[RESULT] 7,8,2D,7,0.128061698,0.095994169,8047,3557,16094
[RESULT] 7,8,2D,8,0.128067852,0.096006090,8047,3557,16094
[RESULT] 7,8,2D,9,0.120088753,0.096012972,8047,3557,16094
[RESULT] 1,8,2D,0,0.096107333,0.063997862,20090,5359,40180
[RESULT] 1,8,2D,1,0.096113162,0.064015493,20090,5359,40180
[RESULT] 1,8,2D,2,0.096106130,0.063997480,20090,5359,40180
[RESULT] 1,8,2D,3,0.089710702,0.064004257,20090,5359,40180
[RESULT] 1,8,2D,4,0.096096519,0.064001401,20090,5359,40180
[RESULT] 1,8,2D,5,0.128111864,0.064024347,20090,5359,40180
[RESULT] 1,8,2D,6,0.128112231,0.096031935,20090,5359,40180
[RESULT] 1,8,2D,7,0.096218888,0.064008154,20090,5359,40180
[RESULT] 1,8,2D,8,0.096108395,0.064010405,20090,5359,40180
[RESULT] 1,8,2D,9,0.080389172,0.063999569,20090,5359,40180
[RESULT] 6,8,2D,0,0.096108105,0.063998479,16327,4943,32654
[RESULT] 6,8,2D,1,0.096117479,0.064015777,16327,4943,32654
[RESULT] 6,8,2D,2,0.096123918,0.064009802,16327,4943,32654
[RESULT] 6,8,2D,3,0.093282366,0.064010786,16327,4943,32654
[RESULT] 6,8,2D,4,0.120100915,0.088000566,16327,4943,32654
[RESULT] 6,8,2D,5,0.096157288,0.064009682,16327,4943,32654
[RESULT] 6,8,2D,6,0.096110156,0.063996567,16327,4943,32654
[RESULT] 6,8,2D,7,0.096113710,0.064030053,16327,4943,32654
[RESULT] 6,8,2D,8,0.096107197,0.063988309,16327,4943,32654
[RESULT] 6,8,2D,9,0.101936694,0.064017178,16327,4943,32654
[RESULT] 3,8,2D,0,0.096010313,0.064018118,0,0,0
[RESULT] 3,8,2D,1,0.096012179,0.064001622,0,0,0
[RESULT] 3,8,2D,2,0.095998448,0.063995790,0,0,0
[RESULT] 3,8,2D,3,0.096015722,0.064006898,0,0,0
[RESULT] 3,8,2D,4,0.095990656,0.063986799,0,0,0
[RESULT] 3,8,2D,5,0.159965678,0.127954528,0,0,0
[RESULT] 3,8,2D,6,0.096004149,0.064000832,0,0,0
[RESULT] 3,8,2D,7,0.127981846,0.095988244,0,0,0
[RESULT] 3,8,2D,8,0.127994617,0.095992117,0,0,0
[RESULT] 3,8,2D,9,0.127076867,0.095991694,0,0,0
[RESULT] 0,8,2D,0,0.128305762,0.096012406,80516,7616,161032
[RESULT] 0,8,2D,1,0.128298551,0.096012254,80516,7616,161032
[RESULT] 0,8,2D,2,0.128325827,0.096006579,80516,7616,161032
[RESULT] 0,8,2D,3,0.124351114,0.096035579,80516,7616,161032
[RESULT] 0,8,2D,4,0.096311051,0.064013766,80516,7616,161032
[RESULT] 0,8,2D,5,0.128217962,0.063914032,80516,7616,161032
[RESULT] 0,8,2D,6,0.096302049,0.064023127,80516,7616,161032
[RESULT] 0,8,2D,7,0.128312958,0.096023092,80516,7616,161032
[RESULT] 0,8,2D,8,0.128289827,0.095996664,80516,7616,161032
[RESULT] 0,8,2D,9,0.120796086,0.096009765,80516,7616,161032

Benchmark Summary
Processes: 8
Distribution: 2D
Iterations: 10
Matrix NNZ: 175693
Total execution time: 2.481 seconds
[RESULT] 2,8,2D,0,0.096173475,0.063998677,0,0,0
[RESULT] 2,8,2D,1,0.096002091,0.063989800,0,0,0
[RESULT] 2,8,2D,2,0.096002356,0.064000096,0,0,0
[RESULT] 2,8,2D,3,0.096003826,0.064006408,0,0,0
[RESULT] 2,8,2D,4,0.121539152,0.089534592,0,0,0
[RESULT] 2,8,2D,5,0.127992765,0.095984547,0,0,0
[RESULT] 2,8,2D,6,0.096007441,0.063999546,0,0,0
[RESULT] 2,8,2D,7,0.128032777,0.095996077,0,0,0
[RESULT] 2,8,2D,8,0.096013720,0.063999282,0,0,0
[RESULT] 2,8,2D,9,0.128019752,0.096000542,0,0,0
