Retrieving the matrix from '../matrices/1138_bus.mtx'...
Rank 1: Grid pos (0,1) | Rows [0-569) | Cols [569-1138) | Local NNZ: 0
[RESULT] 1,4,2D,0,0.000002180,0.000001726,0,0,0
[RESULT] 1,4,2D,1,0.000009798,0.000009486,0,0,0
[RESULT] 1,4,2D,2,0.000001989,0.000001453,0,0,0
[RESULT] 1,4,2D,3,0.000010113,0.000009780,0,0,0
[RESULT] 1,4,2D,4,0.000003316,0.000003001,0,0,0
[RESULT] 1,4,2D,5,0.000001746,0.000001445,0,0,0
[RESULT] 1,4,2D,6,0.000002030,0.000001503,0,0,0
[RESULT] 1,4,2D,7,0.000001979,0.000001453,0,0,0
[RESULT] 1,4,2D,8,0.000001936,0.000001643,0,0,0
[RESULT] 1,4,2D,9,0.000002155,0.000001626,0,0,0
Rank 2: Grid pos (1,0) | Rows [569-1138) | Cols [0-569) | Local NNZ: 140
[RESULT] 2,4,2D,0,0.000003901,0.000002026,140,58,280
[RESULT] 2,4,2D,1,0.000010900,0.000009775,140,58,280
[RESULT] 2,4,2D,2,0.000002509,0.000001556,140,58,280
[RESULT] 2,4,2D,3,0.000007859,0.000006923,140,58,280
[RESULT] 2,4,2D,4,0.000003094,0.000002238,140,58,280
[RESULT] 2,4,2D,5,0.000002007,0.000001123,140,58,280
[RESULT] 2,4,2D,6,0.000002054,0.000001236,140,58,280
[RESULT] 2,4,2D,7,0.000001910,0.000001131,140,58,280
[RESULT] 2,4,2D,8,0.000001890,0.000001128,140,58,280
[RESULT] 2,4,2D,9,0.000001912,0.000001140,140,58,280
Rank 3: Grid pos (1,1) | Rows [569-1138) | Cols [569-1138) | Local NNZ: 1167
[RESULT] 3,4,2D,0,0.000007557,0.000001978,1167,427,2334
[RESULT] 3,4,2D,1,0.000013503,0.000009877,1167,427,2334
[RESULT] 3,4,2D,2,0.000004944,0.000001714,1167,427,2334
[RESULT] 3,4,2D,3,0.000007490,0.000004945,1167,427,2334
[RESULT] 3,4,2D,4,0.000004283,0.000002494,1167,427,2334
[RESULT] 3,4,2D,5,0.000003011,0.000001321,1167,427,2334
[RESULT] 3,4,2D,6,0.000002877,0.000001258,1167,427,2334
[RESULT] 3,4,2D,7,0.000002712,0.000001164,1167,427,2334
[RESULT] 3,4,2D,8,0.000002897,0.000001275,1167,427,2334
[RESULT] 3,4,2D,9,0.000002905,0.000001372,1167,427,2334
%%MatrixMarket matrix coordinate real symmetric
1138 1138 2596
Real Matrix: Rows=1138 | Cols=1138 | NNZ=2596 | Procs=4 | Distribution=2D
2D Process Grid: 2 x 2 (rows x cols)
Rank 0: Grid pos (0,0) | Rows [0-569) | Cols [0-569) | Local NNZ: 1289
Applied 2D distribution
Ghost columns identified: 426 total ghost values needed
Local vector initialized (size=285 per process)
[RESULT] 0,4,2D,0,0.000011796,0.000002647,1289,426,2578
[RESULT] 0,4,2D,1,0.000018992,0.000010861,1289,426,2578
[RESULT] 0,4,2D,2,0.000008806,0.000002039,1289,426,2578
[RESULT] 0,4,2D,3,0.000012179,0.000005807,1289,426,2578
[RESULT] 0,4,2D,4,0.000008859,0.000003065,1289,426,2578
[RESULT] 0,4,2D,5,0.000007049,0.000001805,1289,426,2578
[RESULT] 0,4,2D,6,0.000006525,0.000001621,1289,426,2578
[RESULT] 0,4,2D,7,0.000006252,0.000001532,1289,426,2578
[RESULT] 0,4,2D,8,0.000006441,0.000001782,1289,426,2578
[RESULT] 0,4,2D,9,0.000006054,0.000001746,1289,426,2578

Benchmark Summary
Processes: 4
Distribution: 2D
Iterations: 10
Matrix NNZ: 2596
Total execution time: 0.015 seconds
