Retrieving the matrix from '../matrices/cond-mat-2005.mtx'...
%%MatrixMarket matrix coordinate real symmetric
40421 40421 175693
Real Matrix (Strong Scaling): Rows=40421 | Cols=40421 | NNZ=175693 | Procs=8
ok 1D distribution
Ghost columns identified: 10276 total ghost values needed
Local vector initialized (size=5053 per process)
[RESULT] 1,8,0,0.000234521,0.000102423,21820,10124,43640
[RESULT] 1,8,1,0.000147541,0.000050734,21820,10124,43640
[RESULT] 1,8,2,0.000195991,0.000102424,21820,10124,43640
[RESULT] 1,8,3,0.000135541,0.000043472,21820,10124,43640
[RESULT] 1,8,4,0.000734091,0.000641456,21820,10124,43640
[RESULT] 1,8,5,0.000144214,0.000047925,21820,10124,43640
[RESULT] 1,8,6,0.000195800,0.000031193,21820,10124,43640
[RESULT] 1,8,7,0.000145018,0.000040437,21820,10124,43640
[RESULT] 1,8,8,0.000121654,0.000030063,21820,10124,43640
[RESULT] 1,8,9,0.000120421,0.000029132,21820,10124,43640
[RESULT] 2,8,0,0.000138272,0.000047345,21869,10056,43738
[RESULT] 2,8,1,0.000115802,0.000048562,21869,10056,43738
[RESULT] 2,8,2,0.000094859,0.000029008,21869,10056,43738
[RESULT] 2,8,3,0.000102790,0.000042818,21869,10056,43738
[RESULT] 2,8,4,0.000374704,0.000317839,21869,10056,43738
[RESULT] 2,8,5,0.000171381,0.000052180,21869,10056,43738
[RESULT] 2,8,6,0.000086173,0.000034147,21869,10056,43738
[RESULT] 2,8,7,0.000085660,0.000034564,21869,10056,43738
[RESULT] 2,8,8,0.000082005,0.000024763,21869,10056,43738
[RESULT] 2,8,9,0.000071918,0.000022883,21869,10056,43738
[RESULT] 3,8,0,0.000223604,0.000093816,21843,10122,43686
[RESULT] 3,8,1,0.000160620,0.000049150,21843,10122,43686
[RESULT] 3,8,2,0.000203597,0.000107287,21843,10122,43686
[RESULT] 3,8,3,0.000127388,0.000034050,21843,10122,43686
[RESULT] 3,8,4,0.000737020,0.000643140,21843,10122,43686
[RESULT] 3,8,5,0.000134494,0.000040042,21843,10122,43686
[RESULT] 3,8,6,0.000105972,0.000025233,21843,10122,43686
[RESULT] 3,8,7,0.000152511,0.000037622,21843,10122,43686
[RESULT] 3,8,8,0.000118465,0.000027549,21843,10122,43686
[RESULT] 3,8,9,0.000116485,0.000026699,21843,10122,43686
[RESULT] 5,8,0,0.000137413,0.000049543,22224,10073,44448
[RESULT] 5,8,1,0.000106859,0.000041841,22224,10073,44448
[RESULT] 5,8,2,0.000144100,0.000084651,22224,10073,44448
[RESULT] 5,8,3,0.000095797,0.000040130,22224,10073,44448
[RESULT] 5,8,4,0.000692946,0.000639709,22224,10073,44448
[RESULT] 5,8,5,0.000088317,0.000036653,22224,10073,44448
[RESULT] 5,8,6,0.000073539,0.000022465,22224,10073,44448
[RESULT] 5,8,7,0.000082389,0.000026278,22224,10073,44448
[RESULT] 5,8,8,0.000074706,0.000024438,22224,10073,44448
[RESULT] 5,8,9,0.000072392,0.000023236,22224,10073,44448
[RESULT] 6,8,0,0.000159379,0.000087897,22049,10117,44098
[RESULT] 6,8,1,0.000109407,0.000043415,22049,10117,44098
[RESULT] 6,8,2,0.000157881,0.000098264,22049,10117,44098
[RESULT] 6,8,3,0.000089410,0.000032673,22049,10117,44098
[RESULT] 6,8,4,0.000697831,0.000643083,22049,10117,44098
[RESULT] 6,8,5,0.000091105,0.000037789,22049,10117,44098
[RESULT] 6,8,6,0.000072609,0.000020486,22049,10117,44098
[RESULT] 6,8,7,0.000082649,0.000030486,22049,10117,44098
[RESULT] 6,8,8,0.000073205,0.000021220,22049,10117,44098
[RESULT] 6,8,9,0.000071892,0.000021107,22049,10117,44098
[RESULT] 7,8,0,0.000221409,0.000111142,21543,10236,43086
[RESULT] 7,8,1,0.000155779,0.000046778,21543,10236,43086
[RESULT] 7,8,2,0.000223938,0.000115448,21543,10236,43086
[RESULT] 7,8,3,0.000152044,0.000042552,21543,10236,43086
[RESULT] 7,8,4,0.000751221,0.000643724,21543,10236,43086
[RESULT] 7,8,5,0.000164248,0.000057083,21543,10236,43086
[RESULT] 7,8,6,0.000462714,0.000035660,21543,10236,43086
[RESULT] 7,8,7,0.000177720,0.000044003,21543,10236,43086
[RESULT] 7,8,8,0.000097499,0.000032367,21543,10236,43086
[RESULT] 7,8,9,0.000092720,0.000031108,21543,10236,43086
[RESULT] 0,8,0,0.000199141,0.000107889,21865,10276,43730
[RESULT] 0,8,1,0.000124414,0.000039783,21865,10276,43730
[RESULT] 0,8,2,0.000085977,0.000027878,21865,10276,43730
[RESULT] 0,8,3,0.000103774,0.000048589,21865,10276,43730
[RESULT] 0,8,4,0.000692604,0.000639498,21865,10276,43730
[RESULT] 0,8,5,0.000096919,0.000045798,21865,10276,43730
[RESULT] 0,8,6,0.000078124,0.000027938,21865,10276,43730
[RESULT] 0,8,7,0.000075175,0.000025336,21865,10276,43730
[RESULT] 0,8,8,0.000069327,0.000020483,21865,10276,43730
[RESULT] 0,8,9,0.000065706,0.000017531,21865,10276,43730

Benchmark Summary
Processes: 8
Iterations: 10
Matrix NNZ: 175693
Total execution time: 0.185 seconds
[RESULT] 4,8,0,0.000135397,0.000051976,22480,10015,44960
[RESULT] 4,8,1,0.000122371,0.000052203,22480,10015,44960
[RESULT] 4,8,2,0.000094217,0.000027470,22480,10015,44960
[RESULT] 4,8,3,0.000085420,0.000024060,22480,10015,44960
[RESULT] 4,8,4,0.000702191,0.000645246,22480,10015,44960
[RESULT] 4,8,5,0.000098109,0.000043552,22480,10015,44960
[RESULT] 4,8,6,0.000168391,0.000019618,22480,10015,44960
[RESULT] 4,8,7,0.000182539,0.000043100,22480,10015,44960
[RESULT] 4,8,8,0.000149237,0.000033172,22480,10015,44960
[RESULT] 4,8,9,0.000201278,0.000032629,22480,10015,44960
