Retrieving the matrix from '../matrices/flowmeter0.mtx'...
%%MatrixMarket matrix coordinate real symmetric
9669 9669 38530
Real Matrix: Rows=9669 | Cols=9669 | NNZ=38530 | Procs=2 | Distribution=2D_cyclic
2D Process Grid (Cyclic): 1 x 2
Rank 1: Grid pos (0,1) | Local rows: 9669 | Local NNZ: 19247
Rank 0: Grid pos (0,0) | Local rows: 9669 | Local NNZ: 19283
Applied 2Dcyclic distribution
Ghost columns identified: 0 total ghost values needed
Local vector initialized (size=4835 per process)
[RESULT] 0,2,2D_cyclic,0,0.000198298,0.000071385,19283,0,38566
[RESULT] 0,2,2D_cyclic,1,0.000236193,0.000087320,19283,0,38566
[RESULT] 0,2,2D_cyclic,2,0.000211480,0.000089178,19283,0,38566
[RESULT] 0,2,2D_cyclic,3,0.000187546,0.000089971,19283,0,38566
[RESULT] 0,2,2D_cyclic,4,0.000177615,0.000073789,19283,0,38566
[RESULT] 0,2,2D_cyclic,5,0.000349679,0.000218273,19283,0,38566
[RESULT] 0,2,2D_cyclic,6,0.000182417,0.000051596,19283,0,38566
[RESULT] 0,2,2D_cyclic,7,0.000273729,0.000159762,19283,0,38566
[RESULT] 0,2,2D_cyclic,8,0.000178352,0.000078151,19283,0,38566
[RESULT] 0,2,2D_cyclic,9,0.000168720,0.000074328,19283,0,38566

Benchmark Summary
Processes: 2
Distribution: 2D_cyclic
Iterations: 10
Matrix NNZ: 38530
Total execution time: 0.066 seconds
[RESULT] 1,2,2D_cyclic,0,0.000197615,0.000087109,19247,0,38494
[RESULT] 1,2,2D_cyclic,1,0.000206115,0.000086720,19247,0,38494
[RESULT] 1,2,2D_cyclic,2,0.000194080,0.000088920,19247,0,38494
[RESULT] 1,2,2D_cyclic,3,0.000192223,0.000086698,19247,0,38494
[RESULT] 1,2,2D_cyclic,4,0.000177106,0.000073589,19247,0,38494
[RESULT] 1,2,2D_cyclic,5,0.000318807,0.000216912,19247,0,38494
[RESULT] 1,2,2D_cyclic,6,0.000134978,0.000052271,19247,0,38494
[RESULT] 1,2,2D_cyclic,7,0.000269032,0.000158235,19247,0,38494
[RESULT] 1,2,2D_cyclic,8,0.000197844,0.000078511,19247,0,38494
[RESULT] 1,2,2D_cyclic,9,0.000162352,0.000074050,19247,0,38494
