Retrieving the matrix from '../matrices/flowmeter0.mtx'...
%%MatrixMarket matrix coordinate real symmetric
9669 9669 38530
Real Matrix (Strong Scaling): Rows=9669 | Cols=9669 | NNZ=38530 | Procs=4
ok 1D distribution
Ghost columns identified: 4313 total ghost values needed
Local vector initialized (size=2418 per process)
[RESULT] 1,4,0,0.000049658,0.000012573,9619,4307,19238
[RESULT] 1,4,1,0.000117445,0.000085349,9619,4307,19238
[RESULT] 1,4,2,0.000038324,0.000010558,9619,4307,19238
[RESULT] 1,4,3,0.000037414,0.000009763,9619,4307,19238
[RESULT] 1,4,4,0.000039998,0.000009500,9619,4307,19238
[RESULT] 1,4,5,0.000038511,0.000014378,9619,4307,19238
[RESULT] 1,4,6,0.000033107,0.000007573,9619,4307,19238
[RESULT] 1,4,7,0.000030605,0.000007738,9619,4307,19238
[RESULT] 1,4,8,0.000033657,0.000007387,9619,4307,19238
[RESULT] 1,4,9,0.000030067,0.000008164,9619,4307,19238
[RESULT] 2,4,0,0.000051514,0.000014471,9636,4329,19272
[RESULT] 2,4,1,0.000122154,0.000086648,9636,4329,19272
[RESULT] 2,4,2,0.000047555,0.000010661,9636,4329,19272
[RESULT] 2,4,3,0.000043968,0.000009798,9636,4329,19272
[RESULT] 2,4,4,0.000038224,0.000010098,9636,4329,19272
[RESULT] 2,4,5,0.000050272,0.000014581,9636,4329,19272
[RESULT] 2,4,6,0.000036461,0.000008496,9636,4329,19272
[RESULT] 2,4,7,0.000038385,0.000008158,9636,4329,19272
[RESULT] 2,4,8,0.000037630,0.000007598,9636,4329,19272
[RESULT] 2,4,9,0.000035666,0.000007372,9636,4329,19272
[RESULT] 3,4,0,0.000049314,0.000016547,9640,4295,19280
[RESULT] 3,4,1,0.000114447,0.000084704,9640,4295,19280
[RESULT] 3,4,2,0.000040715,0.000008201,9640,4295,19280
[RESULT] 3,4,3,0.000041304,0.000009690,9640,4295,19280
[RESULT] 3,4,4,0.000042510,0.000010099,9640,4295,19280
[RESULT] 3,4,5,0.000040741,0.000014973,9640,4295,19280
[RESULT] 3,4,6,0.000029446,0.000007950,9640,4295,19280
[RESULT] 3,4,7,0.000031534,0.000007853,9640,4295,19280
[RESULT] 3,4,8,0.000029153,0.000007314,9640,4295,19280
[RESULT] 3,4,9,0.000030264,0.000007710,9640,4295,19280
[RESULT] 0,4,0,0.000047793,0.000017353,9635,4313,19270
[RESULT] 0,4,1,0.000126066,0.000093298,9635,4313,19270
[RESULT] 0,4,2,0.000044634,0.000011118,9635,4313,19270
[RESULT] 0,4,3,0.000043077,0.000009968,9635,4313,19270
[RESULT] 0,4,4,0.000042631,0.000009308,9635,4313,19270
[RESULT] 0,4,5,0.000034707,0.000009430,9635,4313,19270
[RESULT] 0,4,6,0.000026948,0.000006846,9635,4313,19270
[RESULT] 0,4,7,0.000027902,0.000007161,9635,4313,19270
[RESULT] 0,4,8,0.000026896,0.000007113,9635,4313,19270
[RESULT] 0,4,9,0.000028510,0.000006678,9635,4313,19270

Benchmark Summary
Processes: 4
Iterations: 10
Matrix NNZ: 38530
Total execution time: 0.046 seconds
