Retrieving the matrix from '../matrices/flowmeter0.mtx'...
%%MatrixMarket matrix coordinate real symmetric
9669 9669 38530
Real Matrix: Rows=9669 | Cols=9669 | NNZ=38530 | Procs=4 | Distribution=2D_cyclic
Rank 3: Grid pos (1,1) | Local rows: 4834 | Local NNZ: 12049
Rank 2: Grid pos (1,0) | Local rows: 4834 | Local NNZ: 7210
Rank 1: Grid pos (0,1) | Local rows: 4835 | Local NNZ: 7198
2D Process Grid (Cyclic): 2 x 2
Rank 0: Grid pos (0,0) | Local rows: 4835 | Local NNZ: 12073
Applied 2Dcyclic distribution
Ghost columns identified: 2417 total ghost values needed
Local vector initialized (size=2418 per process)
[RESULT] 0,4,2D_cyclic,0,0.036071335,0.019981022,12073,2417,24146
[RESULT] 0,4,2D_cyclic,1,0.048106353,0.032005101,12073,2417,24146
[RESULT] 0,4,2D_cyclic,2,0.048062415,0.032015254,12073,2417,24146
[RESULT] 0,4,2D_cyclic,3,0.048082109,0.032001075,12073,2417,24146
[RESULT] 0,4,2D_cyclic,4,0.048079111,0.032025967,12073,2417,24146
[RESULT] 0,4,2D_cyclic,5,0.048024734,0.031980995,12073,2417,24146
[RESULT] 0,4,2D_cyclic,6,0.048067162,0.032000063,12073,2417,24146
[RESULT] 0,4,2D_cyclic,7,0.048070615,0.032003044,12073,2417,24146
[RESULT] 0,4,2D_cyclic,8,0.048053379,0.031997436,12073,2417,24146
[RESULT] 0,4,2D_cyclic,9,0.048080112,0.031975139,12073,2417,24146

Benchmark Summary
Processes: 4
Distribution: 2D_cyclic
Iterations: 10
Matrix NNZ: 38530
Total execution time: 0.908 seconds
[RESULT] 3,4,2D_cyclic,0,0.048066637,0.032015685,12049,2417,24098
[RESULT] 3,4,2D_cyclic,1,0.048361893,0.032008869,12049,2417,24098
[RESULT] 3,4,2D_cyclic,2,0.048056003,0.032003366,12049,2417,24098
[RESULT] 3,4,2D_cyclic,3,0.048077928,0.032030810,12049,2417,24098
[RESULT] 3,4,2D_cyclic,4,0.048077390,0.032049292,12049,2417,24098
[RESULT] 3,4,2D_cyclic,5,0.048075382,0.032016950,12049,2417,24098
[RESULT] 3,4,2D_cyclic,6,0.048078002,0.032001174,12049,2417,24098
[RESULT] 3,4,2D_cyclic,7,0.048066721,0.032008604,12049,2417,24098
[RESULT] 3,4,2D_cyclic,8,0.048095744,0.032006104,12049,2417,24098
[RESULT] 3,4,2D_cyclic,9,0.044334619,0.032024941,12049,2417,24098
[RESULT] 2,4,2D_cyclic,0,0.043755565,0.027690448,7210,2189,14420
[RESULT] 2,4,2D_cyclic,1,0.048060762,0.032007381,7210,2189,14420
[RESULT] 2,4,2D_cyclic,2,0.048064326,0.031998693,7210,2189,14420
[RESULT] 2,4,2D_cyclic,3,0.048065485,0.032005288,7210,2189,14420
[RESULT] 2,4,2D_cyclic,4,0.048082363,0.032013706,7210,2189,14420
[RESULT] 2,4,2D_cyclic,5,0.048058390,0.031990921,7210,2189,14420
[RESULT] 2,4,2D_cyclic,6,0.048049532,0.031998129,7210,2189,14420
[RESULT] 2,4,2D_cyclic,7,0.048063717,0.032000064,7210,2189,14420
[RESULT] 2,4,2D_cyclic,8,0.048071830,0.032009696,7210,2189,14420
[RESULT] 2,4,2D_cyclic,9,0.040119728,0.032014484,7210,2189,14420
[RESULT] 1,4,2D_cyclic,0,0.047982045,0.031927660,7198,2194,14396
[RESULT] 1,4,2D_cyclic,1,0.048058928,0.031997689,7198,2194,14396
[RESULT] 1,4,2D_cyclic,2,0.048056303,0.031989472,7198,2194,14396
[RESULT] 1,4,2D_cyclic,3,0.048055164,0.031999003,7198,2194,14396
[RESULT] 1,4,2D_cyclic,4,0.048057532,0.032000282,7198,2194,14396
[RESULT] 1,4,2D_cyclic,5,0.048046021,0.031980443,7198,2194,14396
[RESULT] 1,4,2D_cyclic,6,0.048066134,0.032013052,7198,2194,14396
[RESULT] 1,4,2D_cyclic,7,0.047863241,0.031808061,7198,2194,14396
[RESULT] 1,4,2D_cyclic,8,0.048063297,0.032052913,7198,2194,14396
[RESULT] 1,4,2D_cyclic,9,0.044266807,0.032000448,7198,2194,14396
