Retrieving the matrix from '../matrices/dixmaanl.mtx'...
%%MatrixMarket matrix coordinate real symmetric
60000 60000 179999
Real Matrix (Strong Scaling): Rows=60000 | Cols=60000 | NNZ=179999 | Procs=2
ok 1D distribution
Ghost columns identified: 29999 total ghost values needed
Local vector initialized (size=30000 per process)
[RESULT] 1,2,0,0.000250479,0.000144353,90000,30000,180000
[RESULT] 1,2,1,0.000143757,0.000038801,90000,30000,180000
[RESULT] 1,2,2,0.000128162,0.000023359,90000,30000,180000
[RESULT] 1,2,3,0.000147241,0.000036632,90000,30000,180000
[RESULT] 1,2,4,0.000133390,0.000024149,90000,30000,180000
[RESULT] 1,2,5,0.000140581,0.000025036,90000,30000,180000
[RESULT] 1,2,6,0.000133495,0.000024254,90000,30000,180000
[RESULT] 1,2,7,0.000136780,0.000024821,90000,30000,180000
[RESULT] 1,2,8,0.000162103,0.000051367,90000,30000,180000
[RESULT] 1,2,9,0.000150918,0.000029936,90000,30000,180000
[RESULT] 0,2,0,0.000248097,0.000142053,89999,29999,179998
[RESULT] 0,2,1,0.000146002,0.000040856,89999,29999,179998
[RESULT] 0,2,2,0.000155967,0.000023083,89999,29999,179998
[RESULT] 0,2,3,0.000170599,0.000059895,89999,29999,179998
[RESULT] 0,2,4,0.000133782,0.000024280,89999,29999,179998
[RESULT] 0,2,5,0.000140392,0.000024834,89999,29999,179998
[RESULT] 0,2,6,0.000133920,0.000024506,89999,29999,179998
[RESULT] 0,2,7,0.000136880,0.000024846,89999,29999,179998
[RESULT] 0,2,8,0.000170062,0.000053635,89999,29999,179998
[RESULT] 0,2,9,0.000169887,0.000029542,89999,29999,179998

Benchmark Summary
Processes: 2
Iterations: 10
Matrix NNZ: 179999
Total execution time: 0.122 seconds
