Retrieving the matrix from '../matrices/dixmaanl.mtx'...
%%MatrixMarket matrix coordinate real symmetric
60000 60000 179999
Real Matrix: Rows=60000 | Cols=60000 | NNZ=179999 | Procs=4 | Distribution=1D
Applied 1D distribution
Ghost columns identified: 14999 total ghost values needed
Local vector initialized (size=15000 per process)
[RESULT] 0,4,1D,0,0.048059864,0.032020084,44999,14999,89998
[RESULT] 0,4,1D,1,0.048067154,0.032074719,44999,14999,89998
[RESULT] 0,4,1D,2,0.048042155,0.032026032,44999,14999,89998
[RESULT] 0,4,1D,3,0.048052018,0.032036259,44999,14999,89998
[RESULT] 0,4,1D,4,0.048049805,0.032020954,44999,14999,89998
[RESULT] 0,4,1D,5,0.048054476,0.032017471,44999,14999,89998
[RESULT] 0,4,1D,6,0.048039405,0.032012242,44999,14999,89998
[RESULT] 0,4,1D,7,0.052072573,0.036047830,44999,14999,89998
[RESULT] 0,4,1D,8,0.048098222,0.032042646,44999,14999,89998
[RESULT] 0,4,1D,9,0.048040364,0.032040560,44999,14999,89998

Benchmark Summary
Processes: 4
Distribution: 1D
Iterations: 10
Matrix NNZ: 179999
Total execution time: 1.040 seconds
[RESULT] 3,4,1D,0,0.048026059,0.031979680,45000,15000,90000
[RESULT] 3,4,1D,1,0.048069098,0.032043324,45000,15000,90000
[RESULT] 3,4,1D,2,0.048114880,0.032028178,45000,15000,90000
[RESULT] 3,4,1D,3,0.048067096,0.032019580,45000,15000,90000
[RESULT] 3,4,1D,4,0.048055835,0.032129174,45000,15000,90000
[RESULT] 3,4,1D,5,0.048108593,0.032018654,45000,15000,90000
[RESULT] 3,4,1D,6,0.047943839,0.031930715,45000,15000,90000
[RESULT] 3,4,1D,7,0.048088750,0.032016419,45000,15000,90000
[RESULT] 3,4,1D,8,0.048045967,0.032052218,45000,15000,90000
[RESULT] 3,4,1D,9,0.044452463,0.032036044,45000,15000,90000
[RESULT] 2,4,1D,0,0.048049884,0.031996597,45000,15000,90000
[RESULT] 2,4,1D,1,0.048072075,0.032007171,45000,15000,90000
[RESULT] 2,4,1D,2,0.048276946,0.032053269,45000,15000,90000
[RESULT] 2,4,1D,3,0.048059753,0.031992620,45000,15000,90000
[RESULT] 2,4,1D,4,0.048054995,0.032006522,45000,15000,90000
[RESULT] 2,4,1D,5,0.048040358,0.031975461,45000,15000,90000
[RESULT] 2,4,1D,6,0.048060326,0.032013738,45000,15000,90000
[RESULT] 2,4,1D,7,0.048042436,0.031997315,45000,15000,90000
[RESULT] 2,4,1D,8,0.047923005,0.031887727,45000,15000,90000
[RESULT] 2,4,1D,9,0.044130263,0.032011065,45000,15000,90000
[RESULT] 1,4,1D,0,0.048076621,0.032008187,45000,15000,90000
[RESULT] 1,4,1D,1,0.048068454,0.032005143,45000,15000,90000
[RESULT] 1,4,1D,2,0.048064588,0.032011119,45000,15000,90000
[RESULT] 1,4,1D,3,0.048063667,0.031993043,45000,15000,90000
[RESULT] 1,4,1D,4,0.048049717,0.031996644,45000,15000,90000
[RESULT] 1,4,1D,5,0.048076479,0.031998386,45000,15000,90000
[RESULT] 1,4,1D,6,0.048080577,0.031921761,45000,15000,90000
[RESULT] 1,4,1D,7,0.043718838,0.027534699,45000,15000,90000
[RESULT] 1,4,1D,8,0.048037552,0.032288893,45000,15000,90000
[RESULT] 1,4,1D,9,0.044061662,0.032007756,45000,15000,90000
