Retrieving the matrix from '../matrices/cond-mat-2005.mtx'...
%%MatrixMarket matrix coordinate real symmetric
40421 40421 175693
Real Matrix: Rows=40421 | Cols=40421 | NNZ=175693 | Procs=2 | Distribution=2D_cyclic
2D Process Grid (Cyclic): 1 x 2
Rank 1: Grid pos (0,1) | Local rows: 40421 | Local NNZ: 87464
Rank 0: Grid pos (0,0) | Local rows: 40421 | Local NNZ: 88229
Applied 2Dcyclic distribution
Ghost columns identified: 0 total ghost values needed
Local vector initialized (size=20211 per process)
[RESULT] 1,2,2D_cyclic,0,0.000552848,0.000137296,87464,0,174928
[RESULT] 1,2,2D_cyclic,1,0.000471603,0.000094488,87464,0,174928
[RESULT] 1,2,2D_cyclic,2,0.000519950,0.000118910,87464,0,174928
[RESULT] 1,2,2D_cyclic,3,0.000498537,0.000123840,87464,0,174928
[RESULT] 1,2,2D_cyclic,4,0.000741210,0.000128278,87464,0,174928
[RESULT] 1,2,2D_cyclic,5,0.000479304,0.000086111,87464,0,174928
[RESULT] 1,2,2D_cyclic,6,0.000470601,0.000091690,87464,0,174928
[RESULT] 1,2,2D_cyclic,7,0.000566106,0.000175928,87464,0,174928
[RESULT] 1,2,2D_cyclic,8,0.000502961,0.000112067,87464,0,174928
[RESULT] 1,2,2D_cyclic,9,0.000540488,0.000154616,87464,0,174928
[RESULT] 0,2,2D_cyclic,0,0.000575731,0.000138302,88229,0,176458
[RESULT] 0,2,2D_cyclic,1,0.000470349,0.000094160,88229,0,176458
[RESULT] 0,2,2D_cyclic,2,0.000666706,0.000123086,88229,0,176458
[RESULT] 0,2,2D_cyclic,3,0.000507063,0.000130959,88229,0,176458
[RESULT] 0,2,2D_cyclic,4,0.000662902,0.000126609,88229,0,176458
[RESULT] 0,2,2D_cyclic,5,0.000481663,0.000087503,88229,0,176458
[RESULT] 0,2,2D_cyclic,6,0.000450683,0.000089598,88229,0,176458
[RESULT] 0,2,2D_cyclic,7,0.000617463,0.000176722,88229,0,176458
[RESULT] 0,2,2D_cyclic,8,0.000683999,0.000112174,88229,0,176458
[RESULT] 0,2,2D_cyclic,9,0.000604776,0.000152682,88229,0,176458

Benchmark Summary
Processes: 2
Distribution: 2D_cyclic
Iterations: 10
Matrix NNZ: 175693
Total execution time: 0.187 seconds
