Retrieving the matrix from '../matrices/1138_bus.mtx'...
%%MatrixMarket matrix coordinate real symmetric
1138 1138 2596
Real Matrix: Rows=1138 | Cols=1138 | NNZ=2596 | Procs=4 | Distribution=2D_cyclic
Rank 3: Grid pos (1,1) | Local rows: 569 | Local NNZ: 851
2D Process Grid (Cyclic): 2 x 2
Rank 0: Grid pos (0,0) | Local rows: 569 | Local NNZ: 885
Applied 2Dcyclic distribution
Rank 1: Grid pos (0,1) | Local rows: 569 | Local NNZ: 448
Rank 2: Grid pos (1,0) | Local rows: 569 | Local NNZ: 412
Ghost columns identified: 284 total ghost values needed
Local vector initialized (size=285 per process)
[RESULT] 0,4,2D_cyclic,0,0.000005865,0.000001061,885,284,1770
[RESULT] 0,4,2D_cyclic,1,0.000008159,0.000004838,885,284,1770
[RESULT] 0,4,2D_cyclic,2,0.000003077,0.000001152,885,284,1770
[RESULT] 0,4,2D_cyclic,3,0.000003617,0.000001764,885,284,1770
[RESULT] 0,4,2D_cyclic,4,0.000002257,0.000000840,885,284,1770
[RESULT] 0,4,2D_cyclic,5,0.000005890,0.000003457,885,284,1770
[RESULT] 0,4,2D_cyclic,6,0.000002362,0.000000887,885,284,1770
[RESULT] 0,4,2D_cyclic,7,0.000002396,0.000000779,885,284,1770
[RESULT] 0,4,2D_cyclic,8,0.000003734,0.000002279,885,284,1770
[RESULT] 0,4,2D_cyclic,9,0.000002079,0.000000806,885,284,1770

Benchmark Summary
Processes: 4
Distribution: 2D_cyclic
Iterations: 10
Matrix NNZ: 2596
Total execution time: 0.008 seconds
[RESULT] 2,4,2D_cyclic,0,0.000005012,0.000000969,412,138,824
[RESULT] 2,4,2D_cyclic,1,0.000007085,0.000005248,412,138,824
[RESULT] 2,4,2D_cyclic,2,0.000002265,0.000000913,412,138,824
[RESULT] 2,4,2D_cyclic,3,0.000002694,0.000001460,412,138,824
[RESULT] 2,4,2D_cyclic,4,0.000001919,0.000000776,412,138,824
[RESULT] 2,4,2D_cyclic,5,0.000004349,0.000003250,412,138,824
[RESULT] 2,4,2D_cyclic,6,0.000001907,0.000000787,412,138,824
[RESULT] 2,4,2D_cyclic,7,0.000001952,0.000000802,412,138,824
[RESULT] 2,4,2D_cyclic,8,0.000003974,0.000002866,412,138,824
[RESULT] 2,4,2D_cyclic,9,0.000001809,0.000000759,412,138,824
[RESULT] 1,4,2D_cyclic,0,0.000004373,0.000001106,448,149,896
[RESULT] 1,4,2D_cyclic,1,0.000002399,0.000000838,448,149,896
[RESULT] 1,4,2D_cyclic,2,0.000002084,0.000000847,448,149,896
[RESULT] 1,4,2D_cyclic,3,0.000001898,0.000000771,448,149,896
[RESULT] 1,4,2D_cyclic,4,0.000001885,0.000000759,448,149,896
[RESULT] 1,4,2D_cyclic,5,0.000003594,0.000002505,448,149,896
[RESULT] 1,4,2D_cyclic,6,0.000001890,0.000000747,448,149,896
[RESULT] 1,4,2D_cyclic,7,0.000001978,0.000000795,448,149,896
[RESULT] 1,4,2D_cyclic,8,0.000003865,0.000002813,448,149,896
[RESULT] 1,4,2D_cyclic,9,0.000065815,0.000064352,448,149,896
[RESULT] 3,4,2D_cyclic,0,0.000003954,0.000000755,851,285,1702
[RESULT] 3,4,2D_cyclic,1,0.000002913,0.000000658,851,285,1702
[RESULT] 3,4,2D_cyclic,2,0.000002228,0.000000612,851,285,1702
[RESULT] 3,4,2D_cyclic,3,0.000001998,0.000000591,851,285,1702
[RESULT] 3,4,2D_cyclic,4,0.000001951,0.000000595,851,285,1702
[RESULT] 3,4,2D_cyclic,5,0.000002328,0.000000758,851,285,1702
[RESULT] 3,4,2D_cyclic,6,0.000002111,0.000000741,851,285,1702
[RESULT] 3,4,2D_cyclic,7,0.000002003,0.000000609,851,285,1702
[RESULT] 3,4,2D_cyclic,8,0.000003087,0.000001720,851,285,1702
[RESULT] 3,4,2D_cyclic,9,0.000065340,0.000064128,851,285,1702
