Retrieving the matrix from '../matrices/1138_bus.mtx'...
%%MatrixMarket matrix coordinate real symmetric
1138 1138 2596
Real Matrix: Rows=1138 | Cols=1138 | NNZ=2596 | Procs=4 | Distribution=1D
Applied 1D distribution
Ghost columns identified: 247 total ghost values needed
Local vector initialized (size=285 per process)
[RESULT] 0,4,1D,0,0.047978399,0.031978316,665,247,1330
[RESULT] 0,4,1D,1,0.048007859,0.032003921,665,247,1330
[RESULT] 0,4,1D,2,0.047991996,0.032000209,665,247,1330
[RESULT] 0,4,1D,3,0.047986585,0.031991683,665,247,1330
[RESULT] 0,4,1D,4,0.047996383,0.031989617,665,247,1330
[RESULT] 0,4,1D,5,0.047988782,0.032010153,665,247,1330
[RESULT] 0,4,1D,6,0.047998009,0.031993440,665,247,1330
[RESULT] 0,4,1D,7,0.048006859,0.031994678,665,247,1330
[RESULT] 0,4,1D,8,0.047987874,0.031998886,665,247,1330
[RESULT] 0,4,1D,9,0.047997144,0.031997303,665,247,1330

Benchmark Summary
Processes: 4
Distribution: 1D
Iterations: 10
Matrix NNZ: 2596
Total execution time: 0.856 seconds
[RESULT] 2,4,1D,0,0.047988782,0.032000545,668,260,1336
[RESULT] 2,4,1D,1,0.048006761,0.032010613,668,260,1336
[RESULT] 2,4,1D,2,0.047990304,0.031989671,668,260,1336
[RESULT] 2,4,1D,3,0.048008072,0.032003010,668,260,1336
[RESULT] 2,4,1D,4,0.047999693,0.032001933,668,260,1336
[RESULT] 2,4,1D,5,0.047997330,0.031987023,668,260,1336
[RESULT] 2,4,1D,6,0.047992380,0.031997162,668,260,1336
[RESULT] 2,4,1D,7,0.048000171,0.032093165,668,260,1336
[RESULT] 2,4,1D,8,0.047957864,0.031966348,668,260,1336
[RESULT] 2,4,1D,9,0.040884764,0.032005255,668,260,1336
[RESULT] 1,4,1D,0,0.047984911,0.031985977,654,250,1308
[RESULT] 1,4,1D,1,0.048020413,0.032032895,654,250,1308
[RESULT] 1,4,1D,2,0.047988377,0.031991998,654,250,1308
[RESULT] 1,4,1D,3,0.048004779,0.032115913,654,250,1308
[RESULT] 1,4,1D,4,0.047987634,0.031987117,654,250,1308
[RESULT] 1,4,1D,5,0.048003580,0.032022913,654,250,1308
[RESULT] 1,4,1D,6,0.048001404,0.031987353,654,250,1308
[RESULT] 1,4,1D,7,0.048001205,0.032016442,654,250,1308
[RESULT] 1,4,1D,8,0.047994970,0.032000787,654,250,1308
[RESULT] 1,4,1D,9,0.040021085,0.032015042,654,250,1308
[RESULT] 3,4,1D,0,0.047990555,0.031989173,609,226,1218
[RESULT] 3,4,1D,1,0.047965344,0.031958977,609,226,1218
[RESULT] 3,4,1D,2,0.047994117,0.032003636,609,226,1218
[RESULT] 3,4,1D,3,0.048008371,0.032006055,609,226,1218
[RESULT] 3,4,1D,4,0.048006526,0.032004698,609,226,1218
[RESULT] 3,4,1D,5,0.047998287,0.031999301,609,226,1218
[RESULT] 3,4,1D,6,0.047998133,0.031998266,609,226,1218
[RESULT] 3,4,1D,7,0.048003241,0.031999594,609,226,1218
[RESULT] 3,4,1D,8,0.047989875,0.031999088,609,226,1218
[RESULT] 3,4,1D,9,0.048093293,0.031998906,609,226,1218
