Retrieving the matrix from '../matrices/1138_bus.mtx'...
%%MatrixMarket matrix coordinate real symmetric
1138 1138 2596
Real Matrix: Rows=1138 | Cols=1138 | NNZ=2596 | Procs=1 | Distribution=1D
Applied 1D distribution
Ghost columns identified: 0 total ghost values needed
Local vector initialized (size=1138 per process)
[RESULT] 0,1,1D,0,0.000004934,0.000000076,2596,0,5192
[RESULT] 0,1,1D,1,0.000003790,0.000000041,2596,0,5192
[RESULT] 0,1,1D,2,0.000003439,0.000000034,2596,0,5192
[RESULT] 0,1,1D,3,0.000003432,0.000000036,2596,0,5192
[RESULT] 0,1,1D,4,0.000003399,0.000000035,2596,0,5192
[RESULT] 0,1,1D,5,0.000003495,0.000000035,2596,0,5192
[RESULT] 0,1,1D,6,0.000003379,0.000000035,2596,0,5192
[RESULT] 0,1,1D,7,0.000007693,0.000000035,2596,0,5192
[RESULT] 0,1,1D,8,0.000003340,0.000000044,2596,0,5192
[RESULT] 0,1,1D,9,0.000003331,0.000000034,2596,0,5192

Benchmark Summary
Processes: 1
Distribution: 1D
Iterations: 10
Matrix NNZ: 2596
Total execution time: 0.003 seconds
