Retrieving the matrix from '../matrices/1138_bus.mtx'...
%%MatrixMarket matrix coordinate real symmetric
1138 1138 2596
Real Matrix: Rows=1138 | Cols=1138 | NNZ=2596 | Procs=2 | Distribution=1D
Applied 1D distribution
Ghost columns identified: 300 total ghost values needed
Local vector initialized (size=569 per process)
[RESULT] 1,2,1D,0,0.000005292,0.000000991,1263,278,2526
[RESULT] 1,2,1D,1,0.000008912,0.000006436,1263,278,2526
[RESULT] 1,2,1D,2,0.000002866,0.000000884,1263,278,2526
[RESULT] 1,2,1D,3,0.000003415,0.000001629,1263,278,2526
[RESULT] 1,2,1D,4,0.000002540,0.000000823,1263,278,2526
[RESULT] 1,2,1D,5,0.000002552,0.000000811,1263,278,2526
[RESULT] 1,2,1D,6,0.000002544,0.000000834,1263,278,2526
[RESULT] 1,2,1D,7,0.000002467,0.000000770,1263,278,2526
[RESULT] 1,2,1D,8,0.000002459,0.000000766,1263,278,2526
[RESULT] 1,2,1D,9,0.000002504,0.000000784,1263,278,2526
[RESULT] 0,2,1D,0,0.000006438,0.000001021,1333,300,2666
[RESULT] 0,2,1D,1,0.000009796,0.000006594,1333,300,2666
[RESULT] 0,2,1D,2,0.000003833,0.000001260,1333,300,2666
[RESULT] 0,2,1D,3,0.000003573,0.000001677,1333,300,2666
[RESULT] 0,2,1D,4,0.000002688,0.000000860,1333,300,2666
[RESULT] 0,2,1D,5,0.000002590,0.000000843,1333,300,2666
[RESULT] 0,2,1D,6,0.000002593,0.000000875,1333,300,2666
[RESULT] 0,2,1D,7,0.000002511,0.000000799,1333,300,2666
[RESULT] 0,2,1D,8,0.000002552,0.000000836,1333,300,2666
[RESULT] 0,2,1D,9,0.000002579,0.000000866,1333,300,2666

Benchmark Summary
Processes: 2
Distribution: 1D
Iterations: 10
Matrix NNZ: 2596
Total execution time: 0.004 seconds
