Retrieving the matrix from '../matrices/cond-mat-2005.mtx'...
%%MatrixMarket matrix coordinate real symmetric
40421 40421 175693
Real Matrix: Rows=40421 | Cols=40421 | NNZ=175693 | Procs=2 | Distribution=2D_cyclic
2D Process Grid (Cyclic): 1 x 2
Rank 1: Grid pos (0,1) | Local rows: 40421 | Local NNZ: 87464
Rank 0: Grid pos (0,0) | Local rows: 40421 | Local NNZ: 88229
Applied 2Dcyclic distribution
Ghost columns identified: 0 total ghost values needed
Local vector initialized (size=20211 per process)
[RESULT] 1,2,2D_cyclic,0,0.000296061,0.000000945,87464,0,174928
[RESULT] 1,2,2D_cyclic,1,0.000306722,0.000013476,87464,0,174928
[RESULT] 1,2,2D_cyclic,2,0.000284645,0.000000514,87464,0,174928
[RESULT] 1,2,2D_cyclic,3,0.000293144,0.000000330,87464,0,174928
[RESULT] 1,2,2D_cyclic,4,0.000309437,0.000000218,87464,0,174928
[RESULT] 1,2,2D_cyclic,5,0.000293116,0.000000388,87464,0,174928
[RESULT] 1,2,2D_cyclic,6,0.000299052,0.000001066,87464,0,174928
[RESULT] 1,2,2D_cyclic,7,0.000305411,0.000000295,87464,0,174928
[RESULT] 1,2,2D_cyclic,8,0.000295324,0.000000461,87464,0,174928
[RESULT] 1,2,2D_cyclic,9,0.000295396,0.000000245,87464,0,174928
[RESULT] 0,2,2D_cyclic,0,0.000321530,0.000001071,88229,0,176458
[RESULT] 0,2,2D_cyclic,1,0.000300570,0.000013702,88229,0,176458
[RESULT] 0,2,2D_cyclic,2,0.000290054,0.000005097,88229,0,176458
[RESULT] 0,2,2D_cyclic,3,0.000305619,0.000011852,88229,0,176458
[RESULT] 0,2,2D_cyclic,4,0.000304152,0.000000298,88229,0,176458
[RESULT] 0,2,2D_cyclic,5,0.000304318,0.000000584,88229,0,176458
[RESULT] 0,2,2D_cyclic,6,0.000298465,0.000000503,88229,0,176458
[RESULT] 0,2,2D_cyclic,7,0.000296863,0.000000234,88229,0,176458
[RESULT] 0,2,2D_cyclic,8,0.000296260,0.000000888,88229,0,176458
[RESULT] 0,2,2D_cyclic,9,0.000295805,0.000000267,88229,0,176458

Benchmark Summary
Processes: 2
Distribution: 2D_cyclic
Iterations: 10
Matrix NNZ: 175693
Total execution time: 0.102 seconds
