Retrieving the matrix from '../matrices/flowmeter0.mtx'...
%%MatrixMarket matrix coordinate real symmetric
9669 9669 38530
Real Matrix (Strong Scaling): Rows=9669 | Cols=9669 | NNZ=38530 | Procs=4
ok 1D distribution
Ghost columns identified: 4313 total ghost values needed
Local vector initialized (size=2418 per process)
[RESULT] 0,4,0,0.048035570,0.032015279,9635,4313,19270
[RESULT] 0,4,1,0.048025984,0.032069829,9635,4313,19270
[RESULT] 0,4,2,0.048031430,0.032012346,9635,4313,19270
[RESULT] 0,4,3,0.048028544,0.032012449,9635,4313,19270
[RESULT] 0,4,4,0.048000051,0.031980909,9635,4313,19270
[RESULT] 0,4,5,0.048029430,0.032020315,9635,4313,19270
[RESULT] 0,4,6,0.056001137,0.039977840,9635,4313,19270
[RESULT] 0,4,7,0.048029246,0.032009320,9635,4313,19270
[RESULT] 0,4,8,0.048025653,0.032024936,9635,4313,19270
[RESULT] 0,4,9,0.048036863,0.032025057,9635,4313,19270

Benchmark Summary
Processes: 4
Iterations: 10
Matrix NNZ: 38530
Total execution time: 0.952 seconds
[RESULT] 2,4,0,0.034296643,0.032013618,9636,4329,19272
[RESULT] 2,4,1,0.048031387,0.032014404,9636,4329,19272
[RESULT] 2,4,2,0.048031004,0.032003221,9636,4329,19272
[RESULT] 2,4,3,0.048032824,0.032010760,9636,4329,19272
[RESULT] 2,4,4,0.048191754,0.032010042,9636,4329,19272
[RESULT] 2,4,5,0.052031409,0.032000347,9636,4329,19272
[RESULT] 2,4,6,0.056029288,0.040022275,9636,4329,19272
[RESULT] 2,4,7,0.048037529,0.032008729,9636,4329,19272
[RESULT] 2,4,8,0.048030762,0.032006443,9636,4329,19272
[RESULT] 2,4,9,0.044221658,0.032019280,9636,4329,19272
[RESULT] 1,4,0,0.048033621,0.032008027,9619,4307,19238
[RESULT] 1,4,1,0.048027198,0.032013557,9619,4307,19238
[RESULT] 1,4,2,0.048061005,0.032006198,9619,4307,19238
[RESULT] 1,4,3,0.048045443,0.032022990,9619,4307,19238
[RESULT] 1,4,4,0.048025138,0.031997675,9619,4307,19238
[RESULT] 1,4,5,0.048029696,0.032025463,9619,4307,19238
[RESULT] 1,4,6,0.048039613,0.032012239,9619,4307,19238
[RESULT] 1,4,7,0.048034746,0.031998946,9619,4307,19238
[RESULT] 1,4,8,0.048026250,0.032014810,9619,4307,19238
[RESULT] 1,4,9,0.040447969,0.032008985,9619,4307,19238
[RESULT] 3,4,0,0.048035070,0.032002891,9640,4295,19280
[RESULT] 3,4,1,0.048031632,0.032004825,9640,4295,19280
[RESULT] 3,4,2,0.048035239,0.032001428,9640,4295,19280
[RESULT] 3,4,3,0.048033480,0.032003268,9640,4295,19280
[RESULT] 3,4,4,0.048034210,0.032002206,9640,4295,19280
[RESULT] 3,4,5,0.045616730,0.032022120,9640,4295,19280
[RESULT] 3,4,6,0.060017914,0.043985582,9640,4295,19280
[RESULT] 3,4,7,0.048037182,0.031995421,9640,4295,19280
[RESULT] 3,4,8,0.048032040,0.032012681,9640,4295,19280
[RESULT] 3,4,9,0.044052952,0.032002653,9640,4295,19280
