Retrieving the matrix from '../matrices/1138_bus.mtx'...
%%MatrixMarket matrix coordinate real symmetric
1138 1138 2596
Real Matrix: Rows=1138 | Cols=1138 | NNZ=2596 | Procs=2 | Distribution=2D
Rank 1: Grid pos (0,1) | Rows [0-1138) | Cols [569-1138) | Local NNZ: 1167
2D Process Grid: 1 x 2 (rows x cols)
Rank 0: Grid pos (0,0) | Rows [0-1138) | Cols [0-569) | Local NNZ: 1429
Applied 2D distribution
Ghost columns identified: 284 total ghost values needed
Local vector initialized (size=569 per process)
[RESULT] 1,2,2D,0,0.000009588,0.000001054,1167,284,2334
[RESULT] 1,2,2D,1,0.000011445,0.000005762,1167,284,2334
[RESULT] 1,2,2D,2,0.000005984,0.000000988,1167,284,2334
[RESULT] 1,2,2D,3,0.000006952,0.000002967,1167,284,2334
[RESULT] 1,2,2D,4,0.000005249,0.000000962,1167,284,2334
[RESULT] 1,2,2D,5,0.000004081,0.000000940,1167,284,2334
[RESULT] 1,2,2D,6,0.000003364,0.000000955,1167,284,2334
[RESULT] 1,2,2D,7,0.000003343,0.000001004,1167,284,2334
[RESULT] 1,2,2D,8,0.000003826,0.000000944,1167,284,2334
[RESULT] 1,2,2D,9,0.000003476,0.000000927,1167,284,2334
[RESULT] 0,2,2D,0,0.000009091,0.000001076,1429,284,2858
[RESULT] 0,2,2D,1,0.000009759,0.000004197,1429,284,2858
[RESULT] 0,2,2D,2,0.000005737,0.000001314,1429,284,2858
[RESULT] 0,2,2D,3,0.000006901,0.000002959,1429,284,2858
[RESULT] 0,2,2D,4,0.000004481,0.000000957,1429,284,2858
[RESULT] 0,2,2D,5,0.000004164,0.000000961,1429,284,2858
[RESULT] 0,2,2D,6,0.000004003,0.000001007,1429,284,2858
[RESULT] 0,2,2D,7,0.000003662,0.000000975,1429,284,2858
[RESULT] 0,2,2D,8,0.000003562,0.000000965,1429,284,2858
[RESULT] 0,2,2D,9,0.000003550,0.000000914,1429,284,2858

Benchmark Summary
Processes: 2
Distribution: 2D
Iterations: 10
Matrix NNZ: 2596
Total execution time: 0.003 seconds
