Retrieving the matrix from '../matrices/1138_bus.mtx'...
%%MatrixMarket matrix coordinate real symmetric
1138 1138 2596
Real Matrix: Rows=1138 | Cols=1138 | NNZ=2596 | Procs=8 | Distribution=2D_cyclic
Rank 4: Grid pos (1,0) | Local rows: 569 | Local NNZ: 199
Rank 5: Grid pos (1,1) | Local rows: 569 | Local NNZ: 420
2D Process Grid (Cyclic): 2 x 4
Rank 0: Grid pos (0,0) | Local rows: 569 | Local NNZ: 450
Applied 2Dcyclic distribution
Rank 1: Grid pos (0,1) | Local rows: 569 | Local NNZ: 228
Rank 7: Grid pos (1,3) | Local rows: 569 | Local NNZ: 431
Rank 6: Grid pos (1,2) | Local rows: 569 | Local NNZ: 213
Rank 2: Grid pos (0,2) | Local rows: 569 | Local NNZ: 435
Rank 3: Grid pos (0,3) | Local rows: 569 | Local NNZ: 220
Ghost columns identified: 142 total ghost values needed
Local vector initialized (size=143 per process)
[RESULT] 2,8,2D_cyclic,0,0.100006052,0.067999392,435,142,870
[RESULT] 2,8,2D_cyclic,1,0.063997001,0.031992484,435,142,870
[RESULT] 2,8,2D_cyclic,2,0.096013603,0.063990004,435,142,870
[RESULT] 2,8,2D_cyclic,3,0.091974563,0.063983091,435,142,870
[RESULT] 2,8,2D_cyclic,4,0.096000119,0.063991042,435,142,870
[RESULT] 2,8,2D_cyclic,5,0.048480244,0.034334129,435,142,870
[RESULT] 2,8,2D_cyclic,6,0.095999333,0.064004346,435,142,870
[RESULT] 2,8,2D_cyclic,7,0.095996524,0.064006500,435,142,870
[RESULT] 2,8,2D_cyclic,8,0.119985479,0.064049407,435,142,870
[RESULT] 2,8,2D_cyclic,9,0.095989357,0.064028311,435,142,870
[RESULT] 3,8,2D_cyclic,0,0.096003878,0.063989141,220,70,440
[RESULT] 3,8,2D_cyclic,1,0.095997327,0.063999937,220,70,440
[RESULT] 3,8,2D_cyclic,2,0.099995971,0.067996158,220,70,440
[RESULT] 3,8,2D_cyclic,3,0.091998397,0.059989316,220,70,440
[RESULT] 3,8,2D_cyclic,4,0.095994928,0.064002768,220,70,440
[RESULT] 3,8,2D_cyclic,5,0.112004882,0.070507992,220,70,440
[RESULT] 3,8,2D_cyclic,6,0.095999856,0.063996430,220,70,440
[RESULT] 3,8,2D_cyclic,7,0.095972561,0.063972914,220,70,440
[RESULT] 3,8,2D_cyclic,8,0.099995580,0.063993832,220,70,440
[RESULT] 3,8,2D_cyclic,9,0.091995998,0.063982010,220,70,440
[RESULT] 7,8,2D_cyclic,0,0.095982600,0.063983872,431,142,862
[RESULT] 7,8,2D_cyclic,1,0.095989903,0.063993558,431,142,862
[RESULT] 7,8,2D_cyclic,2,0.095993932,0.063995630,431,142,862
[RESULT] 7,8,2D_cyclic,3,0.095979086,0.063979154,431,142,862
[RESULT] 7,8,2D_cyclic,4,0.095984037,0.063980854,431,142,862
[RESULT] 7,8,2D_cyclic,5,0.091980067,0.063982866,431,142,862
[RESULT] 7,8,2D_cyclic,6,0.095997256,0.063996700,431,142,862
[RESULT] 7,8,2D_cyclic,7,0.096002860,0.064001436,431,142,862
[RESULT] 7,8,2D_cyclic,8,0.095997547,0.068021903,431,142,862
[RESULT] 7,8,2D_cyclic,9,0.088260269,0.064005789,431,142,862
[RESULT] 6,8,2D_cyclic,0,0.096003723,0.064005492,213,78,426
[RESULT] 6,8,2D_cyclic,1,0.095981052,0.063982204,213,78,426
[RESULT] 6,8,2D_cyclic,2,0.096011475,0.063996853,213,78,426
[RESULT] 6,8,2D_cyclic,3,0.095866913,0.063875011,213,78,426
[RESULT] 6,8,2D_cyclic,4,0.096007087,0.063998512,213,78,426
[RESULT] 6,8,2D_cyclic,5,0.099995692,0.071974810,213,78,426
[RESULT] 6,8,2D_cyclic,6,0.095747495,0.063744576,213,78,426
[RESULT] 6,8,2D_cyclic,7,0.096022629,0.063995970,213,78,426
[RESULT] 6,8,2D_cyclic,8,0.094632710,0.063993814,213,78,426
[RESULT] 6,8,2D_cyclic,9,0.084009271,0.064001903,213,78,426
[RESULT] 1,8,2D_cyclic,0,0.096000758,0.064005409,228,71,456
[RESULT] 1,8,2D_cyclic,1,0.095989584,0.063989671,228,71,456
[RESULT] 1,8,2D_cyclic,2,0.096001773,0.064014889,228,71,456
[RESULT] 1,8,2D_cyclic,3,0.095993454,0.063992434,228,71,456
[RESULT] 1,8,2D_cyclic,4,0.095991580,0.063993941,228,71,456
[RESULT] 1,8,2D_cyclic,5,0.135001325,0.103160326,228,71,456
[RESULT] 1,8,2D_cyclic,6,0.095996909,0.063994747,228,71,456
[RESULT] 1,8,2D_cyclic,7,0.095989580,0.063995164,228,71,456
[RESULT] 1,8,2D_cyclic,8,0.095971694,0.063968248,228,71,456
[RESULT] 1,8,2D_cyclic,9,0.076297370,0.060103219,228,71,456
[RESULT] 4,8,2D_cyclic,0,0.096014625,0.063999790,199,71,398
[RESULT] 4,8,2D_cyclic,1,0.095991165,0.063998758,199,71,398
[RESULT] 4,8,2D_cyclic,2,0.095980603,0.063981110,199,71,398
[RESULT] 4,8,2D_cyclic,3,0.096013491,0.063988054,199,71,398
[RESULT] 4,8,2D_cyclic,4,0.096001723,0.063993541,199,71,398
[RESULT] 4,8,2D_cyclic,5,0.116011626,0.092029004,199,71,398
[RESULT] 4,8,2D_cyclic,6,0.095994662,0.064005296,199,71,398
[RESULT] 4,8,2D_cyclic,7,0.095994335,0.063998387,199,71,398
[RESULT] 4,8,2D_cyclic,8,0.095969234,0.063959624,199,71,398
[RESULT] 4,8,2D_cyclic,9,0.090130967,0.064001470,199,71,398
[RESULT] 0,8,2D_cyclic,0,0.091848648,0.059846668,450,142,900
[RESULT] 0,8,2D_cyclic,1,0.095994009,0.063998778,450,142,900
[RESULT] 0,8,2D_cyclic,2,0.095996607,0.063998533,450,142,900
[RESULT] 0,8,2D_cyclic,3,0.099995839,0.067994708,450,142,900
[RESULT] 0,8,2D_cyclic,4,0.095979386,0.063986082,450,142,900
[RESULT] 0,8,2D_cyclic,5,0.118470935,0.082471429,450,142,900
[RESULT] 0,8,2D_cyclic,6,0.095992377,0.063992951,450,142,900
[RESULT] 0,8,2D_cyclic,7,0.096001771,0.064003841,450,142,900
[RESULT] 0,8,2D_cyclic,8,0.100022967,0.064006109,450,142,900
[RESULT] 0,8,2D_cyclic,9,0.080090832,0.060062015,450,142,900

Benchmark Summary
Processes: 8
Distribution: 2D_cyclic
Iterations: 10
Matrix NNZ: 2596
Total execution time: 2.060 seconds
[RESULT] 5,8,2D_cyclic,0,0.095981313,0.063977400,420,143,840
[RESULT] 5,8,2D_cyclic,1,0.095993932,0.064000629,420,143,840
[RESULT] 5,8,2D_cyclic,2,0.091977562,0.059978426,420,143,840
[RESULT] 5,8,2D_cyclic,3,0.099978661,0.067975788,420,143,840
[RESULT] 5,8,2D_cyclic,4,0.063996906,0.032007295,420,143,840
[RESULT] 5,8,2D_cyclic,5,0.114233534,0.086229849,420,143,840
[RESULT] 5,8,2D_cyclic,6,0.095998722,0.064013819,420,143,840
[RESULT] 5,8,2D_cyclic,7,0.095998838,0.064001231,420,143,840
[RESULT] 5,8,2D_cyclic,8,0.098572250,0.064007103,420,143,840
[RESULT] 5,8,2D_cyclic,9,0.088038930,0.060013931,420,143,840
