Retrieving the matrix from '../matrices/1138_bus.mtx'...
%%MatrixMarket matrix coordinate real symmetric
1138 1138 2596
Real Matrix: Rows=1138 | Cols=1138 | NNZ=2596 | Procs=4 | Distribution=1D
Applied 1D distribution
[RESULT] 1,4,1D,0,0.000004656,0.000001666,654,250,1308
[RESULT] 1,4,1D,1,0.000008709,0.000007009,654,250,1308
[RESULT] 1,4,1D,2,0.000002501,0.000001362,654,250,1308
[RESULT] 1,4,1D,3,0.000005269,0.000004321,654,250,1308
[RESULT] 1,4,1D,4,0.000002262,0.000001348,654,250,1308
[RESULT] 1,4,1D,5,0.000002220,0.000001340,654,250,1308
[RESULT] 1,4,1D,6,0.000002110,0.000001224,654,250,1308
[RESULT] 1,4,1D,7,0.000002040,0.000001169,654,250,1308
[RESULT] 1,4,1D,8,0.000002088,0.000001173,654,250,1308
[RESULT] 1,4,1D,9,0.000003784,0.000002877,654,250,1308
[RESULT] 2,4,1D,0,0.000004636,0.000001502,668,260,1336
[RESULT] 2,4,1D,1,0.000009259,0.000007639,668,260,1336
[RESULT] 2,4,1D,2,0.000002637,0.000001339,668,260,1336
[RESULT] 2,4,1D,3,0.000004722,0.000003549,668,260,1336
[RESULT] 2,4,1D,4,0.000002460,0.000001527,668,260,1336
[RESULT] 2,4,1D,5,0.000002271,0.000001337,668,260,1336
[RESULT] 2,4,1D,6,0.000002338,0.000001420,668,260,1336
[RESULT] 2,4,1D,7,0.000002219,0.000001306,668,260,1336
[RESULT] 2,4,1D,8,0.000002228,0.000001328,668,260,1336
[RESULT] 2,4,1D,9,0.000003563,0.000002640,668,260,1336
[RESULT] 3,4,1D,0,0.000004136,0.000001563,609,226,1218
[RESULT] 3,4,1D,1,0.000008458,0.000007035,609,226,1218
[RESULT] 3,4,1D,2,0.000002559,0.000001420,609,226,1218
[RESULT] 3,4,1D,3,0.000004124,0.000003121,609,226,1218
[RESULT] 3,4,1D,4,0.000002336,0.000001431,609,226,1218
[RESULT] 3,4,1D,5,0.000002335,0.000001430,609,226,1218
[RESULT] 3,4,1D,6,0.000002194,0.000001289,609,226,1218
[RESULT] 3,4,1D,7,0.000002188,0.000001325,609,226,1218
[RESULT] 3,4,1D,8,0.000002306,0.000001401,609,226,1218
[RESULT] 3,4,1D,9,0.000004305,0.000003404,609,226,1218
Ghost columns identified: 247 total ghost values needed
Local vector initialized (size=285 per process)
[RESULT] 0,4,1D,0,0.000004782,0.000001694,665,247,1330
[RESULT] 0,4,1D,1,0.000009282,0.000007224,665,247,1330
[RESULT] 0,4,1D,2,0.000002865,0.000001445,665,247,1330
[RESULT] 0,4,1D,3,0.000004865,0.000003687,665,247,1330
[RESULT] 0,4,1D,4,0.000002329,0.000001308,665,247,1330
[RESULT] 0,4,1D,5,0.000002338,0.000001403,665,247,1330
[RESULT] 0,4,1D,6,0.000002138,0.000001242,665,247,1330
[RESULT] 0,4,1D,7,0.000002117,0.000001216,665,247,1330
[RESULT] 0,4,1D,8,0.000002274,0.000001373,665,247,1330
[RESULT] 0,4,1D,9,0.000003443,0.000002524,665,247,1330

Benchmark Summary
Processes: 4
Distribution: 1D
Iterations: 10
Matrix NNZ: 2596
Total execution time: 0.017 seconds
