Retrieving the matrix from '../matrices/flowmeter0.mtx'...
%%MatrixMarket matrix coordinate real symmetric
9669 9669 38530
Real Matrix: Rows=9669 | Cols=9669 | NNZ=38530 | Procs=8 | Distribution=2D
2D Process Grid: 2 x 4 (rows x cols)
Rank 2: Grid pos (0,2) | Rows [0-4835) | Cols [4836-7254) | Local NNZ: 0
Rank 3: Grid pos (0,3) | Rows [0-4835) | Cols [7254-9669) | Local NNZ: 0
Rank 4: Grid pos (1,0) | Rows [4835-9669) | Cols [0-2418) | Local NNZ: 0
Rank 5: Grid pos (1,1) | Rows [4835-9669) | Cols [2418-4836) | Local NNZ: 126
Rank 6: Grid pos (1,2) | Rows [4835-9669) | Cols [4836-7254) | Local NNZ: 9661
Rank 7: Grid pos (1,3) | Rows [4835-9669) | Cols [7254-9669) | Local NNZ: 9540
Rank 0: Grid pos (0,0) | Rows [0-4835) | Cols [0-2418) | Local NNZ: 9666
Applied 2D distribution
Ghost columns identified: 2115 total ghost values needed
Rank 1: Grid pos (0,1) | Rows [0-4835) | Cols [2418-4836) | Local NNZ: 9537
Local vector initialized (size=1209 per process)
[RESULT] 1,8,2D,0,0.000043031,0.000016060,9537,2115,19074
[RESULT] 1,8,2D,1,0.000091370,0.000066671,9537,2115,19074
[RESULT] 1,8,2D,2,0.000034133,0.000011229,9537,2115,19074
[RESULT] 1,8,2D,3,0.000028933,0.000007233,9537,2115,19074
[RESULT] 1,8,2D,4,0.000093171,0.000045404,9537,2115,19074
[RESULT] 1,8,2D,5,0.000180094,0.000131702,9537,2115,19074
[RESULT] 1,8,2D,6,0.000061500,0.000017781,9537,2115,19074
[RESULT] 1,8,2D,7,0.000043267,0.000005151,9537,2115,19074
[RESULT] 1,8,2D,8,0.000040595,0.000005269,9537,2115,19074
[RESULT] 1,8,2D,9,0.000050392,0.000016625,9537,2115,19074
[RESULT] 7,8,2D,0,0.000044148,0.000016427,9540,2113,19080
[RESULT] 7,8,2D,1,0.000061768,0.000037352,9540,2113,19080
[RESULT] 7,8,2D,2,0.000033657,0.000011243,9540,2113,19080
[RESULT] 7,8,2D,3,0.000031572,0.000009053,9540,2113,19080
[RESULT] 7,8,2D,4,0.000040847,0.000019524,9540,2113,19080
[RESULT] 7,8,2D,5,0.000146261,0.000125437,9540,2113,19080
[RESULT] 7,8,2D,6,0.000023020,0.000002695,9540,2113,19080
[RESULT] 7,8,2D,7,0.000027512,0.000007065,9540,2113,19080
[RESULT] 7,8,2D,8,0.000025354,0.000005452,9540,2113,19080
[RESULT] 7,8,2D,9,0.000037389,0.000017995,9540,2113,19080
[RESULT] 2,8,2D,0,0.000017614,0.000015068,0,0,0
[RESULT] 2,8,2D,1,0.000029693,0.000027205,0,0,0
[RESULT] 2,8,2D,2,0.000007530,0.000004864,0,0,0
[RESULT] 2,8,2D,3,0.000012209,0.000009808,0,0,0
[RESULT] 2,8,2D,4,0.000030968,0.000026905,0,0,0
[RESULT] 2,8,2D,5,0.000122053,0.000119404,0,0,0
[RESULT] 2,8,2D,6,0.000008674,0.000005989,0,0,0
[RESULT] 2,8,2D,7,0.000006973,0.000004511,0,0,0
[RESULT] 2,8,2D,8,0.000005767,0.000003448,0,0,0
[RESULT] 2,8,2D,9,0.000020768,0.000016501,0,0,0
[RESULT] 3,8,2D,0,0.000027787,0.000017073,0,0,0
[RESULT] 3,8,2D,1,0.000090463,0.000080291,0,0,0
[RESULT] 3,8,2D,2,0.000022016,0.000012659,0,0,0
[RESULT] 3,8,2D,3,0.000018900,0.000008975,0,0,0
[RESULT] 3,8,2D,4,0.000023136,0.000020026,0,0,0
[RESULT] 3,8,2D,5,0.000118502,0.000115920,0,0,0
[RESULT] 3,8,2D,6,0.000004881,0.000002443,0,0,0
[RESULT] 3,8,2D,7,0.000008185,0.000003906,0,0,0
[RESULT] 3,8,2D,8,0.000007199,0.000004780,0,0,0
[RESULT] 3,8,2D,9,0.000019944,0.000017570,0,0,0
[RESULT] 4,8,2D,0,0.000018247,0.000015516,0,0,0
[RESULT] 4,8,2D,1,0.000046666,0.000044161,0,0,0
[RESULT] 4,8,2D,2,0.000013541,0.000009851,0,0,0
[RESULT] 4,8,2D,3,0.000014102,0.000010320,0,0,0
[RESULT] 4,8,2D,4,0.000026356,0.000023899,0,0,0
[RESULT] 4,8,2D,5,0.000091015,0.000088426,0,0,0
[RESULT] 4,8,2D,6,0.000010746,0.000006322,0,0,0
[RESULT] 4,8,2D,7,0.000006503,0.000004010,0,0,0
[RESULT] 4,8,2D,8,0.000008242,0.000003954,0,0,0
[RESULT] 4,8,2D,9,0.000019249,0.000016946,0,0,0
[RESULT] 5,8,2D,0,0.000019586,0.000016352,126,52,252
[RESULT] 5,8,2D,1,0.000069089,0.000066235,126,52,252
[RESULT] 5,8,2D,2,0.000013630,0.000010847,126,52,252
[RESULT] 5,8,2D,3,0.000011313,0.000008574,126,52,252
[RESULT] 5,8,2D,4,0.000037741,0.000034903,126,52,252
[RESULT] 5,8,2D,5,0.000017434,0.000012047,126,52,252
[RESULT] 5,8,2D,6,0.000019658,0.000016880,126,52,252
[RESULT] 5,8,2D,7,0.000006880,0.000004183,126,52,252
[RESULT] 5,8,2D,8,0.000007952,0.000005286,126,52,252
[RESULT] 5,8,2D,9,0.000021448,0.000018761,126,52,252
[RESULT] 6,8,2D,0,0.000042852,0.000015282,9661,2116,19322
[RESULT] 6,8,2D,1,0.000090836,0.000065827,9661,2116,19322
[RESULT] 6,8,2D,2,0.000035208,0.000011015,9661,2116,19322
[RESULT] 6,8,2D,3,0.000044439,0.000008844,9661,2116,19322
[RESULT] 6,8,2D,4,0.000048885,0.000027620,9661,2116,19322
[RESULT] 6,8,2D,5,0.000151330,0.000128905,9661,2116,19322
[RESULT] 6,8,2D,6,0.000038305,0.000017952,9661,2116,19322
[RESULT] 6,8,2D,7,0.000023828,0.000004624,9661,2116,19322
[RESULT] 6,8,2D,8,0.000023556,0.000005362,9661,2116,19322
[RESULT] 6,8,2D,9,0.000036304,0.000018224,9661,2116,19322
[RESULT] 0,8,2D,0,0.000066416,0.000018294,9666,2115,19332
[RESULT] 0,8,2D,1,0.000110173,0.000066793,9666,2115,19332
[RESULT] 0,8,2D,2,0.000052077,0.000010558,9666,2115,19332
[RESULT] 0,8,2D,3,0.000052056,0.000011244,9666,2115,19332
[RESULT] 0,8,2D,4,0.000066939,0.000026882,9666,2115,19332
[RESULT] 0,8,2D,5,0.000176693,0.000134961,9666,2115,19332
[RESULT] 0,8,2D,6,0.000056713,0.000018192,9666,2115,19332
[RESULT] 0,8,2D,7,0.000044797,0.000008418,9666,2115,19332
[RESULT] 0,8,2D,8,0.000041162,0.000005719,9666,2115,19332
[RESULT] 0,8,2D,9,0.000054484,0.000019406,9666,2115,19332

Benchmark Summary
Processes: 8
Distribution: 2D
Iterations: 10
Matrix NNZ: 38530
Total execution time: 0.059 seconds
