Retrieving the matrix from '../matrices/cond-mat-2005.mtx'...
%%MatrixMarket matrix coordinate real symmetric
40421 40421 175693
Real Matrix (Strong Scaling): Rows=40421 | Cols=40421 | NNZ=175693 | Procs=4
ok 1D distribution
Ghost columns identified: 13288 total ghost values needed
Local vector initialized (size=10106 per process)
[RESULT] 1,4,0,0.000223548,0.000033470,44044,13219,88088
[RESULT] 1,4,1,0.000232474,0.000046059,44044,13219,88088
[RESULT] 1,4,2,0.000208254,0.000022859,44044,13219,88088
[RESULT] 1,4,3,0.000201435,0.000016971,44044,13219,88088
[RESULT] 1,4,4,0.000218221,0.000023414,44044,13219,88088
[RESULT] 1,4,5,0.000202023,0.000017724,44044,13219,88088
[RESULT] 1,4,6,0.000202725,0.000017990,44044,13219,88088
[RESULT] 1,4,7,0.000201642,0.000016985,44044,13219,88088
[RESULT] 1,4,8,0.000202255,0.000018924,44044,13219,88088
[RESULT] 1,4,9,0.000202282,0.000015394,44044,13219,88088
[RESULT] 2,4,0,0.000252296,0.000032822,43918,13177,87836
[RESULT] 2,4,1,0.000225862,0.000043735,43918,13177,87836
[RESULT] 2,4,2,0.000204348,0.000023566,43918,13177,87836
[RESULT] 2,4,3,0.000197032,0.000016491,43918,13177,87836
[RESULT] 2,4,4,0.000201039,0.000021445,43918,13177,87836
[RESULT] 2,4,5,0.000205770,0.000015998,43918,13177,87836
[RESULT] 2,4,6,0.000200064,0.000020589,43918,13177,87836
[RESULT] 2,4,7,0.000195489,0.000017068,43918,13177,87836
[RESULT] 2,4,8,0.000197439,0.000018784,43918,13177,87836
[RESULT] 2,4,9,0.000200997,0.000017868,43918,13177,87836
[RESULT] 3,4,0,0.000226871,0.000029948,43386,13374,86772
[RESULT] 3,4,1,0.000216191,0.000040739,43386,13374,86772
[RESULT] 3,4,2,0.000196760,0.000023154,43386,13374,86772
[RESULT] 3,4,3,0.000190222,0.000018298,43386,13374,86772
[RESULT] 3,4,4,0.000201094,0.000023275,43386,13374,86772
[RESULT] 3,4,5,0.000191479,0.000016605,43386,13374,86772
[RESULT] 3,4,6,0.000192234,0.000020208,43386,13374,86772
[RESULT] 3,4,7,0.000186363,0.000016707,43386,13374,86772
[RESULT] 3,4,8,0.000203346,0.000019116,43386,13374,86772
[RESULT] 3,4,9,0.000198833,0.000018228,43386,13374,86772
[RESULT] 0,4,0,0.000254834,0.000033295,44345,13288,88690
[RESULT] 0,4,1,0.000238294,0.000052580,44345,13288,88690
[RESULT] 0,4,2,0.000200715,0.000017626,44345,13288,88690
[RESULT] 0,4,3,0.000195480,0.000013854,44345,13288,88690
[RESULT] 0,4,4,0.000205300,0.000015185,44345,13288,88690
[RESULT] 0,4,5,0.000196845,0.000014814,44345,13288,88690
[RESULT] 0,4,6,0.000198342,0.000017320,44345,13288,88690
[RESULT] 0,4,7,0.000201258,0.000014519,44345,13288,88690
[RESULT] 0,4,8,0.000195690,0.000014158,44345,13288,88690
[RESULT] 0,4,9,0.000202355,0.000014108,44345,13288,88690

Benchmark Summary
Processes: 4
Iterations: 10
Matrix NNZ: 175693
Total execution time: 0.122 seconds
