Retrieving the matrix from '../matrices/cond-mat-2005.mtx'...
%%MatrixMarket matrix coordinate real symmetric
40421 40421 175693
Real Matrix: Rows=40421 | Cols=40421 | NNZ=175693 | Procs=4 | Distribution=2D
2D Process Grid: 2 x 2 (rows x cols)
Rank 1: Grid pos (0,1) | Rows [0-20211) | Cols [20211-40421) | Local NNZ: 0
Rank 3: Grid pos (1,1) | Rows [20211-40421) | Cols [20211-40421) | Local NNZ: 24374
Rank 0: Grid pos (0,0) | Rows [0-20211) | Cols [0-20211) | Local NNZ: 100606
Applied 2D distribution
Rank 2: Grid pos (1,0) | Rows [20211-40421) | Cols [0-20211) | Local NNZ: 50713
Ghost columns identified: 11098 total ghost values needed
Local vector initialized (size=10106 per process)
[RESULT] 0,4,2D,0,0.048557368,0.032176348,100606,11098,201212
[RESULT] 0,4,2D,1,0.064441813,0.047988198,100606,11098,201212
[RESULT] 0,4,2D,2,0.048466423,0.032013143,100606,11098,201212
[RESULT] 0,4,2D,3,0.064466267,0.048028272,100606,11098,201212
[RESULT] 0,4,2D,4,0.048487921,0.032018320,100606,11098,201212
[RESULT] 0,4,2D,5,0.048469055,0.032021123,100606,11098,201212
[RESULT] 0,4,2D,6,0.048500906,0.032012994,100606,11098,201212
[RESULT] 0,4,2D,7,0.048476337,0.032024288,100606,11098,201212
[RESULT] 0,4,2D,8,0.048631022,0.032060335,100606,11098,201212
[RESULT] 0,4,2D,9,0.048568310,0.031994417,100606,11098,201212

Benchmark Summary
Processes: 4
Distribution: 2D
Iterations: 10
Matrix NNZ: 175693
Total execution time: 1.120 seconds
[RESULT] 2,4,2D,0,0.048441476,0.032059889,50713,7879,101426
[RESULT] 2,4,2D,1,0.064328591,0.048005331,50713,7879,101426
[RESULT] 2,4,2D,2,0.048308008,0.031996502,50713,7879,101426
[RESULT] 2,4,2D,3,0.064309456,0.048017678,50713,7879,101426
[RESULT] 2,4,2D,4,0.048319198,0.032031952,50713,7879,101426
[RESULT] 2,4,2D,5,0.048324122,0.032015625,50713,7879,101426
[RESULT] 2,4,2D,6,0.048315218,0.032006502,50713,7879,101426
[RESULT] 2,4,2D,7,0.048306552,0.032008239,50713,7879,101426
[RESULT] 2,4,2D,8,0.048311615,0.032067412,50713,7879,101426
[RESULT] 2,4,2D,9,0.045227565,0.032025554,50713,7879,101426
[RESULT] 1,4,2D,0,0.043918483,0.027923434,0,0,0
[RESULT] 1,4,2D,1,0.064013557,0.048002266,0,0,0
[RESULT] 1,4,2D,2,0.048110986,0.032000982,0,0,0
[RESULT] 1,4,2D,3,0.064007284,0.048011037,0,0,0
[RESULT] 1,4,2D,4,0.048005322,0.032032045,0,0,0
[RESULT] 1,4,2D,5,0.047999710,0.031991444,0,0,0
[RESULT] 1,4,2D,6,0.048008916,0.032001420,0,0,0
[RESULT] 1,4,2D,7,0.048012623,0.032006982,0,0,0
[RESULT] 1,4,2D,8,0.060007472,0.044002376,0,0,0
[RESULT] 1,4,2D,9,0.044015551,0.031995271,0,0,0
[RESULT] 3,4,2D,0,0.052183637,0.036012720,24374,7280,48748
[RESULT] 3,4,2D,1,0.048162043,0.032005068,24374,7280,48748
[RESULT] 3,4,2D,2,0.048159000,0.031986552,24374,7280,48748
[RESULT] 3,4,2D,3,0.048172158,0.032010903,24374,7280,48748
[RESULT] 3,4,2D,4,0.048257152,0.032004715,24374,7280,48748
[RESULT] 3,4,2D,5,0.048160970,0.031988473,24374,7280,48748
[RESULT] 3,4,2D,6,0.048139812,0.031965576,24374,7280,48748
[RESULT] 3,4,2D,7,0.048162112,0.032007100,24374,7280,48748
[RESULT] 3,4,2D,8,0.052259312,0.036023228,24374,7280,48748
[RESULT] 3,4,2D,9,0.044271068,0.031997868,24374,7280,48748
