Retrieving the matrix from '../matrices/flowmeter0.mtx'...
%%MatrixMarket matrix coordinate real symmetric
9669 9669 38530
Real Matrix (Strong Scaling): Rows=9669 | Cols=9669 | NNZ=38530 | Procs=8
ok 1D distribution
Ghost columns identified: 2734 total ghost values needed
Local vector initialized (size=1209 per process)
[RESULT] 5,8,0,0.096005433,0.063998831,4809,2680,9618
[RESULT] 5,8,1,0.128016786,0.096012535,4809,2680,9618
[RESULT] 5,8,2,0.091986198,0.059982141,4809,2680,9618
[RESULT] 5,8,3,0.128011367,0.096003916,4809,2680,9618
[RESULT] 5,8,4,0.128020139,0.095988399,4809,2680,9618
[RESULT] 5,8,5,0.096023198,0.064001078,4809,2680,9618
[RESULT] 5,8,6,0.128018298,0.096037395,4809,2680,9618
[RESULT] 5,8,7,0.096022367,0.063999879,4809,2680,9618
[RESULT] 5,8,8,0.096008440,0.064005624,4809,2680,9618
[RESULT] 5,8,9,0.096062362,0.064007130,4809,2680,9618
[RESULT] 6,8,0,0.123793708,0.091779481,4823,2698,9646
[RESULT] 6,8,1,0.096015637,0.064008566,4823,2698,9646
[RESULT] 6,8,2,0.135452997,0.103443269,4823,2698,9646
[RESULT] 6,8,3,0.128010060,0.096010428,4823,2698,9646
[RESULT] 6,8,4,0.128014028,0.095997313,4823,2698,9646
[RESULT] 6,8,5,0.128008883,0.095993706,4823,2698,9646
[RESULT] 6,8,6,0.128013436,0.096009917,4823,2698,9646
[RESULT] 6,8,7,0.096005359,0.064001877,4823,2698,9646
[RESULT] 6,8,8,0.128015681,0.096001351,4823,2698,9646
[RESULT] 6,8,9,0.092172320,0.064015044,4823,2698,9646
[RESULT] 2,8,0,0.128017453,0.096006458,4813,2714,9626
[RESULT] 2,8,1,0.123690498,0.091684273,4813,2714,9626
[RESULT] 2,8,2,0.104004211,0.072022210,4813,2714,9626
[RESULT] 2,8,3,0.096024964,0.064005531,4813,2714,9626
[RESULT] 2,8,4,0.128008468,0.095999518,4813,2714,9626
[RESULT] 2,8,5,0.096013215,0.064023064,4813,2714,9626
[RESULT] 2,8,6,0.096040500,0.064018210,4813,2714,9626
[RESULT] 2,8,7,0.128008516,0.064003682,4813,2714,9626
[RESULT] 2,8,8,0.127992170,0.095987924,4813,2714,9626
[RESULT] 2,8,9,0.076325362,0.064011209,4813,2714,9626
[RESULT] 7,8,0,0.096009744,0.063995853,4817,2683,9634
[RESULT] 7,8,1,0.096012811,0.063998704,4817,2683,9634
[RESULT] 7,8,2,0.114848347,0.082837839,4817,2683,9634
[RESULT] 7,8,3,0.096014959,0.064007637,4817,2683,9634
[RESULT] 7,8,4,0.096024812,0.063993419,4817,2683,9634
[RESULT] 7,8,5,0.096007045,0.063993819,4817,2683,9634
[RESULT] 7,8,6,0.123972099,0.091962011,4817,2683,9634
[RESULT] 7,8,7,0.096006914,0.063996331,4817,2683,9634
[RESULT] 7,8,8,0.128011008,0.064002776,4817,2683,9634
[RESULT] 7,8,9,0.085613454,0.064002116,4817,2683,9634
[RESULT] 3,8,0,0.128006909,0.095991200,4823,2700,9646
[RESULT] 3,8,1,0.096014473,0.064019118,4823,2700,9646
[RESULT] 3,8,2,0.104028488,0.072116489,4823,2700,9646
[RESULT] 3,8,3,0.096011545,0.064010787,4823,2700,9646
[RESULT] 3,8,4,0.128027784,0.096000522,4823,2700,9646
[RESULT] 3,8,5,0.096006746,0.064012605,4823,2700,9646
[RESULT] 3,8,6,0.128012599,0.096000834,4823,2700,9646
[RESULT] 3,8,7,0.128013978,0.096011599,4823,2700,9646
[RESULT] 3,8,8,0.096011932,0.064002067,4823,2700,9646
[RESULT] 3,8,9,0.116029201,0.096008868,4823,2700,9646
[RESULT] 1,8,0,0.096009789,0.063994676,4810,2675,9620
[RESULT] 1,8,1,0.100015026,0.068028948,4810,2675,9620
[RESULT] 1,8,2,0.101718833,0.069712252,4810,2675,9620
[RESULT] 1,8,3,0.096016771,0.064011866,4810,2675,9620
[RESULT] 1,8,4,0.096008358,0.064022525,4810,2675,9620
[RESULT] 1,8,5,0.096015394,0.064004267,4810,2675,9620
[RESULT] 1,8,6,0.096042339,0.064032066,4810,2675,9620
[RESULT] 1,8,7,0.095993763,0.063978624,4810,2675,9620
[RESULT] 1,8,8,0.127999025,0.063985866,4810,2675,9620
[RESULT] 1,8,9,0.077542463,0.063192056,4810,2675,9620
[RESULT] 4,8,0,0.095971964,0.063960445,4823,2685,9646
[RESULT] 4,8,1,0.096015347,0.064009545,4823,2685,9646
[RESULT] 4,8,2,0.113914571,0.081904510,4823,2685,9646
[RESULT] 4,8,3,0.128005495,0.096000622,4823,2685,9646
[RESULT] 4,8,4,0.128011200,0.096000130,4823,2685,9646
[RESULT] 4,8,5,0.128013734,0.095997005,4823,2685,9646
[RESULT] 4,8,6,0.128015751,0.096003254,4823,2685,9646
[RESULT] 4,8,7,0.096006330,0.064001002,4823,2685,9646
[RESULT] 4,8,8,0.128046133,0.095994937,4823,2685,9646
[RESULT] 4,8,9,0.096016120,0.064001672,4823,2685,9646
[RESULT] 0,8,0,0.128005879,0.095992848,4812,2734,9624
[RESULT] 0,8,1,0.096002215,0.063987879,4812,2734,9624
[RESULT] 0,8,2,0.092004278,0.060007301,4812,2734,9624
[RESULT] 0,8,3,0.096012470,0.064030602,4812,2734,9624
[RESULT] 0,8,4,0.095997589,0.063944963,4812,2734,9624
[RESULT] 0,8,5,0.096014289,0.064005407,4812,2734,9624
[RESULT] 0,8,6,0.095987354,0.063981028,4812,2734,9624
[RESULT] 0,8,7,0.096030624,0.064010254,4812,2734,9624
[RESULT] 0,8,8,0.127999191,0.095990300,4812,2734,9624
[RESULT] 0,8,9,0.080019349,0.064014494,4812,2734,9624

Benchmark Summary
Processes: 8
Iterations: 10
Matrix NNZ: 38530
Total execution time: 2.204 seconds
