Retrieving the matrix from '../matrices/flowmeter0.mtx'...
%%MatrixMarket matrix coordinate real symmetric
9669 9669 38530
Real Matrix (Strong Scaling): Rows=9669 | Cols=9669 | NNZ=38530 | Procs=8
ok 1D distribution
Ghost columns identified: 2734 total ghost values needed
Local vector initialized (size=1209 per process)
[RESULT] 7,8,0,0.000021846,0.000010239,4817,2683,9634
[RESULT] 7,8,1,0.000021442,0.000011451,4817,2683,9634
[RESULT] 7,8,2,0.000023965,0.000017154,4817,2683,9634
[RESULT] 7,8,3,0.000102939,0.000096325,4817,2683,9634
[RESULT] 7,8,4,0.000049148,0.000042650,4817,2683,9634
[RESULT] 7,8,5,0.000014765,0.000007623,4817,2683,9634
[RESULT] 7,8,6,0.000017196,0.000007928,4817,2683,9634
[RESULT] 7,8,7,0.000024815,0.000015895,4817,2683,9634
[RESULT] 7,8,8,0.000015867,0.000006816,4817,2683,9634
[RESULT] 7,8,9,0.000048197,0.000038905,4817,2683,9634
[RESULT] 0,8,0,0.000025312,0.000009968,4812,2734,9624
[RESULT] 0,8,1,0.000028497,0.000017152,4812,2734,9624
[RESULT] 0,8,2,0.000079244,0.000066981,4812,2734,9624
[RESULT] 0,8,3,0.000104136,0.000091557,4812,2734,9624
[RESULT] 0,8,4,0.000051680,0.000043272,4812,2734,9624
[RESULT] 0,8,5,0.000013857,0.000006546,4812,2734,9624
[RESULT] 0,8,6,0.000014667,0.000007937,4812,2734,9624
[RESULT] 0,8,7,0.000021828,0.000015502,4812,2734,9624
[RESULT] 0,8,8,0.000012614,0.000006464,4812,2734,9624
[RESULT] 0,8,9,0.000045767,0.000039546,4812,2734,9624

Benchmark Summary
Processes: 8
Iterations: 10
Matrix NNZ: 38530
Total execution time: 0.074 seconds
[RESULT] 1,8,0,0.000038752,0.000012588,4810,2675,9620
[RESULT] 1,8,1,0.000042992,0.000018214,4810,2675,9620
[RESULT] 1,8,2,0.000079111,0.000065000,4810,2675,9620
[RESULT] 1,8,3,0.000120233,0.000095915,4810,2675,9620
[RESULT] 1,8,4,0.000065230,0.000044115,4810,2675,9620
[RESULT] 1,8,5,0.000026403,0.000010294,4810,2675,9620
[RESULT] 1,8,6,0.000030970,0.000009545,4810,2675,9620
[RESULT] 1,8,7,0.000031563,0.000015814,4810,2675,9620
[RESULT] 1,8,8,0.000030580,0.000007993,4810,2675,9620
[RESULT] 1,8,9,0.000059827,0.000039260,4810,2675,9620
[RESULT] 2,8,0,0.000034533,0.000012193,4813,2714,9626
[RESULT] 2,8,1,0.000034961,0.000013467,4813,2714,9626
[RESULT] 2,8,2,0.000090045,0.000072219,4813,2714,9626
[RESULT] 2,8,3,0.000066022,0.000049527,4813,2714,9626
[RESULT] 2,8,4,0.000059181,0.000043964,4813,2714,9626
[RESULT] 2,8,5,0.000027136,0.000010783,4813,2714,9626
[RESULT] 2,8,6,0.000023961,0.000009504,4813,2714,9626
[RESULT] 2,8,7,0.000021020,0.000006722,4813,2714,9626
[RESULT] 2,8,8,0.000022386,0.000009277,4813,2714,9626
[RESULT] 2,8,9,0.000051667,0.000038742,4813,2714,9626
[RESULT] 3,8,0,0.000036602,0.000014968,4823,2700,9646
[RESULT] 3,8,1,0.000034718,0.000012897,4823,2700,9646
[RESULT] 3,8,2,0.000036645,0.000017600,4823,2700,9646
[RESULT] 3,8,3,0.000119187,0.000100139,4823,2700,9646
[RESULT] 3,8,4,0.000060149,0.000043164,4823,2700,9646
[RESULT] 3,8,5,0.000023354,0.000007636,4823,2700,9646
[RESULT] 3,8,6,0.000022492,0.000007539,4823,2700,9646
[RESULT] 3,8,7,0.000030966,0.000016183,4823,2700,9646
[RESULT] 3,8,8,0.000020817,0.000007492,4823,2700,9646
[RESULT] 3,8,9,0.000054201,0.000040670,4823,2700,9646
[RESULT] 4,8,0,0.000032739,0.000013865,4823,2685,9646
[RESULT] 4,8,1,0.000032428,0.000013185,4823,2685,9646
[RESULT] 4,8,2,0.000093430,0.000072544,4823,2685,9646
[RESULT] 4,8,3,0.000110021,0.000089957,4823,2685,9646
[RESULT] 4,8,4,0.000061723,0.000044327,4823,2685,9646
[RESULT] 4,8,5,0.000032637,0.000010196,4823,2685,9646
[RESULT] 4,8,6,0.000025246,0.000008839,4823,2685,9646
[RESULT] 4,8,7,0.000037487,0.000016292,4823,2685,9646
[RESULT] 4,8,8,0.000024849,0.000007487,4823,2685,9646
[RESULT] 4,8,9,0.000056437,0.000039840,4823,2685,9646
[RESULT] 6,8,0,0.000041597,0.000014252,4823,2698,9646
[RESULT] 6,8,1,0.000038719,0.000013321,4823,2698,9646
[RESULT] 6,8,2,0.000092405,0.000073058,4823,2698,9646
[RESULT] 6,8,3,0.000069682,0.000046360,4823,2698,9646
[RESULT] 6,8,4,0.000076804,0.000044043,4823,2698,9646
[RESULT] 6,8,5,0.000025296,0.000007778,4823,2698,9646
[RESULT] 6,8,6,0.000027833,0.000008927,4823,2698,9646
[RESULT] 6,8,7,0.000025042,0.000006462,4823,2698,9646
[RESULT] 6,8,8,0.000027171,0.000007377,4823,2698,9646
[RESULT] 6,8,9,0.000055918,0.000040118,4823,2698,9646
[RESULT] 5,8,0,0.000040288,0.000014682,4809,2680,9618
[RESULT] 5,8,1,0.000037778,0.000012812,4809,2680,9618
[RESULT] 5,8,2,0.000088773,0.000068610,4809,2680,9618
[RESULT] 5,8,3,0.000118592,0.000096183,4809,2680,9618
[RESULT] 5,8,4,0.000063980,0.000044988,4809,2680,9618
[RESULT] 5,8,5,0.000029181,0.000009246,4809,2680,9618
[RESULT] 5,8,6,0.000027509,0.000007729,4809,2680,9618
[RESULT] 5,8,7,0.000036408,0.000015606,4809,2680,9618
[RESULT] 5,8,8,0.000030516,0.000009240,4809,2680,9618
[RESULT] 5,8,9,0.000157086,0.000040003,4809,2680,9618
