Retrieving the matrix from '../matrices/flowmeter0.mtx'...
%%MatrixMarket matrix coordinate real symmetric
9669 9669 38530
Real Matrix: Rows=9669 | Cols=9669 | NNZ=38530 | Procs=2 | Distribution=2D
2D Process Grid: 1 x 2 (rows x cols)
Rank 1: Grid pos (0,1) | Rows [0-9669) | Cols [4835-9669) | Local NNZ: 19206
Rank 0: Grid pos (0,0) | Rows [0-9669) | Cols [0-4835) | Local NNZ: 19324
Applied 2D distribution
Ghost columns identified: 2417 total ghost values needed
Local vector initialized (size=4835 per process)
[RESULT] 1,2,2D,0,0.000338693,0.000193139,19206,2417,38412
[RESULT] 1,2,2D,1,0.000353080,0.000150907,19206,2417,38412
[RESULT] 1,2,2D,2,0.000312970,0.000125219,19206,2417,38412
[RESULT] 1,2,2D,3,0.000240447,0.000121021,19206,2417,38412
[RESULT] 1,2,2D,4,0.000312371,0.000123081,19206,2417,38412
[RESULT] 1,2,2D,5,0.000299476,0.000165100,19206,2417,38412
[RESULT] 1,2,2D,6,0.000345858,0.000124059,19206,2417,38412
[RESULT] 1,2,2D,7,0.000395464,0.000140701,19206,2417,38412
[RESULT] 1,2,2D,8,0.000603793,0.000289435,19206,2417,38412
[RESULT] 1,2,2D,9,0.000539600,0.000242014,19206,2417,38412
[RESULT] 0,2,2D,0,0.000395900,0.000191136,19324,2417,38648
[RESULT] 0,2,2D,1,0.000293361,0.000152866,19324,2417,38648
[RESULT] 0,2,2D,2,0.000253332,0.000125782,19324,2417,38648
[RESULT] 0,2,2D,3,0.000288641,0.000122238,19324,2417,38648
[RESULT] 0,2,2D,4,0.000276652,0.000121525,19324,2417,38648
[RESULT] 0,2,2D,5,0.000356163,0.000165285,19324,2417,38648
[RESULT] 0,2,2D,6,0.000262675,0.000123199,19324,2417,38648
[RESULT] 0,2,2D,7,0.000267218,0.000140915,19324,2417,38648
[RESULT] 0,2,2D,8,0.000586521,0.000257439,19324,2417,38648
[RESULT] 0,2,2D,9,0.001179056,0.000241435,19324,2417,38648

Benchmark Summary
Processes: 2
Distribution: 2D
Iterations: 10
Matrix NNZ: 38530
Total execution time: 0.037 seconds
