Retrieving the matrix from '../matrices/cond-mat-2005.mtx'...
%%MatrixMarket matrix coordinate real symmetric
40421 40421 175693
Real Matrix: Rows=40421 | Cols=40421 | NNZ=175693 | Procs=4 | Distribution=1D
Applied 1D distribution
Ghost columns identified: 13288 total ghost values needed
Local vector initialized (size=10106 per process)
[RESULT] 0,4,1D,0,0.048195195,0.032073394,44345,13288,88690
[RESULT] 0,4,1D,1,0.048219358,0.032035392,44345,13288,88690
[RESULT] 0,4,1D,2,0.048245703,0.032037200,44345,13288,88690
[RESULT] 0,4,1D,3,0.048196749,0.032032321,44345,13288,88690
[RESULT] 0,4,1D,4,0.048217048,0.032026707,44345,13288,88690
[RESULT] 0,4,1D,5,0.052215762,0.036014845,44345,13288,88690
[RESULT] 0,4,1D,6,0.048223618,0.032067805,44345,13288,88690
[RESULT] 0,4,1D,7,0.048317399,0.032037464,44345,13288,88690
[RESULT] 0,4,1D,8,0.048213531,0.032042243,44345,13288,88690
[RESULT] 0,4,1D,9,0.048216946,0.032042648,44345,13288,88690

Benchmark Summary
Processes: 4
Distribution: 1D
Iterations: 10
Matrix NNZ: 175693
Total execution time: 1.180 seconds
[RESULT] 1,4,1D,0,0.048237414,0.031991053,44044,13219,88088
[RESULT] 1,4,1D,1,0.048228054,0.032007254,44044,13219,88088
[RESULT] 1,4,1D,2,0.048242391,0.031993725,44044,13219,88088
[RESULT] 1,4,1D,3,0.048212768,0.031989252,44044,13219,88088
[RESULT] 1,4,1D,4,0.048209864,0.031996449,44044,13219,88088
[RESULT] 1,4,1D,5,0.044218975,0.027978777,44044,13219,88088
[RESULT] 1,4,1D,6,0.048251671,0.032037457,44044,13219,88088
[RESULT] 1,4,1D,7,0.048255197,0.032031091,44044,13219,88088
[RESULT] 1,4,1D,8,0.048241874,0.032022886,44044,13219,88088
[RESULT] 1,4,1D,9,0.044872127,0.032046466,44044,13219,88088
[RESULT] 2,4,1D,0,0.048256299,0.032007217,43918,13177,87836
[RESULT] 2,4,1D,1,0.048246936,0.032007591,43918,13177,87836
[RESULT] 2,4,1D,2,0.048472671,0.031974207,43918,13177,87836
[RESULT] 2,4,1D,3,0.048039703,0.031816692,43918,13177,87836
[RESULT] 2,4,1D,4,0.048254910,0.032170916,43918,13177,87836
[RESULT] 2,4,1D,5,0.036868990,0.020679731,43918,13177,87836
[RESULT] 2,4,1D,6,0.048220862,0.032016546,43918,13177,87836
[RESULT] 2,4,1D,7,0.048218500,0.032069329,43918,13177,87836
[RESULT] 2,4,1D,8,0.048242797,0.032025714,43918,13177,87836
[RESULT] 2,4,1D,9,0.041341340,0.032011716,43918,13177,87836
[RESULT] 3,4,1D,0,0.048199533,0.032027103,43386,13374,86772
[RESULT] 3,4,1D,1,0.048224320,0.032020192,43386,13374,86772
[RESULT] 3,4,1D,2,0.048217900,0.032034302,43386,13374,86772
[RESULT] 3,4,1D,3,0.048326484,0.032081311,43386,13374,86772
[RESULT] 3,4,1D,4,0.048211881,0.032054514,43386,13374,86772
[RESULT] 3,4,1D,5,0.044230554,0.028019605,43386,13374,86772
[RESULT] 3,4,1D,6,0.048177298,0.031928308,43386,13374,86772
[RESULT] 3,4,1D,7,0.048210671,0.032008823,43386,13374,86772
[RESULT] 3,4,1D,8,0.048170572,0.031968343,43386,13374,86772
[RESULT] 3,4,1D,9,0.044226733,0.032007582,43386,13374,86772
