Retrieving the matrix from '../matrices/flowmeter0.mtx'...
%%MatrixMarket matrix coordinate real symmetric
9669 9669 38530
Real Matrix: Rows=9669 | Cols=9669 | NNZ=38530 | Procs=2 | Distribution=2D_cyclic
2D Process Grid (Cyclic): 1 x 2
Rank 1: Grid pos (0,1) | Local rows: 9669 | Local NNZ: 19247
Rank 0: Grid pos (0,0) | Local rows: 9669 | Local NNZ: 19283
Applied 2Dcyclic distribution
Ghost columns identified: 0 total ghost values needed
Local vector initialized (size=4835 per process)
[RESULT] 1,2,2D_cyclic,0,0.000059533,0.000000468,19247,0,38494
[RESULT] 1,2,2D_cyclic,1,0.000056065,0.000009389,19247,0,38494
[RESULT] 1,2,2D_cyclic,2,0.000045576,0.000000226,19247,0,38494
[RESULT] 1,2,2D_cyclic,3,0.000044396,0.000000255,19247,0,38494
[RESULT] 1,2,2D_cyclic,4,0.000043710,0.000000170,19247,0,38494
[RESULT] 1,2,2D_cyclic,5,0.000042837,0.000000173,19247,0,38494
[RESULT] 1,2,2D_cyclic,6,0.000042260,0.000000199,19247,0,38494
[RESULT] 1,2,2D_cyclic,7,0.000042870,0.000000214,19247,0,38494
[RESULT] 1,2,2D_cyclic,8,0.000040088,0.000000151,19247,0,38494
[RESULT] 1,2,2D_cyclic,9,0.000040990,0.000000148,19247,0,38494
[RESULT] 0,2,2D_cyclic,0,0.000051487,0.000000928,19283,0,38566
[RESULT] 0,2,2D_cyclic,1,0.000058140,0.000009632,19283,0,38566
[RESULT] 0,2,2D_cyclic,2,0.000048088,0.000000512,19283,0,38566
[RESULT] 0,2,2D_cyclic,3,0.000049427,0.000002682,19283,0,38566
[RESULT] 0,2,2D_cyclic,4,0.000046717,0.000000327,19283,0,38566
[RESULT] 0,2,2D_cyclic,5,0.000046320,0.000000225,19283,0,38566
[RESULT] 0,2,2D_cyclic,6,0.000046078,0.000000275,19283,0,38566
[RESULT] 0,2,2D_cyclic,7,0.000045791,0.000000214,19283,0,38566
[RESULT] 0,2,2D_cyclic,8,0.000045720,0.000000234,19283,0,38566
[RESULT] 0,2,2D_cyclic,9,0.000045644,0.000000232,19283,0,38566

Benchmark Summary
Processes: 2
Distribution: 2D_cyclic
Iterations: 10
Matrix NNZ: 38530
Total execution time: 0.037 seconds
