Retrieving the matrix from '../matrices/dixmaanl.mtx'...
%%MatrixMarket matrix coordinate real symmetric
60000 60000 179999
Real Matrix: Rows=60000 | Cols=60000 | NNZ=179999 | Procs=4 | Distribution=1D
Applied 1D distribution
Ghost columns identified: 14999 total ghost values needed
Local vector initialized (size=15000 per process)
[RESULT] 1,4,1D,0,0.000097567,0.000026575,45000,15000,90000
[RESULT] 1,4,1D,1,0.000098632,0.000023334,45000,15000,90000
[RESULT] 1,4,1D,2,0.000072946,0.000015305,45000,15000,90000
[RESULT] 1,4,1D,3,0.000071326,0.000013587,45000,15000,90000
[RESULT] 1,4,1D,4,0.000070638,0.000013097,45000,15000,90000
[RESULT] 1,4,1D,5,0.000070961,0.000013381,45000,15000,90000
[RESULT] 1,4,1D,6,0.000074184,0.000016616,45000,15000,90000
[RESULT] 1,4,1D,7,0.000070904,0.000013395,45000,15000,90000
[RESULT] 1,4,1D,8,0.000071411,0.000013826,45000,15000,90000
[RESULT] 1,4,1D,9,0.000071675,0.000014035,45000,15000,90000
[RESULT] 2,4,1D,0,0.000085654,0.000027411,45000,15000,90000
[RESULT] 2,4,1D,1,0.000073467,0.000015771,45000,15000,90000
[RESULT] 2,4,1D,2,0.000074711,0.000017182,45000,15000,90000
[RESULT] 2,4,1D,3,0.000078167,0.000020491,45000,15000,90000
[RESULT] 2,4,1D,4,0.000072970,0.000015397,45000,15000,90000
[RESULT] 2,4,1D,5,0.000070723,0.000013115,45000,15000,90000
[RESULT] 2,4,1D,6,0.000071729,0.000014194,45000,15000,90000
[RESULT] 2,4,1D,7,0.000079969,0.000013223,45000,15000,90000
[RESULT] 2,4,1D,8,0.000080037,0.000013814,45000,15000,90000
[RESULT] 2,4,1D,9,0.000071753,0.000014088,45000,15000,90000
[RESULT] 3,4,1D,0,0.000085810,0.000027635,45000,15000,90000
[RESULT] 3,4,1D,1,0.000079900,0.000022314,45000,15000,90000
[RESULT] 3,4,1D,2,0.000070808,0.000013241,45000,15000,90000
[RESULT] 3,4,1D,3,0.000091895,0.000023460,45000,15000,90000
[RESULT] 3,4,1D,4,0.000071679,0.000014175,45000,15000,90000
[RESULT] 3,4,1D,5,0.000070893,0.000013388,45000,15000,90000
[RESULT] 3,4,1D,6,0.000070829,0.000013276,45000,15000,90000
[RESULT] 3,4,1D,7,0.000070693,0.000013190,45000,15000,90000
[RESULT] 3,4,1D,8,0.000070609,0.000013144,45000,15000,90000
[RESULT] 3,4,1D,9,0.000080366,0.000014529,45000,15000,90000
[RESULT] 0,4,1D,0,0.000088125,0.000026427,44999,14999,89998
[RESULT] 0,4,1D,1,0.000082245,0.000023363,44999,14999,89998
[RESULT] 0,4,1D,2,0.000074796,0.000016665,44999,14999,89998
[RESULT] 0,4,1D,3,0.000083174,0.000024960,44999,14999,89998
[RESULT] 0,4,1D,4,0.000074451,0.000016288,44999,14999,89998
[RESULT] 0,4,1D,5,0.000071419,0.000013317,44999,14999,89998
[RESULT] 0,4,1D,6,0.000071448,0.000013436,44999,14999,89998
[RESULT] 0,4,1D,7,0.000071266,0.000013163,44999,14999,89998
[RESULT] 0,4,1D,8,0.000071266,0.000013184,44999,14999,89998
[RESULT] 0,4,1D,9,0.000072920,0.000014796,44999,14999,89998

Benchmark Summary
Processes: 4
Distribution: 1D
Iterations: 10
Matrix NNZ: 179999
Total execution time: 0.159 seconds
