Retrieving the matrix from '../matrices/flowmeter0.mtx'...
%%MatrixMarket matrix coordinate real symmetric
9669 9669 38530
Real Matrix: Rows=9669 | Cols=9669 | NNZ=38530 | Procs=2 | Distribution=2D
2D Process Grid: 1 x 2 (rows x cols)
Rank 1: Grid pos (0,1) | Rows [0-9669) | Cols [4835-9669) | Local NNZ: 19206
Rank 0: Grid pos (0,0) | Rows [0-9669) | Cols [0-4835) | Local NNZ: 19324
Applied 2D distribution
Ghost columns identified: 2417 total ghost values needed
Local vector initialized (size=4835 per process)
[RESULT] 1,2,2D,0,0.000110590,0.000019102,19206,2417,38412
[RESULT] 1,2,2D,1,0.000098701,0.000010999,19206,2417,38412
[RESULT] 1,2,2D,2,0.000091477,0.000003831,19206,2417,38412
[RESULT] 1,2,2D,3,0.000090814,0.000003654,19206,2417,38412
[RESULT] 1,2,2D,4,0.000092916,0.000005562,19206,2417,38412
[RESULT] 1,2,2D,5,0.000088676,0.000003167,19206,2417,38412
[RESULT] 1,2,2D,6,0.000087651,0.000003274,19206,2417,38412
[RESULT] 1,2,2D,7,0.000089367,0.000003256,19206,2417,38412
[RESULT] 1,2,2D,8,0.000087790,0.000003409,19206,2417,38412
[RESULT] 1,2,2D,9,0.000088224,0.000003372,19206,2417,38412
[RESULT] 0,2,2D,0,0.000135486,0.000015813,19324,2417,38648
[RESULT] 0,2,2D,1,0.000121939,0.000013075,19324,2417,38648
[RESULT] 0,2,2D,2,0.000109892,0.000003770,19324,2417,38648
[RESULT] 0,2,2D,3,0.000107925,0.000003724,19324,2417,38648
[RESULT] 0,2,2D,4,0.000108963,0.000005554,19324,2417,38648
[RESULT] 0,2,2D,5,0.000103283,0.000003297,19324,2417,38648
[RESULT] 0,2,2D,6,0.000105082,0.000003376,19324,2417,38648
[RESULT] 0,2,2D,7,0.000104793,0.000003360,19324,2417,38648
[RESULT] 0,2,2D,8,0.000104474,0.000003500,19324,2417,38648
[RESULT] 0,2,2D,9,0.000109770,0.000003431,19324,2417,38648

Benchmark Summary
Processes: 2
Distribution: 2D
Iterations: 10
Matrix NNZ: 38530
Total execution time: 0.050 seconds
