Retrieving the matrix from '../matrices/dixmaanl.mtx'...
%%MatrixMarket matrix coordinate real symmetric
60000 60000 179999
Real Matrix (Strong Scaling): Rows=60000 | Cols=60000 | NNZ=179999 | Procs=8
ok 1D distribution
Ghost columns identified: 7499 total ghost values needed
Local vector initialized (size=7500 per process)
[RESULT] 4,8,0,0.096027369,0.064009866,22500,7500,45000
[RESULT] 4,8,1,0.096031142,0.063999298,22500,7500,45000
[RESULT] 4,8,2,0.096020806,0.064004053,22500,7500,45000
[RESULT] 4,8,3,0.096039010,0.064010525,22500,7500,45000
[RESULT] 4,8,4,0.096036359,0.064007689,22500,7500,45000
[RESULT] 4,8,5,0.096051355,0.064003124,22500,7500,45000
[RESULT] 4,8,6,0.096032711,0.064004258,22500,7500,45000
[RESULT] 4,8,7,0.096026838,0.064006023,22500,7500,45000
[RESULT] 4,8,8,0.096028292,0.063986951,22500,7500,45000
[RESULT] 4,8,9,0.080075098,0.057966421,22500,7500,45000
[RESULT] 6,8,0,0.128034656,0.064000624,22500,7500,45000
[RESULT] 6,8,1,0.096026839,0.064006815,22500,7500,45000
[RESULT] 6,8,2,0.096028756,0.063997481,22500,7500,45000
[RESULT] 6,8,3,0.096033232,0.064003227,22500,7500,45000
[RESULT] 6,8,4,0.096039286,0.064017082,22500,7500,45000
[RESULT] 6,8,5,0.096028020,0.064012063,22500,7500,45000
[RESULT] 6,8,6,0.128040403,0.096012425,22500,7500,45000
[RESULT] 6,8,7,0.096054488,0.064002238,22500,7500,45000
[RESULT] 6,8,8,0.096036880,0.064015927,22500,7500,45000
[RESULT] 6,8,9,0.092036329,0.064018943,22500,7500,45000
[RESULT] 3,8,0,0.096037621,0.064006701,22500,7500,45000
[RESULT] 3,8,1,0.096045369,0.064001548,22500,7500,45000
[RESULT] 3,8,2,0.096014716,0.063999813,22500,7500,45000
[RESULT] 3,8,3,0.096034983,0.063984959,22500,7500,45000
[RESULT] 3,8,4,0.096026774,0.064009680,22500,7500,45000
[RESULT] 3,8,5,0.096027189,0.064016679,22500,7500,45000
[RESULT] 3,8,6,0.096033553,0.064029477,22500,7500,45000
[RESULT] 3,8,7,0.096024108,0.064012954,22500,7500,45000
[RESULT] 3,8,8,0.096019635,0.064001615,22500,7500,45000
[RESULT] 3,8,9,0.080319488,0.056054866,22500,7500,45000
[RESULT] 7,8,0,0.128004004,0.095971235,22500,7500,45000
[RESULT] 7,8,1,0.096026671,0.063998206,22500,7500,45000
[RESULT] 7,8,2,0.128028478,0.096005352,22500,7500,45000
[RESULT] 7,8,3,0.096040334,0.064007107,22500,7500,45000
[RESULT] 7,8,4,0.128021430,0.095991086,22500,7500,45000
[RESULT] 7,8,5,0.096019651,0.063995069,22500,7500,45000
[RESULT] 7,8,6,0.096035340,0.064004223,22500,7500,45000
[RESULT] 7,8,7,0.096029072,0.064020043,22500,7500,45000
[RESULT] 7,8,8,0.096041564,0.064010819,22500,7500,45000
[RESULT] 7,8,9,0.076032198,0.034859639,22500,7500,45000
[RESULT] 0,8,0,0.096044249,0.063994243,22499,7499,44998
[RESULT] 0,8,1,0.096045813,0.064000140,22499,7499,44998
[RESULT] 0,8,2,0.096015113,0.064000622,22499,7499,44998
[RESULT] 0,8,3,0.096035306,0.063994829,22499,7499,44998
[RESULT] 0,8,4,0.128029613,0.096004757,22499,7499,44998
[RESULT] 0,8,5,0.096025713,0.064007938,22499,7499,44998
[RESULT] 0,8,6,0.096030885,0.063994106,22499,7499,44998
[RESULT] 0,8,7,0.096030352,0.064009264,22499,7499,44998
[RESULT] 0,8,8,0.096048243,0.064002130,22499,7499,44998
[RESULT] 0,8,9,0.083618088,0.056460860,22499,7499,44998

Benchmark Summary
Processes: 8
Iterations: 10
Matrix NNZ: 179999
Total execution time: 2.344 seconds
[RESULT] 2,8,0,0.128025748,0.095997735,22500,7500,45000
[RESULT] 2,8,1,0.160049061,0.128021112,22500,7500,45000
[RESULT] 2,8,2,0.096024457,0.064008485,22500,7500,45000
[RESULT] 2,8,3,0.156034259,0.128485603,22500,7500,45000
[RESULT] 2,8,4,0.096030536,0.064001924,22500,7500,45000
[RESULT] 2,8,5,0.128018585,0.095991728,22500,7500,45000
[RESULT] 2,8,6,0.096030939,0.064024198,22500,7500,45000
[RESULT] 2,8,7,0.096038195,0.064007827,22500,7500,45000
[RESULT] 2,8,8,0.096044212,0.064001153,22500,7500,45000
[RESULT] 2,8,9,0.072258699,0.052057944,22500,7500,45000
[RESULT] 5,8,0,0.096040591,0.063997414,22500,7500,45000
[RESULT] 5,8,1,0.095993347,0.063943381,22500,7500,45000
[RESULT] 5,8,2,0.096015383,0.063989240,22500,7500,45000
[RESULT] 5,8,3,0.128039787,0.064002605,22500,7500,45000
[RESULT] 5,8,4,0.096029810,0.063989594,22500,7500,45000
[RESULT] 5,8,5,0.096032730,0.063998359,22500,7500,45000
[RESULT] 5,8,6,0.096034467,0.063996872,22500,7500,45000
[RESULT] 5,8,7,0.096028936,0.064011918,22500,7500,45000
[RESULT] 5,8,8,0.096035201,0.063996032,22500,7500,45000
[RESULT] 5,8,9,0.100333902,0.076026011,22500,7500,45000
[RESULT] 1,8,0,0.096025667,0.063997288,22500,7500,45000
[RESULT] 1,8,1,0.096043226,0.063996358,22500,7500,45000
[RESULT] 1,8,2,0.096017410,0.064020581,22500,7500,45000
[RESULT] 1,8,3,0.096036015,0.064003670,22500,7500,45000
[RESULT] 1,8,4,0.128023947,0.096007902,22500,7500,45000
[RESULT] 1,8,5,0.096020739,0.063999434,22500,7500,45000
[RESULT] 1,8,6,0.096044693,0.064010876,22500,7500,45000
[RESULT] 1,8,7,0.096030273,0.064004406,22500,7500,45000
[RESULT] 1,8,8,0.096037104,0.064005729,22500,7500,45000
[RESULT] 1,8,9,0.080049392,0.051980545,22500,7500,45000
