Retrieving the matrix from '../matrices/cond-mat-2005.mtx'...
%%MatrixMarket matrix coordinate real symmetric
40421 40421 175693
Real Matrix: Rows=40421 | Cols=40421 | NNZ=175693 | Procs=2 | Distribution=1D
Applied 1D distribution
Ghost columns identified: 12310 total ghost values needed
Local vector initialized (size=20211 per process)
[RESULT] 0,2,1D,0,0.000613334,0.000031169,88263,12310,176526
[RESULT] 0,2,1D,1,0.000690501,0.000027258,88263,12310,176526
[RESULT] 0,2,1D,2,0.000664799,0.000020314,88263,12310,176526
[RESULT] 0,2,1D,3,0.000759328,0.000017458,88263,12310,176526
[RESULT] 0,2,1D,4,0.000588019,0.000017670,88263,12310,176526
[RESULT] 0,2,1D,5,0.000566678,0.000012953,88263,12310,176526
[RESULT] 0,2,1D,6,0.000587264,0.000012255,88263,12310,176526
[RESULT] 0,2,1D,7,0.000732220,0.000012365,88263,12310,176526
[RESULT] 0,2,1D,8,0.000671701,0.000014444,88263,12310,176526
[RESULT] 0,2,1D,9,0.000725305,0.000016305,88263,12310,176526

Benchmark Summary
Processes: 2
Distribution: 1D
Iterations: 10
Matrix NNZ: 175693
Total execution time: 0.115 seconds
[RESULT] 1,2,1D,0,0.000640019,0.000035220,87430,12330,174860
[RESULT] 1,2,1D,1,0.000625988,0.000025389,87430,12330,174860
[RESULT] 1,2,1D,2,0.000705206,0.000020418,87430,12330,174860
[RESULT] 1,2,1D,3,0.000653397,0.000017237,87430,12330,174860
[RESULT] 1,2,1D,4,0.000596175,0.000017963,87430,12330,174860
[RESULT] 1,2,1D,5,0.000565039,0.000012737,87430,12330,174860
[RESULT] 1,2,1D,6,0.000554714,0.000012424,87430,12330,174860
[RESULT] 1,2,1D,7,0.000619002,0.000012385,87430,12330,174860
[RESULT] 1,2,1D,8,0.000588571,0.000014701,87430,12330,174860
[RESULT] 1,2,1D,9,0.000572008,0.000016256,87430,12330,174860
