Retrieving the matrix from '../matrices/dixmaanl.mtx'...
%%MatrixMarket matrix coordinate real symmetric
60000 60000 179999
Real Matrix: Rows=60000 | Cols=60000 | NNZ=179999 | Procs=8 | Distribution=1D
Applied 1D distribution
Ghost columns identified: 7499 total ghost values needed
Local vector initialized (size=7500 per process)
[RESULT] 5,8,1D,0,0.096025780,0.064000171,22500,7500,45000
[RESULT] 5,8,1D,1,0.096031079,0.064016140,22500,7500,45000
[RESULT] 5,8,1D,2,0.096038355,0.064025433,22500,7500,45000
[RESULT] 5,8,1D,3,0.096030318,0.063997073,22500,7500,45000
[RESULT] 5,8,1D,4,0.096051950,0.063998681,22500,7500,45000
[RESULT] 5,8,1D,5,0.096001121,0.063973062,22500,7500,45000
[RESULT] 5,8,1D,6,0.096051083,0.064010357,22500,7500,45000
[RESULT] 5,8,1D,7,0.096028778,0.063991516,22500,7500,45000
[RESULT] 5,8,1D,8,0.120006121,0.087982012,22500,7500,45000
[RESULT] 5,8,1D,9,0.096033552,0.064021385,22500,7500,45000
[RESULT] 6,8,1D,0,0.096016977,0.064007940,22500,7500,45000
[RESULT] 6,8,1D,1,0.096025760,0.063994481,22500,7500,45000
[RESULT] 6,8,1D,2,0.096016959,0.063986056,22500,7500,45000
[RESULT] 6,8,1D,3,0.096012250,0.063983240,22500,7500,45000
[RESULT] 6,8,1D,4,0.096032591,0.064017977,22500,7500,45000
[RESULT] 6,8,1D,5,0.096025667,0.064012226,22500,7500,45000
[RESULT] 6,8,1D,6,0.096025628,0.064011145,22500,7500,45000
[RESULT] 6,8,1D,7,0.096026159,0.064014093,22500,7500,45000
[RESULT] 6,8,1D,8,0.124001570,0.091985066,22500,7500,45000
[RESULT] 6,8,1D,9,0.092273688,0.064009463,22500,7500,45000
[RESULT] 1,8,1D,0,0.096031753,0.063998937,22500,7500,45000
[RESULT] 1,8,1D,1,0.096030262,0.064004239,22500,7500,45000
[RESULT] 1,8,1D,2,0.112014077,0.064374886,22500,7500,45000
[RESULT] 1,8,1D,3,0.096035888,0.063994989,22500,7500,45000
[RESULT] 1,8,1D,4,0.096041780,0.063993838,22500,7500,45000
[RESULT] 1,8,1D,5,0.092014207,0.059989233,22500,7500,45000
[RESULT] 1,8,1D,6,0.096049258,0.064000404,22500,7500,45000
[RESULT] 1,8,1D,7,0.096027489,0.064011454,22500,7500,45000
[RESULT] 1,8,1D,8,0.124015569,0.091993706,22500,7500,45000
[RESULT] 1,8,1D,9,0.120109437,0.096012518,22500,7500,45000
[RESULT] 4,8,1D,0,0.128033379,0.096031126,22500,7500,45000
[RESULT] 4,8,1D,1,0.128030445,0.096030330,22500,7500,45000
[RESULT] 4,8,1D,2,0.132026208,0.100024207,22500,7500,45000
[RESULT] 4,8,1D,3,0.128034367,0.096023986,22500,7500,45000
[RESULT] 4,8,1D,4,0.124032550,0.096041634,22500,7500,45000
[RESULT] 4,8,1D,5,0.132039506,0.100026431,22500,7500,45000
[RESULT] 4,8,1D,6,0.128044251,0.096028743,22500,7500,45000
[RESULT] 4,8,1D,7,0.128031292,0.096021310,22500,7500,45000
[RESULT] 4,8,1D,8,0.124026911,0.092013034,22500,7500,45000
[RESULT] 4,8,1D,9,0.084361387,0.064017683,22500,7500,45000
[RESULT] 2,8,1D,0,0.096038882,0.064027492,22500,7500,45000
[RESULT] 2,8,1D,1,0.092016850,0.060015924,22500,7500,45000
[RESULT] 2,8,1D,2,0.100025323,0.064018064,22500,7500,45000
[RESULT] 2,8,1D,3,0.096027359,0.063997285,22500,7500,45000
[RESULT] 2,8,1D,4,0.096031109,0.063990917,22500,7500,45000
[RESULT] 2,8,1D,5,0.096027561,0.063997880,22500,7500,45000
[RESULT] 2,8,1D,6,0.096027635,0.063990690,22500,7500,45000
[RESULT] 2,8,1D,7,0.096018734,0.063997081,22500,7500,45000
[RESULT] 2,8,1D,8,0.116031531,0.084012017,22500,7500,45000
[RESULT] 2,8,1D,9,0.080660441,0.063997836,22500,7500,45000
[RESULT] 0,8,1D,0,0.096019333,0.064020413,22499,7499,44998
[RESULT] 0,8,1D,1,0.096001946,0.064017497,22499,7499,44998
[RESULT] 0,8,1D,2,0.096037088,0.064040783,22499,7499,44998
[RESULT] 0,8,1D,3,0.096055234,0.064015118,22499,7499,44998
[RESULT] 0,8,1D,4,0.096024319,0.064010867,22499,7499,44998
[RESULT] 0,8,1D,5,0.096004539,0.063990453,22499,7499,44998
[RESULT] 0,8,1D,6,0.096031993,0.064011916,22499,7499,44998
[RESULT] 0,8,1D,7,0.096020008,0.064006912,22499,7499,44998
[RESULT] 0,8,1D,8,0.125935937,0.093936584,22499,7499,44998
[RESULT] 0,8,1D,9,0.096194872,0.088477952,22499,7499,44998

Benchmark Summary
Processes: 8
Distribution: 1D
Iterations: 10
Matrix NNZ: 179999
Total execution time: 2.624 seconds
[RESULT] 7,8,1D,0,0.096027850,0.064000472,22500,7500,45000
[RESULT] 7,8,1D,1,0.100004795,0.067988420,22500,7500,45000
[RESULT] 7,8,1D,2,0.100019595,0.064009508,22500,7500,45000
[RESULT] 7,8,1D,3,0.096033338,0.064018092,22500,7500,45000
[RESULT] 7,8,1D,4,0.096028228,0.063990908,22500,7500,45000
[RESULT] 7,8,1D,5,0.095984645,0.063941549,22500,7500,45000
[RESULT] 7,8,1D,6,0.096013937,0.063974393,22500,7500,45000
[RESULT] 7,8,1D,7,0.096055121,0.063996614,22500,7500,45000
[RESULT] 7,8,1D,8,0.120026090,0.088003640,22500,7500,45000
[RESULT] 7,8,1D,9,0.116125921,0.095998145,22500,7500,45000
[RESULT] 3,8,1D,0,0.096026551,0.064000187,22500,7500,45000
[RESULT] 3,8,1D,1,0.096027265,0.064001758,22500,7500,45000
[RESULT] 3,8,1D,2,0.100175084,0.067990286,22500,7500,45000
[RESULT] 3,8,1D,3,0.096029270,0.063999519,22500,7500,45000
[RESULT] 3,8,1D,4,0.096018316,0.063997209,22500,7500,45000
[RESULT] 3,8,1D,5,0.096018956,0.063991510,22500,7500,45000
[RESULT] 3,8,1D,6,0.096044823,0.064003005,22500,7500,45000
[RESULT] 3,8,1D,7,0.096013926,0.063999763,22500,7500,45000
[RESULT] 3,8,1D,8,0.096040861,0.064024655,22500,7500,45000
[RESULT] 3,8,1D,9,0.112179874,0.063996274,22500,7500,45000
