Retrieving the matrix from '../matrices/flowmeter0.mtx'...
%%MatrixMarket matrix coordinate real symmetric
9669 9669 38530
Real Matrix: Rows=9669 | Cols=9669 | NNZ=38530 | Procs=4 | Distribution=2D_cyclic
2D Process Grid (Cyclic): 2 x 2
Rank 1: Grid pos (0,1) | Local rows: 4835 | Local NNZ: 7198
Rank 2: Grid pos (1,0) | Local rows: 4834 | Local NNZ: 7210
Rank 0: Grid pos (0,0) | Local rows: 4835 | Local NNZ: 12073
Applied 2Dcyclic distribution
Rank 3: Grid pos (1,1) | Local rows: 4834 | Local NNZ: 12049
Ghost columns identified: 2417 total ghost values needed
Local vector initialized (size=2418 per process)
[RESULT] 1,4,2D_cyclic,0,0.000063681,0.000005609,7198,2194,14396
[RESULT] 1,4,2D_cyclic,1,0.000053445,0.000003539,7198,2194,14396
[RESULT] 1,4,2D_cyclic,2,0.000050278,0.000004745,7198,2194,14396
[RESULT] 1,4,2D_cyclic,3,0.000052683,0.000009461,7198,2194,14396
[RESULT] 1,4,2D_cyclic,4,0.000051460,0.000010073,7198,2194,14396
[RESULT] 1,4,2D_cyclic,5,0.000051506,0.000010945,7198,2194,14396
[RESULT] 1,4,2D_cyclic,6,0.000043870,0.000003731,7198,2194,14396
[RESULT] 1,4,2D_cyclic,7,0.000042991,0.000003429,7198,2194,14396
[RESULT] 1,4,2D_cyclic,8,0.000046957,0.000007645,7198,2194,14396
[RESULT] 1,4,2D_cyclic,9,0.000042491,0.000003640,7198,2194,14396
[RESULT] 3,4,2D_cyclic,0,0.000079543,0.000005667,12049,2417,24098
[RESULT] 3,4,2D_cyclic,1,0.000074667,0.000003439,12049,2417,24098
[RESULT] 3,4,2D_cyclic,2,0.000074128,0.000004552,12049,2417,24098
[RESULT] 3,4,2D_cyclic,3,0.000075149,0.000009299,12049,2417,24098
[RESULT] 3,4,2D_cyclic,4,0.000071088,0.000007186,12049,2417,24098
[RESULT] 3,4,2D_cyclic,5,0.000071731,0.000009168,12049,2417,24098
[RESULT] 3,4,2D_cyclic,6,0.000068107,0.000003647,12049,2417,24098
[RESULT] 3,4,2D_cyclic,7,0.000065629,0.000003155,12049,2417,24098
[RESULT] 3,4,2D_cyclic,8,0.000067024,0.000006105,12049,2417,24098
[RESULT] 3,4,2D_cyclic,9,0.000068237,0.000003407,12049,2417,24098
[RESULT] 0,4,2D_cyclic,0,0.000083399,0.000009071,12073,2417,24146
[RESULT] 0,4,2D_cyclic,1,0.000080638,0.000012073,12073,2417,24146
[RESULT] 0,4,2D_cyclic,2,0.000069366,0.000003847,12073,2417,24146
[RESULT] 0,4,2D_cyclic,3,0.000074368,0.000003410,12073,2417,24146
[RESULT] 0,4,2D_cyclic,4,0.000074625,0.000004286,12073,2417,24146
[RESULT] 0,4,2D_cyclic,5,0.000070111,0.000003352,12073,2417,24146
[RESULT] 0,4,2D_cyclic,6,0.000068738,0.000003974,12073,2417,24146
[RESULT] 0,4,2D_cyclic,7,0.000066879,0.000003409,12073,2417,24146
[RESULT] 0,4,2D_cyclic,8,0.000076318,0.000005747,12073,2417,24146
[RESULT] 0,4,2D_cyclic,9,0.000080416,0.000003517,12073,2417,24146

Benchmark Summary
Processes: 4
Distribution: 2D_cyclic
Iterations: 10
Matrix NNZ: 38530
Total execution time: 0.038 seconds
[RESULT] 2,4,2D_cyclic,0,0.000065010,0.000010487,7210,2189,14420
[RESULT] 2,4,2D_cyclic,1,0.000060334,0.000009582,7210,2189,14420
[RESULT] 2,4,2D_cyclic,2,0.000051732,0.000003768,7210,2189,14420
[RESULT] 2,4,2D_cyclic,3,0.000049060,0.000003284,7210,2189,14420
[RESULT] 2,4,2D_cyclic,4,0.000049291,0.000004250,7210,2189,14420
[RESULT] 2,4,2D_cyclic,5,0.000047405,0.000003321,7210,2189,14420
[RESULT] 2,4,2D_cyclic,6,0.000047216,0.000003929,7210,2189,14420
[RESULT] 2,4,2D_cyclic,7,0.000046930,0.000003309,7210,2189,14420
[RESULT] 2,4,2D_cyclic,8,0.000048980,0.000005751,7210,2189,14420
[RESULT] 2,4,2D_cyclic,9,0.000046239,0.000003398,7210,2189,14420
