Retrieving the matrix from '../matrices/flowmeter0.mtx'...
%%MatrixMarket matrix coordinate real symmetric
9669 9669 38530
Real Matrix: Rows=9669 | Cols=9669 | NNZ=38530 | Procs=4 | Distribution=2D
2D Process Grid: 2 x 2 (rows x cols)
Rank 1: Grid pos (0,1) | Rows [0-4835) | Cols [4835-9669) | Local NNZ: 0
Rank 2: Grid pos (1,0) | Rows [4835-9669) | Cols [0-4835) | Local NNZ: 121
Rank 0: Grid pos (0,0) | Rows [0-4835) | Cols [0-4835) | Local NNZ: 19203
Applied 2D distribution
Rank 3: Grid pos (1,1) | Rows [4835-9669) | Cols [4835-9669) | Local NNZ: 19206
Ghost columns identified: 3626 total ghost values needed
Local vector initialized (size=2418 per process)
[RESULT] 0,4,2D,0,0.000104392,0.000014942,19203,3626,38406
[RESULT] 0,4,2D,1,0.000088872,0.000015430,19203,3626,38406
[RESULT] 0,4,2D,2,0.000153958,0.000009992,19203,3626,38406
[RESULT] 0,4,2D,3,0.000095799,0.000014253,19203,3626,38406
[RESULT] 0,4,2D,4,0.000099225,0.000006273,19203,3626,38406
[RESULT] 0,4,2D,5,0.000103650,0.000007203,19203,3626,38406
[RESULT] 0,4,2D,6,0.000085009,0.000006788,19203,3626,38406
[RESULT] 0,4,2D,7,0.000080211,0.000006849,19203,3626,38406
[RESULT] 0,4,2D,8,0.000087144,0.000005855,19203,3626,38406
[RESULT] 0,4,2D,9,0.000079127,0.000006995,19203,3626,38406

Benchmark Summary
Processes: 4
Distribution: 2D
Iterations: 10
Matrix NNZ: 38530
Total execution time: 0.050 seconds
[RESULT] 2,4,2D,0,0.000027731,0.000014377,121,47,242
[RESULT] 2,4,2D,1,0.000016174,0.000013412,121,47,242
[RESULT] 2,4,2D,2,0.000012812,0.000010129,121,47,242
[RESULT] 2,4,2D,3,0.000012938,0.000010285,121,47,242
[RESULT] 2,4,2D,4,0.000007456,0.000004797,121,47,242
[RESULT] 2,4,2D,5,0.000009459,0.000006828,121,47,242
[RESULT] 2,4,2D,6,0.000009316,0.000006677,121,47,242
[RESULT] 2,4,2D,7,0.000007083,0.000004460,121,47,242
[RESULT] 2,4,2D,8,0.000007369,0.000004691,121,47,242
[RESULT] 2,4,2D,9,0.000007549,0.000004916,121,47,242
[RESULT] 1,4,2D,0,0.000007581,0.000004880,0,0,0
[RESULT] 1,4,2D,1,0.000014127,0.000010418,0,0,0
[RESULT] 1,4,2D,2,0.000009680,0.000007377,0,0,0
[RESULT] 1,4,2D,3,0.000016256,0.000013672,0,0,0
[RESULT] 1,4,2D,4,0.000011086,0.000006814,0,0,0
[RESULT] 1,4,2D,5,0.000011140,0.000008665,0,0,0
[RESULT] 1,4,2D,6,0.000008865,0.000006501,0,0,0
[RESULT] 1,4,2D,7,0.000010751,0.000006496,0,0,0
[RESULT] 1,4,2D,8,0.000010928,0.000006642,0,0,0
[RESULT] 1,4,2D,9,0.000009322,0.000006772,0,0,0
[RESULT] 3,4,2D,0,0.000100687,0.000009049,19206,3625,38412
[RESULT] 3,4,2D,1,0.000092144,0.000016597,19206,3625,38412
[RESULT] 3,4,2D,2,0.000084874,0.000010145,19206,3625,38412
[RESULT] 3,4,2D,3,0.000079676,0.000007692,19206,3625,38412
[RESULT] 3,4,2D,4,0.000077838,0.000006982,19206,3625,38412
[RESULT] 3,4,2D,5,0.000094536,0.000008824,19206,3625,38412
[RESULT] 3,4,2D,6,0.000084517,0.000007044,19206,3625,38412
[RESULT] 3,4,2D,7,0.000075215,0.000006516,19206,3625,38412
[RESULT] 3,4,2D,8,0.000075996,0.000006748,19206,3625,38412
[RESULT] 3,4,2D,9,0.000085099,0.000007676,19206,3625,38412
