Retrieving the matrix from '../matrices/flowmeter0.mtx'...
%%MatrixMarket matrix coordinate real symmetric
9669 9669 38530
Real Matrix (Strong Scaling): Rows=9669 | Cols=9669 | NNZ=38530 | Procs=2
ok 1D distribution
Ghost columns identified: 4358 total ghost values needed
Local vector initialized (size=4835 per process)
[RESULT] 0,2,0,0.000386584,0.000136771,19271,4358,38542
[RESULT] 0,2,1,0.000382541,0.000173496,19271,4358,38542
[RESULT] 0,2,2,0.000340023,0.000143020,19271,4358,38542
[RESULT] 0,2,3,0.000371687,0.000141170,19271,4358,38542
[RESULT] 0,2,4,0.000303776,0.000122708,19271,4358,38542
[RESULT] 0,2,5,0.000292263,0.000119221,19271,4358,38542
[RESULT] 0,2,6,0.000282104,0.000114590,19271,4358,38542
[RESULT] 0,2,7,0.000260659,0.000125824,19271,4358,38542
[RESULT] 1,2,0,0.000363609,0.000140743,19259,4356,38518
[RESULT] 1,2,1,0.000407793,0.000174101,19259,4356,38518
[RESULT] 1,2,2,0.000401577,0.000142997,19259,4356,38518
[RESULT] 1,2,3,0.000313135,0.000141054,19259,4356,38518
[RESULT] 1,2,4,0.000276945,0.000123792,19259,4356,38518
[RESULT] 1,2,5,0.000338570,0.000119601,19259,4356,38518
[RESULT] 1,2,6,0.000321673,0.000114358,19259,4356,38518
[RESULT] 1,2,7,0.000303335,0.000125446,19259,4356,38518
[RESULT] 1,2,8,0.000242596,0.000120102,19259,4356,38518
[RESULT] 1,2,9,0.000313961,0.000130773,19259,4356,38518
[RESULT] 0,2,8,0.000300088,0.000122160,19271,4358,38542
[RESULT] 0,2,9,0.000262393,0.000130330,19271,4358,38542

Benchmark Summary
Processes: 2
Iterations: 10
Matrix NNZ: 38530
Total execution time: 0.034 seconds
