Retrieving the matrix from '../matrices/dixmaanl.mtx'...
%%MatrixMarket matrix coordinate real symmetric
60000 60000 179999
Real Matrix (Strong Scaling): Rows=60000 | Cols=60000 | NNZ=179999 | Procs=1
ok 1D distribution
Ghost columns identified: 0 total ghost values needed
Local vector initialized (size=60000 per process)
[RESULT] 0,1,0,0.000454171,0.000113526,179999,0,359998
[RESULT] 0,1,1,0.000476641,0.000122121,179999,0,359998
[RESULT] 0,1,2,0.000472603,0.000126248,179999,0,359998
[RESULT] 0,1,3,0.000466386,0.000129905,179999,0,359998
[RESULT] 0,1,4,0.000464139,0.000133124,179999,0,359998
[RESULT] 0,1,5,0.001719749,0.000716280,179999,0,359998
[RESULT] 0,1,6,0.000618690,0.000222235,179999,0,359998
[RESULT] 0,1,7,0.000508402,0.000143538,179999,0,359998
[RESULT] 0,1,8,0.000460336,0.000122182,179999,0,359998
[RESULT] 0,1,9,0.000475351,0.000103264,179999,0,359998

Benchmark Summary
Processes: 1
Iterations: 10
Matrix NNZ: 179999
Total execution time: 0.116 seconds
