Retrieving the matrix from '../matrices/cond-mat-2005.mtx'...
%%MatrixMarket matrix coordinate real symmetric
40421 40421 175693
Real Matrix: Rows=40421 | Cols=40421 | NNZ=175693 | Procs=4 | Distribution=2D_cyclic
2D Process Grid (Cyclic): 2 x 2
Rank 0: Grid pos (0,0) | Local rows: 20211 | Local NNZ: 41269
Applied 2Dcyclic distribution
Rank 1: Grid pos (0,1) | Local rows: 20211 | Local NNZ: 46994
Rank 3: Grid pos (1,1) | Local rows: 20210 | Local NNZ: 40470
Rank 2: Grid pos (1,0) | Local rows: 20210 | Local NNZ: 46960
Ghost columns identified: 4728 total ghost values needed
Local vector initialized (size=10106 per process)
[RESULT] 0,4,2D_cyclic,0,0.000358214,0.000018186,41269,4728,82538
[RESULT] 0,4,2D_cyclic,1,0.000364849,0.000016257,41269,4728,82538
[RESULT] 0,4,2D_cyclic,2,0.000356967,0.000009333,41269,4728,82538
[RESULT] 0,4,2D_cyclic,3,0.000340433,0.000006889,41269,4728,82538
[RESULT] 0,4,2D_cyclic,4,0.000336021,0.000006640,41269,4728,82538
[RESULT] 0,4,2D_cyclic,5,0.000334383,0.000006408,41269,4728,82538
[RESULT] 0,4,2D_cyclic,6,0.000361392,0.000007076,41269,4728,82538
[RESULT] 0,4,2D_cyclic,7,0.000332746,0.000006949,41269,4728,82538
[RESULT] 0,4,2D_cyclic,8,0.000331956,0.000006599,41269,4728,82538
[RESULT] 0,4,2D_cyclic,9,0.000332124,0.000006409,41269,4728,82538

Benchmark Summary
Processes: 4
Distribution: 2D_cyclic
Iterations: 10
Matrix NNZ: 175693
Total execution time: 0.141 seconds
[RESULT] 3,4,2D_cyclic,0,0.000350624,0.000013644,40470,4724,80940
[RESULT] 3,4,2D_cyclic,1,0.000350942,0.000007750,40470,4724,80940
[RESULT] 3,4,2D_cyclic,2,0.000339020,0.000011908,40470,4724,80940
[RESULT] 3,4,2D_cyclic,3,0.000345449,0.000021579,40470,4724,80940
[RESULT] 3,4,2D_cyclic,4,0.000330743,0.000007013,40470,4724,80940
[RESULT] 3,4,2D_cyclic,5,0.000351420,0.000013836,40470,4724,80940
[RESULT] 3,4,2D_cyclic,6,0.000340479,0.000007057,40470,4724,80940
[RESULT] 3,4,2D_cyclic,7,0.000338735,0.000006843,40470,4724,80940
[RESULT] 3,4,2D_cyclic,8,0.000329601,0.000006934,40470,4724,80940
[RESULT] 3,4,2D_cyclic,9,0.000360983,0.000010082,40470,4724,80940
[RESULT] 2,4,2D_cyclic,0,0.000393216,0.000018352,46960,6135,93920
[RESULT] 2,4,2D_cyclic,1,0.000380637,0.000016384,46960,6135,93920
[RESULT] 2,4,2D_cyclic,2,0.000371535,0.000009077,46960,6135,93920
[RESULT] 2,4,2D_cyclic,3,0.000373004,0.000006586,46960,6135,93920
[RESULT] 2,4,2D_cyclic,4,0.000374654,0.000006460,46960,6135,93920
[RESULT] 2,4,2D_cyclic,5,0.000389120,0.000006293,46960,6135,93920
[RESULT] 2,4,2D_cyclic,6,0.000386612,0.000007257,46960,6135,93920
[RESULT] 2,4,2D_cyclic,7,0.000370351,0.000006894,46960,6135,93920
[RESULT] 2,4,2D_cyclic,8,0.000365647,0.000006533,46960,6135,93920
[RESULT] 2,4,2D_cyclic,9,0.000365351,0.000008762,46960,6135,93920
[RESULT] 1,4,2D_cyclic,0,0.000415419,0.000014278,46994,6167,93988
[RESULT] 1,4,2D_cyclic,1,0.000378429,0.000008406,46994,6167,93988
[RESULT] 1,4,2D_cyclic,2,0.000373384,0.000012075,46994,6167,93988
[RESULT] 1,4,2D_cyclic,3,0.000386130,0.000018219,46994,6167,93988
[RESULT] 1,4,2D_cyclic,4,0.000362085,0.000007379,46994,6167,93988
[RESULT] 1,4,2D_cyclic,5,0.000369215,0.000016618,46994,6167,93988
[RESULT] 1,4,2D_cyclic,6,0.000371386,0.000006643,46994,6167,93988
[RESULT] 1,4,2D_cyclic,7,0.000359637,0.000006980,46994,6167,93988
[RESULT] 1,4,2D_cyclic,8,0.000372051,0.000006865,46994,6167,93988
[RESULT] 1,4,2D_cyclic,9,0.000401409,0.000012533,46994,6167,93988
