Retrieving the matrix from '../matrices/cond-mat-2005.mtx'...
%%MatrixMarket matrix coordinate real symmetric
40421 40421 175693
Real Matrix: Rows=40421 | Cols=40421 | NNZ=175693 | Procs=2 | Distribution=2D
2D Process Grid: 1 x 2 (rows x cols)
Rank 1: Grid pos (0,1) | Rows [0-40421) | Cols [20211-40421) | Local NNZ: 24374
Rank 0: Grid pos (0,0) | Rows [0-40421) | Cols [0-20211) | Local NNZ: 151319
Applied 2D distribution
Ghost columns identified: 8131 total ghost values needed
Local vector initialized (size=20211 per process)
[RESULT] 1,2,2D,0,0.000507013,0.000182449,24374,4859,48748
[RESULT] 1,2,2D,1,0.000461465,0.000162946,24374,4859,48748
[RESULT] 1,2,2D,2,0.000464168,0.000101003,24374,4859,48748
[RESULT] 1,2,2D,3,0.000423590,0.000138927,24374,4859,48748
[RESULT] 1,2,2D,4,0.000414870,0.000142135,24374,4859,48748
[RESULT] 1,2,2D,5,0.000415728,0.000137774,24374,4859,48748
[RESULT] 1,2,2D,6,0.000412673,0.000156133,24374,4859,48748
[RESULT] 1,2,2D,7,0.000458817,0.000135045,24374,4859,48748
[RESULT] 1,2,2D,8,0.000384942,0.000123365,24374,4859,48748
[RESULT] 1,2,2D,9,0.000502183,0.000240760,24374,4859,48748
[RESULT] 0,2,2D,0,0.001283705,0.000182161,151319,8131,302638
[RESULT] 0,2,2D,1,0.001219879,0.000167387,151319,8131,302638
[RESULT] 0,2,2D,2,0.001115025,0.000101005,151319,8131,302638
[RESULT] 0,2,2D,3,0.001133730,0.000138638,151319,8131,302638
[RESULT] 0,2,2D,4,0.001168450,0.000140274,151319,8131,302638
[RESULT] 0,2,2D,5,0.001231719,0.000140171,151319,8131,302638
[RESULT] 0,2,2D,6,0.001192282,0.000155834,151319,8131,302638
[RESULT] 0,2,2D,7,0.001168363,0.000133314,151319,8131,302638
[RESULT] 0,2,2D,8,0.001190876,0.000122933,151319,8131,302638
[RESULT] 0,2,2D,9,0.001325954,0.000242238,151319,8131,302638

Benchmark Summary
Processes: 2
Distribution: 2D
Iterations: 10
Matrix NNZ: 175693
Total execution time: 0.217 seconds
