Retrieving the matrix from '../matrices/1138_bus.mtx'...
%%MatrixMarket matrix coordinate real symmetric
1138 1138 2596
Real Matrix: Rows=1138 | Cols=1138 | NNZ=2596 | Procs=8 | Distribution=1D
Applied 1D distribution
Ghost columns identified: 139 total ghost values needed
Local vector initialized (size=143 per process)
[RESULT] 6,8,1D,0,0.000005541,0.000004038,330,160,660
[RESULT] 6,8,1D,1,0.000060063,0.000059335,330,160,660
[RESULT] 6,8,1D,2,0.000003735,0.000002897,330,160,660
[RESULT] 6,8,1D,3,0.000030512,0.000029941,330,160,660
[RESULT] 6,8,1D,4,0.000093149,0.000092599,330,160,660
[RESULT] 6,8,1D,5,0.000002876,0.000002402,330,160,660
[RESULT] 6,8,1D,6,0.000002920,0.000002455,330,160,660
[RESULT] 6,8,1D,7,0.000003028,0.000002553,330,160,660
[RESULT] 6,8,1D,8,0.000002992,0.000002533,330,160,660
[RESULT] 6,8,1D,9,0.000008787,0.000008320,330,160,660
[RESULT] 7,8,1D,0,0.000006285,0.000004118,292,131,584
[RESULT] 7,8,1D,1,0.000061123,0.000059788,292,131,584
[RESULT] 7,8,1D,2,0.000036887,0.000035816,292,131,584
[RESULT] 7,8,1D,3,0.000007927,0.000006916,292,131,584
[RESULT] 7,8,1D,4,0.000094393,0.000093316,292,131,584
[RESULT] 7,8,1D,5,0.000005492,0.000004612,292,131,584
[RESULT] 7,8,1D,6,0.000004181,0.000003327,292,131,584
[RESULT] 7,8,1D,7,0.000004179,0.000003309,292,131,584
[RESULT] 7,8,1D,8,0.000004048,0.000003237,292,131,584
[RESULT] 7,8,1D,9,0.000009980,0.000009055,292,131,584
[RESULT] 0,8,1D,0,0.000007102,0.000004590,322,139,644
[RESULT] 0,8,1D,1,0.000063191,0.000061225,322,139,644
[RESULT] 0,8,1D,2,0.000036860,0.000035452,322,139,644
[RESULT] 0,8,1D,3,0.000034634,0.000033317,322,139,644
[RESULT] 0,8,1D,4,0.000009713,0.000008330,322,139,644
[RESULT] 0,8,1D,5,0.000005223,0.000004111,322,139,644
[RESULT] 0,8,1D,6,0.000004248,0.000003271,322,139,644
[RESULT] 0,8,1D,7,0.000004117,0.000003158,322,139,644
[RESULT] 0,8,1D,8,0.000004121,0.000003160,322,139,644
[RESULT] 0,8,1D,9,0.000010422,0.000009386,322,139,644

Benchmark Summary
Processes: 8
Distribution: 1D
Iterations: 10
Matrix NNZ: 2596
Total execution time: 0.019 seconds
[RESULT] 1,8,1D,0,0.000005281,0.000003739,325,152,650
[RESULT] 1,8,1D,1,0.000060093,0.000059227,325,152,650
[RESULT] 1,8,1D,2,0.000036343,0.000035697,325,152,650
[RESULT] 1,8,1D,3,0.000033746,0.000033211,325,152,650
[RESULT] 1,8,1D,4,0.000092208,0.000091654,325,152,650
[RESULT] 1,8,1D,5,0.000004172,0.000003665,325,152,650
[RESULT] 1,8,1D,6,0.000003135,0.000002606,325,152,650
[RESULT] 1,8,1D,7,0.000003293,0.000002794,325,152,650
[RESULT] 1,8,1D,8,0.000002978,0.000002438,325,152,650
[RESULT] 1,8,1D,9,0.000008443,0.000007790,325,152,650
[RESULT] 2,8,1D,0,0.000004591,0.000003089,338,162,676
[RESULT] 2,8,1D,1,0.000059898,0.000059260,338,162,676
[RESULT] 2,8,1D,2,0.000019750,0.000019214,338,162,676
[RESULT] 2,8,1D,3,0.000031905,0.000031391,338,162,676
[RESULT] 2,8,1D,4,0.000092716,0.000092229,338,162,676
[RESULT] 2,8,1D,5,0.000002954,0.000002471,338,162,676
[RESULT] 2,8,1D,6,0.000003150,0.000002683,338,162,676
[RESULT] 2,8,1D,7,0.000002930,0.000002460,338,162,676
[RESULT] 2,8,1D,8,0.000002879,0.000002394,338,162,676
[RESULT] 2,8,1D,9,0.000007931,0.000007463,338,162,676
[RESULT] 3,8,1D,0,0.000006363,0.000004732,317,142,634
[RESULT] 3,8,1D,1,0.000059935,0.000059103,317,142,634
[RESULT] 3,8,1D,2,0.000036226,0.000035626,317,142,634
[RESULT] 3,8,1D,3,0.000032816,0.000032241,317,142,634
[RESULT] 3,8,1D,4,0.000092506,0.000092039,317,142,634
[RESULT] 3,8,1D,5,0.000003888,0.000003412,317,142,634
[RESULT] 3,8,1D,6,0.000003000,0.000002552,317,142,634
[RESULT] 3,8,1D,7,0.000002965,0.000002470,317,142,634
[RESULT] 3,8,1D,8,0.000002970,0.000002517,317,142,634
[RESULT] 3,8,1D,9,0.000008663,0.000008207,317,142,634
[RESULT] 4,8,1D,0,0.000005484,0.000003864,343,161,686
[RESULT] 4,8,1D,1,0.000060293,0.000059229,343,161,686
[RESULT] 4,8,1D,2,0.000034688,0.000033897,343,161,686
[RESULT] 4,8,1D,3,0.000036618,0.000035992,343,161,686
[RESULT] 4,8,1D,4,0.000094803,0.000094228,343,161,686
[RESULT] 4,8,1D,5,0.000003250,0.000002759,343,161,686
[RESULT] 4,8,1D,6,0.000003071,0.000002598,343,161,686
[RESULT] 4,8,1D,7,0.000002997,0.000002528,343,161,686
[RESULT] 4,8,1D,8,0.000003139,0.000002668,343,161,686
[RESULT] 4,8,1D,9,0.000008320,0.000007838,343,161,686
[RESULT] 5,8,1D,0,0.000005477,0.000004023,329,159,658
[RESULT] 5,8,1D,1,0.000059797,0.000059028,329,159,658
[RESULT] 5,8,1D,2,0.000036277,0.000035749,329,159,658
[RESULT] 5,8,1D,3,0.000032844,0.000032320,329,159,658
[RESULT] 5,8,1D,4,0.000093054,0.000092573,329,159,658
[RESULT] 5,8,1D,5,0.000004040,0.000003568,329,159,658
[RESULT] 5,8,1D,6,0.000002973,0.000002505,329,159,658
[RESULT] 5,8,1D,7,0.000002835,0.000002379,329,159,658
[RESULT] 5,8,1D,8,0.000002816,0.000002348,329,159,658
[RESULT] 5,8,1D,9,0.000008740,0.000008283,329,159,658
