Retrieving the matrix from '../matrices/1138_bus.mtx'...
%%MatrixMarket matrix coordinate real symmetric
1138 1138 2596
Real Matrix (Strong Scaling): Rows=1138 | Cols=1138 | NNZ=2596 | Procs=2
ok 1D distribution
Ghost columns identified: 300 total ghost values needed
Local vector initialized (size=569 per process)
[RESULT] 1,2,0,0.000128462,0.000073760,1263,278,2526
[RESULT] 1,2,1,0.000115773,0.000064316,1263,278,2526
[RESULT] 1,2,2,0.000098917,0.000048623,1263,278,2526
[RESULT] 1,2,3,0.000206818,0.000113850,1263,278,2526
[RESULT] 1,2,4,0.000209595,0.000100232,1263,278,2526
[RESULT] 1,2,5,0.000204289,0.000100397,1263,278,2526
[RESULT] 1,2,6,0.000216024,0.000105499,1263,278,2526
[RESULT] 1,2,7,0.000209194,0.000094482,1263,278,2526
[RESULT] 1,2,8,0.000231586,0.000109531,1263,278,2526
[RESULT] 1,2,9,0.000183229,0.000084622,1263,278,2526
[RESULT] 0,2,0,0.000143096,0.000074186,1333,300,2666
[RESULT] 0,2,1,0.000138058,0.000064073,1333,300,2666
[RESULT] 0,2,2,0.000123825,0.000048566,1333,300,2666
[RESULT] 0,2,3,0.000181674,0.000115437,1333,300,2666
[RESULT] 0,2,4,0.000176182,0.000100661,1333,300,2666
[RESULT] 0,2,5,0.000159083,0.000100947,1333,300,2666
[RESULT] 0,2,6,0.000159803,0.000105869,1333,300,2666
[RESULT] 0,2,7,0.000151399,0.000094866,1333,300,2666
[RESULT] 0,2,8,0.000173638,0.000110197,1333,300,2666
[RESULT] 0,2,9,0.000150699,0.000084747,1333,300,2666

Benchmark Summary
Processes: 2
Iterations: 10
Matrix NNZ: 2596
Total execution time: 0.019 seconds
