Retrieving the matrix from '../matrices/dixmaanl.mtx'...
%%MatrixMarket matrix coordinate real symmetric
60000 60000 179999
Real Matrix: Rows=60000 | Cols=60000 | NNZ=179999 | Procs=8 | Distribution=1D
Applied 1D distribution
Ghost columns identified: 7499 total ghost values needed
Local vector initialized (size=7500 per process)
[RESULT] 5,8,1D,0,0.000082430,0.000021981,22500,7500,45000
[RESULT] 5,8,1D,1,0.000077337,0.000013262,22500,7500,45000
[RESULT] 5,8,1D,2,0.000079273,0.000014499,22500,7500,45000
[RESULT] 5,8,1D,3,0.000075491,0.000014153,22500,7500,45000
[RESULT] 5,8,1D,4,0.000083327,0.000022816,22500,7500,45000
[RESULT] 5,8,1D,5,0.000061134,0.000012901,22500,7500,45000
[RESULT] 5,8,1D,6,0.000079755,0.000013173,22500,7500,45000
[RESULT] 5,8,1D,7,0.000086947,0.000012952,22500,7500,45000
[RESULT] 5,8,1D,8,0.000075972,0.000014113,22500,7500,45000
[RESULT] 5,8,1D,9,0.000065542,0.000012969,22500,7500,45000
[RESULT] 6,8,1D,0,0.000084257,0.000022687,22500,7500,45000
[RESULT] 6,8,1D,1,0.000079631,0.000013754,22500,7500,45000
[RESULT] 6,8,1D,2,0.000077817,0.000014033,22500,7500,45000
[RESULT] 6,8,1D,3,0.000074899,0.000013253,22500,7500,45000
[RESULT] 6,8,1D,4,0.000101642,0.000048947,22500,7500,45000
[RESULT] 6,8,1D,5,0.000057577,0.000010454,22500,7500,45000
[RESULT] 6,8,1D,6,0.000078451,0.000012646,22500,7500,45000
[RESULT] 6,8,1D,7,0.000066857,0.000013858,22500,7500,45000
[RESULT] 6,8,1D,8,0.000074802,0.000012979,22500,7500,45000
[RESULT] 6,8,1D,9,0.000074353,0.000013207,22500,7500,45000
[RESULT] 7,8,1D,0,0.000046863,0.000015825,22500,7500,45000
[RESULT] 7,8,1D,1,0.000047124,0.000013940,22500,7500,45000
[RESULT] 7,8,1D,2,0.000046668,0.000012017,22500,7500,45000
[RESULT] 7,8,1D,3,0.000041183,0.000010705,22500,7500,45000
[RESULT] 7,8,1D,4,0.000080835,0.000049218,22500,7500,45000
[RESULT] 7,8,1D,5,0.000040435,0.000011854,22500,7500,45000
[RESULT] 7,8,1D,6,0.000042713,0.000010854,22500,7500,45000
[RESULT] 7,8,1D,7,0.000040450,0.000009901,22500,7500,45000
[RESULT] 7,8,1D,8,0.000043003,0.000012412,22500,7500,45000
[RESULT] 7,8,1D,9,0.000043071,0.000012600,22500,7500,45000
[RESULT] 0,8,1D,0,0.000047848,0.000016603,22499,7499,44998
[RESULT] 0,8,1D,1,0.000047159,0.000013696,22499,7499,44998
[RESULT] 0,8,1D,2,0.000042951,0.000008779,22499,7499,44998
[RESULT] 0,8,1D,3,0.000038317,0.000007684,22499,7499,44998
[RESULT] 0,8,1D,4,0.000038308,0.000007668,22499,7499,44998
[RESULT] 0,8,1D,5,0.000039114,0.000010409,22499,7499,44998
[RESULT] 0,8,1D,6,0.000045714,0.000007297,22499,7499,44998
[RESULT] 0,8,1D,7,0.000038894,0.000008286,22499,7499,44998
[RESULT] 0,8,1D,8,0.000040877,0.000009872,22499,7499,44998
[RESULT] 0,8,1D,9,0.000044891,0.000014209,22499,7499,44998

Benchmark Summary
Processes: 8
Distribution: 1D
Iterations: 10
Matrix NNZ: 179999
Total execution time: 0.297 seconds
[RESULT] 1,8,1D,0,0.000044032,0.000012746,22500,7500,45000
[RESULT] 1,8,1D,1,0.000046719,0.000013827,22500,7500,45000
[RESULT] 1,8,1D,2,0.000042366,0.000008956,22500,7500,45000
[RESULT] 1,8,1D,3,0.000038251,0.000007351,22500,7500,45000
[RESULT] 1,8,1D,4,0.000044906,0.000014470,22500,7500,45000
[RESULT] 1,8,1D,5,0.000041634,0.000013139,22500,7500,45000
[RESULT] 1,8,1D,6,0.000043571,0.000008113,22500,7500,45000
[RESULT] 1,8,1D,7,0.000038142,0.000007625,22500,7500,45000
[RESULT] 1,8,1D,8,0.000040964,0.000009965,22500,7500,45000
[RESULT] 1,8,1D,9,0.000038469,0.000008023,22500,7500,45000
[RESULT] 2,8,1D,0,0.000054781,0.000023592,22500,7500,45000
[RESULT] 2,8,1D,1,0.000046587,0.000013844,22500,7500,45000
[RESULT] 2,8,1D,2,0.000047814,0.000013891,22500,7500,45000
[RESULT] 2,8,1D,3,0.000043628,0.000013146,22500,7500,45000
[RESULT] 2,8,1D,4,0.000055428,0.000024826,22500,7500,45000
[RESULT] 2,8,1D,5,0.000056201,0.000027597,22500,7500,45000
[RESULT] 2,8,1D,6,0.000048253,0.000012609,22500,7500,45000
[RESULT] 2,8,1D,7,0.000044193,0.000013725,22500,7500,45000
[RESULT] 2,8,1D,8,0.000043312,0.000012780,22500,7500,45000
[RESULT] 2,8,1D,9,0.000043572,0.000013094,22500,7500,45000
[RESULT] 3,8,1D,0,0.000084740,0.000023641,22500,7500,45000
[RESULT] 3,8,1D,1,0.000079851,0.000013853,22500,7500,45000
[RESULT] 3,8,1D,2,0.000079493,0.000015839,22500,7500,45000
[RESULT] 3,8,1D,3,0.000074972,0.000013357,22500,7500,45000
[RESULT] 3,8,1D,4,0.000074567,0.000025030,22500,7500,45000
[RESULT] 3,8,1D,5,0.000065410,0.000016807,22500,7500,45000
[RESULT] 3,8,1D,6,0.000080496,0.000013410,22500,7500,45000
[RESULT] 3,8,1D,7,0.000095831,0.000013587,22500,7500,45000
[RESULT] 3,8,1D,8,0.000076852,0.000014957,22500,7500,45000
[RESULT] 3,8,1D,9,0.000074961,0.000013984,22500,7500,45000
[RESULT] 4,8,1D,0,0.000083638,0.000022221,22500,7500,45000
[RESULT] 4,8,1D,1,0.000077283,0.000012464,22500,7500,45000
[RESULT] 4,8,1D,2,0.000079709,0.000015642,22500,7500,45000
[RESULT] 4,8,1D,3,0.000074633,0.000013298,22500,7500,45000
[RESULT] 4,8,1D,4,0.000082647,0.000021713,22500,7500,45000
[RESULT] 4,8,1D,5,0.000088061,0.000033207,22500,7500,45000
[RESULT] 4,8,1D,6,0.000077911,0.000012478,22500,7500,45000
[RESULT] 4,8,1D,7,0.000089956,0.000013013,22500,7500,45000
[RESULT] 4,8,1D,8,0.000074145,0.000012804,22500,7500,45000
[RESULT] 4,8,1D,9,0.000079243,0.000012154,22500,7500,45000
