Retrieving the matrix from '../matrices/cond-mat-2005.mtx'...
%%MatrixMarket matrix coordinate real symmetric
40421 40421 175693
Real Matrix: Rows=40421 | Cols=40421 | NNZ=175693 | Procs=2 | Distribution=1D
Applied 1D distribution
Ghost columns identified: 12310 total ghost values needed
Local vector initialized (size=20211 per process)
[RESULT] 1,2,1D,0,0.001034483,0.000277044,87430,12330,174860
[RESULT] 1,2,1D,1,0.000938529,0.000222459,87430,12330,174860
[RESULT] 1,2,1D,2,0.000983687,0.000352840,87430,12330,174860
[RESULT] 1,2,1D,3,0.000925906,0.000270057,87430,12330,174860
[RESULT] 1,2,1D,4,0.000879959,0.000249570,87430,12330,174860
[RESULT] 1,2,1D,5,0.000865713,0.000227267,87430,12330,174860
[RESULT] 1,2,1D,6,0.000913929,0.000283214,87430,12330,174860
[RESULT] 1,2,1D,7,0.000853034,0.000197969,87430,12330,174860
[RESULT] 1,2,1D,8,0.000846233,0.000224778,87430,12330,174860
[RESULT] 1,2,1D,9,0.000828209,0.000193949,87430,12330,174860
[RESULT] 0,2,1D,0,0.000995325,0.000270371,88263,12310,176526
[RESULT] 0,2,1D,1,0.001008115,0.000229177,88263,12310,176526
[RESULT] 0,2,1D,2,0.001039364,0.000353526,88263,12310,176526
[RESULT] 0,2,1D,3,0.000887754,0.000270223,88263,12310,176526
[RESULT] 0,2,1D,4,0.000845952,0.000249071,88263,12310,176526
[RESULT] 0,2,1D,5,0.001218072,0.000229103,88263,12310,176526
[RESULT] 0,2,1D,6,0.000883816,0.000282923,88263,12310,176526
[RESULT] 0,2,1D,7,0.000811774,0.000197351,88263,12310,176526
[RESULT] 0,2,1D,8,0.001043326,0.000225983,88263,12310,176526
[RESULT] 0,2,1D,9,0.000915156,0.000192183,88263,12310,176526

Benchmark Summary
Processes: 2
Distribution: 1D
Iterations: 10
Matrix NNZ: 175693
Total execution time: 0.268 seconds
