Retrieving the matrix from '../matrices/1138_bus.mtx'...
%%MatrixMarket matrix coordinate real symmetric
1138 1138 2596
Real Matrix (Strong Scaling): Rows=1138 | Cols=1138 | NNZ=2596 | Procs=1
ok 1D distribution
Ghost columns identified: 0 total ghost values needed
Local vector initialized (size=1138 per process)
[RESULT] 0,1,0,0.000004901,0.000000066,2596,0,5192
[RESULT] 0,1,1,0.000003460,0.000000041,2596,0,5192
[RESULT] 0,1,2,0.000003212,0.000000032,2596,0,5192
[RESULT] 0,1,3,0.000003176,0.000000042,2596,0,5192
[RESULT] 0,1,4,0.000003180,0.000000033,2596,0,5192
[RESULT] 0,1,5,0.000003150,0.000000030,2596,0,5192
[RESULT] 0,1,6,0.000003155,0.000000032,2596,0,5192
[RESULT] 0,1,7,0.000003150,0.000000032,2596,0,5192
[RESULT] 0,1,8,0.000003159,0.000000030,2596,0,5192
[RESULT] 0,1,9,0.000003156,0.000000032,2596,0,5192

Benchmark Summary
Processes: 1
Iterations: 10
Matrix NNZ: 2596
Total execution time: 0.003 seconds
