Retrieving the matrix from '../matrices/flowmeter0.mtx'...
%%MatrixMarket matrix coordinate real symmetric
9669 9669 38530
Real Matrix (Strong Scaling): Rows=9669 | Cols=9669 | NNZ=38530 | Procs=1
ok 1D distribution
Ghost columns identified: 0 total ghost values needed
Local vector initialized (size=9669 per process)
[RESULT] 0,1,0,0.000114710,0.000000847,38530,0,77060
[RESULT] 0,1,1,0.000046097,0.000000191,38530,0,77060
[RESULT] 0,1,2,0.000125191,0.000000052,38530,0,77060
[RESULT] 0,1,3,0.000292966,0.000000161,38530,0,77060
[RESULT] 0,1,4,0.000045956,0.000000163,38530,0,77060
[RESULT] 0,1,5,0.000046256,0.000000042,38530,0,77060
[RESULT] 0,1,6,0.000046180,0.000000040,38530,0,77060
[RESULT] 0,1,7,0.000046121,0.000000087,38530,0,77060
[RESULT] 0,1,8,0.000046153,0.000000039,38530,0,77060
[RESULT] 0,1,9,0.000049970,0.000000038,38530,0,77060

Benchmark Summary
Processes: 1
Iterations: 10
Matrix NNZ: 38530
Total execution time: 0.067 seconds
