Retrieving the matrix from '../matrices/cond-mat-2005.mtx'...
%%MatrixMarket matrix coordinate real symmetric
40421 40421 175693
Real Matrix: Rows=40421 | Cols=40421 | NNZ=175693 | Procs=1 | Distribution=1D
Applied 1D distribution
Ghost columns identified: 0 total ghost values needed
Local vector initialized (size=40421 per process)
[RESULT] 0,1,1D,0,0.000345218,0.000000363,175693,0,351386
[RESULT] 0,1,1D,1,0.000353797,0.000000120,175693,0,351386
[RESULT] 0,1,1D,2,0.000348507,0.000000300,175693,0,351386
[RESULT] 0,1,1D,3,0.000350357,0.000000097,175693,0,351386
[RESULT] 0,1,1D,4,0.000352096,0.000000102,175693,0,351386
[RESULT] 0,1,1D,5,0.000380531,0.000000297,175693,0,351386
[RESULT] 0,1,1D,6,0.000358395,0.000000275,175693,0,351386
[RESULT] 0,1,1D,7,0.000342786,0.000000339,175693,0,351386
[RESULT] 0,1,1D,8,0.000343181,0.000000095,175693,0,351386
[RESULT] 0,1,1D,9,0.000350009,0.000000094,175693,0,351386

Benchmark Summary
Processes: 1
Distribution: 1D
Iterations: 10
Matrix NNZ: 175693
Total execution time: 0.107 seconds
