Retrieving the matrix from '../matrices/cond-mat-2005.mtx'...
%%MatrixMarket matrix coordinate real symmetric
40421 40421 175693
Real Matrix (Strong Scaling): Rows=40421 | Cols=40421 | NNZ=175693 | Procs=2
ok 1D distribution
Ghost columns identified: 12310 total ghost values needed
Local vector initialized (size=20211 per process)
[RESULT] 1,2,0,0.000588104,0.000028096,87430,12330,174860
[RESULT] 1,2,1,0.000541594,0.000019806,87430,12330,174860
[RESULT] 1,2,2,0.000542672,0.000013410,87430,12330,174860
[RESULT] 1,2,3,0.000551088,0.000011355,87430,12330,174860
[RESULT] 1,2,4,0.000535503,0.000011530,87430,12330,174860
[RESULT] 1,2,5,0.000543465,0.000011587,87430,12330,174860
[RESULT] 1,2,6,0.000513880,0.000011221,87430,12330,174860
[RESULT] 1,2,7,0.000559523,0.000011067,87430,12330,174860
[RESULT] 1,2,8,0.000519780,0.000011435,87430,12330,174860
[RESULT] 1,2,9,0.000519836,0.000011440,87430,12330,174860
[RESULT] 0,2,0,0.000609494,0.000026459,88263,12310,176526
[RESULT] 0,2,1,0.000539876,0.000021855,88263,12310,176526
[RESULT] 0,2,2,0.000547936,0.000013345,88263,12310,176526
[RESULT] 0,2,3,0.000562661,0.000011197,88263,12310,176526
[RESULT] 0,2,4,0.000525341,0.000011500,88263,12310,176526
[RESULT] 0,2,5,0.000533393,0.000011677,88263,12310,176526
[RESULT] 0,2,6,0.000511204,0.000011160,88263,12310,176526
[RESULT] 0,2,7,0.000528319,0.000010967,88263,12310,176526
[RESULT] 0,2,8,0.000521902,0.000011505,88263,12310,176526
[RESULT] 0,2,9,0.000521535,0.000011265,88263,12310,176526

Benchmark Summary
Processes: 2
Iterations: 10
Matrix NNZ: 175693
Total execution time: 0.416 seconds
