Retrieving the matrix from '../matrices/dixmaanl.mtx'...
%%MatrixMarket matrix coordinate real symmetric
60000 60000 179999
Real Matrix (Strong Scaling): Rows=60000 | Cols=60000 | NNZ=179999 | Procs=4
ok 1D distribution
Ghost columns identified: 14999 total ghost values needed
Local vector initialized (size=15000 per process)
[RESULT] 2,4,0,0.048072757,0.032011909,45000,15000,90000
[RESULT] 2,4,1,0.048043233,0.032054844,45000,15000,90000
[RESULT] 2,4,2,0.048053367,0.032010931,45000,15000,90000
[RESULT] 2,4,3,0.048052344,0.032013762,45000,15000,90000
[RESULT] 2,4,4,0.060073824,0.032020523,45000,15000,90000
[RESULT] 2,4,5,0.044176931,0.032070785,45000,15000,90000
[RESULT] 2,4,6,0.060059041,0.044006739,45000,15000,90000
[RESULT] 2,4,7,0.048050360,0.032019348,45000,15000,90000
[RESULT] 2,4,8,0.048128262,0.032025743,45000,15000,90000
[RESULT] 2,4,9,0.048050223,0.032037756,45000,15000,90000
[RESULT] 3,4,0,0.048068763,0.032002625,45000,15000,90000
[RESULT] 3,4,1,0.048056582,0.032004727,45000,15000,90000
[RESULT] 3,4,2,0.048055599,0.031998732,45000,15000,90000
[RESULT] 3,4,3,0.048052864,0.031998517,45000,15000,90000
[RESULT] 3,4,4,0.060072911,0.035991601,45000,15000,90000
[RESULT] 3,4,5,0.045753549,0.031186451,45000,15000,90000
[RESULT] 3,4,6,0.048072113,0.031997522,45000,15000,90000
[RESULT] 3,4,7,0.048039909,0.031991617,45000,15000,90000
[RESULT] 3,4,8,0.048142766,0.032010124,45000,15000,90000
[RESULT] 3,4,9,0.044325409,0.031987920,45000,15000,90000
[RESULT] 0,4,0,0.048054961,0.032004006,44999,14999,89998
[RESULT] 0,4,1,0.048049631,0.032009589,44999,14999,89998
[RESULT] 0,4,2,0.048045423,0.032004242,44999,14999,89998
[RESULT] 0,4,3,0.048052128,0.032015681,44999,14999,89998
[RESULT] 0,4,4,0.052049594,0.032012229,44999,14999,89998
[RESULT] 0,4,5,0.044788549,0.032009113,44999,14999,89998
[RESULT] 0,4,6,0.059968352,0.043939451,44999,14999,89998
[RESULT] 0,4,7,0.048059143,0.032019501,44999,14999,89998
[RESULT] 0,4,8,0.048052392,0.032013379,44999,14999,89998
[RESULT] 0,4,9,0.056254388,0.043954847,44999,14999,89998

Benchmark Summary
Processes: 4
Iterations: 10
Matrix NNZ: 179999
Total execution time: 1.081 seconds
[RESULT] 1,4,0,0.048068739,0.032002426,45000,15000,90000
[RESULT] 1,4,1,0.048051491,0.031999458,45000,15000,90000
[RESULT] 1,4,2,0.048067535,0.032001051,45000,15000,90000
[RESULT] 1,4,3,0.048045884,0.031997451,45000,15000,90000
[RESULT] 1,4,4,0.060036257,0.030656962,45000,15000,90000
[RESULT] 1,4,5,0.044120102,0.031997638,45000,15000,90000
[RESULT] 1,4,6,0.048084226,0.031998841,45000,15000,90000
[RESULT] 1,4,7,0.048063883,0.032001008,45000,15000,90000
[RESULT] 1,4,8,0.048105123,0.032005261,45000,15000,90000
[RESULT] 1,4,9,0.044046977,0.031988963,45000,15000,90000
