Synthetic Matrix (Weak Scaling): Rows/proc=10000 | Total rows=80000 | NNZ/row=~50 | Procs=8
Dummy Matrix Generated: 80000 Global Rows | Total NNZ: 4000000
Ghost columns identified: 69858 total ghost values needed
Local vector initialized (size=10000 per process)
[RESULT] 6,8,1D,0,0.097828444,0.064073609,500000,69872,1000000
[RESULT] 6,8,1D,1,0.097913595,0.064141334,500000,69872,1000000
[RESULT] 6,8,1D,2,0.097521283,0.064044851,500000,69872,1000000
[RESULT] 6,8,1D,3,0.097512723,0.064049419,500000,69872,1000000
[RESULT] 6,8,1D,4,0.129480716,0.095971013,500000,69872,1000000
[RESULT] 6,8,1D,5,0.097555388,0.064098862,500000,69872,1000000
[RESULT] 6,8,1D,6,0.129498357,0.096013753,500000,69872,1000000
[RESULT] 6,8,1D,7,0.097567528,0.064013916,500000,69872,1000000
[RESULT] 6,8,1D,8,0.097712952,0.064078060,500000,69872,1000000
[RESULT] 6,8,1D,9,0.097506114,0.063985240,500000,69872,1000000
[RESULT] 1,8,1D,0,0.097424708,0.064021834,500000,69840,1000000
[RESULT] 1,8,1D,1,0.097580206,0.064035696,500000,69840,1000000
[RESULT] 1,8,1D,2,0.097508533,0.064043139,500000,69840,1000000
[RESULT] 1,8,1D,3,0.097569334,0.064055465,500000,69840,1000000
[RESULT] 1,8,1D,4,0.097487661,0.064054080,500000,69840,1000000
[RESULT] 1,8,1D,5,0.097478700,0.064080141,500000,69840,1000000
[RESULT] 1,8,1D,6,0.129463823,0.096019587,500000,69840,1000000
[RESULT] 1,8,1D,7,0.129546664,0.096002875,500000,69840,1000000
[RESULT] 1,8,1D,8,0.097990395,0.064162535,500000,69840,1000000
[RESULT] 1,8,1D,9,0.128180921,0.096010317,500000,69840,1000000
[RESULT] 7,8,1D,0,0.097627581,0.064042368,500000,69849,1000000
[RESULT] 7,8,1D,1,0.098238724,0.064086625,500000,69849,1000000
[RESULT] 7,8,1D,2,0.097621104,0.064044588,500000,69849,1000000
[RESULT] 7,8,1D,3,0.097675817,0.064043358,500000,69849,1000000
[RESULT] 7,8,1D,4,0.097520983,0.064044785,500000,69849,1000000
[RESULT] 7,8,1D,5,0.097493162,0.064055054,500000,69849,1000000
[RESULT] 7,8,1D,6,0.129561371,0.096014965,500000,69849,1000000
[RESULT] 7,8,1D,7,0.129649395,0.096019240,500000,69849,1000000
[RESULT] 7,8,1D,8,0.097609853,0.064059019,500000,69849,1000000
[RESULT] 7,8,1D,9,0.126431323,0.096009195,500000,69849,1000000
[RESULT] 4,8,1D,0,0.097685296,0.064062362,500000,69862,1000000
[RESULT] 4,8,1D,1,0.097611331,0.064048326,500000,69862,1000000
[RESULT] 4,8,1D,2,0.097520826,0.064024071,500000,69862,1000000
[RESULT] 4,8,1D,3,0.097497898,0.064033803,500000,69862,1000000
[RESULT] 4,8,1D,4,0.129569187,0.064076522,500000,69862,1000000
[RESULT] 4,8,1D,5,0.097553128,0.064027969,500000,69862,1000000
[RESULT] 4,8,1D,6,0.129586929,0.096010697,500000,69862,1000000
[RESULT] 4,8,1D,7,0.125647263,0.091998138,500000,69862,1000000
[RESULT] 4,8,1D,8,0.097659327,0.064017766,500000,69862,1000000
[RESULT] 4,8,1D,9,0.124375146,0.096012803,500000,69862,1000000
[RESULT] 5,8,1D,0,0.129398320,0.095959889,500000,69888,1000000
[RESULT] 5,8,1D,1,0.097665312,0.064056958,500000,69888,1000000
[RESULT] 5,8,1D,2,0.097470887,0.064034446,500000,69888,1000000
[RESULT] 5,8,1D,3,0.097503363,0.064018541,500000,69888,1000000
[RESULT] 5,8,1D,4,0.097472558,0.064030038,500000,69888,1000000
[RESULT] 5,8,1D,5,0.097806200,0.064054167,500000,69888,1000000
[RESULT] 5,8,1D,6,0.129590995,0.096005342,500000,69888,1000000
[RESULT] 5,8,1D,7,0.133510618,0.099997683,500000,69888,1000000
[RESULT] 5,8,1D,8,0.129667482,0.064026875,500000,69888,1000000
[RESULT] 5,8,1D,9,0.122413402,0.096050209,500000,69888,1000000
[RESULT] 0,8,1D,0,0.129527654,0.096050935,500000,69858,1000000
[RESULT] 0,8,1D,1,0.129514409,0.096044111,500000,69858,1000000
[RESULT] 0,8,1D,2,0.129500001,0.096030768,500000,69858,1000000
[RESULT] 0,8,1D,3,0.129556753,0.096020980,500000,69858,1000000
[RESULT] 0,8,1D,4,0.129529552,0.096051157,500000,69858,1000000
[RESULT] 0,8,1D,5,0.129530469,0.096038147,500000,69858,1000000
[RESULT] 0,8,1D,6,0.129463566,0.096015087,500000,69858,1000000
[RESULT] 0,8,1D,7,0.129488460,0.096008808,500000,69858,1000000
[RESULT] 0,8,1D,8,0.129934954,0.096009346,500000,69858,1000000
[RESULT] 0,8,1D,9,0.120281910,0.096027511,500000,69858,1000000

Benchmark Summary
Processes: 8
Distribution: 1D
Iterations: 10
Matrix NNZ: 4000000
Total execution time: 2.320 seconds
[RESULT] 3,8,1D,0,0.097532541,0.064039516,500000,69856,1000000
[RESULT] 3,8,1D,1,0.129637103,0.096023238,500000,69856,1000000
[RESULT] 3,8,1D,2,0.129553286,0.096003155,500000,69856,1000000
[RESULT] 3,8,1D,3,0.129499629,0.095995141,500000,69856,1000000
[RESULT] 3,8,1D,4,0.129518190,0.096050136,500000,69856,1000000
[RESULT] 3,8,1D,5,0.097513387,0.064031425,500000,69856,1000000
[RESULT] 3,8,1D,6,0.129443986,0.095992729,500000,69856,1000000
[RESULT] 3,8,1D,7,0.129507773,0.096021808,500000,69856,1000000
[RESULT] 3,8,1D,8,0.129530605,0.096045228,500000,69856,1000000
[RESULT] 3,8,1D,9,0.118207619,0.096009504,500000,69856,1000000
[RESULT] 2,8,1D,0,0.097554056,0.064009040,500000,69868,1000000
[RESULT] 2,8,1D,1,0.097828329,0.064026784,500000,69868,1000000
[RESULT] 2,8,1D,2,0.097484449,0.064004617,500000,69868,1000000
[RESULT] 2,8,1D,3,0.097460796,0.064010029,500000,69868,1000000
[RESULT] 2,8,1D,4,0.097573552,0.064015374,500000,69868,1000000
[RESULT] 2,8,1D,5,0.097470468,0.063987855,500000,69868,1000000
[RESULT] 2,8,1D,6,0.097599897,0.064051340,500000,69868,1000000
[RESULT] 2,8,1D,7,0.097498828,0.063995870,500000,69868,1000000
[RESULT] 2,8,1D,8,0.097513250,0.064006894,500000,69868,1000000
[RESULT] 2,8,1D,9,0.090527536,0.063989045,500000,69868,1000000
