Synthetic Matrix (Weak Scaling): Rows/proc=10000 | Total rows=20000 | NNZ/row=~50 | Procs=8
Dummy Matrix Generated: 80000 Global Rows | Total NNZ: 3999784
Ghost columns identified: 17500 total ghost values needed
Local vector initialized (size=10000 per process)
[RESULT] 4,8,2D,0,0.002036992,0.000092310,499976,17500,999952
[RESULT] 4,8,2D,1,0.002033118,0.000074870,499976,17500,999952
[RESULT] 4,8,2D,2,0.002129000,0.000067119,499976,17500,999952
[RESULT] 4,8,2D,3,0.001810681,0.000062986,499976,17500,999952
[RESULT] 4,8,2D,4,0.002136840,0.000069124,499976,17500,999952
[RESULT] 4,8,2D,5,0.001583324,0.000105494,499976,17500,999952
[RESULT] 4,8,2D,6,0.001658111,0.000073604,499976,17500,999952
[RESULT] 4,8,2D,7,0.001499246,0.000063134,499976,17500,999952
[RESULT] 4,8,2D,8,0.001682355,0.000096077,499976,17500,999952
[RESULT] 4,8,2D,9,0.001996366,0.000094844,499976,17500,999952
[RESULT] 3,8,2D,0,0.001430542,0.000068948,499973,17500,999946
[RESULT] 3,8,2D,1,0.002231124,0.000078099,499973,17500,999946
[RESULT] 3,8,2D,2,0.002160332,0.000058078,499973,17500,999946
[RESULT] 3,8,2D,3,0.002151631,0.000075804,499973,17500,999946
[RESULT] 5,8,2D,0,0.002014939,0.000099759,499978,17500,999956
[RESULT] 5,8,2D,1,0.002105020,0.000078386,499978,17500,999956
[RESULT] 5,8,2D,2,0.002014758,0.000058396,499978,17500,999956
[RESULT] 5,8,2D,3,0.001910484,0.000071449,499978,17500,999956
[RESULT] 5,8,2D,4,0.001953061,0.000063634,499978,17500,999956
[RESULT] 5,8,2D,5,0.002131174,0.000092244,499978,17500,999956
[RESULT] 5,8,2D,6,0.002079932,0.000070825,499978,17500,999956
[RESULT] 5,8,2D,7,0.002049121,0.000073214,499978,17500,999956
[RESULT] 5,8,2D,8,0.003064459,0.000089601,499978,17500,999956
[RESULT] 5,8,2D,9,0.002144911,0.000084858,499978,17500,999956
[RESULT] 6,8,2D,0,0.001471074,0.000078671,499976,17500,999952
[RESULT] 3,8,2D,4,0.002134362,0.000065388,499973,17500,999946
[RESULT] 3,8,2D,5,0.002142361,0.000111485,499973,17500,999946
[RESULT] 3,8,2D,6,0.002158466,0.000059452,499973,17500,999946
[RESULT] 3,8,2D,7,0.002055987,0.000072148,499973,17500,999946
[RESULT] 3,8,2D,8,0.001897276,0.000090056,499973,17500,999946
[RESULT] 3,8,2D,9,0.002076112,0.000053337,499973,17500,999946
[RESULT] 6,8,2D,1,0.001923205,0.000073472,499976,17500,999952
[RESULT] 6,8,2D,2,0.001751200,0.000060988,499976,17500,999952
[RESULT] 6,8,2D,3,0.001771438,0.000065529,499976,17500,999952
[RESULT] 6,8,2D,4,0.002053211,0.000067686,499976,17500,999952
[RESULT] 6,8,2D,5,0.002010646,0.000082756,499976,17500,999952
[RESULT] 6,8,2D,6,0.002074444,0.000058646,499976,17500,999952
[RESULT] 6,8,2D,7,0.002025622,0.000070838,499976,17500,999952
[RESULT] 6,8,2D,8,0.001915735,0.000076198,499976,17500,999952
[RESULT] 6,8,2D,9,0.002120473,0.000070318,499976,17500,999952
[RESULT] 0,8,2D,0,0.001538676,0.000078285,499972,17500,999944
[RESULT] 0,8,2D,1,0.001645009,0.000078042,499972,17500,999944
[RESULT] 0,8,2D,2,0.001950792,0.000059826,499972,17500,999944
[RESULT] 0,8,2D,3,0.002140999,0.000076968,499972,17500,999944
[RESULT] 0,8,2D,4,0.002243718,0.000070524,499972,17500,999944
[RESULT] 0,8,2D,5,0.001529206,0.000086154,499972,17500,999944
[RESULT] 0,8,2D,6,0.001492967,0.000058607,499972,17500,999944
[RESULT] 0,8,2D,7,0.001431614,0.000052661,499972,17500,999944
[RESULT] 0,8,2D,8,0.001995509,0.000080565,499972,17500,999944
[RESULT] 0,8,2D,9,0.002569851,0.000066619,499972,17500,999944

Benchmark Summary
Processes: 8
Distribution: 2D
Iterations: 10
Matrix NNZ: 3999784
Total execution time: 0.092 seconds
[RESULT] 1,8,2D,0,0.001516849,0.000089772,499971,17500,999942
[RESULT] 1,8,2D,1,0.001709037,0.000065199,499971,17500,999942
[RESULT] 1,8,2D,2,0.001581184,0.000056082,499971,17500,999942
[RESULT] 1,8,2D,3,0.001479315,0.000054779,499971,17500,999942
[RESULT] 1,8,2D,4,0.001593530,0.000054747,499971,17500,999942
[RESULT] 1,8,2D,5,0.001739603,0.000108614,499971,17500,999942
[RESULT] 1,8,2D,6,0.001708410,0.000061053,499971,17500,999942
[RESULT] 1,8,2D,7,0.001787473,0.000072791,499971,17500,999942
[RESULT] 1,8,2D,8,0.002652350,0.000092382,499971,17500,999942
[RESULT] 1,8,2D,9,0.003057840,0.000065539,499971,17500,999942
[RESULT] 2,8,2D,0,0.002128167,0.000092184,499970,17500,999940
[RESULT] 2,8,2D,1,0.001688427,0.000070075,499970,17500,999940
[RESULT] 2,8,2D,2,0.001931934,0.000058127,499970,17500,999940
[RESULT] 2,8,2D,3,0.001906138,0.000069039,499970,17500,999940
[RESULT] 2,8,2D,4,0.002214727,0.000078593,499970,17500,999940
[RESULT] 2,8,2D,5,0.002283337,0.000110051,499970,17500,999940
[RESULT] 2,8,2D,6,0.002405578,0.000076854,499970,17500,999940
[RESULT] 2,8,2D,7,0.002614760,0.000072098,499970,17500,999940
[RESULT] 2,8,2D,8,0.002333655,0.000097000,499970,17500,999940
[RESULT] 2,8,2D,9,0.003192948,0.000096530,499970,17500,999940
[RESULT] 7,8,2D,0,0.001498505,0.000087039,499968,17500,999936
[RESULT] 7,8,2D,1,0.002018769,0.000069145,499968,17500,999936
[RESULT] 7,8,2D,2,0.002120765,0.000060351,499968,17500,999936
[RESULT] 7,8,2D,3,0.002102945,0.000064784,499968,17500,999936
[RESULT] 7,8,2D,4,0.002116157,0.000075753,499968,17500,999936
[RESULT] 7,8,2D,5,0.002099330,0.000096057,499968,17500,999936
[RESULT] 7,8,2D,6,0.001916035,0.000067643,499968,17500,999936
[RESULT] 7,8,2D,7,0.001714089,0.000061417,499968,17500,999936
[RESULT] 7,8,2D,8,0.001843526,0.000094231,499968,17500,999936
[RESULT] 7,8,2D,9,0.003166970,0.000077968,499968,17500,999936
