Synthetic Matrix (Weak Scaling): Rows/proc=10000 | Total rows=40000 | NNZ/row=~50 | Procs=4
Dummy Matrix Generated: 40000 Global Rows | Total NNZ: 2000000
Ghost columns identified: 30000 total ghost values needed
Local vector initialized (size=10000 per process)
[RESULT] 1,4,0,0.049803988,0.032003079,500000,29999,1000000
[RESULT] 1,4,1,0.049837101,0.032051166,500000,29999,1000000
[RESULT] 1,4,2,0.049866434,0.032012910,500000,29999,1000000
[RESULT] 1,4,3,0.049832330,0.032009321,500000,29999,1000000
[RESULT] 1,4,4,0.049847031,0.032012839,500000,29999,1000000
[RESULT] 1,4,5,0.049787527,0.032008750,500000,29999,1000000
[RESULT] 1,4,6,0.049754362,0.032011090,500000,29999,1000000
[RESULT] 1,4,7,0.049829370,0.031984352,500000,29999,1000000
[RESULT] 1,4,8,0.049761336,0.032010965,500000,29999,1000000
[RESULT] 1,4,9,0.045847079,0.032015446,500000,29999,1000000
[RESULT] 3,4,0,0.049739697,0.032017123,500000,30000,1000000
[RESULT] 3,4,1,0.049782351,0.032021835,500000,30000,1000000
[RESULT] 3,4,2,0.049775788,0.032026294,500000,30000,1000000
[RESULT] 3,4,3,0.049833975,0.032017678,500000,30000,1000000
[RESULT] 3,4,4,0.049783833,0.032020814,500000,30000,1000000
[RESULT] 3,4,5,0.049791454,0.032015422,500000,30000,1000000
[RESULT] 3,4,6,0.049720641,0.032025133,500000,30000,1000000
[RESULT] 3,4,7,0.049784896,0.032016889,500000,30000,1000000
[RESULT] 3,4,8,0.049691247,0.032023926,500000,30000,1000000
[RESULT] 3,4,9,0.052095407,0.032014850,500000,30000,1000000
[RESULT] 0,4,0,0.049725451,0.032009615,500000,30000,1000000
[RESULT] 0,4,1,0.049784442,0.032080243,500000,30000,1000000
[RESULT] 0,4,2,0.049763017,0.032222581,500000,30000,1000000
[RESULT] 0,4,3,0.049784608,0.032020334,500000,30000,1000000
[RESULT] 0,4,4,0.049751466,0.032018252,500000,30000,1000000
[RESULT] 0,4,5,0.049785643,0.032021054,500000,30000,1000000
[RESULT] 0,4,6,0.049713610,0.032024882,500000,30000,1000000
[RESULT] 0,4,7,0.049769280,0.032021198,500000,30000,1000000
[RESULT] 0,4,8,0.049736215,0.032019053,500000,30000,1000000
[RESULT] 0,4,9,0.060780596,0.032017981,500000,30000,1000000

Benchmark Summary
Processes: 4
Iterations: 10
Matrix NNZ: 2000000
Total execution time: 0.969 seconds
[RESULT] 2,4,0,0.049853531,0.031999671,500000,30000,1000000
[RESULT] 2,4,1,0.049844080,0.031999917,500000,30000,1000000
[RESULT] 2,4,2,0.049901961,0.031999630,500000,30000,1000000
[RESULT] 2,4,3,0.049818631,0.031998891,500000,30000,1000000
[RESULT] 2,4,4,0.049845330,0.031999523,500000,30000,1000000
[RESULT] 2,4,5,0.049894635,0.032001154,500000,30000,1000000
[RESULT] 2,4,6,0.049807897,0.031999611,500000,30000,1000000
[RESULT] 2,4,7,0.049867859,0.032000795,500000,30000,1000000
[RESULT] 2,4,8,0.049778968,0.032001656,500000,30000,1000000
[RESULT] 2,4,9,0.049902933,0.031004288,500000,30000,1000000
