Synthetic Matrix (Weak Scaling): Rows/proc=10000 | Total rows=10000 | NNZ/row=~50 | Procs=1
Dummy Matrix Generated: 10000 Global Rows | Total NNZ: 500000
Ghost columns identified: 0 total ghost values needed
Local vector initialized (size=10000 per process)
[RESULT] 0,1,1D,0,0.000651014,0.000000371,500000,0,1000000
[RESULT] 0,1,1D,1,0.000752693,0.000000463,500000,0,1000000
[RESULT] 0,1,1D,2,0.000622742,0.000000336,500000,0,1000000
[RESULT] 0,1,1D,3,0.000621940,0.000000094,500000,0,1000000
[RESULT] 0,1,1D,4,0.000642755,0.000000377,500000,0,1000000
[RESULT] 0,1,1D,5,0.000613056,0.000000384,500000,0,1000000
[RESULT] 0,1,1D,6,0.000859265,0.000000102,500000,0,1000000
[RESULT] 0,1,1D,7,0.000653541,0.000000789,500000,0,1000000
[RESULT] 0,1,1D,8,0.000697914,0.000000315,500000,0,1000000
[RESULT] 0,1,1D,9,0.000663414,0.000000697,500000,0,1000000

Benchmark Summary
Processes: 1
Distribution: 1D
Iterations: 10
Matrix NNZ: 500000
Total execution time: 0.039 seconds
