Synthetic Matrix (Weak Scaling): Rows/proc=10000 | Total rows=10000 | NNZ/row=~50 | Procs=2
Dummy Matrix Generated: 20000 Global Rows | Total NNZ: 999902
Ghost columns identified: 5000 total ghost values needed
Local vector initialized (size=10000 per process)
[RESULT] 0,2,2D_cyclic,0,0.003962475,0.000094399,499949,5000,999898
[RESULT] 0,2,2D_cyclic,1,0.003616874,0.000042794,499949,5000,999898
[RESULT] 0,2,2D_cyclic,2,0.003275738,0.000052042,499949,5000,999898
[RESULT] 0,2,2D_cyclic,3,0.003065853,0.000018076,499949,5000,999898
[RESULT] 0,2,2D_cyclic,4,0.003153614,0.000012838,499949,5000,999898
[RESULT] 0,2,2D_cyclic,5,0.003635705,0.000012513,499949,5000,999898
[RESULT] 0,2,2D_cyclic,6,0.003708537,0.000010478,499949,5000,999898
[RESULT] 0,2,2D_cyclic,7,0.003727697,0.000014248,499949,5000,999898
[RESULT] 0,2,2D_cyclic,8,0.003685688,0.000012627,499949,5000,999898
[RESULT] 0,2,2D_cyclic,9,0.003722869,0.000013124,499949,5000,999898

Benchmark Summary
Processes: 2
Distribution: 2D_cyclic
Iterations: 10
Matrix NNZ: 999902
Total execution time: 0.082 seconds
[RESULT] 1,2,2D_cyclic,0,0.003312374,0.000093646,499953,5000,999906
[RESULT] 1,2,2D_cyclic,1,0.003671594,0.000050263,499953,5000,999906
[RESULT] 1,2,2D_cyclic,2,0.003196387,0.000042039,499953,5000,999906
[RESULT] 1,2,2D_cyclic,3,0.003014439,0.000019018,499953,5000,999906
[RESULT] 1,2,2D_cyclic,4,0.003217611,0.000013242,499953,5000,999906
[RESULT] 1,2,2D_cyclic,5,0.003545552,0.000011825,499953,5000,999906
[RESULT] 1,2,2D_cyclic,6,0.003653348,0.000010453,499953,5000,999906
[RESULT] 1,2,2D_cyclic,7,0.003756739,0.000014276,499953,5000,999906
[RESULT] 1,2,2D_cyclic,8,0.003604639,0.000012650,499953,5000,999906
[RESULT] 1,2,2D_cyclic,9,0.003706178,0.000013497,499953,5000,999906
