Synthetic Matrix (Weak Scaling): Rows/proc=10000 | Total rows=20000 | NNZ/row=~50 | Procs=8
Dummy Matrix Generated: 80000 Global Rows | Total NNZ: 3999822
Ghost columns identified: 17500 total ghost values needed
Local vector initialized (size=10000 per process)
[RESULT] 0,8,2D,0,0.097224059,0.064010297,499974,17500,999948
[RESULT] 0,8,2D,1,0.097264919,0.064030321,499974,17500,999948
[RESULT] 0,8,2D,2,0.097199966,0.063976165,499974,17500,999948
[RESULT] 0,8,2D,3,0.097244620,0.064040437,499974,17500,999948
[RESULT] 0,8,2D,4,0.121361194,0.062648644,499974,17500,999948
[RESULT] 0,8,2D,5,0.129245006,0.096004389,499974,17500,999948
[RESULT] 0,8,2D,6,0.129257606,0.096012753,499974,17500,999948
[RESULT] 0,8,2D,7,0.129430579,0.096021696,499974,17500,999948
[RESULT] 0,8,2D,8,0.129270000,0.096009481,499974,17500,999948
[RESULT] 0,8,2D,9,0.097266126,0.064015620,499974,17500,999948

Benchmark Summary
Processes: 8
Distribution: 2D
Iterations: 10
Matrix NNZ: 3999822
Total execution time: 2.341 seconds
[RESULT] 1,8,2D,0,0.097237110,0.064087870,499980,17500,999960
[RESULT] 1,8,2D,1,0.097239563,0.064011067,499980,17500,999960
[RESULT] 1,8,2D,2,0.125201478,0.092002546,499980,17500,999960
[RESULT] 1,8,2D,3,0.129212828,0.095987426,499980,17500,999960
[RESULT] 1,8,2D,4,0.117292914,0.058292187,499980,17500,999960
[RESULT] 1,8,2D,5,0.097224477,0.064006545,499980,17500,999960
[RESULT] 1,8,2D,6,0.097236985,0.064009679,499980,17500,999960
[RESULT] 1,8,2D,7,0.097237467,0.064006525,499980,17500,999960
[RESULT] 1,8,2D,8,0.097231567,0.064012376,499980,17500,999960
[RESULT] 1,8,2D,9,0.097252719,0.064007438,499980,17500,999960
[RESULT] 7,8,2D,0,0.097509013,0.064022937,499973,17500,999946
[RESULT] 7,8,2D,1,0.097248942,0.064015042,499973,17500,999946
[RESULT] 7,8,2D,2,0.109341167,0.075983414,499973,17500,999946
[RESULT] 7,8,2D,3,0.129272342,0.096015871,499973,17500,999946
[RESULT] 7,8,2D,4,0.107071671,0.094475876,499973,17500,999946
[RESULT] 7,8,2D,5,0.129227601,0.095997348,499973,17500,999946
[RESULT] 7,8,2D,6,0.129235999,0.095978175,499973,17500,999946
[RESULT] 7,8,2D,7,0.129256783,0.096004468,499973,17500,999946
[RESULT] 7,8,2D,8,0.129269928,0.096019552,499973,17500,999946
[RESULT] 7,8,2D,9,0.126909879,0.096008595,499973,17500,999946
[RESULT] 3,8,2D,0,0.097227965,0.064028289,499982,17500,999964
[RESULT] 3,8,2D,1,0.097233023,0.064116448,499982,17500,999964
[RESULT] 3,8,2D,2,0.085265516,0.052034142,499982,17500,999964
[RESULT] 3,8,2D,3,0.129269376,0.096030406,499982,17500,999964
[RESULT] 3,8,2D,4,0.152122260,0.087270508,499982,17500,999964
[RESULT] 3,8,2D,5,0.129307188,0.095996560,499982,17500,999964
[RESULT] 3,8,2D,6,0.129206629,0.095985427,499982,17500,999964
[RESULT] 3,8,2D,7,0.129234175,0.096025286,499982,17500,999964
[RESULT] 3,8,2D,8,0.129207228,0.095992274,499982,17500,999964
[RESULT] 3,8,2D,9,0.125223127,0.096011797,499982,17500,999964
[RESULT] 6,8,2D,0,0.097235102,0.064051584,499982,17500,999964
[RESULT] 6,8,2D,1,0.097241017,0.064034794,499982,17500,999964
[RESULT] 6,8,2D,2,0.109231104,0.076045740,499982,17500,999964
[RESULT] 6,8,2D,3,0.097222567,0.064046730,499982,17500,999964
[RESULT] 6,8,2D,4,0.117335609,0.076102205,499982,17500,999964
[RESULT] 6,8,2D,5,0.097207239,0.063990704,499982,17500,999964
[RESULT] 6,8,2D,6,0.097624079,0.064006206,499982,17500,999964
[RESULT] 6,8,2D,7,0.101225578,0.068006826,499982,17500,999964
[RESULT] 6,8,2D,8,0.093236674,0.064009957,499982,17500,999964
[RESULT] 6,8,2D,9,0.090999276,0.064009430,499982,17500,999964
[RESULT] 2,8,2D,0,0.097315958,0.064022391,499979,17500,999958
[RESULT] 2,8,2D,1,0.097317676,0.064020240,499979,17500,999958
[RESULT] 2,8,2D,2,0.123174407,0.089878315,499979,17500,999958
[RESULT] 2,8,2D,3,0.097332110,0.064037546,499979,17500,999958
[RESULT] 2,8,2D,4,0.097413483,0.062040897,499979,17500,999958
[RESULT] 2,8,2D,5,0.097259120,0.064011957,499979,17500,999958
[RESULT] 2,8,2D,6,0.097265236,0.064039771,499979,17500,999958
[RESULT] 2,8,2D,7,0.097265864,0.064016201,499979,17500,999958
[RESULT] 2,8,2D,8,0.097277139,0.064015467,499979,17500,999958
[RESULT] 2,8,2D,9,0.088658317,0.064005045,499979,17500,999958
[RESULT] 4,8,2D,0,0.097283916,0.064017421,499974,17500,999948
[RESULT] 4,8,2D,1,0.097245384,0.064013865,499974,17500,999948
[RESULT] 4,8,2D,2,0.129259711,0.095979477,499974,17500,999948
[RESULT] 4,8,2D,3,0.129239902,0.096021914,499974,17500,999948
[RESULT] 4,8,2D,4,0.145315588,0.092710542,499974,17500,999948
[RESULT] 4,8,2D,5,0.097245793,0.064038649,499974,17500,999948
[RESULT] 4,8,2D,6,0.096188412,0.064014596,499974,17500,999948
[RESULT] 4,8,2D,7,0.097529323,0.064024853,499974,17500,999948
[RESULT] 4,8,2D,8,0.097259335,0.064012879,499974,17500,999948
[RESULT] 4,8,2D,9,0.118491237,0.064043535,499974,17500,999948
[RESULT] 5,8,2D,0,0.097236615,0.064031514,499978,17500,999956
[RESULT] 5,8,2D,1,0.097267099,0.064048388,499978,17500,999956
[RESULT] 5,8,2D,2,0.094268960,0.061023989,499978,17500,999956
[RESULT] 5,8,2D,3,0.129262193,0.096019587,499978,17500,999956
[RESULT] 5,8,2D,4,0.157222834,0.108159538,499978,17500,999956
[RESULT] 5,8,2D,5,0.097249531,0.064015828,499978,17500,999956
[RESULT] 5,8,2D,6,0.097355309,0.064050059,499978,17500,999956
[RESULT] 5,8,2D,7,0.125229731,0.091998347,499978,17500,999956
[RESULT] 5,8,2D,8,0.145324333,0.095025223,499978,17500,999956
[RESULT] 5,8,2D,9,0.112542336,0.064022681,499978,17500,999956
