Synthetic Matrix (Weak Scaling): Rows/proc=10000 | Total rows=10000 | NNZ/row=~50 | Procs=2
Dummy Matrix Generated: 20000 Global Rows | Total NNZ: 999892
Ghost columns identified: 5000 total ghost values needed
Local vector initialized (size=10000 per process)
[RESULT] 0,2,2D,0,0.003181457,0.000035073,499945,5000,999890
[RESULT] 0,2,2D,1,0.003042551,0.000029041,499945,5000,999890
[RESULT] 0,2,2D,2,0.003091087,0.000023216,499945,5000,999890
[RESULT] 0,2,2D,3,0.003164245,0.000013247,499945,5000,999890
[RESULT] 0,2,2D,4,0.003030280,0.000012171,499945,5000,999890
[RESULT] 0,2,2D,5,0.002989171,0.000008616,499945,5000,999890
[RESULT] 0,2,2D,6,0.003061808,0.000012687,499945,5000,999890
[RESULT] 0,2,2D,7,0.003039757,0.000009133,499945,5000,999890
[RESULT] 0,2,2D,8,0.003030157,0.000013519,499945,5000,999890
[RESULT] 0,2,2D,9,0.003016989,0.000014957,499945,5000,999890

Benchmark Summary
Processes: 2
Distribution: 2D
Iterations: 10
Matrix NNZ: 999892
Total execution time: 0.081 seconds
[RESULT] 1,2,2D,0,0.003055395,0.000035361,499947,5000,999894
[RESULT] 1,2,2D,1,0.003127650,0.000028231,499947,5000,999894
[RESULT] 1,2,2D,2,0.003089478,0.000019296,499947,5000,999894
[RESULT] 1,2,2D,3,0.003099934,0.000012506,499947,5000,999894
[RESULT] 1,2,2D,4,0.002987260,0.000012165,499947,5000,999894
[RESULT] 1,2,2D,5,0.003034717,0.000008346,499947,5000,999894
[RESULT] 1,2,2D,6,0.003117981,0.000008019,499947,5000,999894
[RESULT] 1,2,2D,7,0.003083830,0.000008965,499947,5000,999894
[RESULT] 1,2,2D,8,0.003193606,0.000013440,499947,5000,999894
[RESULT] 1,2,2D,9,0.003099010,0.000014989,499947,5000,999894
