Synthetic Matrix (Weak Scaling): Rows/proc=10000 | Total rows=20000 | NNZ/row=~50 | Procs=2
Dummy Matrix Generated: 20000 Global Rows | Total NNZ: 1000000
Ghost columns identified: 10000 total ghost values needed
Local vector initialized (size=10000 per process)
[RESULT] 1,2,0,0.002962483,0.000021464,500000,10000,1000000
[RESULT] 1,2,1,0.003105960,0.000028515,500000,10000,1000000
[RESULT] 1,2,2,0.003000202,0.000020446,500000,10000,1000000
[RESULT] 1,2,3,0.002956928,0.000017326,500000,10000,1000000
[RESULT] 1,2,4,0.002908108,0.000022605,500000,10000,1000000
[RESULT] 1,2,5,0.002929094,0.000017609,500000,10000,1000000
[RESULT] 1,2,6,0.002996241,0.000019094,500000,10000,1000000
[RESULT] 1,2,7,0.003104306,0.000026198,500000,10000,1000000
[RESULT] 1,2,8,0.003124442,0.000021910,500000,10000,1000000
[RESULT] 1,2,9,0.003015069,0.000032646,500000,10000,1000000
[RESULT] 0,2,0,0.003010375,0.000021833,500000,10000,1000000
[RESULT] 0,2,1,0.002960495,0.000027641,500000,10000,1000000
[RESULT] 0,2,2,0.002963042,0.000026466,500000,10000,1000000
[RESULT] 0,2,3,0.003206905,0.000017935,500000,10000,1000000
[RESULT] 0,2,4,0.003043338,0.000021820,500000,10000,1000000
[RESULT] 0,2,5,0.003007258,0.000016587,500000,10000,1000000
[RESULT] 0,2,6,0.003090522,0.000018809,500000,10000,1000000
[RESULT] 0,2,7,0.003032669,0.000019660,500000,10000,1000000
[RESULT] 0,2,8,0.003099895,0.000022653,500000,10000,1000000
[RESULT] 0,2,9,0.003022896,0.000033270,500000,10000,1000000

Benchmark Summary
Processes: 2
Iterations: 10
Matrix NNZ: 1000000
Total execution time: 0.072 seconds
