Synthetic Matrix (Weak Scaling): Rows/proc=10000 | Total rows=20000 | NNZ/row=~50 | Procs=4
Dummy Matrix Generated: 40000 Global Rows | Total NNZ: 1999919
Ghost columns identified: 15000 total ghost values needed
Local vector initialized (size=10000 per process)
[RESULT] 0,4,2D_cyclic,0,0.002342472,0.000045011,499978,15000,999956
[RESULT] 0,4,2D_cyclic,1,0.002161093,0.000055459,499978,15000,999956
[RESULT] 0,4,2D_cyclic,2,0.002219020,0.000127511,499978,15000,999956
[RESULT] 0,4,2D_cyclic,3,0.002223651,0.000090658,499978,15000,999956
[RESULT] 0,4,2D_cyclic,4,0.002346951,0.000048658,499978,15000,999956
[RESULT] 0,4,2D_cyclic,5,0.002203690,0.000046620,499978,15000,999956
[RESULT] 0,4,2D_cyclic,6,0.002818691,0.000076205,499978,15000,999956
[RESULT] 0,4,2D_cyclic,7,0.002309401,0.000037132,499978,15000,999956
[RESULT] 0,4,2D_cyclic,8,0.002344179,0.000045405,499978,15000,999956
[RESULT] 0,4,2D_cyclic,9,0.002422422,0.000165122,499978,15000,999956

Benchmark Summary
Processes: 4
Distribution: 2D_cyclic
Iterations: 10
Matrix NNZ: 1999919
Total execution time: 0.068 seconds
[RESULT] 1,4,2D_cyclic,0,0.002408117,0.000051204,499980,15000,999960
[RESULT] 1,4,2D_cyclic,1,0.002347502,0.000051778,499980,15000,999960
[RESULT] 1,4,2D_cyclic,2,0.002114975,0.000041329,499980,15000,999960
[RESULT] 1,4,2D_cyclic,3,0.002292742,0.000103359,499980,15000,999960
[RESULT] 1,4,2D_cyclic,4,0.002271883,0.000050454,499980,15000,999960
[RESULT] 1,4,2D_cyclic,5,0.002180148,0.000051691,499980,15000,999960
[RESULT] 1,4,2D_cyclic,6,0.002325875,0.000066542,499980,15000,999960
[RESULT] 1,4,2D_cyclic,7,0.002365194,0.000044552,499980,15000,999960
[RESULT] 1,4,2D_cyclic,8,0.002235346,0.000049950,499980,15000,999960
[RESULT] 1,4,2D_cyclic,9,0.002358556,0.000173826,499980,15000,999960
[RESULT] 2,4,2D_cyclic,0,0.002582182,0.000052924,499981,15000,999962
[RESULT] 2,4,2D_cyclic,1,0.002415101,0.000055597,499981,15000,999962
[RESULT] 2,4,2D_cyclic,2,0.002223935,0.000128514,499981,15000,999962
[RESULT] 2,4,2D_cyclic,3,0.002118940,0.000051989,499981,15000,999962
[RESULT] 2,4,2D_cyclic,4,0.002741394,0.000048386,499981,15000,999962
[RESULT] 2,4,2D_cyclic,5,0.002232673,0.000052617,499981,15000,999962
[RESULT] 2,4,2D_cyclic,6,0.002264640,0.000076252,499981,15000,999962
[RESULT] 2,4,2D_cyclic,7,0.002640044,0.000040105,499981,15000,999962
[RESULT] 2,4,2D_cyclic,8,0.002234644,0.000049271,499981,15000,999962
[RESULT] 2,4,2D_cyclic,9,0.002336965,0.000174330,499981,15000,999962
[RESULT] 3,4,2D_cyclic,0,0.002397674,0.000045174,499980,15000,999960
[RESULT] 3,4,2D_cyclic,1,0.002414519,0.000053726,499980,15000,999960
[RESULT] 3,4,2D_cyclic,2,0.002394395,0.000126097,499980,15000,999960
[RESULT] 3,4,2D_cyclic,3,0.002313334,0.000089914,499980,15000,999960
[RESULT] 3,4,2D_cyclic,4,0.002459993,0.000050271,499980,15000,999960
[RESULT] 3,4,2D_cyclic,5,0.002435156,0.000047598,499980,15000,999960
[RESULT] 3,4,2D_cyclic,6,0.002356312,0.000066160,499980,15000,999960
[RESULT] 3,4,2D_cyclic,7,0.002389866,0.000043786,499980,15000,999960
[RESULT] 3,4,2D_cyclic,8,0.002241964,0.000044761,499980,15000,999960
[RESULT] 3,4,2D_cyclic,9,0.002323774,0.000169849,499980,15000,999960
