Synthetic Matrix (Weak Scaling): Rows/proc=10000 | Total rows=80000 | NNZ/row=~50 | Procs=8
Dummy Matrix Generated: 80000 Global Rows | Total NNZ: 4000000
Ghost columns identified: 69858 total ghost values needed
Local vector initialized (size=10000 per process)
[RESULT] 7,8,0,0.002375434,0.000901334,500000,69849,1000000
[RESULT] 7,8,1,0.001939618,0.000348524,500000,69849,1000000
[RESULT] 7,8,2,0.001725764,0.000166838,500000,69849,1000000
[RESULT] 7,8,3,0.001649930,0.000141295,500000,69849,1000000
[RESULT] 7,8,4,0.001693668,0.000205149,500000,69849,1000000
[RESULT] 7,8,5,0.001629799,0.000248070,500000,69849,1000000
[RESULT] 7,8,6,0.001824393,0.000337965,500000,69849,1000000
[RESULT] 7,8,7,0.001679941,0.000232414,500000,69849,1000000
[RESULT] 7,8,8,0.001610855,0.000208791,500000,69849,1000000
[RESULT] 7,8,9,0.001655327,0.000183403,500000,69849,1000000
[RESULT] 0,8,0,0.002354219,0.000987855,500000,69858,1000000
[RESULT] 0,8,1,0.002091369,0.000431442,500000,69858,1000000
[RESULT] 0,8,2,0.001701737,0.000156267,500000,69858,1000000
[RESULT] 0,8,3,0.001562488,0.000146688,500000,69858,1000000
[RESULT] 0,8,4,0.001674351,0.000185065,500000,69858,1000000
[RESULT] 0,8,5,0.001689635,0.000211169,500000,69858,1000000
[RESULT] 0,8,6,0.001736893,0.000264814,500000,69858,1000000
[RESULT] 0,8,7,0.001650622,0.000188675,500000,69858,1000000
[RESULT] 0,8,8,0.001667058,0.000169426,500000,69858,1000000
[RESULT] 0,8,9,0.001739217,0.000152562,500000,69858,1000000

Benchmark Summary
Processes: 8
Iterations: 10
Matrix NNZ: 4000000
Total execution time: 0.104 seconds
[RESULT] 2,8,0,0.003374958,0.001001809,500000,69868,1000000
[RESULT] 2,8,1,0.001664073,0.000297010,500000,69868,1000000
[RESULT] 2,8,2,0.001539239,0.000146198,500000,69868,1000000
[RESULT] 2,8,3,0.001464339,0.000136529,500000,69868,1000000
[RESULT] 2,8,4,0.001555159,0.000182724,500000,69868,1000000
[RESULT] 2,8,5,0.001593830,0.000233607,500000,69868,1000000
[RESULT] 2,8,6,0.001805203,0.000302385,500000,69868,1000000
[RESULT] 2,8,7,0.001691704,0.000213997,500000,69868,1000000
[RESULT] 2,8,8,0.001610090,0.000190574,500000,69868,1000000
[RESULT] 2,8,9,0.001641061,0.000171209,500000,69868,1000000
[RESULT] 4,8,0,0.002501640,0.000962098,500000,69862,1000000
[RESULT] 4,8,1,0.001933023,0.000324196,500000,69862,1000000
[RESULT] 4,8,2,0.001770621,0.000156919,500000,69862,1000000
[RESULT] 4,8,3,0.001608850,0.000134247,500000,69862,1000000
[RESULT] 4,8,4,0.001718319,0.000194039,500000,69862,1000000
[RESULT] 4,8,5,0.001743903,0.000222356,500000,69862,1000000
[RESULT] 4,8,6,0.001776419,0.000285590,500000,69862,1000000
[RESULT] 4,8,7,0.001717144,0.000200697,500000,69862,1000000
[RESULT] 4,8,8,0.001591759,0.000179887,500000,69862,1000000
[RESULT] 4,8,9,0.001683224,0.000160414,500000,69862,1000000
[RESULT] 1,8,0,0.002270184,0.000916462,500000,69840,1000000
[RESULT] 1,8,1,0.003052844,0.000410594,500000,69840,1000000
[RESULT] 1,8,2,0.002743332,0.000178336,500000,69840,1000000
[RESULT] 1,8,3,0.002741073,0.000174397,500000,69840,1000000
[RESULT] 1,8,4,0.002660583,0.000216459,500000,69840,1000000
[RESULT] 1,8,5,0.002754526,0.000278174,500000,69840,1000000
[RESULT] 1,8,6,0.002854704,0.000358441,500000,69840,1000000
[RESULT] 1,8,7,0.002636566,0.000248706,500000,69840,1000000
[RESULT] 1,8,8,0.002527502,0.000224856,500000,69840,1000000
[RESULT] 1,8,9,0.002217308,0.000199561,500000,69840,1000000
[RESULT] 3,8,0,0.002917942,0.000986346,500000,69856,1000000
[RESULT] 3,8,1,0.001735933,0.000302633,500000,69856,1000000
[RESULT] 3,8,2,0.001660291,0.000163188,500000,69856,1000000
[RESULT] 3,8,3,0.001574279,0.000154425,500000,69856,1000000
[RESULT] 3,8,4,0.001622195,0.000192280,500000,69856,1000000
[RESULT] 3,8,5,0.001681170,0.000216741,500000,69856,1000000
[RESULT] 3,8,6,0.001681805,0.000261056,500000,69856,1000000
[RESULT] 3,8,7,0.001638648,0.000178219,500000,69856,1000000
[RESULT] 3,8,8,0.001555766,0.000189036,500000,69856,1000000
[RESULT] 3,8,9,0.002538188,0.000151819,500000,69856,1000000
[RESULT] 5,8,0,0.002331796,0.000939926,500000,69888,1000000
[RESULT] 5,8,1,0.003064880,0.000376520,500000,69888,1000000
[RESULT] 5,8,2,0.002688987,0.000196266,500000,69888,1000000
[RESULT] 5,8,3,0.002630351,0.000163907,500000,69888,1000000
[RESULT] 5,8,4,0.001516868,0.000172270,500000,69888,1000000
[RESULT] 5,8,5,0.001649573,0.000227985,500000,69888,1000000
[RESULT] 5,8,6,0.002881814,0.000256980,500000,69888,1000000
[RESULT] 5,8,7,0.002790263,0.000178412,500000,69888,1000000
[RESULT] 5,8,8,0.002892662,0.000199649,500000,69888,1000000
[RESULT] 5,8,9,0.002877633,0.000162323,500000,69888,1000000
[RESULT] 6,8,0,0.003516217,0.000977781,500000,69872,1000000
[RESULT] 6,8,1,0.002683960,0.000433146,500000,69872,1000000
[RESULT] 6,8,2,0.002421420,0.000185150,500000,69872,1000000
[RESULT] 6,8,3,0.002328274,0.000176017,500000,69872,1000000
[RESULT] 6,8,4,0.002604062,0.000207443,500000,69872,1000000
[RESULT] 6,8,5,0.003513237,0.000260658,500000,69872,1000000
[RESULT] 6,8,6,0.003222816,0.000351973,500000,69872,1000000
[RESULT] 6,8,7,0.002819555,0.000247938,500000,69872,1000000
[RESULT] 6,8,8,0.002870396,0.000223682,500000,69872,1000000
[RESULT] 6,8,9,0.002939375,0.000202995,500000,69872,1000000
