Synthetic Matrix (Weak Scaling): Rows/proc=10000 | Total rows=40000 | NNZ/row=~50 | Procs=4
Dummy Matrix Generated: 40000 Global Rows | Total NNZ: 2000000
Ghost columns identified: 30000 total ghost values needed
Local vector initialized (size=10000 per process)
[RESULT] 0,4,1D,0,0.049845824,0.032038005,500000,30000,1000000
[RESULT] 0,4,1D,1,0.049945226,0.032050157,500000,30000,1000000
[RESULT] 0,4,1D,2,0.049870354,0.032036800,500000,30000,1000000
[RESULT] 0,4,1D,3,0.050126393,0.032040600,500000,30000,1000000
[RESULT] 0,4,1D,4,0.050024973,0.032042604,500000,30000,1000000
[RESULT] 0,4,1D,5,0.052721014,0.032038266,500000,30000,1000000
[RESULT] 0,4,1D,6,0.061865344,0.044026013,500000,30000,1000000
[RESULT] 0,4,1D,7,0.049928820,0.032055602,500000,30000,1000000
[RESULT] 0,4,1D,8,0.049843649,0.032048599,500000,30000,1000000
[RESULT] 0,4,1D,9,0.049859842,0.032031972,500000,30000,1000000

Benchmark Summary
Processes: 4
Distribution: 1D
Iterations: 10
Matrix NNZ: 2000000
Total execution time: 0.982 seconds
[RESULT] 1,4,1D,0,0.049982302,0.032001674,500000,29999,1000000
[RESULT] 1,4,1D,1,0.049880683,0.032019742,500000,29999,1000000
[RESULT] 1,4,1D,2,0.049873705,0.031998779,500000,29999,1000000
[RESULT] 1,4,1D,3,0.049923891,0.032003381,500000,29999,1000000
[RESULT] 1,4,1D,4,0.049948957,0.032002329,500000,29999,1000000
[RESULT] 1,4,1D,5,0.051271451,0.030813760,500000,29999,1000000
[RESULT] 1,4,1D,6,0.049915366,0.031992074,500000,29999,1000000
[RESULT] 1,4,1D,7,0.049962288,0.032010526,500000,29999,1000000
[RESULT] 1,4,1D,8,0.049901093,0.032022643,500000,29999,1000000
[RESULT] 1,4,1D,9,0.048407196,0.032024541,500000,29999,1000000
[RESULT] 3,4,1D,0,0.050102793,0.032020278,500000,30000,1000000
[RESULT] 3,4,1D,1,0.050015786,0.032019044,500000,30000,1000000
[RESULT] 3,4,1D,2,0.049848669,0.032006216,500000,30000,1000000
[RESULT] 3,4,1D,3,0.049885619,0.032009773,500000,30000,1000000
[RESULT] 3,4,1D,4,0.050012491,0.032022546,500000,30000,1000000
[RESULT] 3,4,1D,5,0.051148315,0.032012461,500000,30000,1000000
[RESULT] 3,4,1D,6,0.076364597,0.044014756,500000,30000,1000000
[RESULT] 3,4,1D,7,0.049907545,0.032001499,500000,30000,1000000
[RESULT] 3,4,1D,8,0.049900257,0.032010805,500000,30000,1000000
[RESULT] 3,4,1D,9,0.049013913,0.032061660,500000,30000,1000000
[RESULT] 2,4,1D,0,0.049849622,0.032019027,500000,30000,1000000
[RESULT] 2,4,1D,1,0.049976242,0.032028053,500000,30000,1000000
[RESULT] 2,4,1D,2,0.049890759,0.032024479,500000,30000,1000000
[RESULT] 2,4,1D,3,0.049875842,0.031965816,500000,30000,1000000
[RESULT] 2,4,1D,4,0.050057304,0.032025622,500000,30000,1000000
[RESULT] 2,4,1D,5,0.053537646,0.032029335,500000,30000,1000000
[RESULT] 2,4,1D,6,0.061878296,0.044039787,500000,30000,1000000
[RESULT] 2,4,1D,7,0.049972047,0.031986052,500000,30000,1000000
[RESULT] 2,4,1D,8,0.050232208,0.032003700,500000,30000,1000000
[RESULT] 2,4,1D,9,0.047255656,0.032004971,500000,30000,1000000
