Synthetic Matrix (Weak Scaling): Rows/proc=10000 | Total rows=10000 | NNZ/row=~50 | Procs=1
Dummy Matrix Generated: 10000 Global Rows | Total NNZ: 500000
Ghost columns identified: 0 total ghost values needed
Local vector initialized (size=10000 per process)
[RESULT] 0,1,1D,0,0.000967705,0.000219111,500000,0,1000000
[RESULT] 0,1,1D,1,0.000923876,0.000176838,500000,0,1000000
[RESULT] 0,1,1D,2,0.000947688,0.000197194,500000,0,1000000
[RESULT] 0,1,1D,3,0.000935029,0.000151285,500000,0,1000000
[RESULT] 0,1,1D,4,0.000941425,0.000197494,500000,0,1000000
[RESULT] 0,1,1D,5,0.000958491,0.000152917,500000,0,1000000
[RESULT] 0,1,1D,6,0.000961479,0.000155054,500000,0,1000000
[RESULT] 0,1,1D,7,0.000888485,0.000138124,500000,0,1000000
[RESULT] 0,1,1D,8,0.000997463,0.000245377,500000,0,1000000
[RESULT] 0,1,1D,9,0.000941736,0.000168722,500000,0,1000000

Benchmark Summary
Processes: 1
Distribution: 1D
Iterations: 10
Matrix NNZ: 500000
Total execution time: 0.044 seconds
