Synthetic Matrix (Weak Scaling): Rows/proc=10000 | Total rows=20000 | NNZ/row=~50 | Procs=8
Dummy Matrix Generated: 80000 Global Rows | Total NNZ: 3999795
Ghost columns identified: 17500 total ghost values needed
Local vector initialized (size=10000 per process)
[RESULT] 1,8,2D_cyclic,0,0.002101054,0.000128350,499967,17500,999934
[RESULT] 1,8,2D_cyclic,1,0.002023675,0.000113808,499967,17500,999934
[RESULT] 1,8,2D_cyclic,2,0.002247776,0.000046973,499967,17500,999934
[RESULT] 1,8,2D_cyclic,3,0.002318276,0.000090218,499967,17500,999934
[RESULT] 1,8,2D_cyclic,4,0.002092871,0.000068049,499967,17500,999934
[RESULT] 1,8,2D_cyclic,5,0.001660090,0.000112229,499967,17500,999934
[RESULT] 1,8,2D_cyclic,6,0.002083250,0.000069487,499967,17500,999934
[RESULT] 1,8,2D_cyclic,7,0.002012106,0.000048890,499967,17500,999934
[RESULT] 1,8,2D_cyclic,8,0.002051222,0.000049384,499967,17500,999934
[RESULT] 1,8,2D_cyclic,9,0.001717730,0.000086310,499967,17500,999934
[RESULT] 2,8,2D_cyclic,0,0.001545317,0.000086161,499978,17500,999956
[RESULT] 2,8,2D_cyclic,1,0.001420072,0.000060891,499978,17500,999956
[RESULT] 2,8,2D_cyclic,2,0.001653332,0.000045392,499978,17500,999956
[RESULT] 2,8,2D_cyclic,3,0.001729154,0.000095717,499978,17500,999956
[RESULT] 2,8,2D_cyclic,4,0.001456111,0.000055658,499978,17500,999956
[RESULT] 2,8,2D_cyclic,5,0.001568523,0.000123676,499978,17500,999956
[RESULT] 2,8,2D_cyclic,6,0.002053283,0.000064391,499978,17500,999956
[RESULT] 2,8,2D_cyclic,7,0.001493261,0.000042702,499978,17500,999956
[RESULT] 2,8,2D_cyclic,8,0.001967447,0.000055028,499978,17500,999956
[RESULT] 2,8,2D_cyclic,9,0.001744897,0.000097383,499978,17500,999956
[RESULT] 4,8,2D_cyclic,0,0.001984439,0.000125756,499973,17500,999946
[RESULT] 4,8,2D_cyclic,1,0.001949159,0.000100378,499973,17500,999946
[RESULT] 4,8,2D_cyclic,2,0.001981522,0.000050176,499973,17500,999946
[RESULT] 4,8,2D_cyclic,3,0.002201331,0.000086275,499973,17500,999946
[RESULT] 4,8,2D_cyclic,4,0.002038092,0.000067965,499973,17500,999946
[RESULT] 4,8,2D_cyclic,5,0.002254716,0.000107335,499973,17500,999946
[RESULT] 4,8,2D_cyclic,6,0.002123376,0.000069366,499973,17500,999946
[RESULT] 4,8,2D_cyclic,7,0.002016118,0.000055073,499973,17500,999946
[RESULT] 4,8,2D_cyclic,8,0.002006854,0.000049894,499973,17500,999946
[RESULT] 4,8,2D_cyclic,9,0.001774529,0.000078384,499973,17500,999946
[RESULT] 7,8,2D_cyclic,0,0.002067825,0.000126551,499973,17500,999946
[RESULT] 7,8,2D_cyclic,1,0.002033371,0.000111137,499973,17500,999946
[RESULT] 7,8,2D_cyclic,2,0.002039063,0.000047019,499973,17500,999946
[RESULT] 7,8,2D_cyclic,3,0.001749748,0.000085336,499973,17500,999946
[RESULT] 7,8,2D_cyclic,4,0.001865740,0.000061170,499973,17500,999946
[RESULT] 7,8,2D_cyclic,5,0.002168708,0.000109805,499973,17500,999946
[RESULT] 7,8,2D_cyclic,6,0.002082851,0.000089819,499973,17500,999946
[RESULT] 7,8,2D_cyclic,7,0.002045867,0.000054462,499973,17500,999946
[RESULT] 7,8,2D_cyclic,8,0.001864568,0.000049999,499973,17500,999946
[RESULT] 7,8,2D_cyclic,9,0.001678407,0.000081090,499973,17500,999946
[RESULT] 3,8,2D_cyclic,0,0.002044494,0.000123737,499980,17500,999960
[RESULT] 3,8,2D_cyclic,1,0.001991576,0.000102173,499980,17500,999960
[RESULT] 3,8,2D_cyclic,2,0.001841419,0.000050143,499980,17500,999960
[RESULT] 3,8,2D_cyclic,3,0.002159920,0.000083219,499980,17500,999960
[RESULT] 3,8,2D_cyclic,4,0.002102321,0.000059081,499980,17500,999960
[RESULT] 3,8,2D_cyclic,5,0.002010969,0.000127770,499980,17500,999960
[RESULT] 3,8,2D_cyclic,6,0.001785355,0.000078099,499980,17500,999960
[RESULT] 3,8,2D_cyclic,7,0.001685579,0.000051211,499980,17500,999960
[RESULT] 3,8,2D_cyclic,8,0.001725488,0.000048989,499980,17500,999960
[RESULT] 3,8,2D_cyclic,9,0.001957117,0.000105732,499980,17500,999960
[RESULT] 6,8,2D_cyclic,0,0.002057796,0.000113144,499976,17500,999952
[RESULT] 6,8,2D_cyclic,1,0.002035354,0.000118381,499976,17500,999952
[RESULT] 6,8,2D_cyclic,2,0.002053831,0.000050700,499976,17500,999952
[RESULT] 6,8,2D_cyclic,3,0.001926441,0.000086045,499976,17500,999952
[RESULT] 6,8,2D_cyclic,4,0.001743872,0.000059720,499976,17500,999952
[RESULT] 6,8,2D_cyclic,5,0.001715910,0.000125756,499976,17500,999952
[RESULT] 6,8,2D_cyclic,6,0.001478091,0.000070503,499976,17500,999952
[RESULT] 6,8,2D_cyclic,7,0.002009834,0.000050546,499976,17500,999952
[RESULT] 6,8,2D_cyclic,8,0.002001569,0.000049188,499976,17500,999952
[RESULT] 6,8,2D_cyclic,9,0.002140262,0.000104373,499976,17500,999952
[RESULT] 0,8,2D_cyclic,0,0.001888143,0.000133999,499975,17500,999950
[RESULT] 0,8,2D_cyclic,1,0.001515915,0.000060688,499975,17500,999950
[RESULT] 0,8,2D_cyclic,2,0.001461090,0.000043798,499975,17500,999950
[RESULT] 0,8,2D_cyclic,3,0.001564242,0.000084178,499975,17500,999950
[RESULT] 0,8,2D_cyclic,4,0.001413879,0.000053174,499975,17500,999950
[RESULT] 0,8,2D_cyclic,5,0.001723662,0.000118113,499975,17500,999950
[RESULT] 0,8,2D_cyclic,6,0.001866191,0.000086944,499975,17500,999950
[RESULT] 0,8,2D_cyclic,7,0.002036480,0.000050436,499975,17500,999950
[RESULT] 0,8,2D_cyclic,8,0.002115108,0.000051260,499975,17500,999950
[RESULT] 0,8,2D_cyclic,9,0.002259632,0.000094979,499975,17500,999950

Benchmark Summary
Processes: 8
Distribution: 2D_cyclic
Iterations: 10
Matrix NNZ: 3999795
Total execution time: 0.083 seconds
[RESULT] 5,8,2D_cyclic,0,0.002140695,0.000096465,499973,17500,999946
[RESULT] 5,8,2D_cyclic,1,0.002034082,0.000105906,499973,17500,999946
[RESULT] 5,8,2D_cyclic,2,0.001971767,0.000051821,499973,17500,999946
[RESULT] 5,8,2D_cyclic,3,0.002295244,0.000129382,499973,17500,999946
[RESULT] 5,8,2D_cyclic,4,0.001761130,0.000056014,499973,17500,999946
[RESULT] 5,8,2D_cyclic,5,0.002112383,0.000136349,499973,17500,999946
[RESULT] 5,8,2D_cyclic,6,0.002098211,0.000084157,499973,17500,999946
[RESULT] 5,8,2D_cyclic,7,0.002073538,0.000051728,499973,17500,999946
[RESULT] 5,8,2D_cyclic,8,0.002142062,0.000052747,499973,17500,999946
[RESULT] 5,8,2D_cyclic,9,0.002484824,0.000107898,499973,17500,999946
