Synthetic Matrix (Weak Scaling): Rows/proc=10000 | Total rows=20000 | NNZ/row=~50 | Procs=2
Dummy Matrix Generated: 20000 Global Rows | Total NNZ: 1000000
Ghost columns identified: 10000 total ghost values needed
Local vector initialized (size=10000 per process)
[RESULT] 1,2,1D,0,0.003565703,0.000278085,500000,10000,1000000
[RESULT] 1,2,1D,1,0.003183541,0.000200082,500000,10000,1000000
[RESULT] 1,2,1D,2,0.003089093,0.000221243,500000,10000,1000000
[RESULT] 1,2,1D,3,0.003370731,0.000165251,500000,10000,1000000
[RESULT] 1,2,1D,4,0.003317971,0.000154031,500000,10000,1000000
[RESULT] 1,2,1D,5,0.003089575,0.000204292,500000,10000,1000000
[RESULT] 1,2,1D,6,0.003330754,0.000159000,500000,10000,1000000
[RESULT] 1,2,1D,7,0.003223730,0.000181276,500000,10000,1000000
[RESULT] 1,2,1D,8,0.003278149,0.000230383,500000,10000,1000000
[RESULT] 1,2,1D,9,0.003158689,0.000140054,500000,10000,1000000
[RESULT] 0,2,1D,0,0.003372030,0.000277649,500000,10000,1000000
[RESULT] 0,2,1D,1,0.003128666,0.000202528,500000,10000,1000000
[RESULT] 0,2,1D,2,0.003222304,0.000225974,500000,10000,1000000
[RESULT] 0,2,1D,3,0.003284746,0.000160216,500000,10000,1000000
[RESULT] 0,2,1D,4,0.003204285,0.000154434,500000,10000,1000000
[RESULT] 0,2,1D,5,0.003213150,0.000205469,500000,10000,1000000
[RESULT] 0,2,1D,6,0.003340999,0.000157691,500000,10000,1000000
[RESULT] 0,2,1D,7,0.003151824,0.000180168,500000,10000,1000000
[RESULT] 0,2,1D,8,0.003370166,0.000213775,500000,10000,1000000
[RESULT] 0,2,1D,9,0.003428006,0.000140650,500000,10000,1000000

Benchmark Summary
Processes: 2
Distribution: 1D
Iterations: 10
Matrix NNZ: 1000000
Total execution time: 0.076 seconds
