Synthetic Matrix (Weak Scaling): Rows/proc=10000 | Total rows=20000 | NNZ/row=~50 | Procs=4
Dummy Matrix Generated: 40000 Global Rows | Total NNZ: 1999901
Ghost columns identified: 15000 total ghost values needed
Local vector initialized (size=10000 per process)
[RESULT] 1,4,2D,0,0.002630354,0.000055454,499972,15000,999944
[RESULT] 1,4,2D,1,0.002817850,0.000053207,499972,15000,999944
[RESULT] 1,4,2D,2,0.002803972,0.000041748,499972,15000,999944
[RESULT] 1,4,2D,3,0.002735486,0.000034829,499972,15000,999944
[RESULT] 1,4,2D,4,0.002772321,0.000053052,499972,15000,999944
[RESULT] 1,4,2D,5,0.002851101,0.000038292,499972,15000,999944
[RESULT] 1,4,2D,6,0.002730760,0.000032623,499972,15000,999944
[RESULT] 1,4,2D,7,0.002761664,0.000034396,499972,15000,999944
[RESULT] 1,4,2D,8,0.002220076,0.000035952,499972,15000,999944
[RESULT] 1,4,2D,9,0.002149200,0.000032020,499972,15000,999944
[RESULT] 3,4,2D,0,0.002880127,0.000055163,499978,15000,999956
[RESULT] 3,4,2D,1,0.002964527,0.000056793,499978,15000,999956
[RESULT] 3,4,2D,2,0.002748157,0.000035524,499978,15000,999956
[RESULT] 3,4,2D,3,0.002797277,0.000034470,499978,15000,999956
[RESULT] 3,4,2D,4,0.002667801,0.000059832,499978,15000,999956
[RESULT] 3,4,2D,5,0.002821452,0.000037549,499978,15000,999956
[RESULT] 3,4,2D,6,0.002771869,0.000040746,499978,15000,999956
[RESULT] 3,4,2D,7,0.002722086,0.000034288,499978,15000,999956
[RESULT] 3,4,2D,8,0.002296193,0.000032817,499978,15000,999956
[RESULT] 3,4,2D,9,0.002201957,0.000030430,499978,15000,999956
[RESULT] 0,4,2D,0,0.002154677,0.000040633,499977,15000,999954
[RESULT] 0,4,2D,1,0.002212436,0.000056558,499977,15000,999954
[RESULT] 0,4,2D,2,0.002169590,0.000036945,499977,15000,999954
[RESULT] 0,4,2D,3,0.002081201,0.000032541,499977,15000,999954
[RESULT] 0,4,2D,4,0.002068166,0.000045358,499977,15000,999954
[RESULT] 0,4,2D,5,0.002154625,0.000033399,499977,15000,999954
[RESULT] 0,4,2D,6,0.002299743,0.000040839,499977,15000,999954
[RESULT] 0,4,2D,7,0.002341151,0.000031201,499977,15000,999954
[RESULT] 0,4,2D,8,0.002216523,0.000029901,499977,15000,999954
[RESULT] 0,4,2D,9,0.002276507,0.000029305,499977,15000,999954

Benchmark Summary
Processes: 4
Distribution: 2D
Iterations: 10
Matrix NNZ: 1999901
Total execution time: 0.082 seconds
[RESULT] 2,4,2D,0,0.002097645,0.000055778,499974,15000,999948
[RESULT] 2,4,2D,1,0.002245252,0.000054957,499974,15000,999948
[RESULT] 2,4,2D,2,0.002154963,0.000041175,499974,15000,999948
[RESULT] 2,4,2D,3,0.002020458,0.000032873,499974,15000,999948
[RESULT] 2,4,2D,4,0.002028628,0.000050624,499974,15000,999948
[RESULT] 2,4,2D,5,0.002079513,0.000042226,499974,15000,999948
[RESULT] 2,4,2D,6,0.002033229,0.000035668,499974,15000,999948
[RESULT] 2,4,2D,7,0.002309263,0.000033398,499974,15000,999948
[RESULT] 2,4,2D,8,0.002229157,0.000034852,499974,15000,999948
[RESULT] 2,4,2D,9,0.002368034,0.000031026,499974,15000,999948
