Synthetic Matrix (Weak Scaling): Rows/proc=10000 | Total rows=10000 | NNZ/row=~50 | Procs=2
Dummy Matrix Generated: 20000 Global Rows | Total NNZ: 999895
Ghost columns identified: 5000 total ghost values needed
Local vector initialized (size=10000 per process)
[RESULT] 1,2,2D,0,0.003293485,0.000296266,499949,5000,999898
[RESULT] 1,2,2D,1,0.003398692,0.000333388,499949,5000,999898
[RESULT] 1,2,2D,2,0.003249250,0.000194612,499949,5000,999898
[RESULT] 1,2,2D,3,0.003192213,0.000284412,499949,5000,999898
[RESULT] 1,2,2D,4,0.003329733,0.000303679,499949,5000,999898
[RESULT] 1,2,2D,5,0.003417161,0.000327761,499949,5000,999898
[RESULT] 1,2,2D,6,0.003882534,0.000592395,499949,5000,999898
[RESULT] 1,2,2D,7,0.003705487,0.000373371,499949,5000,999898
[RESULT] 1,2,2D,8,0.003569096,0.000390969,499949,5000,999898
[RESULT] 1,2,2D,9,0.003336694,0.000320377,499949,5000,999898
[RESULT] 0,2,2D,0,0.003573510,0.000296163,499946,5000,999892
[RESULT] 0,2,2D,1,0.003380919,0.000332564,499946,5000,999892
[RESULT] 0,2,2D,2,0.003391066,0.000198994,499946,5000,999892
[RESULT] 0,2,2D,3,0.003280380,0.000292567,499946,5000,999892
[RESULT] 0,2,2D,4,0.003331080,0.000302335,499946,5000,999892
[RESULT] 0,2,2D,5,0.003238649,0.000327454,499946,5000,999892
[RESULT] 0,2,2D,6,0.003850965,0.000653976,499946,5000,999892
[RESULT] 0,2,2D,7,0.003510826,0.000374296,499946,5000,999892
[RESULT] 0,2,2D,8,0.003362728,0.000383592,499946,5000,999892
[RESULT] 0,2,2D,9,0.003427668,0.000320899,499946,5000,999892

Benchmark Summary
Processes: 2
Distribution: 2D
Iterations: 10
Matrix NNZ: 999895
Total execution time: 0.081 seconds
