Synthetic Matrix (Weak Scaling): Rows/proc=10000 | Total rows=20000 | NNZ/row=~50 | Procs=4
Dummy Matrix Generated: 40000 Global Rows | Total NNZ: 1999906
Ghost columns identified: 15000 total ghost values needed
Local vector initialized (size=10000 per process)
[RESULT] 0,4,2D_cyclic,0,0.049903094,0.032015496,499970,15000,999940
[RESULT] 0,4,2D_cyclic,1,0.049952863,0.032026336,499970,15000,999940
[RESULT] 0,4,2D_cyclic,2,0.049876965,0.032017436,499970,15000,999940
[RESULT] 0,4,2D_cyclic,3,0.049940897,0.032015348,499970,15000,999940
[RESULT] 0,4,2D_cyclic,4,0.046235754,0.032018145,499970,15000,999940
[RESULT] 0,4,2D_cyclic,5,0.049883205,0.032014772,499970,15000,999940
[RESULT] 0,4,2D_cyclic,6,0.049835386,0.032029507,499970,15000,999940
[RESULT] 0,4,2D_cyclic,7,0.049833503,0.032020436,499970,15000,999940
[RESULT] 0,4,2D_cyclic,8,0.050002695,0.032014860,499970,15000,999940
[RESULT] 0,4,2D_cyclic,9,0.049840915,0.032019111,499970,15000,999940

Benchmark Summary
Processes: 4
Distribution: 2D_cyclic
Iterations: 10
Matrix NNZ: 1999906
Total execution time: 0.954 seconds
[RESULT] 2,4,2D_cyclic,0,0.049755741,0.032020080,499976,15000,999952
[RESULT] 2,4,2D_cyclic,1,0.050284156,0.031991663,499976,15000,999952
[RESULT] 2,4,2D_cyclic,2,0.049948656,0.032018398,499976,15000,999952
[RESULT] 2,4,2D_cyclic,3,0.050746636,0.032009051,499976,15000,999952
[RESULT] 2,4,2D_cyclic,4,0.057858950,0.040051468,499976,15000,999952
[RESULT] 2,4,2D_cyclic,5,0.049765875,0.032042080,499976,15000,999952
[RESULT] 2,4,2D_cyclic,6,0.049748438,0.031994894,499976,15000,999952
[RESULT] 2,4,2D_cyclic,7,0.049776980,0.032026792,499976,15000,999952
[RESULT] 2,4,2D_cyclic,8,0.049849261,0.032016721,499976,15000,999952
[RESULT] 2,4,2D_cyclic,9,0.048021707,0.032169579,499976,15000,999952
[RESULT] 1,4,2D_cyclic,0,0.049778707,0.032017158,499982,15000,999964
[RESULT] 1,4,2D_cyclic,1,0.050024428,0.032013736,499982,15000,999964
[RESULT] 1,4,2D_cyclic,2,0.049928118,0.031939641,499982,15000,999964
[RESULT] 1,4,2D_cyclic,3,0.050883306,0.032017618,499982,15000,999964
[RESULT] 1,4,2D_cyclic,4,0.049842314,0.032020145,499982,15000,999964
[RESULT] 1,4,2D_cyclic,5,0.049779155,0.032025260,499982,15000,999964
[RESULT] 1,4,2D_cyclic,6,0.049750558,0.032005003,499982,15000,999964
[RESULT] 1,4,2D_cyclic,7,0.050427198,0.032003813,499982,15000,999964
[RESULT] 1,4,2D_cyclic,8,0.049851596,0.032023582,499982,15000,999964
[RESULT] 1,4,2D_cyclic,9,0.046462019,0.032014890,499982,15000,999964
[RESULT] 3,4,2D_cyclic,0,0.049841498,0.031994751,499978,15000,999956
[RESULT] 3,4,2D_cyclic,1,0.049859793,0.032007560,499978,15000,999956
[RESULT] 3,4,2D_cyclic,2,0.049891786,0.032000163,499978,15000,999956
[RESULT] 3,4,2D_cyclic,3,0.050032703,0.032001182,499978,15000,999956
[RESULT] 3,4,2D_cyclic,4,0.061895022,0.043969160,499978,15000,999956
[RESULT] 3,4,2D_cyclic,5,0.050167272,0.032001150,499978,15000,999956
[RESULT] 3,4,2D_cyclic,6,0.049855822,0.031998105,499978,15000,999956
[RESULT] 3,4,2D_cyclic,7,0.049854154,0.031996086,499978,15000,999956
[RESULT] 3,4,2D_cyclic,8,0.049964386,0.032144178,499978,15000,999956
[RESULT] 3,4,2D_cyclic,9,0.044786304,0.031983511,499978,15000,999956
