Synthetic Matrix (Weak Scaling): Rows/proc=10000 | Total rows=40000 | NNZ/row=~50 | Procs=4
Dummy Matrix Generated: 40000 Global Rows | Total NNZ: 2000000
Ghost columns identified: 30000 total ghost values needed
Local vector initialized (size=10000 per process)
[RESULT] 0,4,0,0.002286539,0.000215596,500000,30000,1000000
[RESULT] 0,4,1,0.002209546,0.000087708,500000,30000,1000000
[RESULT] 0,4,2,0.001937956,0.000039253,500000,30000,1000000
[RESULT] 0,4,3,0.002067794,0.000045288,500000,30000,1000000
[RESULT] 0,4,4,0.002128686,0.000068421,500000,30000,1000000
[RESULT] 0,4,5,0.001980990,0.000112257,500000,30000,1000000
[RESULT] 0,4,6,0.001981095,0.000052787,500000,30000,1000000
[RESULT] 0,4,7,0.002034193,0.000057162,500000,30000,1000000
[RESULT] 0,4,8,0.002142555,0.000045905,500000,30000,1000000
[RESULT] 0,4,9,0.002107556,0.000049114,500000,30000,1000000

Benchmark Summary
Processes: 4
Iterations: 10
Matrix NNZ: 2000000
Total execution time: 0.064 seconds
[RESULT] 1,4,0,0.002199033,0.000221197,500000,29999,1000000
[RESULT] 1,4,1,0.002279801,0.000104968,500000,29999,1000000
[RESULT] 1,4,2,0.001988377,0.000038218,500000,29999,1000000
[RESULT] 1,4,3,0.002119448,0.000054895,500000,29999,1000000
[RESULT] 1,4,4,0.002236452,0.000077416,500000,29999,1000000
[RESULT] 1,4,5,0.002183974,0.000117564,500000,29999,1000000
[RESULT] 1,4,6,0.002490427,0.000057001,500000,29999,1000000
[RESULT] 1,4,7,0.002048707,0.000063518,500000,29999,1000000
[RESULT] 1,4,8,0.001974336,0.000041872,500000,29999,1000000
[RESULT] 1,4,9,0.001980102,0.000051371,500000,29999,1000000
[RESULT] 3,4,0,0.002320037,0.000207215,500000,30000,1000000
[RESULT] 3,4,1,0.002068404,0.000089529,500000,30000,1000000
[RESULT] 3,4,2,0.002027327,0.000039680,500000,30000,1000000
[RESULT] 3,4,3,0.001961302,0.000058170,500000,30000,1000000
[RESULT] 3,4,4,0.002040673,0.000093645,500000,30000,1000000
[RESULT] 3,4,5,0.002030130,0.000120939,500000,30000,1000000
[RESULT] 3,4,6,0.002255453,0.000049536,500000,30000,1000000
[RESULT] 3,4,7,0.001991299,0.000062561,500000,30000,1000000
[RESULT] 3,4,8,0.001947396,0.000044660,500000,30000,1000000
[RESULT] 3,4,9,0.002161059,0.000051125,500000,30000,1000000
[RESULT] 2,4,0,0.002240020,0.000221114,500000,30000,1000000
[RESULT] 2,4,1,0.002128122,0.000105805,500000,30000,1000000
[RESULT] 2,4,2,0.001947005,0.000043006,500000,30000,1000000
[RESULT] 2,4,3,0.001945438,0.000057927,500000,30000,1000000
[RESULT] 2,4,4,0.001988765,0.000084656,500000,30000,1000000
[RESULT] 2,4,5,0.001967774,0.000112989,500000,30000,1000000
[RESULT] 2,4,6,0.002011305,0.000053923,500000,30000,1000000
[RESULT] 2,4,7,0.001957672,0.000061840,500000,30000,1000000
[RESULT] 2,4,8,0.002008870,0.000041308,500000,30000,1000000
[RESULT] 2,4,9,0.002221831,0.000048880,500000,30000,1000000
