Synthetic Matrix (Weak Scaling): Rows/proc=10000 | Total rows=20000 | NNZ/row=~50 | Procs=2
Dummy Matrix Generated: 20000 Global Rows | Total NNZ: 1000000
Ghost columns identified: 10000 total ghost values needed
Local vector initialized (size=10000 per process)
[RESULT] 0,2,0,0.003036229,0.000185382,500000,10000,1000000
[RESULT] 0,2,1,0.002941411,0.000156385,500000,10000,1000000
[RESULT] 0,2,2,0.003113771,0.000176349,500000,10000,1000000
[RESULT] 0,2,3,0.002869637,0.000195203,500000,10000,1000000
[RESULT] 0,2,4,0.002978111,0.000190234,500000,10000,1000000
[RESULT] 0,2,5,0.002894881,0.000239996,500000,10000,1000000
[RESULT] 0,2,6,0.003030350,0.000209286,500000,10000,1000000
[RESULT] 0,2,7,0.002992095,0.000161400,500000,10000,1000000
[RESULT] 0,2,8,0.003037935,0.000149364,500000,10000,1000000
[RESULT] 0,2,9,0.002849496,0.000141154,500000,10000,1000000

Benchmark Summary
Processes: 2
Iterations: 10
Matrix NNZ: 1000000
Total execution time: 0.081 seconds
[RESULT] 1,2,0,0.003176257,0.000185924,500000,10000,1000000
[RESULT] 1,2,1,0.003074828,0.000156976,500000,10000,1000000
[RESULT] 1,2,2,0.002882962,0.000171313,500000,10000,1000000
[RESULT] 1,2,3,0.003240299,0.000196308,500000,10000,1000000
[RESULT] 1,2,4,0.003192935,0.000189251,500000,10000,1000000
[RESULT] 1,2,5,0.003098205,0.000240024,500000,10000,1000000
[RESULT] 1,2,6,0.003065249,0.000209194,500000,10000,1000000
[RESULT] 1,2,7,0.002839031,0.000160735,500000,10000,1000000
[RESULT] 1,2,8,0.002953669,0.000149480,500000,10000,1000000
[RESULT] 1,2,9,0.003175382,0.000142832,500000,10000,1000000
