Synthetic Matrix (Weak Scaling): Rows/proc=10000 | Total rows=20000 | NNZ/row=~50 | Procs=8
Dummy Matrix Generated: 80000 Global Rows | Total NNZ: 3999788
Ghost columns identified: 17500 total ghost values needed
Local vector initialized (size=10000 per process)
[RESULT] 3,8,2D_cyclic,0,0.113207326,0.079982829,499974,17500,999948
[RESULT] 3,8,2D_cyclic,1,0.129261581,0.096004334,499974,17500,999948
[RESULT] 3,8,2D_cyclic,2,0.129353651,0.095999359,499974,17500,999948
[RESULT] 3,8,2D_cyclic,3,0.097393602,0.064024518,499974,17500,999948
[RESULT] 3,8,2D_cyclic,4,0.097255210,0.064029474,499974,17500,999948
[RESULT] 3,8,2D_cyclic,5,0.097218705,0.064012581,499974,17500,999948
[RESULT] 3,8,2D_cyclic,6,0.097321373,0.064021078,499974,17500,999948
[RESULT] 3,8,2D_cyclic,7,0.097248582,0.064025355,499974,17500,999948
[RESULT] 3,8,2D_cyclic,8,0.097247877,0.064017420,499974,17500,999948
[RESULT] 3,8,2D_cyclic,9,0.097317598,0.064028502,499974,17500,999948
[RESULT] 5,8,2D_cyclic,0,0.137248636,0.104000727,499967,17500,999934
[RESULT] 5,8,2D_cyclic,1,0.065290756,0.064007821,499967,17500,999934
[RESULT] 5,8,2D_cyclic,2,0.129253186,0.096008844,499967,17500,999934
[RESULT] 5,8,2D_cyclic,3,0.097262809,0.064033904,499967,17500,999934
[RESULT] 5,8,2D_cyclic,4,0.097564986,0.064019183,499967,17500,999934
[RESULT] 5,8,2D_cyclic,5,0.129269043,0.064024480,499967,17500,999934
[RESULT] 5,8,2D_cyclic,6,0.097308846,0.064017713,499967,17500,999934
[RESULT] 5,8,2D_cyclic,7,0.097240413,0.064009767,499967,17500,999934
[RESULT] 5,8,2D_cyclic,8,0.097267429,0.064008249,499967,17500,999934
[RESULT] 5,8,2D_cyclic,9,0.095024772,0.064031854,499967,17500,999934
[RESULT] 6,8,2D_cyclic,0,0.065218579,0.031996234,499980,17500,999960
[RESULT] 6,8,2D_cyclic,1,0.129404368,0.096011593,499980,17500,999960
[RESULT] 6,8,2D_cyclic,2,0.097231674,0.064007331,499980,17500,999960
[RESULT] 6,8,2D_cyclic,3,0.097249657,0.064019146,499980,17500,999960
[RESULT] 6,8,2D_cyclic,4,0.097234754,0.064033471,499980,17500,999960
[RESULT] 6,8,2D_cyclic,5,0.097367245,0.064007882,499980,17500,999960
[RESULT] 6,8,2D_cyclic,6,0.097272148,0.064024240,499980,17500,999960
[RESULT] 6,8,2D_cyclic,7,0.097231262,0.064006609,499980,17500,999960
[RESULT] 6,8,2D_cyclic,8,0.097236999,0.064049951,499980,17500,999960
[RESULT] 6,8,2D_cyclic,9,0.092617385,0.064002089,499980,17500,999960
[RESULT] 2,8,2D_cyclic,0,0.097249330,0.063995897,499981,17500,999962
[RESULT] 2,8,2D_cyclic,1,0.129242689,0.096009647,499981,17500,999962
[RESULT] 2,8,2D_cyclic,2,0.097323920,0.064028985,499981,17500,999962
[RESULT] 2,8,2D_cyclic,3,0.097277160,0.064016835,499981,17500,999962
[RESULT] 2,8,2D_cyclic,4,0.093397642,0.092105915,499981,17500,999962
[RESULT] 2,8,2D_cyclic,5,0.129258442,0.096026507,499981,17500,999962
[RESULT] 2,8,2D_cyclic,6,0.097317719,0.064012050,499981,17500,999962
[RESULT] 2,8,2D_cyclic,7,0.129252528,0.096004403,499981,17500,999962
[RESULT] 2,8,2D_cyclic,8,0.129262631,0.096011684,499981,17500,999962
[RESULT] 2,8,2D_cyclic,9,0.122316081,0.096003346,499981,17500,999962
[RESULT] 1,8,2D_cyclic,0,0.081376141,0.080026106,499970,17500,999940
[RESULT] 1,8,2D_cyclic,1,0.161285256,0.096004470,499970,17500,999940
[RESULT] 1,8,2D_cyclic,2,0.127937425,0.094701893,499970,17500,999940
[RESULT] 1,8,2D_cyclic,3,0.097234440,0.064019606,499970,17500,999940
[RESULT] 1,8,2D_cyclic,4,0.129221980,0.096068549,499970,17500,999940
[RESULT] 1,8,2D_cyclic,5,0.129269924,0.096005145,499970,17500,999940
[RESULT] 1,8,2D_cyclic,6,0.129244735,0.096009349,499970,17500,999940
[RESULT] 1,8,2D_cyclic,7,0.129231781,0.095997750,499970,17500,999940
[RESULT] 1,8,2D_cyclic,8,0.129225098,0.096007302,499970,17500,999940
[RESULT] 1,8,2D_cyclic,9,0.117288158,0.095993857,499970,17500,999940
[RESULT] 7,8,2D_cyclic,0,0.151725329,0.118460452,499974,17500,999948
[RESULT] 7,8,2D_cyclic,1,0.129249781,0.096026359,499974,17500,999948
[RESULT] 7,8,2D_cyclic,2,0.065289721,0.064021221,499974,17500,999948
[RESULT] 7,8,2D_cyclic,3,0.097257233,0.064016902,499974,17500,999948
[RESULT] 7,8,2D_cyclic,4,0.101236145,0.068006824,499974,17500,999948
[RESULT] 7,8,2D_cyclic,5,0.097244973,0.064014646,499974,17500,999948
[RESULT] 7,8,2D_cyclic,6,0.097293052,0.063981761,499974,17500,999948
[RESULT] 7,8,2D_cyclic,7,0.097259120,0.064003340,499974,17500,999948
[RESULT] 7,8,2D_cyclic,8,0.097251128,0.064028137,499974,17500,999948
[RESULT] 7,8,2D_cyclic,9,0.089778425,0.064010880,499974,17500,999948
[RESULT] 0,8,2D_cyclic,0,0.097315117,0.064033355,499970,17500,999940
[RESULT] 0,8,2D_cyclic,1,0.097329938,0.064010602,499970,17500,999940
[RESULT] 0,8,2D_cyclic,2,0.097234360,0.064007854,499970,17500,999940
[RESULT] 0,8,2D_cyclic,3,0.097260085,0.063998674,499970,17500,999940
[RESULT] 0,8,2D_cyclic,4,0.097241701,0.064010030,499970,17500,999940
[RESULT] 0,8,2D_cyclic,5,0.097625636,0.064010971,499970,17500,999940
[RESULT] 0,8,2D_cyclic,6,0.097276673,0.064015969,499970,17500,999940
[RESULT] 0,8,2D_cyclic,7,0.097312008,0.063983895,499970,17500,999940
[RESULT] 0,8,2D_cyclic,8,0.097265476,0.064015984,499970,17500,999940
[RESULT] 0,8,2D_cyclic,9,0.085395322,0.064002161,499970,17500,999940

Benchmark Summary
Processes: 8
Distribution: 2D_cyclic
Iterations: 10
Matrix NNZ: 3999788
Total execution time: 2.385 seconds
[RESULT] 4,8,2D_cyclic,0,0.113282291,0.080008619,499972,17500,999944
[RESULT] 4,8,2D_cyclic,1,0.097232662,0.064064188,499972,17500,999944
[RESULT] 4,8,2D_cyclic,2,0.129215633,0.095997369,499972,17500,999944
[RESULT] 4,8,2D_cyclic,3,0.097300842,0.064038373,499972,17500,999944
[RESULT] 4,8,2D_cyclic,4,0.097233070,0.064037311,499972,17500,999944
[RESULT] 4,8,2D_cyclic,5,0.097240848,0.064049836,499972,17500,999944
[RESULT] 4,8,2D_cyclic,6,0.097246692,0.064023745,499972,17500,999944
[RESULT] 4,8,2D_cyclic,7,0.097428846,0.064023211,499972,17500,999944
[RESULT] 4,8,2D_cyclic,8,0.097235476,0.064025612,499972,17500,999944
[RESULT] 4,8,2D_cyclic,9,0.114116111,0.096002426,499972,17500,999944
