Synthetic Matrix (Weak Scaling): Rows/proc=10000 | Total rows=20000 | NNZ/row=~50 | Procs=2
Dummy Matrix Generated: 20000 Global Rows | Total NNZ: 1000000
Ghost columns identified: 10000 total ghost values needed
Local vector initialized (size=10000 per process)
[RESULT] 0,2,1D,0,0.003058935,0.000018552,500000,10000,1000000
[RESULT] 0,2,1D,1,0.003099258,0.000036669,500000,10000,1000000
[RESULT] 0,2,1D,2,0.003038106,0.000046114,500000,10000,1000000
[RESULT] 0,2,1D,3,0.003067117,0.000017028,500000,10000,1000000
[RESULT] 0,2,1D,4,0.002952441,0.000024930,500000,10000,1000000
[RESULT] 0,2,1D,5,0.003001901,0.000012666,500000,10000,1000000
[RESULT] 0,2,1D,6,0.003058703,0.000012057,500000,10000,1000000
[RESULT] 0,2,1D,7,0.003138121,0.000024613,500000,10000,1000000
[RESULT] 0,2,1D,8,0.003121155,0.000031012,500000,10000,1000000
[RESULT] 0,2,1D,9,0.003090226,0.000021124,500000,10000,1000000

Benchmark Summary
Processes: 2
Distribution: 1D
Iterations: 10
Matrix NNZ: 1000000
Total execution time: 0.076 seconds
[RESULT] 1,2,1D,0,0.003174776,0.000018491,500000,10000,1000000
[RESULT] 1,2,1D,1,0.003490402,0.000036270,500000,10000,1000000
[RESULT] 1,2,1D,2,0.003136607,0.000038750,500000,10000,1000000
[RESULT] 1,2,1D,3,0.003135758,0.000017145,500000,10000,1000000
[RESULT] 1,2,1D,4,0.003198525,0.000024918,500000,10000,1000000
[RESULT] 1,2,1D,5,0.003233492,0.000013012,500000,10000,1000000
[RESULT] 1,2,1D,6,0.003743770,0.000011921,500000,10000,1000000
[RESULT] 1,2,1D,7,0.003187153,0.000025237,500000,10000,1000000
[RESULT] 1,2,1D,8,0.003518177,0.000030258,500000,10000,1000000
[RESULT] 1,2,1D,9,0.003247357,0.000020856,500000,10000,1000000
