Synthetic Matrix (Weak Scaling): Rows/proc=10000 | Total rows=40000 | NNZ/row=~50 | Procs=4
Dummy Matrix Generated: 40000 Global Rows | Total NNZ: 2000000
Ghost columns identified: 30000 total ghost values needed
Local vector initialized (size=10000 per process)
[RESULT] 0,4,1D,0,0.003241097,0.000178672,500000,30000,1000000
[RESULT] 0,4,1D,1,0.002236499,0.000103940,500000,30000,1000000
[RESULT] 0,4,1D,2,0.002497966,0.000055212,500000,30000,1000000
[RESULT] 0,4,1D,3,0.002262513,0.000041142,500000,30000,1000000
[RESULT] 0,4,1D,4,0.002343121,0.000045044,500000,30000,1000000
[RESULT] 0,4,1D,5,0.002140428,0.000070137,500000,30000,1000000
[RESULT] 0,4,1D,6,0.002175946,0.000042468,500000,30000,1000000
[RESULT] 0,4,1D,7,0.002335984,0.000052963,500000,30000,1000000
[RESULT] 0,4,1D,8,0.002136425,0.000045683,500000,30000,1000000
[RESULT] 0,4,1D,9,0.002164977,0.000043816,500000,30000,1000000

Benchmark Summary
Processes: 4
Distribution: 1D
Iterations: 10
Matrix NNZ: 2000000
Total execution time: 0.064 seconds
[RESULT] 1,4,1D,0,0.002740006,0.000181989,500000,29999,1000000
[RESULT] 1,4,1D,1,0.002763983,0.000094135,500000,29999,1000000
[RESULT] 1,4,1D,2,0.002394421,0.000068729,500000,29999,1000000
[RESULT] 1,4,1D,3,0.002258918,0.000047874,500000,29999,1000000
[RESULT] 1,4,1D,4,0.002440473,0.000069631,500000,29999,1000000
[RESULT] 1,4,1D,5,0.002208948,0.000075388,500000,29999,1000000
[RESULT] 1,4,1D,6,0.002109181,0.000049289,500000,29999,1000000
[RESULT] 1,4,1D,7,0.002340286,0.000058848,500000,29999,1000000
[RESULT] 1,4,1D,8,0.002157610,0.000048608,500000,29999,1000000
[RESULT] 1,4,1D,9,0.002300395,0.000055805,500000,29999,1000000
[RESULT] 3,4,1D,0,0.002407242,0.000183553,500000,30000,1000000
[RESULT] 3,4,1D,1,0.002331796,0.000101879,500000,30000,1000000
[RESULT] 3,4,1D,2,0.002311557,0.000065871,500000,30000,1000000
[RESULT] 3,4,1D,3,0.002210903,0.000047432,500000,30000,1000000
[RESULT] 3,4,1D,4,0.002694654,0.000057428,500000,30000,1000000
[RESULT] 3,4,1D,5,0.002421319,0.000070524,500000,30000,1000000
[RESULT] 3,4,1D,6,0.002155604,0.000048420,500000,30000,1000000
[RESULT] 3,4,1D,7,0.002602172,0.000053390,500000,30000,1000000
[RESULT] 3,4,1D,8,0.002272642,0.000046274,500000,30000,1000000
[RESULT] 3,4,1D,9,0.002416548,0.000048778,500000,30000,1000000
[RESULT] 2,4,1D,0,0.002321041,0.000181605,500000,30000,1000000
[RESULT] 2,4,1D,1,0.002289825,0.000072950,500000,30000,1000000
[RESULT] 2,4,1D,2,0.002320965,0.000068827,500000,30000,1000000
[RESULT] 2,4,1D,3,0.002150493,0.000042530,500000,30000,1000000
[RESULT] 2,4,1D,4,0.002765758,0.000067910,500000,30000,1000000
[RESULT] 2,4,1D,5,0.002448455,0.000078208,500000,30000,1000000
[RESULT] 2,4,1D,6,0.002307416,0.000043722,500000,30000,1000000
[RESULT] 2,4,1D,7,0.002311909,0.000058305,500000,30000,1000000
[RESULT] 2,4,1D,8,0.002306166,0.000048137,500000,30000,1000000
[RESULT] 2,4,1D,9,0.002433342,0.000056186,500000,30000,1000000
