Synthetic Matrix (Weak Scaling): Rows/proc=10000 | Total rows=20000 | NNZ/row=~50 | Procs=4
Dummy Matrix Generated: 40000 Global Rows | Total NNZ: 1999911
Ghost columns identified: 15000 total ghost values needed
Local vector initialized (size=10000 per process)
[RESULT] 0,4,2D,0,0.049894258,0.032033803,499976,15000,999952
[RESULT] 0,4,2D,1,0.049867000,0.032026629,499976,15000,999952
[RESULT] 0,4,2D,2,0.049980662,0.032073662,499976,15000,999952
[RESULT] 0,4,2D,3,0.049993935,0.032020401,499976,15000,999952
[RESULT] 0,4,2D,4,0.050043487,0.032062523,499976,15000,999952
[RESULT] 0,4,2D,5,0.049981557,0.032011911,499976,15000,999952
[RESULT] 0,4,2D,6,0.049839089,0.032013181,499976,15000,999952
[RESULT] 0,4,2D,7,0.049837162,0.032006844,499976,15000,999952
[RESULT] 0,4,2D,8,0.064230881,0.032019950,499976,15000,999952
[RESULT] 0,4,2D,9,0.049687692,0.031773586,499976,15000,999952

Benchmark Summary
Processes: 4
Distribution: 2D
Iterations: 10
Matrix NNZ: 1999911
Total execution time: 0.946 seconds
[RESULT] 2,4,2D,0,0.049944882,0.032014848,499978,15000,999956
[RESULT] 2,4,2D,1,0.049838976,0.032015464,499978,15000,999956
[RESULT] 2,4,2D,2,0.049911848,0.032041654,499978,15000,999956
[RESULT] 2,4,2D,3,0.049914300,0.032017249,499978,15000,999956
[RESULT] 2,4,2D,4,0.050175839,0.032047511,499978,15000,999956
[RESULT] 2,4,2D,5,0.049905569,0.032017778,499978,15000,999956
[RESULT] 2,4,2D,6,0.049912623,0.032021283,499978,15000,999956
[RESULT] 2,4,2D,7,0.049803092,0.032016260,499978,15000,999956
[RESULT] 2,4,2D,8,0.049998602,0.032015240,499978,15000,999956
[RESULT] 2,4,2D,9,0.048217881,0.032028581,499978,15000,999956
[RESULT] 1,4,2D,0,0.050047233,0.032000534,499976,15000,999952
[RESULT] 1,4,2D,1,0.049818975,0.032007467,499976,15000,999952
[RESULT] 1,4,2D,2,0.049910450,0.032018479,499976,15000,999952
[RESULT] 1,4,2D,3,0.049898394,0.032009855,499976,15000,999952
[RESULT] 1,4,2D,4,0.050091993,0.032009528,499976,15000,999952
[RESULT] 1,4,2D,5,0.051150693,0.032018011,499976,15000,999952
[RESULT] 1,4,2D,6,0.049769871,0.032018464,499976,15000,999952
[RESULT] 1,4,2D,7,0.049800223,0.032020559,499976,15000,999952
[RESULT] 1,4,2D,8,0.049886913,0.032017127,499976,15000,999952
[RESULT] 1,4,2D,9,0.046629850,0.032003949,499976,15000,999952
[RESULT] 3,4,2D,0,0.049823592,0.031996471,499981,15000,999962
[RESULT] 3,4,2D,1,0.049844001,0.032003448,499981,15000,999962
[RESULT] 3,4,2D,2,0.049917125,0.031997310,499981,15000,999962
[RESULT] 3,4,2D,3,0.049943793,0.032017714,499981,15000,999962
[RESULT] 3,4,2D,4,0.050019468,0.032005197,499981,15000,999962
[RESULT] 3,4,2D,5,0.049929926,0.032006000,499981,15000,999962
[RESULT] 3,4,2D,6,0.049830103,0.032002543,499981,15000,999962
[RESULT] 3,4,2D,7,0.049811880,0.032001713,499981,15000,999962
[RESULT] 3,4,2D,8,0.049898015,0.032033281,499981,15000,999962
[RESULT] 3,4,2D,9,0.046127958,0.032001168,499981,15000,999962
