Synthetic Matrix (Weak Scaling): Rows/proc=10000 | Total rows=10000 | NNZ/row=~50 | Procs=2
Dummy Matrix Generated: 20000 Global Rows | Total NNZ: 999907
Ghost columns identified: 5000 total ghost values needed
Local vector initialized (size=10000 per process)
[RESULT] 1,2,2D_cyclic,0,0.003258841,0.000212993,499961,5000,999922
[RESULT] 1,2,2D_cyclic,1,0.003099731,0.000160744,499961,5000,999922
[RESULT] 1,2,2D_cyclic,2,0.003291344,0.000270660,499961,5000,999922
[RESULT] 1,2,2D_cyclic,3,0.002972321,0.000131336,499961,5000,999922
[RESULT] 1,2,2D_cyclic,4,0.002909274,0.000135590,499961,5000,999922
[RESULT] 1,2,2D_cyclic,5,0.003137195,0.000166611,499961,5000,999922
[RESULT] 1,2,2D_cyclic,6,0.003221321,0.000247599,499961,5000,999922
[RESULT] 1,2,2D_cyclic,7,0.003091712,0.000243944,499961,5000,999922
[RESULT] 1,2,2D_cyclic,8,0.003273693,0.000188993,499961,5000,999922
[RESULT] 1,2,2D_cyclic,9,0.003055363,0.000231243,499961,5000,999922
[RESULT] 0,2,2D_cyclic,0,0.003117020,0.000214002,499946,5000,999892
[RESULT] 0,2,2D_cyclic,1,0.003061719,0.000162738,499946,5000,999892
[RESULT] 0,2,2D_cyclic,2,0.003421130,0.000278147,499946,5000,999892
[RESULT] 0,2,2D_cyclic,3,0.003188628,0.000130472,499946,5000,999892
[RESULT] 0,2,2D_cyclic,4,0.002998676,0.000135187,499946,5000,999892
[RESULT] 0,2,2D_cyclic,5,0.003009810,0.000166359,499946,5000,999892
[RESULT] 0,2,2D_cyclic,6,0.003432138,0.000244476,499946,5000,999892
[RESULT] 0,2,2D_cyclic,7,0.003163573,0.000243732,499946,5000,999892
[RESULT] 0,2,2D_cyclic,8,0.003216604,0.000189330,499946,5000,999892
[RESULT] 0,2,2D_cyclic,9,0.003127757,0.000231463,499946,5000,999892

Benchmark Summary
Processes: 2
Distribution: 2D_cyclic
Iterations: 10
Matrix NNZ: 999907
Total execution time: 0.077 seconds
