Synthetic Matrix (Weak Scaling): Rows/proc=10000 | Total rows=80000 | NNZ/row=~50 | Procs=8
Dummy Matrix Generated: 80000 Global Rows | Total NNZ: 4000000
Ghost columns identified: 69858 total ghost values needed
Local vector initialized (size=10000 per process)
[RESULT] 6,8,1D,0,0.004105096,0.001107897,500000,69872,1000000
[RESULT] 6,8,1D,1,0.002910637,0.000369953,500000,69872,1000000
[RESULT] 6,8,1D,2,0.002539436,0.000590687,500000,69872,1000000
[RESULT] 6,8,1D,3,0.002494477,0.000228638,500000,69872,1000000
[RESULT] 6,8,1D,4,0.002405438,0.000267585,500000,69872,1000000
[RESULT] 6,8,1D,5,0.002377298,0.000676820,500000,69872,1000000
[RESULT] 6,8,1D,6,0.001866635,0.000324652,500000,69872,1000000
[RESULT] 6,8,1D,7,0.001861233,0.000311245,500000,69872,1000000
[RESULT] 6,8,1D,8,0.001778986,0.000243192,500000,69872,1000000
[RESULT] 6,8,1D,9,0.001761907,0.000162020,500000,69872,1000000
[RESULT] 7,8,1D,0,0.002625736,0.001055742,500000,69849,1000000
[RESULT] 7,8,1D,1,0.001801788,0.000224550,500000,69849,1000000
[RESULT] 7,8,1D,2,0.002100352,0.000497511,500000,69849,1000000
[RESULT] 7,8,1D,3,0.001779586,0.000254706,500000,69849,1000000
[RESULT] 7,8,1D,4,0.001903915,0.000212091,500000,69849,1000000
[RESULT] 7,8,1D,5,0.002265355,0.000549099,500000,69849,1000000
[RESULT] 7,8,1D,6,0.002689572,0.000335443,500000,69849,1000000
[RESULT] 7,8,1D,7,0.001948097,0.000291151,500000,69849,1000000
[RESULT] 7,8,1D,8,0.001771013,0.000204236,500000,69849,1000000
[RESULT] 7,8,1D,9,0.001708055,0.000157880,500000,69849,1000000
[RESULT] 2,8,1D,0,0.002796933,0.001089688,500000,69868,1000000
[RESULT] 2,8,1D,1,0.002336601,0.000263560,500000,69868,1000000
[RESULT] 2,8,1D,2,0.002209336,0.000554273,500000,69868,1000000
[RESULT] 2,8,1D,3,0.001745035,0.000196875,500000,69868,1000000
[RESULT] 2,8,1D,4,0.001792359,0.000219219,500000,69868,1000000
[RESULT] 2,8,1D,5,0.002427384,0.000668794,500000,69868,1000000
[RESULT] 2,8,1D,6,0.001795987,0.000284729,500000,69868,1000000
[RESULT] 2,8,1D,7,0.003185306,0.000249170,500000,69868,1000000
[RESULT] 2,8,1D,8,0.001798275,0.000231390,500000,69868,1000000
[RESULT] 2,8,1D,9,0.001792402,0.000149104,500000,69868,1000000
[RESULT] 5,8,1D,0,0.002737287,0.001100789,500000,69888,1000000
[RESULT] 5,8,1D,1,0.002053246,0.000236671,500000,69888,1000000
[RESULT] 5,8,1D,2,0.003256021,0.000467765,500000,69888,1000000
[RESULT] 5,8,1D,3,0.002942076,0.000209443,500000,69888,1000000
[RESULT] 5,8,1D,4,0.002358140,0.000264537,500000,69888,1000000
[RESULT] 5,8,1D,5,0.002351870,0.000708108,500000,69888,1000000
[RESULT] 5,8,1D,6,0.001975725,0.000282159,500000,69888,1000000
[RESULT] 5,8,1D,7,0.002110398,0.000278286,500000,69888,1000000
[RESULT] 5,8,1D,8,0.002441332,0.000262611,500000,69888,1000000
[RESULT] 5,8,1D,9,0.002120807,0.000202570,500000,69888,1000000
[RESULT] 1,8,1D,0,0.003097209,0.001114051,500000,69840,1000000
[RESULT] 1,8,1D,1,0.001800949,0.000224560,500000,69840,1000000
[RESULT] 1,8,1D,2,0.002678279,0.000514356,500000,69840,1000000
[RESULT] 1,8,1D,3,0.002122148,0.000254556,500000,69840,1000000
[RESULT] 1,8,1D,4,0.001879698,0.000227966,500000,69840,1000000
[RESULT] 1,8,1D,5,0.002129448,0.000513391,500000,69840,1000000
[RESULT] 1,8,1D,6,0.002070736,0.000336875,500000,69840,1000000
[RESULT] 1,8,1D,7,0.003442955,0.000254708,500000,69840,1000000
[RESULT] 1,8,1D,8,0.003032259,0.000206268,500000,69840,1000000
[RESULT] 1,8,1D,9,0.002081616,0.000169709,500000,69840,1000000
[RESULT] 0,8,1D,0,0.003694540,0.001121884,500000,69858,1000000
[RESULT] 0,8,1D,1,0.003063981,0.000270169,500000,69858,1000000
[RESULT] 0,8,1D,2,0.003405338,0.000523497,500000,69858,1000000
[RESULT] 0,8,1D,3,0.001739156,0.000195254,500000,69858,1000000
[RESULT] 0,8,1D,4,0.003150020,0.000242853,500000,69858,1000000
[RESULT] 0,8,1D,5,0.003483080,0.000695116,500000,69858,1000000
[RESULT] 0,8,1D,6,0.003099334,0.000343247,500000,69858,1000000
[RESULT] 0,8,1D,7,0.002639540,0.000332505,500000,69858,1000000
[RESULT] 0,8,1D,8,0.001869745,0.000257012,500000,69858,1000000
[RESULT] 0,8,1D,9,0.002456494,0.000174211,500000,69858,1000000

Benchmark Summary
Processes: 8
Distribution: 1D
Iterations: 10
Matrix NNZ: 4000000
Total execution time: 0.090 seconds
[RESULT] 3,8,1D,0,0.003320187,0.001136526,500000,69856,1000000
[RESULT] 3,8,1D,1,0.001918191,0.000258434,500000,69856,1000000
[RESULT] 3,8,1D,2,0.002072056,0.000447157,500000,69856,1000000
[RESULT] 3,8,1D,3,0.001688835,0.000176927,500000,69856,1000000
[RESULT] 3,8,1D,4,0.002502490,0.000250435,500000,69856,1000000
[RESULT] 3,8,1D,5,0.003477402,0.000698684,500000,69856,1000000
[RESULT] 3,8,1D,6,0.002219021,0.000346974,500000,69856,1000000
[RESULT] 3,8,1D,7,0.003297214,0.000332511,500000,69856,1000000
[RESULT] 3,8,1D,8,0.001903081,0.000262742,500000,69856,1000000
[RESULT] 3,8,1D,9,0.002856493,0.000204667,500000,69856,1000000
[RESULT] 4,8,1D,0,0.002723628,0.001124498,500000,69862,1000000
[RESULT] 4,8,1D,1,0.003191834,0.000360564,500000,69862,1000000
[RESULT] 4,8,1D,2,0.003444897,0.000533389,500000,69862,1000000
[RESULT] 4,8,1D,3,0.002911578,0.000217717,500000,69862,1000000
[RESULT] 4,8,1D,4,0.003093130,0.000212679,500000,69862,1000000
[RESULT] 4,8,1D,5,0.002301960,0.000619585,500000,69862,1000000
[RESULT] 4,8,1D,6,0.001893505,0.000317568,500000,69862,1000000
[RESULT] 4,8,1D,7,0.003106783,0.000265355,500000,69862,1000000
[RESULT] 4,8,1D,8,0.003122844,0.000223762,500000,69862,1000000
[RESULT] 4,8,1D,9,0.002881762,0.000190175,500000,69862,1000000
