Retrieving the matrix from '../matrices/flowmeter0.mtx'...
%%MatrixMarket matrix coordinate real symmetric
9669 9669 38530
Real Matrix: Rows=9669 | Cols=9669 | NNZ=38530 | Procs=32 | Distribution=2D_cyclic
2D Process Grid (Cyclic): 4 x 8
Rank 1: Grid pos (0,1) | Local rows: 2418 | Local NNZ: 876
Rank 3: Grid pos (0,3) | Local rows: 2418 | Local NNZ: 905
Rank 16: Grid pos (2,0) | Local rows: 2417 | Local NNZ: 898
Rank 5: Grid pos (0,5) | Local rows: 2418 | Local NNZ: 888
Rank 0: Grid pos (0,0) | Local rows: 2418 | Local NNZ: 2101
Applied 2Dcyclic distribution
Rank 17: Grid pos (2,1) | Local rows: 2417 | Local NNZ: 917
Rank 8: Grid pos (1,0) | Local rows: 2417 | Local NNZ: 926
Rank 24: Grid pos (3,0) | Local rows: 2417 | Local NNZ: 898
Rank 2: Grid pos (0,2) | Local rows: 2418 | Local NNZ: 947
Rank 9: Grid pos (1,1) | Local rows: 2417 | Local NNZ: 2098
Rank 4: Grid pos (0,4) | Local rows: 2418 | Local NNZ: 2085
Rank 20: Grid pos (2,4) | Local rows: 2417 | Local NNZ: 934
Rank 6: Grid pos (0,6) | Local rows: 2418 | Local NNZ: 897
Rank 12: Grid pos (1,4) | Local rows: 2417 | Local NNZ: 905
Rank 10: Grid pos (1,2) | Local rows: 2417 | Local NNZ: 875
Rank 26: Grid pos (3,2) | Local rows: 2417 | Local NNZ: 893
Rank 11: Grid pos (1,3) | Local rows: 2417 | Local NNZ: 937
Rank 7: Grid pos (0,7) | Local rows: 2418 | Local NNZ: 936
Rank 25: Grid pos (3,1) | Local rows: 2417 | Local NNZ: 916
Rank 19: Grid pos (2,3) | Local rows: 2417 | Local NNZ: 889
Rank 21: Grid pos (2,5) | Local rows: 2417 | Local NNZ: 893
Rank 28: Grid pos (3,4) | Local rows: 2417 | Local NNZ: 904
Rank 18: Grid pos (2,2) | Local rows: 2417 | Local NNZ: 2110
Rank 13: Grid pos (1,5) | Local rows: 2417 | Local NNZ: 2081
Rank 15: Grid pos (1,7) | Local rows: 2417 | Local NNZ: 880
Rank 14: Grid pos (1,6) | Local rows: 2417 | Local NNZ: 917
Rank 22: Grid pos (2,6) | Local rows: 2417 | Local NNZ: 2101
Rank 30: Grid pos (3,6) | Local rows: 2417 | Local NNZ: 892
Rank 23: Grid pos (2,7) | Local rows: 2417 | Local NNZ: 894
Rank 29: Grid pos (3,5) | Local rows: 2417 | Local NNZ: 948
Rank 27: Grid pos (3,3) | Local rows: 2417 | Local NNZ: 2088
Rank 31: Grid pos (3,7) | Local rows: 2417 | Local NNZ: 2101
Ghost columns identified: 906 total ghost values needed
Local vector initialized (size=303 per process)

========================================
COMPREHENSIVE METRICS SUMMARY
========================================
PROCESSES: 32
DISTRIBUTION: 2D_cyclic
ITERATIONS: 10
Matrix NNZ: 38530
BALANCE: nnz_local   min=     875  avg=   1204.06  max=    2110
COMM:    ghost       min=     516  avg=    632.00  max=     907  | recv_double_avg=   5056.00 B
MEM:     bytes       min=   46084  avg=     50933  max=   64000
STRUCT:  ghost_ratio min=  42.986  avg=    55.524  max=  61.590
METRICS: t_total     = 3.073e-05        t_comp.   = 2.420e-05      t_comm= 7.510e-06
         gflops_total= 2.507471e+00   gflops_comp= 3.184365e+00
========================================

[RESULT] 0,32,2D_cyclic,0,0.000033617,0.000004530,2101,906,4202
[RESULT] 0,32,2D_cyclic,1,0.000031471,0.000004292,2101,906,4202
[RESULT] 0,32,2D_cyclic,2,0.000029564,0.000004530,2101,906,4202
[RESULT] 0,32,2D_cyclic,3,0.000028133,0.000004292,2101,906,4202
[RESULT] 0,32,2D_cyclic,4,0.000037909,0.000004292,2101,906,4202
[RESULT] 0,32,2D_cyclic,5,0.000026226,0.000004292,2101,906,4202
[RESULT] 0,32,2D_cyclic,6,0.000025988,0.000004292,2101,906,4202
[RESULT] 0,32,2D_cyclic,7,0.000024557,0.000004292,2101,906,4202
[RESULT] 0,32,2D_cyclic,8,0.000024319,0.000004530,2101,906,4202
[RESULT] 0,32,2D_cyclic,9,0.000023842,0.000004292,2101,906,4202
Total execution time: 0.027 seconds
