Retrieving the matrix from '../matrices/Hook_1498.mtx'...
%%MatrixMarket matrix coordinate real symmetric
1498023 1498023 31207734
Real Matrix: Rows=1498023 | Cols=1498023 | NNZ=31207734 | Procs=2 | Distribution=2D
2D Process Grid: 1 x 2 (rows x cols)
Rank 1: Grid pos (0,1) | Rows [0-1498023) | Cols [749012-1498023) | Local NNZ: 15436372
Rank 0: Grid pos (0,0) | Rows [0-1498023) | Cols [0-749012) | Local NNZ: 15771362
Applied 2D distribution
Ghost columns identified: 374506 total ghost values needed
Local vector initialized (size=749012 per process)

========================================
COMPREHENSIVE METRICS SUMMARY
========================================
PROCESSES: 2
DISTRIBUTION: 2D
ITERATIONS: 10
Matrix NNZ: 31207734
BALANCE: nnz_local   min=15436372  avg=15603867.00  max=15771362
COMM:    ghost       min=  374506  avg= 374506.00  max=  374506  | recv_double_avg=2996048.00 B
MEM:     bytes       min=212200880  avg= 214210824  max=216220768
STRUCT:  ghost_ratio min=   2.375  avg=     2.400  max=   2.426
METRICS: t_total     = 9.741e-02        t_comp.   = 9.346e-02      t_comm= 3.950e-03
         gflops_total= 6.407204e-01   gflops_comp= 6.677985e-01
========================================

[RESULT] 0,2,2D,0,0.098829508,0.005554199,15771362,374506,31542724
[RESULT] 0,2,2D,1,0.097179413,0.004031420,15771362,374506,31542724
[RESULT] 0,2,2D,2,0.097092628,0.003854990,15771362,374506,31542724
[RESULT] 0,2,2D,3,0.097034931,0.003841639,15771362,374506,31542724
[RESULT] 0,2,2D,4,0.096962452,0.003790140,15771362,374506,31542724
[RESULT] 0,2,2D,5,0.097980261,0.003823280,15771362,374506,31542724
[RESULT] 0,2,2D,6,0.097537756,0.003675699,15771362,374506,31542724
[RESULT] 0,2,2D,7,0.097187757,0.003638506,15771362,374506,31542724
[RESULT] 0,2,2D,8,0.097229242,0.003627777,15771362,374506,31542724
[RESULT] 0,2,2D,9,0.097111225,0.003662348,15771362,374506,31542724
Total execution time: 19.459 seconds
