Retrieving the matrix from '../matrices/dixmaanl.mtx'...
%%MatrixMarket matrix coordinate real symmetric
60000 60000 179999
Real Matrix: Rows=60000 | Cols=60000 | NNZ=179999 | Procs=64 | Distribution=1D
Applied 1D distribution
Ghost columns identified: 1562 total ghost values needed
Local vector initialized (size=938 per process)

========================================
COMPREHENSIVE METRICS SUMMARY
========================================
PROCESSES: 64
DISTRIBUTION: 1D
ITERATIONS: 10
Matrix NNZ: 179999
BALANCE: nnz_local   min=    2811  avg=   2812.48  max=    2814
COMM:    ghost       min=    1562  avg=   1562.48  max=    1563  | recv_double_avg=  12499.88 B
MEM:     bytes       min=   64972  avg=     65004  max=   65036
STRUCT:  ghost_ratio min=  55.528  avg=    55.555  max=  55.567
METRICS: t_total     = 3.101e-04        t_comp.   = 1.898e-05      t_comm= 2.980e-04
         gflops_total= 1.160779e+00   gflops_comp= 1.896911e+01
========================================

[RESULT] 0,64,1D,0,0.000173807,0.000162125,2813,1562,5626
[RESULT] 0,64,1D,1,0.000177145,0.000165939,2813,1562,5626
[RESULT] 0,64,1D,2,0.000249624,0.000238419,2813,1562,5626
[RESULT] 0,64,1D,3,0.000239372,0.000228167,2813,1562,5626
[RESULT] 0,64,1D,4,0.000252724,0.000237226,2813,1562,5626
[RESULT] 0,64,1D,5,0.000200272,0.000189066,2813,1562,5626
[RESULT] 0,64,1D,6,0.000180006,0.000168800,2813,1562,5626
[RESULT] 0,64,1D,7,0.000190258,0.000179291,2813,1562,5626
[RESULT] 0,64,1D,8,0.000257015,0.000246048,2813,1562,5626
[RESULT] 0,64,1D,9,0.000693083,0.000678062,2813,1562,5626
Total execution time: 0.183 seconds
