Retrieving the matrix from '../matrices/1138_bus.mtx'...
%%MatrixMarket matrix coordinate real symmetric
1138 1138 2596
Real Matrix: Rows=1138 | Cols=1138 | NNZ=2596 | Procs=8 | Distribution=1D
Applied 1D distribution
Ghost columns identified: 139 total ghost values needed
Local vector initialized (size=143 per process)

========================================
COMPREHENSIVE METRICS SUMMARY
========================================
PROCESSES: 8
DISTRIBUTION: 1D
ITERATIONS: 10
Matrix NNZ: 2596
BALANCE: nnz_local   min=     292  avg=    324.50  max=     343
COMM:    ghost       min=     131  avg=    150.75  max=     162  | recv_double_avg=   1206.00 B
METRICS: t_total     = 1.368e-01  t_comp = 3.601e-02  t_comm = 1.056e-01
         gflops_total= 3.795175e-05  gflops_comp= 1.441690e-04
========================================

[RESULT] 0,8,1D,0,0.127976752,0.095983574,322,139,644
[RESULT] 0,8,1D,1,0.155542757,0.123545700,322,139,644
[RESULT] 0,8,1D,2,0.096000050,0.064008094,322,139,644
[RESULT] 0,8,1D,3,0.095989907,0.063992367,322,139,644
[RESULT] 0,8,1D,4,0.095979392,0.063985500,322,139,644
[RESULT] 0,8,1D,5,0.096004207,0.064005919,322,139,644
[RESULT] 0,8,1D,6,0.127991385,0.095998262,322,139,644
[RESULT] 0,8,1D,7,0.096004253,0.064013921,322,139,644
[RESULT] 0,8,1D,8,0.128000008,0.096002692,322,139,644
[RESULT] 0,8,1D,9,0.088020175,0.064002732,322,139,644
Total execution time: 2.204 seconds
