Retrieving the matrix from '../matrices/msdoor.mtx'...
%%MatrixMarket matrix coordinate real symmetric
415863 415863 10328399
Real Matrix: Rows=415863 | Cols=415863 | NNZ=10328399 | Procs=128 | Distribution=2D
2D Process Grid: 8 x 16 (rows x cols)
Rank 74: Grid pos (4,10) | Rows [207932-259915) | Cols [259920-285912) | Local NNZ: 0
Rank 66: Grid pos (4,2) | Rows [207932-259915) | Cols [51984-77976) | Local NNZ: 0
Rank 64: Grid pos (4,0) | Rows [207932-259915) | Cols [0-25992) | Local NNZ: 1224
Rank 68: Grid pos (4,4) | Rows [207932-259915) | Cols [103968-129960) | Local NNZ: 28904
Rank 67: Grid pos (4,3) | Rows [207932-259915) | Cols [77976-103968) | Local NNZ: 0
Rank 71: Grid pos (4,7) | Rows [207932-259915) | Cols [181944-207936) | Local NNZ: 103584
Rank 70: Grid pos (4,6) | Rows [207932-259915) | Cols [155952-181944) | Local NNZ: 184464
Rank 72: Grid pos (4,8) | Rows [207932-259915) | Cols [207936-233928) | Local NNZ: 401413
Rank 75: Grid pos (4,11) | Rows [207932-259915) | Cols [285912-311904) | Local NNZ: 0
Rank 76: Grid pos (4,12) | Rows [207932-259915) | Cols [311904-337896) | Local NNZ: 0
Rank 65: Grid pos (4,1) | Rows [207932-259915) | Cols [25992-51984) | Local NNZ: 1008
Rank 50: Grid pos (3,2) | Rows [155949-207932) | Cols [51984-77976) | Local NNZ: 0
Rank 69: Grid pos (4,5) | Rows [207932-259915) | Cols [129960-155952) | Local NNZ: 88104
Rank 63: Grid pos (3,15) | Rows [155949-207932) | Cols [389880-415863) | Local NNZ: 0
Rank 26: Grid pos (1,10) | Rows [51983-103966) | Cols [259920-285912) | Local NNZ: 0
Rank 52: Grid pos (3,4) | Rows [155949-207932) | Cols [103968-129960) | Local NNZ: 146132
Rank 40: Grid pos (2,8) | Rows [103966-155949) | Cols [207936-233928) | Local NNZ: 0
Rank 28: Grid pos (1,12) | Rows [51983-103966) | Cols [311904-337896) | Local NNZ: 0
Rank 30: Grid pos (1,14) | Rows [51983-103966) | Cols [363888-389880) | Local NNZ: 0
Rank 78: Grid pos (4,14) | Rows [207932-259915) | Cols [363888-389880) | Local NNZ: 0
Rank 48: Grid pos (3,0) | Rows [155949-207932) | Cols [0-25992) | Local NNZ: 11955
Rank 73: Grid pos (4,9) | Rows [207932-259915) | Cols [233928-259920) | Local NNZ: 332138
Rank 38: Grid pos (2,6) | Rows [103966-155949) | Cols [155952-181944) | Local NNZ: 0
Rank 42: Grid pos (2,10) | Rows [103966-155949) | Cols [259920-285912) | Local NNZ: 0
Rank 34: Grid pos (2,2) | Rows [103966-155949) | Cols [51984-77976) | Local NNZ: 44317
Rank 24: Grid pos (1,8) | Rows [51983-103966) | Cols [207936-233928) | Local NNZ: 0
Rank 32: Grid pos (2,0) | Rows [103966-155949) | Cols [0-25992) | Local NNZ: 8246
Rank 56: Grid pos (3,8) | Rows [155949-207932) | Cols [207936-233928) | Local NNZ: 0
Rank 44: Grid pos (2,12) | Rows [103966-155949) | Cols [311904-337896) | Local NNZ: 0
Rank 22: Grid pos (1,6) | Rows [51983-103966) | Cols [155952-181944) | Local NNZ: 0
Rank 51: Grid pos (3,3) | Rows [155949-207932) | Cols [77976-103968) | Local NNZ: 0
Rank 58: Grid pos (3,10) | Rows [155949-207932) | Cols [259920-285912) | Local NNZ: 0
Rank 46: Grid pos (2,14) | Rows [103966-155949) | Cols [363888-389880) | Local NNZ: 0
Rank 41: Grid pos (2,9) | Rows [103966-155949) | Cols [233928-259920) | Local NNZ: 0
Rank 77: Grid pos (4,13) | Rows [207932-259915) | Cols [337896-363888) | Local NNZ: 0
Rank 27: Grid pos (1,11) | Rows [51983-103966) | Cols [285912-311904) | Local NNZ: 0
Rank 60: Grid pos (3,12) | Rows [155949-207932) | Cols [311904-337896) | Local NNZ: 0
Rank 33: Grid pos (2,1) | Rows [103966-155949) | Cols [25992-51984) | Local NNZ: 53060
Rank 49: Grid pos (3,1) | Rows [155949-207932) | Cols [25992-51984) | Local NNZ: 5683
Rank 80: Grid pos (5,0) | Rows [259915-311898) | Cols [0-25992) | Local NNZ: 0
Rank 57: Grid pos (3,9) | Rows [155949-207932) | Cols [233928-259920) | Local NNZ: 0
Rank 25: Grid pos (1,9) | Rows [51983-103966) | Cols [233928-259920) | Local NNZ: 0
Rank 43: Grid pos (2,11) | Rows [103966-155949) | Cols [285912-311904) | Local NNZ: 0
Rank 36: Grid pos (2,4) | Rows [103966-155949) | Cols [103968-129960) | Local NNZ: 375323
Rank 39: Grid pos (2,7) | Rows [103966-155949) | Cols [181944-207936) | Local NNZ: 0
Rank 29: Grid pos (1,13) | Rows [51983-103966) | Cols [337896-363888) | Local NNZ: 0
Rank 20: Grid pos (1,4) | Rows [51983-103966) | Cols [103968-129960) | Local NNZ: 0
Rank 62: Grid pos (3,14) | Rows [155949-207932) | Cols [363888-389880) | Local NNZ: 0
Rank 54: Grid pos (3,6) | Rows [155949-207932) | Cols [155952-181944) | Local NNZ: 472251
Rank 47: Grid pos (2,15) | Rows [103966-155949) | Cols [389880-415863) | Local NNZ: 0
Rank 31: Grid pos (1,15) | Rows [51983-103966) | Cols [389880-415863) | Local NNZ: 0
Rank 45: Grid pos (2,13) | Rows [103966-155949) | Cols [337896-363888) | Local NNZ: 0
Rank 59: Grid pos (3,11) | Rows [155949-207932) | Cols [285912-311904) | Local NNZ: 0
Rank 55: Grid pos (3,7) | Rows [155949-207932) | Cols [181944-207936) | Local NNZ: 228030
Rank 21: Grid pos (1,5) | Rows [51983-103966) | Cols [129960-155952) | Local NNZ: 0
Rank 16: Grid pos (1,0) | Rows [51983-103966) | Cols [0-25992) | Local NNZ: 6020
Rank 79: Grid pos (4,15) | Rows [207932-259915) | Cols [389880-415863) | Local NNZ: 0
Rank 23: Grid pos (1,7) | Rows [51983-103966) | Cols [181944-207936) | Local NNZ: 0
Rank 35: Grid pos (2,3) | Rows [103966-155949) | Cols [77976-103968) | Local NNZ: 159416
Rank 14: Grid pos (0,14) | Rows [0-51983) | Cols [363888-389880) | Local NNZ: 0
Rank 37: Grid pos (2,5) | Rows [103966-155949) | Cols [129960-155952) | Local NNZ: 269931
Rank 61: Grid pos (3,13) | Rows [155949-207932) | Cols [337896-363888) | Local NNZ: 0
Rank 12: Grid pos (0,12) | Rows [0-51983) | Cols [311904-337896) | Local NNZ: 0
Rank 10: Grid pos (0,10) | Rows [0-51983) | Cols [259920-285912) | Local NNZ: 0
Rank 11: Grid pos (0,11) | Rows [0-51983) | Cols [285912-311904) | Local NNZ: 0
Rank 82: Grid pos (5,2) | Rows [259915-311898) | Cols [51984-77976) | Local NNZ: 0
Rank 15: Grid pos (0,15) | Rows [0-51983) | Cols [389880-415863) | Local NNZ: 0
Rank 8: Grid pos (0,8) | Rows [0-51983) | Cols [207936-233928) | Local NNZ: 0
Rank 17: Grid pos (1,1) | Rows [51983-103966) | Cols [25992-51984) | Local NNZ: 126747
Rank 81: Grid pos (5,1) | Rows [259915-311898) | Cols [25992-51984) | Local NNZ: 0
Rank 53: Grid pos (3,5) | Rows [155949-207932) | Cols [129960-155952) | Local NNZ: 580241
Rank 6: Grid pos (0,6) | Rows [0-51983) | Cols [155952-181944) | Local NNZ: 0
Rank 9: Grid pos (0,9) | Rows [0-51983) | Cols [233928-259920) | Local NNZ: 0
Rank 4: Grid pos (0,4) | Rows [0-51983) | Cols [103968-129960) | Local NNZ: 0
Rank 13: Grid pos (0,13) | Rows [0-51983) | Cols [337896-363888) | Local NNZ: 0
Rank 2: Grid pos (0,2) | Rows [0-51983) | Cols [51984-77976) | Local NNZ: 0
Rank 5: Grid pos (0,5) | Rows [0-51983) | Cols [129960-155952) | Local NNZ: 0
Rank 3: Grid pos (0,3) | Rows [0-51983) | Cols [77976-103968) | Local NNZ: 0
Rank 84: Grid pos (5,4) | Rows [259915-311898) | Cols [103968-129960) | Local NNZ: 20832
Rank 7: Grid pos (0,7) | Rows [0-51983) | Cols [181944-207936) | Local NNZ: 0
Rank 19: Grid pos (1,3) | Rows [51983-103966) | Cols [77976-103968) | Local NNZ: 427587
Rank 83: Grid pos (5,3) | Rows [259915-311898) | Cols [77976-103968) | Local NNZ: 0
Rank 18: Grid pos (1,2) | Rows [51983-103966) | Cols [51984-77976) | Local NNZ: 717078
Rank 122: Grid pos (7,10) | Rows [363881-415863) | Cols [259920-285912) | Local NNZ: 112308
Rank 124: Grid pos (7,12) | Rows [363881-415863) | Cols [311904-337896) | Local NNZ: 127036
Rank 86: Grid pos (5,6) | Rows [259915-311898) | Cols [155952-181944) | Local NNZ: 15673
Rank 120: Grid pos (7,8) | Rows [363881-415863) | Cols [207936-233928) | Local NNZ: 85071
Rank 123: Grid pos (7,11) | Rows [363881-415863) | Cols [285912-311904) | Local NNZ: 135457
Rank 125: Grid pos (7,13) | Rows [363881-415863) | Cols [337896-363888) | Local NNZ: 134386
Rank 85: Grid pos (5,5) | Rows [259915-311898) | Cols [129960-155952) | Local NNZ: 46648
Rank 118: Grid pos (7,6) | Rows [363881-415863) | Cols [155952-181944) | Local NNZ: 16674
Rank 126: Grid pos (7,14) | Rows [363881-415863) | Cols [363888-389880) | Local NNZ: 383838
Rank 0: Grid pos (0,0) | Rows [0-51983) | Cols [0-25992) | Local NNZ: 624351
Applied 2D distribution
Rank 116: Grid pos (7,4) | Rows [363881-415863) | Cols [103968-129960) | Local NNZ: 20748
Rank 121: Grid pos (7,9) | Rows [363881-415863) | Cols [233928-259920) | Local NNZ: 132874
Rank 112: Grid pos (7,0) | Rows [363881-415863) | Cols [0-25992) | Local NNZ: 0
Rank 127: Grid pos (7,15) | Rows [363881-415863) | Cols [389880-415863) | Local NNZ: 311955
Rank 114: Grid pos (7,2) | Rows [363881-415863) | Cols [51984-77976) | Local NNZ: 0
Rank 119: Grid pos (7,7) | Rows [363881-415863) | Cols [181944-207936) | Local NNZ: 60102
Rank 88: Grid pos (5,8) | Rows [259915-311898) | Cols [207936-233928) | Local NNZ: 100604
Rank 87: Grid pos (5,7) | Rows [259915-311898) | Cols [181944-207936) | Local NNZ: 35049
Rank 1: Grid pos (0,1) | Rows [0-51983) | Cols [25992-51984) | Local NNZ: 567365
Rank 117: Grid pos (7,5) | Rows [363881-415863) | Cols [129960-155952) | Local NNZ: 78932
Rank 110: Grid pos (6,14) | Rows [311898-363881) | Cols [363888-389880) | Local NNZ: 0
Rank 113: Grid pos (7,1) | Rows [363881-415863) | Cols [25992-51984) | Local NNZ: 0
Rank 115: Grid pos (7,3) | Rows [363881-415863) | Cols [77976-103968) | Local NNZ: 0
Rank 111: Grid pos (6,15) | Rows [311898-363881) | Cols [389880-415863) | Local NNZ: 0
Rank 104: Grid pos (6,8) | Rows [311898-363881) | Cols [207936-233928) | Local NNZ: 104209
Rank 92: Grid pos (5,12) | Rows [259915-311898) | Cols [311904-337896) | Local NNZ: 0
Rank 102: Grid pos (6,6) | Rows [311898-363881) | Cols [155952-181944) | Local NNZ: 18900
Rank 106: Grid pos (6,10) | Rows [311898-363881) | Cols [259920-285912) | Local NNZ: 121079
Rank 93: Grid pos (5,13) | Rows [259915-311898) | Cols [337896-363888) | Local NNZ: 0
Rank 103: Grid pos (6,7) | Rows [311898-363881) | Cols [181944-207936) | Local NNZ: 39249
Rank 107: Grid pos (6,11) | Rows [311898-363881) | Cols [285912-311904) | Local NNZ: 199805
Rank 89: Grid pos (5,9) | Rows [259915-311898) | Cols [233928-259920) | Local NNZ: 311307
Rank 109: Grid pos (6,13) | Rows [311898-363881) | Cols [337896-363888) | Local NNZ: 313622
Rank 101: Grid pos (6,5) | Rows [311898-363881) | Cols [129960-155952) | Local NNZ: 50988
Rank 90: Grid pos (5,10) | Rows [259915-311898) | Cols [259920-285912) | Local NNZ: 462382
Rank 94: Grid pos (5,14) | Rows [259915-311898) | Cols [363888-389880) | Local NNZ: 0
Rank 98: Grid pos (6,2) | Rows [311898-363881) | Cols [51984-77976) | Local NNZ: 0
Rank 100: Grid pos (6,4) | Rows [311898-363881) | Cols [103968-129960) | Local NNZ: 23968
Rank 105: Grid pos (6,9) | Rows [311898-363881) | Cols [233928-259920) | Local NNZ: 164983
Rank 108: Grid pos (6,12) | Rows [311898-363881) | Cols [311904-337896) | Local NNZ: 430992
Rank 96: Grid pos (6,0) | Rows [311898-363881) | Cols [0-25992) | Local NNZ: 0
Rank 91: Grid pos (5,11) | Rows [259915-311898) | Cols [285912-311904) | Local NNZ: 304156
Rank 99: Grid pos (6,3) | Rows [311898-363881) | Cols [77976-103968) | Local NNZ: 0
Rank 97: Grid pos (6,1) | Rows [311898-363881) | Cols [25992-51984) | Local NNZ: 0
Rank 95: Grid pos (5,15) | Rows [259915-311898) | Cols [389880-415863) | Local NNZ: 0
Ghost columns identified: 25788 total ghost values needed
Local vector initialized (size=3249 per process)

========================================
COMPREHENSIVE METRICS SUMMARY
========================================
PROCESSES: 128
DISTRIBUTION: 2D
ITERATIONS: 10
Matrix NNZ: 10328399
BALANCE: nnz_local   min=       0  avg=  80690.62  max=  717078
COMM:    ghost       min=       0  avg=   4663.75  max=   25789  | recv_double_avg=  37310.00 B
MEM:     bytes       min=  649780  avg=   1655387  max= 9461032
STRUCT:  ghost_ratio min=   0.000  avg=     3.202  max=  33.135
METRICS: t_total     = 1.947e+00        t_comp.   = 2.716e-03      t_comm= 1.945e+00
         gflops_total= 1.060910e-02   gflops_comp= 7.605949e+00
========================================

[RESULT] 0,128,2D,0,1.793390512,1.791021109,624351,25788,1248702
[RESULT] 0,128,2D,1,2.049401283,2.047034502,624351,25788,1248702
[RESULT] 0,128,2D,2,2.050372839,2.047996759,624351,25788,1248702
[RESULT] 0,128,2D,3,2.051346779,2.048983812,624351,25788,1248702
[RESULT] 0,128,2D,4,1.794374704,1.792009830,624351,25788,1248702
[RESULT] 0,128,2D,5,1.793361664,1.790992498,624351,25788,1248702
[RESULT] 0,128,2D,6,1.790381432,1.788003683,624351,25788,1248702
[RESULT] 0,128,2D,7,2.046356201,2.043982267,624351,25788,1248702
[RESULT] 0,128,2D,8,2.051377535,2.049009323,624351,25788,1248702
[RESULT] 0,128,2D,9,2.050461054,2.048017740,624351,25788,1248702
Total execution time: 721.713 seconds
