Retrieving the matrix from '../matrices/cond-mat-2005.mtx'...
%%MatrixMarket matrix coordinate real symmetric
40421 40421 175693
Real Matrix: Rows=40421 | Cols=40421 | NNZ=175693 | Procs=1 | Distribution=1D
Applied 1D distribution
Ghost columns identified: 0 total ghost values needed
Local vector initialized (size=40421 per process)

========================================
COMPREHENSIVE METRICS SUMMARY
========================================
PROCESSES: 1
DISTRIBUTION: 1D
ITERATIONS: 10
Matrix NNZ: 175693
BALANCE: nnz_local   min=  175693  avg= 175693.00  max=  175693
COMM:    ghost       min=       0  avg=      0.00  max=       0  | recv_double_avg=      0.00 B
MEM:     bytes       min= 2916740  avg=   2916740  max= 2916740
STRUCT:  ghost_ratio min=   0.000  avg=     0.000  max=   0.000
METRICS: t_total     = 2.567e-03        t_comp.   = 1.061e-03      t_comm= 1.507e-03
         gflops_total= 1.368741e-01   gflops_comp= 3.312922e-01
========================================

[RESULT] 0,1,1D,0,0.016097307,0.014877796,175693,0,351386
[RESULT] 0,1,1D,1,0.001090765,0.000017405,175693,0,351386
[RESULT] 0,1,1D,2,0.001091957,0.000038147,175693,0,351386
[RESULT] 0,1,1D,3,0.001049757,0.000017881,175693,0,351386
[RESULT] 0,1,1D,4,0.001068115,0.000019789,175693,0,351386
[RESULT] 0,1,1D,5,0.001071930,0.000018358,175693,0,351386
[RESULT] 0,1,1D,6,0.001058102,0.000018358,175693,0,351386
[RESULT] 0,1,1D,7,0.001046419,0.000019312,175693,0,351386
[RESULT] 0,1,1D,8,0.001055241,0.000021219,175693,0,351386
[RESULT] 0,1,1D,9,0.001042604,0.000017405,175693,0,351386
Total execution time: 0.162 seconds
