Retrieving the matrix from '../matrices/cond-mat-2005.mtx'...
%%MatrixMarket matrix coordinate real symmetric
40421 40421 175693
Real Matrix: Rows=40421 | Cols=40421 | NNZ=175693 | Procs=8 | Distribution=1D
Applied 1D distribution
Ghost columns identified: 10276 total ghost values needed
Local vector initialized (size=5053 per process)

========================================
COMPREHENSIVE METRICS SUMMARY
========================================
PROCESSES: 8
DISTRIBUTION: 1D
ITERATIONS: 10
Matrix NNZ: 175693
BALANCE: nnz_local   min=   21543  avg=  21961.62  max=   22480
COMM:    ghost       min=   10015  avg=  10127.38  max=   10276  | recv_double_avg=  81019.00 B
MEM:     bytes       min=  441448  avg=    445615  max=  450944
STRUCT:  ghost_ratio min=  44.551  avg=    46.124  max=  47.514
METRICS: t_total     = 5.317e-02        t_comp.   = 1.394e-03      t_comm= 5.294e-02
         gflops_total= 6.608263e-03   gflops_comp= 2.519824e-01
========================================

[RESULT] 0,8,1D,0,0.056199789,0.056003094,21865,10276,43730
[RESULT] 0,8,1D,1,0.050757647,0.050564766,21865,10276,43730
[RESULT] 0,8,1D,2,0.028284788,0.028028250,21865,10276,43730
[RESULT] 0,8,1D,3,0.053814888,0.053559780,21865,10276,43730
[RESULT] 0,8,1D,4,0.053814650,0.053559780,21865,10276,43730
[RESULT] 0,8,1D,5,0.056279421,0.055989742,21865,10276,43730
[RESULT] 0,8,1D,6,0.056185007,0.055994749,21865,10276,43730
[RESULT] 0,8,1D,7,0.056252003,0.055996656,21865,10276,43730
[RESULT] 0,8,1D,8,0.056255102,0.055996418,21865,10276,43730
[RESULT] 0,8,1D,9,0.056312561,0.056040525,21865,10276,43730
Total execution time: 2.229 seconds
