Retrieving the matrix from '../matrices/flowmeter0.mtx'...
%%MatrixMarket matrix coordinate real symmetric
9669 9669 38530
Real Matrix: Rows=9669 | Cols=9669 | NNZ=38530 | Procs=8 | Distribution=1D
Applied 1D distribution
Ghost columns identified: 2734 total ghost values needed
Local vector initialized (size=1209 per process)

========================================
COMPREHENSIVE METRICS SUMMARY
========================================
PROCESSES: 8
DISTRIBUTION: 1D
ITERATIONS: 10
Matrix NNZ: 38530
BALANCE: nnz_local   min=    4809  avg=   4816.25  max=    4823
COMM:    ghost       min=    2675  avg=   2696.12  max=    2734  | recv_double_avg=  21569.00 B
MEM:     bytes       min=  103304  avg=    103540  max=  103800
STRUCT:  ghost_ratio min=  55.613  avg=    55.980  max=  56.816
METRICS: t_total     = 1.293e-04        t_comp.   = 3.548e-05      t_comm= 9.687e-05
         gflops_total= 5.958943e-01   gflops_comp= 2.172131e+00
========================================

[RESULT] 0,8,1D,0,0.000121832,0.000092983,4812,2734,9624
[RESULT] 0,8,1D,1,0.000105858,0.000079393,4812,2734,9624
[RESULT] 0,8,1D,2,0.000104427,0.000079393,4812,2734,9624
[RESULT] 0,8,1D,3,0.000111580,0.000087500,4812,2734,9624
[RESULT] 0,8,1D,4,0.000123978,0.000100851,4812,2734,9624
[RESULT] 0,8,1D,5,0.000122070,0.000099659,4812,2734,9624
[RESULT] 0,8,1D,6,0.000129223,0.000107288,4812,2734,9624
[RESULT] 0,8,1D,7,0.000132561,0.000110626,4812,2734,9624
[RESULT] 0,8,1D,8,0.000127792,0.000105619,4812,2734,9624
[RESULT] 0,8,1D,9,0.000126839,0.000105381,4812,2734,9624
Total execution time: 0.028 seconds
