Retrieving the matrix from '../matrices/1138_bus.mtx'...
%%MatrixMarket matrix coordinate real symmetric
1138 1138 2596
Real Matrix: Rows=1138 | Cols=1138 | NNZ=2596 | Procs=8 | Distribution=2D_cyclic
2D Process Grid (Cyclic): 2 x 4
Rank 0: Grid pos (0,0) | Local rows: 569 | Local NNZ: 450
Applied 2Dcyclic distribution
Rank 4: Grid pos (1,0) | Local rows: 569 | Local NNZ: 199
Rank 2: Grid pos (0,2) | Local rows: 569 | Local NNZ: 435
Rank 6: Grid pos (1,2) | Local rows: 569 | Local NNZ: 213
Rank 1: Grid pos (0,1) | Local rows: 569 | Local NNZ: 228
Rank 3: Grid pos (0,3) | Local rows: 569 | Local NNZ: 220
Rank 5: Grid pos (1,1) | Local rows: 569 | Local NNZ: 420
Rank 7: Grid pos (1,3) | Local rows: 569 | Local NNZ: 431
Ghost columns identified: 142 total ghost values needed
Local vector initialized (size=143 per process)

========================================
COMPREHENSIVE METRICS SUMMARY
========================================
PROCESSES: 8
DISTRIBUTION: 2D_cyclic
ITERATIONS: 10
Matrix NNZ: 2596
BALANCE: nnz_local   min=     199  avg=    324.50  max=     450
COMM:    ghost       min=      70  avg=    107.38  max=     143  | recv_double_avg=    859.00 B
MEM:     bytes       min=   10924  avg=     12723  max=   14512
STRUCT:  ghost_ratio min=  31.140  avg=    33.306  max=  36.620
METRICS: t_total     = 1.345e-05        t_comp.   = 9.108e-06      t_comm= 4.339e-06
         gflops_total= 3.861139e-01   gflops_comp= 5.700740e-01
========================================

[RESULT] 0,8,2D_cyclic,0,0.000007391,0.000001907,450,142,900
[RESULT] 0,8,2D_cyclic,1,0.000004768,0.000001192,450,142,900
[RESULT] 0,8,2D_cyclic,2,0.000004530,0.000000954,450,142,900
[RESULT] 0,8,2D_cyclic,3,0.000004292,0.000001192,450,142,900
[RESULT] 0,8,2D_cyclic,4,0.000004292,0.000001192,450,142,900
[RESULT] 0,8,2D_cyclic,5,0.000004292,0.000001192,450,142,900
[RESULT] 0,8,2D_cyclic,6,0.000004292,0.000001192,450,142,900
[RESULT] 0,8,2D_cyclic,7,0.000004053,0.000001192,450,142,900
[RESULT] 0,8,2D_cyclic,8,0.000004053,0.000001192,450,142,900
[RESULT] 0,8,2D_cyclic,9,0.000004053,0.000000954,450,142,900
Total execution time: 0.004 seconds
