Retrieving the matrix from '../matrices/Hook_1498.mtx'...
%%MatrixMarket matrix coordinate real symmetric
1498023 1498023 31207734
Real Matrix: Rows=1498023 | Cols=1498023 | NNZ=31207734 | Procs=8 | Distribution=2D
2D Process Grid: 2 x 4 (rows x cols)
Rank 2: Grid pos (0,2) | Rows [0-749012) | Cols [749012-1123518) | Local NNZ: 0
Rank 3: Grid pos (0,3) | Rows [0-749012) | Cols [1123518-1498023) | Local NNZ: 0
Rank 4: Grid pos (1,0) | Rows [749012-1498023) | Cols [0-374506) | Local NNZ: 0
Rank 5: Grid pos (1,1) | Rows [749012-1498023) | Cols [374506-749012) | Local NNZ: 247082
Rank 0: Grid pos (0,0) | Rows [0-749012) | Cols [0-374506) | Local NNZ: 7915821
Applied 2D distribution
Rank 6: Grid pos (1,2) | Rows [749012-1498023) | Cols [749012-1123518) | Local NNZ: 7819624
Rank 7: Grid pos (1,3) | Rows [749012-1498023) | Cols [1123518-1498023) | Local NNZ: 7616748
Rank 1: Grid pos (0,1) | Rows [0-749012) | Cols [374506-749012) | Local NNZ: 7608459
Ghost columns identified: 327692 total ghost values needed
Local vector initialized (size=187253 per process)

========================================
COMPREHENSIVE METRICS SUMMARY
========================================
PROCESSES: 8
DISTRIBUTION: 2D
ITERATIONS: 10
Matrix NNZ: 31207734
BALANCE: nnz_local   min=       0  avg=3900966.75  max= 7915821
COMM:    ghost       min=       0  avg= 165979.88  max=  327693  | recv_double_avg=1327839.00 B
MEM:     bytes       min=10486160  avg=  58625605  max=108097560
STRUCT:  ghost_ratio min=   0.000  avg=     2.981  max=   6.908
METRICS: t_total     = 3.074e-01        t_comp.   = 1.723e-01      t_comm= 1.374e-01
         gflops_total= 2.030650e-01   gflops_comp= 3.622843e-01
========================================

[RESULT] 0,8,2D,0,0.284273624,0.112052202,7915821,327692,15831642
[RESULT] 0,8,2D,1,0.285810471,0.113706589,7915821,327692,15831642
[RESULT] 0,8,2D,2,0.284191370,0.112021685,7915821,327692,15831642
[RESULT] 0,8,2D,3,0.312245131,0.140019417,7915821,327692,15831642
[RESULT] 0,8,2D,4,0.308214426,0.135718346,7915821,327692,15831642
[RESULT] 0,8,2D,5,0.307489395,0.134881496,7915821,327692,15831642
[RESULT] 0,8,2D,6,0.312177658,0.140010118,7915821,327692,15831642
[RESULT] 0,8,2D,7,0.335964918,0.163785696,7915821,327692,15831642
[RESULT] 0,8,2D,8,0.308178425,0.135768890,7915821,327692,15831642
[RESULT] 0,8,2D,9,0.335124254,0.162873983,7915821,327692,15831642
Total execution time: 117.536 seconds
