Retrieving the matrix from '../matrices/dixmaanl.mtx'...
%%MatrixMarket matrix coordinate real symmetric
60000 60000 179999
Real Matrix: Rows=60000 | Cols=60000 | NNZ=179999 | Procs=2 | Distribution=1D
Applied 1D distribution
Ghost columns identified: 29999 total ghost values needed
Local vector initialized (size=30000 per process)

========================================
COMPREHENSIVE METRICS SUMMARY
========================================
PROCESSES: 2
DISTRIBUTION: 1D
ITERATIONS: 10
Matrix NNZ: 179999
BALANCE: nnz_local   min=   89999  avg=  89999.50  max=   90000
COMM:    ghost       min=   29999  avg=  29999.50  max=   30000  | recv_double_avg= 239996.00 B
MEM:     bytes       min= 1919984  avg=   1919994  max= 1920004
STRUCT:  ghost_ratio min=  33.333  avg=    33.333  max=  33.333
METRICS: t_total     = 7.689e-04        t_comp.   = 3.346e-04      t_comm= 4.342e-04
         gflops_total= 4.682278e-01   gflops_comp= 1.075763e+00
========================================

[RESULT] 0,2,1D,0,0.000857592,0.000518799,89999,29999,179998
[RESULT] 0,2,1D,1,0.000796795,0.000456810,89999,29999,179998
[RESULT] 0,2,1D,2,0.000752687,0.000421047,89999,29999,179998
[RESULT] 0,2,1D,3,0.000755072,0.000423431,89999,29999,179998
[RESULT] 0,2,1D,4,0.000770330,0.000438452,89999,29999,179998
[RESULT] 0,2,1D,5,0.000756025,0.000417471,89999,29999,179998
[RESULT] 0,2,1D,6,0.000751972,0.000417233,89999,29999,179998
[RESULT] 0,2,1D,7,0.000770807,0.000440121,89999,29999,179998
[RESULT] 0,2,1D,8,0.000746250,0.000413656,89999,29999,179998
[RESULT] 0,2,1D,9,0.000730991,0.000395060,89999,29999,179998
Total execution time: 0.109 seconds
