Retrieving the matrix from '../matrices/1138_bus.mtx'...
%%MatrixMarket matrix coordinate real symmetric
1138 1138 2596
Real Matrix: Rows=1138 | Cols=1138 | NNZ=2596 | Procs=128 | Distribution=1D
Applied 1D distribution
Ghost columns identified: 16 total ghost values needed
Local vector initialized (size=9 per process)

========================================
COMPREHENSIVE METRICS SUMMARY
========================================
PROCESSES: 128
DISTRIBUTION: 1D
ITERATIONS: 10
Matrix NNZ: 2596
BALANCE: nnz_local   min=      11  avg=     20.28  max=      31
COMM:    ghost       min=       2  avg=     11.34  max=      22  | recv_double_avg=     90.75 B
MEM:     bytes       min=     332  avg=       516  max=     732
STRUCT:  ghost_ratio min=  18.182  avg=    54.300  max=  70.968
METRICS: t_total     = 2.599e-02        t_comp.   = 4.768e-07      t_comm= 2.599e-02
         gflops_total= 1.997759e-04   gflops_comp= 1.088841e+01
========================================

[RESULT] 0,128,1D,0,0.013330936,0.013330221,25,16,50
[RESULT] 0,128,1D,1,0.013283014,0.013282299,25,16,50
[RESULT] 0,128,1D,2,0.013285398,0.013284922,25,16,50
[RESULT] 0,128,1D,3,0.013224125,0.013223648,25,16,50
[RESULT] 0,128,1D,4,0.013212919,0.013212681,25,16,50
[RESULT] 0,128,1D,5,0.013289213,0.013288975,25,16,50
[RESULT] 0,128,1D,6,0.013279438,0.013278961,25,16,50
[RESULT] 0,128,1D,7,0.013226032,0.013226032,25,16,50
[RESULT] 0,128,1D,8,0.013221502,0.013221025,25,16,50
[RESULT] 0,128,1D,9,0.013247013,0.013246536,25,16,50
Total execution time: 0.352 seconds
