Retrieving the matrix from '../matrices/flowmeter0.mtx'...
%%MatrixMarket matrix coordinate real symmetric
9669 9669 38530
Real Matrix: Rows=9669 | Cols=9669 | NNZ=38530 | Procs=1 | Distribution=1D
Applied 1D distribution
Ghost columns identified: 0 total ghost values needed
Local vector initialized (size=9669 per process)

========================================
COMPREHENSIVE METRICS SUMMARY
========================================
PROCESSES: 1
DISTRIBUTION: 1D
ITERATIONS: 10
Matrix NNZ: 38530
BALANCE: nnz_local   min=   38530  avg=  38530.00  max=   38530
COMM:    ghost       min=       0  avg=      0.00  max=       0  | recv_double_avg=      0.00 B
MEM:     bytes       min=  655744  avg=    655744  max=  655744
STRUCT:  ghost_ratio min=   0.000  avg=     0.000  max=   0.000
METRICS: t_total     = 1.218e-04        t_comp.   = 1.215e-04      t_comm= 2.861e-07
         gflops_total= 6.328824e-01   gflops_comp= 6.343730e-01
========================================

[RESULT] 0,1,1D,0,0.000121832,0.000000477,38530,0,77060
[RESULT] 0,1,1D,1,0.000125647,0.000000238,38530,0,77060
[RESULT] 0,1,1D,2,0.000120878,0.000000238,38530,0,77060
[RESULT] 0,1,1D,3,0.000120640,0.000000238,38530,0,77060
[RESULT] 0,1,1D,4,0.000120640,0.000000238,38530,0,77060
[RESULT] 0,1,1D,5,0.000120640,0.000000238,38530,0,77060
[RESULT] 0,1,1D,6,0.000120640,0.000000238,38530,0,77060
[RESULT] 0,1,1D,7,0.000120640,0.000000238,38530,0,77060
[RESULT] 0,1,1D,8,0.000120640,0.000000238,38530,0,77060
[RESULT] 0,1,1D,9,0.000125408,0.000000477,38530,0,77060
Total execution time: 0.111 seconds
