Retrieving the matrix from '../matrices/cond-mat-2005.mtx'...
%%MatrixMarket matrix coordinate real symmetric
40421 40421 175693
Real Matrix: Rows=40421 | Cols=40421 | NNZ=175693 | Procs=8 | Distribution=2D_cyclic
2D Process Grid (Cyclic): 2 x 4
Rank 5: Grid pos (1,1) | Local rows: 20210 | Local NNZ: 20347
Rank 7: Grid pos (1,3) | Local rows: 20210 | Local NNZ: 20123
Rank 6: Grid pos (1,2) | Local rows: 20210 | Local NNZ: 23351
Rank 4: Grid pos (1,0) | Local rows: 20210 | Local NNZ: 23609
Rank 2: Grid pos (0,2) | Local rows: 20211 | Local NNZ: 20521
Rank 1: Grid pos (0,1) | Local rows: 20211 | Local NNZ: 23562
Rank 3: Grid pos (0,3) | Local rows: 20211 | Local NNZ: 23432
Rank 0: Grid pos (0,0) | Local rows: 20211 | Local NNZ: 20748
Applied 2Dcyclic distribution
Ghost columns identified: 2331 total ghost values needed
Local vector initialized (size=5053 per process)

========================================
COMPREHENSIVE METRICS SUMMARY
========================================
PROCESSES: 8
DISTRIBUTION: 2D_cyclic
ITERATIONS: 10
Matrix NNZ: 175693
BALANCE: nnz_local   min=   20123  avg=  21961.62  max=   23609
COMM:    ghost       min=    2331  avg=   2711.50  max=    3093  | recv_double_avg=  21692.00 B
MEM:     bytes       min=  543352  avg=    568182  max=  590512
STRUCT:  ghost_ratio min=  11.235  avg=    12.294  max=  13.166
METRICS: t_total     = 4.466e-04        t_comp.   = 4.334e-04      t_comm= 1.326e-05
         gflops_total= 7.867505e-01   gflops_comp= 8.108157e-01
========================================

[RESULT] 0,8,2D_cyclic,0,0.000421762,0.000012636,20748,2331,41496
[RESULT] 0,8,2D_cyclic,1,0.000429630,0.000012159,20748,2331,41496
[RESULT] 0,8,2D_cyclic,2,0.000425100,0.000013590,20748,2331,41496
[RESULT] 0,8,2D_cyclic,3,0.000427246,0.000013113,20748,2331,41496
[RESULT] 0,8,2D_cyclic,4,0.000417948,0.000012159,20748,2331,41496
[RESULT] 0,8,2D_cyclic,5,0.000424862,0.000012875,20748,2331,41496
[RESULT] 0,8,2D_cyclic,6,0.000420809,0.000012636,20748,2331,41496
[RESULT] 0,8,2D_cyclic,7,0.000427961,0.000013590,20748,2331,41496
[RESULT] 0,8,2D_cyclic,8,0.000422001,0.000014067,20748,2331,41496
[RESULT] 0,8,2D_cyclic,9,0.000426769,0.000012398,20748,2331,41496
Total execution time: 0.106 seconds
