Retrieving the matrix from '../matrices/tmt_sym.mtx'...
%%MatrixMarket matrix coordinate real symmetric
726713 726713 2903837
Real Matrix: Rows=726713 | Cols=726713 | NNZ=2903837 | Procs=16 | Distribution=1D
Applied 1D distribution
Ghost columns identified: 126558 total ghost values needed
Local vector initialized (size=45420 per process)

========================================
COMPREHENSIVE METRICS SUMMARY
========================================
PROCESSES: 16
DISTRIBUTION: 1D
ITERATIONS: 10
Matrix NNZ: 2903837
BALANCE: nnz_local   min=  181131  avg= 181489.81  max=  181722
COMM:    ghost       min=  122919  avg= 124785.44  max=  126983  | recv_double_avg= 998283.50 B
MEM:     bytes       min= 4065328  avg=   4084556  max= 4104188
STRUCT:  ghost_ratio min=  67.862  avg=    68.756  max=  69.901
METRICS: t_total     = 6.146e-03        t_comp.   = 1.291e-03      t_comm= 4.886e-03
         gflops_total= 9.449736e-01   gflops_comp= 4.498375e+00
========================================

[RESULT] 0,16,1D,0,0.005709648,0.004446983,181270,126558,362540
[RESULT] 0,16,1D,1,0.005320787,0.004080296,181270,126558,362540
[RESULT] 0,16,1D,2,0.005183935,0.003961325,181270,126558,362540
[RESULT] 0,16,1D,3,0.005207062,0.003988981,181270,126558,362540
[RESULT] 0,16,1D,4,0.005248547,0.003998280,181270,126558,362540
[RESULT] 0,16,1D,5,0.005282879,0.004080534,181270,126558,362540
[RESULT] 0,16,1D,6,0.005270243,0.004087687,181270,126558,362540
[RESULT] 0,16,1D,7,0.005208015,0.004006863,181270,126558,362540
[RESULT] 0,16,1D,8,0.005204201,0.004009485,181270,126558,362540
[RESULT] 0,16,1D,9,0.005195856,0.004009247,181270,126558,362540
Total execution time: 2.107 seconds
