Retrieving the matrix from '../matrices/dixmaanl.mtx'...
%%MatrixMarket matrix coordinate real symmetric
60000 60000 179999
Real Matrix: Rows=60000 | Cols=60000 | NNZ=179999 | Procs=8 | Distribution=1D
Applied 1D distribution
Ghost columns identified: 7499 total ghost values needed
Local vector initialized (size=7500 per process)

========================================
COMPREHENSIVE METRICS SUMMARY
========================================
PROCESSES: 8
DISTRIBUTION: 1D
ITERATIONS: 10
Matrix NNZ: 179999
BALANCE: nnz_local   min=   22499  avg=  22499.88  max=   22500
COMM:    ghost       min=    7499  avg=   7499.88  max=    7500  | recv_double_avg=  59999.00 B
MEM:     bytes       min=  479984  avg=    480002  max=  480004
STRUCT:  ghost_ratio min=  33.330  avg=    33.333  max=  33.333
METRICS: t_total     = 3.667e-04        t_comp.   = 8.428e-05      t_comm= 2.824e-04
         gflops_total= 9.816924e-01   gflops_comp= 4.271403e+00
========================================

[RESULT] 0,8,1D,0,0.000298977,0.000216484,22499,7499,44998
[RESULT] 0,8,1D,1,0.000300407,0.000218391,22499,7499,44998
[RESULT] 0,8,1D,2,0.000300884,0.000217199,22499,7499,44998
[RESULT] 0,8,1D,3,0.000320435,0.000238895,22499,7499,44998
[RESULT] 0,8,1D,4,0.000299692,0.000216007,22499,7499,44998
[RESULT] 0,8,1D,5,0.000290155,0.000208616,22499,7499,44998
[RESULT] 0,8,1D,6,0.000282049,0.000198364,22499,7499,44998
[RESULT] 0,8,1D,7,0.000333071,0.000251055,22499,7499,44998
[RESULT] 0,8,1D,8,0.000293732,0.000211954,22499,7499,44998
[RESULT] 0,8,1D,9,0.000296116,0.000212669,22499,7499,44998
Total execution time: 0.113 seconds
