Retrieving the matrix from '../matrices/dixmaanl.mtx'...
%%MatrixMarket matrix coordinate real symmetric
60000 60000 179999
Real Matrix: Rows=60000 | Cols=60000 | NNZ=179999 | Procs=4 | Distribution=1D
Applied 1D distribution
Ghost columns identified: 14999 total ghost values needed
Local vector initialized (size=15000 per process)

========================================
COMPREHENSIVE METRICS SUMMARY
========================================
PROCESSES: 4
DISTRIBUTION: 1D
ITERATIONS: 10
Matrix NNZ: 179999
BALANCE: nnz_local   min=   44999  avg=  44999.75  max=   45000
COMM:    ghost       min=   14999  avg=  14999.75  max=   15000  | recv_double_avg= 119998.00 B
MEM:     bytes       min=  959984  avg=    959999  max=  960004
STRUCT:  ghost_ratio min=  33.332  avg=    33.333  max=  33.333
METRICS: t_total     = 6.156e-04        t_comp.   = 1.669e-04      t_comm= 4.495e-04
         gflops_total= 5.847725e-01   gflops_comp= 2.156751e+00
========================================

[RESULT] 0,4,1D,0,0.000617266,0.000443459,44999,14999,89998
[RESULT] 0,4,1D,1,0.000614166,0.000449657,44999,14999,89998
[RESULT] 0,4,1D,2,0.000614882,0.000450134,44999,14999,89998
[RESULT] 0,4,1D,3,0.000611305,0.000446558,44999,14999,89998
[RESULT] 0,4,1D,4,0.000611544,0.000447035,44999,14999,89998
[RESULT] 0,4,1D,5,0.000628710,0.000464201,44999,14999,89998
[RESULT] 0,4,1D,6,0.000614882,0.000450134,44999,14999,89998
[RESULT] 0,4,1D,7,0.000611782,0.000447512,44999,14999,89998
[RESULT] 0,4,1D,8,0.000619411,0.000447989,44999,14999,89998
[RESULT] 0,4,1D,9,0.000612259,0.000447989,44999,14999,89998
Total execution time: 0.107 seconds
