Retrieving the matrix from '../matrices/1138_bus.mtx'...
%%MatrixMarket matrix coordinate real symmetric
1138 1138 2596
Real Matrix: Rows=1138 | Cols=1138 | NNZ=2596 | Procs=4 | Distribution=2D_cyclic
Rank 1: Grid (0,1) | Local rows=569 | NNZ=448 | ColsGlobal
Rank 2: Grid (1,0) | Local rows=569 | NNZ=412 | ColsGlobal
Rank 3: Grid (1,1) | Local rows=569 | NNZ=851 | ColsGlobal
2D Process Grid (Cyclic): 2 x 2
Rank 0: Grid (0,0) | Local rows=569 | NNZ=885 | ColsGlobal
Applied 2D cyclic distribution (global column indices preserved)
2D Comm Pattern: grid 2 x 2 | expand ghosts on rank 0: 284
2D: local vector size = 569 (column block), local rows = 569

========================================
COMPREHENSIVE METRICS SUMMARY
========================================
PROCESSES: 4
DISTRIBUTION: 2D_cyclic
GRID: 2 x 2 (proc_rows x proc_cols)
ITERATIONS: 10
Matrix NNZ: 2596
BALANCE: nnz_local   min=     412  avg=    649.00  max=     885
COMM:    ghost       min=     121  avg=    212.50  max=     284  | recv_double_avg=   1700.00 B
METRICS: t_total     = 5.578e-06  t_comp = 2.021e-06  t_comm = 3.811e-06
         gflops_total= 9.307662e-01  gflops_comp= 2.569407e+00
========================================

[RESULT] 0,4,2D_cyclic,0,0.000007271,0.000004144,885,284,1770
[RESULT] 0,4,2D_cyclic,1,0.000004900,0.000002786,885,284,1770
[RESULT] 0,4,2D_cyclic,2,0.000006262,0.000004039,885,284,1770
[RESULT] 0,4,2D_cyclic,3,0.000004761,0.000002834,885,284,1770
[RESULT] 0,4,2D_cyclic,4,0.000004388,0.000002578,885,284,1770
[RESULT] 0,4,2D_cyclic,5,0.000004452,0.000002639,885,284,1770
[RESULT] 0,4,2D_cyclic,6,0.000004450,0.000002635,885,284,1770
[RESULT] 0,4,2D_cyclic,7,0.000004284,0.000002515,885,284,1770
[RESULT] 0,4,2D_cyclic,8,0.000004448,0.000002587,885,284,1770
[RESULT] 0,4,2D_cyclic,9,0.000004311,0.000002563,885,284,1770
Total execution time: 0.097 seconds
