Retrieving the matrix from '../matrices/msdoor.mtx'...
%%MatrixMarket matrix coordinate real symmetric
415863 415863 10328399
Real Matrix: Rows=415863 | Cols=415863 | NNZ=10328399 | Procs=2 | Distribution=1D
Applied 1D distribution
Ghost columns identified: 202562 total ghost values needed
Local vector initialized (size=207932 per process)

========================================
COMPREHENSIVE METRICS SUMMARY
========================================
PROCESSES: 2
DISTRIBUTION: 1D
ITERATIONS: 10
Matrix NNZ: 10328399
BALANCE: nnz_local   min= 5144923  avg=5164199.50  max= 5183476
COMM:    ghost       min=  202511  avg= 202536.50  max=  202562  | recv_double_avg=1620292.00 B
MEM:     bytes       min=67518216  avg=  67749320  max=67980424
STRUCT:  ghost_ratio min=   3.907  avg=     3.922  max=   3.937
METRICS: t_total     = 2.500e-02        t_comp.   = 2.259e-02      t_comm= 2.419e-03
         gflops_total= 8.261388e-01   gflops_comp= 9.146242e-01
========================================

[RESULT] 0,2,1D,0,0.025575876,0.002985954,5144923,202562,10289846
[RESULT] 0,2,1D,1,0.025253057,0.002649784,5144923,202562,10289846
[RESULT] 0,2,1D,2,0.025210381,0.002615690,5144923,202562,10289846
[RESULT] 0,2,1D,3,0.025165558,0.002543449,5144923,202562,10289846
[RESULT] 0,2,1D,4,0.024992704,0.002444029,5144923,202562,10289846
[RESULT] 0,2,1D,5,0.024919748,0.002306938,5144923,202562,10289846
[RESULT] 0,2,1D,6,0.024867058,0.002272129,5144923,202562,10289846
[RESULT] 0,2,1D,7,0.024773836,0.002240181,5144923,202562,10289846
[RESULT] 0,2,1D,8,0.024736404,0.002107859,5144923,202562,10289846
[RESULT] 0,2,1D,9,0.024545670,0.002024174,5144923,202562,10289846
Total execution time: 6.212 seconds
