Retrieving the matrix from '../matrices/1138_bus.mtx'...
%%MatrixMarket matrix coordinate real symmetric
1138 1138 2596
Real Matrix: Rows=1138 | Cols=1138 | NNZ=2596 | Procs=4 | Distribution=2D_cyclic
Rank 3: Grid (1,1) | Local rows=569 | NNZ=851 | ColsGlobal
Rank 2: Grid (1,0) | Local rows=569 | NNZ=412 | ColsGlobal
Rank 1: Grid (0,1) | Local rows=569 | NNZ=448 | ColsGlobal
2D Process Grid (Cyclic): 2 x 2
Rank 0: Grid (0,0) | Local rows=569 | NNZ=885 | ColsGlobal
Applied 2D cyclic distribution (global column indices preserved)
2D Comm Pattern: grid 2 x 2 | expand ghosts on rank 0: 284
2D: local vector size = 569 (column block), local rows = 569

========================================
COMPREHENSIVE METRICS SUMMARY
========================================
PROCESSES: 4
DISTRIBUTION: 2D_cyclic
GRID: 2 x 2 (proc_rows x proc_cols)
ITERATIONS: 10
Matrix NNZ: 2596
BALANCE: nnz_local   min=     412  avg=    649.00  max=     885
COMM:    ghost       min=     121  avg=    212.50  max=     284  | recv_double_avg=   1700.00 B
METRICS: t_total     = 8.524e-02  t_comp = 1.763e-02  t_comm = 6.922e-02
         gflops_total= 6.091088e-05  gflops_comp= 2.944329e-04
========================================

[RESULT] 0,4,2D_cyclic,0,0.079996793,0.064000442,885,284,1770
[RESULT] 0,4,2D_cyclic,1,0.084004625,0.068009454,885,284,1770
[RESULT] 0,4,2D_cyclic,2,0.087997992,0.072005594,885,284,1770
[RESULT] 0,4,2D_cyclic,3,0.083975463,0.067970842,885,284,1770
[RESULT] 0,4,2D_cyclic,4,0.079996296,0.063998712,885,284,1770
[RESULT] 0,4,2D_cyclic,5,0.099997278,0.084005317,885,284,1770
[RESULT] 0,4,2D_cyclic,6,0.075937492,0.062683657,885,284,1770
[RESULT] 0,4,2D_cyclic,7,0.098087800,0.082096950,885,284,1770
[RESULT] 0,4,2D_cyclic,8,0.078614604,0.062618359,885,284,1770
[RESULT] 0,4,2D_cyclic,9,0.080001810,0.064006920,885,284,1770
Total execution time: 1.560 seconds
