Retrieving the matrix from '../matrices/dixmaanl.mtx'...
%%MatrixMarket matrix coordinate real symmetric
60000 60000 179999
Real Matrix: Rows=60000 | Cols=60000 | NNZ=179999 | Procs=64 | Distribution=2D_cyclic
2D Process Grid (Cyclic): 8 x 8
Rank 6: Grid pos (0,6) | Local rows: 7500 | Local NNZ: 0
Rank 12: Grid pos (1,4) | Local rows: 7500 | Local NNZ: 0
Rank 10: Grid pos (1,2) | Local rows: 7500 | Local NNZ: 0
Rank 11: Grid pos (1,3) | Local rows: 7500 | Local NNZ: 0
Rank 4: Grid pos (0,4) | Local rows: 7500 | Local NNZ: 0
Rank 5: Grid pos (0,5) | Local rows: 7500 | Local NNZ: 0
Rank 3: Grid pos (0,3) | Local rows: 7500 | Local NNZ: 0
Rank 2: Grid pos (0,2) | Local rows: 7500 | Local NNZ: 0
Rank 7: Grid pos (0,7) | Local rows: 7500 | Local NNZ: 7499
Rank 1: Grid pos (0,1) | Local rows: 7500 | Local NNZ: 0
Rank 8: Grid pos (1,0) | Local rows: 7500 | Local NNZ: 7500
Rank 9: Grid pos (1,1) | Local rows: 7500 | Local NNZ: 15000
Rank 14: Grid pos (1,6) | Local rows: 7500 | Local NNZ: 0
Rank 15: Grid pos (1,7) | Local rows: 7500 | Local NNZ: 0
Rank 0: Grid pos (0,0) | Local rows: 7500 | Local NNZ: 15000
Applied 2Dcyclic distribution
Rank 52: Grid pos (6,4) | Local rows: 7500 | Local NNZ: 0
Rank 30: Grid pos (3,6) | Local rows: 7500 | Local NNZ: 0
Rank 20: Grid pos (2,4) | Local rows: 7500 | Local NNZ: 0
Rank 62: Grid pos (7,6) | Local rows: 7500 | Local NNZ: 7500
Rank 24: Grid pos (3,0) | Local rows: 7500 | Local NNZ: 0
Rank 13: Grid pos (1,5) | Local rows: 7500 | Local NNZ: 0
Rank 29: Grid pos (3,5) | Local rows: 7500 | Local NNZ: 0
Rank 53: Grid pos (6,5) | Local rows: 7500 | Local NNZ: 7500
Rank 60: Grid pos (7,4) | Local rows: 7500 | Local NNZ: 0
Rank 19: Grid pos (2,3) | Local rows: 7500 | Local NNZ: 0
Rank 61: Grid pos (7,5) | Local rows: 7500 | Local NNZ: 0
Rank 32: Grid pos (4,0) | Local rows: 7500 | Local NNZ: 0
Rank 28: Grid pos (3,4) | Local rows: 7500 | Local NNZ: 0
Rank 63: Grid pos (7,7) | Local rows: 7500 | Local NNZ: 15000
Rank 23: Grid pos (2,7) | Local rows: 7500 | Local NNZ: 0
Rank 34: Grid pos (4,2) | Local rows: 7500 | Local NNZ: 0
Rank 59: Grid pos (7,3) | Local rows: 7500 | Local NNZ: 0
Rank 51: Grid pos (6,3) | Local rows: 7500 | Local NNZ: 0
Rank 22: Grid pos (2,6) | Local rows: 7500 | Local NNZ: 0
Rank 18: Grid pos (2,2) | Local rows: 7500 | Local NNZ: 15000
Rank 50: Grid pos (6,2) | Local rows: 7500 | Local NNZ: 0
Rank 58: Grid pos (7,2) | Local rows: 7500 | Local NNZ: 0
Rank 31: Grid pos (3,7) | Local rows: 7500 | Local NNZ: 0
Rank 17: Grid pos (2,1) | Local rows: 7500 | Local NNZ: 7500
Rank 33: Grid pos (4,1) | Local rows: 7500 | Local NNZ: 0
Rank 26: Grid pos (3,2) | Local rows: 7500 | Local NNZ: 7500
Rank 57: Grid pos (7,1) | Local rows: 7500 | Local NNZ: 0
Rank 16: Grid pos (2,0) | Local rows: 7500 | Local NNZ: 0
Rank 56: Grid pos (7,0) | Local rows: 7500 | Local NNZ: 0
Rank 48: Grid pos (6,0) | Local rows: 7500 | Local NNZ: 0
Rank 21: Grid pos (2,5) | Local rows: 7500 | Local NNZ: 0
Rank 49: Grid pos (6,1) | Local rows: 7500 | Local NNZ: 0
Rank 25: Grid pos (3,1) | Local rows: 7500 | Local NNZ: 0
Rank 46: Grid pos (5,6) | Local rows: 7500 | Local NNZ: 0
Rank 47: Grid pos (5,7) | Local rows: 7500 | Local NNZ: 0
Rank 40: Grid pos (5,0) | Local rows: 7500 | Local NNZ: 0
Rank 55: Grid pos (6,7) | Local rows: 7500 | Local NNZ: 0
Rank 42: Grid pos (5,2) | Local rows: 7500 | Local NNZ: 0
Rank 38: Grid pos (4,6) | Local rows: 7500 | Local NNZ: 0
Rank 41: Grid pos (5,1) | Local rows: 7500 | Local NNZ: 0
Rank 43: Grid pos (5,3) | Local rows: 7500 | Local NNZ: 0
Rank 27: Grid pos (3,3) | Local rows: 7500 | Local NNZ: 15000
Rank 37: Grid pos (4,5) | Local rows: 7500 | Local NNZ: 0
Rank 39: Grid pos (4,7) | Local rows: 7500 | Local NNZ: 0
Rank 35: Grid pos (4,3) | Local rows: 7500 | Local NNZ: 7500
Rank 44: Grid pos (5,4) | Local rows: 7500 | Local NNZ: 7500
Rank 45: Grid pos (5,5) | Local rows: 7500 | Local NNZ: 15000
Rank 54: Grid pos (6,6) | Local rows: 7500 | Local NNZ: 15000
Rank 36: Grid pos (4,4) | Local rows: 7500 | Local NNZ: 15000
Ghost columns identified: 6562 total ghost values needed
Local vector initialized (size=938 per process)

========================================
COMPREHENSIVE METRICS SUMMARY
========================================
PROCESSES: 64
DISTRIBUTION: 2D_cyclic
ITERATIONS: 10
Matrix NNZ: 179999
BALANCE: nnz_local   min=       0  avg=   2812.48  max=   15000
COMM:    ghost       min=       0  avg=   1640.61  max=    6563  | recv_double_avg=  13124.88 B
MEM:     bytes       min=   97500  avg=    144379  max=  330004
STRUCT:  ghost_ratio min=   0.000  avg=    16.406  max=  87.507
METRICS: t_total     = 9.897e-05        t_comp.   = 7.780e-05      t_comm= 2.360e-05
         gflops_total= 3.637536e+00   gflops_comp= 4.627463e+00
========================================

[RESULT] 0,64,2D_cyclic,0,0.000097990,0.000020504,15000,6562,30000
[RESULT] 0,64,2D_cyclic,1,0.000093699,0.000016451,15000,6562,30000
[RESULT] 0,64,2D_cyclic,2,0.000093460,0.000015974,15000,6562,30000
[RESULT] 0,64,2D_cyclic,3,0.000102520,0.000025511,15000,6562,30000
[RESULT] 0,64,2D_cyclic,4,0.000092745,0.000016212,15000,6562,30000
[RESULT] 0,64,2D_cyclic,5,0.000093460,0.000016689,15000,6562,30000
[RESULT] 0,64,2D_cyclic,6,0.000091791,0.000015736,15000,6562,30000
[RESULT] 0,64,2D_cyclic,7,0.000093222,0.000016689,15000,6562,30000
[RESULT] 0,64,2D_cyclic,8,0.000091314,0.000014544,15000,6562,30000
[RESULT] 0,64,2D_cyclic,9,0.000092268,0.000015497,15000,6562,30000
Total execution time: 0.186 seconds
