Retrieving the matrix from '../matrices/cond-mat-2005.mtx'...
%%MatrixMarket matrix coordinate real symmetric
40421 40421 175693
Real Matrix: Rows=40421 | Cols=40421 | NNZ=175693 | Procs=16 | Distribution=2D
2D Process Grid: 4 x 4 (rows x cols)
Rank 6: Grid pos (1,2) | Rows [10106-20212) | Cols [20212-30318) | Local NNZ: 0
Rank 7: Grid pos (1,3) | Rows [10106-20212) | Cols [30318-40421) | Local NNZ: 0
Rank 2: Grid pos (0,2) | Rows [0-10106) | Cols [20212-30318) | Local NNZ: 0
Rank 1: Grid pos (0,1) | Rows [0-10106) | Cols [10106-20212) | Local NNZ: 0
Rank 3: Grid pos (0,3) | Rows [0-10106) | Cols [30318-40421) | Local NNZ: 0
Rank 11: Grid pos (2,3) | Rows [20212-30318) | Cols [30318-40421) | Local NNZ: 0
Rank 13: Grid pos (3,1) | Rows [30318-40421) | Cols [10106-20212) | Local NNZ: 5837
Rank 14: Grid pos (3,2) | Rows [30318-40421) | Cols [20212-30318) | Local NNZ: 3576
Rank 9: Grid pos (2,1) | Rows [20212-30318) | Cols [10106-20212) | Local NNZ: 11473
Rank 12: Grid pos (3,0) | Rows [30318-40421) | Cols [0-10106) | Local NNZ: 15392
Rank 15: Grid pos (3,3) | Rows [30318-40421) | Cols [30318-40421) | Local NNZ: 8047
Rank 10: Grid pos (2,2) | Rows [20212-30318) | Cols [20212-30318) | Local NNZ: 12751
Rank 8: Grid pos (2,0) | Rows [20212-30318) | Cols [0-10106) | Local NNZ: 18004
Rank 5: Grid pos (1,1) | Rows [10106-20212) | Cols [10106-20212) | Local NNZ: 20091
Rank 4: Grid pos (1,0) | Rows [10106-20212) | Cols [0-10106) | Local NNZ: 33178
Rank 0: Grid pos (0,0) | Rows [0-10106) | Cols [0-10106) | Local NNZ: 47344
Applied 2D distribution
Ghost columns identified: 7399 total ghost values needed
Local vector initialized (size=2527 per process)

========================================
COMPREHENSIVE METRICS SUMMARY
========================================
PROCESSES: 16
DISTRIBUTION: 2D
ITERATIONS: 10
Matrix NNZ: 175693
BALANCE: nnz_local   min=       0  avg=  10980.81  max=   47344
COMM:    ghost       min=       0  avg=   2675.38  max=    7399  | recv_double_avg=  21403.00 B
MEM:     bytes       min=  141484  avg=    294650  max=  768812
STRUCT:  ghost_ratio min=   0.000  avg=    18.891  max=  47.285
METRICS: t_total     = 5.855e-04        t_comp.   = 3.117e-04      t_comm= 2.968e-04
         gflops_total= 6.001139e-01   gflops_comp= 1.127377e+00
========================================

[RESULT] 0,16,2D,0,0.000746489,0.000430584,47344,7399,94688
[RESULT] 0,16,2D,1,0.000483990,0.000175953,47344,7399,94688
[RESULT] 0,16,2D,2,0.000463486,0.000148773,47344,7399,94688
[RESULT] 0,16,2D,3,0.000757217,0.000441551,47344,7399,94688
[RESULT] 0,16,2D,4,0.000472307,0.000164986,47344,7399,94688
[RESULT] 0,16,2D,5,0.000468016,0.000151396,47344,7399,94688
[RESULT] 0,16,2D,6,0.000757456,0.000441551,47344,7399,94688
[RESULT] 0,16,2D,7,0.000467539,0.000159740,47344,7399,94688
[RESULT] 0,16,2D,8,0.000757217,0.000449657,47344,7399,94688
[RESULT] 0,16,2D,9,0.000481606,0.000174284,47344,7399,94688
Total execution time: 0.117 seconds
