Retrieving the matrix from '../matrices/1138_bus.mtx'...
%%MatrixMarket matrix coordinate real symmetric
1138 1138 2596
Real Matrix: Rows=1138 | Cols=1138 | NNZ=2596 | Procs=4 | Distribution=2D
2D Process Grid: 2 x 2 (rows x cols)
Rank 2: Grid pos (1,0) | Rows [569-1138) | Cols [0-569) | Local NNZ: 140
Rank 0: Grid pos (0,0) | Rows [0-569) | Cols [0-569) | Local NNZ: 1289
Applied 2D distribution
Rank 1: Grid pos (0,1) | Rows [0-569) | Cols [569-1138) | Local NNZ: 0
Rank 3: Grid pos (1,1) | Rows [569-1138) | Cols [569-1138) | Local NNZ: 1167
Ghost columns identified: 426 total ghost values needed
Local vector initialized (size=285 per process)

========================================
COMPREHENSIVE METRICS SUMMARY
========================================
PROCESSES: 4
DISTRIBUTION: 2D
ITERATIONS: 10
Matrix NNZ: 2596
BALANCE: nnz_local   min=       0  avg=    649.00  max=    1289
COMM:    ghost       min=       0  avg=    227.75  max=     427  | recv_double_avg=   1822.00 B
MEM:     bytes       min=    9112  avg=     18718  max=   27988
STRUCT:  ghost_ratio min=   0.000  avg=    27.767  max=  41.429
METRICS: t_total     = 6.323e-05        t_comp.   = 7.987e-06      t_comm= 6.039e-05
         gflops_total= 8.211473e-02   gflops_comp= 6.500545e-01
========================================

[RESULT] 0,4,2D,0,0.000056744,0.000043392,1289,426,2578
[RESULT] 0,4,2D,1,0.000079870,0.000068903,1289,426,2578
[RESULT] 0,4,2D,2,0.000072241,0.000063181,1289,426,2578
[RESULT] 0,4,2D,3,0.000051737,0.000043631,1289,426,2578
[RESULT] 0,4,2D,4,0.000046253,0.000039339,1289,426,2578
[RESULT] 0,4,2D,5,0.000046492,0.000039816,1289,426,2578
[RESULT] 0,4,2D,6,0.000046730,0.000040293,1289,426,2578
[RESULT] 0,4,2D,7,0.000046730,0.000040531,1289,426,2578
[RESULT] 0,4,2D,8,0.000046253,0.000040293,1289,426,2578
[RESULT] 0,4,2D,9,0.000046015,0.000039816,1289,426,2578
Total execution time: 0.005 seconds
