Retrieving the matrix from '../matrices/Hook_1498.mtx'...
%%MatrixMarket matrix coordinate real symmetric
1498023 1498023 31207734
Real Matrix: Rows=1498023 | Cols=1498023 | NNZ=31207734 | Procs=1 | Distribution=1D
Applied 1D distribution
Ghost columns identified: 0 total ghost values needed
Local vector initialized (size=1498023 per process)

========================================
COMPREHENSIVE METRICS SUMMARY
========================================
PROCESSES: 1
DISTRIBUTION: 1D
ITERATIONS: 10
Matrix NNZ: 31207734
BALANCE: nnz_local   min=31207734  avg=31207734.00  max=31207734
COMM:    ghost       min=       0  avg=      0.00  max=       0  | recv_double_avg=      0.00 B
MEM:     bytes       min=404453272  avg= 404453272  max=404453272
STRUCT:  ghost_ratio min=   0.000  avg=     0.000  max=   0.000
METRICS: t_total     = 9.956e-02        t_comp.   = 9.931e-02      t_comm= 2.467e-04
         gflops_total= 6.269137e-01   gflops_comp= 6.284711e-01
========================================

[RESULT] 0,1,1D,0,0.099560261,0.000260592,31207734,0,62415468
[RESULT] 0,1,1D,1,0.099528074,0.000260115,31207734,0,62415468
[RESULT] 0,1,1D,2,0.099559069,0.000251055,31207734,0,62415468
[RESULT] 0,1,1D,3,0.099651575,0.000262976,31207734,0,62415468
[RESULT] 0,1,1D,4,0.099549055,0.000220537,31207734,0,62415468
[RESULT] 0,1,1D,5,0.099543333,0.000252008,31207734,0,62415468
[RESULT] 0,1,1D,6,0.099571466,0.000247002,31207734,0,62415468
[RESULT] 0,1,1D,7,0.099591255,0.000244856,31207734,0,62415468
[RESULT] 0,1,1D,8,0.099467754,0.000203848,31207734,0,62415468
[RESULT] 0,1,1D,9,0.099577188,0.000264168,31207734,0,62415468
Total execution time: 19.095 seconds
