Retrieving the matrix from '../matrices/Hook_1498.mtx'...
%%MatrixMarket matrix coordinate real symmetric
1498023 1498023 31207734
Real Matrix: Rows=1498023 | Cols=1498023 | NNZ=31207734 | Procs=32 | Distribution=1D
Applied 1D distribution
Ghost columns identified: 677726 total ghost values needed
Local vector initialized (size=46814 per process)

========================================
COMPREHENSIVE METRICS SUMMARY
========================================
PROCESSES: 32
DISTRIBUTION: 1D
ITERATIONS: 10
Matrix NNZ: 31207734
BALANCE: nnz_local   min=  972581  avg= 975241.69  max=  978414
COMM:    ghost       min=  677568  avg= 679000.47  max=  680740  | recv_double_avg=5432003.75 B
MEM:     bytes       min=18031032  avg=  18071172  max=18120840
STRUCT:  ghost_ratio min=  69.426  avg=    69.624  max=  69.760
METRICS: t_total     = 3.793e-01        t_comp.   = 1.087e-01      t_comm= 3.017e-01
         gflops_total= 1.645604e-01   gflops_comp= 5.740906e-01
========================================

[RESULT] 0,32,1D,0,0.384993792,0.320001125,972745,677726,1945490
[RESULT] 0,32,1D,1,0.321776628,0.256213665,972745,677726,1945490
[RESULT] 0,32,1D,2,0.380932093,0.320000648,972745,677726,1945490
[RESULT] 0,32,1D,3,0.384800673,0.259820223,972745,677726,1945490
[RESULT] 0,32,1D,4,0.321642399,0.256041050,972745,677726,1945490
[RESULT] 0,32,1D,5,0.326141357,0.261006117,972745,677726,1945490
[RESULT] 0,32,1D,6,0.321362495,0.256174326,972745,677726,1945490
[RESULT] 0,32,1D,7,0.386364698,0.321304083,972745,677726,1945490
[RESULT] 0,32,1D,8,0.448148012,0.316468000,972745,677726,1945490
[RESULT] 0,32,1D,9,0.444105864,0.317359924,972745,677726,1945490
Total execution time: 415.471 seconds
