Retrieving the matrix from '../matrices/dixmaanl.mtx'...
%%MatrixMarket matrix coordinate real symmetric
60000 60000 179999
Real Matrix: Rows=60000 | Cols=60000 | NNZ=179999 | Procs=16 | Distribution=2D_cyclic
2D Process Grid (Cyclic): 4 x 4
Rank 11: Grid pos (2,3) | Local rows: 15000 | Local NNZ: 0
Rank 12: Grid pos (3,0) | Local rows: 15000 | Local NNZ: 0
Rank 8: Grid pos (2,0) | Local rows: 15000 | Local NNZ: 0
Rank 7: Grid pos (1,3) | Local rows: 15000 | Local NNZ: 0
Rank 9: Grid pos (2,1) | Local rows: 15000 | Local NNZ: 15000
Rank 10: Grid pos (2,2) | Local rows: 15000 | Local NNZ: 30000
Rank 6: Grid pos (1,2) | Local rows: 15000 | Local NNZ: 0
Rank 2: Grid pos (0,2) | Local rows: 15000 | Local NNZ: 0
Rank 13: Grid pos (3,1) | Local rows: 15000 | Local NNZ: 0
Rank 1: Grid pos (0,1) | Local rows: 15000 | Local NNZ: 0
Rank 3: Grid pos (0,3) | Local rows: 15000 | Local NNZ: 14999
Rank 4: Grid pos (1,0) | Local rows: 15000 | Local NNZ: 15000
Rank 14: Grid pos (3,2) | Local rows: 15000 | Local NNZ: 15000
Rank 5: Grid pos (1,1) | Local rows: 15000 | Local NNZ: 30000
Rank 15: Grid pos (3,3) | Local rows: 15000 | Local NNZ: 30000
Rank 0: Grid pos (0,0) | Local rows: 15000 | Local NNZ: 30000
Applied 2Dcyclic distribution
Ghost columns identified: 11250 total ghost values needed
Local vector initialized (size=3750 per process)

========================================
COMPREHENSIVE METRICS SUMMARY
========================================
PROCESSES: 16
DISTRIBUTION: 2D_cyclic
ITERATIONS: 10
Matrix NNZ: 179999
BALANCE: nnz_local   min=       0  avg=  11249.94  max=   30000
COMM:    ghost       min=       0  avg=   5624.94  max=   11250  | recv_double_avg=  44999.50 B
MEM:     bytes       min=  210004  avg=    390003  max=  660004
STRUCT:  ghost_ratio min=   0.000  avg=    28.125  max=  75.000
METRICS: t_total     = 1.647e-04        t_comp.   = 1.391e-04      t_comm= 2.840e-05
         gflops_total= 2.185786e+00   gflops_comp= 2.588618e+00
========================================

[RESULT] 0,16,2D_cyclic,0,0.000172138,0.000026226,30000,11250,60000
[RESULT] 0,16,2D_cyclic,1,0.000163555,0.000025988,30000,11250,60000
[RESULT] 0,16,2D_cyclic,2,0.000162601,0.000025034,30000,11250,60000
[RESULT] 0,16,2D_cyclic,3,0.000160694,0.000023842,30000,11250,60000
[RESULT] 0,16,2D_cyclic,4,0.000161648,0.000024080,30000,11250,60000
[RESULT] 0,16,2D_cyclic,5,0.000169039,0.000025034,30000,11250,60000
[RESULT] 0,16,2D_cyclic,6,0.000162840,0.000025272,30000,11250,60000
[RESULT] 0,16,2D_cyclic,7,0.000160933,0.000023842,30000,11250,60000
[RESULT] 0,16,2D_cyclic,8,0.000161886,0.000024557,30000,11250,60000
[RESULT] 0,16,2D_cyclic,9,0.000161886,0.000024796,30000,11250,60000
Total execution time: 0.119 seconds
