Retrieving the matrix from '../matrices/tmt_sym.mtx'...
%%MatrixMarket matrix coordinate real symmetric
726713 726713 2903837
Real Matrix: Rows=726713 | Cols=726713 | NNZ=2903837 | Procs=1 | Distribution=1D
Applied 1D distribution
Ghost columns identified: 0 total ghost values needed
Local vector initialized (size=726713 per process)

========================================
COMPREHENSIVE METRICS SUMMARY
========================================
PROCESSES: 1
DISTRIBUTION: 1D
ITERATIONS: 10
Matrix NNZ: 2903837
BALANCE: nnz_local   min= 2903837  avg=2903837.00  max= 2903837
COMM:    ghost       min=       0  avg=      0.00  max=       0  | recv_double_avg=      0.00 B
MEM:     bytes       min=49380308  avg=  49380308  max=49380308
STRUCT:  ghost_ratio min=   0.000  avg=     0.000  max=   0.000
METRICS: t_total     = 1.346e-02        t_comp.   = 1.324e-02      t_comm= 2.225e-04
         gflops_total= 4.314752e-01   gflops_comp= 4.387273e-01
========================================

[RESULT] 0,1,1D,0,0.013464689,0.000221491,2903837,0,5807674
[RESULT] 0,1,1D,1,0.013461351,0.000219584,2903837,0,5807674
[RESULT] 0,1,1D,2,0.013490915,0.000246525,2903837,0,5807674
[RESULT] 0,1,1D,3,0.013456821,0.000208378,2903837,0,5807674
[RESULT] 0,1,1D,4,0.013438702,0.000203371,2903837,0,5807674
[RESULT] 0,1,1D,5,0.013455153,0.000199556,2903837,0,5807674
[RESULT] 0,1,1D,6,0.013449669,0.000223637,2903837,0,5807674
[RESULT] 0,1,1D,7,0.013483047,0.000253677,2903837,0,5807674
[RESULT] 0,1,1D,8,0.013455153,0.000227928,2903837,0,5807674
[RESULT] 0,1,1D,9,0.013444901,0.000220776,2903837,0,5807674
Total execution time: 2.013 seconds
