Retrieving the matrix from '../matrices/1138_bus.mtx'...
%%MatrixMarket matrix coordinate real symmetric
1138 1138 2596
Real Matrix: Rows=1138 | Cols=1138 | NNZ=2596 | Procs=8 | Distribution=1D
Applied 1D distribution
Ghost columns identified: 139 total ghost values needed
Local vector initialized (size=143 per process)

========================================
COMPREHENSIVE METRICS SUMMARY
========================================
PROCESSES: 8
DISTRIBUTION: 1D
ITERATIONS: 10
Matrix NNZ: 2596
BALANCE: nnz_local   min=     292  avg=    324.50  max=     343
COMM:    ghost       min=     131  avg=    150.75  max=     162  | recv_double_avg=   1206.00 B
MEM:     bytes       min=    7396  avg=      7949  max=    8248
STRUCT:  ghost_ratio min=  43.168  avg=    46.409  max=  48.485
METRICS: t_total     = 7.184e-05        t_comp.   = 2.289e-06      t_comm= 7.012e-05
         gflops_total= 7.227622e-02   gflops_comp= 2.268419e+00
========================================

[RESULT] 0,8,1D,0,0.000066519,0.000063181,322,139,644
[RESULT] 0,8,1D,1,0.000066042,0.000063896,322,139,644
[RESULT] 0,8,1D,2,0.000055790,0.000054359,322,139,644
[RESULT] 0,8,1D,3,0.000052691,0.000051260,322,139,644
[RESULT] 0,8,1D,4,0.000057220,0.000055790,322,139,644
[RESULT] 0,8,1D,5,0.000061989,0.000060320,322,139,644
[RESULT] 0,8,1D,6,0.000060558,0.000059128,322,139,644
[RESULT] 0,8,1D,7,0.000069141,0.000067949,322,139,644
[RESULT] 0,8,1D,8,0.000080347,0.000078678,322,139,644
[RESULT] 0,8,1D,9,0.000148058,0.000146627,322,139,644
Total execution time: 0.005 seconds
