Retrieving the matrix from '../matrices/tmt_sym.mtx'...
%%MatrixMarket matrix coordinate real symmetric
726713 726713 2903837
Real Matrix: Rows=726713 | Cols=726713 | NNZ=2903837 | Procs=4 | Distribution=2D
2D Process Grid: 2 x 2 (rows x cols)
Rank 2: Grid pos (1,0) | Rows [363357-726713) | Cols [0-363357) | Local NNZ: 1923
Rank 1: Grid pos (0,1) | Rows [0-363357) | Cols [363357-726713) | Local NNZ: 0
Rank 0: Grid pos (0,0) | Rows [0-363357) | Cols [0-363357) | Local NNZ: 1450962
Applied 2D distribution
Rank 3: Grid pos (1,1) | Rows [363357-726713) | Cols [363357-726713) | Local NNZ: 1450952
Ghost columns identified: 272517 total ghost values needed
Local vector initialized (size=181679 per process)

========================================
COMPREHENSIVE METRICS SUMMARY
========================================
PROCESSES: 4
DISTRIBUTION: 2D
ITERATIONS: 10
Matrix NNZ: 2903837
BALANCE: nnz_local   min=       0  avg= 725959.25  max= 1450962
COMM:    ghost       min=       0  avg= 136439.00  max=  272517  | recv_double_avg=1091512.00 B
MEM:     bytes       min= 5813712  avg=  15616731  max=25405400
STRUCT:  ghost_ratio min=   0.000  avg=    18.777  max=  37.546
METRICS: t_total     = 1.067e-01        t_comp.   = 9.317e-03      t_comm= 9.736e-02
         gflops_total= 5.444084e-02   gflops_comp= 6.233166e-01
========================================

[RESULT] 0,4,2D,0,0.113347054,0.104034185,1450962,272517,2901924
[RESULT] 0,4,2D,1,0.103902578,0.094639301,1450962,272517,2901924
[RESULT] 0,4,2D,2,0.104021311,0.094702244,1450962,272517,2901924
[RESULT] 0,4,2D,3,0.103995800,0.094639063,1450962,272517,2901924
[RESULT] 0,4,2D,4,0.102020979,0.092604876,1450962,272517,2901924
[RESULT] 0,4,2D,5,0.103868723,0.094529152,1450962,272517,2901924
[RESULT] 0,4,2D,6,0.113371372,0.104041338,1450962,272517,2901924
[RESULT] 0,4,2D,7,0.103959799,0.094638109,1450962,272517,2901924
[RESULT] 0,4,2D,8,0.114260435,0.105037451,1450962,272517,2901924
[RESULT] 0,4,2D,9,0.104038239,0.094746828,1450962,272517,2901924
Total execution time: 10.072 seconds
