Retrieving the matrix from '../matrices/dixmaanl.mtx'...
%%MatrixMarket matrix coordinate real symmetric
60000 60000 179999
Real Matrix: Rows=60000 | Cols=60000 | NNZ=179999 | Procs=1 | Distribution=1D
Applied 1D distribution
Ghost columns identified: 0 total ghost values needed
Local vector initialized (size=60000 per process)

========================================
COMPREHENSIVE METRICS SUMMARY
========================================
PROCESSES: 1
DISTRIBUTION: 1D
ITERATIONS: 10
Matrix NNZ: 179999
BALANCE: nnz_local   min=  179999  avg= 179999.00  max=  179999
COMM:    ghost       min=       0  avg=      0.00  max=       0  | recv_double_avg=      0.00 B
MEM:     bytes       min= 3359992  avg=   3359992  max= 3359992
STRUCT:  ghost_ratio min=   0.000  avg=     0.000  max=   0.000
METRICS: t_total     = 6.254e-04        t_comp.   = 6.249e-04      t_comm= 5.245e-07
         gflops_total= 5.756103e-01   gflops_comp= 5.760935e-01
========================================

[RESULT] 0,1,1D,0,0.000627279,0.000000715,179999,0,359998
[RESULT] 0,1,1D,1,0.000627518,0.000000477,179999,0,359998
[RESULT] 0,1,1D,2,0.000621319,0.000000477,179999,0,359998
[RESULT] 0,1,1D,3,0.000626564,0.000000477,179999,0,359998
[RESULT] 0,1,1D,4,0.000621796,0.000000715,179999,0,359998
[RESULT] 0,1,1D,5,0.000626802,0.000000238,179999,0,359998
[RESULT] 0,1,1D,6,0.000626326,0.000000715,179999,0,359998
[RESULT] 0,1,1D,7,0.000621557,0.000000715,179999,0,359998
[RESULT] 0,1,1D,8,0.000627041,0.000000238,179999,0,359998
[RESULT] 0,1,1D,9,0.000627995,0.000000477,179999,0,359998
Total execution time: 0.224 seconds
