Retrieving the matrix from '../matrices/tmt_sym.mtx'...
%%MatrixMarket matrix coordinate real symmetric
726713 726713 2903837
Real Matrix: Rows=726713 | Cols=726713 | NNZ=2903837 | Procs=32 | Distribution=1D
Applied 1D distribution
Ghost columns identified: 65697 total ghost values needed
Local vector initialized (size=22710 per process)

========================================
COMPREHENSIVE METRICS SUMMARY
========================================
PROCESSES: 32
DISTRIBUTION: 1D
ITERATIONS: 10
Matrix NNZ: 2903837
BALANCE: nnz_local   min=   90504  avg=  90744.91  max=   90959
COMM:    ghost       min=   64406  avg=  65228.78  max=   65826  | recv_double_avg= 521830.25 B
MEM:     bytes       min= 2055500  avg=   2064969  max= 2072120
STRUCT:  ghost_ratio min=  71.164  avg=    71.881  max=  72.533
METRICS: t_total     = 5.671e-03        t_comp.   = 8.483e-04      t_comm= 4.950e-03
         gflops_total= 1.024044e+00   gflops_comp= 6.846304e+00
========================================

[RESULT] 0,32,1D,0,0.005573034,0.004858732,90585,65697,181170
[RESULT] 0,32,1D,1,0.005415440,0.004706144,90585,65697,181170
[RESULT] 0,32,1D,2,0.005626202,0.004914522,90585,65697,181170
[RESULT] 0,32,1D,3,0.005652666,0.004949570,90585,65697,181170
[RESULT] 0,32,1D,4,0.005536795,0.004851580,90585,65697,181170
[RESULT] 0,32,1D,5,0.005551338,0.004861355,90585,65697,181170
[RESULT] 0,32,1D,6,0.005546570,0.004858732,90585,65697,181170
[RESULT] 0,32,1D,7,0.005385160,0.004709721,90585,65697,181170
[RESULT] 0,32,1D,8,0.004824162,0.004159451,90585,65697,181170
[RESULT] 0,32,1D,9,0.005598783,0.004902124,90585,65697,181170
Total execution time: 2.411 seconds
