Retrieving the matrix from '../matrices/1138_bus.mtx'...
%%MatrixMarket matrix coordinate real symmetric
1138 1138 2596
Real Matrix: Rows=1138 | Cols=1138 | NNZ=2596 | Procs=64 | Distribution=1D
Applied 1D distribution
Ghost columns identified: 24 total ghost values needed
Local vector initialized (size=18 per process)

========================================
COMPREHENSIVE METRICS SUMMARY
========================================
PROCESSES: 64
DISTRIBUTION: 1D
ITERATIONS: 10
Matrix NNZ: 2596
BALANCE: nnz_local   min=      31  avg=     40.56  max=      53
COMM:    ghost       min=      14  avg=     22.47  max=      35  | recv_double_avg=    179.75 B
MEM:     bytes       min=     828  avg=      1026  max=    1280
STRUCT:  ghost_ratio min=  42.424  avg=    54.665  max=  66.038
METRICS: t_total     = 3.019e-04        t_comp.   = 1.669e-06      t_comm= 3.016e-04
         gflops_total= 1.719721e-02   gflops_comp= 3.110975e+00
========================================

[RESULT] 0,64,1D,0,0.000272989,0.000272274,43,24,86
[RESULT] 0,64,1D,1,0.000183105,0.000182629,43,24,86
[RESULT] 0,64,1D,2,0.000191689,0.000191450,43,24,86
[RESULT] 0,64,1D,3,0.000171900,0.000171661,43,24,86
[RESULT] 0,64,1D,4,0.000187635,0.000187397,43,24,86
[RESULT] 0,64,1D,5,0.000165939,0.000165701,43,24,86
[RESULT] 0,64,1D,6,0.000183105,0.000182867,43,24,86
[RESULT] 0,64,1D,7,0.000201464,0.000201225,43,24,86
[RESULT] 0,64,1D,8,0.000183344,0.000183105,43,24,86
[RESULT] 0,64,1D,9,0.000167370,0.000167131,43,24,86
Total execution time: 0.018 seconds
