Retrieving the matrix from '../matrices/cond-mat-2005.mtx'...
%%MatrixMarket matrix coordinate real symmetric
40421 40421 175693
Real Matrix: Rows=40421 | Cols=40421 | NNZ=175693 | Procs=4 | Distribution=1D
Applied 1D distribution
Ghost columns identified: 13288 total ghost values needed
Local vector initialized (size=10106 per process)

========================================
COMPREHENSIVE METRICS SUMMARY
========================================
PROCESSES: 4
DISTRIBUTION: 1D
ITERATIONS: 10
Matrix NNZ: 175693
BALANCE: nnz_local   min=   43386  avg=  43923.25  max=   44345
COMM:    ghost       min=   13177  avg=  13264.50  max=   13374  | recv_double_avg= 106116.00 B
MEM:     bytes       min=  829728  avg=    835304  max=  840568
STRUCT:  ghost_ratio min=  29.965  avg=    30.202  max=  30.826
METRICS: t_total     = 6.401e-04        t_comp.   = 4.213e-04      t_comm= 2.230e-04
         gflops_total= 5.489700e-01   gflops_comp= 8.340802e-01
========================================

[RESULT] 0,4,1D,0,0.000668764,0.000241041,44345,13288,88690
[RESULT] 0,4,1D,1,0.000630617,0.000212193,44345,13288,88690
[RESULT] 0,4,1D,2,0.000634909,0.000216484,44345,13288,88690
[RESULT] 0,4,1D,3,0.000633955,0.000209808,44345,13288,88690
[RESULT] 0,4,1D,4,0.000638485,0.000220776,44345,13288,88690
[RESULT] 0,4,1D,5,0.000627279,0.000209093,44345,13288,88690
[RESULT] 0,4,1D,6,0.000627279,0.000202894,44345,13288,88690
[RESULT] 0,4,1D,7,0.000623465,0.000204802,44345,13288,88690
[RESULT] 0,4,1D,8,0.000627041,0.000204563,44345,13288,88690
[RESULT] 0,4,1D,9,0.000632524,0.000209808,44345,13288,88690
Total execution time: 0.099 seconds
