Retrieving the matrix from '../matrices/dixmaanl.mtx'...
%%MatrixMarket matrix coordinate real symmetric
60000 60000 179999
Real Matrix: Rows=60000 | Cols=60000 | NNZ=179999 | Procs=8 | Distribution=2D_cyclic
2D Process Grid (Cyclic): 2 x 4
Rank 7: Grid pos (1,3) | Local rows: 30000 | Local NNZ: 30000
Rank 3: Grid pos (0,3) | Local rows: 30000 | Local NNZ: 14999
Rank 6: Grid pos (1,2) | Local rows: 30000 | Local NNZ: 15000
Rank 4: Grid pos (1,0) | Local rows: 30000 | Local NNZ: 15000
Rank 5: Grid pos (1,1) | Local rows: 30000 | Local NNZ: 30000
Rank 1: Grid pos (0,1) | Local rows: 30000 | Local NNZ: 15000
Rank 0: Grid pos (0,0) | Local rows: 30000 | Local NNZ: 30000
Applied 2Dcyclic distribution
Rank 2: Grid pos (0,2) | Local rows: 30000 | Local NNZ: 30000
Ghost columns identified: 7500 total ghost values needed
Local vector initialized (size=7500 per process)

========================================
COMPREHENSIVE METRICS SUMMARY
========================================
PROCESSES: 8
DISTRIBUTION: 2D_cyclic
ITERATIONS: 10
Matrix NNZ: 179999
BALANCE: nnz_local   min=   14999  avg=  22499.88  max=   30000
COMM:    ghost       min=    7499  avg=   7499.88  max=    7500  | recv_double_avg=  59999.00 B
MEM:     bytes       min=  659984  avg=    750002  max=  840004
STRUCT:  ghost_ratio min=  25.000  avg=    37.500  max=  50.000
METRICS: t_total     = 1.922e-04        t_comp.   = 1.644e-04      t_comm= 2.875e-05
         gflops_total= 1.872911e+00   gflops_comp= 2.189272e+00
========================================

[RESULT] 0,8,2D_cyclic,0,0.000190258,0.000028133,30000,7500,60000
[RESULT] 0,8,2D_cyclic,1,0.000189066,0.000028133,30000,7500,60000
[RESULT] 0,8,2D_cyclic,2,0.000187159,0.000025988,30000,7500,60000
[RESULT] 0,8,2D_cyclic,3,0.000187874,0.000027180,30000,7500,60000
[RESULT] 0,8,2D_cyclic,4,0.000197887,0.000027657,30000,7500,60000
[RESULT] 0,8,2D_cyclic,5,0.000193357,0.000028849,30000,7500,60000
[RESULT] 0,8,2D_cyclic,6,0.000192642,0.000027895,30000,7500,60000
[RESULT] 0,8,2D_cyclic,7,0.000191689,0.000026941,30000,7500,60000
[RESULT] 0,8,2D_cyclic,8,0.000192881,0.000028133,30000,7500,60000
[RESULT] 0,8,2D_cyclic,9,0.000199318,0.000028849,30000,7500,60000
Total execution time: 0.111 seconds
