Retrieving the matrix from '../matrices/Hook_1498.mtx'...
%%MatrixMarket matrix coordinate real symmetric
1498023 1498023 31207734
Real Matrix: Rows=1498023 | Cols=1498023 | NNZ=31207734 | Procs=4 | Distribution=1D
Applied 1D distribution
Ghost columns identified: 1087032 total ghost values needed
Local vector initialized (size=374506 per process)

========================================
COMPREHENSIVE METRICS SUMMARY
========================================
PROCESSES: 4
DISTRIBUTION: 1D
ITERATIONS: 10
Matrix NNZ: 31207734
BALANCE: nnz_local   min= 7800588  avg=7801933.50  max= 7803735
COMM:    ghost       min= 1086762  avg=1086905.75  max= 1087032  | recv_double_avg=8695246.00 B
MEM:     bytes       min=109791276  avg= 109808567  max=109830692
STRUCT:  ghost_ratio min=  13.929  avg=    13.931  max=  13.933
METRICS: t_total     = 7.434e-01        t_comp.   = 1.113e-01      t_comm= 6.338e-01
         gflops_total= 8.396234e-02   gflops_comp= 5.605392e-01
========================================

[RESULT] 0,4,1D,0,0.735152483,0.623999119,7802548,1087032,15605096
[RESULT] 0,4,1D,1,0.724267721,0.613060951,7802548,1087032,15605096
[RESULT] 0,4,1D,2,0.735191822,0.624007463,7802548,1087032,15605096
[RESULT] 0,4,1D,3,0.729940176,0.616774559,7802548,1087032,15605096
[RESULT] 0,4,1D,4,0.733192921,0.622001410,7802548,1087032,15605096
[RESULT] 0,4,1D,5,0.737311602,0.626081944,7802548,1087032,15605096
[RESULT] 0,4,1D,6,0.735175371,0.624001026,7802548,1087032,15605096
[RESULT] 0,4,1D,7,0.726611137,0.615605831,7802548,1087032,15605096
[RESULT] 0,4,1D,8,0.735180616,0.623995304,7802548,1087032,15605096
[RESULT] 0,4,1D,9,0.729001045,0.618007421,7802548,1087032,15605096
Total execution time: 94.429 seconds
