Retrieving the matrix from '../matrices/msdoor.mtx'...
%%MatrixMarket matrix coordinate real symmetric
415863 415863 10328399
Real Matrix: Rows=415863 | Cols=415863 | NNZ=10328399 | Procs=128 | Distribution=2D_cyclic
Rank 24: Grid pos (1,8) | Local rows: 51983 | Local NNZ: 90871
Rank 27: Grid pos (1,11) | Local rows: 51983 | Local NNZ: 70730
Rank 26: Grid pos (1,10) | Local rows: 51983 | Local NNZ: 68924
Rank 23: Grid pos (1,7) | Local rows: 51983 | Local NNZ: 86320
Rank 25: Grid pos (1,9) | Local rows: 51983 | Local NNZ: 94044
Rank 28: Grid pos (1,12) | Local rows: 51983 | Local NNZ: 74315
Rank 22: Grid pos (1,6) | Local rows: 51983 | Local NNZ: 83100
Rank 21: Grid pos (1,5) | Local rows: 51983 | Local NNZ: 79840
Rank 29: Grid pos (1,13) | Local rows: 51983 | Local NNZ: 77507
Rank 60: Grid pos (3,12) | Local rows: 51983 | Local NNZ: 71258
Rank 20: Grid pos (1,4) | Local rows: 51983 | Local NNZ: 76476
Rank 18: Grid pos (1,2) | Local rows: 51983 | Local NNZ: 68743
Rank 19: Grid pos (1,3) | Local rows: 51983 | Local NNZ: 70834
Rank 61: Grid pos (3,13) | Local rows: 51983 | Local NNZ: 73047
Rank 59: Grid pos (3,11) | Local rows: 51983 | Local NNZ: 93788
Rank 30: Grid pos (1,14) | Local rows: 51983 | Local NNZ: 80755
Rank 16: Grid pos (1,0) | Local rows: 51983 | Local NNZ: 90555
Rank 58: Grid pos (3,10) | Local rows: 51983 | Local NNZ: 90734
Rank 31: Grid pos (1,15) | Local rows: 51983 | Local NNZ: 83973
Rank 62: Grid pos (3,14) | Local rows: 51983 | Local NNZ: 76135
Rank 17: Grid pos (1,1) | Local rows: 51983 | Local NNZ: 93754
Rank 35: Grid pos (2,3) | Local rows: 51983 | Local NNZ: 69861
Rank 36: Grid pos (2,4) | Local rows: 51983 | Local NNZ: 71888
Rank 32: Grid pos (2,0) | Local rows: 51983 | Local NNZ: 88420
2D Process Grid (Cyclic): 8 x 16
Rank 14: Grid pos (0,14) | Local rows: 51983 | Local NNZ: 84817
Rank 33: Grid pos (2,1) | Local rows: 51983 | Local NNZ: 91758
Rank 57: Grid pos (3,9) | Local rows: 51983 | Local NNZ: 87519
Rank 63: Grid pos (3,15) | Local rows: 51983 | Local NNZ: 79411
Rank 34: Grid pos (2,2) | Local rows: 51983 | Local NNZ: 94681
Rank 15: Grid pos (0,15) | Local rows: 51983 | Local NNZ: 88061
Rank 37: Grid pos (2,5) | Local rows: 51983 | Local NNZ: 75165
Rank 12: Grid pos (0,12) | Local rows: 51983 | Local NNZ: 78193
Rank 8: Grid pos (0,8) | Local rows: 51983 | Local NNZ: 94769
Rank 11: Grid pos (0,11) | Local rows: 51983 | Local NNZ: 74832
Rank 9: Grid pos (0,9) | Local rows: 51983 | Local NNZ: 69990
Rank 13: Grid pos (0,13) | Local rows: 51983 | Local NNZ: 81558
Rank 55: Grid pos (3,7) | Local rows: 51983 | Local NNZ: 77915
Rank 7: Grid pos (0,7) | Local rows: 51983 | Local NNZ: 88429
Rank 64: Grid pos (4,0) | Local rows: 51983 | Local NNZ: 78034
Rank 56: Grid pos (3,8) | Local rows: 51983 | Local NNZ: 84244
Rank 38: Grid pos (2,6) | Local rows: 51983 | Local NNZ: 78431
Rank 65: Grid pos (4,1) | Local rows: 51983 | Local NNZ: 81407
Rank 6: Grid pos (0,6) | Local rows: 51983 | Local NNZ: 85081
Rank 53: Grid pos (3,5) | Local rows: 51983 | Local NNZ: 71399
Rank 54: Grid pos (3,6) | Local rows: 51983 | Local NNZ: 74695
Rank 5: Grid pos (0,5) | Local rows: 51983 | Local NNZ: 81839
Rank 39: Grid pos (2,7) | Local rows: 51983 | Local NNZ: 81751
Rank 52: Grid pos (3,4) | Local rows: 51983 | Local NNZ: 69516
Rank 66: Grid pos (4,2) | Local rows: 51983 | Local NNZ: 84501
Rank 40: Grid pos (2,8) | Local rows: 51983 | Local NNZ: 86434
Rank 41: Grid pos (2,9) | Local rows: 51983 | Local NNZ: 89748
Rank 51: Grid pos (3,3) | Local rows: 51983 | Local NNZ: 93906
Rank 4: Grid pos (0,4) | Local rows: 51983 | Local NNZ: 78479
Rank 3: Grid pos (0,3) | Local rows: 51983 | Local NNZ: 73054
Rank 67: Grid pos (4,3) | Local rows: 51983 | Local NNZ: 87923
Rank 68: Grid pos (4,4) | Local rows: 51983 | Local NNZ: 92765
Rank 50: Grid pos (3,2) | Local rows: 51983 | Local NNZ: 90676
Rank 42: Grid pos (2,10) | Local rows: 51983 | Local NNZ: 92784
Rank 43: Grid pos (2,11) | Local rows: 51983 | Local NNZ: 67981
Rank 2: Grid pos (0,2) | Local rows: 51983 | Local NNZ: 69659
Rank 47: Grid pos (2,15) | Local rows: 51983 | Local NNZ: 81619
Rank 49: Grid pos (3,1) | Local rows: 51983 | Local NNZ: 87497
Rank 1: Grid pos (0,1) | Local rows: 51983 | Local NNZ: 68006
Rank 10: Grid pos (0,10) | Local rows: 51983 | Local NNZ: 71633
Rank 120: Grid pos (7,8) | Local rows: 51982 | Local NNZ: 70731
Rank 0: Grid pos (0,0) | Local rows: 51983 | Local NNZ: 92851
Applied 2Dcyclic distribution
Rank 48: Grid pos (3,0) | Local rows: 51983 | Local NNZ: 84166
Rank 44: Grid pos (2,12) | Local rows: 51983 | Local NNZ: 71900
Rank 127: Grid pos (7,15) | Local rows: 51982 | Local NNZ: 93534
Rank 46: Grid pos (2,14) | Local rows: 51983 | Local NNZ: 78280
Rank 45: Grid pos (2,13) | Local rows: 51983 | Local NNZ: 75106
Rank 69: Grid pos (4,5) | Local rows: 51983 | Local NNZ: 67926
Rank 126: Grid pos (7,14) | Local rows: 51982 | Local NNZ: 90486
Rank 121: Grid pos (7,9) | Local rows: 51982 | Local NNZ: 72659
Rank 119: Grid pos (7,7) | Local rows: 51982 | Local NNZ: 92222
Rank 116: Grid pos (7,4) | Local rows: 51982 | Local NNZ: 82460
Rank 125: Grid pos (7,13) | Local rows: 51982 | Local NNZ: 87247
Rank 94: Grid pos (5,14) | Local rows: 51983 | Local NNZ: 67059
Rank 96: Grid pos (6,0) | Local rows: 51983 | Local NNZ: 73288
Rank 122: Grid pos (7,10) | Local rows: 51982 | Local NNZ: 75631
Rank 98: Grid pos (6,2) | Local rows: 51983 | Local NNZ: 79548
Rank 117: Grid pos (7,5) | Local rows: 51982 | Local NNZ: 85783
Rank 95: Grid pos (5,15) | Local rows: 51983 | Local NNZ: 68796
Rank 70: Grid pos (4,6) | Local rows: 51983 | Local NNZ: 69836
Rank 97: Grid pos (6,1) | Local rows: 51983 | Local NNZ: 76482
Rank 123: Grid pos (7,11) | Local rows: 51982 | Local NNZ: 78850
Rank 111: Grid pos (6,15) | Local rows: 51983 | Local NNZ: 67508
Rank 92: Grid pos (5,12) | Local rows: 51983 | Local NNZ: 88943
Rank 124: Grid pos (7,12) | Local rows: 51982 | Local NNZ: 83935
Rank 108: Grid pos (6,12) | Local rows: 51983 | Local NNZ: 86194
Rank 118: Grid pos (7,6) | Local rows: 51982 | Local NNZ: 89090
Rank 71: Grid pos (4,7) | Local rows: 51983 | Local NNZ: 73021
Rank 93: Grid pos (5,13) | Local rows: 51983 | Local NNZ: 92005
Rank 104: Grid pos (6,8) | Local rows: 51983 | Local NNZ: 71637
Rank 115: Grid pos (7,3) | Local rows: 51982 | Local NNZ: 79035
Rank 106: Grid pos (6,10) | Local rows: 51983 | Local NNZ: 78048
Rank 112: Grid pos (7,0) | Local rows: 51982 | Local NNZ: 70663
Rank 113: Grid pos (7,1) | Local rows: 51982 | Local NNZ: 72600
Rank 114: Grid pos (7,2) | Local rows: 51982 | Local NNZ: 75662
Rank 99: Grid pos (6,3) | Local rows: 51983 | Local NNZ: 82988
Rank 72: Grid pos (4,8) | Local rows: 51983 | Local NNZ: 79980
Rank 73: Grid pos (4,9) | Local rows: 51983 | Local NNZ: 83324
Rank 109: Grid pos (6,13) | Local rows: 51983 | Local NNZ: 89517
Rank 88: Grid pos (5,8) | Local rows: 51983 | Local NNZ: 75958
Rank 107: Grid pos (6,11) | Local rows: 51983 | Local NNZ: 81337
Rank 82: Grid pos (5,2) | Local rows: 51983 | Local NNZ: 81902
Rank 110: Grid pos (6,14) | Local rows: 51983 | Local NNZ: 92523
Rank 105: Grid pos (6,9) | Local rows: 51983 | Local NNZ: 74893
Rank 101: Grid pos (6,5) | Local rows: 51983 | Local NNZ: 89545
Rank 100: Grid pos (6,4) | Local rows: 51983 | Local NNZ: 86190
Rank 91: Grid pos (5,11) | Local rows: 51983 | Local NNZ: 85655
Rank 103: Grid pos (6,7) | Local rows: 51983 | Local NNZ: 67910
Rank 75: Grid pos (4,11) | Local rows: 51983 | Local NNZ: 89792
Rank 102: Grid pos (6,6) | Local rows: 51983 | Local NNZ: 92764
Rank 74: Grid pos (4,10) | Local rows: 51983 | Local NNZ: 86440
Rank 89: Grid pos (5,9) | Local rows: 51983 | Local NNZ: 79268
Rank 77: Grid pos (4,13) | Local rows: 51983 | Local NNZ: 67729
Rank 79: Grid pos (4,15) | Local rows: 51983 | Local NNZ: 72683
Rank 87: Grid pos (5,7) | Local rows: 51983 | Local NNZ: 71041
Rank 85: Grid pos (5,5) | Local rows: 51983 | Local NNZ: 93776
Rank 76: Grid pos (4,12) | Local rows: 51983 | Local NNZ: 92646
Rank 81: Grid pos (5,1) | Local rows: 51983 | Local NNZ: 78838
Rank 78: Grid pos (4,14) | Local rows: 51983 | Local NNZ: 69486
Rank 83: Grid pos (5,3) | Local rows: 51983 | Local NNZ: 85282
Rank 80: Grid pos (5,0) | Local rows: 51983 | Local NNZ: 75573
Rank 84: Grid pos (5,4) | Local rows: 51983 | Local NNZ: 90605
Rank 86: Grid pos (5,6) | Local rows: 51983 | Local NNZ: 69107
Rank 90: Grid pos (5,10) | Local rows: 51983 | Local NNZ: 82433
Ghost columns identified: 22743 total ghost values needed
Local vector initialized (size=3249 per process)

========================================
COMPREHENSIVE METRICS SUMMARY
========================================
PROCESSES: 128
DISTRIBUTION: 2D_cyclic
ITERATIONS: 10
Matrix NNZ: 10328399
BALANCE: nnz_local   min=   67059  avg=  80690.62  max=   94769
COMM:    ghost       min=   18105  avg=  20430.30  max=   22743  | recv_double_avg= 163442.38 B
MEM:     bytes       min= 1599340  avg=   1781520  max= 1968956
STRUCT:  ghost_ratio min=  23.997  avg=    25.394  max=  27.102
METRICS: t_total     = 1.809e-03        t_comp.   = 1.485e-03      t_comm= 3.359e-04
         gflops_total= 1.141995e+01   gflops_comp= 1.391375e+01
========================================

[RESULT] 0,128,2D_cyclic,0,0.001338482,0.000202894,92851,22743,185702
[RESULT] 0,128,2D_cyclic,1,0.001291513,0.000162601,92851,22743,185702
[RESULT] 0,128,2D_cyclic,2,0.001314402,0.000166893,92851,22743,185702
[RESULT] 0,128,2D_cyclic,3,0.001314640,0.000162840,92851,22743,185702
[RESULT] 0,128,2D_cyclic,4,0.001319885,0.000163794,92851,22743,185702
[RESULT] 0,128,2D_cyclic,5,0.001314640,0.000162363,92851,22743,185702
[RESULT] 0,128,2D_cyclic,6,0.001319170,0.000164270,92851,22743,185702
[RESULT] 0,128,2D_cyclic,7,0.001310110,0.000163317,92851,22743,185702
[RESULT] 0,128,2D_cyclic,8,0.001319170,0.000171423,92851,22743,185702
[RESULT] 0,128,2D_cyclic,9,0.001396179,0.000167608,92851,22743,185702
Total execution time: 16.159 seconds
