Retrieving the matrix from '../matrices/flowmeter0.mtx'...
%%MatrixMarket matrix coordinate real symmetric
9669 9669 38530
Real Matrix: Rows=9669 | Cols=9669 | NNZ=38530 | Procs=128 | Distribution=1D
Applied 1D distribution
Ghost columns identified: 221 total ghost values needed
Local vector initialized (size=76 per process)

========================================
COMPREHENSIVE METRICS SUMMARY
========================================
PROCESSES: 128
DISTRIBUTION: 1D
ITERATIONS: 10
Matrix NNZ: 38530
BALANCE: nnz_local   min=     296  avg=    301.02  max=     305
COMM:    ghost       min=     221  avg=    225.41  max=     229  | recv_double_avg=   1803.25 B
MEM:     bytes       min=    6824  avg=      6930  max=    7016
STRUCT:  ghost_ratio min=  74.172  avg=    74.881  max=  75.248
METRICS: t_total     = 2.601e-02        t_comp.   = 1.357e-05      t_comm= 2.601e-02
         gflops_total= 2.962442e-03   gflops_comp= 5.680370e+00
========================================

[RESULT] 0,128,1D,0,0.014213562,0.014211655,297,221,594
[RESULT] 0,128,1D,1,0.014126778,0.014125586,297,221,594
[RESULT] 0,128,1D,2,0.014070034,0.014068604,297,221,594
[RESULT] 0,128,1D,3,0.014063120,0.014061689,297,221,594
[RESULT] 0,128,1D,4,0.014115095,0.014113188,297,221,594
[RESULT] 0,128,1D,5,0.014040947,0.014039516,297,221,594
[RESULT] 0,128,1D,6,0.014069796,0.014068365,297,221,594
[RESULT] 0,128,1D,7,0.014048338,0.014046907,297,221,594
[RESULT] 0,128,1D,8,0.014110565,0.014109373,297,221,594
[RESULT] 0,128,1D,9,0.014063358,0.014062166,297,221,594
Total execution time: 0.427 seconds
