Retrieving the matrix from '../matrices/flowmeter0.mtx'...
%%MatrixMarket matrix coordinate real symmetric
9669 9669 38530
Real Matrix: Rows=9669 | Cols=9669 | NNZ=38530 | Procs=4 | Distribution=2D_cyclic
Rank 1: Grid pos (0,1) | Local rows: 4835 | Local NNZ: 7198
2D Process Grid (Cyclic): 2 x 2
Rank 0: Grid pos (0,0) | Local rows: 4835 | Local NNZ: 12073
Applied 2Dcyclic distribution
Rank 3: Grid pos (1,1) | Local rows: 4834 | Local NNZ: 12049
Rank 2: Grid pos (1,0) | Local rows: 4834 | Local NNZ: 7210
Ghost columns identified: 2417 total ghost values needed
Local vector initialized (size=2418 per process)

========================================
COMPREHENSIVE METRICS SUMMARY
========================================
PROCESSES: 4
DISTRIBUTION: 2D_cyclic
ITERATIONS: 10
Matrix NNZ: 38530
BALANCE: nnz_local   min=    7198  avg=   9632.50  max=   12073
COMM:    ghost       min=    2189  avg=   2304.25  max=    2417  | recv_double_avg=  18434.00 B
MEM:     bytes       min=  181288  avg=    211380  max=  241580
STRUCT:  ghost_ratio min=  20.020  avg=    25.230  max=  30.481
METRICS: t_total     = 2.601e-02        t_comp.   = 2.347e-04      t_comm= 2.578e-02
         gflops_total= 2.962504e-03   gflops_comp= 3.283351e-01
========================================

[RESULT] 0,4,2D_cyclic,0,0.026226759,0.025994778,12073,2417,24146
[RESULT] 0,4,2D_cyclic,1,0.025968552,0.025739670,12073,2417,24146
[RESULT] 0,4,2D_cyclic,2,0.025977373,0.025756598,12073,2417,24146
[RESULT] 0,4,2D_cyclic,3,0.026006937,0.025774240,12073,2417,24146
[RESULT] 0,4,2D_cyclic,4,0.025988102,0.025746822,12073,2417,24146
[RESULT] 0,4,2D_cyclic,5,0.025967121,0.025743723,12073,2417,24146
[RESULT] 0,4,2D_cyclic,6,0.026002645,0.025764465,12073,2417,24146
[RESULT] 0,4,2D_cyclic,7,0.025983810,0.025749922,12073,2417,24146
[RESULT] 0,4,2D_cyclic,8,0.025999546,0.025754213,12073,2417,24146
[RESULT] 0,4,2D_cyclic,9,0.025996923,0.025746346,12073,2417,24146
Total execution time: 0.609 seconds
