Retrieving the matrix from '../matrices/cond-mat-2005.mtx'...
%%MatrixMarket matrix coordinate real symmetric
40421 40421 175693
Real Matrix: Rows=40421 | Cols=40421 | NNZ=175693 | Procs=32 | Distribution=1D
Applied 1D distribution
Ghost columns identified: 4199 total ghost values needed
Local vector initialized (size=1264 per process)

========================================
COMPREHENSIVE METRICS SUMMARY
========================================
PROCESSES: 32
DISTRIBUTION: 1D
ITERATIONS: 10
Matrix NNZ: 175693
BALANCE: nnz_local   min=    5247  avg=   5490.41  max=    5756
COMM:    ghost       min=    3884  avg=   4084.19  max=    4265  | recv_double_avg=  32673.50 B
MEM:     bytes       min=  120248  avg=    123826  max=  127944
STRUCT:  ghost_ratio min=  71.793  avg=    74.411  max=  77.046
METRICS: t_total     = 2.101e-01        t_comp.   = 2.632e-02      t_comm= 2.091e-01
         gflops_total= 1.672393e-03   gflops_comp= 1.335269e-02
========================================

[RESULT] 0,32,1D,0,0.193114519,0.191988230,5498,4199,10996
[RESULT] 0,32,1D,1,0.193119049,0.192000389,5498,4199,10996
[RESULT] 0,32,1D,2,0.192857742,0.191998482,5498,4199,10996
[RESULT] 0,32,1D,3,0.192850828,0.191993713,5498,4199,10996
[RESULT] 0,32,1D,4,0.167572975,0.166971922,5498,4199,10996
[RESULT] 0,32,1D,5,0.192321539,0.192002773,5498,4199,10996
[RESULT] 0,32,1D,6,0.259188414,0.258983374,5498,4199,10996
[RESULT] 0,32,1D,7,0.256586790,0.255991936,5498,4199,10996
[RESULT] 0,32,1D,8,0.260682106,0.256984234,5498,4199,10996
[RESULT] 0,32,1D,9,0.192803144,0.192071199,5498,4199,10996
Total execution time: 10.427 seconds
