Retrieving the matrix from '../matrices/Hook_1498.mtx'...
%%MatrixMarket matrix coordinate real symmetric
1498023 1498023 31207734
Real Matrix: Rows=1498023 | Cols=1498023 | NNZ=31207734 | Procs=2 | Distribution=1D
Applied 1D distribution
Ghost columns identified: 744635 total ghost values needed
Local vector initialized (size=749012 per process)

========================================
COMPREHENSIVE METRICS SUMMARY
========================================
PROCESSES: 2
DISTRIBUTION: 1D
ITERATIONS: 10
Matrix NNZ: 31207734
BALANCE: nnz_local   min=15603136  avg=15603867.00  max=15604598
COMM:    ghost       min=  744635  avg= 744692.50  max=  744750  | recv_double_avg=5957540.00 B
MEM:     bytes       min=208174956  avg= 208184178  max=208193400
STRUCT:  ghost_ratio min=   4.772  avg=     4.772  max=   4.773
METRICS: t_total     = 1.012e-01        t_comp.   = 9.357e-02      t_comm= 7.588e-03
         gflops_total= 6.169905e-01   gflops_comp= 6.670262e-01
========================================

[RESULT] 0,2,1D,0,0.104919672,0.011639118,15603136,744635,31206272
[RESULT] 0,2,1D,1,0.101280689,0.008000851,15603136,744635,31206272
[RESULT] 0,2,1D,2,0.100668907,0.007269621,15603136,744635,31206272
[RESULT] 0,2,1D,3,0.100610733,0.007117987,15603136,744635,31206272
[RESULT] 0,2,1D,4,0.100702763,0.006999731,15603136,744635,31206272
[RESULT] 0,2,1D,5,0.100697994,0.006977081,15603136,744635,31206272
[RESULT] 0,2,1D,6,0.100534678,0.007066727,15603136,744635,31206272
[RESULT] 0,2,1D,7,0.100719690,0.006914616,15603136,744635,31206272
[RESULT] 0,2,1D,8,0.100568056,0.006920338,15603136,744635,31206272
[RESULT] 0,2,1D,9,0.100908279,0.006978035,15603136,744635,31206272
Total execution time: 19.303 seconds
