Retrieving the matrix from '../matrices/flowmeter0.mtx'...
%%MatrixMarket matrix coordinate real symmetric
9669 9669 38530
Real Matrix: Rows=9669 | Cols=9669 | NNZ=38530 | Procs=64 | Distribution=1D
Applied 1D distribution
Ghost columns identified: 447 total ghost values needed
Local vector initialized (size=152 per process)

========================================
COMPREHENSIVE METRICS SUMMARY
========================================
PROCESSES: 64
DISTRIBUTION: 1D
ITERATIONS: 10
Matrix NNZ: 38530
BALANCE: nnz_local   min=     597  avg=    602.03  max=     607
COMM:    ghost       min=     443  avg=    449.66  max=     455  | recv_double_avg=   3597.25 B
MEM:     bytes       min=   13732  avg=     13847  max=   13952
STRUCT:  ghost_ratio min=  73.754  avg=    74.689  max=  75.083
METRICS: t_total     = 4.785e-01        t_comp.   = 1.655e-05      t_comm= 4.785e-01
         gflops_total= 1.610422e-04   gflops_comp= 4.657249e+00
========================================

[RESULT] 0,64,1D,0,0.384102583,0.384088755,599,447,1198
[RESULT] 0,64,1D,1,0.511992455,0.511975050,599,447,1198
[RESULT] 0,64,1D,2,0.512018681,0.512005568,599,447,1198
[RESULT] 0,64,1D,3,0.384102821,0.384088755,599,447,1198
[RESULT] 0,64,1D,4,0.511992931,0.511978388,599,447,1198
[RESULT] 0,64,1D,5,0.384088039,0.384073257,599,447,1198
[RESULT] 0,64,1D,6,0.511999846,0.511987448,599,447,1198
[RESULT] 0,64,1D,7,0.384100914,0.384085655,599,447,1198
[RESULT] 0,64,1D,8,0.384100676,0.384086370,599,447,1198
[RESULT] 0,64,1D,9,0.512036324,0.512022972,599,447,1198
Total execution time: 16.717 seconds
