Retrieving the matrix from '../matrices/1138_bus.mtx'...
%%MatrixMarket matrix coordinate real symmetric
1138 1138 2596
Real Matrix: Rows=1138 | Cols=1138 | NNZ=2596 | Procs=16 | Distribution=1D
Applied 1D distribution
Ghost columns identified: 80 total ghost values needed
Local vector initialized (size=72 per process)

========================================
COMPREHENSIVE METRICS SUMMARY
========================================
PROCESSES: 16
DISTRIBUTION: 1D
ITERATIONS: 10
Matrix NNZ: 2596
BALANCE: nnz_local   min=     146  avg=    162.25  max=     178
COMM:    ghost       min=      69  avg=     83.56  max=      99  | recv_double_avg=    668.50 B
MEM:     bytes       min=    3728  avg=      4042  max=    4352
STRUCT:  ghost_ratio min=  47.260  avg=    51.422  max=  55.618
METRICS: t_total     = 9.730e-05        t_comp.   = 1.049e-06      t_comm= 9.637e-05
         gflops_total= 5.336150e-02   gflops_comp= 4.949279e+00
========================================

[RESULT] 0,16,1D,0,0.000084877,0.000083208,163,80,326
[RESULT] 0,16,1D,1,0.000085592,0.000084639,163,80,326
[RESULT] 0,16,1D,2,0.000085592,0.000084877,163,80,326
[RESULT] 0,16,1D,3,0.000089407,0.000088453,163,80,326
[RESULT] 0,16,1D,4,0.000088215,0.000087500,163,80,326
[RESULT] 0,16,1D,5,0.000090837,0.000090122,163,80,326
[RESULT] 0,16,1D,6,0.000086069,0.000085354,163,80,326
[RESULT] 0,16,1D,7,0.000082731,0.000082016,163,80,326
[RESULT] 0,16,1D,8,0.000085115,0.000084400,163,80,326
[RESULT] 0,16,1D,9,0.000092745,0.000092030,163,80,326
Total execution time: 0.009 seconds
