Retrieving the matrix from '../matrices/dixmaanl.mtx'...
%%MatrixMarket matrix coordinate real symmetric
60000 60000 179999
Real Matrix: Rows=60000 | Cols=60000 | NNZ=179999 | Procs=4 | Distribution=2D
2D Process Grid: 2 x 2 (rows x cols)
Rank 1: Grid pos (0,1) | Rows [0-30000) | Cols [30000-60000) | Local NNZ: 0
Rank 2: Grid pos (1,0) | Rows [30000-60000) | Cols [0-30000) | Local NNZ: 40001
Rank 0: Grid pos (0,0) | Rows [0-30000) | Cols [0-30000) | Local NNZ: 69999
Applied 2D distribution
Rank 3: Grid pos (1,1) | Rows [30000-60000) | Cols [30000-60000) | Local NNZ: 69999
Ghost columns identified: 22500 total ghost values needed
Local vector initialized (size=15000 per process)

========================================
COMPREHENSIVE METRICS SUMMARY
========================================
PROCESSES: 4
DISTRIBUTION: 2D
ITERATIONS: 10
Matrix NNZ: 179999
BALANCE: nnz_local   min=       0  avg=  44999.75  max=   69999
COMM:    ghost       min=       0  avg=  16875.00  max=   22500  | recv_double_avg= 135000.00 B
MEM:     bytes       min=  480004  avg=   1155001  max= 1499992
STRUCT:  ghost_ratio min=   0.000  avg=    30.134  max=  56.249
METRICS: t_total     = 5.963e-04        t_comp.   = 3.114e-04      t_comm= 2.854e-04
         gflops_total= 6.036867e-01   gflops_comp= 1.155980e+00
========================================

[RESULT] 0,4,2D,0,0.000593185,0.000283003,69999,22500,139998
[RESULT] 0,4,2D,1,0.000602961,0.000294685,69999,22500,139998
[RESULT] 0,4,2D,2,0.000590563,0.000271797,69999,22500,139998
[RESULT] 0,4,2D,3,0.000568390,0.000258923,69999,22500,139998
[RESULT] 0,4,2D,4,0.000569344,0.000259638,69999,22500,139998
[RESULT] 0,4,2D,5,0.000568628,0.000252247,69999,22500,139998
[RESULT] 0,4,2D,6,0.000610352,0.000300884,69999,22500,139998
[RESULT] 0,4,2D,7,0.000610352,0.000300646,69999,22500,139998
[RESULT] 0,4,2D,8,0.000583887,0.000274420,69999,22500,139998
[RESULT] 0,4,2D,9,0.000557661,0.000244856,69999,22500,139998
Total execution time: 0.109 seconds
