Retrieving the matrix from '../matrices/msdoor.mtx'...
%%MatrixMarket matrix coordinate real symmetric
415863 415863 10328399
Real Matrix: Rows=415863 | Cols=415863 | NNZ=10328399 | Procs=32 | Distribution=2D
2D Process Grid: 4 x 8 (rows x cols)
Rank 2: Grid pos (0,2) | Rows [0-103966) | Cols [103966-155949) | Local NNZ: 0
Rank 3: Grid pos (0,3) | Rows [0-103966) | Cols [155949-207932) | Local NNZ: 0
Rank 5: Grid pos (0,5) | Rows [0-103966) | Cols [259915-311898) | Local NNZ: 0
Rank 4: Grid pos (0,4) | Rows [0-103966) | Cols [207932-259915) | Local NNZ: 0
Rank 17: Grid pos (2,1) | Rows [207932-311898) | Cols [51983-103966) | Local NNZ: 0
Rank 7: Grid pos (0,7) | Rows [0-103966) | Cols [363881-415863) | Local NNZ: 0
Rank 16: Grid pos (2,0) | Rows [207932-311898) | Cols [0-51983) | Local NNZ: 2232
Rank 15: Grid pos (1,7) | Rows [103966-207932) | Cols [363881-415863) | Local NNZ: 0
Rank 6: Grid pos (0,6) | Rows [0-103966) | Cols [311898-363881) | Local NNZ: 0
Rank 8: Grid pos (1,0) | Rows [103966-207932) | Cols [0-51983) | Local NNZ: 78944
Rank 13: Grid pos (1,5) | Rows [103966-207932) | Cols [259915-311898) | Local NNZ: 0
Rank 23: Grid pos (2,7) | Rows [207932-311898) | Cols [363881-415863) | Local NNZ: 0
Rank 19: Grid pos (2,3) | Rows [207932-311898) | Cols [155949-207932) | Local NNZ: 338761
Rank 14: Grid pos (1,6) | Rows [103966-207932) | Cols [311898-363881) | Local NNZ: 0
Rank 9: Grid pos (1,1) | Rows [103966-207932) | Cols [51983-103966) | Local NNZ: 203668
Rank 12: Grid pos (1,4) | Rows [103966-207932) | Cols [207932-259915) | Local NNZ: 0
Rank 25: Grid pos (3,1) | Rows [311898-415863) | Cols [51983-103966) | Local NNZ: 0
Rank 22: Grid pos (2,6) | Rows [207932-311898) | Cols [311898-363881) | Local NNZ: 0
Rank 18: Grid pos (2,2) | Rows [207932-311898) | Cols [103966-155949) | Local NNZ: 184479
Rank 24: Grid pos (3,0) | Rows [311898-415863) | Cols [0-51983) | Local NNZ: 0
Rank 27: Grid pos (3,3) | Rows [311898-415863) | Cols [155949-207932) | Local NNZ: 134925
Rank 26: Grid pos (3,2) | Rows [311898-415863) | Cols [103966-155949) | Local NNZ: 174636
Rank 29: Grid pos (3,5) | Rows [311898-415863) | Cols [259915-311898) | Local NNZ: 568511
Rank 28: Grid pos (3,4) | Rows [311898-415863) | Cols [207932-259915) | Local NNZ: 487137
Rank 11: Grid pos (1,3) | Rows [103966-207932) | Cols [155949-207932) | Local NNZ: 700392
Rank 1: Grid pos (0,1) | Rows [0-103966) | Cols [51983-103966) | Local NNZ: 1144685
Rank 31: Grid pos (3,7) | Rows [311898-415863) | Cols [363881-415863) | Local NNZ: 695870
Rank 21: Grid pos (2,5) | Rows [207932-311898) | Cols [259915-311898) | Local NNZ: 766587
Rank 30: Grid pos (3,6) | Rows [311898-415863) | Cols [311898-363881) | Local NNZ: 1006097
Rank 20: Grid pos (2,4) | Rows [207932-311898) | Cols [207932-259915) | Local NNZ: 1145431
Rank 0: Grid pos (0,0) | Rows [0-103966) | Cols [0-51983) | Local NNZ: 1324463
Applied 2D distribution
Rank 10: Grid pos (1,2) | Rows [103966-207932) | Cols [103966-155949) | Local NNZ: 1371581
Ghost columns identified: 50358 total ghost values needed
Local vector initialized (size=12996 per process)

========================================
COMPREHENSIVE METRICS SUMMARY
========================================
PROCESSES: 32
DISTRIBUTION: 2D
ITERATIONS: 10
Matrix NNZ: 10328399
BALANCE: nnz_local   min=       0  avg= 322762.47  max= 1371581
COMM:    ghost       min=       0  avg=  15732.59  max=   50359  | recv_double_avg= 125860.75 B
MEM:     bytes       min= 1351544  avg=   5350569  max=18213400
STRUCT:  ghost_ratio min=   0.000  avg=     3.580  max=  32.213
METRICS: t_total     = 3.152e-01        t_comp.   = 6.598e-02      t_comm= 2.493e-01
         gflops_total= 6.553341e-02   gflops_comp= 3.131003e-01
========================================

[RESULT] 0,32,2D,0,0.321634769,0.255983353,1324463,50358,2648926
[RESULT] 0,32,2D,1,0.321613312,0.256000996,1324463,50358,2648926
[RESULT] 0,32,2D,2,0.321600914,0.256007910,1324463,50358,2648926
[RESULT] 0,32,2D,3,0.321591616,0.255998611,1324463,50358,2648926
[RESULT] 0,32,2D,4,0.321597815,0.256000519,1324463,50358,2648926
[RESULT] 0,32,2D,5,0.321599483,0.256001472,1324463,50358,2648926
[RESULT] 0,32,2D,6,0.321611643,0.256007910,1324463,50358,2648926
[RESULT] 0,32,2D,7,0.324612379,0.256004095,1324463,50358,2648926
[RESULT] 0,32,2D,8,0.321608067,0.256004095,1324463,50358,2648926
[RESULT] 0,32,2D,9,0.254631996,0.189048767,1324463,50358,2648926
Total execution time: 150.737 seconds
