Retrieving the matrix from '../matrices/msdoor.mtx'...
%%MatrixMarket matrix coordinate real symmetric
415863 415863 10328399
Real Matrix: Rows=415863 | Cols=415863 | NNZ=10328399 | Procs=16 | Distribution=1D
Applied 1D distribution
Ghost columns identified: 282439 total ghost values needed
Local vector initialized (size=25992 per process)

========================================
COMPREHENSIVE METRICS SUMMARY
========================================
PROCESSES: 16
DISTRIBUTION: 1D
ITERATIONS: 10
Matrix NNZ: 10328399
BALANCE: nnz_local   min=  637904  avg= 645524.94  max=  654058
COMM:    ghost       min=  281013  avg= 282842.94  max=  284550  | recv_double_avg=2262743.50 B
MEM:     bytes       min=10422796  avg=  10528876  max=10644720
STRUCT:  ghost_ratio min=  43.411  avg=    43.817  max=  44.101
METRICS: t_total     = 1.616e-01        t_comp.   = 3.623e-02      t_comm= 1.290e-01
         gflops_total= 1.278553e-01   gflops_comp= 5.701717e-01
========================================

[RESULT] 0,16,1D,0,0.128684998,0.096246243,640437,282439,1280874
[RESULT] 0,16,1D,1,0.128445387,0.096096277,640437,282439,1280874
[RESULT] 0,16,1D,2,0.128746510,0.096098185,640437,282439,1280874
[RESULT] 0,16,1D,3,0.128538132,0.096105576,640437,282439,1280874
[RESULT] 0,16,1D,4,0.160459995,0.128114223,640437,282439,1280874
[RESULT] 0,16,1D,5,0.160692692,0.128197193,640437,282439,1280874
[RESULT] 0,16,1D,6,0.160439491,0.128145695,640437,282439,1280874
[RESULT] 0,16,1D,7,0.160542250,0.128109932,640437,282439,1280874
[RESULT] 0,16,1D,8,0.160482168,0.128182650,640437,282439,1280874
[RESULT] 0,16,1D,9,0.160666466,0.128251553,640437,282439,1280874
Total execution time: 69.572 seconds
