Retrieving the matrix from '../matrices/msdoor.mtx'...
%%MatrixMarket matrix coordinate real symmetric
415863 415863 10328399
Real Matrix: Rows=415863 | Cols=415863 | NNZ=10328399 | Procs=4 | Distribution=1D
Applied 1D distribution
Ghost columns identified: 295524 total ghost values needed
Local vector initialized (size=103966 per process)

========================================
COMPREHENSIVE METRICS SUMMARY
========================================
PROCESSES: 4
DISTRIBUTION: 1D
ITERATIONS: 10
Matrix NNZ: 10328399
BALANCE: nnz_local   min= 2558744  avg=2582099.75  max= 2606494
COMM:    ghost       min=  295435  avg= 295540.75  max=  295616  | recv_double_avg=2364326.00 B
MEM:     bytes       min=35148444  avg=  35428842  max=35721936
STRUCT:  ghost_ratio min=  11.340  avg=    11.446  max=  11.550
METRICS: t_total     = 2.385e-01        t_comp.   = 2.798e-02      t_comm= 2.121e-01
         gflops_total= 8.660475e-02   gflops_comp= 7.383514e-01
========================================

[RESULT] 0,4,1D,0,0.233958006,0.205992460,2558744,295524,5117488
[RESULT] 0,4,1D,1,0.230989695,0.203070641,2558744,295524,5117488
[RESULT] 0,4,1D,2,0.226640463,0.198611498,2558744,295524,5117488
[RESULT] 0,4,1D,3,0.232005358,0.203930140,2558744,295524,5117488
[RESULT] 0,4,1D,4,0.235526800,0.207596064,2558744,295524,5117488
[RESULT] 0,4,1D,5,0.233914614,0.206023216,2558744,295524,5117488
[RESULT] 0,4,1D,6,0.225924730,0.198006868,2558744,295524,5117488
[RESULT] 0,4,1D,7,0.235963821,0.208009243,2558744,295524,5117488
[RESULT] 0,4,1D,8,0.234017611,0.205999613,2558744,295524,5117488
[RESULT] 0,4,1D,9,0.236047268,0.208004951,2558744,295524,5117488
Total execution time: 31.360 seconds
