Retrieving the matrix from '../matrices/tmt_sym.mtx'...
%%MatrixMarket matrix coordinate real symmetric
726713 726713 2903837
Real Matrix: Rows=726713 | Cols=726713 | NNZ=2903837 | Procs=128 | Distribution=1D
Applied 1D distribution
Ghost columns identified: 16797 total ghost values needed
Local vector initialized (size=5678 per process)

========================================
COMPREHENSIVE METRICS SUMMARY
========================================
PROCESSES: 128
DISTRIBUTION: 1D
ITERATIONS: 10
Matrix NNZ: 2903837
BALANCE: nnz_local   min=   22549  avg=  22686.23  max=   22844
COMM:    ghost       min=   16668  avg=  16839.34  max=   17020  | recv_double_avg= 134714.69 B
MEM:     bytes       min=  517924  avg=    520502  max=  523832
STRUCT:  ghost_ratio min=  73.746  avg=    74.227  max=  74.548
METRICS: t_total     = 1.792e+00        t_comp.   = 2.588e-02      t_comm= 1.791e+00
         gflops_total= 3.241588e-03   gflops_comp= 2.243950e-01
========================================

[RESULT] 0,128,1D,0,1.792364836,1.791994095,22609,16797,45218
[RESULT] 0,128,1D,1,1.792382002,1.792024612,22609,16797,45218
[RESULT] 0,128,1D,2,1.907623291,1.907027483,22609,16797,45218
[RESULT] 0,128,1D,3,1.536550522,1.536187172,22609,16797,45218
[RESULT] 0,128,1D,4,1.792393923,1.792038202,22609,16797,45218
[RESULT] 0,128,1D,5,1.792378426,1.792027950,22609,16797,45218
[RESULT] 0,128,1D,6,1.792390823,1.792031288,22609,16797,45218
[RESULT] 0,128,1D,7,1.536538839,1.536160707,22609,16797,45218
[RESULT] 0,128,1D,8,1.792366743,1.792007685,22609,16797,45218
[RESULT] 0,128,1D,9,1.792453766,1.792095423,22609,16797,45218
Total execution time: 275.145 seconds
