Retrieving the matrix from '../matrices/cond-mat-2005.mtx'...
%%MatrixMarket matrix coordinate real symmetric
40421 40421 175693
Real Matrix: Rows=40421 | Cols=40421 | NNZ=175693 | Procs=128 | Distribution=1D
Applied 1D distribution
Ghost columns identified: 1308 total ghost values needed
Local vector initialized (size=316 per process)

========================================
COMPREHENSIVE METRICS SUMMARY
========================================
PROCESSES: 128
DISTRIBUTION: 1D
ITERATIONS: 10
Matrix NNZ: 175693
BALANCE: nnz_local   min=    1173  avg=   1372.60  max=    1583
COMM:    ghost       min=    1098  avg=   1254.09  max=    1418  | recv_double_avg=  10032.69 B
MEM:     bytes       min=   29164  avg=     32824  max=   36664
STRUCT:  ghost_ratio min=  87.306  avg=    91.429  max=  95.496
METRICS: t_total     = 2.963e-03        t_comp.   = 2.117e-05      t_comm= 2.955e-03
         gflops_total= 1.185743e-01   gflops_comp= 1.659707e+01
========================================

[RESULT] 0,128,1D,0,0.002570629,0.002559185,1447,1308,2894
[RESULT] 0,128,1D,1,0.002676487,0.002667189,1447,1308,2894
[RESULT] 0,128,1D,2,0.002675772,0.002666473,1447,1308,2894
[RESULT] 0,128,1D,3,0.002392769,0.002383947,1447,1308,2894
[RESULT] 0,128,1D,4,0.002734661,0.002725124,1447,1308,2894
[RESULT] 0,128,1D,5,0.002555609,0.002546310,1447,1308,2894
[RESULT] 0,128,1D,6,0.002648354,0.002639294,1447,1308,2894
[RESULT] 0,128,1D,7,0.002542257,0.002533674,1447,1308,2894
[RESULT] 0,128,1D,8,0.002506018,0.002496958,1447,1308,2894
[RESULT] 0,128,1D,9,0.002304792,0.002296209,1447,1308,2894
Total execution time: 0.380 seconds
