Retrieving the matrix from '../matrices/Hook_1498.mtx'...
%%MatrixMarket matrix coordinate real symmetric
1498023 1498023 31207734
Real Matrix: Rows=1498023 | Cols=1498023 | NNZ=31207734 | Procs=16 | Distribution=2D_cyclic
2D Process Grid (Cyclic): 4 x 4
Rank 15: Grid pos (3,3) | Local rows: 374505 | Local NNZ: 2111763
Rank 0: Grid pos (0,0) | Local rows: 374506 | Local NNZ: 2109839
Applied 2Dcyclic distribution
Rank 2: Grid pos (0,2) | Local rows: 374506 | Local NNZ: 1893594
Rank 13: Grid pos (3,1) | Local rows: 374505 | Local NNZ: 1892025
Rank 14: Grid pos (3,2) | Local rows: 374505 | Local NNZ: 1998197
Rank 1: Grid pos (0,1) | Local rows: 374506 | Local NNZ: 1800484
Rank 11: Grid pos (2,3) | Local rows: 374506 | Local NNZ: 1802912
Rank 12: Grid pos (3,0) | Local rows: 374505 | Local NNZ: 1801750
Rank 9: Grid pos (2,1) | Local rows: 374506 | Local NNZ: 1994719
Rank 6: Grid pos (1,2) | Local rows: 374506 | Local NNZ: 1801988
Rank 8: Grid pos (2,0) | Local rows: 374506 | Local NNZ: 1892958
Rank 10: Grid pos (2,2) | Local rows: 374506 | Local NNZ: 2109999
Rank 4: Grid pos (1,0) | Local rows: 374506 | Local NNZ: 1996470
Rank 5: Grid pos (1,1) | Local rows: 374506 | Local NNZ: 2108112
Rank 3: Grid pos (0,3) | Local rows: 374506 | Local NNZ: 1998631
Rank 7: Grid pos (1,3) | Local rows: 374506 | Local NNZ: 1894293
Ghost columns identified: 280879 total ghost values needed
Local vector initialized (size=93627 per process)

========================================
COMPREHENSIVE METRICS SUMMARY
========================================
PROCESSES: 16
DISTRIBUTION: 2D_cyclic
ITERATIONS: 10
Matrix NNZ: 31207734
BALANCE: nnz_local   min= 1800484  avg=1950483.38  max= 2111763
COMM:    ghost       min=  266807  avg= 274004.88  max=  280880  | recv_double_avg=2192039.00 B
MEM:     bytes       min=28983772  avg=  30840924  max=32831260
STRUCT:  ghost_ratio min=  13.301  avg=    14.081  max=  14.822
METRICS: t_total     = 2.175e-02        t_comp.   = 2.026e-02      t_comm= 1.686e-03
         gflops_total= 2.870029e+00   gflops_comp= 3.080604e+00
========================================

[RESULT] 0,16,2D_cyclic,0,0.022634268,0.002341270,2109839,280879,4219678
[RESULT] 0,16,2D_cyclic,1,0.021613359,0.001368284,2109839,280879,4219678
[RESULT] 0,16,2D_cyclic,2,0.021748304,0.001433372,2109839,280879,4219678
[RESULT] 0,16,2D_cyclic,3,0.021649599,0.001387358,2109839,280879,4219678
[RESULT] 0,16,2D_cyclic,4,0.021671057,0.001416922,2109839,280879,4219678
[RESULT] 0,16,2D_cyclic,5,0.021618843,0.001409292,2109839,280879,4219678
[RESULT] 0,16,2D_cyclic,6,0.021654844,0.001387835,2109839,280879,4219678
[RESULT] 0,16,2D_cyclic,7,0.021742821,0.001465559,2109839,280879,4219678
[RESULT] 0,16,2D_cyclic,8,0.021624088,0.001357794,2109839,280879,4219678
[RESULT] 0,16,2D_cyclic,9,0.021516085,0.001297712,2109839,280879,4219678
Total execution time: 21.149 seconds
