Retrieving the matrix from '../matrices/msdoor.mtx'...
%%MatrixMarket matrix coordinate real symmetric
415863 415863 10328399
Real Matrix: Rows=415863 | Cols=415863 | NNZ=10328399 | Procs=16 | Distribution=2D_cyclic
2D Process Grid (Cyclic): 4 x 4
Rank 10: Grid pos (2,2) | Local rows: 103966 | Local NNZ: 687059
Rank 11: Grid pos (2,3) | Local rows: 103966 | Local NNZ: 600955
Rank 13: Grid pos (3,1) | Local rows: 103965 | Local NNZ: 637751
Rank 9: Grid pos (2,1) | Local rows: 103966 | Local NNZ: 662214
Rank 12: Grid pos (3,0) | Local rows: 103965 | Local NNZ: 616973
Rank 7: Grid pos (1,3) | Local rows: 103966 | Local NNZ: 622631
Rank 6: Grid pos (1,2) | Local rows: 103966 | Local NNZ: 602023
Rank 8: Grid pos (2,0) | Local rows: 103966 | Local NNZ: 635951
Rank 14: Grid pos (3,2) | Local rows: 103965 | Local NNZ: 663109
Rank 5: Grid pos (1,1) | Local rows: 103966 | Local NNZ: 689032
Rank 15: Grid pos (3,3) | Local rows: 103965 | Local NNZ: 688661
Rank 0: Grid pos (0,0) | Local rows: 103966 | Local NNZ: 687717
Applied 2Dcyclic distribution
Rank 4: Grid pos (1,0) | Local rows: 103966 | Local NNZ: 663296
Rank 1: Grid pos (0,1) | Local rows: 103966 | Local NNZ: 601779
Rank 3: Grid pos (0,3) | Local rows: 103966 | Local NNZ: 647795
Rank 2: Grid pos (0,2) | Local rows: 103966 | Local NNZ: 621453
Ghost columns identified: 77974 total ghost values needed
Local vector initialized (size=25992 per process)

========================================
COMPREHENSIVE METRICS SUMMARY
========================================
PROCESSES: 16
DISTRIBUTION: 2D_cyclic
ITERATIONS: 10
Matrix NNZ: 10328399
BALANCE: nnz_local   min=  600955  avg= 645524.94  max=  689032
COMM:    ghost       min=   71786  avg=  74918.88  max=   77975  | recv_double_avg= 599351.00 B
MEM:     bytes       min= 9241272  avg=   9801175  max=10347708
STRUCT:  ghost_ratio min=  11.316  avg=    11.617  max=  11.945
METRICS: t_total     = 1.302e-01        t_comp.   = 3.419e-02      t_comm= 9.606e-02
         gflops_total= 1.586202e-01   gflops_comp= 6.042278e-01
========================================

[RESULT] 0,16,2D_cyclic,0,0.130233049,0.096022844,687717,77974,1375434
[RESULT] 0,16,2D_cyclic,1,0.130194426,0.096040010,687717,77974,1375434
[RESULT] 0,16,2D_cyclic,2,0.130256414,0.096046448,687717,77974,1375434
[RESULT] 0,16,2D_cyclic,3,0.130228519,0.096048117,687717,77974,1375434
[RESULT] 0,16,2D_cyclic,4,0.130232811,0.096044302,687717,77974,1375434
[RESULT] 0,16,2D_cyclic,5,0.130183220,0.096033812,687717,77974,1375434
[RESULT] 0,16,2D_cyclic,6,0.130214453,0.096031904,687717,77974,1375434
[RESULT] 0,16,2D_cyclic,7,0.130280495,0.096040010,687717,77974,1375434
[RESULT] 0,16,2D_cyclic,8,0.130230188,0.096061468,687717,77974,1375434
[RESULT] 0,16,2D_cyclic,9,0.130226851,0.096040487,687717,77974,1375434
Total execution time: 71.418 seconds
