Retrieving the matrix from '../matrices/flowmeter0.mtx'...
%%MatrixMarket matrix coordinate real symmetric
9669 9669 38530
Real Matrix: Rows=9669 | Cols=9669 | NNZ=38530 | Procs=64 | Distribution=2D
2D Process Grid: 8 x 8 (rows x cols)
Rank 16: Grid pos (2,0) | Rows [2418-3627) | Cols [0-1209) | Local NNZ: 0
Rank 32: Grid pos (4,0) | Rows [4836-6045) | Cols [0-1209) | Local NNZ: 0
Rank 2: Grid pos (0,2) | Rows [0-1209) | Cols [2418-3627) | Local NNZ: 0
Rank 8: Grid pos (1,0) | Rows [1209-2418) | Cols [0-1209) | Local NNZ: 118
Rank 24: Grid pos (3,0) | Rows [3627-4836) | Cols [0-1209) | Local NNZ: 0
Rank 1: Grid pos (0,1) | Rows [0-1209) | Cols [1209-2418) | Local NNZ: 0
Rank 0: Grid pos (0,0) | Rows [0-1209) | Cols [0-1209) | Local NNZ: 4715
Applied 2D distribution
Rank 4: Grid pos (0,4) | Rows [0-1209) | Cols [4836-6045) | Local NNZ: 0
Rank 40: Grid pos (5,0) | Rows [6045-7254) | Cols [0-1209) | Local NNZ: 0
Rank 6: Grid pos (0,6) | Rows [0-1209) | Cols [7254-8463) | Local NNZ: 0
Rank 3: Grid pos (0,3) | Rows [0-1209) | Cols [3627-4836) | Local NNZ: 0
Rank 20: Grid pos (2,4) | Rows [2418-3627) | Cols [4836-6045) | Local NNZ: 0
Rank 5: Grid pos (0,5) | Rows [0-1209) | Cols [6045-7254) | Local NNZ: 0
Rank 17: Grid pos (2,1) | Rows [2418-3627) | Cols [1209-2418) | Local NNZ: 119
Rank 34: Grid pos (4,2) | Rows [4836-6045) | Cols [2418-3627) | Local NNZ: 0
Rank 33: Grid pos (4,1) | Rows [4836-6045) | Cols [1209-2418) | Local NNZ: 0
Rank 19: Grid pos (2,3) | Rows [2418-3627) | Cols [3627-4836) | Local NNZ: 0
Rank 11: Grid pos (1,3) | Rows [1209-2418) | Cols [3627-4836) | Local NNZ: 0
Rank 26: Grid pos (3,2) | Rows [3627-4836) | Cols [2418-3627) | Local NNZ: 117
Rank 21: Grid pos (2,5) | Rows [2418-3627) | Cols [6045-7254) | Local NNZ: 0
Rank 42: Grid pos (5,2) | Rows [6045-7254) | Cols [2418-3627) | Local NNZ: 0
Rank 25: Grid pos (3,1) | Rows [3627-4836) | Cols [1209-2418) | Local NNZ: 0
Rank 13: Grid pos (1,5) | Rows [1209-2418) | Cols [6045-7254) | Local NNZ: 0
Rank 10: Grid pos (1,2) | Rows [1209-2418) | Cols [2418-3627) | Local NNZ: 0
Rank 12: Grid pos (1,4) | Rows [1209-2418) | Cols [4836-6045) | Local NNZ: 0
Rank 18: Grid pos (2,2) | Rows [2418-3627) | Cols [2418-3627) | Local NNZ: 4712
Rank 37: Grid pos (4,5) | Rows [4836-6045) | Cols [6045-7254) | Local NNZ: 0
Rank 48: Grid pos (6,0) | Rows [7254-8463) | Cols [0-1209) | Local NNZ: 0
Rank 49: Grid pos (6,1) | Rows [7254-8463) | Cols [1209-2418) | Local NNZ: 0
Rank 14: Grid pos (1,6) | Rows [1209-2418) | Cols [7254-8463) | Local NNZ: 0
Rank 9: Grid pos (1,1) | Rows [1209-2418) | Cols [1209-2418) | Local NNZ: 4714
Rank 28: Grid pos (3,4) | Rows [3627-4836) | Cols [4836-6045) | Local NNZ: 0
Rank 35: Grid pos (4,3) | Rows [4836-6045) | Cols [3627-4836) | Local NNZ: 122
Rank 36: Grid pos (4,4) | Rows [4836-6045) | Cols [4836-6045) | Local NNZ: 4711
Rank 41: Grid pos (5,1) | Rows [6045-7254) | Cols [1209-2418) | Local NNZ: 0
Rank 50: Grid pos (6,2) | Rows [7254-8463) | Cols [2418-3627) | Local NNZ: 0
Rank 7: Grid pos (0,7) | Rows [0-1209) | Cols [8463-9669) | Local NNZ: 0
Rank 56: Grid pos (7,0) | Rows [8463-9669) | Cols [0-1209) | Local NNZ: 0
Rank 23: Grid pos (2,7) | Rows [2418-3627) | Cols [8463-9669) | Local NNZ: 0
Rank 38: Grid pos (4,6) | Rows [4836-6045) | Cols [7254-8463) | Local NNZ: 0
Rank 15: Grid pos (1,7) | Rows [1209-2418) | Cols [8463-9669) | Local NNZ: 0
Rank 52: Grid pos (6,4) | Rows [7254-8463) | Cols [4836-6045) | Local NNZ: 0
Rank 29: Grid pos (3,5) | Rows [3627-4836) | Cols [6045-7254) | Local NNZ: 0
Rank 22: Grid pos (2,6) | Rows [2418-3627) | Cols [7254-8463) | Local NNZ: 0
Rank 39: Grid pos (4,7) | Rows [4836-6045) | Cols [8463-9669) | Local NNZ: 0
Rank 44: Grid pos (5,4) | Rows [6045-7254) | Cols [4836-6045) | Local NNZ: 120
Rank 51: Grid pos (6,3) | Rows [7254-8463) | Cols [3627-4836) | Local NNZ: 0
Rank 30: Grid pos (3,6) | Rows [3627-4836) | Cols [7254-8463) | Local NNZ: 0
Rank 57: Grid pos (7,1) | Rows [8463-9669) | Cols [1209-2418) | Local NNZ: 0
Rank 43: Grid pos (5,3) | Rows [6045-7254) | Cols [3627-4836) | Local NNZ: 0
Rank 53: Grid pos (6,5) | Rows [7254-8463) | Cols [6045-7254) | Local NNZ: 119
Rank 46: Grid pos (5,6) | Rows [6045-7254) | Cols [7254-8463) | Local NNZ: 0
Rank 31: Grid pos (3,7) | Rows [3627-4836) | Cols [8463-9669) | Local NNZ: 0
Rank 59: Grid pos (7,3) | Rows [8463-9669) | Cols [3627-4836) | Local NNZ: 0
Rank 27: Grid pos (3,3) | Rows [3627-4836) | Cols [3627-4836) | Local NNZ: 4712
Rank 58: Grid pos (7,2) | Rows [8463-9669) | Cols [2418-3627) | Local NNZ: 0
Rank 55: Grid pos (6,7) | Rows [7254-8463) | Cols [8463-9669) | Local NNZ: 0
Rank 60: Grid pos (7,4) | Rows [8463-9669) | Cols [4836-6045) | Local NNZ: 0
Rank 61: Grid pos (7,5) | Rows [8463-9669) | Cols [6045-7254) | Local NNZ: 0
Rank 47: Grid pos (5,7) | Rows [6045-7254) | Cols [8463-9669) | Local NNZ: 0
Rank 45: Grid pos (5,5) | Rows [6045-7254) | Cols [6045-7254) | Local NNZ: 4711
Rank 62: Grid pos (7,6) | Rows [8463-9669) | Cols [7254-8463) | Local NNZ: 118
Rank 54: Grid pos (6,6) | Rows [7254-8463) | Cols [7254-8463) | Local NNZ: 4713
Rank 63: Grid pos (7,7) | Rows [8463-9669) | Cols [8463-9669) | Local NNZ: 4709
Ghost columns identified: 1190 total ghost values needed
Local vector initialized (size=152 per process)

========================================
COMPREHENSIVE METRICS SUMMARY
========================================
PROCESSES: 64
DISTRIBUTION: 2D
ITERATIONS: 10
Matrix NNZ: 38530
BALANCE: nnz_local   min=       0  avg=    602.03  max=    4715
COMM:    ghost       min=       0  avg=    154.92  max=    1190  | recv_double_avg=   1239.38 B
MEM:     bytes       min=   15684  avg=     24180  max=   81828
STRUCT:  ghost_ratio min=   0.000  avg=     8.382  max=  48.718
METRICS: t_total     = 3.441e-04        t_comp.   = 2.298e-05      t_comm= 3.224e-04
         gflops_total= 2.239714e-01   gflops_comp= 3.352833e+00
========================================

[RESULT] 0,64,2D,0,0.000289440,0.000267029,4715,1190,9430
[RESULT] 0,64,2D,1,0.000327349,0.000305414,4715,1190,9430
[RESULT] 0,64,2D,2,0.000288725,0.000266790,4715,1190,9430
[RESULT] 0,64,2D,3,0.000300646,0.000278950,4715,1190,9430
[RESULT] 0,64,2D,4,0.000328541,0.000306845,4715,1190,9430
[RESULT] 0,64,2D,5,0.000296116,0.000274658,4715,1190,9430
[RESULT] 0,64,2D,6,0.000324726,0.000303268,4715,1190,9430
[RESULT] 0,64,2D,7,0.000277758,0.000256062,4715,1190,9430
[RESULT] 0,64,2D,8,0.000318766,0.000297070,4715,1190,9430
[RESULT] 0,64,2D,9,0.000365019,0.000343084,4715,1190,9430
Total execution time: 0.042 seconds
