Retrieving the matrix from '../matrices/flowmeter0.mtx'...
%%MatrixMarket matrix coordinate real symmetric
9669 9669 38530
Real Matrix: Rows=9669 | Cols=9669 | NNZ=38530 | Procs=64 | Distribution=1D
Applied 1D distribution
Ghost columns identified: 447 total ghost values needed
Local vector initialized (size=152 per process)

========================================
COMPREHENSIVE METRICS SUMMARY
========================================
PROCESSES: 64
DISTRIBUTION: 1D
ITERATIONS: 10
Matrix NNZ: 38530
BALANCE: nnz_local   min=     597  avg=    602.03  max=     607
COMM:    ghost       min=     443  avg=    449.66  max=     455  | recv_double_avg=   3597.25 B
MEM:     bytes       min=   13732  avg=     13847  max=   13952
STRUCT:  ghost_ratio min=  73.754  avg=    74.689  max=  75.083
METRICS: t_total     = 7.169e-04        t_comp.   = 3.624e-06      t_comm= 7.144e-04
         gflops_total= 1.074905e-01   gflops_comp= 2.126402e+01
========================================

[RESULT] 0,64,1D,0,0.000730038,0.000727177,599,447,1198
[RESULT] 0,64,1D,1,0.000552177,0.000549555,599,447,1198
[RESULT] 0,64,1D,2,0.000658512,0.000656128,599,447,1198
[RESULT] 0,64,1D,3,0.000538349,0.000535965,599,447,1198
[RESULT] 0,64,1D,4,0.000680923,0.000678539,599,447,1198
[RESULT] 0,64,1D,5,0.000738621,0.000735998,599,447,1198
[RESULT] 0,64,1D,6,0.000690699,0.000688314,599,447,1198
[RESULT] 0,64,1D,7,0.000641108,0.000638723,599,447,1198
[RESULT] 0,64,1D,8,0.000671625,0.000669241,599,447,1198
[RESULT] 0,64,1D,9,0.000546455,0.000544071,599,447,1198
Total execution time: 0.057 seconds
