Retrieving the matrix from '../matrices/flowmeter0.mtx'...
%%MatrixMarket matrix coordinate real symmetric
9669 9669 38530
Real Matrix: Rows=9669 | Cols=9669 | NNZ=38530 | Procs=16 | Distribution=2D
Rank 1: Grid pos (0,1) | Rows [0-2418) | Cols [2418-4836) | Local NNZ: 0
Rank 9: Grid pos (2,1) | Rows [4836-7254) | Cols [2418-4836) | Local NNZ: 122
Rank 3: Grid pos (0,3) | Rows [0-2418) | Cols [7254-9669) | Local NNZ: 0
2D Process Grid: 4 x 4 (rows x cols)
Rank 5: Grid pos (1,1) | Rows [2418-4836) | Cols [2418-4836) | Local NNZ: 9541
Rank 0: Grid pos (0,0) | Rows [0-2418) | Cols [0-2418) | Local NNZ: 9547
Applied 2D distribution
Rank 13: Grid pos (3,1) | Rows [7254-9669) | Cols [2418-4836) | Local NNZ: 0
Rank 2: Grid pos (0,2) | Rows [0-2418) | Cols [4836-7254) | Local NNZ: 0
Rank 11: Grid pos (2,3) | Rows [4836-7254) | Cols [7254-9669) | Local NNZ: 0
Rank 8: Grid pos (2,0) | Rows [4836-7254) | Cols [0-2418) | Local NNZ: 0
Rank 15: Grid pos (3,3) | Rows [7254-9669) | Cols [7254-9669) | Local NNZ: 9540
Rank 4: Grid pos (1,0) | Rows [2418-4836) | Cols [0-2418) | Local NNZ: 119
Rank 12: Grid pos (3,0) | Rows [7254-9669) | Cols [0-2418) | Local NNZ: 0
Rank 7: Grid pos (1,3) | Rows [2418-4836) | Cols [7254-9669) | Local NNZ: 0
Rank 14: Grid pos (3,2) | Rows [7254-9669) | Cols [4836-7254) | Local NNZ: 119
Rank 10: Grid pos (2,2) | Rows [4836-7254) | Cols [4836-7254) | Local NNZ: 9542
Rank 6: Grid pos (1,2) | Rows [2418-4836) | Cols [4836-7254) | Local NNZ: 0
Ghost columns identified: 2266 total ghost values needed
Local vector initialized (size=605 per process)

========================================
COMPREHENSIVE METRICS SUMMARY
========================================
PROCESSES: 16
DISTRIBUTION: 2D
ITERATIONS: 10
Matrix NNZ: 38530
BALANCE: nnz_local   min=       0  avg=   2408.12  max=    9547
COMM:    ghost       min=       0  avg=    576.88  max=    2267  | recv_double_avg=   4615.00 B
MEM:     bytes       min=   33816  avg=     67358  max=  166552
STRUCT:  ghost_ratio min=   0.000  avg=    14.581  max=  46.721
METRICS: t_total     = 6.492e-02        t_comp.   = 1.086e-03      t_comm= 6.481e-02
         gflops_total= 1.186999e-03   gflops_comp= 7.093762e-02
========================================

[RESULT] 0,16,2D,0,0.064311028,0.063990116,9547,2266,19094
[RESULT] 0,16,2D,1,0.064054251,0.063990116,9547,2266,19094
[RESULT] 0,16,2D,2,0.064052582,0.063990116,9547,2266,19094
[RESULT] 0,16,2D,3,0.064054728,0.063992262,9547,2266,19094
[RESULT] 0,16,2D,4,0.064056635,0.063993454,9547,2266,19094
[RESULT] 0,16,2D,5,0.064053535,0.063990593,9547,2266,19094
[RESULT] 0,16,2D,6,0.064055443,0.063991070,9547,2266,19094
[RESULT] 0,16,2D,7,0.064054251,0.063988447,9547,2266,19094
[RESULT] 0,16,2D,8,0.064058542,0.063994169,9547,2266,19094
[RESULT] 0,16,2D,9,0.064061403,0.063996077,9547,2266,19094
Total execution time: 2.674 seconds
