Retrieving the matrix from '../matrices/flowmeter0.mtx'...
%%MatrixMarket matrix coordinate real symmetric
9669 9669 38530
Real Matrix: Rows=9669 | Cols=9669 | NNZ=38530 | Procs=16 | Distribution=1D
Applied 1D distribution
Ghost columns identified: 1680 total ghost values needed
Local vector initialized (size=605 per process)

========================================
COMPREHENSIVE METRICS SUMMARY
========================================
PROCESSES: 16
DISTRIBUTION: 1D
ITERATIONS: 10
Matrix NNZ: 38530
BALANCE: nnz_local   min=    2403  avg=   2408.12  max=    2417
COMM:    ghost       min=    1619  avg=   1647.12  max=    1680  | recv_double_avg=  13177.00 B
MEM:     bytes       min=   53904  avg=     54165  max=   54428
STRUCT:  ghost_ratio min=  67.346  avg=    68.399  max=  69.796
METRICS: t_total     = 9.330e-02        t_comp.   = 1.982e-02      t_comm= 9.300e-02
         gflops_total= 8.259774e-04   gflops_comp= 3.888446e-03
========================================

[RESULT] 0,16,1D,0,0.064550877,0.063995123,2407,1680,4814
[RESULT] 0,16,1D,1,0.064541817,0.063987017,2407,1680,4814
[RESULT] 0,16,1D,2,0.064930916,0.063992739,2407,1680,4814
[RESULT] 0,16,1D,3,0.064932108,0.063984156,2407,1680,4814
[RESULT] 0,16,1D,4,0.064944267,0.063986063,2407,1680,4814
[RESULT] 0,16,1D,5,0.064556122,0.063986540,2407,1680,4814
[RESULT] 0,16,1D,6,0.095972300,0.063982010,2407,1680,4814
[RESULT] 0,16,1D,7,0.064594984,0.063994646,2407,1680,4814
[RESULT] 0,16,1D,8,0.064996958,0.063988686,2407,1680,4814
[RESULT] 0,16,1D,9,0.065156937,0.063994646,2407,1680,4814
Total execution time: 2.809 seconds
