Retrieving the matrix from '../matrices/tmt_sym.mtx'...
%%MatrixMarket matrix coordinate real symmetric
726713 726713 2903837
Real Matrix: Rows=726713 | Cols=726713 | NNZ=2903837 | Procs=2 | Distribution=2D
2D Process Grid: 1 x 2 (rows x cols)
Rank 1: Grid pos (0,1) | Rows [0-726713) | Cols [363357-726713) | Local NNZ: 1450952
Rank 0: Grid pos (0,0) | Rows [0-726713) | Cols [0-363357) | Local NNZ: 1452885
Applied 2D distribution
Ghost columns identified: 181678 total ghost values needed
Local vector initialized (size=363357 per process)

========================================
COMPREHENSIVE METRICS SUMMARY
========================================
PROCESSES: 2
DISTRIBUTION: 2D
ITERATIONS: 10
Matrix NNZ: 2903837
BALANCE: nnz_local   min= 1450952  avg=1451918.50  max= 1452885
COMM:    ghost       min=  181678  avg= 181678.00  max=  181678  | recv_double_avg=1453424.00 B
MEM:     bytes       min=30492256  avg=  30503858  max=30515460
STRUCT:  ghost_ratio min=  12.505  avg=    12.513  max=  12.521
METRICS: t_total     = 1.213e-02        t_comp.   = 9.764e-03      t_comm= 2.371e-03
         gflops_total= 4.786177e-01   gflops_comp= 5.948322e-01
========================================

[RESULT] 0,2,2D,0,0.013449430,0.003601789,1452885,181678,2905770
[RESULT] 0,2,2D,1,0.012381077,0.002594471,1452885,181678,2905770
[RESULT] 0,2,2D,2,0.012145996,0.002434254,1452885,181678,2905770
[RESULT] 0,2,2D,3,0.012110233,0.002441883,1452885,181678,2905770
[RESULT] 0,2,2D,4,0.012090206,0.002380371,1452885,181678,2905770
[RESULT] 0,2,2D,5,0.012043715,0.002206802,1452885,181678,2905770
[RESULT] 0,2,2D,6,0.011934996,0.002115726,1452885,181678,2905770
[RESULT] 0,2,2D,7,0.011775017,0.002027512,1452885,181678,2905770
[RESULT] 0,2,2D,8,0.011758089,0.001966715,1452885,181678,2905770
[RESULT] 0,2,2D,9,0.011653900,0.001937628,1452885,181678,2905770
Total execution time: 1.959 seconds
