Retrieving the matrix from '../matrices/cond-mat-2005.mtx'...
%%MatrixMarket matrix coordinate real symmetric
40421 40421 175693
Real Matrix: Rows=40421 | Cols=40421 | NNZ=175693 | Procs=16 | Distribution=2D_cyclic
2D Process Grid (Cyclic): 4 x 4
Rank 2: Grid pos (0,2) | Local rows: 10106 | Local NNZ: 11166
Rank 0: Grid pos (0,0) | Local rows: 10106 | Local NNZ: 9564
Applied 2Dcyclic distribution
Rank 3: Grid pos (0,3) | Local rows: 10106 | Local NNZ: 13583
Rank 5: Grid pos (1,1) | Local rows: 10105 | Local NNZ: 9350
Rank 1: Grid pos (0,1) | Local rows: 10106 | Local NNZ: 10032
Rank 15: Grid pos (3,3) | Local rows: 10105 | Local NNZ: 9088
Rank 7: Grid pos (1,3) | Local rows: 10105 | Local NNZ: 11035
Rank 6: Grid pos (1,2) | Local rows: 10105 | Local NNZ: 9991
Rank 10: Grid pos (2,2) | Local rows: 10105 | Local NNZ: 9355
Rank 11: Grid pos (2,3) | Local rows: 10105 | Local NNZ: 9849
Rank 12: Grid pos (3,0) | Local rows: 10105 | Local NNZ: 9941
Rank 13: Grid pos (3,1) | Local rows: 10105 | Local NNZ: 10997
Rank 8: Grid pos (2,0) | Local rows: 10105 | Local NNZ: 11184
Rank 9: Grid pos (2,1) | Local rows: 10105 | Local NNZ: 13530
Rank 14: Grid pos (3,2) | Local rows: 10105 | Local NNZ: 13360
Rank 4: Grid pos (1,0) | Local rows: 10105 | Local NNZ: 13668
Ghost columns identified: 2316 total ghost values needed
Local vector initialized (size=2527 per process)

========================================
COMPREHENSIVE METRICS SUMMARY
========================================
PROCESSES: 16
DISTRIBUTION: 2D_cyclic
ITERATIONS: 10
Matrix NNZ: 175693
BALANCE: nnz_local   min=    9088  avg=  10980.81  max=   13668
COMM:    ghost       min=    2315  avg=   3073.25  max=    4373  | recv_double_avg=  24586.00 B
MEM:     bytes       min=  269088  avg=    297833  max=  339672
STRUCT:  ghost_ratio min=  24.216  avg=    27.594  max=  32.410
METRICS: t_total     = 2.160e-04        t_comp.   = 2.015e-04      t_comm= 1.633e-05
         gflops_total= 1.626553e+00   gflops_comp= 1.743546e+00
========================================

[RESULT] 0,16,2D_cyclic,0,0.000181198,0.000013113,9564,2316,19128
[RESULT] 0,16,2D_cyclic,1,0.000177860,0.000012159,9564,2316,19128
[RESULT] 0,16,2D_cyclic,2,0.000176430,0.000011683,9564,2316,19128
[RESULT] 0,16,2D_cyclic,3,0.000183582,0.000012398,9564,2316,19128
[RESULT] 0,16,2D_cyclic,4,0.000175238,0.000011921,9564,2316,19128
[RESULT] 0,16,2D_cyclic,5,0.000177622,0.000014305,9564,2316,19128
[RESULT] 0,16,2D_cyclic,6,0.000174999,0.000012159,9564,2316,19128
[RESULT] 0,16,2D_cyclic,7,0.000176430,0.000013351,9564,2316,19128
[RESULT] 0,16,2D_cyclic,8,0.000175238,0.000011921,9564,2316,19128
[RESULT] 0,16,2D_cyclic,9,0.000173569,0.000011206,9564,2316,19128
Total execution time: 0.109 seconds
