Retrieving the matrix from '../matrices/msdoor.mtx'...
%%MatrixMarket matrix coordinate real symmetric
415863 415863 10328399
Real Matrix: Rows=415863 | Cols=415863 | NNZ=10328399 | Procs=32 | Distribution=2D_cyclic
2D Process Grid (Cyclic): 4 x 8
Rank 16: Grid pos (2,0) | Local rows: 103966 | Local NNZ: 319779
Rank 15: Grid pos (1,7) | Local rows: 103966 | Local NNZ: 310130
Rank 14: Grid pos (1,6) | Local rows: 103966 | Local NNZ: 300021
Rank 18: Grid pos (2,2) | Local rows: 103966 | Local NNZ: 345061
Rank 8: Grid pos (1,0) | Local rows: 103966 | Local NNZ: 332957
Rank 3: Grid pos (0,3) | Local rows: 103966 | Local NNZ: 325601
Rank 2: Grid pos (0,2) | Local rows: 103966 | Local NNZ: 312233
Rank 4: Grid pos (0,4) | Local rows: 103966 | Local NNZ: 342083
Rank 24: Grid pos (3,0) | Local rows: 103965 | Local NNZ: 309804
Rank 12: Grid pos (1,4) | Local rows: 103966 | Local NNZ: 330339
Rank 25: Grid pos (3,1) | Local rows: 103965 | Local NNZ: 320275
Rank 17: Grid pos (2,1) | Local rows: 103966 | Local NNZ: 332881
Rank 26: Grid pos (3,2) | Local rows: 103965 | Local NNZ: 332703
Rank 10: Grid pos (1,2) | Local rows: 103966 | Local NNZ: 302002
Rank 6: Grid pos (0,6) | Local rows: 103966 | Local NNZ: 309220
Rank 20: Grid pos (2,4) | Local rows: 103966 | Local NNZ: 316172
Rank 0: Grid pos (0,0) | Local rows: 103966 | Local NNZ: 345634
Applied 2Dcyclic distribution
Rank 22: Grid pos (2,6) | Local rows: 103966 | Local NNZ: 341998
Rank 28: Grid pos (3,4) | Local rows: 103965 | Local NNZ: 307169
Rank 21: Grid pos (2,5) | Local rows: 103966 | Local NNZ: 329333
Rank 19: Grid pos (2,3) | Local rows: 103966 | Local NNZ: 302167
Rank 30: Grid pos (3,6) | Local rows: 103965 | Local NNZ: 330406
Rank 13: Grid pos (1,5) | Local rows: 103966 | Local NNZ: 343128
Rank 9: Grid pos (1,1) | Local rows: 103966 | Local NNZ: 345904
Rank 5: Grid pos (0,5) | Local rows: 103966 | Local NNZ: 299052
Rank 1: Grid pos (0,1) | Local rows: 103966 | Local NNZ: 302727
Rank 29: Grid pos (3,5) | Local rows: 103965 | Local NNZ: 317476
Rank 23: Grid pos (2,7) | Local rows: 103966 | Local NNZ: 298788
Rank 7: Grid pos (0,7) | Local rows: 103966 | Local NNZ: 322194
Rank 11: Grid pos (1,3) | Local rows: 103966 | Local NNZ: 312501
Rank 27: Grid pos (3,3) | Local rows: 103965 | Local NNZ: 345579
Rank 31: Grid pos (3,7) | Local rows: 103965 | Local NNZ: 343082
Ghost columns identified: 38987 total ghost values needed
Local vector initialized (size=12996 per process)

========================================
COMPREHENSIVE METRICS SUMMARY
========================================
PROCESSES: 32
DISTRIBUTION: 2D_cyclic
ITERATIONS: 10
Matrix NNZ: 10328399
BALANCE: nnz_local   min=  298788  avg= 322762.47  max=  345904
COMM:    ghost       min=   35853  avg=  37452.03  max=   38988  | recv_double_avg= 299616.25 B
MEM:     bytes       min= 5223836  avg=   5524325  max= 5814308
STRUCT:  ghost_ratio min=  11.271  avg=    11.615  max=  12.008
METRICS: t_total     = 2.202e-01        t_comp.   = 8.618e-03      t_comm= 2.175e-01
         gflops_total= 9.378803e-02   gflops_comp= 2.396891e+00
========================================

[RESULT] 0,32,2D_cyclic,0,0.195493221,0.192012310,345634,38987,691268
[RESULT] 0,32,2D_cyclic,1,0.195556164,0.192022562,345634,38987,691268
[RESULT] 0,32,2D_cyclic,2,0.195210457,0.192016363,345634,38987,691268
[RESULT] 0,32,2D_cyclic,3,0.195199013,0.192019939,345634,38987,691268
[RESULT] 0,32,2D_cyclic,4,0.195187807,0.192005157,345634,38987,691268
[RESULT] 0,32,2D_cyclic,5,0.195216894,0.191992283,345634,38987,691268
[RESULT] 0,32,2D_cyclic,6,0.192202568,0.189017057,345634,38987,691268
[RESULT] 0,32,2D_cyclic,7,0.195179462,0.191997051,345634,38987,691268
[RESULT] 0,32,2D_cyclic,8,0.195196152,0.191987753,345634,38987,691268
[RESULT] 0,32,2D_cyclic,9,0.195247173,0.192041636,345634,38987,691268
Total execution time: 148.740 seconds
