Retrieving the matrix from '../matrices/tmt_sym.mtx'...
%%MatrixMarket matrix coordinate real symmetric
726713 726713 2903837
Real Matrix: Rows=726713 | Cols=726713 | NNZ=2903837 | Procs=64 | Distribution=1D
Applied 1D distribution
Ghost columns identified: 33413 total ghost values needed
Local vector initialized (size=11355 per process)

========================================
COMPREHENSIVE METRICS SUMMARY
========================================
PROCESSES: 64
DISTRIBUTION: 1D
ITERATIONS: 10
Matrix NNZ: 2903837
BALANCE: nnz_local   min=   45215  avg=  45372.45  max=   45602
COMM:    ghost       min=   32972  avg=  33323.67  max=   33596  | recv_double_avg= 266589.38 B
MEM:     bytes       min= 1033460  avg=   1038161  max= 1042784
STRUCT:  ghost_ratio min=  72.829  avg=    73.445  max=  73.891
METRICS: t_total     = 5.793e-03        t_comp.   = 8.006e-04      t_comm= 5.300e-03
         gflops_total= 1.002537e+00   gflops_comp= 7.254497e+00
========================================

[RESULT] 0,64,1D,0,0.005236864,0.004637480,45253,33413,90506
[RESULT] 0,64,1D,1,0.005302668,0.004744530,45253,33413,90506
[RESULT] 0,64,1D,2,0.005475998,0.004913092,45253,33413,90506
[RESULT] 0,64,1D,3,0.005062819,0.004534245,45253,33413,90506
[RESULT] 0,64,1D,4,0.005274057,0.004743814,45253,33413,90506
[RESULT] 0,64,1D,5,0.005218744,0.004735947,45253,33413,90506
[RESULT] 0,64,1D,6,0.005382538,0.004905701,45253,33413,90506
[RESULT] 0,64,1D,7,0.005216360,0.004695415,45253,33413,90506
[RESULT] 0,64,1D,8,0.005431175,0.004888058,45253,33413,90506
[RESULT] 0,64,1D,9,0.005462170,0.004934072,45253,33413,90506
Total execution time: 3.091 seconds
