Retrieving the matrix from '../matrices/msdoor.mtx'...
%%MatrixMarket matrix coordinate real symmetric
415863 415863 10328399
Real Matrix: Rows=415863 | Cols=415863 | NNZ=10328399 | Procs=1 | Distribution=1D
Applied 1D distribution
Ghost columns identified: 0 total ghost values needed
Local vector initialized (size=415863 per process)

========================================
COMPREHENSIVE METRICS SUMMARY
========================================
PROCESSES: 1
DISTRIBUTION: 1D
ITERATIONS: 10
Matrix NNZ: 10328399
BALANCE: nnz_local   min=10328399  avg=10328399.00  max=10328399
COMM:    ghost       min=       0  avg=      0.00  max=       0  | recv_double_avg=      0.00 B
MEM:     bytes       min=132258052  avg= 132258052  max=132258052
STRUCT:  ghost_ratio min=   0.000  avg=     0.000  max=   0.000
METRICS: t_total     = 3.147e-02        t_comp.   = 3.147e-02      t_comm= 2.456e-06
         gflops_total= 6.563361e-01   gflops_comp= 6.563873e-01
========================================

[RESULT] 0,1,1D,0,0.031463385,0.000001907,10328399,0,20656798
[RESULT] 0,1,1D,1,0.031484842,0.000002146,10328399,0,20656798
[RESULT] 0,1,1D,2,0.031469107,0.000003099,10328399,0,20656798
[RESULT] 0,1,1D,3,0.031466722,0.000002623,10328399,0,20656798
[RESULT] 0,1,1D,4,0.031473637,0.000003099,10328399,0,20656798
[RESULT] 0,1,1D,5,0.031462908,0.000002146,10328399,0,20656798
[RESULT] 0,1,1D,6,0.031489134,0.000002623,10328399,0,20656798
[RESULT] 0,1,1D,7,0.031510830,0.000002146,10328399,0,20656798
[RESULT] 0,1,1D,8,0.031415701,0.000002384,10328399,0,20656798
[RESULT] 0,1,1D,9,0.031492710,0.000002384,10328399,0,20656798
Total execution time: 7.002 seconds
