Retrieving the matrix from '../matrices/Hook_1498.mtx'...
%%MatrixMarket matrix coordinate real symmetric
1498023 1498023 31207734
Real Matrix: Rows=1498023 | Cols=1498023 | NNZ=31207734 | Procs=128 | Distribution=2D
2D Process Grid: 8 x 16 (rows x cols)
Rank 16: Grid pos (1,0) | Rows [187253-374506) | Cols [0-93627) | Local NNZ: 0
Rank 20: Grid pos (1,4) | Rows [187253-374506) | Cols [374508-468135) | Local NNZ: 0
Rank 13: Grid pos (0,13) | Rows [0-187253) | Cols [1217151-1310778) | Local NNZ: 0
Rank 22: Grid pos (1,6) | Rows [187253-374506) | Cols [561762-655389) | Local NNZ: 0
Rank 14: Grid pos (0,14) | Rows [0-187253) | Cols [1310778-1404405) | Local NNZ: 0
Rank 24: Grid pos (1,8) | Rows [187253-374506) | Cols [749016-842643) | Local NNZ: 0
Rank 12: Grid pos (0,12) | Rows [0-187253) | Cols [1123524-1217151) | Local NNZ: 0
Rank 10: Grid pos (0,10) | Rows [0-187253) | Cols [936270-1029897) | Local NNZ: 0
Rank 8: Grid pos (0,8) | Rows [0-187253) | Cols [749016-842643) | Local NNZ: 0
Rank 5: Grid pos (0,5) | Rows [0-187253) | Cols [468135-561762) | Local NNZ: 0
Rank 26: Grid pos (1,10) | Rows [187253-374506) | Cols [936270-1029897) | Local NNZ: 0
Rank 6: Grid pos (0,6) | Rows [0-187253) | Cols [561762-655389) | Local NNZ: 0
Rank 4: Grid pos (0,4) | Rows [0-187253) | Cols [374508-468135) | Local NNZ: 0
Rank 2: Grid pos (0,2) | Rows [0-187253) | Cols [187254-280881) | Local NNZ: 0
Rank 28: Grid pos (1,12) | Rows [187253-374506) | Cols [1123524-1217151) | Local NNZ: 0
Rank 123: Grid pos (7,11) | Rows [1310771-1498023) | Cols [1029897-1123524) | Local NNZ: 0
Rank 30: Grid pos (1,14) | Rows [187253-374506) | Cols [1310778-1404405) | Local NNZ: 0
Rank 121: Grid pos (7,9) | Rows [1310771-1498023) | Cols [842643-936270) | Local NNZ: 0
Rank 124: Grid pos (7,12) | Rows [1310771-1498023) | Cols [1123524-1217151) | Local NNZ: 0
Rank 32: Grid pos (2,0) | Rows [374506-561759) | Cols [0-93627) | Local NNZ: 0
Rank 120: Grid pos (7,8) | Rows [1310771-1498023) | Cols [749016-842643) | Local NNZ: 0
Rank 122: Grid pos (7,10) | Rows [1310771-1498023) | Cols [936270-1029897) | Local NNZ: 0
Rank 92: Grid pos (5,12) | Rows [936265-1123518) | Cols [1123524-1217151) | Local NNZ: 0
Rank 15: Grid pos (0,15) | Rows [0-187253) | Cols [1404405-1498023) | Local NNZ: 0
Rank 118: Grid pos (7,6) | Rows [1310771-1498023) | Cols [561762-655389) | Local NNZ: 0
Rank 34: Grid pos (2,2) | Rows [374506-561759) | Cols [187254-280881) | Local NNZ: 0
Rank 94: Grid pos (5,14) | Rows [936265-1123518) | Cols [1310778-1404405) | Local NNZ: 0
Rank 116: Grid pos (7,4) | Rows [1310771-1498023) | Cols [374508-468135) | Local NNZ: 0
Rank 112: Grid pos (7,0) | Rows [1310771-1498023) | Cols [0-93627) | Local NNZ: 0
Rank 114: Grid pos (7,2) | Rows [1310771-1498023) | Cols [187254-280881) | Local NNZ: 0
Rank 17: Grid pos (1,1) | Rows [187253-374506) | Cols [93627-187254) | Local NNZ: 103275
Rank 23: Grid pos (1,7) | Rows [187253-374506) | Cols [655389-749016) | Local NNZ: 0
Rank 21: Grid pos (1,5) | Rows [187253-374506) | Cols [468135-561762) | Local NNZ: 0
Rank 11: Grid pos (0,11) | Rows [0-187253) | Cols [1029897-1123524) | Local NNZ: 0
Rank 106: Grid pos (6,10) | Rows [1123518-1310771) | Cols [936270-1029897) | Local NNZ: 0
Rank 9: Grid pos (0,9) | Rows [0-187253) | Cols [842643-936270) | Local NNZ: 0
Rank 25: Grid pos (1,9) | Rows [187253-374506) | Cols [842643-936270) | Local NNZ: 0
Rank 18: Grid pos (1,2) | Rows [187253-374506) | Cols [187254-280881) | Local NNZ: 1990917
Rank 104: Grid pos (6,8) | Rows [1123518-1310771) | Cols [749016-842643) | Local NNZ: 0
Rank 88: Grid pos (5,8) | Rows [936265-1123518) | Cols [749016-842643) | Local NNZ: 0
Rank 38: Grid pos (2,6) | Rows [374506-561759) | Cols [561762-655389) | Local NNZ: 0
Rank 110: Grid pos (6,14) | Rows [1123518-1310771) | Cols [1310778-1404405) | Local NNZ: 0
Rank 7: Grid pos (0,7) | Rows [0-187253) | Cols [655389-749016) | Local NNZ: 0
Rank 96: Grid pos (6,0) | Rows [1123518-1310771) | Cols [0-93627) | Local NNZ: 0
Rank 40: Grid pos (2,8) | Rows [374506-561759) | Cols [749016-842643) | Local NNZ: 0
Rank 107: Grid pos (6,11) | Rows [1123518-1310771) | Cols [1029897-1123524) | Local NNZ: 222105
Rank 49: Grid pos (3,1) | Rows [561759-749012) | Cols [93627-187254) | Local NNZ: 0
Rank 3: Grid pos (0,3) | Rows [0-187253) | Cols [280881-374508) | Local NNZ: 0
Rank 100: Grid pos (6,4) | Rows [1123518-1310771) | Cols [374508-468135) | Local NNZ: 0
Rank 102: Grid pos (6,6) | Rows [1123518-1310771) | Cols [561762-655389) | Local NNZ: 0
Rank 59: Grid pos (3,11) | Rows [561759-749012) | Cols [1029897-1123524) | Local NNZ: 0
Rank 47: Grid pos (2,15) | Rows [374506-561759) | Cols [1404405-1498023) | Local NNZ: 0
Rank 56: Grid pos (3,8) | Rows [561759-749012) | Cols [749016-842643) | Local NNZ: 0
Rank 63: Grid pos (3,15) | Rows [561759-749012) | Cols [1404405-1498023) | Local NNZ: 0
Rank 27: Grid pos (1,11) | Rows [187253-374506) | Cols [1029897-1123524) | Local NNZ: 0
Rank 79: Grid pos (4,15) | Rows [749012-936265) | Cols [1404405-1498023) | Local NNZ: 0
Rank 50: Grid pos (3,2) | Rows [561759-749012) | Cols [187254-280881) | Local NNZ: 0
Rank 98: Grid pos (6,2) | Rows [1123518-1310771) | Cols [187254-280881) | Local NNZ: 0
Rank 29: Grid pos (1,13) | Rows [187253-374506) | Cols [1217151-1310778) | Local NNZ: 0
Rank 48: Grid pos (3,0) | Rows [561759-749012) | Cols [0-93627) | Local NNZ: 0
Rank 81: Grid pos (5,1) | Rows [936265-1123518) | Cols [93627-187254) | Local NNZ: 0
Rank 66: Grid pos (4,2) | Rows [749012-936265) | Cols [187254-280881) | Local NNZ: 0
Rank 52: Grid pos (3,4) | Rows [561759-749012) | Cols [374508-468135) | Local NNZ: 0
Rank 58: Grid pos (3,10) | Rows [561759-749012) | Cols [936270-1029897) | Local NNZ: 0
Rank 70: Grid pos (4,6) | Rows [749012-936265) | Cols [561762-655389) | Local NNZ: 0
Rank 64: Grid pos (4,0) | Rows [749012-936265) | Cols [0-93627) | Local NNZ: 0
Rank 78: Grid pos (4,14) | Rows [749012-936265) | Cols [1310778-1404405) | Local NNZ: 0
Rank 31: Grid pos (1,15) | Rows [187253-374506) | Cols [1404405-1498023) | Local NNZ: 0
Rank 62: Grid pos (3,14) | Rows [561759-749012) | Cols [1310778-1404405) | Local NNZ: 0
Rank 74: Grid pos (4,10) | Rows [749012-936265) | Cols [936270-1029897) | Local NNZ: 0
Rank 68: Grid pos (4,4) | Rows [749012-936265) | Cols [374508-468135) | Local NNZ: 0
Rank 125: Grid pos (7,13) | Rows [1310771-1498023) | Cols [1217151-1310778) | Local NNZ: 117165
Rank 93: Grid pos (5,13) | Rows [936265-1123518) | Cols [1217151-1310778) | Local NNZ: 0
Rank 80: Grid pos (5,0) | Rows [936265-1123518) | Cols [0-93627) | Local NNZ: 0
Rank 76: Grid pos (4,12) | Rows [749012-936265) | Cols [1123524-1217151) | Local NNZ: 0
Rank 60: Grid pos (3,12) | Rows [561759-749012) | Cols [1123524-1217151) | Local NNZ: 0
Rank 33: Grid pos (2,1) | Rows [374506-561759) | Cols [93627-187254) | Local NNZ: 0
Rank 42: Grid pos (2,10) | Rows [374506-561759) | Cols [936270-1029897) | Local NNZ: 0
Rank 82: Grid pos (5,2) | Rows [936265-1123518) | Cols [187254-280881) | Local NNZ: 0
Rank 46: Grid pos (2,14) | Rows [374506-561759) | Cols [1310778-1404405) | Local NNZ: 0
Rank 86: Grid pos (5,6) | Rows [936265-1123518) | Cols [561762-655389) | Local NNZ: 0
Rank 117: Grid pos (7,5) | Rows [1310771-1498023) | Cols [468135-561762) | Local NNZ: 0
Rank 44: Grid pos (2,12) | Rows [374506-561759) | Cols [1123524-1217151) | Local NNZ: 0
Rank 84: Grid pos (5,4) | Rows [936265-1123518) | Cols [374508-468135) | Local NNZ: 0
Rank 119: Grid pos (7,7) | Rows [1310771-1498023) | Cols [655389-749016) | Local NNZ: 0
Rank 71: Grid pos (4,7) | Rows [749012-936265) | Cols [655389-749016) | Local NNZ: 247257
Rank 113: Grid pos (7,1) | Rows [1310771-1498023) | Cols [93627-187254) | Local NNZ: 0
Rank 95: Grid pos (5,15) | Rows [936265-1123518) | Cols [1404405-1498023) | Local NNZ: 0
Rank 111: Grid pos (6,15) | Rows [1123518-1310771) | Cols [1404405-1498023) | Local NNZ: 0
Rank 126: Grid pos (7,14) | Rows [1310771-1498023) | Cols [1310778-1404405) | Local NNZ: 1895760
Rank 115: Grid pos (7,3) | Rows [1310771-1498023) | Cols [280881-374508) | Local NNZ: 0
Rank 87: Grid pos (5,7) | Rows [936265-1123518) | Cols [655389-749016) | Local NNZ: 0
Rank 39: Grid pos (2,7) | Rows [374506-561759) | Cols [655389-749016) | Local NNZ: 0
Rank 0: Grid pos (0,0) | Rows [0-187253) | Cols [0-93627) | Local NNZ: 1954287
Applied 2D distribution
Rank 105: Grid pos (6,9) | Rows [1123518-1310771) | Cols [842643-936270) | Local NNZ: 0
Rank 103: Grid pos (6,7) | Rows [1123518-1310771) | Cols [655389-749016) | Local NNZ: 0
Rank 57: Grid pos (3,9) | Rows [561759-749012) | Cols [842643-936270) | Local NNZ: 0
Rank 97: Grid pos (6,1) | Rows [1123518-1310771) | Cols [93627-187254) | Local NNZ: 0
Rank 35: Grid pos (2,3) | Rows [374506-561759) | Cols [280881-374508) | Local NNZ: 194738
Rank 51: Grid pos (3,3) | Rows [561759-749012) | Cols [280881-374508) | Local NNZ: 0
Rank 41: Grid pos (2,9) | Rows [374506-561759) | Cols [842643-936270) | Local NNZ: 0
Rank 65: Grid pos (4,1) | Rows [749012-936265) | Cols [93627-187254) | Local NNZ: 0
Rank 67: Grid pos (4,3) | Rows [749012-936265) | Cols [280881-374508) | Local NNZ: 0
Rank 99: Grid pos (6,3) | Rows [1123518-1310771) | Cols [280881-374508) | Local NNZ: 0
Rank 101: Grid pos (6,5) | Rows [1123518-1310771) | Cols [468135-561762) | Local NNZ: 0
Rank 61: Grid pos (3,13) | Rows [561759-749012) | Cols [1217151-1310778) | Local NNZ: 0
Rank 69: Grid pos (4,5) | Rows [749012-936265) | Cols [468135-561762) | Local NNZ: 0
Rank 77: Grid pos (4,13) | Rows [749012-936265) | Cols [1217151-1310778) | Local NNZ: 0
Rank 75: Grid pos (4,11) | Rows [749012-936265) | Cols [1029897-1123524) | Local NNZ: 0
Rank 89: Grid pos (5,9) | Rows [936265-1123518) | Cols [842643-936270) | Local NNZ: 270437
Rank 127: Grid pos (7,15) | Rows [1310771-1498023) | Cols [1404405-1498023) | Local NNZ: 1895598
Rank 43: Grid pos (2,11) | Rows [374506-561759) | Cols [1029897-1123524) | Local NNZ: 0
Rank 85: Grid pos (5,5) | Rows [936265-1123518) | Cols [468135-561762) | Local NNZ: 0
Rank 83: Grid pos (5,3) | Rows [936265-1123518) | Cols [280881-374508) | Local NNZ: 0
Rank 45: Grid pos (2,13) | Rows [374506-561759) | Cols [1217151-1310778) | Local NNZ: 0
Rank 53: Grid pos (3,5) | Rows [561759-749012) | Cols [468135-561762) | Local NNZ: 265659
Rank 36: Grid pos (2,4) | Rows [374506-561759) | Cols [374508-468135) | Local NNZ: 1982682
Rank 108: Grid pos (6,12) | Rows [1123518-1310771) | Cols [1123524-1217151) | Local NNZ: 1917963
Rank 19: Grid pos (1,3) | Rows [187253-374506) | Cols [280881-374508) | Local NNZ: 1793020
Rank 90: Grid pos (5,10) | Rows [936265-1123518) | Cols [936270-1029897) | Local NNZ: 1957689
Rank 54: Grid pos (3,6) | Rows [561759-749012) | Cols [561762-655389) | Local NNZ: 1939428
Rank 72: Grid pos (4,8) | Rows [749012-936265) | Cols [749016-842643) | Local NNZ: 1968255
Rank 73: Grid pos (4,9) | Rows [749012-936265) | Cols [842643-936270) | Local NNZ: 1700842
Rank 1: Grid pos (0,1) | Rows [0-187253) | Cols [93627-187254) | Local NNZ: 1879605
Rank 37: Grid pos (2,5) | Rows [374506-561759) | Cols [468135-561762) | Local NNZ: 1708788
Rank 109: Grid pos (6,13) | Rows [1123518-1310771) | Cols [1217151-1310778) | Local NNZ: 1790124
Rank 91: Grid pos (5,11) | Rows [936265-1123518) | Cols [1029897-1123524) | Local NNZ: 1700259
Rank 55: Grid pos (3,7) | Rows [561759-749012) | Cols [655389-749016) | Local NNZ: 1711881
Ghost columns identified: 92895 total ghost values needed
Local vector initialized (size=11704 per process)

========================================
COMPREHENSIVE METRICS SUMMARY
========================================
PROCESSES: 128
DISTRIBUTION: 2D
ITERATIONS: 10
Matrix NNZ: 31207734
BALANCE: nnz_local   min=       0  avg= 243810.42  max= 1990917
COMM:    ghost       min=       0  avg=  12488.51  max=   92896  | recv_double_avg=  99908.06 B
MEM:     bytes       min= 2340652  avg=   5366298  max=26974836
STRUCT:  ghost_ratio min=   0.000  avg=     1.058  max=   8.212
METRICS: t_total     = 2.277e+00        t_comp.   = 5.383e-01      t_comm= 1.767e+00
         gflops_total= 2.740752e-02   gflops_comp= 1.159563e-01
========================================

[RESULT] 0,128,2D,0,2.300707579,1.786976337,1954287,92895,3908574
[RESULT] 0,128,2D,1,1.795876741,1.534978867,1954287,92895,3908574
[RESULT] 0,128,2D,2,1.797830582,1.535942316,1954287,92895,3908574
[RESULT] 0,128,2D,3,1.799872160,1.539987803,1954287,92895,3908574
[RESULT] 0,128,2D,4,2.045928717,1.532989740,1954287,92895,3908574
[RESULT] 0,128,2D,5,1.794892311,1.535989285,1954287,92895,3908574
[RESULT] 0,128,2D,6,2.048927546,1.536999226,1954287,92895,3908574
[RESULT] 0,128,2D,7,2.052834511,1.788960695,1954287,92895,3908574
[RESULT] 0,128,2D,8,2.308824778,2.048926592,1954287,92895,3908574
[RESULT] 0,128,2D,9,2.302913189,1.791993380,1954287,92895,3908574
Total execution time: 1869.410 seconds
