Retrieving the matrix from '../matrices/Hook_1498.mtx'...
%%MatrixMarket matrix coordinate real symmetric
1498023 1498023 31207734
Real Matrix: Rows=1498023 | Cols=1498023 | NNZ=31207734 | Procs=8 | Distribution=1D
Applied 1D distribution
Ghost columns identified: 1139406 total ghost values needed
Local vector initialized (size=187253 per process)

========================================
COMPREHENSIVE METRICS SUMMARY
========================================
PROCESSES: 8
DISTRIBUTION: 1D
ITERATIONS: 10
Matrix NNZ: 31207734
BALANCE: nnz_local   min= 3895764  avg=3900966.75  max= 3905099
COMM:    ghost       min= 1138620  avg=1139345.88  max= 1139819  | recv_double_avg=9114767.00 B
MEM:     bytes       min=59603192  avg=  59671430  max=59724804
STRUCT:  ghost_ratio min=  29.181  avg=    29.207  max=  29.238
METRICS: t_total     = 4.894e-02        t_comp.   = 2.875e-02      t_comm= 2.030e-02
         gflops_total= 1.275464e+00   gflops_comp= 2.170837e+00
========================================

[RESULT] 0,8,1D,0,0.048055649,0.022716284,3898612,1139406,7797224
[RESULT] 0,8,1D,1,0.045004129,0.019629478,3898612,1139406,7797224
[RESULT] 0,8,1D,2,0.044353247,0.019043446,3898612,1139406,7797224
[RESULT] 0,8,1D,3,0.045073748,0.019876003,3898612,1139406,7797224
[RESULT] 0,8,1D,4,0.045286179,0.020108700,3898612,1139406,7797224
[RESULT] 0,8,1D,5,0.044841766,0.019620657,3898612,1139406,7797224
[RESULT] 0,8,1D,6,0.044522762,0.019291162,3898612,1139406,7797224
[RESULT] 0,8,1D,7,0.044388294,0.019207954,3898612,1139406,7797224
[RESULT] 0,8,1D,8,0.044551134,0.019299746,3898612,1139406,7797224
[RESULT] 0,8,1D,9,0.044651747,0.019481897,3898612,1139406,7797224
Total execution time: 19.561 seconds
