Retrieving the matrix from '../matrices/flowmeter0.mtx'...
%%MatrixMarket matrix coordinate real symmetric
9669 9669 38530
Real Matrix: Rows=9669 | Cols=9669 | NNZ=38530 | Procs=1 | Distribution=1D
Applied 1D distribution
Ghost columns identified: 0 total ghost values needed
Local vector initialized (size=9669 per process)

========================================
COMPREHENSIVE METRICS SUMMARY
========================================
PROCESSES: 1
DISTRIBUTION: 1D
ITERATIONS: 10
Matrix NNZ: 38530
BALANCE: nnz_local   min=   38530  avg=  38530.00  max=   38530
COMM:    ghost       min=       0  avg=      0.00  max=       0  | recv_double_avg=      0.00 B
MEM:     bytes       min=  655744  avg=    655744  max=  655744
STRUCT:  ghost_ratio min=   0.000  avg=     0.000  max=   0.000
METRICS: t_total     = 1.625e-03        t_comp.   = 2.357e-04      t_comm= 1.389e-03
         gflops_total= 4.741837e-02   gflops_comp= 3.268741e-01
========================================

[RESULT] 0,1,1D,0,0.014011860,0.013657331,38530,0,77060
[RESULT] 0,1,1D,1,0.000240326,0.000026703,38530,0,77060
[RESULT] 0,1,1D,2,0.000234842,0.000022888,38530,0,77060
[RESULT] 0,1,1D,3,0.000260353,0.000019073,38530,0,77060
[RESULT] 0,1,1D,4,0.000231266,0.000015974,38530,0,77060
[RESULT] 0,1,1D,5,0.000243902,0.000024080,38530,0,77060
[RESULT] 0,1,1D,6,0.000264168,0.000050068,38530,0,77060
[RESULT] 0,1,1D,7,0.000267029,0.000025988,38530,0,77060
[RESULT] 0,1,1D,8,0.000246286,0.000023842,38530,0,77060
[RESULT] 0,1,1D,9,0.000251055,0.000027657,38530,0,77060
Total execution time: 0.070 seconds
