Retrieving the matrix from '../matrices/1138_bus.mtx'...
%%MatrixMarket matrix coordinate real symmetric
1138 1138 2596
Real Matrix: Rows=1138 | Cols=1138 | NNZ=2596 | Procs=16 | Distribution=2D_cyclic
Rank 1: Grid pos (0,1) | Local rows: 285 | Local NNZ: 90
2D Process Grid (Cyclic): 4 x 4
Rank 0: Grid pos (0,0) | Local rows: 285 | Local NNZ: 356
Applied 2Dcyclic distribution
Rank 9: Grid pos (2,1) | Local rows: 284 | Local NNZ: 138
Rank 5: Grid pos (1,1) | Local rows: 285 | Local NNZ: 350
Rank 4: Grid pos (1,0) | Local rows: 285 | Local NNZ: 132
Rank 2: Grid pos (0,2) | Local rows: 285 | Local NNZ: 78
Rank 7: Grid pos (1,3) | Local rows: 285 | Local NNZ: 87
Rank 6: Grid pos (1,2) | Local rows: 285 | Local NNZ: 85
Rank 3: Grid pos (0,3) | Local rows: 285 | Local NNZ: 141
Rank 8: Grid pos (2,0) | Local rows: 284 | Local NNZ: 94
Rank 12: Grid pos (3,0) | Local rows: 284 | Local NNZ: 67
Rank 13: Grid pos (3,1) | Local rows: 284 | Local NNZ: 70
Rank 10: Grid pos (2,2) | Local rows: 284 | Local NNZ: 357
Rank 11: Grid pos (2,3) | Local rows: 284 | Local NNZ: 79
Rank 14: Grid pos (3,2) | Local rows: 284 | Local NNZ: 128
Rank 15: Grid pos (3,3) | Local rows: 284 | Local NNZ: 344
Ghost columns identified: 213 total ghost values needed
Local vector initialized (size=72 per process)

========================================
COMPREHENSIVE METRICS SUMMARY
========================================
PROCESSES: 16
DISTRIBUTION: 2D_cyclic
ITERATIONS: 10
Matrix NNZ: 2596
BALANCE: nnz_local   min=      67  avg=    162.25  max=     357
COMM:    ghost       min=      43  avg=     99.31  max=     214  | recv_double_avg=    794.50 B
MEM:     bytes       min=    5128  avg=      6728  max=    9976
STRUCT:  ghost_ratio min=  55.556  avg=    62.202  max=  68.235
METRICS: t_total     = 6.407e-02        t_comp.   = 9.896e-04      t_comm= 6.400e-02
         gflops_total= 8.103096e-05   gflops_comp= 5.246417e-03
========================================

[RESULT] 0,16,2D_cyclic,0,0.032009363,0.031996012,356,213,712
[RESULT] 0,16,2D_cyclic,1,0.031994104,0.031979799,356,213,712
[RESULT] 0,16,2D_cyclic,2,0.032003641,0.031991720,356,213,712
[RESULT] 0,16,2D_cyclic,3,0.031989098,0.031975746,356,213,712
[RESULT] 0,16,2D_cyclic,4,0.032011509,0.031997442,356,213,712
[RESULT] 0,16,2D_cyclic,5,0.031999826,0.031986475,356,213,712
[RESULT] 0,16,2D_cyclic,6,0.031992912,0.031977654,356,213,712
[RESULT] 0,16,2D_cyclic,7,0.031979322,0.031965733,356,213,712
[RESULT] 0,16,2D_cyclic,8,0.031992197,0.031977892,356,213,712
[RESULT] 0,16,2D_cyclic,9,0.031995535,0.031982422,356,213,712
Total execution time: 2.015 seconds
