Retrieving the matrix from '../matrices/dixmaanl.mtx'...
%%MatrixMarket matrix coordinate real symmetric
60000 60000 179999
Real Matrix: Rows=60000 | Cols=60000 | NNZ=179999 | Procs=16 | Distribution=2D_cyclic
Rank 15: Grid pos (3,3) | Local rows: 15000 | Local NNZ: 30000
Rank 1: Grid pos (0,1) | Local rows: 15000 | Local NNZ: 0
2D Process Grid (Cyclic): 4 x 4
Rank 0: Grid pos (0,0) | Local rows: 15000 | Local NNZ: 30000
Applied 2Dcyclic distribution
Rank 2: Grid pos (0,2) | Local rows: 15000 | Local NNZ: 0
Rank 7: Grid pos (1,3) | Local rows: 15000 | Local NNZ: 0
Rank 9: Grid pos (2,1) | Local rows: 15000 | Local NNZ: 15000
Rank 12: Grid pos (3,0) | Local rows: 15000 | Local NNZ: 0
Rank 4: Grid pos (1,0) | Local rows: 15000 | Local NNZ: 15000
Rank 10: Grid pos (2,2) | Local rows: 15000 | Local NNZ: 30000
Rank 3: Grid pos (0,3) | Local rows: 15000 | Local NNZ: 14999
Rank 13: Grid pos (3,1) | Local rows: 15000 | Local NNZ: 0
Rank 8: Grid pos (2,0) | Local rows: 15000 | Local NNZ: 0
Rank 11: Grid pos (2,3) | Local rows: 15000 | Local NNZ: 0
Rank 14: Grid pos (3,2) | Local rows: 15000 | Local NNZ: 15000
Rank 5: Grid pos (1,1) | Local rows: 15000 | Local NNZ: 30000
Rank 6: Grid pos (1,2) | Local rows: 15000 | Local NNZ: 0
Ghost columns identified: 11250 total ghost values needed
Local vector initialized (size=3750 per process)

========================================
COMPREHENSIVE METRICS SUMMARY
========================================
PROCESSES: 16
DISTRIBUTION: 2D_cyclic
ITERATIONS: 10
Matrix NNZ: 179999
BALANCE: nnz_local   min=       0  avg=  11249.94  max=   30000
COMM:    ghost       min=       0  avg=   5624.94  max=   11250  | recv_double_avg=  44999.50 B
MEM:     bytes       min=  210004  avg=    390003  max=  660004
STRUCT:  ghost_ratio min=   0.000  avg=    28.125  max=  75.000
METRICS: t_total     = 6.416e-02        t_comp.   = 8.997e-04      t_comm= 6.401e-02
         gflops_total= 5.611078e-03   gflops_comp= 4.001222e-01
========================================

[RESULT] 0,16,2D_cyclic,0,0.033510685,0.032003880,30000,11250,60000
[RESULT] 0,16,2D_cyclic,1,0.033097029,0.032010555,30000,11250,60000
[RESULT] 0,16,2D_cyclic,2,0.064189672,0.063972712,30000,11250,60000
[RESULT] 0,16,2D_cyclic,3,0.033072710,0.031977892,30000,11250,60000
[RESULT] 0,16,2D_cyclic,4,0.033099651,0.032010317,30000,11250,60000
[RESULT] 0,16,2D_cyclic,5,0.064188957,0.063977003,30000,11250,60000
[RESULT] 0,16,2D_cyclic,6,0.033062458,0.031979799,30000,11250,60000
[RESULT] 0,16,2D_cyclic,7,0.033096552,0.032009125,30000,11250,60000
[RESULT] 0,16,2D_cyclic,8,0.064179897,0.063969612,30000,11250,60000
[RESULT] 0,16,2D_cyclic,9,0.033393383,0.031982899,30000,11250,60000
Total execution time: 3.803 seconds
