Retrieving the matrix from '../matrices/Hook_1498.mtx'...
%%MatrixMarket matrix coordinate real symmetric
1498023 1498023 31207734
Real Matrix: Rows=1498023 | Cols=1498023 | NNZ=31207734 | Procs=16 | Distribution=2D
2D Process Grid: 4 x 4 (rows x cols)
Rank 7: Grid pos (1,3) | Rows [374506-749012) | Cols [1123518-1498023) | Local NNZ: 0
Rank 8: Grid pos (2,0) | Rows [749012-1123518) | Cols [0-374506) | Local NNZ: 0
Rank 6: Grid pos (1,2) | Rows [374506-749012) | Cols [749012-1123518) | Local NNZ: 0
Rank 3: Grid pos (0,3) | Rows [0-374506) | Cols [1123518-1498023) | Local NNZ: 0
Rank 9: Grid pos (2,1) | Rows [749012-1123518) | Cols [374506-749012) | Local NNZ: 247082
Rank 4: Grid pos (1,0) | Rows [374506-749012) | Cols [0-374506) | Local NNZ: 194717
Rank 11: Grid pos (2,3) | Rows [749012-1123518) | Cols [1123518-1498023) | Local NNZ: 0
Rank 2: Grid pos (0,2) | Rows [0-374506) | Cols [749012-1123518) | Local NNZ: 0
Rank 1: Grid pos (0,1) | Rows [0-374506) | Cols [374506-749012) | Local NNZ: 0
Rank 12: Grid pos (3,0) | Rows [1123518-1498023) | Cols [0-374506) | Local NNZ: 0
Rank 13: Grid pos (3,1) | Rows [1123518-1498023) | Cols [374506-749012) | Local NNZ: 0
Rank 14: Grid pos (3,2) | Rows [1123518-1498023) | Cols [749012-1123518) | Local NNZ: 221967
Rank 10: Grid pos (2,2) | Rows [749012-1123518) | Cols [749012-1123518) | Local NNZ: 7597657
Rank 5: Grid pos (1,1) | Rows [374506-749012) | Cols [374506-749012) | Local NNZ: 7608459
Rank 0: Grid pos (0,0) | Rows [0-374506) | Cols [0-374506) | Local NNZ: 7721104
Applied 2D distribution
Rank 15: Grid pos (3,3) | Rows [1123518-1498023) | Cols [1123518-1498023) | Local NNZ: 7616748
Ghost columns identified: 351099 total ghost values needed
Local vector initialized (size=93627 per process)

========================================
COMPREHENSIVE METRICS SUMMARY
========================================
PROCESSES: 16
DISTRIBUTION: 2D
ITERATIONS: 10
Matrix NNZ: 31207734
BALANCE: nnz_local   min=       0  avg=1950483.38  max= 7721104
COMM:    ghost       min=       0  avg=  90886.56  max=  351100  | recv_double_avg= 727092.50 B
MEM:     bytes       min= 5243072  avg=  29375978  max=100705132
STRUCT:  ghost_ratio min=   0.000  avg=     2.556  max=   7.689
METRICS: t_total     = 4.053e-01        t_comp.   = 2.955e-01      t_comm= 1.115e-01
         gflops_total= 1.539869e-01   gflops_comp= 2.111970e-01
========================================

[RESULT] 0,16,2D,0,0.385168791,0.096178770,7721104,351099,15442208
[RESULT] 0,16,2D,1,0.417878866,0.127160549,7721104,351099,15442208
[RESULT] 0,16,2D,2,0.386729717,0.096307755,7721104,351099,15442208
[RESULT] 0,16,2D,3,0.386732578,0.096473217,7721104,351099,15442208
[RESULT] 0,16,2D,4,0.385360003,0.096411467,7721104,351099,15442208
[RESULT] 0,16,2D,5,0.386814594,0.096455336,7721104,351099,15442208
[RESULT] 0,16,2D,6,0.416822433,0.096601725,7721104,351099,15442208
[RESULT] 0,16,2D,7,0.419121981,0.130165577,7721104,351099,15442208
[RESULT] 0,16,2D,8,0.419886827,0.130865335,7721104,351099,15442208
[RESULT] 0,16,2D,9,0.448781252,0.131357670,7721104,351099,15442208
Total execution time: 206.578 seconds
