Retrieving the matrix from '../matrices/msdoor.mtx'...
%%MatrixMarket matrix coordinate real symmetric
415863 415863 10328399
Real Matrix: Rows=415863 | Cols=415863 | NNZ=10328399 | Procs=64 | Distribution=1D
Applied 1D distribution
Ghost columns identified: 126168 total ghost values needed
Local vector initialized (size=6498 per process)

========================================
COMPREHENSIVE METRICS SUMMARY
========================================
PROCESSES: 64
DISTRIBUTION: 1D
ITERATIONS: 10
Matrix NNZ: 10328399
BALANCE: nnz_local   min=  159123  avg= 161381.23  max=  163950
COMM:    ghost       min=  124912  avg= 127457.22  max=  130610  | recv_double_avg=1019657.75 B
MEM:     bytes       min= 3041616  avg=   3086194  max= 3142244
STRUCT:  ghost_ratio min=  77.862  avg=    78.979  max=  79.989
METRICS: t_total     = 1.683e-02        t_comp.   = 1.752e-03      t_comm= 1.530e-02
         gflops_total= 1.227358e+00   gflops_comp= 1.179365e+01
========================================

[RESULT] 0,64,1D,0,0.016365767,0.015113354,159890,126168,319780
[RESULT] 0,64,1D,1,0.015913725,0.014731884,159890,126168,319780
[RESULT] 0,64,1D,2,0.015923262,0.014765739,159890,126168,319780
[RESULT] 0,64,1D,3,0.016124487,0.014779568,159890,126168,319780
[RESULT] 0,64,1D,4,0.016152143,0.014845371,159890,126168,319780
[RESULT] 0,64,1D,5,0.015921354,0.014650583,159890,126168,319780
[RESULT] 0,64,1D,6,0.015443563,0.014276981,159890,126168,319780
[RESULT] 0,64,1D,7,0.016024351,0.014887571,159890,126168,319780
[RESULT] 0,64,1D,8,0.015595675,0.014497995,159890,126168,319780
[RESULT] 0,64,1D,9,0.016020536,0.014696836,159890,126168,319780
Total execution time: 10.546 seconds
