Retrieving the matrix from '../matrices/msdoor.mtx'...
%%MatrixMarket matrix coordinate real symmetric
415863 415863 10328399
Real Matrix: Rows=415863 | Cols=415863 | NNZ=10328399 | Procs=4 | Distribution=2D_cyclic
2D Process Grid (Cyclic): 2 x 2
Rank 0: Grid pos (0,0) | Local rows: 207932 | Local NNZ: 2632180
Applied 2Dcyclic distribution
Rank 2: Grid pos (1,0) | Local rows: 207931 | Local NNZ: 2545401
Rank 1: Grid pos (0,1) | Local rows: 207932 | Local NNZ: 2512743
Rank 3: Grid pos (1,1) | Local rows: 207931 | Local NNZ: 2638075
Ghost columns identified: 103966 total ghost values needed
Local vector initialized (size=103966 per process)

========================================
COMPREHENSIVE METRICS SUMMARY
========================================
PROCESSES: 4
DISTRIBUTION: 2D_cyclic
ITERATIONS: 10
Matrix NNZ: 10328399
BALANCE: nnz_local   min= 2512743  avg=2582099.75  max= 2638075
COMM:    ghost       min=  101242  avg= 102607.00  max=  103966  | recv_double_avg= 820856.00 B
MEM:     bytes       min=34289864  avg=  35132961  max=35815524
STRUCT:  ghost_ratio min=   3.941  avg=     3.974  max=   4.030
METRICS: t_total     = 2.341e-01        t_comp.   = 2.825e-02      t_comm= 2.074e-01
         gflops_total= 8.823304e-02   gflops_comp= 7.312733e-01
========================================

[RESULT] 0,4,2D_cyclic,0,0.236294270,0.207999229,2632180,103966,5264360
[RESULT] 0,4,2D_cyclic,1,0.233410835,0.205169678,2632180,103966,5264360
[RESULT] 0,4,2D_cyclic,2,0.228108644,0.199885607,2632180,103966,5264360
[RESULT] 0,4,2D_cyclic,3,0.229368210,0.201129198,2632180,103966,5264360
[RESULT] 0,4,2D_cyclic,4,0.226465464,0.198284388,2632180,103966,5264360
[RESULT] 0,4,2D_cyclic,5,0.236213923,0.208010912,2632180,103966,5264360
[RESULT] 0,4,2D_cyclic,6,0.234038115,0.205755234,2632180,103966,5264360
[RESULT] 0,4,2D_cyclic,7,0.233876228,0.205676317,2632180,103966,5264360
[RESULT] 0,4,2D_cyclic,8,0.234092236,0.205758333,2632180,103966,5264360
[RESULT] 0,4,2D_cyclic,9,0.233889580,0.205611467,2632180,103966,5264360
Total execution time: 31.633 seconds
