Retrieving the matrix from '../matrices/cond-mat-2005.mtx'...
%%MatrixMarket matrix coordinate real symmetric
40421 40421 175693
Real Matrix: Rows=40421 | Cols=40421 | NNZ=175693 | Procs=32 | Distribution=2D_cyclic
Rank 7: Grid pos (0,7) | Local rows: 10106 | Local NNZ: 6707
Rank 31: Grid pos (3,7) | Local rows: 10105 | Local NNZ: 4468
Rank 17: Grid pos (2,1) | Local rows: 10105 | Local NNZ: 6806
Rank 23: Grid pos (2,7) | Local rows: 10105 | Local NNZ: 4871
Rank 27: Grid pos (3,3) | Local rows: 10105 | Local NNZ: 4620
2D Process Grid (Cyclic): 4 x 8
Rank 0: Grid pos (0,0) | Local rows: 10106 | Local NNZ: 4703
Applied 2Dcyclic distribution
Rank 15: Grid pos (1,7) | Local rows: 10105 | Local NNZ: 5424
Rank 4: Grid pos (0,4) | Local rows: 10106 | Local NNZ: 4861
Rank 3: Grid pos (0,3) | Local rows: 10106 | Local NNZ: 6876
Rank 1: Grid pos (0,1) | Local rows: 10106 | Local NNZ: 5072
Rank 2: Grid pos (0,2) | Local rows: 10106 | Local NNZ: 5590
Rank 25: Grid pos (3,1) | Local rows: 10105 | Local NNZ: 5553
Rank 8: Grid pos (1,0) | Local rows: 10105 | Local NNZ: 6674
Rank 5: Grid pos (0,5) | Local rows: 10106 | Local NNZ: 4960
Rank 6: Grid pos (0,6) | Local rows: 10106 | Local NNZ: 5576
Rank 9: Grid pos (1,1) | Local rows: 10105 | Local NNZ: 4702
Rank 16: Grid pos (2,0) | Local rows: 10105 | Local NNZ: 5543
Rank 12: Grid pos (1,4) | Local rows: 10105 | Local NNZ: 6994
Rank 18: Grid pos (2,2) | Local rows: 10105 | Local NNZ: 4728
Rank 24: Grid pos (3,0) | Local rows: 10105 | Local NNZ: 4899
Rank 11: Grid pos (1,3) | Local rows: 10105 | Local NNZ: 5611
Rank 26: Grid pos (3,2) | Local rows: 10105 | Local NNZ: 6686
Rank 28: Grid pos (3,4) | Local rows: 10105 | Local NNZ: 5042
Rank 30: Grid pos (3,6) | Local rows: 10105 | Local NNZ: 6674
Rank 13: Grid pos (1,5) | Local rows: 10105 | Local NNZ: 4648
Rank 10: Grid pos (1,2) | Local rows: 10105 | Local NNZ: 4959
Rank 20: Grid pos (2,4) | Local rows: 10105 | Local NNZ: 5641
Rank 14: Grid pos (1,6) | Local rows: 10105 | Local NNZ: 5032
Rank 19: Grid pos (2,3) | Local rows: 10105 | Local NNZ: 4978
Rank 21: Grid pos (2,5) | Local rows: 10105 | Local NNZ: 6724
Rank 29: Grid pos (3,5) | Local rows: 10105 | Local NNZ: 5444
Rank 22: Grid pos (2,6) | Local rows: 10105 | Local NNZ: 4627
Ghost columns identified: 1146 total ghost values needed
Local vector initialized (size=1264 per process)

========================================
COMPREHENSIVE METRICS SUMMARY
========================================
PROCESSES: 32
DISTRIBUTION: 2D_cyclic
ITERATIONS: 10
Matrix NNZ: 175693
BALANCE: nnz_local   min=    4468  avg=   5490.41  max=    6994
COMM:    ghost       min=    1146  avg=   1535.44  max=    2206  | recv_double_avg=  12283.50 B
MEM:     bytes       min=  194176  avg=    209541  max=  232520
STRUCT:  ghost_ratio min=  24.234  avg=    27.582  max=  32.891
METRICS: t_total     = 1.282e-01        t_comp.   = 1.849e-03      t_comm= 1.281e-01
         gflops_total= 2.740651e-03   gflops_comp= 1.900820e-01
========================================

[RESULT] 0,32,2D_cyclic,0,0.065807343,0.064003944,4703,1146,9406
[RESULT] 0,32,2D_cyclic,1,0.065745115,0.063968658,4703,1146,9406
[RESULT] 0,32,2D_cyclic,2,0.065804482,0.063998461,4703,1146,9406
[RESULT] 0,32,2D_cyclic,3,0.065743208,0.063969135,4703,1146,9406
[RESULT] 0,32,2D_cyclic,4,0.065817833,0.063999653,4703,1146,9406
[RESULT] 0,32,2D_cyclic,5,0.065728903,0.063970089,4703,1146,9406
[RESULT] 0,32,2D_cyclic,6,0.065786600,0.063997507,4703,1146,9406
[RESULT] 0,32,2D_cyclic,7,0.065719128,0.063960791,4703,1146,9406
[RESULT] 0,32,2D_cyclic,8,0.066107988,0.063998222,4703,1146,9406
[RESULT] 0,32,2D_cyclic,9,0.066058397,0.063966513,4703,1146,9406
Total execution time: 9.138 seconds
