Retrieving the matrix from '../matrices/dixmaanl.mtx'...
%%MatrixMarket matrix coordinate real symmetric
60000 60000 179999
Real Matrix: Rows=60000 | Cols=60000 | NNZ=179999 | Procs=2 | Distribution=2D
2D Process Grid: 1 x 2 (rows x cols)
Rank 1: Grid pos (0,1) | Rows [0-60000) | Cols [30000-60000) | Local NNZ: 69999
Rank 0: Grid pos (0,0) | Rows [0-60000) | Cols [0-30000) | Local NNZ: 110000
Applied 2D distribution
Ghost columns identified: 15000 total ghost values needed
Local vector initialized (size=30000 per process)

========================================
COMPREHENSIVE METRICS SUMMARY
========================================
PROCESSES: 2
DISTRIBUTION: 2D
ITERATIONS: 10
Matrix NNZ: 179999
BALANCE: nnz_local   min=   69999  avg=  89999.50  max=  110000
COMM:    ghost       min=   15000  avg=  15000.00  max=   15000  | recv_double_avg= 120000.00 B
MEM:     bytes       min= 1919992  avg=   2159998  max= 2400004
STRUCT:  ghost_ratio min=  13.636  avg=    17.533  max=  21.429
METRICS: t_total     = 8.576e-04        t_comp.   = 6.312e-04      t_comm= 2.263e-04
         gflops_total= 4.197896e-01   gflops_comp= 5.703056e-01
========================================

[RESULT] 0,2,2D,0,0.000871897,0.000231504,110000,15000,220000
[RESULT] 0,2,2D,1,0.000876665,0.000233173,110000,15000,220000
[RESULT] 0,2,2D,2,0.000835896,0.000218153,110000,15000,220000
[RESULT] 0,2,2D,3,0.000845671,0.000221729,110000,15000,220000
[RESULT] 0,2,2D,4,0.000865936,0.000248671,110000,15000,220000
[RESULT] 0,2,2D,5,0.000859976,0.000221252,110000,15000,220000
[RESULT] 0,2,2D,6,0.000877142,0.000232935,110000,15000,220000
[RESULT] 0,2,2D,7,0.000869036,0.000219107,110000,15000,220000
[RESULT] 0,2,2D,8,0.000846386,0.000218391,110000,15000,220000
[RESULT] 0,2,2D,9,0.000827074,0.000218391,110000,15000,220000
Total execution time: 0.126 seconds
