Retrieving the matrix from '../matrices/dixmaanl.mtx'...
%%MatrixMarket matrix coordinate real symmetric
60000 60000 179999
Real Matrix: Rows=60000 | Cols=60000 | NNZ=179999 | Procs=2 | Distribution=2D
2D Process Grid: 1 x 2 (rows x cols)
Rank 1: Grid pos (0,1) | Rows [0-60000) | Cols [30000-60000) | Local NNZ: 69999
Rank 0: Grid pos (0,0) | Rows [0-60000) | Cols [0-30000) | Local NNZ: 110000
Applied 2D distribution
Ghost columns identified: 15000 total ghost values needed
Local vector initialized (size=30000 per process)

========================================
COMPREHENSIVE METRICS SUMMARY
========================================
PROCESSES: 2
DISTRIBUTION: 2D
ITERATIONS: 10
Matrix NNZ: 179999
BALANCE: nnz_local   min=   69999  avg=  89999.50  max=  110000
COMM:    ghost       min=   15000  avg=  15000.00  max=   15000  | recv_double_avg= 120000.00 B
MEM:     bytes       min= 1919992  avg=   2159998  max= 2400004
STRUCT:  ghost_ratio min=  13.636  avg=    17.533  max=  21.429
METRICS: t_total     = 7.967e-04        t_comp.   = 5.096e-04      t_comm= 2.871e-04
         gflops_total= 4.518887e-01   gflops_comp= 7.064382e-01
========================================

[RESULT] 0,2,2D,0,0.000812531,0.000298262,110000,15000,220000
[RESULT] 0,2,2D,1,0.000797272,0.000290394,110000,15000,220000
[RESULT] 0,2,2D,2,0.000797033,0.000286579,110000,15000,220000
[RESULT] 0,2,2D,3,0.000805855,0.000300407,110000,15000,220000
[RESULT] 0,2,2D,4,0.000793695,0.000282526,110000,15000,220000
[RESULT] 0,2,2D,5,0.000788450,0.000273943,110000,15000,220000
[RESULT] 0,2,2D,6,0.000798941,0.000292063,110000,15000,220000
[RESULT] 0,2,2D,7,0.000798941,0.000293732,110000,15000,220000
[RESULT] 0,2,2D,8,0.000792980,0.000287771,110000,15000,220000
[RESULT] 0,2,2D,9,0.000780821,0.000264883,110000,15000,220000
Total execution time: 0.110 seconds
