Retrieving the matrix from '../matrices/1138_bus.mtx'...
%%MatrixMarket matrix coordinate real symmetric
1138 1138 2596
Real Matrix: Rows=1138 | Cols=1138 | NNZ=2596 | Procs=64 | Distribution=1D
Applied 1D distribution
Ghost columns identified: 24 total ghost values needed
Local vector initialized (size=18 per process)

========================================
COMPREHENSIVE METRICS SUMMARY
========================================
PROCESSES: 64
DISTRIBUTION: 1D
ITERATIONS: 10
Matrix NNZ: 2596
BALANCE: nnz_local   min=      31  avg=     40.56  max=      53
COMM:    ghost       min=      14  avg=     22.47  max=      35  | recv_double_avg=    179.75 B
MEM:     bytes       min=     828  avg=      1026  max=    1280
STRUCT:  ghost_ratio min=  42.424  avg=    54.665  max=  66.038
METRICS: t_total     = 5.543e-01        t_comp.   = 8.225e-06      t_comm= 5.543e-01
         gflops_total= 9.366807e-06   gflops_comp= 6.312124e-01
========================================

[RESULT] 0,64,1D,0,0.511022806,0.511016130,43,24,86
[RESULT] 0,64,1D,1,0.512015343,0.512007713,43,24,86
[RESULT] 0,64,1D,2,0.512008190,0.512000322,43,24,86
[RESULT] 0,64,1D,3,0.384055376,0.384048939,43,24,86
[RESULT] 0,64,1D,4,0.384058714,0.384052515,43,24,86
[RESULT] 0,64,1D,5,0.385063171,0.385056496,43,24,86
[RESULT] 0,64,1D,6,0.513014317,0.513006687,43,24,86
[RESULT] 0,64,1D,7,0.767990112,0.767982721,43,24,86
[RESULT] 0,64,1D,8,0.639010668,0.639003038,43,24,86
[RESULT] 0,64,1D,9,0.640059948,0.640053988,43,24,86
Total execution time: 13.674 seconds
