Retrieving the matrix from '../matrices/msdoor.mtx'...
%%MatrixMarket matrix coordinate real symmetric
415863 415863 10328399
Real Matrix: Rows=415863 | Cols=415863 | NNZ=10328399 | Procs=4 | Distribution=2D_cyclic
2D Process Grid (Cyclic): 2 x 2
Rank 3: Grid pos (1,1) | Local rows: 207931 | Local NNZ: 2638075
Rank 1: Grid pos (0,1) | Local rows: 207932 | Local NNZ: 2512743
Rank 2: Grid pos (1,0) | Local rows: 207931 | Local NNZ: 2545401
Rank 0: Grid pos (0,0) | Local rows: 207932 | Local NNZ: 2632180
Applied 2Dcyclic distribution
Ghost columns identified: 103966 total ghost values needed
Local vector initialized (size=103966 per process)

========================================
COMPREHENSIVE METRICS SUMMARY
========================================
PROCESSES: 4
DISTRIBUTION: 2D_cyclic
ITERATIONS: 10
Matrix NNZ: 10328399
BALANCE: nnz_local   min= 2512743  avg=2582099.75  max= 2638075
COMM:    ghost       min=  101242  avg= 102607.00  max=  103966  | recv_double_avg= 820856.00 B
MEM:     bytes       min=34289864  avg=  35132961  max=35815524
STRUCT:  ghost_ratio min=   3.941  avg=     3.974  max=   4.030
METRICS: t_total     = 1.479e-02        t_comp.   = 1.426e-02      t_comm= 5.349e-04
         gflops_total= 1.396222e+00   gflops_comp= 1.448600e+00
========================================

[RESULT] 0,4,2D_cyclic,0,0.015180111,0.000866652,2632180,103966,5264360
[RESULT] 0,4,2D_cyclic,1,0.014793634,0.000487089,2632180,103966,5264360
[RESULT] 0,4,2D_cyclic,2,0.014723539,0.000482321,2632180,103966,5264360
[RESULT] 0,4,2D_cyclic,3,0.014742136,0.000529051,2632180,103966,5264360
[RESULT] 0,4,2D_cyclic,4,0.014633179,0.000476599,2632180,103966,5264360
[RESULT] 0,4,2D_cyclic,5,0.014715910,0.000509977,2632180,103966,5264360
[RESULT] 0,4,2D_cyclic,6,0.014852285,0.000491381,2632180,103966,5264360
[RESULT] 0,4,2D_cyclic,7,0.014838696,0.000527620,2632180,103966,5264360
[RESULT] 0,4,2D_cyclic,8,0.014739752,0.000484228,2632180,103966,5264360
[RESULT] 0,4,2D_cyclic,9,0.014728546,0.000494480,2632180,103966,5264360
Total execution time: 6.204 seconds
