Retrieving the matrix from '../matrices/cond-mat-2005.mtx'...
%%MatrixMarket matrix coordinate real symmetric
40421 40421 175693
Real Matrix: Rows=40421 | Cols=40421 | NNZ=175693 | Procs=32 | Distribution=2D_cyclic
2D Process Grid (Cyclic): 4 x 8
Rank 12: Grid pos (1,4) | Local rows: 10105 | Local NNZ: 6994
Rank 10: Grid pos (1,2) | Local rows: 10105 | Local NNZ: 4959
Rank 11: Grid pos (1,3) | Local rows: 10105 | Local NNZ: 5611
Rank 9: Grid pos (1,1) | Local rows: 10105 | Local NNZ: 4702
Rank 8: Grid pos (1,0) | Local rows: 10105 | Local NNZ: 6674
Rank 0: Grid pos (0,0) | Local rows: 10106 | Local NNZ: 4703
Applied 2Dcyclic distribution
Rank 14: Grid pos (1,6) | Local rows: 10105 | Local NNZ: 5032
Rank 30: Grid pos (3,6) | Local rows: 10105 | Local NNZ: 6674
Rank 7: Grid pos (0,7) | Local rows: 10106 | Local NNZ: 6707
Rank 31: Grid pos (3,7) | Local rows: 10105 | Local NNZ: 4468
Rank 1: Grid pos (0,1) | Local rows: 10106 | Local NNZ: 5072
Rank 13: Grid pos (1,5) | Local rows: 10105 | Local NNZ: 4648
Rank 29: Grid pos (3,5) | Local rows: 10105 | Local NNZ: 5444
Rank 6: Grid pos (0,6) | Local rows: 10106 | Local NNZ: 5576
Rank 5: Grid pos (0,5) | Local rows: 10106 | Local NNZ: 4960
Rank 4: Grid pos (0,4) | Local rows: 10106 | Local NNZ: 4861
Rank 22: Grid pos (2,6) | Local rows: 10105 | Local NNZ: 4627
Rank 28: Grid pos (3,4) | Local rows: 10105 | Local NNZ: 5042
Rank 26: Grid pos (3,2) | Local rows: 10105 | Local NNZ: 6686
Rank 27: Grid pos (3,3) | Local rows: 10105 | Local NNZ: 4620
Rank 2: Grid pos (0,2) | Local rows: 10106 | Local NNZ: 5590
Rank 3: Grid pos (0,3) | Local rows: 10106 | Local NNZ: 6876
Rank 21: Grid pos (2,5) | Local rows: 10105 | Local NNZ: 6724
Rank 15: Grid pos (1,7) | Local rows: 10105 | Local NNZ: 5424
Rank 25: Grid pos (3,1) | Local rows: 10105 | Local NNZ: 5553
Rank 19: Grid pos (2,3) | Local rows: 10105 | Local NNZ: 4978
Rank 23: Grid pos (2,7) | Local rows: 10105 | Local NNZ: 4871
Rank 20: Grid pos (2,4) | Local rows: 10105 | Local NNZ: 5641
Rank 24: Grid pos (3,0) | Local rows: 10105 | Local NNZ: 4899
Rank 16: Grid pos (2,0) | Local rows: 10105 | Local NNZ: 5543
Rank 18: Grid pos (2,2) | Local rows: 10105 | Local NNZ: 4728
Rank 17: Grid pos (2,1) | Local rows: 10105 | Local NNZ: 6806
Ghost columns identified: 1146 total ghost values needed
Local vector initialized (size=1264 per process)

========================================
COMPREHENSIVE METRICS SUMMARY
========================================
PROCESSES: 32
DISTRIBUTION: 2D_cyclic
ITERATIONS: 10
Matrix NNZ: 175693
BALANCE: nnz_local   min=    4468  avg=   5490.41  max=    6994
COMM:    ghost       min=    1146  avg=   1535.44  max=    2206  | recv_double_avg=  12283.50 B
MEM:     bytes       min=  194176  avg=    209541  max=  232520
STRUCT:  ghost_ratio min=  24.234  avg=    27.582  max=  32.891
METRICS: t_total     = 1.411e-04        t_comp.   = 1.306e-04      t_comm= 1.280e-05
         gflops_total= 2.490402e+00   gflops_comp= 2.691417e+00
========================================

[RESULT] 0,32,2D_cyclic,0,0.000105619,0.000006676,4703,1146,9406
[RESULT] 0,32,2D_cyclic,1,0.000103951,0.000007153,4703,1146,9406
[RESULT] 0,32,2D_cyclic,2,0.000103235,0.000007391,4703,1146,9406
[RESULT] 0,32,2D_cyclic,3,0.000103474,0.000007629,4703,1146,9406
[RESULT] 0,32,2D_cyclic,4,0.000101805,0.000007153,4703,1146,9406
[RESULT] 0,32,2D_cyclic,5,0.000102520,0.000006914,4703,1146,9406
[RESULT] 0,32,2D_cyclic,6,0.000101566,0.000006914,4703,1146,9406
[RESULT] 0,32,2D_cyclic,7,0.000109673,0.000007391,4703,1146,9406
[RESULT] 0,32,2D_cyclic,8,0.000101805,0.000007629,4703,1146,9406
[RESULT] 0,32,2D_cyclic,9,0.000102043,0.000008345,4703,1146,9406
Total execution time: 0.131 seconds
