Retrieving the matrix from '../matrices/dixmaanl.mtx'...
%%MatrixMarket matrix coordinate real symmetric
60000 60000 179999
Real Matrix: Rows=60000 | Cols=60000 | NNZ=179999 | Procs=64 | Distribution=2D
Rank 30: Grid pos (3,6) | Rows [22500-30000) | Cols [45000-52500) | Local NNZ: 0
Rank 28: Grid pos (3,4) | Rows [22500-30000) | Cols [30000-37500) | Local NNZ: 0
Rank 29: Grid pos (3,5) | Rows [22500-30000) | Cols [37500-45000) | Local NNZ: 0
Rank 24: Grid pos (3,0) | Rows [22500-30000) | Cols [0-7500) | Local NNZ: 5000
Rank 25: Grid pos (3,1) | Rows [22500-30000) | Cols [7500-15000) | Local NNZ: 2500
Rank 23: Grid pos (2,7) | Rows [15000-22500) | Cols [52500-60000) | Local NNZ: 0
Rank 26: Grid pos (3,2) | Rows [22500-30000) | Cols [15000-22500) | Local NNZ: 1
Rank 22: Grid pos (2,6) | Rows [15000-22500) | Cols [45000-52500) | Local NNZ: 0
Rank 21: Grid pos (2,5) | Rows [15000-22500) | Cols [37500-45000) | Local NNZ: 0
Rank 27: Grid pos (3,3) | Rows [22500-30000) | Cols [22500-30000) | Local NNZ: 14999
Rank 20: Grid pos (2,4) | Rows [15000-22500) | Cols [30000-37500) | Local NNZ: 0
Rank 19: Grid pos (2,3) | Rows [15000-22500) | Cols [22500-30000) | Local NNZ: 0
Rank 16: Grid pos (2,0) | Rows [15000-22500) | Cols [0-7500) | Local NNZ: 2500
2D Process Grid: 8 x 8 (rows x cols)
Rank 15: Grid pos (1,7) | Rows [7500-15000) | Cols [52500-60000) | Local NNZ: 0
Rank 18: Grid pos (2,2) | Rows [15000-22500) | Cols [15000-22500) | Local NNZ: 14999
Rank 17: Grid pos (2,1) | Rows [15000-22500) | Cols [7500-15000) | Local NNZ: 1
Rank 14: Grid pos (1,6) | Rows [7500-15000) | Cols [45000-52500) | Local NNZ: 0
Rank 13: Grid pos (1,5) | Rows [7500-15000) | Cols [37500-45000) | Local NNZ: 0
Rank 12: Grid pos (1,4) | Rows [7500-15000) | Cols [30000-37500) | Local NNZ: 0
Rank 11: Grid pos (1,3) | Rows [7500-15000) | Cols [22500-30000) | Local NNZ: 0
Rank 34: Grid pos (4,2) | Rows [30000-37500) | Cols [15000-22500) | Local NNZ: 2500
Rank 52: Grid pos (6,4) | Rows [45000-52500) | Cols [30000-37500) | Local NNZ: 2500
Rank 10: Grid pos (1,2) | Rows [7500-15000) | Cols [15000-22500) | Local NNZ: 0
Rank 53: Grid pos (6,5) | Rows [45000-52500) | Cols [37500-45000) | Local NNZ: 1
Rank 54: Grid pos (6,6) | Rows [45000-52500) | Cols [45000-52500) | Local NNZ: 14999
Rank 33: Grid pos (4,1) | Rows [30000-37500) | Cols [7500-15000) | Local NNZ: 5000
Rank 32: Grid pos (4,0) | Rows [30000-37500) | Cols [0-7500) | Local NNZ: 0
Rank 41: Grid pos (5,1) | Rows [37500-45000) | Cols [7500-15000) | Local NNZ: 0
Rank 40: Grid pos (5,0) | Rows [37500-45000) | Cols [0-7500) | Local NNZ: 5000
Rank 31: Grid pos (3,7) | Rows [22500-30000) | Cols [52500-60000) | Local NNZ: 0
Rank 39: Grid pos (4,7) | Rows [30000-37500) | Cols [52500-60000) | Local NNZ: 0
Rank 51: Grid pos (6,3) | Rows [45000-52500) | Cols [22500-30000) | Local NNZ: 5000
Rank 50: Grid pos (6,2) | Rows [45000-52500) | Cols [15000-22500) | Local NNZ: 0
Rank 38: Grid pos (4,6) | Rows [30000-37500) | Cols [45000-52500) | Local NNZ: 0
Rank 35: Grid pos (4,3) | Rows [30000-37500) | Cols [22500-30000) | Local NNZ: 1
Rank 8: Grid pos (1,0) | Rows [7500-15000) | Cols [0-7500) | Local NNZ: 1
Rank 9: Grid pos (1,1) | Rows [7500-15000) | Cols [7500-15000) | Local NNZ: 14999
Rank 49: Grid pos (6,1) | Rows [45000-52500) | Cols [7500-15000) | Local NNZ: 5000
Rank 37: Grid pos (4,5) | Rows [30000-37500) | Cols [37500-45000) | Local NNZ: 0
Rank 4: Grid pos (0,4) | Rows [0-7500) | Cols [30000-37500) | Local NNZ: 0
Rank 43: Grid pos (5,3) | Rows [37500-45000) | Cols [22500-30000) | Local NNZ: 2500
Rank 44: Grid pos (5,4) | Rows [37500-45000) | Cols [30000-37500) | Local NNZ: 1
Rank 46: Grid pos (5,6) | Rows [37500-45000) | Cols [45000-52500) | Local NNZ: 0
Rank 6: Grid pos (0,6) | Rows [0-7500) | Cols [45000-52500) | Local NNZ: 0
Rank 5: Grid pos (0,5) | Rows [0-7500) | Cols [37500-45000) | Local NNZ: 0
Rank 36: Grid pos (4,4) | Rows [30000-37500) | Cols [30000-37500) | Local NNZ: 14999
Rank 48: Grid pos (6,0) | Rows [45000-52500) | Cols [0-7500) | Local NNZ: 2500
Rank 47: Grid pos (5,7) | Rows [37500-45000) | Cols [52500-60000) | Local NNZ: 0
Rank 42: Grid pos (5,2) | Rows [37500-45000) | Cols [15000-22500) | Local NNZ: 5000
Rank 55: Grid pos (6,7) | Rows [45000-52500) | Cols [52500-60000) | Local NNZ: 0
Rank 56: Grid pos (7,0) | Rows [52500-60000) | Cols [0-7500) | Local NNZ: 0
Rank 1: Grid pos (0,1) | Rows [0-7500) | Cols [7500-15000) | Local NNZ: 0
Rank 2: Grid pos (0,2) | Rows [0-7500) | Cols [15000-22500) | Local NNZ: 0
Rank 7: Grid pos (0,7) | Rows [0-7500) | Cols [52500-60000) | Local NNZ: 0
Rank 45: Grid pos (5,5) | Rows [37500-45000) | Cols [37500-45000) | Local NNZ: 14999
Rank 62: Grid pos (7,6) | Rows [52500-60000) | Cols [45000-52500) | Local NNZ: 1
Rank 57: Grid pos (7,1) | Rows [52500-60000) | Cols [7500-15000) | Local NNZ: 2500
Rank 3: Grid pos (0,3) | Rows [0-7500) | Cols [22500-30000) | Local NNZ: 0
Rank 61: Grid pos (7,5) | Rows [52500-60000) | Cols [37500-45000) | Local NNZ: 2500
Rank 59: Grid pos (7,3) | Rows [52500-60000) | Cols [22500-30000) | Local NNZ: 0
Rank 60: Grid pos (7,4) | Rows [52500-60000) | Cols [30000-37500) | Local NNZ: 5000
Rank 58: Grid pos (7,2) | Rows [52500-60000) | Cols [15000-22500) | Local NNZ: 5000
Rank 0: Grid pos (0,0) | Rows [0-7500) | Cols [0-7500) | Local NNZ: 14999
Applied 2D distribution
Rank 63: Grid pos (7,7) | Rows [52500-60000) | Cols [52500-60000) | Local NNZ: 14999
Ghost columns identified: 7382 total ghost values needed
Local vector initialized (size=938 per process)

========================================
COMPREHENSIVE METRICS SUMMARY
========================================
PROCESSES: 64
DISTRIBUTION: 2D
ITERATIONS: 10
Matrix NNZ: 179999
BALANCE: nnz_local   min=       0  avg=   2812.48  max=   14999
COMM:    ghost       min=       0  avg=   1845.83  max=    7383  | recv_double_avg=  14766.62 B
MEM:     bytes       min=   97500  avg=    146020  max=  336560
STRUCT:  ghost_ratio min=   0.000  avg=    41.700  max= 100.000
METRICS: t_total     = 6.505e-04        t_comp.   = 8.600e-05      t_comm= 5.774e-04
         gflops_total= 5.533960e-01   gflops_comp= 4.186141e+00
========================================

[RESULT] 0,64,2D,0,0.000647068,0.000569105,14999,7382,29998
[RESULT] 0,64,2D,1,0.000631094,0.000544786,14999,7382,29998
[RESULT] 0,64,2D,2,0.000614882,0.000538111,14999,7382,29998
[RESULT] 0,64,2D,3,0.000617981,0.000541210,14999,7382,29998
[RESULT] 0,64,2D,4,0.000615835,0.000539064,14999,7382,29998
[RESULT] 0,64,2D,5,0.000623226,0.000546694,14999,7382,29998
[RESULT] 0,64,2D,6,0.000627518,0.000550985,14999,7382,29998
[RESULT] 0,64,2D,7,0.000633001,0.000555515,14999,7382,29998
[RESULT] 0,64,2D,8,0.000617027,0.000540257,14999,7382,29998
[RESULT] 0,64,2D,9,0.000877619,0.000719547,14999,7382,29998
Total execution time: 0.199 seconds
