Retrieving the matrix from '../matrices/tmt_sym.mtx'...
%%MatrixMarket matrix coordinate real symmetric
726713 726713 2903837
Real Matrix: Rows=726713 | Cols=726713 | NNZ=2903837 | Procs=64 | Distribution=1D
Applied 1D distribution
Ghost columns identified: 33413 total ghost values needed
Local vector initialized (size=11355 per process)

========================================
COMPREHENSIVE METRICS SUMMARY
========================================
PROCESSES: 64
DISTRIBUTION: 1D
ITERATIONS: 10
Matrix NNZ: 2903837
BALANCE: nnz_local   min=   45215  avg=  45372.45  max=   45602
COMM:    ghost       min=   32972  avg=  33323.67  max=   33596  | recv_double_avg= 266589.38 B
MEM:     bytes       min= 1033460  avg=   1038161  max= 1042784
STRUCT:  ghost_ratio min=  72.829  avg=    73.445  max=  73.891
METRICS: t_total     = 5.569e-01        t_comp.   = 1.275e-02      t_comm= 5.564e-01
         gflops_total= 1.042780e-02   gflops_comp= 4.554798e-01
========================================

[RESULT] 0,64,1D,0,0.509633541,0.508990049,45253,33413,90506
[RESULT] 0,64,1D,1,0.513666391,0.513023138,45253,33413,90506
[RESULT] 0,64,1D,2,0.512683392,0.512042761,45253,33413,90506
[RESULT] 0,64,1D,3,0.512696505,0.512050629,45253,33413,90506
[RESULT] 0,64,1D,4,0.513691425,0.513053894,45253,33413,90506
[RESULT] 0,64,1D,5,0.509664774,0.509021044,45253,33413,90506
[RESULT] 0,64,1D,6,0.512665510,0.512022018,45253,33413,90506
[RESULT] 0,64,1D,7,0.512686968,0.512034416,45253,33413,90506
[RESULT] 0,64,1D,8,0.511697054,0.511052370,45253,33413,90506
[RESULT] 0,64,1D,9,0.512728214,0.512071371,45253,33413,90506
Total execution time: 127.130 seconds
