Retrieving the matrix from '../matrices/1138_bus.mtx'...
%%MatrixMarket matrix coordinate real symmetric
1138 1138 2596
Real Matrix: Rows=1138 | Cols=1138 | NNZ=2596 | Procs=2 | Distribution=1D
Applied 1D distribution
Ghost columns identified: 300 total ghost values needed
Local vector initialized (size=569 per process)

========================================
COMPREHENSIVE METRICS SUMMARY
========================================
PROCESSES: 2
DISTRIBUTION: 1D
ITERATIONS: 10
Matrix NNZ: 2596
BALANCE: nnz_local   min=    1263  avg=   1298.00  max=    1333
COMM:    ghost       min=     278  avg=    289.00  max=     300  | recv_double_avg=   2312.00 B
MEM:     bytes       min=   28764  avg=     29272  max=   29780
STRUCT:  ghost_ratio min=  22.011  avg=    22.258  max=  22.506
METRICS: t_total     = 7.095e-05        t_comp.   = 7.200e-06      t_comm= 6.485e-05
         gflops_total= 7.317482e-02   gflops_comp= 7.210870e-01
========================================

[RESULT] 0,2,1D,0,0.000043392,0.000030041,1333,300,2666
[RESULT] 0,2,1D,1,0.000040293,0.000030041,1333,300,2666
[RESULT] 0,2,1D,2,0.000072241,0.000064373,1333,300,2666
[RESULT] 0,2,1D,3,0.000037432,0.000030994,1333,300,2666
[RESULT] 0,2,1D,4,0.000066996,0.000061035,1333,300,2666
[RESULT] 0,2,1D,5,0.000036240,0.000030518,1333,300,2666
[RESULT] 0,2,1D,6,0.000070095,0.000064373,1333,300,2666
[RESULT] 0,2,1D,7,0.000036478,0.000031233,1333,300,2666
[RESULT] 0,2,1D,8,0.000068188,0.000062704,1333,300,2666
[RESULT] 0,2,1D,9,0.000036001,0.000030041,1333,300,2666
Total execution time: 0.004 seconds
