Retrieving the matrix from '../matrices/dixmaanl.mtx'...
%%MatrixMarket matrix coordinate real symmetric
60000 60000 179999
Real Matrix: Rows=60000 | Cols=60000 | NNZ=179999 | Procs=128 | Distribution=2D
Rank 14: Grid pos (0,14) | Rows [0-7500) | Cols [52500-56250) | Local NNZ: 0
Rank 20: Grid pos (1,4) | Rows [7500-15000) | Cols [15000-18750) | Local NNZ: 0
Rank 17: Grid pos (1,1) | Rows [7500-15000) | Cols [3750-7500) | Local NNZ: 1
Rank 16: Grid pos (1,0) | Rows [7500-15000) | Cols [0-3750) | Local NNZ: 0
Rank 13: Grid pos (0,13) | Rows [0-7500) | Cols [48750-52500) | Local NNZ: 0
Rank 18: Grid pos (1,2) | Rows [7500-15000) | Cols [7500-11250) | Local NNZ: 7500
Rank 21: Grid pos (1,5) | Rows [7500-15000) | Cols [18750-22500) | Local NNZ: 0
Rank 19: Grid pos (1,3) | Rows [7500-15000) | Cols [11250-15000) | Local NNZ: 7499
Rank 15: Grid pos (0,15) | Rows [0-7500) | Cols [56250-60000) | Local NNZ: 0
Rank 24: Grid pos (1,8) | Rows [7500-15000) | Cols [30000-33750) | Local NNZ: 0
Rank 22: Grid pos (1,6) | Rows [7500-15000) | Cols [22500-26250) | Local NNZ: 0
Rank 25: Grid pos (1,9) | Rows [7500-15000) | Cols [33750-37500) | Local NNZ: 0
Rank 125: Grid pos (7,13) | Rows [52500-60000) | Cols [48750-52500) | Local NNZ: 1
Rank 26: Grid pos (1,10) | Rows [7500-15000) | Cols [37500-41250) | Local NNZ: 0
Rank 27: Grid pos (1,11) | Rows [7500-15000) | Cols [41250-45000) | Local NNZ: 0
Rank 23: Grid pos (1,7) | Rows [7500-15000) | Cols [26250-30000) | Local NNZ: 0
Rank 123: Grid pos (7,11) | Rows [52500-60000) | Cols [41250-45000) | Local NNZ: 0
2D Process Grid: 8 x 16 (rows x cols)
Rank 28: Grid pos (1,12) | Rows [7500-15000) | Cols [45000-48750) | Local NNZ: 0
Rank 29: Grid pos (1,13) | Rows [7500-15000) | Cols [48750-52500) | Local NNZ: 0
Rank 116: Grid pos (7,4) | Rows [52500-60000) | Cols [15000-18750) | Local NNZ: 3750
Rank 117: Grid pos (7,5) | Rows [52500-60000) | Cols [18750-22500) | Local NNZ: 1250
Rank 74: Grid pos (4,10) | Rows [30000-37500) | Cols [37500-41250) | Local NNZ: 0
Rank 31: Grid pos (1,15) | Rows [7500-15000) | Cols [56250-60000) | Local NNZ: 0
Rank 75: Grid pos (4,11) | Rows [30000-37500) | Cols [41250-45000) | Local NNZ: 0
Rank 122: Grid pos (7,10) | Rows [52500-60000) | Cols [37500-41250) | Local NNZ: 2500
Rank 30: Grid pos (1,14) | Rows [7500-15000) | Cols [52500-56250) | Local NNZ: 0
Rank 121: Grid pos (7,9) | Rows [52500-60000) | Cols [33750-37500) | Local NNZ: 3750
Rank 76: Grid pos (4,12) | Rows [30000-37500) | Cols [45000-48750) | Local NNZ: 0
Rank 32: Grid pos (2,0) | Rows [15000-22500) | Cols [0-3750) | Local NNZ: 2500
Rank 119: Grid pos (7,7) | Rows [52500-60000) | Cols [26250-30000) | Local NNZ: 0
Rank 77: Grid pos (4,13) | Rows [30000-37500) | Cols [48750-52500) | Local NNZ: 0
Rank 79: Grid pos (4,15) | Rows [30000-37500) | Cols [56250-60000) | Local NNZ: 0
Rank 78: Grid pos (4,14) | Rows [30000-37500) | Cols [52500-56250) | Local NNZ: 0
Rank 118: Grid pos (7,6) | Rows [52500-60000) | Cols [22500-26250) | Local NNZ: 0
Rank 120: Grid pos (7,8) | Rows [52500-60000) | Cols [30000-33750) | Local NNZ: 1250
Rank 81: Grid pos (5,1) | Rows [37500-45000) | Cols [3750-7500) | Local NNZ: 1250
Rank 82: Grid pos (5,2) | Rows [37500-45000) | Cols [7500-11250) | Local NNZ: 0
Rank 126: Grid pos (7,14) | Rows [52500-60000) | Cols [52500-56250) | Local NNZ: 7500
Rank 80: Grid pos (5,0) | Rows [37500-45000) | Cols [0-3750) | Local NNZ: 3750
Rank 127: Grid pos (7,15) | Rows [52500-60000) | Cols [56250-60000) | Local NNZ: 7499
Rank 88: Grid pos (5,8) | Rows [37500-45000) | Cols [30000-33750) | Local NNZ: 0
Rank 84: Grid pos (5,4) | Rows [37500-45000) | Cols [15000-18750) | Local NNZ: 1250
Rank 33: Grid pos (2,1) | Rows [15000-22500) | Cols [3750-7500) | Local NNZ: 0
Rank 90: Grid pos (5,10) | Rows [37500-45000) | Cols [37500-41250) | Local NNZ: 7500
Rank 83: Grid pos (5,3) | Rows [37500-45000) | Cols [11250-15000) | Local NNZ: 0
Rank 34: Grid pos (2,2) | Rows [15000-22500) | Cols [7500-11250) | Local NNZ: 0
Rank 35: Grid pos (2,3) | Rows [15000-22500) | Cols [11250-15000) | Local NNZ: 1
Rank 114: Grid pos (7,2) | Rows [52500-60000) | Cols [7500-11250) | Local NNZ: 0
Rank 89: Grid pos (5,9) | Rows [37500-45000) | Cols [33750-37500) | Local NNZ: 1
Rank 85: Grid pos (5,5) | Rows [37500-45000) | Cols [18750-22500) | Local NNZ: 3750
Rank 92: Grid pos (5,12) | Rows [37500-45000) | Cols [45000-48750) | Local NNZ: 0
Rank 95: Grid pos (5,15) | Rows [37500-45000) | Cols [56250-60000) | Local NNZ: 0
Rank 94: Grid pos (5,14) | Rows [37500-45000) | Cols [52500-56250) | Local NNZ: 0
Rank 91: Grid pos (5,11) | Rows [37500-45000) | Cols [41250-45000) | Local NNZ: 7499
Rank 115: Grid pos (7,3) | Rows [52500-60000) | Cols [11250-15000) | Local NNZ: 2500
Rank 86: Grid pos (5,6) | Rows [37500-45000) | Cols [22500-26250) | Local NNZ: 2500
Rank 0: Grid pos (0,0) | Rows [0-7500) | Cols [0-3750) | Local NNZ: 7500
Applied 2D distribution
Rank 93: Grid pos (5,13) | Rows [37500-45000) | Cols [48750-52500) | Local NNZ: 0
Rank 113: Grid pos (7,1) | Rows [52500-60000) | Cols [3750-7500) | Local NNZ: 0
Rank 38: Grid pos (2,6) | Rows [15000-22500) | Cols [22500-26250) | Local NNZ: 0
Rank 39: Grid pos (2,7) | Rows [15000-22500) | Cols [26250-30000) | Local NNZ: 0
Rank 87: Grid pos (5,7) | Rows [37500-45000) | Cols [26250-30000) | Local NNZ: 0
Rank 36: Grid pos (2,4) | Rows [15000-22500) | Cols [15000-18750) | Local NNZ: 7500
Rank 112: Grid pos (7,0) | Rows [52500-60000) | Cols [0-3750) | Local NNZ: 0
Rank 40: Grid pos (2,8) | Rows [15000-22500) | Cols [30000-33750) | Local NNZ: 0
Rank 96: Grid pos (6,0) | Rows [45000-52500) | Cols [0-3750) | Local NNZ: 0
Rank 97: Grid pos (6,1) | Rows [45000-52500) | Cols [3750-7500) | Local NNZ: 2500
Rank 110: Grid pos (6,14) | Rows [45000-52500) | Cols [52500-56250) | Local NNZ: 0
Rank 98: Grid pos (6,2) | Rows [45000-52500) | Cols [7500-11250) | Local NNZ: 3750
Rank 111: Grid pos (6,15) | Rows [45000-52500) | Cols [56250-60000) | Local NNZ: 0
Rank 2: Grid pos (0,2) | Rows [0-7500) | Cols [7500-11250) | Local NNZ: 0
Rank 37: Grid pos (2,5) | Rows [15000-22500) | Cols [18750-22500) | Local NNZ: 7499
Rank 99: Grid pos (6,3) | Rows [45000-52500) | Cols [11250-15000) | Local NNZ: 1250
Rank 1: Grid pos (0,1) | Rows [0-7500) | Cols [3750-7500) | Local NNZ: 7499
Rank 4: Grid pos (0,4) | Rows [0-7500) | Cols [15000-18750) | Local NNZ: 0
Rank 41: Grid pos (2,9) | Rows [15000-22500) | Cols [33750-37500) | Local NNZ: 0
Rank 100: Grid pos (6,4) | Rows [45000-52500) | Cols [15000-18750) | Local NNZ: 0
Rank 109: Grid pos (6,13) | Rows [45000-52500) | Cols [48750-52500) | Local NNZ: 7499
Rank 42: Grid pos (2,10) | Rows [15000-22500) | Cols [37500-41250) | Local NNZ: 0
Rank 106: Grid pos (6,10) | Rows [45000-52500) | Cols [37500-41250) | Local NNZ: 0
Rank 5: Grid pos (0,5) | Rows [0-7500) | Cols [18750-22500) | Local NNZ: 0
Rank 43: Grid pos (2,11) | Rows [15000-22500) | Cols [41250-45000) | Local NNZ: 0
Rank 44: Grid pos (2,12) | Rows [15000-22500) | Cols [45000-48750) | Local NNZ: 0
Rank 48: Grid pos (3,0) | Rows [22500-30000) | Cols [0-3750) | Local NNZ: 1250
Rank 104: Grid pos (6,8) | Rows [45000-52500) | Cols [30000-33750) | Local NNZ: 2500
Rank 46: Grid pos (2,14) | Rows [15000-22500) | Cols [52500-56250) | Local NNZ: 0
Rank 102: Grid pos (6,6) | Rows [45000-52500) | Cols [22500-26250) | Local NNZ: 1250
Rank 3: Grid pos (0,3) | Rows [0-7500) | Cols [11250-15000) | Local NNZ: 0
Rank 73: Grid pos (4,9) | Rows [30000-37500) | Cols [33750-37500) | Local NNZ: 7499
Rank 105: Grid pos (6,9) | Rows [45000-52500) | Cols [33750-37500) | Local NNZ: 0
Rank 69: Grid pos (4,5) | Rows [30000-37500) | Cols [18750-22500) | Local NNZ: 0
Rank 72: Grid pos (4,8) | Rows [30000-37500) | Cols [30000-33750) | Local NNZ: 7500
Rank 9: Grid pos (0,9) | Rows [0-7500) | Cols [33750-37500) | Local NNZ: 0
Rank 45: Grid pos (2,13) | Rows [15000-22500) | Cols [48750-52500) | Local NNZ: 0
Rank 107: Grid pos (6,11) | Rows [45000-52500) | Cols [41250-45000) | Local NNZ: 1
Rank 6: Grid pos (0,6) | Rows [0-7500) | Cols [22500-26250) | Local NNZ: 0
Rank 52: Grid pos (3,4) | Rows [22500-30000) | Cols [15000-18750) | Local NNZ: 0
Rank 71: Grid pos (4,7) | Rows [30000-37500) | Cols [26250-30000) | Local NNZ: 1
Rank 58: Grid pos (3,10) | Rows [22500-30000) | Cols [37500-41250) | Local NNZ: 0
Rank 11: Grid pos (0,11) | Rows [0-7500) | Cols [41250-45000) | Local NNZ: 0
Rank 56: Grid pos (3,8) | Rows [22500-30000) | Cols [30000-33750) | Local NNZ: 0
Rank 70: Grid pos (4,6) | Rows [30000-37500) | Cols [22500-26250) | Local NNZ: 0
Rank 8: Grid pos (0,8) | Rows [0-7500) | Cols [30000-33750) | Local NNZ: 0
Rank 103: Grid pos (6,7) | Rows [45000-52500) | Cols [26250-30000) | Local NNZ: 3750
Rank 50: Grid pos (3,2) | Rows [22500-30000) | Cols [7500-11250) | Local NNZ: 2500
Rank 49: Grid pos (3,1) | Rows [22500-30000) | Cols [3750-7500) | Local NNZ: 3750
Rank 60: Grid pos (3,12) | Rows [22500-30000) | Cols [45000-48750) | Local NNZ: 0
Rank 53: Grid pos (3,5) | Rows [22500-30000) | Cols [18750-22500) | Local NNZ: 1
Rank 57: Grid pos (3,9) | Rows [22500-30000) | Cols [33750-37500) | Local NNZ: 0
Rank 51: Grid pos (3,3) | Rows [22500-30000) | Cols [11250-15000) | Local NNZ: 0
Rank 62: Grid pos (3,14) | Rows [22500-30000) | Cols [52500-56250) | Local NNZ: 0
Rank 101: Grid pos (6,5) | Rows [45000-52500) | Cols [18750-22500) | Local NNZ: 0
Rank 64: Grid pos (4,0) | Rows [30000-37500) | Cols [0-3750) | Local NNZ: 0
Rank 7: Grid pos (0,7) | Rows [0-7500) | Cols [26250-30000) | Local NNZ: 0
Rank 10: Grid pos (0,10) | Rows [0-7500) | Cols [37500-41250) | Local NNZ: 0
Rank 47: Grid pos (2,15) | Rows [15000-22500) | Cols [56250-60000) | Local NNZ: 0
Rank 59: Grid pos (3,11) | Rows [22500-30000) | Cols [41250-45000) | Local NNZ: 0
Rank 61: Grid pos (3,13) | Rows [22500-30000) | Cols [48750-52500) | Local NNZ: 0
Rank 63: Grid pos (3,15) | Rows [22500-30000) | Cols [56250-60000) | Local NNZ: 0
Rank 65: Grid pos (4,1) | Rows [30000-37500) | Cols [3750-7500) | Local NNZ: 0
Rank 12: Grid pos (0,12) | Rows [0-7500) | Cols [45000-48750) | Local NNZ: 0
Rank 68: Grid pos (4,4) | Rows [30000-37500) | Cols [15000-18750) | Local NNZ: 2500
Rank 54: Grid pos (3,6) | Rows [22500-30000) | Cols [22500-26250) | Local NNZ: 7500
Rank 55: Grid pos (3,7) | Rows [22500-30000) | Cols [26250-30000) | Local NNZ: 7499
Rank 66: Grid pos (4,2) | Rows [30000-37500) | Cols [7500-11250) | Local NNZ: 1250
Rank 67: Grid pos (4,3) | Rows [30000-37500) | Cols [11250-15000) | Local NNZ: 3750
Rank 108: Grid pos (6,12) | Rows [45000-52500) | Cols [45000-48750) | Local NNZ: 7500
Rank 124: Grid pos (7,12) | Rows [52500-60000) | Cols [45000-48750) | Local NNZ: 0
Ghost columns identified: 3720 total ghost values needed
Local vector initialized (size=469 per process)

========================================
COMPREHENSIVE METRICS SUMMARY
========================================
PROCESSES: 128
DISTRIBUTION: 2D
ITERATIONS: 10
Matrix NNZ: 179999
BALANCE: nnz_local   min=       0  avg=   1406.24  max=    7500
COMM:    ghost       min=       0  avg=    930.23  max=    3721  | recv_double_avg=   7441.81 B
MEM:     bytes       min=   93748  avg=    118071  max=  213524
STRUCT:  ghost_ratio min=   0.000  avg=    30.274  max= 100.000
METRICS: t_total     = 2.780e-02        t_comp.   = 5.355e-05      t_comm= 2.776e-02
         gflops_total= 1.294743e-02   gflops_comp= 6.722801e+00
========================================

[RESULT] 0,128,2D,0,0.039114952,0.039063454,7500,3720,15000
[RESULT] 0,128,2D,1,0.025935411,0.025886536,7500,3720,15000
[RESULT] 0,128,2D,2,0.025924444,0.025876760,7500,3720,15000
[RESULT] 0,128,2D,3,0.025920630,0.025869608,7500,3720,15000
[RESULT] 0,128,2D,4,0.030920029,0.030869484,7500,3720,15000
[RESULT] 0,128,2D,5,0.025917053,0.025869370,7500,3720,15000
[RESULT] 0,128,2D,6,0.025883436,0.025835514,7500,3720,15000
[RESULT] 0,128,2D,7,0.025918245,0.025869846,7500,3720,15000
[RESULT] 0,128,2D,8,0.025888443,0.025840282,7500,3720,15000
[RESULT] 0,128,2D,9,0.026085854,0.026035309,7500,3720,15000
Total execution time: 0.678 seconds
