Retrieving the matrix from '../matrices/cond-mat-2005.mtx'...
%%MatrixMarket matrix coordinate real symmetric
40421 40421 175693
Real Matrix: Rows=40421 | Cols=40421 | NNZ=175693 | Procs=128 | Distribution=2D
Rank 127: Grid pos (7,15) | Rows [35371-40421) | Cols [37905-40421) | Local NNZ: 1456
2D Process Grid: 8 x 16 (rows x cols)
Rank 0: Grid pos (0,0) | Rows [0-5053) | Cols [0-2527) | Local NNZ: 14382
Applied 2D distribution
Rank 1: Grid pos (0,1) | Rows [0-5053) | Cols [2527-5054) | Local NNZ: 5608
Rank 3: Grid pos (0,3) | Rows [0-5053) | Cols [7581-10108) | Local NNZ: 0
Rank 2: Grid pos (0,2) | Rows [0-5053) | Cols [5054-7581) | Local NNZ: 0
Rank 4: Grid pos (0,4) | Rows [0-5053) | Cols [10108-12635) | Local NNZ: 0
Rank 7: Grid pos (0,7) | Rows [0-5053) | Cols [17689-20216) | Local NNZ: 0
Rank 5: Grid pos (0,5) | Rows [0-5053) | Cols [12635-15162) | Local NNZ: 0
Rank 8: Grid pos (0,8) | Rows [0-5053) | Cols [20216-22743) | Local NNZ: 0
Rank 91: Grid pos (5,11) | Rows [25265-30318) | Cols [27797-30324) | Local NNZ: 2156
Rank 103: Grid pos (6,7) | Rows [30318-35371) | Cols [17689-20216) | Local NNZ: 715
Rank 123: Grid pos (7,11) | Rows [35371-40421) | Cols [27797-30324) | Local NNZ: 159
Rank 9: Grid pos (0,9) | Rows [0-5053) | Cols [22743-25270) | Local NNZ: 0
Rank 6: Grid pos (0,6) | Rows [0-5053) | Cols [15162-17689) | Local NNZ: 0
Rank 104: Grid pos (6,8) | Rows [30318-35371) | Cols [20216-22743) | Local NNZ: 854
Rank 95: Grid pos (5,15) | Rows [25265-30318) | Cols [37905-40421) | Local NNZ: 0
Rank 124: Grid pos (7,12) | Rows [35371-40421) | Cols [30324-32851) | Local NNZ: 187
Rank 11: Grid pos (0,11) | Rows [0-5053) | Cols [27797-30324) | Local NNZ: 0
Rank 92: Grid pos (5,12) | Rows [25265-30318) | Cols [30324-32851) | Local NNZ: 0
Rank 125: Grid pos (7,13) | Rows [35371-40421) | Cols [32851-35378) | Local NNZ: 482
Rank 10: Grid pos (0,10) | Rows [0-5053) | Cols [25270-27797) | Local NNZ: 0
Rank 93: Grid pos (5,13) | Rows [25265-30318) | Cols [32851-35378) | Local NNZ: 0
Rank 94: Grid pos (5,14) | Rows [25265-30318) | Cols [35378-37905) | Local NNZ: 0
Rank 96: Grid pos (6,0) | Rows [30318-35371) | Cols [0-2527) | Local NNZ: 2495
Rank 126: Grid pos (7,14) | Rows [35371-40421) | Cols [35378-37905) | Local NNZ: 1726
Rank 105: Grid pos (6,9) | Rows [30318-35371) | Cols [22743-25270) | Local NNZ: 688
Rank 67: Grid pos (4,3) | Rows [20212-25265) | Cols [7581-10108) | Local NNZ: 1895
Rank 106: Grid pos (6,10) | Rows [30318-35371) | Cols [25270-27797) | Local NNZ: 549
Rank 12: Grid pos (0,12) | Rows [0-5053) | Cols [30324-32851) | Local NNZ: 0
Rank 87: Grid pos (5,7) | Rows [25265-30318) | Cols [17689-20216) | Local NNZ: 1118
Rank 15: Grid pos (0,15) | Rows [0-5053) | Cols [37905-40421) | Local NNZ: 0
Rank 23: Grid pos (1,7) | Rows [5053-10106) | Cols [17689-20216) | Local NNZ: 0
Rank 88: Grid pos (5,8) | Rows [25265-30318) | Cols [20216-22743) | Local NNZ: 970
Rank 75: Grid pos (4,11) | Rows [20212-25265) | Cols [27797-30324) | Local NNZ: 0
Rank 89: Grid pos (5,9) | Rows [25265-30318) | Cols [22743-25270) | Local NNZ: 1146
Rank 107: Grid pos (6,11) | Rows [30318-35371) | Cols [27797-30324) | Local NNZ: 608
Rank 24: Grid pos (1,8) | Rows [5053-10106) | Cols [20216-22743) | Local NNZ: 0
Rank 13: Grid pos (0,13) | Rows [0-5053) | Cols [32851-35378) | Local NNZ: 0
Rank 79: Grid pos (4,15) | Rows [20212-25265) | Cols [37905-40421) | Local NNZ: 0
Rank 27: Grid pos (1,11) | Rows [5053-10106) | Cols [27797-30324) | Local NNZ: 0
Rank 76: Grid pos (4,12) | Rows [20212-25265) | Cols [30324-32851) | Local NNZ: 0
Rank 25: Grid pos (1,9) | Rows [5053-10106) | Cols [22743-25270) | Local NNZ: 0
Rank 14: Grid pos (0,14) | Rows [0-5053) | Cols [35378-37905) | Local NNZ: 0
Rank 97: Grid pos (6,1) | Rows [30318-35371) | Cols [2527-5054) | Local NNZ: 1749
Rank 77: Grid pos (4,13) | Rows [20212-25265) | Cols [32851-35378) | Local NNZ: 0
Rank 109: Grid pos (6,13) | Rows [30318-35371) | Cols [32851-35378) | Local NNZ: 1921
Rank 68: Grid pos (4,4) | Rows [20212-25265) | Cols [10108-12635) | Local NNZ: 2016
Rank 73: Grid pos (4,9) | Rows [20212-25265) | Cols [22743-25270) | Local NNZ: 2383
Rank 121: Grid pos (7,9) | Rows [35371-40421) | Cols [22743-25270) | Local NNZ: 275
Rank 122: Grid pos (7,10) | Rows [35371-40421) | Cols [25270-27797) | Local NNZ: 164
Rank 63: Grid pos (3,15) | Rows [15159-20212) | Cols [37905-40421) | Local NNZ: 0
Rank 31: Grid pos (1,15) | Rows [5053-10106) | Cols [37905-40421) | Local NNZ: 0
Rank 19: Grid pos (1,3) | Rows [5053-10106) | Cols [7581-10108) | Local NNZ: 3778
Rank 71: Grid pos (4,7) | Rows [20212-25265) | Cols [17689-20216) | Local NNZ: 1337
Rank 74: Grid pos (4,10) | Rows [20212-25265) | Cols [25270-27797) | Local NNZ: 0
Rank 80: Grid pos (5,0) | Rows [25265-30318) | Cols [0-2527) | Local NNZ: 2637
Rank 65: Grid pos (4,1) | Rows [20212-25265) | Cols [2527-5054) | Local NNZ: 2560
Rank 16: Grid pos (1,0) | Rows [5053-10106) | Cols [0-2527) | Local NNZ: 9458
Rank 26: Grid pos (1,10) | Rows [5053-10106) | Cols [25270-27797) | Local NNZ: 0
Rank 90: Grid pos (5,10) | Rows [25265-30318) | Cols [25270-27797) | Local NNZ: 2753
Rank 119: Grid pos (7,7) | Rows [35371-40421) | Cols [17689-20216) | Local NNZ: 489
Rank 64: Grid pos (4,0) | Rows [20212-25265) | Cols [0-2527) | Local NNZ: 3362
Rank 98: Grid pos (6,2) | Rows [30318-35371) | Cols [5054-7581) | Local NNZ: 1447
Rank 108: Grid pos (6,12) | Rows [30318-35371) | Cols [30324-32851) | Local NNZ: 2268
Rank 99: Grid pos (6,3) | Rows [30318-35371) | Cols [7581-10108) | Local NNZ: 1061
Rank 32: Grid pos (2,0) | Rows [10106-15159) | Cols [0-2527) | Local NNZ: 6435
Rank 28: Grid pos (1,12) | Rows [5053-10106) | Cols [30324-32851) | Local NNZ: 0
Rank 81: Grid pos (5,1) | Rows [25265-30318) | Cols [2527-5054) | Local NNZ: 2265
Rank 78: Grid pos (4,14) | Rows [20212-25265) | Cols [35378-37905) | Local NNZ: 0
Rank 21: Grid pos (1,5) | Rows [5053-10106) | Cols [12635-15162) | Local NNZ: 0
Rank 110: Grid pos (6,14) | Rows [30318-35371) | Cols [35378-37905) | Local NNZ: 0
Rank 17: Grid pos (1,1) | Rows [5053-10106) | Cols [2527-5054) | Local NNZ: 7573
Rank 111: Grid pos (6,15) | Rows [30318-35371) | Cols [37905-40421) | Local NNZ: 0
Rank 72: Grid pos (4,8) | Rows [20212-25265) | Cols [20216-22743) | Local NNZ: 3341
Rank 69: Grid pos (4,5) | Rows [20212-25265) | Cols [12635-15162) | Local NNZ: 1559
Rank 20: Grid pos (1,4) | Rows [5053-10106) | Cols [10108-12635) | Local NNZ: 0
Rank 100: Grid pos (6,4) | Rows [30318-35371) | Cols [10108-12635) | Local NNZ: 1132
Rank 66: Grid pos (4,2) | Rows [20212-25265) | Cols [5054-7581) | Local NNZ: 2007
Rank 112: Grid pos (7,0) | Rows [35371-40421) | Cols [0-2527) | Local NNZ: 3358
Rank 120: Grid pos (7,8) | Rows [35371-40421) | Cols [20216-22743) | Local NNZ: 280
Rank 82: Grid pos (5,2) | Rows [25265-30318) | Cols [5054-7581) | Local NNZ: 1703
Rank 101: Grid pos (6,5) | Rows [30318-35371) | Cols [12635-15162) | Local NNZ: 885
Rank 85: Grid pos (5,5) | Rows [25265-30318) | Cols [12635-15162) | Local NNZ: 1299
Rank 33: Grid pos (2,1) | Rows [10106-15159) | Cols [2527-5054) | Local NNZ: 5217
Rank 102: Grid pos (6,6) | Rows [30318-35371) | Cols [15162-17689) | Local NNZ: 620
Rank 37: Grid pos (2,5) | Rows [10106-15159) | Cols [12635-15162) | Local NNZ: 3055
Rank 35: Grid pos (2,3) | Rows [10106-15159) | Cols [7581-10108) | Local NNZ: 4060
Rank 59: Grid pos (3,11) | Rows [15159-20212) | Cols [27797-30324) | Local NNZ: 0
Rank 22: Grid pos (1,6) | Rows [5053-10106) | Cols [15162-17689) | Local NNZ: 0
Rank 55: Grid pos (3,7) | Rows [15159-20212) | Cols [17689-20216) | Local NNZ: 2383
Rank 29: Grid pos (1,13) | Rows [5053-10106) | Cols [32851-35378) | Local NNZ: 0
Rank 34: Grid pos (2,2) | Rows [10106-15159) | Cols [5054-7581) | Local NNZ: 4000
Rank 117: Grid pos (7,5) | Rows [35371-40421) | Cols [12635-15162) | Local NNZ: 680
Rank 30: Grid pos (1,14) | Rows [5053-10106) | Cols [35378-37905) | Local NNZ: 0
Rank 113: Grid pos (7,1) | Rows [35371-40421) | Cols [2527-5054) | Local NNZ: 2427
Rank 114: Grid pos (7,2) | Rows [35371-40421) | Cols [5054-7581) | Local NNZ: 1574
Rank 56: Grid pos (3,8) | Rows [15159-20212) | Cols [20216-22743) | Local NNZ: 0
Rank 18: Grid pos (1,2) | Rows [5053-10106) | Cols [5054-7581) | Local NNZ: 6545
Rank 36: Grid pos (2,4) | Rows [10106-15159) | Cols [10108-12635) | Local NNZ: 6275
Rank 60: Grid pos (3,12) | Rows [15159-20212) | Cols [30324-32851) | Local NNZ: 0
Rank 70: Grid pos (4,6) | Rows [20212-25265) | Cols [15162-17689) | Local NNZ: 1374
Rank 86: Grid pos (5,6) | Rows [25265-30318) | Cols [15162-17689) | Local NNZ: 1143
Rank 57: Grid pos (3,9) | Rows [15159-20212) | Cols [22743-25270) | Local NNZ: 0
Rank 83: Grid pos (5,3) | Rows [25265-30318) | Cols [7581-10108) | Local NNZ: 1575
Rank 84: Grid pos (5,4) | Rows [25265-30318) | Cols [10108-12635) | Local NNZ: 1629
Rank 115: Grid pos (7,3) | Rows [35371-40421) | Cols [7581-10108) | Local NNZ: 1281
Rank 38: Grid pos (2,6) | Rows [10106-15159) | Cols [15162-17689) | Local NNZ: 0
Rank 116: Grid pos (7,4) | Rows [35371-40421) | Cols [10108-12635) | Local NNZ: 837
Rank 118: Grid pos (7,6) | Rows [35371-40421) | Cols [15162-17689) | Local NNZ: 485
Rank 39: Grid pos (2,7) | Rows [10106-15159) | Cols [17689-20216) | Local NNZ: 0
Rank 58: Grid pos (3,10) | Rows [15159-20212) | Cols [25270-27797) | Local NNZ: 0
Rank 53: Grid pos (3,5) | Rows [15159-20212) | Cols [12635-15162) | Local NNZ: 2103
Rank 45: Grid pos (2,13) | Rows [10106-15159) | Cols [32851-35378) | Local NNZ: 0
Rank 61: Grid pos (3,13) | Rows [15159-20212) | Cols [32851-35378) | Local NNZ: 0
Rank 54: Grid pos (3,6) | Rows [15159-20212) | Cols [15162-17689) | Local NNZ: 3395
Rank 49: Grid pos (3,1) | Rows [15159-20212) | Cols [2527-5054) | Local NNZ: 3785
Rank 40: Grid pos (2,8) | Rows [10106-15159) | Cols [20216-22743) | Local NNZ: 0
Rank 46: Grid pos (2,14) | Rows [10106-15159) | Cols [35378-37905) | Local NNZ: 0
Rank 41: Grid pos (2,9) | Rows [10106-15159) | Cols [22743-25270) | Local NNZ: 0
Rank 43: Grid pos (2,11) | Rows [10106-15159) | Cols [27797-30324) | Local NNZ: 0
Rank 42: Grid pos (2,10) | Rows [10106-15159) | Cols [25270-27797) | Local NNZ: 0
Rank 44: Grid pos (2,12) | Rows [10106-15159) | Cols [30324-32851) | Local NNZ: 0
Rank 50: Grid pos (3,2) | Rows [15159-20212) | Cols [5054-7581) | Local NNZ: 2954
Rank 62: Grid pos (3,14) | Rows [15159-20212) | Cols [35378-37905) | Local NNZ: 0
Rank 47: Grid pos (2,15) | Rows [10106-15159) | Cols [37905-40421) | Local NNZ: 0
Rank 52: Grid pos (3,4) | Rows [15159-20212) | Cols [10108-12635) | Local NNZ: 2880
Rank 51: Grid pos (3,3) | Rows [15159-20212) | Cols [7581-10108) | Local NNZ: 2300
Rank 48: Grid pos (3,0) | Rows [15159-20212) | Cols [0-2527) | Local NNZ: 4427
Ghost columns identified: 2215 total ghost values needed
Local vector initialized (size=316 per process)

========================================
COMPREHENSIVE METRICS SUMMARY
========================================
PROCESSES: 128
DISTRIBUTION: 2D
ITERATIONS: 10
Matrix NNZ: 175693
BALANCE: nnz_local   min=       0  avg=   1372.60  max=   14382
COMM:    ghost       min=       0  avg=    454.80  max=    2215  | recv_double_avg=   3638.38 B
MEM:     bytes       min=   63160  avg=     83271  max=  253472
STRUCT:  ghost_ratio min=   0.000  avg=    22.409  max=  56.662
METRICS: t_total     = 1.888e+00        t_comp.   = 1.189e-04      t_comm= 1.888e+00
         gflops_total= 1.861520e-04   gflops_comp= 2.954731e+00
========================================

[RESULT] 0,128,2D,0,1.537142038,1.537024260,14382,2215,28764
[RESULT] 0,128,2D,1,1.543112040,1.542992830,14382,2215,28764
[RESULT] 0,128,2D,2,1.535117388,1.535000086,14382,2215,28764
[RESULT] 0,128,2D,3,1.791116714,1.790998697,14382,2215,28764
[RESULT] 0,128,2D,4,1.793116570,1.792997360,14382,2215,28764
[RESULT] 0,128,2D,5,1.795076132,1.794956923,14382,2215,28764
[RESULT] 0,128,2D,6,1.791105747,1.790987968,14382,2215,28764
[RESULT] 0,128,2D,7,1.793104887,1.792985916,14382,2215,28764
[RESULT] 0,128,2D,8,1.792124748,1.792007923,14382,2215,28764
[RESULT] 0,128,2D,9,1.792155743,1.792030811,14382,2215,28764
Total execution time: 96.954 seconds
