Retrieving the matrix from '../matrices/flowmeter0.mtx'...
%%MatrixMarket matrix coordinate real symmetric
9669 9669 38530
Real Matrix: Rows=9669 | Cols=9669 | NNZ=38530 | Procs=8 | Distribution=2D
Rank 1: Grid pos (0,1) | Rows [0-4835) | Cols [2418-4836) | Local NNZ: 9537
2D Process Grid: 2 x 4 (rows x cols)
Rank 0: Grid pos (0,0) | Rows [0-4835) | Cols [0-2418) | Local NNZ: 9666
Applied 2D distribution
Rank 3: Grid pos (0,3) | Rows [0-4835) | Cols [7254-9669) | Local NNZ: 0
Rank 4: Grid pos (1,0) | Rows [4835-9669) | Cols [0-2418) | Local NNZ: 0
Rank 5: Grid pos (1,1) | Rows [4835-9669) | Cols [2418-4836) | Local NNZ: 126
Rank 6: Grid pos (1,2) | Rows [4835-9669) | Cols [4836-7254) | Local NNZ: 9661
Rank 7: Grid pos (1,3) | Rows [4835-9669) | Cols [7254-9669) | Local NNZ: 9540
Rank 2: Grid pos (0,2) | Rows [0-4835) | Cols [4836-7254) | Local NNZ: 0
Ghost columns identified: 2115 total ghost values needed
Local vector initialized (size=1209 per process)

========================================
COMPREHENSIVE METRICS SUMMARY
========================================
PROCESSES: 8
DISTRIBUTION: 2D
ITERATIONS: 10
Matrix NNZ: 38530
BALANCE: nnz_local   min=       0  avg=   4816.25  max=    9666
COMM:    ghost       min=       0  avg=   1063.88  max=    2116  | recv_double_avg=   8511.00 B
MEM:     bytes       min=   67684  avg=    133993  max=  200608
STRUCT:  ghost_ratio min=   0.000  avg=    16.172  max=  41.270
METRICS: t_total     = 5.808e-02        t_comp.   = 1.083e-03      t_comm= 5.792e-02
         gflops_total= 1.326839e-03   gflops_comp= 7.115626e-02
========================================

[RESULT] 0,8,2D,0,0.056147099,0.055998802,9666,2115,19332
[RESULT] 0,8,2D,1,0.055994511,0.055843115,9666,2115,19332
[RESULT] 0,8,2D,2,0.055988312,0.055836201,9666,2115,19332
[RESULT] 0,8,2D,3,0.055978537,0.055830479,9666,2115,19332
[RESULT] 0,8,2D,4,0.055998802,0.055846930,9666,2115,19332
[RESULT] 0,8,2D,5,0.055970430,0.055822372,9666,2115,19332
[RESULT] 0,8,2D,6,0.062566280,0.062404871,9666,2115,19332
[RESULT] 0,8,2D,7,0.062690735,0.062544346,9666,2115,19332
[RESULT] 0,8,2D,8,0.059731007,0.059556723,9666,2115,19332
[RESULT] 0,8,2D,9,0.059713125,0.059553862,9666,2115,19332
Total execution time: 1.458 seconds
