Retrieving the matrix from '../matrices/tmt_sym.mtx'...
%%MatrixMarket matrix coordinate real symmetric
726713 726713 2903837
Real Matrix: Rows=726713 | Cols=726713 | NNZ=2903837 | Procs=32 | Distribution=2D
2D Process Grid: 4 x 8 (rows x cols)
Rank 17: Grid pos (2,1) | Rows [363358-545037) | Cols [90840-181680) | Local NNZ: 0
Rank 18: Grid pos (2,2) | Rows [363358-545037) | Cols [181680-272520) | Local NNZ: 0
Rank 23: Grid pos (2,7) | Rows [363358-545037) | Cols [635880-726713) | Local NNZ: 0
Rank 19: Grid pos (2,3) | Rows [363358-545037) | Cols [272520-363360) | Local NNZ: 1930
Rank 3: Grid pos (0,3) | Rows [0-181679) | Cols [272520-363360) | Local NNZ: 0
Rank 24: Grid pos (3,0) | Rows [545037-726713) | Cols [0-90840) | Local NNZ: 0
Rank 22: Grid pos (2,6) | Rows [363358-545037) | Cols [545040-635880) | Local NNZ: 0
Rank 2: Grid pos (0,2) | Rows [0-181679) | Cols [181680-272520) | Local NNZ: 0
Rank 27: Grid pos (3,3) | Rows [545037-726713) | Cols [272520-363360) | Local NNZ: 0
Rank 4: Grid pos (0,4) | Rows [0-181679) | Cols [363360-454200) | Local NNZ: 0
Rank 25: Grid pos (3,1) | Rows [545037-726713) | Cols [90840-181680) | Local NNZ: 0
Rank 14: Grid pos (1,6) | Rows [181679-363358) | Cols [545040-635880) | Local NNZ: 0
Rank 26: Grid pos (3,2) | Rows [545037-726713) | Cols [181680-272520) | Local NNZ: 0
Rank 5: Grid pos (0,5) | Rows [0-181679) | Cols [454200-545040) | Local NNZ: 0
Rank 15: Grid pos (1,7) | Rows [181679-363358) | Cols [635880-726713) | Local NNZ: 0
Rank 16: Grid pos (2,0) | Rows [363358-545037) | Cols [0-90840) | Local NNZ: 0
Rank 28: Grid pos (3,4) | Rows [545037-726713) | Cols [363360-454200) | Local NNZ: 0
Rank 29: Grid pos (3,5) | Rows [545037-726713) | Cols [454200-545040) | Local NNZ: 1773
Rank 6: Grid pos (0,6) | Rows [0-181679) | Cols [545040-635880) | Local NNZ: 0
Rank 12: Grid pos (1,4) | Rows [181679-363358) | Cols [363360-454200) | Local NNZ: 0
Rank 7: Grid pos (0,7) | Rows [0-181679) | Cols [635880-726713) | Local NNZ: 0
Rank 13: Grid pos (1,5) | Rows [181679-363358) | Cols [454200-545040) | Local NNZ: 0
Rank 20: Grid pos (2,4) | Rows [363358-545037) | Cols [363360-454200) | Local NNZ: 363148
Rank 8: Grid pos (1,0) | Rows [181679-363358) | Cols [0-90840) | Local NNZ: 0
Rank 21: Grid pos (2,5) | Rows [363358-545037) | Cols [454200-545040) | Local NNZ: 361312
Rank 31: Grid pos (3,7) | Rows [545037-726713) | Cols [635880-726713) | Local NNZ: 361743
Rank 9: Grid pos (1,1) | Rows [181679-363358) | Cols [90840-181680) | Local NNZ: 1766
Rank 1: Grid pos (0,1) | Rows [0-181679) | Cols [90840-181680) | Local NNZ: 361473
Rank 0: Grid pos (0,0) | Rows [0-181679) | Cols [0-90840) | Local NNZ: 363270
Applied 2D distribution
Rank 11: Grid pos (1,3) | Rows [181679-363358) | Cols [272520-363360) | Local NNZ: 361252
Rank 30: Grid pos (3,6) | Rows [545037-726713) | Cols [545040-635880) | Local NNZ: 362964
Rank 10: Grid pos (1,2) | Rows [181679-363358) | Cols [181680-272520) | Local NNZ: 363206
Ghost columns identified: 88001 total ghost values needed
Local vector initialized (size=22710 per process)

========================================
COMPREHENSIVE METRICS SUMMARY
========================================
PROCESSES: 32
DISTRIBUTION: 2D
ITERATIONS: 10
Matrix NNZ: 2903837
BALANCE: nnz_local   min=       0  avg=  90744.91  max=  363270
COMM:    ghost       min=       0  avg=  22082.53  max=   88002  | recv_double_avg= 176660.25 B
MEM:     bytes       min= 2361788  avg=   3627420  max= 7425080
STRUCT:  ghost_ratio min=   0.000  avg=    10.603  max=  48.358
METRICS: t_total     = 2.117e-01        t_comp.   = 2.116e-02      t_comm= 2.095e-01
         gflops_total= 2.743919e-02   gflops_comp= 2.744331e-01
========================================

[RESULT] 0,32,2D,0,0.258265018,0.255985260,363270,88001,726540
[RESULT] 0,32,2D,1,0.194344282,0.192029953,363270,88001,726540
[RESULT] 0,32,2D,2,0.194333792,0.192016602,363270,88001,726540
[RESULT] 0,32,2D,3,0.194279909,0.192009211,363270,88001,726540
[RESULT] 0,32,2D,4,0.126333952,0.124019861,363270,88001,726540
[RESULT] 0,32,2D,5,0.134341478,0.132028818,363270,88001,726540
[RESULT] 0,32,2D,6,0.130343437,0.128032923,363270,88001,726540
[RESULT] 0,32,2D,7,0.130336285,0.128024578,363270,88001,726540
[RESULT] 0,32,2D,8,0.130360365,0.128023386,363270,88001,726540
[RESULT] 0,32,2D,9,0.130338192,0.128072739,363270,88001,726540
Total execution time: 52.632 seconds
