Retrieving the matrix from '../matrices/1138_bus.mtx'...
%%MatrixMarket matrix coordinate real symmetric
1138 1138 2596
Real Matrix: Rows=1138 | Cols=1138 | NNZ=2596 | Procs=1 | Distribution=1D
Applied 1D distribution
Ghost columns identified: 0 total ghost values needed
Local vector initialized (size=1138 per process)

========================================
COMPREHENSIVE METRICS SUMMARY
========================================
PROCESSES: 1
DISTRIBUTION: 1D
ITERATIONS: 10
Matrix NNZ: 2596
BALANCE: nnz_local   min=    2596  avg=   2596.00  max=    2596
COMM:    ghost       min=       0  avg=      0.00  max=       0  | recv_double_avg=      0.00 B
MEM:     bytes       min=   53916  avg=     53916  max=   53916
STRUCT:  ghost_ratio min=   0.000  avg=     0.000  max=   0.000
METRICS: t_total     = 1.216e-05        t_comp.   = 1.192e-05      t_comm= 2.384e-07
         gflops_total= 4.269966e-01   gflops_comp= 4.355365e-01
========================================

[RESULT] 0,1,1D,0,0.000014782,0.000000238,2596,0,5192
[RESULT] 0,1,1D,1,0.000013113,0.000000238,2596,0,5192
[RESULT] 0,1,1D,2,0.000012398,0.000000238,2596,0,5192
[RESULT] 0,1,1D,3,0.000011921,0.000000238,2596,0,5192
[RESULT] 0,1,1D,4,0.000011921,0.000000238,2596,0,5192
[RESULT] 0,1,1D,5,0.000011683,0.000000238,2596,0,5192
[RESULT] 0,1,1D,6,0.000011683,0.000000238,2596,0,5192
[RESULT] 0,1,1D,7,0.000011444,0.000000238,2596,0,5192
[RESULT] 0,1,1D,8,0.000011444,0.000000238,2596,0,5192
[RESULT] 0,1,1D,9,0.000011206,0.000000238,2596,0,5192
Total execution time: 0.003 seconds
