Retrieving the matrix from '../matrices/Hook_1498.mtx'...
%%MatrixMarket matrix coordinate real symmetric
1498023 1498023 31207734
Real Matrix: Rows=1498023 | Cols=1498023 | NNZ=31207734 | Procs=1 | Distribution=1D
Applied 1D distribution
Ghost columns identified: 0 total ghost values needed
Local vector initialized (size=1498023 per process)

========================================
COMPREHENSIVE METRICS SUMMARY
========================================
PROCESSES: 1
DISTRIBUTION: 1D
ITERATIONS: 10
Matrix NNZ: 31207734
BALANCE: nnz_local   min=31207734  avg=31207734.00  max=31207734
COMM:    ghost       min=       0  avg=      0.00  max=       0  | recv_double_avg=      0.00 B
MEM:     bytes       min=404453272  avg= 404453272  max=404453272
STRUCT:  ghost_ratio min=   0.000  avg=     0.000  max=   0.000
METRICS: t_total     = 9.826e-02        t_comp.   = 9.825e-02      t_comm= 2.289e-06
         gflops_total= 6.352278e-01   gflops_comp= 6.352426e-01
========================================

[RESULT] 0,1,1D,0,0.098273993,0.000002384,31207734,0,62415468
[RESULT] 0,1,1D,1,0.098247290,0.000002623,31207734,0,62415468
[RESULT] 0,1,1D,2,0.098275423,0.000001907,31207734,0,62415468
[RESULT] 0,1,1D,3,0.098216295,0.000002146,31207734,0,62415468
[RESULT] 0,1,1D,4,0.098222017,0.000002146,31207734,0,62415468
[RESULT] 0,1,1D,5,0.098256588,0.000002623,31207734,0,62415468
[RESULT] 0,1,1D,6,0.098246574,0.000002623,31207734,0,62415468
[RESULT] 0,1,1D,7,0.098294497,0.000001907,31207734,0,62415468
[RESULT] 0,1,1D,8,0.098314524,0.000002146,31207734,0,62415468
[RESULT] 0,1,1D,9,0.098221064,0.000002384,31207734,0,62415468
Total execution time: 20.126 seconds
