Retrieving the matrix from '../matrices/msdoor.mtx'...
%%MatrixMarket matrix coordinate real symmetric
415863 415863 10328399
Real Matrix: Rows=415863 | Cols=415863 | NNZ=10328399 | Procs=64 | Distribution=2D
Rank 52: Grid pos (6,4) | Rows [311898-363881) | Cols [207932-259915) | Local NNZ: 269192
Rank 51: Grid pos (6,3) | Rows [311898-363881) | Cols [155949-207932) | Local NNZ: 58149
Rank 53: Grid pos (6,5) | Rows [311898-363881) | Cols [259915-311898) | Local NNZ: 320816
2D Process Grid: 8 x 8 (rows x cols)
Rank 49: Grid pos (6,1) | Rows [311898-363881) | Cols [51983-103966) | Local NNZ: 0
Rank 48: Grid pos (6,0) | Rows [311898-363881) | Cols [0-51983) | Local NNZ: 0
Rank 50: Grid pos (6,2) | Rows [311898-363881) | Cols [103966-155949) | Local NNZ: 74956
Rank 55: Grid pos (6,7) | Rows [311898-363881) | Cols [363881-415863) | Local NNZ: 0
Rank 54: Grid pos (6,6) | Rows [311898-363881) | Cols [311898-363881) | Local NNZ: 744682
Rank 56: Grid pos (7,0) | Rows [363881-415863) | Cols [0-51983) | Local NNZ: 0
Rank 57: Grid pos (7,1) | Rows [363881-415863) | Cols [51983-103966) | Local NNZ: 0
Rank 47: Grid pos (5,7) | Rows [259915-311898) | Cols [363881-415863) | Local NNZ: 0
Rank 46: Grid pos (5,6) | Rows [259915-311898) | Cols [311898-363881) | Local NNZ: 0
Rank 28: Grid pos (3,4) | Rows [155949-207932) | Cols [207932-259915) | Local NNZ: 0
Rank 27: Grid pos (3,3) | Rows [155949-207932) | Cols [155949-207932) | Local NNZ: 700392
Rank 45: Grid pos (5,5) | Rows [259915-311898) | Cols [259915-311898) | Local NNZ: 766587
Rank 29: Grid pos (3,5) | Rows [155949-207932) | Cols [259915-311898) | Local NNZ: 0
Rank 20: Grid pos (2,4) | Rows [103966-155949) | Cols [207932-259915) | Local NNZ: 0
Rank 22: Grid pos (2,6) | Rows [103966-155949) | Cols [311898-363881) | Local NNZ: 0
Rank 30: Grid pos (3,6) | Rows [155949-207932) | Cols [311898-363881) | Local NNZ: 0
Rank 25: Grid pos (3,1) | Rows [155949-207932) | Cols [51983-103966) | Local NNZ: 0
Rank 58: Grid pos (7,2) | Rows [363881-415863) | Cols [103966-155949) | Local NNZ: 99680
Rank 44: Grid pos (5,4) | Rows [259915-311898) | Cols [207932-259915) | Local NNZ: 411862
Rank 31: Grid pos (3,7) | Rows [155949-207932) | Cols [363881-415863) | Local NNZ: 0
Rank 43: Grid pos (5,3) | Rows [259915-311898) | Cols [155949-207932) | Local NNZ: 50722
Rank 23: Grid pos (2,7) | Rows [103966-155949) | Cols [363881-415863) | Local NNZ: 0
Rank 19: Grid pos (2,3) | Rows [103966-155949) | Cols [155949-207932) | Local NNZ: 0
Rank 15: Grid pos (1,7) | Rows [51983-103966) | Cols [363881-415863) | Local NNZ: 0
Rank 60: Grid pos (7,4) | Rows [363881-415863) | Cols [207932-259915) | Local NNZ: 217945
Rank 26: Grid pos (3,2) | Rows [155949-207932) | Cols [103966-155949) | Local NNZ: 726262
Rank 24: Grid pos (3,0) | Rows [155949-207932) | Cols [0-51983) | Local NNZ: 17638
Rank 61: Grid pos (7,5) | Rows [363881-415863) | Cols [259915-311898) | Local NNZ: 247695
Rank 21: Grid pos (2,5) | Rows [103966-155949) | Cols [259915-311898) | Local NNZ: 0
Rank 59: Grid pos (7,3) | Rows [363881-415863) | Cols [155949-207932) | Local NNZ: 76776
Rank 42: Grid pos (5,2) | Rows [259915-311898) | Cols [103966-155949) | Local NNZ: 67480
Rank 32: Grid pos (4,0) | Rows [207932-259915) | Cols [0-51983) | Local NNZ: 2232
Rank 16: Grid pos (2,0) | Rows [103966-155949) | Cols [0-51983) | Local NNZ: 61306
Rank 62: Grid pos (7,6) | Rows [363881-415863) | Cols [311898-363881) | Local NNZ: 261415
Rank 41: Grid pos (5,1) | Rows [259915-311898) | Cols [51983-103966) | Local NNZ: 0
Rank 14: Grid pos (1,6) | Rows [51983-103966) | Cols [311898-363881) | Local NNZ: 0
Rank 33: Grid pos (4,1) | Rows [207932-259915) | Cols [51983-103966) | Local NNZ: 0
Rank 17: Grid pos (2,1) | Rows [103966-155949) | Cols [51983-103966) | Local NNZ: 203668
Rank 18: Grid pos (2,2) | Rows [103966-155949) | Cols [103966-155949) | Local NNZ: 645319
Rank 40: Grid pos (5,0) | Rows [259915-311898) | Cols [0-51983) | Local NNZ: 0
Rank 34: Grid pos (4,2) | Rows [207932-259915) | Cols [103966-155949) | Local NNZ: 116999
Rank 13: Grid pos (1,5) | Rows [51983-103966) | Cols [259915-311898) | Local NNZ: 0
Rank 39: Grid pos (4,7) | Rows [207932-259915) | Cols [363881-415863) | Local NNZ: 0
Rank 38: Grid pos (4,6) | Rows [207932-259915) | Cols [311898-363881) | Local NNZ: 0
Rank 37: Grid pos (4,5) | Rows [207932-259915) | Cols [259915-311898) | Local NNZ: 0
Rank 1: Grid pos (0,1) | Rows [0-51983) | Cols [51983-103966) | Local NNZ: 0
Rank 6: Grid pos (0,6) | Rows [0-51983) | Cols [311898-363881) | Local NNZ: 0
Rank 2: Grid pos (0,2) | Rows [0-51983) | Cols [103966-155949) | Local NNZ: 0
Rank 3: Grid pos (0,3) | Rows [0-51983) | Cols [155949-207932) | Local NNZ: 0
Rank 63: Grid pos (7,7) | Rows [363881-415863) | Cols [363881-415863) | Local NNZ: 695870
Rank 11: Grid pos (1,3) | Rows [51983-103966) | Cols [155949-207932) | Local NNZ: 0
Rank 35: Grid pos (4,3) | Rows [207932-259915) | Cols [155949-207932) | Local NNZ: 288039
Rank 5: Grid pos (0,5) | Rows [0-51983) | Cols [259915-311898) | Local NNZ: 0
Rank 7: Grid pos (0,7) | Rows [0-51983) | Cols [363881-415863) | Local NNZ: 0
Rank 4: Grid pos (0,4) | Rows [0-51983) | Cols [207932-259915) | Local NNZ: 0
Rank 12: Grid pos (1,4) | Rows [51983-103966) | Cols [207932-259915) | Local NNZ: 0
Rank 10: Grid pos (1,2) | Rows [51983-103966) | Cols [103966-155949) | Local NNZ: 0
Rank 8: Grid pos (1,0) | Rows [51983-103966) | Cols [0-51983) | Local NNZ: 132747
Rank 0: Grid pos (0,0) | Rows [0-51983) | Cols [0-51983) | Local NNZ: 1191716
Applied 2D distribution
Rank 36: Grid pos (4,4) | Rows [207932-259915) | Cols [207932-259915) | Local NNZ: 733569
Rank 9: Grid pos (1,1) | Rows [51983-103966) | Cols [51983-103966) | Local NNZ: 1144685
Ghost columns identified: 51170 total ghost values needed
Local vector initialized (size=6498 per process)

========================================
COMPREHENSIVE METRICS SUMMARY
========================================
PROCESSES: 64
DISTRIBUTION: 2D
ITERATIONS: 10
Matrix NNZ: 10328399
BALANCE: nnz_local   min=       0  avg= 161381.23  max= 1191716
COMM:    ghost       min=       0  avg=   9253.33  max=   51171  | recv_double_avg=  74026.62 B
MEM:     bytes       min=  675764  avg=   2686383  max=15385736
STRUCT:  ghost_ratio min=   0.000  avg=     3.039  max=  32.616
METRICS: t_total     = 6.567e-03        t_comp.   = 5.071e-03      t_comm= 1.496e-03
         gflops_total= 3.145568e+00   gflops_comp= 4.073538e+00
========================================

[RESULT] 0,64,2D,0,0.006618738,0.001511097,1191716,51170,2383432
[RESULT] 0,64,2D,1,0.006492853,0.001465797,1191716,51170,2383432
[RESULT] 0,64,2D,2,0.006640196,0.001559496,1191716,51170,2383432
[RESULT] 0,64,2D,3,0.006554365,0.001496315,1191716,51170,2383432
[RESULT] 0,64,2D,4,0.006537199,0.001458168,1191716,51170,2383432
[RESULT] 0,64,2D,5,0.006571770,0.001496077,1191716,51170,2383432
[RESULT] 0,64,2D,6,0.006584406,0.001491308,1191716,51170,2383432
[RESULT] 0,64,2D,7,0.006552935,0.001492977,1191716,51170,2383432
[RESULT] 0,64,2D,8,0.006583929,0.001493216,1191716,51170,2383432
[RESULT] 0,64,2D,9,0.006533146,0.001495361,1191716,51170,2383432
Total execution time: 10.483 seconds
