Retrieving the matrix from '../matrices/1138_bus.mtx'...
%%MatrixMarket matrix coordinate real symmetric
1138 1138 2596
Real Matrix: Rows=1138 | Cols=1138 | NNZ=2596 | Procs=8 | Distribution=2D_cyclic
Rank 4: Grid (1,0) | Local rows=569 | NNZ=199 | ColsGlobal
Rank 5: Grid (1,1) | Local rows=569 | NNZ=420 | ColsGlobal
Rank 6: Grid (1,2) | Local rows=569 | NNZ=213 | ColsGlobal
2D Process Grid (Cyclic): 2 x 4
Rank 0: Grid (0,0) | Local rows=569 | NNZ=450 | ColsGlobal
Applied 2D cyclic distribution (global column indices preserved)
Rank 2: Grid (0,2) | Local rows=569 | NNZ=435 | ColsGlobal
Rank 1: Grid (0,1) | Local rows=569 | NNZ=228 | ColsGlobal
Rank 7: Grid (1,3) | Local rows=569 | NNZ=431 | ColsGlobal
Rank 3: Grid (0,3) | Local rows=569 | NNZ=220 | ColsGlobal
2D Comm Pattern: grid 2 x 4 | expand ghosts on rank 0: 213
2D: local vector size = 285 (column block), local rows = 569

========================================
COMPREHENSIVE METRICS SUMMARY
========================================
PROCESSES: 8
DISTRIBUTION: 2D_cyclic
GRID: 2 x 4 (proc_rows x proc_cols)
ITERATIONS: 10
Matrix NNZ: 2596
BALANCE: nnz_local   min=     199  avg=    324.50  max=     450
COMM:    ghost       min=      98  avg=    161.88  max=     213  | recv_double_avg=   1295.00 B
METRICS: t_total     = 1.792e-01  t_comp = 3.519e-02  t_comm = 1.441e-01
         gflops_total= 2.896521e-05  gflops_comp= 1.475371e-04
========================================

[RESULT] 0,8,2D_cyclic,0,0.187998058,0.156021217,450,213,900
[RESULT] 0,8,2D_cyclic,1,0.196004666,0.164015063,450,213,900
[RESULT] 0,8,2D_cyclic,2,0.159994780,0.128006463,450,213,900
[RESULT] 0,8,2D_cyclic,3,0.187996784,0.155999077,450,213,900
[RESULT] 0,8,2D_cyclic,4,0.159998963,0.128006794,450,213,900
[RESULT] 0,8,2D_cyclic,5,0.228007203,0.164014303,450,213,900
[RESULT] 0,8,2D_cyclic,6,0.191995134,0.160006485,450,213,900
[RESULT] 0,8,2D_cyclic,7,0.160001719,0.128005636,450,213,900
[RESULT] 0,8,2D_cyclic,8,0.157552718,0.125555317,450,213,900
[RESULT] 0,8,2D_cyclic,9,0.162945333,0.130953579,450,213,900
Total execution time: 3.583 seconds
