Retrieving the matrix from '../matrices/cond-mat-2005.mtx'...
%%MatrixMarket matrix coordinate real symmetric
40421 40421 175693
Real Matrix: Rows=40421 | Cols=40421 | NNZ=175693 | Procs=16 | Distribution=1D
Applied 1D distribution
Ghost columns identified: 6865 total ghost values needed
Local vector initialized (size=2527 per process)

========================================
COMPREHENSIVE METRICS SUMMARY
========================================
PROCESSES: 16
DISTRIBUTION: 1D
ITERATIONS: 10
Matrix NNZ: 175693
BALANCE: nnz_local   min=   10647  avg=  10980.81  max=   11253
COMM:    ghost       min=    6534  avg=   6710.94  max=    6865  | recv_double_avg=  53687.50 B
MEM:     bytes       min=  230560  avg=    235988  max=  239656
STRUCT:  ghost_ratio min=  59.241  avg=    61.127  max=  62.925
METRICS: t_total     = 7.749e-02        t_comp.   = 1.134e-02      t_comm= 7.720e-02
         gflops_total= 4.534810e-03   gflops_comp= 3.098616e-02
========================================

[RESULT] 0,16,1D,0,0.064112663,0.064007998,11007,6865,22014
[RESULT] 0,16,1D,1,0.064113617,0.064011335,11007,6865,22014
[RESULT] 0,16,1D,2,0.064114332,0.064009428,11007,6865,22014
[RESULT] 0,16,1D,3,0.064119339,0.064014912,11007,6865,22014
[RESULT] 0,16,1D,4,0.064114094,0.064011097,11007,6865,22014
[RESULT] 0,16,1D,5,0.064118624,0.064016819,11007,6865,22014
[RESULT] 0,16,1D,6,0.064114094,0.064010143,11007,6865,22014
[RESULT] 0,16,1D,7,0.064112425,0.064011097,11007,6865,22014
[RESULT] 0,16,1D,8,0.064113855,0.064012289,11007,6865,22014
[RESULT] 0,16,1D,9,0.067653418,0.067492247,11007,6865,22014
Total execution time: 3.896 seconds
