Retrieving the matrix from '../matrices/msdoor.mtx'...
%%MatrixMarket matrix coordinate real symmetric
415863 415863 10328399
Real Matrix: Rows=415863 | Cols=415863 | NNZ=10328399 | Procs=64 | Distribution=2D_cyclic
Rank 22: Grid pos (2,6) | Local rows: 51983 | Local NNZ: 156711
Rank 17: Grid pos (2,1) | Local rows: 51983 | Local NNZ: 181506
Rank 16: Grid pos (2,0) | Local rows: 51983 | Local NNZ: 174854
Rank 15: Grid pos (1,7) | Local rows: 51983 | Local NNZ: 170293
Rank 23: Grid pos (2,7) | Local rows: 51983 | Local NNZ: 163370
Rank 13: Grid pos (1,5) | Local rows: 51983 | Local NNZ: 157347
Rank 14: Grid pos (1,6) | Local rows: 51983 | Local NNZ: 163855
Rank 21: Grid pos (2,5) | Local rows: 51983 | Local NNZ: 150271
Rank 24: Grid pos (3,0) | Local rows: 51983 | Local NNZ: 168410
Rank 12: Grid pos (1,4) | Local rows: 51983 | Local NNZ: 150791
Rank 18: Grid pos (2,2) | Local rows: 51983 | Local NNZ: 187465
Rank 20: Grid pos (2,4) | Local rows: 51983 | Local NNZ: 143788
Rank 19: Grid pos (2,3) | Local rows: 51983 | Local NNZ: 137842
Rank 11: Grid pos (1,3) | Local rows: 51983 | Local NNZ: 141564
Rank 25: Grid pos (3,1) | Local rows: 51983 | Local NNZ: 175016
Rank 26: Grid pos (3,2) | Local rows: 51983 | Local NNZ: 181410
Rank 10: Grid pos (1,2) | Local rows: 51983 | Local NNZ: 137667
2D Process Grid (Cyclic): 8 x 8
Rank 27: Grid pos (3,3) | Local rows: 51983 | Local NNZ: 187694
Rank 28: Grid pos (3,4) | Local rows: 51983 | Local NNZ: 140774
Rank 7: Grid pos (0,7) | Local rows: 51983 | Local NNZ: 176490
Rank 29: Grid pos (3,5) | Local rows: 51983 | Local NNZ: 144446
Rank 8: Grid pos (1,0) | Local rows: 51983 | Local NNZ: 181426
Rank 9: Grid pos (1,1) | Local rows: 51983 | Local NNZ: 187798
Rank 30: Grid pos (3,6) | Local rows: 51983 | Local NNZ: 150830
Rank 6: Grid pos (0,6) | Local rows: 51983 | Local NNZ: 169898
Rank 5: Grid pos (0,5) | Local rows: 51983 | Local NNZ: 163397
Rank 4: Grid pos (0,4) | Local rows: 51983 | Local NNZ: 156672
Rank 2: Grid pos (0,2) | Local rows: 51983 | Local NNZ: 141292
Rank 32: Grid pos (4,0) | Local rows: 51983 | Local NNZ: 158014
Rank 3: Grid pos (0,3) | Local rows: 51983 | Local NNZ: 147886
Rank 1: Grid pos (0,1) | Local rows: 51983 | Local NNZ: 137996
Rank 35: Grid pos (4,3) | Local rows: 51983 | Local NNZ: 177715
Rank 34: Grid pos (4,2) | Local rows: 51983 | Local NNZ: 170941
Rank 33: Grid pos (4,1) | Local rows: 51983 | Local NNZ: 164731
Rank 0: Grid pos (0,0) | Local rows: 51983 | Local NNZ: 187620
Applied 2Dcyclic distribution
Rank 31: Grid pos (3,7) | Local rows: 51983 | Local NNZ: 157326
Rank 63: Grid pos (7,7) | Local rows: 51982 | Local NNZ: 185756
Rank 60: Grid pos (7,4) | Local rows: 51982 | Local NNZ: 166395
Rank 59: Grid pos (7,3) | Local rows: 51982 | Local NNZ: 157885
Rank 58: Grid pos (7,2) | Local rows: 51982 | Local NNZ: 151293
Rank 36: Grid pos (4,4) | Local rows: 51983 | Local NNZ: 185411
Rank 61: Grid pos (7,5) | Local rows: 51982 | Local NNZ: 173030
Rank 57: Grid pos (7,1) | Local rows: 51982 | Local NNZ: 145259
Rank 62: Grid pos (7,6) | Local rows: 51982 | Local NNZ: 179576
Rank 56: Grid pos (7,0) | Local rows: 51982 | Local NNZ: 141394
Rank 38: Grid pos (4,6) | Local rows: 51983 | Local NNZ: 139322
Rank 37: Grid pos (4,5) | Local rows: 51983 | Local NNZ: 135655
Rank 43: Grid pos (5,3) | Local rows: 51983 | Local NNZ: 170937
Rank 41: Grid pos (5,1) | Local rows: 51983 | Local NNZ: 158106
Rank 39: Grid pos (4,7) | Local rows: 51983 | Local NNZ: 145704
Rank 46: Grid pos (5,6) | Local rows: 51983 | Local NNZ: 136166
Rank 55: Grid pos (6,7) | Local rows: 51983 | Local NNZ: 135418
Rank 51: Grid pos (6,3) | Local rows: 51983 | Local NNZ: 164325
Rank 40: Grid pos (5,0) | Local rows: 51983 | Local NNZ: 151531
Rank 42: Grid pos (5,2) | Local rows: 51983 | Local NNZ: 164335
Rank 53: Grid pos (6,5) | Local rows: 51983 | Local NNZ: 179062
Rank 44: Grid pos (5,4) | Local rows: 51983 | Local NNZ: 179548
Rank 52: Grid pos (6,4) | Local rows: 51983 | Local NNZ: 172384
Rank 47: Grid pos (5,7) | Local rows: 51983 | Local NNZ: 139837
Rank 48: Grid pos (6,0) | Local rows: 51983 | Local NNZ: 144925
Rank 45: Grid pos (5,5) | Local rows: 51983 | Local NNZ: 185781
Rank 50: Grid pos (6,2) | Local rows: 51983 | Local NNZ: 157596
Rank 54: Grid pos (6,6) | Local rows: 51983 | Local NNZ: 185287
Rank 49: Grid pos (6,1) | Local rows: 51983 | Local NNZ: 151375
Ghost columns identified: 45485 total ghost values needed
Local vector initialized (size=6498 per process)

========================================
COMPREHENSIVE METRICS SUMMARY
========================================
PROCESSES: 64
DISTRIBUTION: 2D_cyclic
ITERATIONS: 10
Matrix NNZ: 10328399
BALANCE: nnz_local   min=  135418  avg= 161381.23  max=  187798
COMM:    ghost       min=   36322  avg=  40856.44  max=   45485  | recv_double_avg= 326851.50 B
MEM:     bytes       min= 2591368  avg=   2939208  max= 3293240
STRUCT:  ghost_ratio min=  24.220  avg=    25.389  max=  26.822
METRICS: t_total     = 1.831e-03        t_comp.   = 1.502e-03      t_comm= 3.373e-04
         gflops_total= 1.128313e+01   gflops_comp= 1.375318e+01
========================================

[RESULT] 0,64,2D_cyclic,0,0.001778126,0.000218868,187620,45485,375240
[RESULT] 0,64,2D_cyclic,1,0.001742840,0.000223637,187620,45485,375240
[RESULT] 0,64,2D_cyclic,2,0.001709223,0.000204086,187620,45485,375240
[RESULT] 0,64,2D_cyclic,3,0.001715660,0.000212908,187620,45485,375240
[RESULT] 0,64,2D_cyclic,4,0.001681089,0.000210047,187620,45485,375240
[RESULT] 0,64,2D_cyclic,5,0.001733065,0.000208139,187620,45485,375240
[RESULT] 0,64,2D_cyclic,6,0.001659870,0.000202179,187620,45485,375240
[RESULT] 0,64,2D_cyclic,7,0.001700401,0.000209093,187620,45485,375240
[RESULT] 0,64,2D_cyclic,8,0.001699209,0.000205994,187620,45485,375240
[RESULT] 0,64,2D_cyclic,9,0.001709700,0.000214577,187620,45485,375240
Total execution time: 10.333 seconds
