Retrieving the matrix from '../matrices/cond-mat-2005.mtx'...
%%MatrixMarket matrix coordinate real symmetric
40421 40421 175693
Real Matrix: Rows=40421 | Cols=40421 | NNZ=175693 | Procs=32 | Distribution=2D
Rank 21: Grid pos (2,5) | Rows [20212-30318) | Cols [25265-30318) | Local NNZ: 4911
Rank 15: Grid pos (1,7) | Rows [10106-20212) | Cols [35371-40421) | Local NNZ: 0
Rank 7: Grid pos (0,7) | Rows [0-10106) | Cols [35371-40421) | Local NNZ: 0
2D Process Grid: 4 x 8 (rows x cols)
Rank 16: Grid pos (2,0) | Rows [20212-30318) | Cols [0-5053) | Local NNZ: 10824
Rank 3: Grid pos (0,3) | Rows [0-10106) | Cols [15159-20212) | Local NNZ: 0
Rank 4: Grid pos (0,4) | Rows [0-10106) | Cols [20212-25265) | Local NNZ: 0
Rank 19: Grid pos (2,3) | Rows [20212-30318) | Cols [15159-20212) | Local NNZ: 4982
Rank 20: Grid pos (2,4) | Rows [20212-30318) | Cols [20212-25265) | Local NNZ: 7840
Rank 31: Grid pos (3,7) | Rows [30318-40421) | Cols [35371-40421) | Local NNZ: 3197
Rank 22: Grid pos (2,6) | Rows [20212-30318) | Cols [30318-35371) | Local NNZ: 0
Rank 1: Grid pos (0,1) | Rows [0-10106) | Cols [5053-10106) | Local NNZ: 10327
Rank 2: Grid pos (0,2) | Rows [0-10106) | Cols [10106-15159) | Local NNZ: 0
Rank 5: Grid pos (0,5) | Rows [0-10106) | Cols [25265-30318) | Local NNZ: 0
Rank 9: Grid pos (1,1) | Rows [10106-20212) | Cols [5053-10106) | Local NNZ: 13319
Rank 24: Grid pos (3,0) | Rows [30318-40421) | Cols [0-5053) | Local NNZ: 10029
Rank 6: Grid pos (0,6) | Rows [0-10106) | Cols [30318-35371) | Local NNZ: 0
Rank 11: Grid pos (1,3) | Rows [10106-20212) | Cols [15159-20212) | Local NNZ: 5781
Rank 0: Grid pos (0,0) | Rows [0-10106) | Cols [0-5053) | Local NNZ: 37017
Applied 2D distribution
Rank 17: Grid pos (2,1) | Rows [20212-30318) | Cols [5053-10106) | Local NNZ: 7180
Rank 18: Grid pos (2,2) | Rows [20212-30318) | Cols [10106-15159) | Local NNZ: 6491
Rank 12: Grid pos (1,4) | Rows [10106-20212) | Cols [20212-25265) | Local NNZ: 0
Rank 23: Grid pos (2,7) | Rows [20212-30318) | Cols [35371-40421) | Local NNZ: 0
Rank 10: Grid pos (1,2) | Rows [10106-20212) | Cols [10106-15159) | Local NNZ: 14310
Rank 8: Grid pos (1,0) | Rows [10106-20212) | Cols [0-5053) | Local NNZ: 19859
Rank 25: Grid pos (3,1) | Rows [30318-40421) | Cols [5053-10106) | Local NNZ: 5363
Rank 26: Grid pos (3,2) | Rows [30318-40421) | Cols [10106-15159) | Local NNZ: 3532
Rank 29: Grid pos (3,5) | Rows [30318-40421) | Cols [25265-30318) | Local NNZ: 1473
Rank 13: Grid pos (1,5) | Rows [10106-20212) | Cols [25265-30318) | Local NNZ: 0
Rank 27: Grid pos (3,3) | Rows [30318-40421) | Cols [15159-20212) | Local NNZ: 2305
Rank 14: Grid pos (1,6) | Rows [10106-20212) | Cols [30318-35371) | Local NNZ: 0
Rank 30: Grid pos (3,6) | Rows [30318-40421) | Cols [30318-35371) | Local NNZ: 4850
Rank 28: Grid pos (3,4) | Rows [30318-40421) | Cols [20212-25265) | Local NNZ: 2103
Ghost columns identified: 4378 total ghost values needed
Local vector initialized (size=1264 per process)

========================================
COMPREHENSIVE METRICS SUMMARY
========================================
PROCESSES: 32
DISTRIBUTION: 2D
ITERATIONS: 10
Matrix NNZ: 175693
BALANCE: nnz_local   min=       0  avg=   5490.41  max=   37017
COMM:    ghost       min=       0  avg=   1381.53  max=    4378  | recv_double_avg=  11052.25 B
MEM:     bytes       min=  131380  avg=    208309  max=  610616
STRUCT:  ghost_ratio min=   0.000  avg=    20.464  max=  53.175
METRICS: t_total     = 1.864e-01        t_comp.   = 9.517e-04      t_comm= 1.857e-01
         gflops_total= 1.885511e-03   gflops_comp= 3.692026e-01
========================================

[RESULT] 0,32,2D,0,0.128532887,0.128019810,37017,4378,74034
[RESULT] 0,32,2D,1,0.192515850,0.191986561,37017,4378,74034
[RESULT] 0,32,2D,2,0.192522526,0.191999674,37017,4378,74034
[RESULT] 0,32,2D,3,0.192512035,0.191985607,37017,4378,74034
[RESULT] 0,32,2D,4,0.192562103,0.191987753,37017,4378,74034
[RESULT] 0,32,2D,5,0.193579197,0.192999363,37017,4378,74034
[RESULT] 0,32,2D,6,0.192786455,0.191972494,37017,4378,74034
[RESULT] 0,32,2D,7,0.192799330,0.191999435,37017,4378,74034
[RESULT] 0,32,2D,8,0.192781448,0.191986322,37017,4378,74034
[RESULT] 0,32,2D,9,0.193019390,0.192000628,37017,4378,74034
Total execution time: 9.786 seconds
