Retrieving the matrix from '../matrices/dixmaanl.mtx'...
%%MatrixMarket matrix coordinate real symmetric
60000 60000 179999
Real Matrix: Rows=60000 | Cols=60000 | NNZ=179999 | Procs=128 | Distribution=1D
Applied 1D distribution
Ghost columns identified: 936 total ghost values needed
Local vector initialized (size=469 per process)

========================================
COMPREHENSIVE METRICS SUMMARY
========================================
PROCESSES: 128
DISTRIBUTION: 1D
ITERATIONS: 10
Matrix NNZ: 179999
BALANCE: nnz_local   min=    1404  avg=   1406.24  max=    1408
COMM:    ghost       min=     936  avg=    937.49  max=     939  | recv_double_avg=   7499.94 B
MEM:     bytes       min=   33700  avg=     33754  max=   33792
STRUCT:  ghost_ratio min=  66.619  avg=    66.666  max=  66.690
METRICS: t_total     = 8.701e-01        t_comp.   = 3.331e-05      t_comm= 8.700e-01
         gflops_total= 4.137654e-04   gflops_comp= 1.080845e+01
========================================

[RESULT] 0,128,1D,0,0.766989946,0.766960144,1405,936,2810
[RESULT] 0,128,1D,1,0.766030312,0.765999079,1405,936,2810
[RESULT] 0,128,1D,2,0.767991781,0.767961979,1405,936,2810
[RESULT] 0,128,1D,3,0.767991543,0.767962217,1405,936,2810
[RESULT] 0,128,1D,4,1.024447441,1.024419069,1405,936,2810
[RESULT] 0,128,1D,5,0.768024445,0.767995119,1405,936,2810
[RESULT] 0,128,1D,6,1.021994829,1.021964312,1405,936,2810
[RESULT] 0,128,1D,7,1.024035215,1.024006605,1405,936,2810
[RESULT] 0,128,1D,8,1.022995472,1.022964954,1405,936,2810
[RESULT] 0,128,1D,9,0.770032406,0.770001888,1405,936,2810
Total execution time: 85.792 seconds
