Retrieving the matrix from '../matrices/dixmaanl.mtx'...
%%MatrixMarket matrix coordinate real symmetric
60000 60000 179999
Real Matrix: Rows=60000 | Cols=60000 | NNZ=179999 | Procs=32 | Distribution=2D_cyclic
Rank 19: Grid pos (2,3) | Local rows: 15000 | Local NNZ: 0
2D Process Grid (Cyclic): 4 x 8
Rank 18: Grid pos (2,2) | Local rows: 15000 | Local NNZ: 15000
Rank 28: Grid pos (3,4) | Local rows: 15000 | Local NNZ: 0
Rank 25: Grid pos (3,1) | Local rows: 15000 | Local NNZ: 0
Rank 16: Grid pos (2,0) | Local rows: 15000 | Local NNZ: 0
Rank 17: Grid pos (2,1) | Local rows: 15000 | Local NNZ: 7500
Rank 26: Grid pos (3,2) | Local rows: 15000 | Local NNZ: 7500
Rank 23: Grid pos (2,7) | Local rows: 15000 | Local NNZ: 0
Rank 27: Grid pos (3,3) | Local rows: 15000 | Local NNZ: 15000
Rank 24: Grid pos (3,0) | Local rows: 15000 | Local NNZ: 0
Rank 20: Grid pos (2,4) | Local rows: 15000 | Local NNZ: 0
Rank 15: Grid pos (1,7) | Local rows: 15000 | Local NNZ: 0
Rank 29: Grid pos (3,5) | Local rows: 15000 | Local NNZ: 0
Rank 2: Grid pos (0,2) | Local rows: 15000 | Local NNZ: 0
Rank 22: Grid pos (2,6) | Local rows: 15000 | Local NNZ: 15000
Rank 1: Grid pos (0,1) | Local rows: 15000 | Local NNZ: 0
Rank 14: Grid pos (1,6) | Local rows: 15000 | Local NNZ: 0
Rank 21: Grid pos (2,5) | Local rows: 15000 | Local NNZ: 7500
Rank 30: Grid pos (3,6) | Local rows: 15000 | Local NNZ: 7500
Rank 11: Grid pos (1,3) | Local rows: 15000 | Local NNZ: 0
Rank 10: Grid pos (1,2) | Local rows: 15000 | Local NNZ: 0
Rank 3: Grid pos (0,3) | Local rows: 15000 | Local NNZ: 7500
Rank 0: Grid pos (0,0) | Local rows: 15000 | Local NNZ: 15000
Applied 2Dcyclic distribution
Rank 12: Grid pos (1,4) | Local rows: 15000 | Local NNZ: 7500
Rank 6: Grid pos (0,6) | Local rows: 15000 | Local NNZ: 0
Rank 31: Grid pos (3,7) | Local rows: 15000 | Local NNZ: 15000
Rank 5: Grid pos (0,5) | Local rows: 15000 | Local NNZ: 0
Rank 13: Grid pos (1,5) | Local rows: 15000 | Local NNZ: 15000
Rank 7: Grid pos (0,7) | Local rows: 15000 | Local NNZ: 7499
Rank 8: Grid pos (1,0) | Local rows: 15000 | Local NNZ: 7500
Rank 4: Grid pos (0,4) | Local rows: 15000 | Local NNZ: 15000
Rank 9: Grid pos (1,1) | Local rows: 15000 | Local NNZ: 15000
Ghost columns identified: 5625 total ghost values needed
Local vector initialized (size=1875 per process)

========================================
COMPREHENSIVE METRICS SUMMARY
========================================
PROCESSES: 32
DISTRIBUTION: 2D_cyclic
ITERATIONS: 10
Matrix NNZ: 179999
BALANCE: nnz_local   min=       0  avg=   5624.97  max=   15000
COMM:    ghost       min=       0  avg=   2812.47  max=    5625  | recv_double_avg=  22499.75 B
MEM:     bytes       min=  195004  avg=    285003  max=  420004
STRUCT:  ghost_ratio min=   0.000  avg=    28.125  max=  75.000
METRICS: t_total     = 1.039e-04        t_comp.   = 8.373e-05      t_comm= 2.065e-05
         gflops_total= 3.464757e+00   gflops_comp= 4.299377e+00
========================================

[RESULT] 0,32,2D_cyclic,0,0.000099897,0.000016212,15000,5625,30000
[RESULT] 0,32,2D_cyclic,1,0.000100613,0.000018120,15000,5625,30000
[RESULT] 0,32,2D_cyclic,2,0.000099897,0.000017405,15000,5625,30000
[RESULT] 0,32,2D_cyclic,3,0.000101566,0.000018597,15000,5625,30000
[RESULT] 0,32,2D_cyclic,4,0.000101566,0.000019073,15000,5625,30000
[RESULT] 0,32,2D_cyclic,5,0.000106812,0.000017643,15000,5625,30000
[RESULT] 0,32,2D_cyclic,6,0.000100613,0.000018120,15000,5625,30000
[RESULT] 0,32,2D_cyclic,7,0.000102282,0.000019550,15000,5625,30000
[RESULT] 0,32,2D_cyclic,8,0.000101328,0.000018597,15000,5625,30000
[RESULT] 0,32,2D_cyclic,9,0.000102043,0.000019073,15000,5625,30000
Total execution time: 0.137 seconds
