Retrieving the matrix from '../matrices/dixmaanl.mtx'...
%%MatrixMarket matrix coordinate real symmetric
60000 60000 179999
Real Matrix: Rows=60000 | Cols=60000 | NNZ=179999 | Procs=16 | Distribution=2D
2D Process Grid: 4 x 4 (rows x cols)
Rank 6: Grid pos (1,2) | Rows [15000-30000) | Cols [30000-45000) | Local NNZ: 0
Rank 9: Grid pos (2,1) | Rows [30000-45000) | Cols [15000-30000) | Local NNZ: 10001
Rank 3: Grid pos (0,3) | Rows [0-15000) | Cols [45000-60000) | Local NNZ: 0
Rank 2: Grid pos (0,2) | Rows [0-15000) | Cols [30000-45000) | Local NNZ: 0
Rank 7: Grid pos (1,3) | Rows [15000-30000) | Cols [45000-60000) | Local NNZ: 0
Rank 8: Grid pos (2,0) | Rows [30000-45000) | Cols [0-15000) | Local NNZ: 10000
Rank 1: Grid pos (0,1) | Rows [0-15000) | Cols [15000-30000) | Local NNZ: 0
Rank 11: Grid pos (2,3) | Rows [30000-45000) | Cols [45000-60000) | Local NNZ: 0
Rank 4: Grid pos (1,0) | Rows [15000-30000) | Cols [0-15000) | Local NNZ: 10001
Rank 14: Grid pos (3,2) | Rows [45000-60000) | Cols [30000-45000) | Local NNZ: 10001
Rank 13: Grid pos (3,1) | Rows [45000-60000) | Cols [15000-30000) | Local NNZ: 10000
Rank 12: Grid pos (3,0) | Rows [45000-60000) | Cols [0-15000) | Local NNZ: 10000
Rank 5: Grid pos (1,1) | Rows [15000-30000) | Cols [15000-30000) | Local NNZ: 29999
Rank 0: Grid pos (0,0) | Rows [0-15000) | Cols [0-15000) | Local NNZ: 29999
Applied 2D distribution
Rank 15: Grid pos (3,3) | Rows [45000-60000) | Cols [45000-60000) | Local NNZ: 29999
Rank 10: Grid pos (2,2) | Rows [30000-45000) | Cols [30000-45000) | Local NNZ: 29999
Ghost columns identified: 14062 total ghost values needed
Local vector initialized (size=3750 per process)

========================================
COMPREHENSIVE METRICS SUMMARY
========================================
PROCESSES: 16
DISTRIBUTION: 2D
ITERATIONS: 10
Matrix NNZ: 179999
BALANCE: nnz_local   min=       0  avg=  11249.94  max=   29999
COMM:    ghost       min=       0  avg=   7031.44  max=   14063  | recv_double_avg=  56251.50 B
MEM:     bytes       min=  210004  avg=    401255  max=  682496
STRUCT:  ghost_ratio min=   0.000  avg=    46.876  max=  93.760
METRICS: t_total     = 4.371e-04        t_comp.   = 1.456e-04      t_comm= 2.987e-04
         gflops_total= 8.236192e-01   gflops_comp= 2.472071e+00
========================================

[RESULT] 0,16,2D,0,0.000419855,0.000275612,29999,14062,59998
[RESULT] 0,16,2D,1,0.000428438,0.000284672,29999,14062,59998
[RESULT] 0,16,2D,2,0.000406742,0.000262976,29999,14062,59998
[RESULT] 0,16,2D,3,0.000428677,0.000285149,29999,14062,59998
[RESULT] 0,16,2D,4,0.000460148,0.000316620,29999,14062,59998
[RESULT] 0,16,2D,5,0.000427961,0.000283957,29999,14062,59998
[RESULT] 0,16,2D,6,0.000438929,0.000286579,29999,14062,59998
[RESULT] 0,16,2D,7,0.000419378,0.000275850,29999,14062,59998
[RESULT] 0,16,2D,8,0.000415087,0.000270844,29999,14062,59998
[RESULT] 0,16,2D,9,0.000427723,0.000283957,29999,14062,59998
Total execution time: 0.123 seconds
