Retrieving the matrix from '../matrices/tmt_sym.mtx'...
%%MatrixMarket matrix coordinate real symmetric
726713 726713 2903837
Real Matrix: Rows=726713 | Cols=726713 | NNZ=2903837 | Procs=1 | Distribution=1D
Applied 1D distribution
Ghost columns identified: 0 total ghost values needed
Local vector initialized (size=726713 per process)

========================================
COMPREHENSIVE METRICS SUMMARY
========================================
PROCESSES: 1
DISTRIBUTION: 1D
ITERATIONS: 10
Matrix NNZ: 2903837
BALANCE: nnz_local   min= 2903837  avg=2903837.00  max= 2903837
COMM:    ghost       min=       0  avg=      0.00  max=       0  | recv_double_avg=      0.00 B
MEM:     bytes       min=49380308  avg=  49380308  max=49380308
STRUCT:  ghost_ratio min=   0.000  avg=     0.000  max=   0.000
METRICS: t_total     = 1.207e-02        t_comp.   = 1.207e-02      t_comm= 2.360e-06
         gflops_total= 4.811912e-01   gflops_comp= 4.812853e-01
========================================

[RESULT] 0,1,1D,0,0.012168169,0.000001907,2903837,0,5807674
[RESULT] 0,1,1D,1,0.012160301,0.000002861,2903837,0,5807674
[RESULT] 0,1,1D,2,0.012073040,0.000001907,2903837,0,5807674
[RESULT] 0,1,1D,3,0.012080908,0.000002861,2903837,0,5807674
[RESULT] 0,1,1D,4,0.012018204,0.000001669,2903837,0,5807674
[RESULT] 0,1,1D,5,0.011938095,0.000002146,2903837,0,5807674
[RESULT] 0,1,1D,6,0.011999369,0.000002146,2903837,0,5807674
[RESULT] 0,1,1D,7,0.012162447,0.000002861,2903837,0,5807674
[RESULT] 0,1,1D,8,0.012067556,0.000003099,2903837,0,5807674
[RESULT] 0,1,1D,9,0.012025595,0.000002146,2903837,0,5807674
Total execution time: 3.545 seconds
