Retrieving the matrix from '../matrices/1138_bus.mtx'...
%%MatrixMarket matrix coordinate real symmetric
1138 1138 2596
Real Matrix: Rows=1138 | Cols=1138 | NNZ=2596 | Procs=128 | Distribution=2D_cyclic
Rank 1: Grid pos (0,1) | Local rows: 143 | Local NNZ: 11
Rank 3: Grid pos (0,3) | Local rows: 143 | Local NNZ: 8
Rank 65: Grid pos (4,1) | Local rows: 142 | Local NNZ: 13
Rank 81: Grid pos (5,1) | Local rows: 142 | Local NNZ: 10
Rank 9: Grid pos (0,9) | Local rows: 143 | Local NNZ: 6
Rank 97: Grid pos (6,1) | Local rows: 142 | Local NNZ: 10
Rank 89: Grid pos (5,9) | Local rows: 142 | Local NNZ: 6
Rank 13: Grid pos (0,13) | Local rows: 143 | Local NNZ: 14
Rank 73: Grid pos (4,9) | Local rows: 142 | Local NNZ: 11
2D Process Grid (Cyclic): 8 x 16
Rank 0: Grid pos (0,0) | Local rows: 143 | Local NNZ: 78
Applied 2Dcyclic distribution
Rank 69: Grid pos (4,5) | Local rows: 142 | Local NNZ: 16
Rank 71: Grid pos (4,7) | Local rows: 142 | Local NNZ: 6
Rank 91: Grid pos (5,11) | Local rows: 142 | Local NNZ: 14
Rank 77: Grid pos (4,13) | Local rows: 142 | Local NNZ: 10
Rank 33: Grid pos (2,1) | Local rows: 142 | Local NNZ: 22
Rank 67: Grid pos (4,3) | Local rows: 142 | Local NNZ: 31
Rank 75: Grid pos (4,11) | Local rows: 142 | Local NNZ: 31
Rank 64: Grid pos (4,0) | Local rows: 142 | Local NNZ: 10
Rank 99: Grid pos (6,3) | Local rows: 142 | Local NNZ: 16
Rank 37: Grid pos (2,5) | Local rows: 142 | Local NNZ: 13
Rank 101: Grid pos (6,5) | Local rows: 142 | Local NNZ: 28
Rank 85: Grid pos (5,5) | Local rows: 142 | Local NNZ: 77
Rank 72: Grid pos (4,8) | Local rows: 142 | Local NNZ: 9
Rank 17: Grid pos (1,1) | Local rows: 143 | Local NNZ: 82
Rank 66: Grid pos (4,2) | Local rows: 142 | Local NNZ: 10
Rank 105: Grid pos (6,9) | Local rows: 142 | Local NNZ: 8
Rank 103: Grid pos (6,7) | Local rows: 142 | Local NNZ: 8
Rank 49: Grid pos (3,1) | Local rows: 142 | Local NNZ: 8
Rank 76: Grid pos (4,12) | Local rows: 142 | Local NNZ: 82
Rank 87: Grid pos (5,7) | Local rows: 142 | Local NNZ: 6
Rank 5: Grid pos (0,5) | Local rows: 143 | Local NNZ: 9
Rank 32: Grid pos (2,0) | Local rows: 142 | Local NNZ: 16
Rank 113: Grid pos (7,1) | Local rows: 142 | Local NNZ: 8
Rank 117: Grid pos (7,5) | Local rows: 142 | Local NNZ: 7
Rank 41: Grid pos (2,9) | Local rows: 142 | Local NNZ: 28
Rank 4: Grid pos (0,4) | Local rows: 143 | Local NNZ: 14
Rank 19: Grid pos (1,3) | Local rows: 143 | Local NNZ: 7
Rank 34: Grid pos (2,2) | Local rows: 142 | Local NNZ: 80
Rank 83: Grid pos (5,3) | Local rows: 142 | Local NNZ: 17
Rank 8: Grid pos (0,8) | Local rows: 143 | Local NNZ: 80
Rank 119: Grid pos (7,7) | Local rows: 142 | Local NNZ: 77
Rank 68: Grid pos (4,4) | Local rows: 142 | Local NNZ: 78
Rank 48: Grid pos (3,0) | Local rows: 142 | Local NNZ: 14
Rank 2: Grid pos (0,2) | Local rows: 143 | Local NNZ: 1
Rank 7: Grid pos (0,7) | Local rows: 143 | Local NNZ: 20
Rank 78: Grid pos (4,14) | Local rows: 142 | Local NNZ: 8
Rank 36: Grid pos (2,4) | Local rows: 142 | Local NNZ: 9
Rank 11: Grid pos (0,11) | Local rows: 143 | Local NNZ: 6
Rank 38: Grid pos (2,6) | Local rows: 142 | Local NNZ: 12
Rank 56: Grid pos (3,8) | Local rows: 142 | Local NNZ: 6
Rank 60: Grid pos (3,12) | Local rows: 142 | Local NNZ: 7
Rank 121: Grid pos (7,9) | Local rows: 142 | Local NNZ: 4
Rank 74: Grid pos (4,10) | Local rows: 142 | Local NNZ: 11
Rank 15: Grid pos (0,15) | Local rows: 143 | Local NNZ: 32
Rank 50: Grid pos (3,2) | Local rows: 142 | Local NNZ: 22
Rank 51: Grid pos (3,3) | Local rows: 142 | Local NNZ: 79
Rank 93: Grid pos (5,13) | Local rows: 142 | Local NNZ: 80
Rank 58: Grid pos (3,10) | Local rows: 142 | Local NNZ: 35
Rank 16: Grid pos (1,0) | Local rows: 143 | Local NNZ: 28
Rank 21: Grid pos (1,5) | Local rows: 143 | Local NNZ: 10
Rank 79: Grid pos (4,15) | Local rows: 142 | Local NNZ: 7
Rank 52: Grid pos (3,4) | Local rows: 142 | Local NNZ: 4
Rank 70: Grid pos (4,6) | Local rows: 142 | Local NNZ: 10
Rank 23: Grid pos (1,7) | Local rows: 143 | Local NNZ: 12
Rank 80: Grid pos (5,0) | Local rows: 142 | Local NNZ: 12
Rank 57: Grid pos (3,9) | Local rows: 142 | Local NNZ: 13
Rank 53: Grid pos (3,5) | Local rows: 142 | Local NNZ: 9
Rank 95: Grid pos (5,15) | Local rows: 142 | Local NNZ: 10
Rank 96: Grid pos (6,0) | Local rows: 142 | Local NNZ: 11
Rank 125: Grid pos (7,13) | Local rows: 142 | Local NNZ: 17
Rank 59: Grid pos (3,11) | Local rows: 142 | Local NNZ: 78
Rank 10: Grid pos (0,10) | Local rows: 143 | Local NNZ: 5
Rank 35: Grid pos (2,3) | Local rows: 142 | Local NNZ: 8
Rank 6: Grid pos (0,6) | Local rows: 143 | Local NNZ: 12
Rank 100: Grid pos (6,4) | Local rows: 142 | Local NNZ: 17
Rank 43: Grid pos (2,11) | Local rows: 142 | Local NNZ: 7
Rank 18: Grid pos (1,2) | Local rows: 143 | Local NNZ: 7
Rank 82: Grid pos (5,2) | Local rows: 142 | Local NNZ: 12
Rank 61: Grid pos (3,13) | Local rows: 142 | Local NNZ: 4
Rank 40: Grid pos (2,8) | Local rows: 142 | Local NNZ: 13
Rank 25: Grid pos (1,9) | Local rows: 143 | Local NNZ: 78
Rank 112: Grid pos (7,0) | Local rows: 142 | Local NNZ: 9
Rank 63: Grid pos (3,15) | Local rows: 142 | Local NNZ: 9
Rank 54: Grid pos (3,6) | Local rows: 142 | Local NNZ: 11
Rank 39: Grid pos (2,7) | Local rows: 142 | Local NNZ: 12
Rank 42: Grid pos (2,10) | Local rows: 142 | Local NNZ: 85
Rank 12: Grid pos (0,12) | Local rows: 143 | Local NNZ: 5
Rank 104: Grid pos (6,8) | Local rows: 142 | Local NNZ: 8
Rank 115: Grid pos (7,3) | Local rows: 142 | Local NNZ: 9
Rank 62: Grid pos (3,14) | Local rows: 142 | Local NNZ: 8
Rank 107: Grid pos (6,11) | Local rows: 142 | Local NNZ: 12
Rank 20: Grid pos (1,4) | Local rows: 143 | Local NNZ: 10
Rank 109: Grid pos (6,13) | Local rows: 142 | Local NNZ: 21
Rank 88: Grid pos (5,8) | Local rows: 142 | Local NNZ: 4
Rank 45: Grid pos (2,13) | Local rows: 142 | Local NNZ: 8
Rank 98: Grid pos (6,2) | Local rows: 142 | Local NNZ: 9
Rank 14: Grid pos (0,14) | Local rows: 143 | Local NNZ: 21
Rank 92: Grid pos (5,12) | Local rows: 142 | Local NNZ: 19
Rank 108: Grid pos (6,12) | Local rows: 142 | Local NNZ: 12
Rank 24: Grid pos (1,8) | Local rows: 143 | Local NNZ: 24
Rank 127: Grid pos (7,15) | Local rows: 142 | Local NNZ: 76
Rank 111: Grid pos (6,15) | Local rows: 142 | Local NNZ: 7
Rank 123: Grid pos (7,11) | Local rows: 142 | Local NNZ: 6
Rank 28: Grid pos (1,12) | Local rows: 143 | Local NNZ: 9
Rank 47: Grid pos (2,15) | Local rows: 142 | Local NNZ: 9
Rank 26: Grid pos (1,10) | Local rows: 143 | Local NNZ: 12
Rank 55: Grid pos (3,7) | Local rows: 142 | Local NNZ: 10
Rank 22: Grid pos (1,6) | Local rows: 143 | Local NNZ: 8
Rank 29: Grid pos (1,13) | Local rows: 143 | Local NNZ: 7
Rank 114: Grid pos (7,2) | Local rows: 142 | Local NNZ: 7
Rank 102: Grid pos (6,6) | Local rows: 142 | Local NNZ: 79
Rank 84: Grid pos (5,4) | Local rows: 142 | Local NNZ: 26
Rank 106: Grid pos (6,10) | Local rows: 142 | Local NNZ: 7
Rank 94: Grid pos (5,14) | Local rows: 142 | Local NNZ: 8
Rank 27: Grid pos (1,11) | Local rows: 143 | Local NNZ: 6
Rank 90: Grid pos (5,10) | Local rows: 142 | Local NNZ: 22
Rank 116: Grid pos (7,4) | Local rows: 142 | Local NNZ: 9
Rank 110: Grid pos (6,14) | Local rows: 142 | Local NNZ: 77
Rank 118: Grid pos (7,6) | Local rows: 142 | Local NNZ: 14
Rank 120: Grid pos (7,8) | Local rows: 142 | Local NNZ: 7
Rank 31: Grid pos (1,15) | Local rows: 143 | Local NNZ: 15
Rank 44: Grid pos (2,12) | Local rows: 142 | Local NNZ: 8
Rank 86: Grid pos (5,6) | Local rows: 142 | Local NNZ: 6
Rank 122: Grid pos (7,10) | Local rows: 142 | Local NNZ: 5
Rank 30: Grid pos (1,14) | Local rows: 143 | Local NNZ: 10
Rank 124: Grid pos (7,12) | Local rows: 142 | Local NNZ: 11
Rank 46: Grid pos (2,14) | Local rows: 142 | Local NNZ: 8
Rank 126: Grid pos (7,14) | Local rows: 142 | Local NNZ: 26
Ghost columns identified: 63 total ghost values needed
Local vector initialized (size=9 per process)

========================================
COMPREHENSIVE METRICS SUMMARY
========================================
PROCESSES: 128
DISTRIBUTION: 2D_cyclic
ITERATIONS: 10
Matrix NNZ: 2596
BALANCE: nnz_local   min=       1  avg=     20.28  max=      85
COMM:    ghost       min=       1  avg=     16.02  max=      63  | recv_double_avg=    128.19 B
MEM:     bytes       min=    1812  avg=      2154  max=    3296
STRUCT:  ghost_ratio min=  28.571  avg=    80.798  max= 100.000
METRICS: t_total     = 1.204e+00        t_comp.   = 8.345e-06      t_comm= 1.204e+00
         gflops_total= 4.311181e-06   gflops_comp= 6.221950e-01
========================================

[RESULT] 0,128,2D_cyclic,0,1.020955086,1.020947218,78,63,156
[RESULT] 0,128,2D_cyclic,1,1.021989346,1.021979809,78,63,156
[RESULT] 0,128,2D_cyclic,2,1.023972511,1.023964643,78,63,156
[RESULT] 0,128,2D_cyclic,3,1.023985147,1.023976564,78,63,156
[RESULT] 0,128,2D_cyclic,4,1.023991346,1.023982763,78,63,156
[RESULT] 0,128,2D_cyclic,5,1.023982525,1.023974657,78,63,156
[RESULT] 0,128,2D_cyclic,6,1.024985075,1.024976492,78,63,156
[RESULT] 0,128,2D_cyclic,7,1.023968935,1.023961544,78,63,156
[RESULT] 0,128,2D_cyclic,8,1.024961472,1.024952650,78,63,156
[RESULT] 0,128,2D_cyclic,9,1.023968935,1.023960590,78,63,156
Total execution time: 32.975 seconds
