Retrieving the matrix from '../matrices/msdoor.mtx'...
%%MatrixMarket matrix coordinate real symmetric
415863 415863 10328399
Real Matrix: Rows=415863 | Cols=415863 | NNZ=10328399 | Procs=1 | Distribution=1D
Applied 1D distribution
Ghost columns identified: 0 total ghost values needed
Local vector initialized (size=415863 per process)

========================================
COMPREHENSIVE METRICS SUMMARY
========================================
PROCESSES: 1
DISTRIBUTION: 1D
ITERATIONS: 10
Matrix NNZ: 10328399
BALANCE: nnz_local   min=10328399  avg=10328399.00  max=10328399
COMM:    ghost       min=       0  avg=      0.00  max=       0  | recv_double_avg=      0.00 B
MEM:     bytes       min=132258052  avg= 132258052  max=132258052
STRUCT:  ghost_ratio min=   0.000  avg=     0.000  max=   0.000
METRICS: t_total     = 3.258e-02        t_comp.   = 3.234e-02      t_comm= 2.340e-04
         gflops_total= 6.340954e-01   gflops_comp= 6.386832e-01
========================================

[RESULT] 0,1,1D,0,0.032540083,0.000228167,10328399,0,20656798
[RESULT] 0,1,1D,1,0.032591343,0.000235558,10328399,0,20656798
[RESULT] 0,1,1D,2,0.032556295,0.000229836,10328399,0,20656798
[RESULT] 0,1,1D,3,0.032591581,0.000240803,10328399,0,20656798
[RESULT] 0,1,1D,4,0.032570839,0.000229597,10328399,0,20656798
[RESULT] 0,1,1D,5,0.032585859,0.000240326,10328399,0,20656798
[RESULT] 0,1,1D,6,0.032598257,0.000226736,10328399,0,20656798
[RESULT] 0,1,1D,7,0.032577276,0.000236511,10328399,0,20656798
[RESULT] 0,1,1D,8,0.032600164,0.000240803,10328399,0,20656798
[RESULT] 0,1,1D,9,0.032556295,0.000231743,10328399,0,20656798
Total execution time: 6.384 seconds
