Retrieving the matrix from '../matrices/tmt_sym.mtx'...
%%MatrixMarket matrix coordinate real symmetric
726713 726713 2903837
Real Matrix: Rows=726713 | Cols=726713 | NNZ=2903837 | Procs=2 | Distribution=2D_cyclic
2D Process Grid (Cyclic): 1 x 2
Rank 1: Grid pos (0,1) | Local rows: 726713 | Local NNZ: 1451917
Rank 0: Grid pos (0,0) | Local rows: 726713 | Local NNZ: 1451920
Applied 2Dcyclic distribution
Ghost columns identified: 0 total ghost values needed
Local vector initialized (size=363357 per process)

========================================
COMPREHENSIVE METRICS SUMMARY
========================================
PROCESSES: 2
DISTRIBUTION: 2D_cyclic
ITERATIONS: 10
Matrix NNZ: 2903837
BALANCE: nnz_local   min= 1451917  avg=1451918.50  max= 1451920
COMM:    ghost       min=       0  avg=      0.00  max=       0  | recv_double_avg=      0.00 B
MEM:     bytes       min=29050412  avg=  29050434  max=29050456
STRUCT:  ghost_ratio min=   0.000  avg=     0.000  max=   0.000
METRICS: t_total     = 7.227e-03        t_comp.   = 7.224e-03      t_comm= 2.742e-06
         gflops_total= 8.036326e-01   gflops_comp= 8.039377e-01
========================================

[RESULT] 0,2,2D_cyclic,0,0.007446289,0.000002861,1451920,0,2903840
[RESULT] 0,2,2D_cyclic,1,0.007318735,0.000003576,1451920,0,2903840
[RESULT] 0,2,2D_cyclic,2,0.007256746,0.000002861,1451920,0,2903840
[RESULT] 0,2,2D_cyclic,3,0.007220268,0.000002623,1451920,0,2903840
[RESULT] 0,2,2D_cyclic,4,0.007192850,0.000002861,1451920,0,2903840
[RESULT] 0,2,2D_cyclic,5,0.007162809,0.000002861,1451920,0,2903840
[RESULT] 0,2,2D_cyclic,6,0.007236719,0.000002623,1451920,0,2903840
[RESULT] 0,2,2D_cyclic,7,0.007158995,0.000002623,1451920,0,2903840
[RESULT] 0,2,2D_cyclic,8,0.007143021,0.000002384,1451920,0,2903840
[RESULT] 0,2,2D_cyclic,9,0.007131338,0.000002146,1451920,0,2903840
Total execution time: 1.883 seconds
