Retrieving the matrix from '../matrices/1138_bus.mtx'...
%%MatrixMarket matrix coordinate real symmetric
1138 1138 2596
Real Matrix: Rows=1138 | Cols=1138 | NNZ=2596 | Procs=2 | Distribution=2D_cyclic
2D Process Grid (Cyclic): 1 x 2
Rank 0: Grid (0,0) | Local rows=1138 | NNZ=1297 | ColsGlobal
Applied 2D cyclic distribution (global column indices preserved)
Rank 1: Grid (0,1) | Local rows=1138 | NNZ=1299 | ColsGlobal
2D Comm Pattern: grid 1 x 2 | expand ghosts on rank 0: 284
2D: local vector size = 569 (column block), local rows = 1138

========================================
COMPREHENSIVE METRICS SUMMARY
========================================
PROCESSES: 2
DISTRIBUTION: 2D_cyclic
GRID: 1 x 2 (proc_rows x proc_cols)
ITERATIONS: 10
Matrix NNZ: 2596
BALANCE: nnz_local   min=    1297  avg=   1298.00  max=    1299
COMM:    ghost       min=     284  avg=    284.00  max=     284  | recv_double_avg=   2272.00 B
METRICS: t_total     = 9.391e-06  t_comp = 3.923e-06  t_comm = 6.191e-06
         gflops_total= 5.528874e-01  gflops_comp= 1.323443e+00
========================================

[RESULT] 0,2,2D_cyclic,0,0.000012827,0.000006053,1297,284,2594
[RESULT] 0,2,2D_cyclic,1,0.000009302,0.000004706,1297,284,2594
[RESULT] 0,2,2D_cyclic,2,0.000008566,0.000004798,1297,284,2594
[RESULT] 0,2,2D_cyclic,3,0.000008366,0.000004574,1297,284,2594
[RESULT] 0,2,2D_cyclic,4,0.000008554,0.000004769,1297,284,2594
[RESULT] 0,2,2D_cyclic,5,0.000008671,0.000004807,1297,284,2594
[RESULT] 0,2,2D_cyclic,6,0.000008221,0.000004871,1297,284,2594
[RESULT] 0,2,2D_cyclic,7,0.000008055,0.000004875,1297,284,2594
[RESULT] 0,2,2D_cyclic,8,0.000009070,0.000006004,1297,284,2594
[RESULT] 0,2,2D_cyclic,9,0.000007771,0.000004715,1297,284,2594
Total execution time: 0.012 seconds
