Retrieving the matrix from '../matrices/1138_bus.mtx'...
%%MatrixMarket matrix coordinate real symmetric
1138 1138 2596
Real Matrix: Rows=1138 | Cols=1138 | NNZ=2596 | Procs=16 | Distribution=2D_cyclic
2D Process Grid (Cyclic): 4 x 4
Rank 0: Grid pos (0,0) | Local rows: 285 | Local NNZ: 356
Applied 2Dcyclic distribution
Rank 2: Grid pos (0,2) | Local rows: 285 | Local NNZ: 78
Rank 4: Grid pos (1,0) | Local rows: 285 | Local NNZ: 132
Rank 1: Grid pos (0,1) | Local rows: 285 | Local NNZ: 90
Rank 8: Grid pos (2,0) | Local rows: 284 | Local NNZ: 94
Rank 3: Grid pos (0,3) | Local rows: 285 | Local NNZ: 141
Rank 6: Grid pos (1,2) | Local rows: 285 | Local NNZ: 85
Rank 10: Grid pos (2,2) | Local rows: 284 | Local NNZ: 357
Rank 12: Grid pos (3,0) | Local rows: 284 | Local NNZ: 67
Rank 14: Grid pos (3,2) | Local rows: 284 | Local NNZ: 128
Rank 5: Grid pos (1,1) | Local rows: 285 | Local NNZ: 350
Rank 7: Grid pos (1,3) | Local rows: 285 | Local NNZ: 87
Rank 9: Grid pos (2,1) | Local rows: 284 | Local NNZ: 138
Rank 11: Grid pos (2,3) | Local rows: 284 | Local NNZ: 79
Rank 13: Grid pos (3,1) | Local rows: 284 | Local NNZ: 70
Rank 15: Grid pos (3,3) | Local rows: 284 | Local NNZ: 344
Ghost columns identified: 213 total ghost values needed
Local vector initialized (size=72 per process)

========================================
COMPREHENSIVE METRICS SUMMARY
========================================
PROCESSES: 16
DISTRIBUTION: 2D_cyclic
ITERATIONS: 10
Matrix NNZ: 2596
BALANCE: nnz_local   min=      67  avg=    162.25  max=     357
COMM:    ghost       min=      43  avg=     99.31  max=     214  | recv_double_avg=    794.50 B
MEM:     bytes       min=    5128  avg=      6728  max=    9976
STRUCT:  ghost_ratio min=  55.556  avg=    62.202  max=  68.235
METRICS: t_total     = 7.582e-06        t_comp.   = 2.337e-06      t_comm= 5.245e-06
         gflops_total= 6.848059e-01   gflops_comp= 2.222125e+00
========================================

[RESULT] 0,16,2D_cyclic,0,0.000007153,0.000003576,356,213,712
[RESULT] 0,16,2D_cyclic,1,0.000006676,0.000004053,356,213,712
[RESULT] 0,16,2D_cyclic,2,0.000006199,0.000003815,356,213,712
[RESULT] 0,16,2D_cyclic,3,0.000006199,0.000004053,356,213,712
[RESULT] 0,16,2D_cyclic,4,0.000019073,0.000016928,356,213,712
[RESULT] 0,16,2D_cyclic,5,0.000005722,0.000003815,356,213,712
[RESULT] 0,16,2D_cyclic,6,0.000005722,0.000003576,356,213,712
[RESULT] 0,16,2D_cyclic,7,0.000006199,0.000004053,356,213,712
[RESULT] 0,16,2D_cyclic,8,0.000005484,0.000003338,356,213,712
[RESULT] 0,16,2D_cyclic,9,0.000007391,0.000005245,356,213,712
Total execution time: 0.004 seconds
