Retrieving the matrix from '../matrices/dixmaanl.mtx'...
%%MatrixMarket matrix coordinate real symmetric
60000 60000 179999
Real Matrix: Rows=60000 | Cols=60000 | NNZ=179999 | Procs=128 | Distribution=1D
Applied 1D distribution
Ghost columns identified: 936 total ghost values needed
Local vector initialized (size=469 per process)

========================================
COMPREHENSIVE METRICS SUMMARY
========================================
PROCESSES: 128
DISTRIBUTION: 1D
ITERATIONS: 10
Matrix NNZ: 179999
BALANCE: nnz_local   min=    1404  avg=   1406.24  max=    1408
COMM:    ghost       min=     936  avg=    937.49  max=     939  | recv_double_avg=   7499.94 B
MEM:     bytes       min=   33700  avg=     33754  max=   33792
STRUCT:  ghost_ratio min=  66.619  avg=    66.666  max=  66.690
METRICS: t_total     = 5.073e-04        t_comp.   = 1.545e-05      t_comm= 4.960e-04
         gflops_total= 7.096255e-01   gflops_comp= 2.330156e+01
========================================

[RESULT] 0,128,1D,0,0.000286341,0.000278711,1405,936,2810
[RESULT] 0,128,1D,1,0.000277281,0.000270844,1405,936,2810
[RESULT] 0,128,1D,2,0.000640392,0.000634432,1405,936,2810
[RESULT] 0,128,1D,3,0.000969887,0.000961781,1405,936,2810
[RESULT] 0,128,1D,4,0.000635386,0.000629187,1405,936,2810
[RESULT] 0,128,1D,5,0.000624418,0.000618219,1405,936,2810
[RESULT] 0,128,1D,6,0.000642061,0.000635862,1405,936,2810
[RESULT] 0,128,1D,7,0.000260353,0.000254393,1405,936,2810
[RESULT] 0,128,1D,8,0.000263929,0.000257730,1405,936,2810
[RESULT] 0,128,1D,9,0.000280619,0.000274420,1405,936,2810
Total execution time: 0.301 seconds
