Retrieving the matrix from '../matrices/flowmeter0.mtx'...
%%MatrixMarket matrix coordinate real symmetric
9669 9669 38530
Real Matrix: Rows=9669 | Cols=9669 | NNZ=38530 | Procs=8 | Distribution=2D_cyclic
2D Process Grid (Cyclic): 2 x 4
Rank 1: Grid pos (0,1) | Local rows: 4835 | Local NNZ: 3574
Rank 3: Grid pos (0,3) | Local rows: 4835 | Local NNZ: 3624
Rank 4: Grid pos (1,0) | Local rows: 4834 | Local NNZ: 3633
Rank 5: Grid pos (1,1) | Local rows: 4834 | Local NNZ: 6043
Rank 0: Grid pos (0,0) | Local rows: 4835 | Local NNZ: 6018
Applied 2Dcyclic distribution
Rank 6: Grid pos (1,2) | Local rows: 4834 | Local NNZ: 3577
Rank 7: Grid pos (1,3) | Local rows: 4834 | Local NNZ: 6006
Rank 2: Grid pos (0,2) | Local rows: 4835 | Local NNZ: 6055
Ghost columns identified: 1209 total ghost values needed
Local vector initialized (size=1209 per process)

========================================
COMPREHENSIVE METRICS SUMMARY
========================================
PROCESSES: 8
DISTRIBUTION: 2D_cyclic
ITERATIONS: 10
Matrix NNZ: 38530
BALANCE: nnz_local   min=    3574  avg=   4816.25  max=    6055
COMM:    ghost       min=    1072  avg=   1148.25  max=    1209  | recv_double_avg=   9186.00 B
MEM:     bytes       min=  119160  avg=    134668  max=  150020
STRUCT:  ghost_ratio min=  19.950  avg=    25.121  max=  30.305
METRICS: t_total     = 7.935e-05        t_comp.   = 7.300e-05      t_comm= 7.892e-06
         gflops_total= 9.711931e-01   gflops_comp= 1.055562e+00
========================================

[RESULT] 0,8,2D_cyclic,0,0.000085354,0.000005960,6018,1209,12036
[RESULT] 0,8,2D_cyclic,1,0.000082493,0.000006676,6018,1209,12036
[RESULT] 0,8,2D_cyclic,2,0.000079155,0.000006676,6018,1209,12036
[RESULT] 0,8,2D_cyclic,3,0.000079393,0.000007629,6018,1209,12036
[RESULT] 0,8,2D_cyclic,4,0.000078440,0.000007391,6018,1209,12036
[RESULT] 0,8,2D_cyclic,5,0.000076771,0.000007153,6018,1209,12036
[RESULT] 0,8,2D_cyclic,6,0.000076294,0.000007153,6018,1209,12036
[RESULT] 0,8,2D_cyclic,7,0.000075102,0.000007391,6018,1209,12036
[RESULT] 0,8,2D_cyclic,8,0.000074863,0.000006914,6018,1209,12036
[RESULT] 0,8,2D_cyclic,9,0.000074148,0.000006676,6018,1209,12036
Total execution time: 0.027 seconds
