Retrieving the matrix from '../matrices/cond-mat-2005.mtx'...
%%MatrixMarket matrix coordinate real symmetric
40421 40421 175693
Real Matrix: Rows=40421 | Cols=40421 | NNZ=175693 | Procs=64 | Distribution=2D
Rank 47: Grid pos (5,7) | Rows [25265-30318) | Cols [35371-40421) | Local NNZ: 0
Rank 31: Grid pos (3,7) | Rows [15159-20212) | Cols [35371-40421) | Local NNZ: 0
Rank 7: Grid pos (0,7) | Rows [0-5053) | Cols [35371-40421) | Local NNZ: 0
Rank 48: Grid pos (6,0) | Rows [30318-35371) | Cols [0-5053) | Local NNZ: 4244
Rank 23: Grid pos (2,7) | Rows [10106-15159) | Cols [35371-40421) | Local NNZ: 0
Rank 15: Grid pos (1,7) | Rows [5053-10106) | Cols [35371-40421) | Local NNZ: 0
Rank 11: Grid pos (1,3) | Rows [5053-10106) | Cols [15159-20212) | Local NNZ: 0
Rank 3: Grid pos (0,3) | Rows [0-5053) | Cols [15159-20212) | Local NNZ: 0
Rank 19: Grid pos (2,3) | Rows [10106-15159) | Cols [15159-20212) | Local NNZ: 0
Rank 53: Grid pos (6,5) | Rows [30318-35371) | Cols [25265-30318) | Local NNZ: 1150
Rank 8: Grid pos (1,0) | Rows [5053-10106) | Cols [0-5053) | Local NNZ: 17027
Rank 32: Grid pos (4,0) | Rows [20212-25265) | Cols [0-5053) | Local NNZ: 5922
Rank 9: Grid pos (1,1) | Rows [5053-10106) | Cols [5053-10106) | Local NNZ: 10327
Rank 10: Grid pos (1,2) | Rows [5053-10106) | Cols [10106-15159) | Local NNZ: 0
Rank 35: Grid pos (4,3) | Rows [20212-25265) | Cols [15159-20212) | Local NNZ: 2716
Rank 16: Grid pos (2,0) | Rows [10106-15159) | Cols [0-5053) | Local NNZ: 11647
Rank 12: Grid pos (1,4) | Rows [5053-10106) | Cols [20212-25265) | Local NNZ: 0
Rank 13: Grid pos (1,5) | Rows [5053-10106) | Cols [25265-30318) | Local NNZ: 0
Rank 4: Grid pos (0,4) | Rows [0-5053) | Cols [20212-25265) | Local NNZ: 0
Rank 24: Grid pos (3,0) | Rows [15159-20212) | Cols [0-5053) | Local NNZ: 8212
Rank 17: Grid pos (2,1) | Rows [10106-15159) | Cols [5053-10106) | Local NNZ: 8065
Rank 55: Grid pos (6,7) | Rows [30318-35371) | Cols [35371-40421) | Local NNZ: 0
Rank 49: Grid pos (6,1) | Rows [30318-35371) | Cols [5053-10106) | Local NNZ: 2508
Rank 27: Grid pos (3,3) | Rows [15159-20212) | Cols [15159-20212) | Local NNZ: 5781
Rank 54: Grid pos (6,6) | Rows [30318-35371) | Cols [30318-35371) | Local NNZ: 4196
Rank 36: Grid pos (4,4) | Rows [20212-25265) | Cols [20212-25265) | Local NNZ: 5726
Rank 25: Grid pos (3,1) | Rows [15159-20212) | Cols [5053-10106) | Local NNZ: 5254
Rank 37: Grid pos (4,5) | Rows [20212-25265) | Cols [25265-30318) | Local NNZ: 0
Rank 63: Grid pos (7,7) | Rows [35371-40421) | Cols [35371-40421) | Local NNZ: 3197
Rank 39: Grid pos (4,7) | Rows [20212-25265) | Cols [35371-40421) | Local NNZ: 0
Rank 20: Grid pos (2,4) | Rows [10106-15159) | Cols [20212-25265) | Local NNZ: 0
Rank 21: Grid pos (2,5) | Rows [10106-15159) | Cols [25265-30318) | Local NNZ: 0
Rank 51: Grid pos (6,3) | Rows [30318-35371) | Cols [15159-20212) | Local NNZ: 1330
Rank 18: Grid pos (2,2) | Rows [10106-15159) | Cols [10106-15159) | Local NNZ: 9330
2D Process Grid: 8 x 8 (rows x cols)
Rank 33: Grid pos (4,1) | Rows [20212-25265) | Cols [5053-10106) | Local NNZ: 3902
Rank 0: Grid pos (0,0) | Rows [0-5053) | Cols [0-5053) | Local NNZ: 19990
Applied 2D distribution
Rank 38: Grid pos (4,6) | Rows [20212-25265) | Cols [30318-35371) | Local NNZ: 0
Rank 57: Grid pos (7,1) | Rows [35371-40421) | Cols [5053-10106) | Local NNZ: 2855
Rank 34: Grid pos (4,2) | Rows [20212-25265) | Cols [10106-15159) | Local NNZ: 3568
Rank 29: Grid pos (3,5) | Rows [15159-20212) | Cols [25265-30318) | Local NNZ: 0
Rank 56: Grid pos (7,0) | Rows [35371-40421) | Cols [0-5053) | Local NNZ: 5785
Rank 40: Grid pos (5,0) | Rows [25265-30318) | Cols [0-5053) | Local NNZ: 4902
Rank 43: Grid pos (5,3) | Rows [25265-30318) | Cols [15159-20212) | Local NNZ: 2266
Rank 26: Grid pos (3,2) | Rows [15159-20212) | Cols [10106-15159) | Local NNZ: 4980
Rank 28: Grid pos (3,4) | Rows [15159-20212) | Cols [20212-25265) | Local NNZ: 0
Rank 14: Grid pos (1,6) | Rows [5053-10106) | Cols [30318-35371) | Local NNZ: 0
Rank 5: Grid pos (0,5) | Rows [0-5053) | Cols [25265-30318) | Local NNZ: 0
Rank 6: Grid pos (0,6) | Rows [0-5053) | Cols [30318-35371) | Local NNZ: 0
Rank 41: Grid pos (5,1) | Rows [25265-30318) | Cols [5053-10106) | Local NNZ: 3278
Rank 1: Grid pos (0,1) | Rows [0-5053) | Cols [5053-10106) | Local NNZ: 0
Rank 22: Grid pos (2,6) | Rows [10106-15159) | Cols [30318-35371) | Local NNZ: 0
Rank 59: Grid pos (7,3) | Rows [35371-40421) | Cols [15159-20212) | Local NNZ: 975
Rank 50: Grid pos (6,2) | Rows [30318-35371) | Cols [10106-15159) | Local NNZ: 2016
Rank 52: Grid pos (6,4) | Rows [30318-35371) | Cols [20212-25265) | Local NNZ: 1548
Rank 58: Grid pos (7,2) | Rows [35371-40421) | Cols [10106-15159) | Local NNZ: 1516
Rank 2: Grid pos (0,2) | Rows [0-5053) | Cols [10106-15159) | Local NNZ: 0
Rank 45: Grid pos (5,5) | Rows [25265-30318) | Cols [25265-30318) | Local NNZ: 4911
Rank 44: Grid pos (5,4) | Rows [25265-30318) | Cols [20212-25265) | Local NNZ: 2114
Rank 42: Grid pos (5,2) | Rows [25265-30318) | Cols [10106-15159) | Local NNZ: 2923
Rank 30: Grid pos (3,6) | Rows [15159-20212) | Cols [30318-35371) | Local NNZ: 0
Rank 46: Grid pos (5,6) | Rows [25265-30318) | Cols [30318-35371) | Local NNZ: 0
Rank 60: Grid pos (7,4) | Rows [35371-40421) | Cols [20212-25265) | Local NNZ: 555
Rank 61: Grid pos (7,5) | Rows [35371-40421) | Cols [25265-30318) | Local NNZ: 323
Rank 62: Grid pos (7,6) | Rows [35371-40421) | Cols [30318-35371) | Local NNZ: 654
Ghost columns identified: 4027 total ghost values needed
Local vector initialized (size=632 per process)

========================================
COMPREHENSIVE METRICS SUMMARY
========================================
PROCESSES: 64
DISTRIBUTION: 2D
ITERATIONS: 10
Matrix NNZ: 175693
BALANCE: nnz_local   min=       0  avg=   2745.20  max=   19990
COMM:    ghost       min=       0  avg=    902.95  max=    4027  | recv_double_avg=   7223.62 B
MEM:     bytes       min=   65688  avg=    105854  max=  337792
STRUCT:  ghost_ratio min=   0.000  avg=    22.058  max=  55.108
METRICS: t_total     = 5.148e-01        t_comp.   = 1.395e-04      t_comm= 5.147e-01
         gflops_total= 6.826112e-04   gflops_comp= 2.518059e+00
========================================

[RESULT] 0,64,2D,0,0.512142181,0.512001991,19990,4027,39980
[RESULT] 0,64,2D,1,0.511140823,0.511001587,19990,4027,39980
[RESULT] 0,64,2D,2,0.512134790,0.511996031,19990,4027,39980
[RESULT] 0,64,2D,3,0.512137651,0.511999369,19990,4027,39980
[RESULT] 0,64,2D,4,0.512134314,0.511996508,19990,4027,39980
[RESULT] 0,64,2D,5,0.512111187,0.511971712,19990,4027,39980
[RESULT] 0,64,2D,6,0.512135029,0.511995077,19990,4027,39980
[RESULT] 0,64,2D,7,0.512142420,0.512001753,19990,4027,39980
[RESULT] 0,64,2D,8,0.512138128,0.511997700,19990,4027,39980
[RESULT] 0,64,2D,9,0.509146690,0.509006023,19990,4027,39980
Total execution time: 29.924 seconds
