Retrieving the matrix from '../matrices/cond-mat-2005.mtx'...
%%MatrixMarket matrix coordinate real symmetric
40421 40421 175693
Real Matrix: Rows=40421 | Cols=40421 | NNZ=175693 | Procs=4 | Distribution=2D_cyclic
2D Process Grid (Cyclic): 2 x 2
Rank 0: Grid pos (0,0) | Local rows: 20211 | Local NNZ: 41269
Applied 2Dcyclic distribution
Rank 1: Grid pos (0,1) | Local rows: 20211 | Local NNZ: 46994
Rank 2: Grid pos (1,0) | Local rows: 20210 | Local NNZ: 46960
Rank 3: Grid pos (1,1) | Local rows: 20210 | Local NNZ: 40470
Ghost columns identified: 4728 total ghost values needed
Local vector initialized (size=10106 per process)

========================================
COMPREHENSIVE METRICS SUMMARY
========================================
PROCESSES: 4
DISTRIBUTION: 2D_cyclic
ITERATIONS: 10
Matrix NNZ: 175693
BALANCE: nnz_local   min=   40470  avg=  43923.25  max=   46994
COMM:    ghost       min=    4724  avg=   5438.50  max=    6167  | recv_double_avg=  43508.00 B
MEM:     bytes       min=  846796  avg=    893959  max=  936640
STRUCT:  ghost_ratio min=  11.457  avg=    12.329  max=  13.123
METRICS: t_total     = 2.402e-02        t_comp.   = 7.838e-04      t_comm= 2.324e-02
         gflops_total= 1.462880e-02   gflops_comp= 4.483102e-01
========================================

[RESULT] 0,4,2D_cyclic,0,0.016181707,0.015400648,41269,4728,82538
[RESULT] 0,4,2D_cyclic,1,0.015394211,0.014616013,41269,4728,82538
[RESULT] 0,4,2D_cyclic,2,0.026784897,0.026002407,41269,4728,82538
[RESULT] 0,4,2D_cyclic,3,0.025964737,0.025186539,41269,4728,82538
[RESULT] 0,4,2D_cyclic,4,0.025985956,0.025198936,41269,4728,82538
[RESULT] 0,4,2D_cyclic,5,0.025965452,0.025183678,41269,4728,82538
[RESULT] 0,4,2D_cyclic,6,0.025990009,0.025202990,41269,4728,82538
[RESULT] 0,4,2D_cyclic,7,0.025973320,0.025186062,41269,4728,82538
[RESULT] 0,4,2D_cyclic,8,0.025971889,0.025188208,41269,4728,82538
[RESULT] 0,4,2D_cyclic,9,0.025989294,0.025197983,41269,4728,82538
Total execution time: 0.932 seconds
