Retrieving the matrix from '../matrices/cond-mat-2005.mtx'...
%%MatrixMarket matrix coordinate real symmetric
40421 40421 175693
Real Matrix: Rows=40421 | Cols=40421 | NNZ=175693 | Procs=32 | Distribution=1D
Applied 1D distribution
Ghost columns identified: 4199 total ghost values needed
Local vector initialized (size=1264 per process)

========================================
COMPREHENSIVE METRICS SUMMARY
========================================
PROCESSES: 32
DISTRIBUTION: 1D
ITERATIONS: 10
Matrix NNZ: 175693
BALANCE: nnz_local   min=    5247  avg=   5490.41  max=    5756
COMM:    ghost       min=    3884  avg=   4084.19  max=    4265  | recv_double_avg=  32673.50 B
MEM:     bytes       min=  120248  avg=    123826  max=  127944
STRUCT:  ghost_ratio min=  71.793  avg=    74.411  max=  77.046
METRICS: t_total     = 4.039e-04        t_comp.   = 4.795e-05      t_comm= 3.710e-04
         gflops_total= 8.700234e-01   gflops_comp= 7.328790e+00
========================================

[RESULT] 0,32,1D,0,0.000315428,0.000280857,5498,4199,10996
[RESULT] 0,32,1D,1,0.000319719,0.000286818,5498,4199,10996
[RESULT] 0,32,1D,2,0.000289440,0.000257015,5498,4199,10996
[RESULT] 0,32,1D,3,0.000346184,0.000313997,5498,4199,10996
[RESULT] 0,32,1D,4,0.000323534,0.000291824,5498,4199,10996
[RESULT] 0,32,1D,5,0.000303507,0.000272036,5498,4199,10996
[RESULT] 0,32,1D,6,0.000293970,0.000262737,5498,4199,10996
[RESULT] 0,32,1D,7,0.000287056,0.000256062,5498,4199,10996
[RESULT] 0,32,1D,8,0.000326872,0.000295639,5498,4199,10996
[RESULT] 0,32,1D,9,0.000320911,0.000289440,5498,4199,10996
Total execution time: 0.138 seconds
