Retrieving the matrix from '../matrices/flowmeter0.mtx'...
%%MatrixMarket matrix coordinate real symmetric
9669 9669 38530
Real Matrix: Rows=9669 | Cols=9669 | NNZ=38530 | Procs=4 | Distribution=2D
2D Process Grid: 2 x 2 (rows x cols)
Rank 0: Grid pos (0,0) | Rows [0-4835) | Cols [0-4835) | Local NNZ: 19203
Applied 2D distribution
Rank 1: Grid pos (0,1) | Rows [0-4835) | Cols [4835-9669) | Local NNZ: 0
Rank 2: Grid pos (1,0) | Rows [4835-9669) | Cols [0-4835) | Local NNZ: 121
Rank 3: Grid pos (1,1) | Rows [4835-9669) | Cols [4835-9669) | Local NNZ: 19206
Ghost columns identified: 3626 total ghost values needed
Local vector initialized (size=2418 per process)

========================================
COMPREHENSIVE METRICS SUMMARY
========================================
PROCESSES: 4
DISTRIBUTION: 2D
ITERATIONS: 10
Matrix NNZ: 38530
BALANCE: nnz_local   min=       0  avg=   9632.50  max=   19206
COMM:    ghost       min=       0  avg=   1824.50  max=    3626  | recv_double_avg=  14596.00 B
MEM:     bytes       min=   77360  avg=    207542  max=  336820
STRUCT:  ghost_ratio min=   0.000  avg=    19.150  max=  38.843
METRICS: t_total     = 2.441e-02        t_comp.   = 2.374e-03      t_comm= 2.204e-02
         gflops_total= 3.156421e-03   gflops_comp= 3.246219e-02
========================================

[RESULT] 0,4,2D,0,0.017871380,0.013556242,19203,3626,38406
[RESULT] 0,4,2D,1,0.018048763,0.013633728,19203,3626,38406
[RESULT] 0,4,2D,2,0.026781797,0.013592958,19203,3626,38406
[RESULT] 0,4,2D,3,0.025042057,0.024787903,19203,3626,38406
[RESULT] 0,4,2D,4,0.025884867,0.025625229,19203,3626,38406
[RESULT] 0,4,2D,5,0.025879145,0.025624752,19203,3626,38406
[RESULT] 0,4,2D,6,0.025878191,0.025622845,19203,3626,38406
[RESULT] 0,4,2D,7,0.025882483,0.025626659,19203,3626,38406
[RESULT] 0,4,2D,8,0.026881933,0.026611567,19203,3626,38406
[RESULT] 0,4,2D,9,0.025986671,0.025717020,19203,3626,38406
Total execution time: 0.581 seconds
