Retrieving the matrix from '../matrices/1138_bus.mtx'...
%%MatrixMarket matrix coordinate real symmetric
1138 1138 2596
Real Matrix: Rows=1138 | Cols=1138 | NNZ=2596 | Procs=16 | Distribution=1D
Applied 1D distribution
Ghost columns identified: 80 total ghost values needed
Local vector initialized (size=72 per process)

========================================
COMPREHENSIVE METRICS SUMMARY
========================================
PROCESSES: 16
DISTRIBUTION: 1D
ITERATIONS: 10
Matrix NNZ: 2596
BALANCE: nnz_local   min=     146  avg=    162.25  max=     178
COMM:    ghost       min=      69  avg=     83.56  max=      99  | recv_double_avg=    668.50 B
MEM:     bytes       min=    3728  avg=      4042  max=    4352
STRUCT:  ghost_ratio min=  47.260  avg=    51.422  max=  55.618
METRICS: t_total     = 9.456e-02        t_comp.   = 2.634e-02      t_comm= 9.420e-02
         gflops_total= 5.490803e-05   gflops_comp= 1.970975e-04
========================================

[RESULT] 0,16,1D,0,0.096004725,0.095988035,163,80,326
[RESULT] 0,16,1D,1,0.064010382,0.063995123,163,80,326
[RESULT] 0,16,1D,2,0.064010859,0.063995123,163,80,326
[RESULT] 0,16,1D,3,0.064013958,0.063997746,163,80,326
[RESULT] 0,16,1D,4,0.067778349,0.063993931,163,80,326
[RESULT] 0,16,1D,5,0.064435244,0.064351559,163,80,326
[RESULT] 0,16,1D,6,0.096411228,0.096297979,163,80,326
[RESULT] 0,16,1D,7,0.096485138,0.096385717,163,80,326
[RESULT] 0,16,1D,8,0.064471006,0.064365387,163,80,326
[RESULT] 0,16,1D,9,0.097468853,0.097364187,163,80,326
Total execution time: 2.267 seconds
