Retrieving the matrix from '../matrices/flowmeter0.mtx'...
%%MatrixMarket matrix coordinate real symmetric
9669 9669 38530
Real Matrix: Rows=9669 | Cols=9669 | NNZ=38530 | Procs=32 | Distribution=1D
Applied 1D distribution
Ghost columns identified: 894 total ghost values needed
Local vector initialized (size=303 per process)

========================================
COMPREHENSIVE METRICS SUMMARY
========================================
PROCESSES: 32
DISTRIBUTION: 1D
ITERATIONS: 10
Matrix NNZ: 38530
BALANCE: nnz_local   min=    1199  avg=   1204.06  max=    1209
COMM:    ghost       min=     870  avg=    885.03  max=     898  | recv_double_avg=   7080.25 B
MEM:     bytes       min=   27392  avg=     27576  max=   27704
STRUCT:  ghost_ratio min=  72.560  avg=    73.504  max=  74.523
METRICS: t_total     = 2.392e-01        t_comp.   = 1.356e-02      t_comm= 2.388e-01
         gflops_total= 3.221786e-04   gflops_comp= 5.681698e-03
========================================

[RESULT] 0,32,1D,0,0.192286968,0.192007780,1202,894,2404
[RESULT] 0,32,1D,1,0.192291021,0.191989660,1202,894,2404
[RESULT] 0,32,1D,2,0.197278023,0.197000980,1202,894,2404
[RESULT] 0,32,1D,3,0.196304560,0.195999146,1202,894,2404
[RESULT] 0,32,1D,4,0.193000078,0.191987038,1202,894,2404
[RESULT] 0,32,1D,5,0.192992926,0.191983700,1202,894,2404
[RESULT] 0,32,1D,6,0.192980528,0.191979170,1202,894,2404
[RESULT] 0,32,1D,7,0.192979336,0.191987276,1202,894,2404
[RESULT] 0,32,1D,8,0.192985058,0.191980362,1202,894,2404
[RESULT] 0,32,1D,9,0.193115711,0.191987038,1202,894,2404
Total execution time: 7.234 seconds
