Retrieving the matrix from '../matrices/cond-mat-2005.mtx'...
%%MatrixMarket matrix coordinate real symmetric
40421 40421 175693
Real Matrix: Rows=40421 | Cols=40421 | NNZ=175693 | Procs=8 | Distribution=2D_cyclic
2D Process Grid (Cyclic): 2 x 4
Rank 0: Grid pos (0,0) | Local rows: 20211 | Local NNZ: 20748
Applied 2Dcyclic distribution
Rank 1: Grid pos (0,1) | Local rows: 20211 | Local NNZ: 23562
Rank 5: Grid pos (1,1) | Local rows: 20210 | Local NNZ: 20347
Rank 2: Grid pos (0,2) | Local rows: 20211 | Local NNZ: 20521
Rank 7: Grid pos (1,3) | Local rows: 20210 | Local NNZ: 20123
Rank 6: Grid pos (1,2) | Local rows: 20210 | Local NNZ: 23351
Rank 3: Grid pos (0,3) | Local rows: 20211 | Local NNZ: 23432
Rank 4: Grid pos (1,0) | Local rows: 20210 | Local NNZ: 23609
Ghost columns identified: 2331 total ghost values needed
Local vector initialized (size=5053 per process)

========================================
COMPREHENSIVE METRICS SUMMARY
========================================
PROCESSES: 8
DISTRIBUTION: 2D_cyclic
ITERATIONS: 10
Matrix NNZ: 175693
BALANCE: nnz_local   min=   20123  avg=  21961.62  max=   23609
COMM:    ghost       min=    2331  avg=   2711.50  max=    3093  | recv_double_avg=  21692.00 B
MEM:     bytes       min=  543352  avg=    568182  max=  590512
STRUCT:  ghost_ratio min=  11.235  avg=    12.294  max=  13.166
METRICS: t_total     = 2.847e-02        t_comp.   = 4.908e-04      t_comm= 2.798e-02
         gflops_total= 1.234111e-02   gflops_comp= 7.159330e-01
========================================

[RESULT] 0,8,2D_cyclic,0,0.028488398,0.027998686,20748,2331,41496
[RESULT] 0,8,2D_cyclic,1,0.028452396,0.027966976,20748,2331,41496
[RESULT] 0,8,2D_cyclic,2,0.028454542,0.027970314,20748,2331,41496
[RESULT] 0,8,2D_cyclic,3,0.028470039,0.027981520,20748,2331,41496
[RESULT] 0,8,2D_cyclic,4,0.028455973,0.027969599,20748,2331,41496
[RESULT] 0,8,2D_cyclic,5,0.028484106,0.027995825,20748,2331,41496
[RESULT] 0,8,2D_cyclic,6,0.028465033,0.027966499,20748,2331,41496
[RESULT] 0,8,2D_cyclic,7,0.028482437,0.027999401,20748,2331,41496
[RESULT] 0,8,2D_cyclic,8,0.028470755,0.027969360,20748,2331,41496
[RESULT] 0,8,2D_cyclic,9,0.028504372,0.028001785,20748,2331,41496
Total execution time: 2.250 seconds
