Retrieving the matrix from '../matrices/msdoor.mtx'...
%%MatrixMarket matrix coordinate real symmetric
415863 415863 10328399
Real Matrix: Rows=415863 | Cols=415863 | NNZ=10328399 | Procs=8 | Distribution=1D
Applied 1D distribution
Ghost columns identified: 321469 total ghost values needed
Local vector initialized (size=51983 per process)

========================================
COMPREHENSIVE METRICS SUMMARY
========================================
PROCESSES: 8
DISTRIBUTION: 1D
ITERATIONS: 10
Matrix NNZ: 10328399
BALANCE: nnz_local   min= 1277493  avg=1291049.88  max= 1305906
COMM:    ghost       min=  321149  avg= 321559.25  max=  322394  | recv_double_avg=2572474.00 B
MEM:     bytes       min=18938884  avg=  19104734  max=19280800
STRUCT:  ghost_ratio min=  24.602  avg=    24.908  max=  25.140
METRICS: t_total     = 1.427e-02        t_comp.   = 8.040e-03      t_comm= 6.248e-03
         gflops_total= 1.447968e+00   gflops_comp= 2.569117e+00
========================================

[RESULT] 0,8,1D,0,0.015458584,0.007296324,1281251,321469,2562502
[RESULT] 0,8,1D,1,0.014177084,0.006084919,1281251,321469,2562502
[RESULT] 0,8,1D,2,0.014176846,0.006207466,1281251,321469,2562502
[RESULT] 0,8,1D,3,0.013841629,0.006033659,1281251,321469,2562502
[RESULT] 0,8,1D,4,0.013767719,0.005962133,1281251,321469,2562502
[RESULT] 0,8,1D,5,0.013788700,0.005845308,1281251,321469,2562502
[RESULT] 0,8,1D,6,0.014416695,0.006280899,1281251,321469,2562502
[RESULT] 0,8,1D,7,0.014149189,0.006067991,1281251,321469,2562502
[RESULT] 0,8,1D,8,0.013851881,0.005914927,1281251,321469,2562502
[RESULT] 0,8,1D,9,0.013812065,0.005921602,1281251,321469,2562502
Total execution time: 6.464 seconds
