Retrieving the matrix from '../matrices/dixmaanl.mtx'...
%%MatrixMarket matrix coordinate real symmetric
60000 60000 179999
Real Matrix: Rows=60000 | Cols=60000 | NNZ=179999 | Procs=4 | Distribution=2D_cyclic
2D Process Grid (Cyclic): 2 x 2
Rank 0: Grid pos (0,0) | Local rows: 30000 | Local NNZ: 60000
Applied 2Dcyclic distribution
Rank 1: Grid pos (0,1) | Local rows: 30000 | Local NNZ: 29999
Rank 2: Grid pos (1,0) | Local rows: 30000 | Local NNZ: 30000
Rank 3: Grid pos (1,1) | Local rows: 30000 | Local NNZ: 60000
Ghost columns identified: 15000 total ghost values needed
Local vector initialized (size=15000 per process)

========================================
COMPREHENSIVE METRICS SUMMARY
========================================
PROCESSES: 4
DISTRIBUTION: 2D_cyclic
ITERATIONS: 10
Matrix NNZ: 179999
BALANCE: nnz_local   min=   29999  avg=  44999.75  max=   60000
COMM:    ghost       min=   14999  avg=  14999.75  max=   15000  | recv_double_avg= 119998.00 B
MEM:     bytes       min=  959984  avg=   1139999  max= 1320004
STRUCT:  ghost_ratio min=  25.000  avg=    37.500  max=  50.000
METRICS: t_total     = 5.241e-02        t_comp.   = 3.633e-04      t_comm= 5.205e-02
         gflops_total= 6.868457e-03   gflops_comp= 9.909050e-01
========================================

[RESULT] 0,4,2D_cyclic,0,0.052381277,0.052017212,60000,15000,120000
[RESULT] 0,4,2D_cyclic,1,0.051967859,0.051597118,60000,15000,120000
[RESULT] 0,4,2D_cyclic,2,0.051971674,0.051598310,60000,15000,120000
[RESULT] 0,4,2D_cyclic,3,0.051977158,0.051600218,60000,15000,120000
[RESULT] 0,4,2D_cyclic,4,0.051943779,0.051588058,60000,15000,120000
[RESULT] 0,4,2D_cyclic,5,0.051989079,0.051627159,60000,15000,120000
[RESULT] 0,4,2D_cyclic,6,0.055966139,0.055608273,60000,15000,120000
[RESULT] 0,4,2D_cyclic,7,0.051995754,0.051625967,60000,15000,120000
[RESULT] 0,4,2D_cyclic,8,0.051945448,0.051595449,60000,15000,120000
[RESULT] 0,4,2D_cyclic,9,0.051994085,0.051641464,60000,15000,120000
Total execution time: 1.211 seconds
