Retrieving the matrix from '../matrices/tmt_sym.mtx'...
%%MatrixMarket matrix coordinate real symmetric
726713 726713 2903837
Real Matrix: Rows=726713 | Cols=726713 | NNZ=2903837 | Procs=128 | Distribution=2D
2D Process Grid: 8 x 16 (rows x cols)
Rank 61: Grid pos (3,13) | Rows [272520-363360) | Cols [590460-635880) | Local NNZ: 0
Rank 63: Grid pos (3,15) | Rows [272520-363360) | Cols [681300-726713) | Local NNZ: 0
Rank 64: Grid pos (4,0) | Rows [363360-454200) | Cols [0-45420) | Local NNZ: 0
Rank 11: Grid pos (0,11) | Rows [0-90840) | Cols [499620-545040) | Local NNZ: 0
Rank 9: Grid pos (0,9) | Rows [0-90840) | Cols [408780-454200) | Local NNZ: 0
Rank 62: Grid pos (3,14) | Rows [272520-363360) | Cols [635880-681300) | Local NNZ: 0
Rank 59: Grid pos (3,11) | Rows [272520-363360) | Cols [499620-545040) | Local NNZ: 0
Rank 10: Grid pos (0,10) | Rows [0-90840) | Cols [454200-499620) | Local NNZ: 0
Rank 60: Grid pos (3,12) | Rows [272520-363360) | Cols [545040-590460) | Local NNZ: 0
Rank 121: Grid pos (7,9) | Rows [635880-726713) | Cols [408780-454200) | Local NNZ: 0
Rank 65: Grid pos (4,1) | Rows [363360-454200) | Cols [45420-90840) | Local NNZ: 0
Rank 57: Grid pos (3,9) | Rows [272520-363360) | Cols [408780-454200) | Local NNZ: 0
Rank 58: Grid pos (3,10) | Rows [272520-363360) | Cols [454200-499620) | Local NNZ: 0
Rank 122: Grid pos (7,10) | Rows [635880-726713) | Cols [454200-499620) | Local NNZ: 0
Rank 124: Grid pos (7,12) | Rows [635880-726713) | Cols [545040-590460) | Local NNZ: 0
Rank 7: Grid pos (0,7) | Rows [0-90840) | Cols [317940-363360) | Local NNZ: 0
Rank 8: Grid pos (0,8) | Rows [0-90840) | Cols [363360-408780) | Local NNZ: 0
Rank 120: Grid pos (7,8) | Rows [635880-726713) | Cols [363360-408780) | Local NNZ: 0
Rank 123: Grid pos (7,11) | Rows [635880-726713) | Cols [499620-545040) | Local NNZ: 0
Rank 13: Grid pos (0,13) | Rows [0-90840) | Cols [590460-635880) | Local NNZ: 0
Rank 12: Grid pos (0,12) | Rows [0-90840) | Cols [545040-590460) | Local NNZ: 0
Rank 55: Grid pos (3,7) | Rows [272520-363360) | Cols [317940-363360) | Local NNZ: 179667
Rank 66: Grid pos (4,2) | Rows [363360-454200) | Cols [90840-136260) | Local NNZ: 0
Rank 114: Grid pos (7,2) | Rows [635880-726713) | Cols [90840-136260) | Local NNZ: 0
Rank 6: Grid pos (0,6) | Rows [0-90840) | Cols [272520-317940) | Local NNZ: 0
Rank 125: Grid pos (7,13) | Rows [635880-726713) | Cols [590460-635880) | Local NNZ: 1485
Rank 5: Grid pos (0,5) | Rows [0-90840) | Cols [227100-272520) | Local NNZ: 0
Rank 119: Grid pos (7,7) | Rows [635880-726713) | Cols [317940-363360) | Local NNZ: 0
Rank 53: Grid pos (3,5) | Rows [272520-363360) | Cols [227100-272520) | Local NNZ: 1887
Rank 56: Grid pos (3,8) | Rows [272520-363360) | Cols [363360-408780) | Local NNZ: 0
Rank 113: Grid pos (7,1) | Rows [635880-726713) | Cols [45420-90840) | Local NNZ: 0
Rank 115: Grid pos (7,3) | Rows [635880-726713) | Cols [136260-181680) | Local NNZ: 0
Rank 116: Grid pos (7,4) | Rows [635880-726713) | Cols [181680-227100) | Local NNZ: 0
Rank 54: Grid pos (3,6) | Rows [272520-363360) | Cols [272520-317940) | Local NNZ: 181593
Rank 3: Grid pos (0,3) | Rows [0-90840) | Cols [136260-181680) | Local NNZ: 0
Rank 4: Grid pos (0,4) | Rows [0-90840) | Cols [181680-227100) | Local NNZ: 0
Rank 51: Grid pos (3,3) | Rows [272520-363360) | Cols [136260-181680) | Local NNZ: 0
Rank 48: Grid pos (3,0) | Rows [272520-363360) | Cols [0-45420) | Local NNZ: 0
Rank 118: Grid pos (7,6) | Rows [635880-726713) | Cols [272520-317940) | Local NNZ: 0
Rank 52: Grid pos (3,4) | Rows [272520-363360) | Cols [181680-227100) | Local NNZ: 0
Rank 50: Grid pos (3,2) | Rows [272520-363360) | Cols [90840-136260) | Local NNZ: 0
Rank 14: Grid pos (0,14) | Rows [0-90840) | Cols [635880-681300) | Local NNZ: 0
Rank 67: Grid pos (4,3) | Rows [363360-454200) | Cols [136260-181680) | Local NNZ: 0
Rank 49: Grid pos (3,1) | Rows [272520-363360) | Cols [45420-90840) | Local NNZ: 0
Rank 111: Grid pos (6,15) | Rows [545040-635880) | Cols [681300-726713) | Local NNZ: 0
Rank 117: Grid pos (7,5) | Rows [635880-726713) | Cols [227100-272520) | Local NNZ: 0
Rank 47: Grid pos (2,15) | Rows [181680-272520) | Cols [681300-726713) | Local NNZ: 0
Rank 15: Grid pos (0,15) | Rows [0-90840) | Cols [681300-726713) | Local NNZ: 0
Rank 2: Grid pos (0,2) | Rows [0-90840) | Cols [90840-136260) | Local NNZ: 0
Rank 110: Grid pos (6,14) | Rows [545040-635880) | Cols [635880-681300) | Local NNZ: 0
Rank 112: Grid pos (7,0) | Rows [635880-726713) | Cols [0-45420) | Local NNZ: 0
Rank 16: Grid pos (1,0) | Rows [90840-181680) | Cols [0-45420) | Local NNZ: 0
Rank 68: Grid pos (4,4) | Rows [363360-454200) | Cols [181680-227100) | Local NNZ: 0
Rank 41: Grid pos (2,9) | Rows [181680-272520) | Cols [408780-454200) | Local NNZ: 0
Rank 42: Grid pos (2,10) | Rows [181680-272520) | Cols [454200-499620) | Local NNZ: 0
Rank 126: Grid pos (7,14) | Rows [635880-726713) | Cols [635880-681300) | Local NNZ: 181370
Rank 107: Grid pos (6,11) | Rows [545040-635880) | Cols [499620-545040) | Local NNZ: 1761
Rank 69: Grid pos (4,5) | Rows [363360-454200) | Cols [227100-272520) | Local NNZ: 0
Rank 46: Grid pos (2,14) | Rows [181680-272520) | Cols [635880-681300) | Local NNZ: 0
Rank 102: Grid pos (6,6) | Rows [545040-635880) | Cols [272520-317940) | Local NNZ: 0
Rank 43: Grid pos (2,11) | Rows [181680-272520) | Cols [499620-545040) | Local NNZ: 0
Rank 45: Grid pos (2,13) | Rows [181680-272520) | Cols [590460-635880) | Local NNZ: 0
Rank 105: Grid pos (6,9) | Rows [545040-635880) | Cols [408780-454200) | Local NNZ: 0
Rank 127: Grid pos (7,15) | Rows [635880-726713) | Cols [681300-726713) | Local NNZ: 180373
Rank 17: Grid pos (1,1) | Rows [90840-181680) | Cols [45420-90840) | Local NNZ: 1487
Rank 103: Grid pos (6,7) | Rows [545040-635880) | Cols [317940-363360) | Local NNZ: 0
Rank 106: Grid pos (6,10) | Rows [545040-635880) | Cols [454200-499620) | Local NNZ: 0
Rank 104: Grid pos (6,8) | Rows [545040-635880) | Cols [363360-408780) | Local NNZ: 0
Rank 44: Grid pos (2,12) | Rows [181680-272520) | Cols [545040-590460) | Local NNZ: 0
Rank 101: Grid pos (6,5) | Rows [545040-635880) | Cols [227100-272520) | Local NNZ: 0
Rank 1: Grid pos (0,1) | Rows [0-90840) | Cols [45420-90840) | Local NNZ: 180157
Rank 70: Grid pos (4,6) | Rows [363360-454200) | Cols [272520-317940) | Local NNZ: 0
Rank 109: Grid pos (6,13) | Rows [545040-635880) | Cols [590460-635880) | Local NNZ: 179981
Rank 39: Grid pos (2,7) | Rows [181680-272520) | Cols [317940-363360) | Local NNZ: 0
Rank 40: Grid pos (2,8) | Rows [181680-272520) | Cols [363360-408780) | Local NNZ: 0
Rank 38: Grid pos (2,6) | Rows [181680-272520) | Cols [272520-317940) | Local NNZ: 0
Rank 99: Grid pos (6,3) | Rows [545040-635880) | Cols [136260-181680) | Local NNZ: 0
Rank 108: Grid pos (6,12) | Rows [545040-635880) | Cols [545040-590460) | Local NNZ: 181498
Rank 0: Grid pos (0,0) | Rows [0-90840) | Cols [0-45420) | Local NNZ: 181626
Applied 2D distribution
Rank 71: Grid pos (4,7) | Rows [363360-454200) | Cols [317940-363360) | Local NNZ: 1922
Rank 100: Grid pos (6,4) | Rows [545040-635880) | Cols [181680-227100) | Local NNZ: 0
Rank 98: Grid pos (6,2) | Rows [545040-635880) | Cols [90840-136260) | Local NNZ: 0
Rank 35: Grid pos (2,3) | Rows [181680-272520) | Cols [136260-181680) | Local NNZ: 1761
Rank 97: Grid pos (6,1) | Rows [545040-635880) | Cols [45420-90840) | Local NNZ: 0
Rank 32: Grid pos (2,0) | Rows [181680-272520) | Cols [0-45420) | Local NNZ: 0
Rank 26: Grid pos (1,10) | Rows [90840-181680) | Cols [454200-499620) | Local NNZ: 0
Rank 95: Grid pos (5,15) | Rows [454200-545040) | Cols [681300-726713) | Local NNZ: 0
Rank 37: Grid pos (2,5) | Rows [181680-272520) | Cols [227100-272520) | Local NNZ: 179712
Rank 93: Grid pos (5,13) | Rows [454200-545040) | Cols [590460-635880) | Local NNZ: 0
Rank 27: Grid pos (1,11) | Rows [90840-181680) | Cols [499620-545040) | Local NNZ: 0
Rank 21: Grid pos (1,5) | Rows [90840-181680) | Cols [227100-272520) | Local NNZ: 0
Rank 30: Grid pos (1,14) | Rows [90840-181680) | Cols [635880-681300) | Local NNZ: 0
Rank 33: Grid pos (2,1) | Rows [181680-272520) | Cols [45420-90840) | Local NNZ: 0
Rank 22: Grid pos (1,6) | Rows [90840-181680) | Cols [272520-317940) | Local NNZ: 0
Rank 31: Grid pos (1,15) | Rows [90840-181680) | Cols [681300-726713) | Local NNZ: 0
Rank 24: Grid pos (1,8) | Rows [90840-181680) | Cols [363360-408780) | Local NNZ: 0
Rank 20: Grid pos (1,4) | Rows [90840-181680) | Cols [181680-227100) | Local NNZ: 0
Rank 29: Grid pos (1,13) | Rows [90840-181680) | Cols [590460-635880) | Local NNZ: 0
Rank 34: Grid pos (2,2) | Rows [181680-272520) | Cols [90840-136260) | Local NNZ: 0
Rank 96: Grid pos (6,0) | Rows [545040-635880) | Cols [0-45420) | Local NNZ: 0
Rank 75: Grid pos (4,11) | Rows [363360-454200) | Cols [499620-545040) | Local NNZ: 0
Rank 18: Grid pos (1,2) | Rows [90840-181680) | Cols [90840-136260) | Local NNZ: 181625
Rank 19: Grid pos (1,3) | Rows [90840-181680) | Cols [136260-181680) | Local NNZ: 179853
Rank 74: Grid pos (4,10) | Rows [363360-454200) | Cols [454200-499620) | Local NNZ: 0
Rank 94: Grid pos (5,14) | Rows [454200-545040) | Cols [635880-681300) | Local NNZ: 0
Rank 23: Grid pos (1,7) | Rows [90840-181680) | Cols [317940-363360) | Local NNZ: 0
Rank 25: Grid pos (1,9) | Rows [90840-181680) | Cols [408780-454200) | Local NNZ: 0
Rank 77: Grid pos (4,13) | Rows [363360-454200) | Cols [590460-635880) | Local NNZ: 0
Rank 79: Grid pos (4,15) | Rows [363360-454200) | Cols [681300-726713) | Local NNZ: 0
Rank 28: Grid pos (1,12) | Rows [90840-181680) | Cols [545040-590460) | Local NNZ: 0
Rank 73: Grid pos (4,9) | Rows [363360-454200) | Cols [408780-454200) | Local NNZ: 179681
Rank 85: Grid pos (5,5) | Rows [454200-545040) | Cols [227100-272520) | Local NNZ: 0
Rank 81: Grid pos (5,1) | Rows [454200-545040) | Cols [45420-90840) | Local NNZ: 0
Rank 87: Grid pos (5,7) | Rows [454200-545040) | Cols [317940-363360) | Local NNZ: 0
Rank 76: Grid pos (4,12) | Rows [363360-454200) | Cols [545040-590460) | Local NNZ: 0
Rank 83: Grid pos (5,3) | Rows [454200-545040) | Cols [136260-181680) | Local NNZ: 0
Rank 92: Grid pos (5,12) | Rows [454200-545040) | Cols [545040-590460) | Local NNZ: 0
Rank 72: Grid pos (4,8) | Rows [363360-454200) | Cols [363360-408780) | Local NNZ: 181582
Rank 89: Grid pos (5,9) | Rows [454200-545040) | Cols [408780-454200) | Local NNZ: 1885
Rank 36: Grid pos (2,4) | Rows [181680-272520) | Cols [181680-227100) | Local NNZ: 181607
Rank 78: Grid pos (4,14) | Rows [363360-454200) | Cols [635880-681300) | Local NNZ: 0
Rank 84: Grid pos (5,4) | Rows [454200-545040) | Cols [181680-227100) | Local NNZ: 0
Rank 88: Grid pos (5,8) | Rows [454200-545040) | Cols [363360-408780) | Local NNZ: 0
Rank 80: Grid pos (5,0) | Rows [454200-545040) | Cols [0-45420) | Local NNZ: 0
Rank 86: Grid pos (5,6) | Rows [454200-545040) | Cols [272520-317940) | Local NNZ: 0
Rank 82: Grid pos (5,2) | Rows [454200-545040) | Cols [90840-136260) | Local NNZ: 0
Rank 91: Grid pos (5,11) | Rows [454200-545040) | Cols [499620-545040) | Local NNZ: 179774
Rank 90: Grid pos (5,10) | Rows [454200-545040) | Cols [454200-499620) | Local NNZ: 181550
Ghost columns identified: 45065 total ghost values needed
Local vector initialized (size=5678 per process)

========================================
COMPREHENSIVE METRICS SUMMARY
========================================
PROCESSES: 128
DISTRIBUTION: 2D
ITERATIONS: 10
Matrix NNZ: 2903837
BALANCE: nnz_local   min=       0  avg=  22686.23  max=  181626
COMM:    ghost       min=       0  avg=   5680.34  max=   45066  | recv_double_avg=  45442.69 B
MEM:     bytes       min= 1135416  avg=   1453170  max= 3675540
STRUCT:  ghost_ratio min=   0.000  avg=     5.830  max=  49.697
METRICS: t_total     = 3.255e-03        t_comp.   = 1.256e-03      t_comm= 2.019e-03
         gflops_total= 1.784449e+00   gflops_comp= 4.624599e+00
========================================

[RESULT] 0,128,2D,0,0.003118753,0.001838684,181626,45065,363252
[RESULT] 0,128,2D,1,0.003181934,0.001952887,181626,45065,363252
[RESULT] 0,128,2D,2,0.003098488,0.001865149,181626,45065,363252
[RESULT] 0,128,2D,3,0.003108740,0.001864672,181626,45065,363252
[RESULT] 0,128,2D,4,0.003054380,0.001834869,181626,45065,363252
[RESULT] 0,128,2D,5,0.003292084,0.002072334,181626,45065,363252
[RESULT] 0,128,2D,6,0.003176928,0.001951933,181626,45065,363252
[RESULT] 0,128,2D,7,0.003046751,0.001829863,181626,45065,363252
[RESULT] 0,128,2D,8,0.003008604,0.001793861,181626,45065,363252
[RESULT] 0,128,2D,9,0.003905296,0.002652407,181626,45065,363252
Total execution time: 4.651 seconds
