Retrieving the matrix from '../matrices/cond-mat-2005.mtx'...
%%MatrixMarket matrix coordinate real symmetric
40421 40421 175693
Real Matrix: Rows=40421 | Cols=40421 | NNZ=175693 | Procs=1 | Distribution=1D
Applied 1D distribution
Ghost columns identified: 0 total ghost values needed
Local vector initialized (size=40421 per process)

========================================
COMPREHENSIVE METRICS SUMMARY
========================================
PROCESSES: 1
DISTRIBUTION: 1D
ITERATIONS: 10
Matrix NNZ: 175693
BALANCE: nnz_local   min=  175693  avg= 175693.00  max=  175693
COMM:    ghost       min=       0  avg=      0.00  max=       0  | recv_double_avg=      0.00 B
MEM:     bytes       min= 2916740  avg=   2916740  max= 2916740
STRUCT:  ghost_ratio min=   0.000  avg=     0.000  max=   0.000
METRICS: t_total     = 8.771e-04        t_comp.   = 8.765e-04      t_comm= 6.437e-07
         gflops_total= 4.006142e-01   gflops_comp= 4.009085e-01
========================================

[RESULT] 0,1,1D,0,0.000882387,0.000000954,175693,0,351386
[RESULT] 0,1,1D,1,0.000873327,0.000000715,175693,0,351386
[RESULT] 0,1,1D,2,0.000879765,0.000000715,175693,0,351386
[RESULT] 0,1,1D,3,0.000876665,0.000000715,175693,0,351386
[RESULT] 0,1,1D,4,0.000879049,0.000000715,175693,0,351386
[RESULT] 0,1,1D,5,0.000876188,0.000000715,175693,0,351386
[RESULT] 0,1,1D,6,0.000874996,0.000000477,175693,0,351386
[RESULT] 0,1,1D,7,0.000877142,0.000000477,175693,0,351386
[RESULT] 0,1,1D,8,0.000876427,0.000000477,175693,0,351386
[RESULT] 0,1,1D,9,0.000875235,0.000000477,175693,0,351386
Total execution time: 0.185 seconds
