Retrieving the matrix from '../matrices/cond-mat-2005.mtx'...
%%MatrixMarket matrix coordinate real symmetric
40421 40421 175693
Real Matrix: Rows=40421 | Cols=40421 | NNZ=175693 | Procs=8 | Distribution=1D
Applied 1D distribution
Ghost columns identified: 10276 total ghost values needed
Local vector initialized (size=5053 per process)

========================================
COMPREHENSIVE METRICS SUMMARY
========================================
PROCESSES: 8
DISTRIBUTION: 1D
ITERATIONS: 10
Matrix NNZ: 175693
BALANCE: nnz_local   min=   21543  avg=  21961.62  max=   22480
COMM:    ghost       min=   10015  avg=  10127.38  max=   10276  | recv_double_avg=  81019.00 B
MEM:     bytes       min=  441448  avg=    445615  max=  450944
STRUCT:  ghost_ratio min=  44.551  avg=    46.124  max=  47.514
METRICS: t_total     = 4.092e-04        t_comp.   = 1.673e-04      t_comm= 2.419e-04
         gflops_total= 8.586691e-01   gflops_comp= 2.099757e+00
========================================

[RESULT] 0,8,1D,0,0.000385761,0.000216246,21865,10276,43730
[RESULT] 0,8,1D,1,0.000386953,0.000222445,21865,10276,43730
[RESULT] 0,8,1D,2,0.000382423,0.000220299,21865,10276,43730
[RESULT] 0,8,1D,3,0.000378609,0.000216007,21865,10276,43730
[RESULT] 0,8,1D,4,0.000389814,0.000227690,21865,10276,43730
[RESULT] 0,8,1D,5,0.000391960,0.000222206,21865,10276,43730
[RESULT] 0,8,1D,6,0.000377417,0.000215054,21865,10276,43730
[RESULT] 0,8,1D,7,0.000380278,0.000217438,21865,10276,43730
[RESULT] 0,8,1D,8,0.000387669,0.000225306,21865,10276,43730
[RESULT] 0,8,1D,9,0.000380039,0.000217438,21865,10276,43730
Total execution time: 0.103 seconds
