Retrieving the matrix from '../matrices/cond-mat-2005.mtx'...
%%MatrixMarket matrix coordinate real symmetric
40421 40421 175693
Real Matrix: Rows=40421 | Cols=40421 | NNZ=175693 | Procs=4 | Distribution=1D
Applied 1D distribution
Ghost columns identified: 13288 total ghost values needed
Local vector initialized (size=10106 per process)

========================================
COMPREHENSIVE METRICS SUMMARY
========================================
PROCESSES: 4
DISTRIBUTION: 1D
ITERATIONS: 10
Matrix NNZ: 175693
BALANCE: nnz_local   min=   43386  avg=  43923.25  max=   44345
COMM:    ghost       min=   13177  avg=  13264.50  max=   13374  | recv_double_avg= 106116.00 B
MEM:     bytes       min=  829728  avg=    835304  max=  840568
STRUCT:  ghost_ratio min=  29.965  avg=    30.202  max=  30.826
METRICS: t_total     = 2.582e-02        t_comp.   = 5.800e-04      t_comm= 2.533e-02
         gflops_total= 1.360933e-02   gflops_comp= 6.057872e-01
========================================

[RESULT] 0,4,1D,0,0.026569605,0.026013613,44345,13288,88690
[RESULT] 0,4,1D,1,0.025949955,0.025403976,44345,13288,88690
[RESULT] 0,4,1D,2,0.021016121,0.020468473,44345,13288,88690
[RESULT] 0,4,1D,3,0.023710012,0.023158073,44345,13288,88690
[RESULT] 0,4,1D,4,0.023708344,0.023155928,44345,13288,88690
[RESULT] 0,4,1D,5,0.023723125,0.023170710,44345,13288,88690
[RESULT] 0,4,1D,6,0.023940325,0.023154497,44345,13288,88690
[RESULT] 0,4,1D,7,0.017878294,0.017114878,44345,13288,88690
[RESULT] 0,4,1D,8,0.017596483,0.017122030,44345,13288,88690
[RESULT] 0,4,1D,9,0.017968416,0.017498016,44345,13288,88690
Total execution time: 0.938 seconds
