Retrieving the matrix from '../matrices/msdoor.mtx'...
%%MatrixMarket matrix coordinate real symmetric
415863 415863 10328399
Real Matrix: Rows=415863 | Cols=415863 | NNZ=10328399 | Procs=2 | Distribution=2D
2D Process Grid: 1 x 2 (rows x cols)
Rank 1: Grid pos (0,1) | Rows [0-415863) | Cols [207932-415863) | Local NNZ: 4669633
Rank 0: Grid pos (0,0) | Rows [0-415863) | Cols [0-207932) | Local NNZ: 5658766
Applied 2D distribution
Ghost columns identified: 103966 total ghost values needed
Local vector initialized (size=207932 per process)

========================================
COMPREHENSIVE METRICS SUMMARY
========================================
PROCESSES: 2
DISTRIBUTION: 2D
ITERATIONS: 10
Matrix NNZ: 10328399
BALANCE: nnz_local   min= 4669633  avg=5164199.50  max= 5658766
COMM:    ghost       min=  103966  avg= 103966.00  max=  103966  | recv_double_avg= 831728.00 B
MEM:     bytes       min=63521132  avg=  69455934  max=75390736
STRUCT:  ghost_ratio min=   1.837  avg=     2.032  max=   2.226
METRICS: t_total     = 2.465e-02        t_comp.   = 2.318e-02      t_comm= 1.471e-03
         gflops_total= 8.380291e-01   gflops_comp= 8.911985e-01
========================================

[RESULT] 0,2,2D,0,0.024998665,0.001780987,5658766,103966,11317532
[RESULT] 0,2,2D,1,0.024852991,0.001628399,5658766,103966,11317532
[RESULT] 0,2,2D,2,0.024660110,0.001559258,5658766,103966,11317532
[RESULT] 0,2,2D,3,0.024701118,0.001556396,5658766,103966,11317532
[RESULT] 0,2,2D,4,0.024607897,0.001416922,5658766,103966,11317532
[RESULT] 0,2,2D,5,0.024632931,0.001408577,5658766,103966,11317532
[RESULT] 0,2,2D,6,0.024589062,0.001381874,5658766,103966,11317532
[RESULT] 0,2,2D,7,0.024604082,0.001387119,5658766,103966,11317532
[RESULT] 0,2,2D,8,0.024316311,0.001269579,5658766,103966,11317532
[RESULT] 0,2,2D,9,0.024529457,0.001316786,5658766,103966,11317532
Total execution time: 6.343 seconds
