Retrieving the matrix from '../matrices/flowmeter0.mtx'...
%%MatrixMarket matrix coordinate real symmetric
9669 9669 38530
Real Matrix: Rows=9669 | Cols=9669 | NNZ=38530 | Procs=16 | Distribution=2D
2D Process Grid: 4 x 4 (rows x cols)
Rank 8: Grid pos (2,0) | Rows [4836-7254) | Cols [0-2418) | Local NNZ: 0
Rank 2: Grid pos (0,2) | Rows [0-2418) | Cols [4836-7254) | Local NNZ: 0
Rank 1: Grid pos (0,1) | Rows [0-2418) | Cols [2418-4836) | Local NNZ: 0
Rank 4: Grid pos (1,0) | Rows [2418-4836) | Cols [0-2418) | Local NNZ: 119
Rank 12: Grid pos (3,0) | Rows [7254-9669) | Cols [0-2418) | Local NNZ: 0
Rank 6: Grid pos (1,2) | Rows [2418-4836) | Cols [4836-7254) | Local NNZ: 0
Rank 3: Grid pos (0,3) | Rows [0-2418) | Cols [7254-9669) | Local NNZ: 0
Rank 14: Grid pos (3,2) | Rows [7254-9669) | Cols [4836-7254) | Local NNZ: 119
Rank 9: Grid pos (2,1) | Rows [4836-7254) | Cols [2418-4836) | Local NNZ: 122
Rank 0: Grid pos (0,0) | Rows [0-2418) | Cols [0-2418) | Local NNZ: 9547
Applied 2D distribution
Rank 7: Grid pos (1,3) | Rows [2418-4836) | Cols [7254-9669) | Local NNZ: 0
Rank 13: Grid pos (3,1) | Rows [7254-9669) | Cols [2418-4836) | Local NNZ: 0
Rank 11: Grid pos (2,3) | Rows [4836-7254) | Cols [7254-9669) | Local NNZ: 0
Rank 10: Grid pos (2,2) | Rows [4836-7254) | Cols [4836-7254) | Local NNZ: 9542
Rank 5: Grid pos (1,1) | Rows [2418-4836) | Cols [2418-4836) | Local NNZ: 9541
Rank 15: Grid pos (3,3) | Rows [7254-9669) | Cols [7254-9669) | Local NNZ: 9540
Ghost columns identified: 2266 total ghost values needed
Local vector initialized (size=605 per process)

========================================
COMPREHENSIVE METRICS SUMMARY
========================================
PROCESSES: 16
DISTRIBUTION: 2D
ITERATIONS: 10
Matrix NNZ: 38530
BALANCE: nnz_local   min=       0  avg=   2408.12  max=    9547
COMM:    ghost       min=       0  avg=    576.88  max=    2267  | recv_double_avg=   4615.00 B
MEM:     bytes       min=   33816  avg=     67358  max=  166552
STRUCT:  ghost_ratio min=   0.000  avg=    14.581  max=  46.721
METRICS: t_total     = 1.323e-04        t_comp.   = 4.756e-05      t_comm= 8.821e-05
         gflops_total= 5.825758e-01   gflops_comp= 1.620116e+00
========================================

[RESULT] 0,16,2D,0,0.000139236,0.000089407,9547,2266,19094
[RESULT] 0,16,2D,1,0.000132322,0.000084162,9547,2266,19094
[RESULT] 0,16,2D,2,0.000124693,0.000077248,9547,2266,19094
[RESULT] 0,16,2D,3,0.000133991,0.000087023,9547,2266,19094
[RESULT] 0,16,2D,4,0.000130415,0.000083685,9547,2266,19094
[RESULT] 0,16,2D,5,0.000124931,0.000078201,9547,2266,19094
[RESULT] 0,16,2D,6,0.000120163,0.000073671,9547,2266,19094
[RESULT] 0,16,2D,7,0.000135660,0.000088930,9547,2266,19094
[RESULT] 0,16,2D,8,0.000117302,0.000071287,9547,2266,19094
[RESULT] 0,16,2D,9,0.000144243,0.000097990,9547,2266,19094
Total execution time: 0.030 seconds
