Retrieving the matrix from '../matrices/Hook_1498.mtx'...
%%MatrixMarket matrix coordinate real symmetric
1498023 1498023 31207734
Real Matrix: Rows=1498023 | Cols=1498023 | NNZ=31207734 | Procs=16 | Distribution=2D_cyclic
2D Process Grid (Cyclic): 4 x 4
Rank 12: Grid pos (3,0) | Local rows: 374505 | Local NNZ: 1801750
Rank 11: Grid pos (2,3) | Local rows: 374506 | Local NNZ: 1802912
Rank 10: Grid pos (2,2) | Local rows: 374506 | Local NNZ: 2109999
Rank 8: Grid pos (2,0) | Local rows: 374506 | Local NNZ: 1892958
Rank 7: Grid pos (1,3) | Local rows: 374506 | Local NNZ: 1894293
Rank 6: Grid pos (1,2) | Local rows: 374506 | Local NNZ: 1801988
Rank 13: Grid pos (3,1) | Local rows: 374505 | Local NNZ: 1892025
Rank 9: Grid pos (2,1) | Local rows: 374506 | Local NNZ: 1994719
Rank 14: Grid pos (3,2) | Local rows: 374505 | Local NNZ: 1998197
Rank 5: Grid pos (1,1) | Local rows: 374506 | Local NNZ: 2108112
Rank 4: Grid pos (1,0) | Local rows: 374506 | Local NNZ: 1996470
Rank 1: Grid pos (0,1) | Local rows: 374506 | Local NNZ: 1800484
Rank 15: Grid pos (3,3) | Local rows: 374505 | Local NNZ: 2111763
Rank 2: Grid pos (0,2) | Local rows: 374506 | Local NNZ: 1893594
Rank 0: Grid pos (0,0) | Local rows: 374506 | Local NNZ: 2109839
Applied 2Dcyclic distribution
Rank 3: Grid pos (0,3) | Local rows: 374506 | Local NNZ: 1998631
Ghost columns identified: 280879 total ghost values needed
Local vector initialized (size=93627 per process)

========================================
COMPREHENSIVE METRICS SUMMARY
========================================
PROCESSES: 16
DISTRIBUTION: 2D_cyclic
ITERATIONS: 10
Matrix NNZ: 31207734
BALANCE: nnz_local   min= 1800484  avg=1950483.38  max= 2111763
COMM:    ghost       min=  266807  avg= 274004.88  max=  280880  | recv_double_avg=2192039.00 B
MEM:     bytes       min=28983772  avg=  30840924  max=32831260
STRUCT:  ghost_ratio min=  13.301  avg=    14.081  max=  14.822
METRICS: t_total     = 4.067e-01        t_comp.   = 1.398e-01      t_comm= 2.719e-01
         gflops_total= 1.534558e-01   gflops_comp= 4.463729e-01
========================================

[RESULT] 0,16,2D_cyclic,0,0.419646263,0.288016796,2109839,280879,4219678
[RESULT] 0,16,2D_cyclic,1,0.355706453,0.224060774,2109839,280879,4219678
[RESULT] 0,16,2D_cyclic,2,0.387663603,0.256012201,2109839,280879,4219678
[RESULT] 0,16,2D_cyclic,3,0.451648474,0.320047617,2109839,280879,4219678
[RESULT] 0,16,2D_cyclic,4,0.386669159,0.255997419,2109839,280879,4219678
[RESULT] 0,16,2D_cyclic,5,0.388708830,0.256064653,2109839,280879,4219678
[RESULT] 0,16,2D_cyclic,6,0.450619221,0.319008827,2109839,280879,4219678
[RESULT] 0,16,2D_cyclic,7,0.388913631,0.256002188,2109839,280879,4219678
[RESULT] 0,16,2D_cyclic,8,0.416100264,0.256070614,2109839,280879,4219678
[RESULT] 0,16,2D_cyclic,9,0.421648741,0.288044453,2109839,280879,4219678
Total execution time: 206.696 seconds
