Retrieving the matrix from '../matrices/tmt_sym.mtx'...
%%MatrixMarket matrix coordinate real symmetric
726713 726713 2903837
Real Matrix: Rows=726713 | Cols=726713 | NNZ=2903837 | Procs=4 | Distribution=1D
Applied 1D distribution
Ghost columns identified: 363253 total ghost values needed
Local vector initialized (size=181679 per process)

========================================
COMPREHENSIVE METRICS SUMMARY
========================================
PROCESSES: 4
DISTRIBUTION: 1D
ITERATIONS: 10
Matrix NNZ: 2903837
BALANCE: nnz_local   min=  725817  avg= 725959.25  max=  726120
COMM:    ghost       min=  362560  avg= 363044.00  max=  363368  | recv_double_avg=2904352.00 B
MEM:     bytes       min=15243848  avg=  15249432  max=15253180
STRUCT:  ghost_ratio min=  49.952  avg=    50.009  max=  50.047
METRICS: t_total     = 1.027e-02        t_comp.   = 5.817e-03      t_comm= 4.788e-03
         gflops_total= 5.654714e-01   gflops_comp= 9.983340e-01
========================================

[RESULT] 0,4,1D,0,0.011675596,0.006138563,726120,363253,1452240
[RESULT] 0,4,1D,1,0.010496378,0.005028963,726120,363253,1452240
[RESULT] 0,4,1D,2,0.010496378,0.005004883,726120,363253,1452240
[RESULT] 0,4,1D,3,0.010469913,0.005002975,726120,363253,1452240
[RESULT] 0,4,1D,4,0.010095358,0.004666328,726120,363253,1452240
[RESULT] 0,4,1D,5,0.009902239,0.004501104,726120,363253,1452240
[RESULT] 0,4,1D,6,0.010048866,0.004474640,726120,363253,1452240
[RESULT] 0,4,1D,7,0.009871483,0.004371881,726120,363253,1452240
[RESULT] 0,4,1D,8,0.009889126,0.004394531,726120,363253,1452240
[RESULT] 0,4,1D,9,0.009759665,0.004294634,726120,363253,1452240
Total execution time: 1.904 seconds
