Retrieving the matrix from '../matrices/cond-mat-2005.mtx'...
%%MatrixMarket matrix coordinate real symmetric
40421 40421 175693
Real Matrix: Rows=40421 | Cols=40421 | NNZ=175693 | Procs=2 | Distribution=2D_cyclic
2D Process Grid (Cyclic): 1 x 2
Rank 0: Grid pos (0,0) | Local rows: 40421 | Local NNZ: 88229
Applied 2Dcyclic distribution
Rank 1: Grid pos (0,1) | Local rows: 40421 | Local NNZ: 87464
Ghost columns identified: 0 total ghost values needed
Local vector initialized (size=20211 per process)

========================================
COMPREHENSIVE METRICS SUMMARY
========================================
PROCESSES: 2
DISTRIBUTION: 2D_cyclic
ITERATIONS: 10
Matrix NNZ: 175693
BALANCE: nnz_local   min=   87464  avg=  87846.50  max=   88229
COMM:    ghost       min=       0  avg=      0.00  max=       0  | recv_double_avg=      0.00 B
MEM:     bytes       min= 1696304  avg=   1700898  max= 1705492
STRUCT:  ghost_ratio min=   0.000  avg=     0.000  max=   0.000
METRICS: t_total     = 6.306e-04        t_comp.   = 6.301e-04      t_comm= 6.199e-07
         gflops_total= 5.571887e-01   gflops_comp= 5.576525e-01
========================================

[RESULT] 0,2,2D_cyclic,0,0.000631809,0.000000715,88229,0,176458
[RESULT] 0,2,2D_cyclic,1,0.000636101,0.000000477,88229,0,176458
[RESULT] 0,2,2D_cyclic,2,0.000629425,0.000000715,88229,0,176458
[RESULT] 0,2,2D_cyclic,3,0.000633001,0.000000477,88229,0,176458
[RESULT] 0,2,2D_cyclic,4,0.000633717,0.000000477,88229,0,176458
[RESULT] 0,2,2D_cyclic,5,0.000624180,0.000000477,88229,0,176458
[RESULT] 0,2,2D_cyclic,6,0.000631571,0.000000477,88229,0,176458
[RESULT] 0,2,2D_cyclic,7,0.000630856,0.000000477,88229,0,176458
[RESULT] 0,2,2D_cyclic,8,0.000623703,0.000000477,88229,0,176458
[RESULT] 0,2,2D_cyclic,9,0.000632048,0.000000477,88229,0,176458
Total execution time: 0.101 seconds
