Retrieving the matrix from '../matrices/Hook_1498.mtx'...
%%MatrixMarket matrix coordinate real symmetric
1498023 1498023 31207734
Real Matrix: Rows=1498023 | Cols=1498023 | NNZ=31207734 | Procs=128 | Distribution=2D_cyclic
Rank 112: Grid pos (7,0) | Local rows: 187252 | Local NNZ: 207441
Rank 113: Grid pos (7,1) | Local rows: 187252 | Local NNZ: 213471
Rank 111: Grid pos (6,15) | Local rows: 187253 | Local NNZ: 207781
Rank 114: Grid pos (7,2) | Local rows: 187252 | Local NNZ: 222780
Rank 116: Grid pos (7,4) | Local rows: 187252 | Local NNZ: 242967
Rank 110: Grid pos (6,14) | Local rows: 187253 | Local NNZ: 295138
Rank 115: Grid pos (7,3) | Local rows: 187252 | Local NNZ: 232169
Rank 109: Grid pos (6,13) | Local rows: 187253 | Local NNZ: 276504
Rank 117: Grid pos (7,5) | Local rows: 187252 | Local NNZ: 259204
Rank 108: Grid pos (6,12) | Local rows: 187253 | Local NNZ: 260262
Rank 118: Grid pos (7,6) | Local rows: 187252 | Local NNZ: 276483
Rank 107: Grid pos (6,11) | Local rows: 187253 | Local NNZ: 244412
Rank 106: Grid pos (6,10) | Local rows: 187253 | Local NNZ: 233028
Rank 119: Grid pos (7,7) | Local rows: 187252 | Local NNZ: 295176
Rank 105: Grid pos (6,9) | Local rows: 187253 | Local NNZ: 223117
Rank 104: Grid pos (6,8) | Local rows: 187253 | Local NNZ: 213921
Rank 120: Grid pos (7,8) | Local rows: 187252 | Local NNZ: 207489
Rank 121: Grid pos (7,9) | Local rows: 187252 | Local NNZ: 213810
Rank 122: Grid pos (7,10) | Local rows: 187252 | Local NNZ: 223484
Rank 103: Grid pos (6,7) | Local rows: 187253 | Local NNZ: 207710
Rank 102: Grid pos (6,6) | Local rows: 187253 | Local NNZ: 295538
2D Process Grid (Cyclic): 8 x 16
Rank 101: Grid pos (6,5) | Local rows: 187253 | Local NNZ: 275935
Rank 100: Grid pos (6,4) | Local rows: 187253 | Local NNZ: 259634
Rank 123: Grid pos (7,11) | Local rows: 187252 | Local NNZ: 233376
Rank 124: Grid pos (7,12) | Local rows: 187252 | Local NNZ: 243448
Rank 99: Grid pos (6,3) | Local rows: 187253 | Local NNZ: 243090
Rank 125: Grid pos (7,13) | Local rows: 187252 | Local NNZ: 259883
Rank 98: Grid pos (6,2) | Local rows: 187253 | Local NNZ: 232158
Rank 97: Grid pos (6,1) | Local rows: 187253 | Local NNZ: 222603
Rank 96: Grid pos (6,0) | Local rows: 187253 | Local NNZ: 213565
Rank 126: Grid pos (7,14) | Local rows: 187252 | Local NNZ: 276565
Rank 95: Grid pos (5,15) | Local rows: 187253 | Local NNZ: 214175
Rank 127: Grid pos (7,15) | Local rows: 187252 | Local NNZ: 295526
Rank 71: Grid pos (4,7) | Local rows: 187253 | Local NNZ: 223435
Rank 72: Grid pos (4,8) | Local rows: 187253 | Local NNZ: 232611
Rank 0: Grid pos (0,0) | Local rows: 187253 | Local NNZ: 294786
Applied 2Dcyclic distribution
Rank 70: Grid pos (4,6) | Local rows: 187253 | Local NNZ: 214171
Rank 93: Grid pos (5,13) | Local rows: 187253 | Local NNZ: 295352
Rank 94: Grid pos (5,14) | Local rows: 187253 | Local NNZ: 207692
Rank 69: Grid pos (4,5) | Local rows: 187253 | Local NNZ: 207364
Rank 2: Grid pos (0,2) | Local rows: 187253 | Local NNZ: 213041
Rank 68: Grid pos (4,4) | Local rows: 187253 | Local NNZ: 294831
Rank 1: Grid pos (0,1) | Local rows: 187253 | Local NNZ: 206889
Rank 73: Grid pos (4,9) | Local rows: 187253 | Local NNZ: 243109
Rank 74: Grid pos (4,10) | Local rows: 187253 | Local NNZ: 260124
Rank 67: Grid pos (4,3) | Local rows: 187253 | Local NNZ: 276283
Rank 3: Grid pos (0,3) | Local rows: 187253 | Local NNZ: 222282
Rank 91: Grid pos (5,11) | Local rows: 187253 | Local NNZ: 260913
Rank 92: Grid pos (5,12) | Local rows: 187253 | Local NNZ: 277040
Rank 90: Grid pos (5,10) | Local rows: 187253 | Local NNZ: 244147
Rank 66: Grid pos (4,2) | Local rows: 187253 | Local NNZ: 259088
Rank 4: Grid pos (0,4) | Local rows: 187253 | Local NNZ: 231835
Rank 75: Grid pos (4,11) | Local rows: 187253 | Local NNZ: 277189
Rank 28: Grid pos (1,12) | Local rows: 187253 | Local NNZ: 222960
Rank 65: Grid pos (4,1) | Local rows: 187253 | Local NNZ: 242483
Rank 89: Grid pos (5,9) | Local rows: 187253 | Local NNZ: 232717
Rank 27: Grid pos (1,11) | Local rows: 187253 | Local NNZ: 213689
Rank 26: Grid pos (1,10) | Local rows: 187253 | Local NNZ: 207160
Rank 86: Grid pos (5,6) | Local rows: 187253 | Local NNZ: 207613
Rank 76: Grid pos (4,12) | Local rows: 187253 | Local NNZ: 295613
Rank 63: Grid pos (3,15) | Local rows: 187253 | Local NNZ: 232810
Rank 77: Grid pos (4,13) | Local rows: 187253 | Local NNZ: 207654
Rank 29: Grid pos (1,13) | Local rows: 187253 | Local NNZ: 232588
Rank 87: Grid pos (5,7) | Local rows: 187253 | Local NNZ: 213977
Rank 30: Grid pos (1,14) | Local rows: 187253 | Local NNZ: 243332
Rank 78: Grid pos (4,14) | Local rows: 187253 | Local NNZ: 214224
Rank 62: Grid pos (3,14) | Local rows: 187253 | Local NNZ: 223094
Rank 24: Grid pos (1,8) | Local rows: 187253 | Local NNZ: 275937
Rank 6: Grid pos (0,6) | Local rows: 187253 | Local NNZ: 259444
Rank 18: Grid pos (1,2) | Local rows: 187253 | Local NNZ: 206410
Rank 64: Grid pos (4,0) | Local rows: 187253 | Local NNZ: 232159
Rank 25: Grid pos (1,9) | Local rows: 187253 | Local NNZ: 294618
Rank 5: Grid pos (0,5) | Local rows: 187253 | Local NNZ: 242386
Rank 16: Grid pos (1,0) | Local rows: 187253 | Local NNZ: 276182
Rank 7: Grid pos (0,7) | Local rows: 187253 | Local NNZ: 276094
Rank 85: Grid pos (5,5) | Local rows: 187253 | Local NNZ: 294793
Rank 84: Grid pos (5,4) | Local rows: 187253 | Local NNZ: 276209
Rank 79: Grid pos (4,15) | Local rows: 187253 | Local NNZ: 223598
Rank 20: Grid pos (1,4) | Local rows: 187253 | Local NNZ: 222121
Rank 8: Grid pos (0,8) | Local rows: 187253 | Local NNZ: 295045
Rank 19: Grid pos (1,3) | Local rows: 187253 | Local NNZ: 212761
Rank 32: Grid pos (2,0) | Local rows: 187253 | Local NNZ: 259588
Rank 88: Grid pos (5,8) | Local rows: 187253 | Local NNZ: 223298
Rank 60: Grid pos (3,12) | Local rows: 187253 | Local NNZ: 207089
Rank 82: Grid pos (5,2) | Local rows: 187253 | Local NNZ: 242858
Rank 21: Grid pos (1,5) | Local rows: 187253 | Local NNZ: 231629
Rank 22: Grid pos (1,6) | Local rows: 187253 | Local NNZ: 242776
Rank 9: Grid pos (0,9) | Local rows: 187253 | Local NNZ: 207130
Rank 10: Grid pos (0,10) | Local rows: 187253 | Local NNZ: 213828
Rank 61: Grid pos (3,13) | Local rows: 187253 | Local NNZ: 213332
Rank 17: Grid pos (1,1) | Local rows: 187253 | Local NNZ: 294497
Rank 14: Grid pos (0,14) | Local rows: 187253 | Local NNZ: 259674
Rank 80: Grid pos (5,0) | Local rows: 187253 | Local NNZ: 222723
Rank 83: Grid pos (5,3) | Local rows: 187253 | Local NNZ: 259674
Rank 13: Grid pos (0,13) | Local rows: 187253 | Local NNZ: 243469
Rank 81: Grid pos (5,1) | Local rows: 187253 | Local NNZ: 231918
Rank 15: Grid pos (0,15) | Local rows: 187253 | Local NNZ: 276302
Rank 23: Grid pos (1,7) | Local rows: 187253 | Local NNZ: 259208
Rank 12: Grid pos (0,12) | Local rows: 187253 | Local NNZ: 232959
Rank 58: Grid pos (3,10) | Local rows: 187253 | Local NNZ: 276782
Rank 34: Grid pos (2,2) | Local rows: 187253 | Local NNZ: 294282
Rank 11: Grid pos (0,11) | Local rows: 187253 | Local NNZ: 223448
Rank 31: Grid pos (1,15) | Local rows: 187253 | Local NNZ: 259896
Rank 33: Grid pos (2,1) | Local rows: 187253 | Local NNZ: 275635
Rank 36: Grid pos (2,4) | Local rows: 187253 | Local NNZ: 213383
Rank 57: Grid pos (3,9) | Local rows: 187253 | Local NNZ: 259681
Rank 35: Grid pos (2,3) | Local rows: 187253 | Local NNZ: 206555
Rank 56: Grid pos (3,8) | Local rows: 187253 | Local NNZ: 243212
Rank 38: Grid pos (2,6) | Local rows: 187253 | Local NNZ: 232654
Rank 59: Grid pos (3,11) | Local rows: 187253 | Local NNZ: 295316
Rank 37: Grid pos (2,5) | Local rows: 187253 | Local NNZ: 222687
Rank 40: Grid pos (2,8) | Local rows: 187253 | Local NNZ: 259256
Rank 52: Grid pos (3,4) | Local rows: 187253 | Local NNZ: 207145
Rank 42: Grid pos (2,10) | Local rows: 187253 | Local NNZ: 294759
Rank 46: Grid pos (2,14) | Local rows: 187253 | Local NNZ: 232442
Rank 44: Grid pos (2,12) | Local rows: 187253 | Local NNZ: 213349
Rank 55: Grid pos (3,7) | Local rows: 187253 | Local NNZ: 232673
Rank 50: Grid pos (3,2) | Local rows: 187253 | Local NNZ: 275711
Rank 48: Grid pos (3,0) | Local rows: 187253 | Local NNZ: 242959
Rank 54: Grid pos (3,6) | Local rows: 187253 | Local NNZ: 223298
Rank 41: Grid pos (2,9) | Local rows: 187253 | Local NNZ: 275676
Rank 53: Grid pos (3,5) | Local rows: 187253 | Local NNZ: 213737
Rank 47: Grid pos (2,15) | Local rows: 187253 | Local NNZ: 243415
Rank 49: Grid pos (3,1) | Local rows: 187253 | Local NNZ: 258907
Rank 45: Grid pos (2,13) | Local rows: 187253 | Local NNZ: 222562
Rank 43: Grid pos (2,11) | Local rows: 187253 | Local NNZ: 206956
Rank 51: Grid pos (3,3) | Local rows: 187253 | Local NNZ: 294717
Rank 39: Grid pos (2,7) | Local rows: 187253 | Local NNZ: 242993
Ghost columns identified: 81923 total ghost values needed
Local vector initialized (size=11704 per process)

========================================
COMPREHENSIVE METRICS SUMMARY
========================================
PROCESSES: 128
DISTRIBUTION: 2D_cyclic
ITERATIONS: 10
Matrix NNZ: 31207734
BALANCE: nnz_local   min=  206410  avg= 243810.42  max=  295613
COMM:    ghost       min=   66707  avg=  72544.16  max=   81924  | recv_double_avg= 580353.25 B
MEM:     bytes       min= 5351248  avg=   5846743  max= 6543404
STRUCT:  ghost_ratio min=  27.713  avg=    29.926  max=  32.369
METRICS: t_total     = 1.108e-02        t_comp.   = 9.146e-03      t_comm= 2.060e-03
         gflops_total= 5.634400e+00   gflops_comp= 6.824667e+00
========================================

[RESULT] 0,128,2D_cyclic,0,0.005413055,0.000935555,294786,81923,589572
[RESULT] 0,128,2D_cyclic,1,0.005306959,0.000873804,294786,81923,589572
[RESULT] 0,128,2D_cyclic,2,0.005192757,0.000850439,294786,81923,589572
[RESULT] 0,128,2D_cyclic,3,0.005207777,0.000831604,294786,81923,589572
[RESULT] 0,128,2D_cyclic,4,0.005261183,0.000869751,294786,81923,589572
[RESULT] 0,128,2D_cyclic,5,0.005209446,0.000852585,294786,81923,589572
[RESULT] 0,128,2D_cyclic,6,0.005356312,0.000890017,294786,81923,589572
[RESULT] 0,128,2D_cyclic,7,0.005401611,0.000848532,294786,81923,589572
[RESULT] 0,128,2D_cyclic,8,0.005432367,0.000856638,294786,81923,589572
[RESULT] 0,128,2D_cyclic,9,0.005433798,0.000954866,294786,81923,589572
Total execution time: 48.081 seconds
