Retrieving the matrix from '../matrices/tmt_sym.mtx'...
%%MatrixMarket matrix coordinate real symmetric
726713 726713 2903837
Real Matrix: Rows=726713 | Cols=726713 | NNZ=2903837 | Procs=2 | Distribution=1D
Applied 1D distribution
Ghost columns identified: 363244 total ghost values needed
Local vector initialized (size=363357 per process)

========================================
COMPREHENSIVE METRICS SUMMARY
========================================
PROCESSES: 2
DISTRIBUTION: 1D
ITERATIONS: 10
Matrix NNZ: 2903837
BALANCE: nnz_local   min= 1451661  avg=1451918.50  max= 1452176
COMM:    ghost       min=  363244  avg= 363280.00  max=  363316  | recv_double_avg=2906240.00 B
MEM:     bytes       min=27593584  avg=  27596396  max=27599208
STRUCT:  ghost_ratio min=  25.014  avg=    25.021  max=  25.028
METRICS: t_total     = 1.602e-02        t_comp.   = 1.207e-02      t_comm= 3.956e-03
         gflops_total= 3.624642e-01   gflops_comp= 4.812768e-01
========================================

[RESULT] 0,2,1D,0,0.018258810,0.006201506,1452176,363244,2904352
[RESULT] 0,2,1D,1,0.016596794,0.004609108,1452176,363244,2904352
[RESULT] 0,2,1D,2,0.016193867,0.004200935,1452176,363244,2904352
[RESULT] 0,2,1D,3,0.015747309,0.003777981,1452176,363244,2904352
[RESULT] 0,2,1D,4,0.015788794,0.003689766,1452176,363244,2904352
[RESULT] 0,2,1D,5,0.015655994,0.003566027,1452176,363244,2904352
[RESULT] 0,2,1D,6,0.015775919,0.003516912,1452176,363244,2904352
[RESULT] 0,2,1D,7,0.015582085,0.003400803,1452176,363244,2904352
[RESULT] 0,2,1D,8,0.015270710,0.003316641,1452176,363244,2904352
[RESULT] 0,2,1D,9,0.015357256,0.003275633,1452176,363244,2904352
Total execution time: 1.998 seconds
