Retrieving the matrix from '../matrices/flowmeter0.mtx'...
%%MatrixMarket matrix coordinate real symmetric
9669 9669 38530
Real Matrix: Rows=9669 | Cols=9669 | NNZ=38530 | Procs=4 | Distribution=1D
Applied 1D distribution
Ghost columns identified: 4313 total ghost values needed
Local vector initialized (size=2418 per process)

========================================
COMPREHENSIVE METRICS SUMMARY
========================================
PROCESSES: 4
DISTRIBUTION: 1D
ITERATIONS: 10
Matrix NNZ: 38530
BALANCE: nnz_local   min=    9619  avg=   9632.50  max=    9640
COMM:    ghost       min=    4295  avg=   4311.00  max=    4329  | recv_double_avg=  34488.00 B
MEM:     bytes       min=  198228  avg=    198427  max=  198608
STRUCT:  ghost_ratio min=  44.554  avg=    44.755  max=  44.925
METRICS: t_total     = 1.679e-04        t_comp.   = 6.514e-05      t_comm= 1.028e-04
         gflops_total= 4.589139e-01   gflops_comp= 1.183064e+00
========================================

[RESULT] 0,4,1D,0,0.000160933,0.000091076,9635,4313,19270
[RESULT] 0,4,1D,1,0.000153065,0.000087261,9635,4313,19270
[RESULT] 0,4,1D,2,0.000167847,0.000103474,9635,4313,19270
[RESULT] 0,4,1D,3,0.000159502,0.000095606,9635,4313,19270
[RESULT] 0,4,1D,4,0.000157833,0.000094891,9635,4313,19270
[RESULT] 0,4,1D,5,0.000165701,0.000102282,9635,4313,19270
[RESULT] 0,4,1D,6,0.000177383,0.000107765,9635,4313,19270
[RESULT] 0,4,1D,7,0.000161171,0.000099421,9635,4313,19270
[RESULT] 0,4,1D,8,0.000169516,0.000106573,9635,4313,19270
[RESULT] 0,4,1D,9,0.000154972,0.000093699,9635,4313,19270
Total execution time: 0.027 seconds
