Retrieving the matrix from '../matrices/flowmeter0.mtx'...
%%MatrixMarket matrix coordinate real symmetric
9669 9669 38530
Real Matrix: Rows=9669 | Cols=9669 | NNZ=38530 | Procs=128 | Distribution=2D
Rank 64: Grid pos (4,0) | Rows [4836-6045) | Cols [0-605) | Local NNZ: 0
Rank 1: Grid pos (0,1) | Rows [0-1209) | Cols [605-1210) | Local NNZ: 2294
Rank 96: Grid pos (6,0) | Rows [7254-8463) | Cols [0-605) | Local NNZ: 0
Rank 3: Grid pos (0,3) | Rows [0-1209) | Cols [1815-2420) | Local NNZ: 0
Rank 9: Grid pos (0,9) | Rows [0-1209) | Cols [5445-6050) | Local NNZ: 0
Rank 68: Grid pos (4,4) | Rows [4836-6045) | Cols [2420-3025) | Local NNZ: 0
Rank 33: Grid pos (2,1) | Rows [2418-3627) | Cols [605-1210) | Local NNZ: 0
Rank 66: Grid pos (4,2) | Rows [4836-6045) | Cols [1210-1815) | Local NNZ: 0
Rank 5: Grid pos (0,5) | Rows [0-1209) | Cols [3025-3630) | Local NNZ: 0
Rank 80: Grid pos (5,0) | Rows [6045-7254) | Cols [0-605) | Local NNZ: 0
Rank 11: Grid pos (0,11) | Rows [0-1209) | Cols [6655-7260) | Local NNZ: 0
Rank 72: Grid pos (4,8) | Rows [4836-6045) | Cols [4840-5445) | Local NNZ: 2416
Rank 17: Grid pos (1,1) | Rows [1209-2418) | Cols [605-1210) | Local NNZ: 122
Rank 70: Grid pos (4,6) | Rows [4836-6045) | Cols [3630-4235) | Local NNZ: 1
Rank 35: Grid pos (2,3) | Rows [2418-3627) | Cols [1815-2420) | Local NNZ: 127
Rank 98: Grid pos (6,2) | Rows [7254-8463) | Cols [1210-1815) | Local NNZ: 0
Rank 41: Grid pos (2,9) | Rows [2418-3627) | Cols [5445-6050) | Local NNZ: 0
Rank 74: Grid pos (4,10) | Rows [4836-6045) | Cols [6050-6655) | Local NNZ: 0
Rank 49: Grid pos (3,1) | Rows [3627-4836) | Cols [605-1210) | Local NNZ: 0
Rank 76: Grid pos (4,12) | Rows [4836-6045) | Cols [7260-7865) | Local NNZ: 0
Rank 65: Grid pos (4,1) | Rows [4836-6045) | Cols [605-1210) | Local NNZ: 0
Rank 88: Grid pos (5,8) | Rows [6045-7254) | Cols [4840-5445) | Local NNZ: 0
Rank 67: Grid pos (4,3) | Rows [4836-6045) | Cols [1815-2420) | Local NNZ: 0
Rank 100: Grid pos (6,4) | Rows [7254-8463) | Cols [2420-3025) | Local NNZ: 0
Rank 7: Grid pos (0,7) | Rows [0-1209) | Cols [4235-4840) | Local NNZ: 0
Rank 104: Grid pos (6,8) | Rows [7254-8463) | Cols [4840-5445) | Local NNZ: 0
Rank 13: Grid pos (0,13) | Rows [0-1209) | Cols [7865-8470) | Local NNZ: 0
Rank 82: Grid pos (5,2) | Rows [6045-7254) | Cols [1210-1815) | Local NNZ: 0
Rank 25: Grid pos (1,9) | Rows [1209-2418) | Cols [5445-6050) | Local NNZ: 0
Rank 84: Grid pos (5,4) | Rows [6045-7254) | Cols [2420-3025) | Local NNZ: 0
Rank 69: Grid pos (4,5) | Rows [4836-6045) | Cols [3025-3630) | Local NNZ: 0
Rank 120: Grid pos (7,8) | Rows [8463-9669) | Cols [4840-5445) | Local NNZ: 0
Rank 97: Grid pos (6,1) | Rows [7254-8463) | Cols [605-1210) | Local NNZ: 0
Rank 43: Grid pos (2,11) | Rows [2418-3627) | Cols [6655-7260) | Local NNZ: 0
Rank 81: Grid pos (5,1) | Rows [6045-7254) | Cols [605-1210) | Local NNZ: 0
Rank 19: Grid pos (1,3) | Rows [1209-2418) | Cols [1815-2420) | Local NNZ: 2292
Rank 21: Grid pos (1,5) | Rows [1209-2418) | Cols [3025-3630) | Local NNZ: 0
Rank 27: Grid pos (1,11) | Rows [1209-2418) | Cols [6655-7260) | Local NNZ: 0
Rank 106: Grid pos (6,10) | Rows [7254-8463) | Cols [6050-6655) | Local NNZ: 0
Rank 29: Grid pos (1,13) | Rows [1209-2418) | Cols [7865-8470) | Local NNZ: 0
Rank 37: Grid pos (2,5) | Rows [2418-3627) | Cols [3025-3630) | Local NNZ: 2287
Rank 45: Grid pos (2,13) | Rows [2418-3627) | Cols [7865-8470) | Local NNZ: 0
Rank 78: Grid pos (4,14) | Rows [4836-6045) | Cols [8470-9075) | Local NNZ: 0
Rank 51: Grid pos (3,3) | Rows [3627-4836) | Cols [1815-2420) | Local NNZ: 0
Rank 92: Grid pos (5,12) | Rows [6045-7254) | Cols [7260-7865) | Local NNZ: 0
Rank 57: Grid pos (3,9) | Rows [3627-4836) | Cols [5445-6050) | Local NNZ: 0
Rank 102: Grid pos (6,6) | Rows [7254-8463) | Cols [3630-4235) | Local NNZ: 0
Rank 99: Grid pos (6,3) | Rows [7254-8463) | Cols [1815-2420) | Local NNZ: 0
Rank 114: Grid pos (7,2) | Rows [8463-9669) | Cols [1210-1815) | Local NNZ: 0
Rank 15: Grid pos (0,15) | Rows [0-1209) | Cols [9075-9669) | Local NNZ: 0
Rank 86: Grid pos (5,6) | Rows [6045-7254) | Cols [3630-4235) | Local NNZ: 0
Rank 53: Grid pos (3,5) | Rows [3627-4836) | Cols [3025-3630) | Local NNZ: 129
Rank 110: Grid pos (6,14) | Rows [7254-8463) | Cols [8470-9075) | Local NNZ: 0
Rank 77: Grid pos (4,13) | Rows [4836-6045) | Cols [7865-8470) | Local NNZ: 0
Rank 116: Grid pos (7,4) | Rows [8463-9669) | Cols [2420-3025) | Local NNZ: 0
Rank 105: Grid pos (6,9) | Rows [7254-8463) | Cols [5445-6050) | Local NNZ: 0
Rank 122: Grid pos (7,10) | Rows [8463-9669) | Cols [6050-6655) | Local NNZ: 0
Rank 23: Grid pos (1,7) | Rows [1209-2418) | Cols [4235-4840) | Local NNZ: 0
Rank 73: Grid pos (4,9) | Rows [4836-6045) | Cols [5445-6050) | Local NNZ: 2279
Rank 90: Grid pos (5,10) | Rows [6045-7254) | Cols [6050-6655) | Local NNZ: 2416
Rank 31: Grid pos (1,15) | Rows [1209-2418) | Cols [9075-9669) | Local NNZ: 0
Rank 108: Grid pos (6,12) | Rows [7254-8463) | Cols [7260-7865) | Local NNZ: 2416
Rank 71: Grid pos (4,7) | Rows [4836-6045) | Cols [4235-4840) | Local NNZ: 137
Rank 118: Grid pos (7,6) | Rows [8463-9669) | Cols [3630-4235) | Local NNZ: 0
Rank 75: Grid pos (4,11) | Rows [4836-6045) | Cols [6655-7260) | Local NNZ: 0
Rank 83: Grid pos (5,3) | Rows [6045-7254) | Cols [1815-2420) | Local NNZ: 0
Rank 89: Grid pos (5,9) | Rows [6045-7254) | Cols [5445-6050) | Local NNZ: 140
Rank 94: Grid pos (5,14) | Rows [6045-7254) | Cols [8470-9075) | Local NNZ: 0
Rank 39: Grid pos (2,7) | Rows [2418-3627) | Cols [4235-4840) | Local NNZ: 0
Rank 124: Grid pos (7,12) | Rows [8463-9669) | Cols [7260-7865) | Local NNZ: 0
Rank 47: Grid pos (2,15) | Rows [2418-3627) | Cols [9075-9669) | Local NNZ: 0
Rank 59: Grid pos (3,11) | Rows [3627-4836) | Cols [6655-7260) | Local NNZ: 0
Rank 61: Grid pos (3,13) | Rows [3627-4836) | Cols [7865-8470) | Local NNZ: 0
Rank 79: Grid pos (4,15) | Rows [4836-6045) | Cols [9075-9669) | Local NNZ: 0
Rank 85: Grid pos (5,5) | Rows [6045-7254) | Cols [3025-3630) | Local NNZ: 0
Rank 87: Grid pos (5,7) | Rows [6045-7254) | Cols [4235-4840) | Local NNZ: 0
Rank 101: Grid pos (6,5) | Rows [7254-8463) | Cols [3025-3630) | Local NNZ: 0
Rank 107: Grid pos (6,11) | Rows [7254-8463) | Cols [6655-7260) | Local NNZ: 144
Rank 113: Grid pos (7,1) | Rows [8463-9669) | Cols [605-1210) | Local NNZ: 0
Rank 117: Grid pos (7,5) | Rows [8463-9669) | Cols [3025-3630) | Local NNZ: 0
Rank 121: Grid pos (7,9) | Rows [8463-9669) | Cols [5445-6050) | Local NNZ: 0
Rank 103: Grid pos (6,7) | Rows [7254-8463) | Cols [4235-4840) | Local NNZ: 0
Rank 115: Grid pos (7,3) | Rows [8463-9669) | Cols [1815-2420) | Local NNZ: 0
Rank 55: Grid pos (3,7) | Rows [3627-4836) | Cols [4235-4840) | Local NNZ: 2282
Rank 63: Grid pos (3,15) | Rows [3627-4836) | Cols [9075-9669) | Local NNZ: 0
Rank 109: Grid pos (6,13) | Rows [7254-8463) | Cols [7865-8470) | Local NNZ: 2272
Rank 93: Grid pos (5,13) | Rows [6045-7254) | Cols [7865-8470) | Local NNZ: 0
Rank 119: Grid pos (7,7) | Rows [8463-9669) | Cols [4235-4840) | Local NNZ: 0
Rank 125: Grid pos (7,13) | Rows [8463-9669) | Cols [7865-8470) | Local NNZ: 144
Rank 123: Grid pos (7,11) | Rows [8463-9669) | Cols [6655-7260) | Local NNZ: 0
Rank 111: Grid pos (6,15) | Rows [7254-8463) | Cols [9075-9669) | Local NNZ: 0
Rank 91: Grid pos (5,11) | Rows [6045-7254) | Cols [6655-7260) | Local NNZ: 2275
Rank 95: Grid pos (5,15) | Rows [6045-7254) | Cols [9075-9669) | Local NNZ: 0
Rank 112: Grid pos (7,0) | Rows [8463-9669) | Cols [0-605) | Local NNZ: 0
Rank 127: Grid pos (7,15) | Rows [8463-9669) | Cols [9075-9669) | Local NNZ: 2263
Rank 126: Grid pos (7,14) | Rows [8463-9669) | Cols [8470-9075) | Local NNZ: 2420
2D Process Grid: 8 x 16 (rows x cols)
Rank 32: Grid pos (2,0) | Rows [2418-3627) | Cols [0-605) | Local NNZ: 0
Rank 2: Grid pos (0,2) | Rows [0-1209) | Cols [1210-1815) | Local NNZ: 0
Rank 4: Grid pos (0,4) | Rows [0-1209) | Cols [2420-3025) | Local NNZ: 0
Rank 16: Grid pos (1,0) | Rows [1209-2418) | Cols [0-605) | Local NNZ: 0
Rank 8: Grid pos (0,8) | Rows [0-1209) | Cols [4840-5445) | Local NNZ: 0
Rank 0: Grid pos (0,0) | Rows [0-1209) | Cols [0-605) | Local NNZ: 2421
Applied 2D distribution
Rank 34: Grid pos (2,2) | Rows [2418-3627) | Cols [1210-1815) | Local NNZ: 0
Rank 6: Grid pos (0,6) | Rows [0-1209) | Cols [3630-4235) | Local NNZ: 0
Rank 40: Grid pos (2,8) | Rows [2418-3627) | Cols [4840-5445) | Local NNZ: 0
Rank 20: Grid pos (1,4) | Rows [1209-2418) | Cols [2420-3025) | Local NNZ: 0
Rank 48: Grid pos (3,0) | Rows [3627-4836) | Cols [0-605) | Local NNZ: 0
Rank 10: Grid pos (0,10) | Rows [0-1209) | Cols [6050-6655) | Local NNZ: 0
Rank 12: Grid pos (0,12) | Rows [0-1209) | Cols [7260-7865) | Local NNZ: 0
Rank 36: Grid pos (2,4) | Rows [2418-3627) | Cols [2420-3025) | Local NNZ: 2417
Rank 38: Grid pos (2,6) | Rows [2418-3627) | Cols [3630-4235) | Local NNZ: 0
Rank 42: Grid pos (2,10) | Rows [2418-3627) | Cols [6050-6655) | Local NNZ: 0
Rank 50: Grid pos (3,2) | Rows [3627-4836) | Cols [1210-1815) | Local NNZ: 0
Rank 56: Grid pos (3,8) | Rows [3627-4836) | Cols [4840-5445) | Local NNZ: 0
Rank 14: Grid pos (0,14) | Rows [0-1209) | Cols [8470-9075) | Local NNZ: 0
Rank 18: Grid pos (1,2) | Rows [1209-2418) | Cols [1210-1815) | Local NNZ: 2418
Rank 22: Grid pos (1,6) | Rows [1209-2418) | Cols [3630-4235) | Local NNZ: 0
Rank 52: Grid pos (3,4) | Rows [3627-4836) | Cols [2420-3025) | Local NNZ: 0
Rank 44: Grid pos (2,12) | Rows [2418-3627) | Cols [7260-7865) | Local NNZ: 0
Rank 60: Grid pos (3,12) | Rows [3627-4836) | Cols [7260-7865) | Local NNZ: 0
Rank 46: Grid pos (2,14) | Rows [2418-3627) | Cols [8470-9075) | Local NNZ: 0
Rank 58: Grid pos (3,10) | Rows [3627-4836) | Cols [6050-6655) | Local NNZ: 0
Rank 54: Grid pos (3,6) | Rows [3627-4836) | Cols [3630-4235) | Local NNZ: 2418
Rank 62: Grid pos (3,14) | Rows [3627-4836) | Cols [8470-9075) | Local NNZ: 0
Rank 24: Grid pos (1,8) | Rows [1209-2418) | Cols [4840-5445) | Local NNZ: 0
Rank 26: Grid pos (1,10) | Rows [1209-2418) | Cols [6050-6655) | Local NNZ: 0
Rank 28: Grid pos (1,12) | Rows [1209-2418) | Cols [7260-7865) | Local NNZ: 0
Rank 30: Grid pos (1,14) | Rows [1209-2418) | Cols [8470-9075) | Local NNZ: 0
Ghost columns identified: 600 total ghost values needed
Local vector initialized (size=76 per process)

========================================
COMPREHENSIVE METRICS SUMMARY
========================================
PROCESSES: 128
DISTRIBUTION: 2D
ITERATIONS: 10
Matrix NNZ: 38530
BALANCE: nnz_local   min=       0  avg=    301.02  max=    2421
COMM:    ghost       min=       0  avg=     78.11  max=     601  | recv_double_avg=    624.88 B
MEM:     bytes       min=   15076  avg=     19349  max=   48972
STRUCT:  ghost_ratio min=   0.000  avg=     6.474  max= 100.000
METRICS: t_total     = 8.789e-04        t_comp.   = 1.419e-05      t_comm= 8.665e-04
         gflops_total= 8.767478e-02   gflops_comp= 5.432152e+00
========================================

[RESULT] 0,128,2D,0,0.001016617,0.001002550,2421,600,4842
[RESULT] 0,128,2D,1,0.000600576,0.000586987,2421,600,4842
[RESULT] 0,128,2D,2,0.000975847,0.000962257,2421,600,4842
[RESULT] 0,128,2D,3,0.000586033,0.000572681,2421,600,4842
[RESULT] 0,128,2D,4,0.000973940,0.000960827,2421,600,4842
[RESULT] 0,128,2D,5,0.000552416,0.000539541,2421,600,4842
[RESULT] 0,128,2D,6,0.000954151,0.000941038,2421,600,4842
[RESULT] 0,128,2D,7,0.000560522,0.000547171,2421,600,4842
[RESULT] 0,128,2D,8,0.000932455,0.000919342,2421,600,4842
[RESULT] 0,128,2D,9,0.001439810,0.001426458,2421,600,4842
Total execution time: 0.095 seconds
