Retrieving the matrix from '../matrices/1138_bus.mtx'...
%%MatrixMarket matrix coordinate real symmetric
1138 1138 2596
Real Matrix: Rows=1138 | Cols=1138 | NNZ=2596 | Procs=1 | Distribution=1D
Applied 1D distribution
Ghost columns identified: 0 total ghost values needed
Local vector initialized (size=1138 per process)

========================================
COMPREHENSIVE METRICS SUMMARY
========================================
PROCESSES: 1
DISTRIBUTION: 1D
ITERATIONS: 10
Matrix NNZ: 2596
BALANCE: nnz_local   min=    2596  avg=   2596.00  max=    2596
COMM:    ghost       min=       0  avg=      0.00  max=       0  | recv_double_avg=      0.00 B
MEM:     bytes       min=   53916  avg=     53916  max=   53916
STRUCT:  ghost_ratio min=   0.000  avg=     0.000  max=   0.000
METRICS: t_total     = 7.010e-05        t_comp.   = 4.847e-05      t_comm= 2.162e-05
         gflops_total= 7.407084e-02   gflops_comp= 1.071167e-01
========================================

[RESULT] 0,1,1D,0,0.000066996,0.000020742,2596,0,5192
[RESULT] 0,1,1D,1,0.000070095,0.000021458,2596,0,5192
[RESULT] 0,1,1D,2,0.000068188,0.000022173,2596,0,5192
[RESULT] 0,1,1D,3,0.000067711,0.000018835,2596,0,5192
[RESULT] 0,1,1D,4,0.000066996,0.000022888,2596,0,5192
[RESULT] 0,1,1D,5,0.000068426,0.000022888,2596,0,5192
[RESULT] 0,1,1D,6,0.000066519,0.000022411,2596,0,5192
[RESULT] 0,1,1D,7,0.000066996,0.000021935,2596,0,5192
[RESULT] 0,1,1D,8,0.000069380,0.000021935,2596,0,5192
[RESULT] 0,1,1D,9,0.000089645,0.000020981,2596,0,5192
Total execution time: 0.034 seconds
