Retrieving the matrix from '../matrices/Hook_1498.mtx'...
%%MatrixMarket matrix coordinate real symmetric
1498023 1498023 31207734
Real Matrix: Rows=1498023 | Cols=1498023 | NNZ=31207734 | Procs=128 | Distribution=1D
Applied 1D distribution
Ghost columns identified: 216047 total ghost values needed
Local vector initialized (size=11704 per process)

========================================
COMPREHENSIVE METRICS SUMMARY
========================================
PROCESSES: 128
DISTRIBUTION: 1D
ITERATIONS: 10
Matrix NNZ: 31207734
BALANCE: nnz_local   min=  242322  avg= 243810.42  max=  245412
COMM:    ghost       min=  215680  avg= 216887.45  max=  218381  | recv_double_avg=1735099.62 B
MEM:     bytes       min= 4867388  avg=   4894895  max= 4925472
STRUCT:  ghost_ratio min=  88.602  avg=    88.957  max=  89.342
METRICS: t_total     = 2.304e+00        t_comp.   = 2.591e-01      t_comm= 2.046e+00
         gflops_total= 2.709440e-02   gflops_comp= 2.408650e-01
========================================

[RESULT] 0,128,1D,0,1.793509007,1.791189432,242533,216047,485066
[RESULT] 0,128,1D,1,1.541535378,1.539206266,242533,216047,485066
[RESULT] 0,128,1D,2,1.534553766,1.532197475,242533,216047,485066
[RESULT] 0,128,1D,3,1.539589882,1.537203550,242533,216047,485066
[RESULT] 0,128,1D,4,1.537583351,1.535193205,242533,216047,485066
[RESULT] 0,128,1D,5,1.790499210,1.788030386,242533,216047,485066
[RESULT] 0,128,1D,6,1.794495583,1.792031765,242533,216047,485066
[RESULT] 0,128,1D,7,1.799525499,1.797038555,242533,216047,485066
[RESULT] 0,128,1D,8,1.795526743,1.793044806,242533,216047,485066
[RESULT] 0,128,1D,9,1.738520384,1.736095190,242533,216047,485066
Total execution time: 1820.994 seconds
