Retrieving the matrix from '../matrices/cond-mat-2005.mtx'...
%%MatrixMarket matrix coordinate real symmetric
40421 40421 175693
Real Matrix: Rows=40421 | Cols=40421 | NNZ=175693 | Procs=2 | Distribution=2D
2D Process Grid: 1 x 2 (rows x cols)
Rank 1: Grid pos (0,1) | Rows [0-40421) | Cols [20211-40421) | Local NNZ: 24374
Rank 0: Grid pos (0,0) | Rows [0-40421) | Cols [0-20211) | Local NNZ: 151319
Applied 2D distribution
Ghost columns identified: 8131 total ghost values needed
Local vector initialized (size=20211 per process)

========================================
COMPREHENSIVE METRICS SUMMARY
========================================
PROCESSES: 2
DISTRIBUTION: 2D
ITERATIONS: 10
Matrix NNZ: 175693
BALANCE: nnz_local   min=   24374  avg=  87846.50  max=  151319
COMM:    ghost       min=    4859  avg=   6495.00  max=    8131  | recv_double_avg=  51960.00 B
MEM:     bytes       min=  978096  avg=   1752858  max= 2527620
STRUCT:  ghost_ratio min=   5.373  avg=    12.654  max=  19.935
METRICS: t_total     = 2.078e-03        t_comp.   = 1.937e-03      t_comm= 1.410e-04
         gflops_total= 1.690626e-01   gflops_comp= 1.813619e-01
========================================

[RESULT] 0,2,2D,0,0.002066135,0.000128984,151319,8131,302638
[RESULT] 0,2,2D,1,0.002084494,0.000152588,151319,8131,302638
[RESULT] 0,2,2D,2,0.002089024,0.000151396,151319,8131,302638
[RESULT] 0,2,2D,3,0.002095699,0.000156641,151319,8131,302638
[RESULT] 0,2,2D,4,0.002075195,0.000143051,151319,8131,302638
[RESULT] 0,2,2D,5,0.002067327,0.000134706,151319,8131,302638
[RESULT] 0,2,2D,6,0.002081633,0.000143766,151319,8131,302638
[RESULT] 0,2,2D,7,0.002076387,0.000143290,151319,8131,302638
[RESULT] 0,2,2D,8,0.002070904,0.000123024,151319,8131,302638
[RESULT] 0,2,2D,9,0.002077579,0.000132084,151319,8131,302638
Total execution time: 0.119 seconds
