Retrieving the matrix from '../matrices/1138_bus.mtx'...
%%MatrixMarket matrix coordinate real symmetric
1138 1138 2596
Real Matrix: Rows=1138 | Cols=1138 | NNZ=2596 | Procs=64 | Distribution=2D
2D Process Grid: 8 x 8 (rows x cols)
Rank 1: Grid pos (0,1) | Rows [0-143) | Cols [143-286) | Local NNZ: 0
Rank 3: Grid pos (0,3) | Rows [0-143) | Cols [429-572) | Local NNZ: 0
Rank 0: Grid pos (0,0) | Rows [0-143) | Cols [0-143) | Local NNZ: 302
Applied 2D distribution
Rank 2: Grid pos (0,2) | Rows [0-143) | Cols [286-429) | Local NNZ: 0
Rank 4: Grid pos (0,4) | Rows [0-143) | Cols [572-715) | Local NNZ: 0
Rank 5: Grid pos (0,5) | Rows [0-143) | Cols [715-858) | Local NNZ: 0
Rank 16: Grid pos (2,0) | Rows [286-429) | Cols [0-143) | Local NNZ: 31
Rank 7: Grid pos (0,7) | Rows [0-143) | Cols [1001-1138) | Local NNZ: 0
Rank 32: Grid pos (4,0) | Rows [572-715) | Cols [0-143) | Local NNZ: 7
Rank 9: Grid pos (1,1) | Rows [143-286) | Cols [143-286) | Local NNZ: 303
Rank 6: Grid pos (0,6) | Rows [0-143) | Cols [858-1001) | Local NNZ: 0
Rank 11: Grid pos (1,3) | Rows [143-286) | Cols [429-572) | Local NNZ: 0
Rank 8: Grid pos (1,0) | Rows [143-286) | Cols [0-143) | Local NNZ: 27
Rank 13: Grid pos (1,5) | Rows [143-286) | Cols [715-858) | Local NNZ: 0
Rank 10: Grid pos (1,2) | Rows [143-286) | Cols [286-429) | Local NNZ: 0
Rank 15: Grid pos (1,7) | Rows [143-286) | Cols [1001-1138) | Local NNZ: 0
Rank 12: Grid pos (1,4) | Rows [143-286) | Cols [572-715) | Local NNZ: 0
Rank 17: Grid pos (2,1) | Rows [286-429) | Cols [143-286) | Local NNZ: 41
Rank 18: Grid pos (2,2) | Rows [286-429) | Cols [286-429) | Local NNZ: 255
Rank 19: Grid pos (2,3) | Rows [286-429) | Cols [429-572) | Local NNZ: 0
Rank 20: Grid pos (2,4) | Rows [286-429) | Cols [572-715) | Local NNZ: 0
Rank 21: Grid pos (2,5) | Rows [286-429) | Cols [715-858) | Local NNZ: 0
Rank 24: Grid pos (3,0) | Rows [429-572) | Cols [0-143) | Local NNZ: 19
Rank 23: Grid pos (2,7) | Rows [286-429) | Cols [1001-1138) | Local NNZ: 0
Rank 26: Grid pos (3,2) | Rows [429-572) | Cols [286-429) | Local NNZ: 34
Rank 25: Grid pos (3,1) | Rows [429-572) | Cols [143-286) | Local NNZ: 1
Rank 34: Grid pos (4,2) | Rows [572-715) | Cols [286-429) | Local NNZ: 7
Rank 27: Grid pos (3,3) | Rows [429-572) | Cols [429-572) | Local NNZ: 279
Rank 36: Grid pos (4,4) | Rows [572-715) | Cols [572-715) | Local NNZ: 256
Rank 29: Grid pos (3,5) | Rows [429-572) | Cols [715-858) | Local NNZ: 0
Rank 40: Grid pos (5,0) | Rows [715-858) | Cols [0-143) | Local NNZ: 12
Rank 31: Grid pos (3,7) | Rows [429-572) | Cols [1001-1138) | Local NNZ: 0
Rank 48: Grid pos (6,0) | Rows [858-1001) | Cols [0-143) | Local NNZ: 3
Rank 33: Grid pos (4,1) | Rows [572-715) | Cols [143-286) | Local NNZ: 2
Rank 52: Grid pos (6,4) | Rows [858-1001) | Cols [572-715) | Local NNZ: 2
Rank 35: Grid pos (4,3) | Rows [572-715) | Cols [429-572) | Local NNZ: 31
Rank 56: Grid pos (7,0) | Rows [1001-1138) | Cols [0-143) | Local NNZ: 7
Rank 37: Grid pos (4,5) | Rows [572-715) | Cols [715-858) | Local NNZ: 0
Rank 14: Grid pos (1,6) | Rows [143-286) | Cols [858-1001) | Local NNZ: 0
Rank 39: Grid pos (4,7) | Rows [572-715) | Cols [1001-1138) | Local NNZ: 0
Rank 22: Grid pos (2,6) | Rows [286-429) | Cols [858-1001) | Local NNZ: 0
Rank 41: Grid pos (5,1) | Rows [715-858) | Cols [143-286) | Local NNZ: 4
Rank 28: Grid pos (3,4) | Rows [429-572) | Cols [572-715) | Local NNZ: 0
Rank 43: Grid pos (5,3) | Rows [715-858) | Cols [429-572) | Local NNZ: 25
Rank 30: Grid pos (3,6) | Rows [429-572) | Cols [858-1001) | Local NNZ: 0
Rank 45: Grid pos (5,5) | Rows [715-858) | Cols [715-858) | Local NNZ: 255
Rank 38: Grid pos (4,6) | Rows [572-715) | Cols [858-1001) | Local NNZ: 0
Rank 47: Grid pos (5,7) | Rows [715-858) | Cols [1001-1138) | Local NNZ: 0
Rank 42: Grid pos (5,2) | Rows [715-858) | Cols [286-429) | Local NNZ: 8
Rank 49: Grid pos (6,1) | Rows [858-1001) | Cols [143-286) | Local NNZ: 0
Rank 44: Grid pos (5,4) | Rows [715-858) | Cols [572-715) | Local NNZ: 19
Rank 51: Grid pos (6,3) | Rows [858-1001) | Cols [429-572) | Local NNZ: 31
Rank 46: Grid pos (5,6) | Rows [715-858) | Cols [858-1001) | Local NNZ: 0
Rank 53: Grid pos (6,5) | Rows [858-1001) | Cols [715-858) | Local NNZ: 34
Rank 50: Grid pos (6,2) | Rows [858-1001) | Cols [286-429) | Local NNZ: 0
Rank 55: Grid pos (6,7) | Rows [858-1001) | Cols [1001-1138) | Local NNZ: 0
Rank 54: Grid pos (6,6) | Rows [858-1001) | Cols [858-1001) | Local NNZ: 287
Rank 57: Grid pos (7,1) | Rows [1001-1138) | Cols [143-286) | Local NNZ: 1
Rank 58: Grid pos (7,2) | Rows [1001-1138) | Cols [286-429) | Local NNZ: 0
Rank 59: Grid pos (7,3) | Rows [1001-1138) | Cols [429-572) | Local NNZ: 5
Rank 60: Grid pos (7,4) | Rows [1001-1138) | Cols [572-715) | Local NNZ: 38
Rank 61: Grid pos (7,5) | Rows [1001-1138) | Cols [715-858) | Local NNZ: 10
Rank 62: Grid pos (7,6) | Rows [1001-1138) | Cols [858-1001) | Local NNZ: 7
Rank 63: Grid pos (7,7) | Rows [1001-1138) | Cols [1001-1138) | Local NNZ: 253
Ghost columns identified: 140 total ghost values needed
Local vector initialized (size=18 per process)

========================================
COMPREHENSIVE METRICS SUMMARY
========================================
PROCESSES: 64
DISTRIBUTION: 2D
ITERATIONS: 10
Matrix NNZ: 2596
BALANCE: nnz_local   min=       0  avg=     40.56  max=     303
COMM:    ghost       min=       0  avg=     21.67  max=     141  | recv_double_avg=    173.38 B
MEM:     bytes       min=    1784  avg=      2513  max=    6628
STRUCT:  ghost_ratio min=   0.000  avg=    34.876  max= 100.000
METRICS: t_total     = 3.296e-04        t_comp.   = 1.860e-06      t_comm= 3.277e-04
         gflops_total= 1.575291e-02   gflops_comp= 2.791901e+00
========================================

[RESULT] 0,64,2D,0,0.000293016,0.000291109,302,140,604
[RESULT] 0,64,2D,1,0.000653744,0.000651598,302,140,604
[RESULT] 0,64,2D,2,0.000265360,0.000263691,302,140,604
[RESULT] 0,64,2D,3,0.000250578,0.000248671,302,140,604
[RESULT] 0,64,2D,4,0.000237942,0.000236273,302,140,604
[RESULT] 0,64,2D,5,0.000213146,0.000211477,302,140,604
[RESULT] 0,64,2D,6,0.000266790,0.000265121,302,140,604
[RESULT] 0,64,2D,7,0.000237226,0.000235558,302,140,604
[RESULT] 0,64,2D,8,0.000225544,0.000224113,302,140,604
[RESULT] 0,64,2D,9,0.000598907,0.000597239,302,140,604
Total execution time: 0.017 seconds
