Retrieving the matrix from '../matrices/1138_bus.mtx'...
%%MatrixMarket matrix coordinate real symmetric
1138 1138 2596
Real Matrix: Rows=1138 | Cols=1138 | NNZ=2596 | Procs=2 | Distribution=2D_cyclic
2D Process Grid (Cyclic): 1 x 2
Rank 1: Grid (0,1) | Local rows=1138 | NNZ=1299 | ColsGlobal
Rank 0: Grid (0,0) | Local rows=1138 | NNZ=1297 | ColsGlobal
Applied 2D cyclic distribution (global column indices preserved)
2D Comm Pattern: grid 1 x 2 | expand ghosts on rank 0: 284
2D: local vector size = 569 (column block), local rows = 1138

========================================
COMPREHENSIVE METRICS SUMMARY
========================================
PROCESSES: 2
DISTRIBUTION: 2D_cyclic
GRID: 1 x 2 (proc_rows x proc_cols)
ITERATIONS: 10
Matrix NNZ: 2596
BALANCE: nnz_local   min=    1297  avg=   1298.00  max=    1299
COMM:    ghost       min=     284  avg=    284.00  max=     284  | recv_double_avg=   2272.00 B
METRICS: t_total     = 4.566e-04  t_comp = 2.000e-04  t_comm = 2.796e-04
         gflops_total= 1.137193e-02  gflops_comp= 2.596478e-02
========================================

[RESULT] 0,2,2D_cyclic,0,0.000667450,0.000499970,1297,284,2594
[RESULT] 0,2,2D_cyclic,1,0.000677054,0.000368146,1297,284,2594
[RESULT] 0,2,2D_cyclic,2,0.000538338,0.000350379,1297,284,2594
[RESULT] 0,2,2D_cyclic,3,0.000340710,0.000175839,1297,284,2594
[RESULT] 0,2,2D_cyclic,4,0.000464838,0.000318295,1297,284,2594
[RESULT] 0,2,2D_cyclic,5,0.000379874,0.000291047,1297,284,2594
[RESULT] 0,2,2D_cyclic,6,0.000328877,0.000240225,1297,284,2594
[RESULT] 0,2,2D_cyclic,7,0.000321353,0.000191365,1297,284,2594
[RESULT] 0,2,2D_cyclic,8,0.000363137,0.000196834,1297,284,2594
[RESULT] 0,2,2D_cyclic,9,0.000450277,0.000163730,1297,284,2594
Total execution time: 0.011 seconds
