Retrieving the matrix from '../matrices/1138_bus.mtx'...
%%MatrixMarket matrix coordinate real symmetric
1138 1138 2596
Real Matrix: Rows=1138 | Cols=1138 | NNZ=2596 | Procs=8 | Distribution=2D
2D Process Grid: 2 x 4 (rows x cols)
Rank 3: Grid pos (0,3) | Rows [0-569) | Cols [855-1138) | Local NNZ: 0
Rank 2: Grid pos (0,2) | Rows [0-569) | Cols [570-855) | Local NNZ: 0
Rank 1: Grid pos (0,1) | Rows [0-569) | Cols [285-570) | Local NNZ: 566
Rank 4: Grid pos (1,0) | Rows [569-1138) | Cols [0-285) | Local NNZ: 36
Rank 5: Grid pos (1,1) | Rows [569-1138) | Cols [285-570) | Local NNZ: 106
Rank 0: Grid pos (0,0) | Rows [0-569) | Cols [0-285) | Local NNZ: 723
Applied 2D distribution
Rank 6: Grid pos (1,2) | Rows [569-1138) | Cols [570-855) | Local NNZ: 614
Rank 7: Grid pos (1,3) | Rows [569-1138) | Cols [855-1138) | Local NNZ: 551
Ghost columns identified: 249 total ghost values needed
Local vector initialized (size=143 per process)

========================================
COMPREHENSIVE METRICS SUMMARY
========================================
PROCESSES: 8
DISTRIBUTION: 2D
ITERATIONS: 10
Matrix NNZ: 2596
BALANCE: nnz_local   min=       0  avg=    324.50  max=     723
COMM:    ghost       min=       0  avg=    132.38  max=     249  | recv_double_avg=   1059.00 B
MEM:     bytes       min=    7968  avg=     12923  max=   18644
STRUCT:  ghost_ratio min=   0.000  avg=    33.645  max=  66.667
METRICS: t_total     = 7.401e-05        t_comp.   = 4.578e-06      t_comm= 6.943e-05
         gflops_total= 7.015730e-02   gflops_comp= 1.134210e+00
========================================

[RESULT] 0,8,2D,0,0.000055790,0.000049114,723,249,1446
[RESULT] 0,8,2D,1,0.000064611,0.000058889,723,249,1446
[RESULT] 0,8,2D,2,0.000070572,0.000065804,723,249,1446
[RESULT] 0,8,2D,3,0.000070095,0.000065804,723,249,1446
[RESULT] 0,8,2D,4,0.000072241,0.000068188,723,249,1446
[RESULT] 0,8,2D,5,0.000071049,0.000066996,723,249,1446
[RESULT] 0,8,2D,6,0.000070095,0.000066042,723,249,1446
[RESULT] 0,8,2D,7,0.000067472,0.000063419,723,249,1446
[RESULT] 0,8,2D,8,0.000096798,0.000092506,723,249,1446
[RESULT] 0,8,2D,9,0.000101328,0.000097513,723,249,1446
Total execution time: 0.006 seconds
