Retrieving the matrix from '../matrices/1138_bus.mtx'...
%%MatrixMarket matrix coordinate real symmetric
1138 1138 2596
Real Matrix: Rows=1138 | Cols=1138 | NNZ=2596 | Procs=4 | Distribution=1D
Applied 1D distribution
Ghost columns identified: 247 total ghost values needed
Local vector initialized (size=285 per process)

========================================
COMPREHENSIVE METRICS SUMMARY
========================================
PROCESSES: 4
DISTRIBUTION: 1D
ITERATIONS: 10
Matrix NNZ: 2596
BALANCE: nnz_local   min=     609  avg=    649.00  max=     668
COMM:    ghost       min=     226  avg=    245.75  max=     260  | recv_double_avg=   1966.00 B
MEM:     bytes       min=   14800  avg=     15448  max=   15780
STRUCT:  ghost_ratio min=  37.110  avg=    37.850  max=  38.922
METRICS: t_total     = 9.859e-05        t_comp.   = 3.529e-06      t_comm= 9.506e-05
         gflops_total= 5.266463e-02   gflops_comp= 1.471407e+00
========================================

[RESULT] 0,4,1D,0,0.000044823,0.000038385,665,247,1330
[RESULT] 0,4,1D,1,0.000043154,0.000038862,665,247,1330
[RESULT] 0,4,1D,2,0.000041723,0.000038385,665,247,1330
[RESULT] 0,4,1D,3,0.000047684,0.000044584,665,247,1330
[RESULT] 0,4,1D,4,0.000045776,0.000042915,665,247,1330
[RESULT] 0,4,1D,5,0.000040531,0.000037670,665,247,1330
[RESULT] 0,4,1D,6,0.000047684,0.000044584,665,247,1330
[RESULT] 0,4,1D,7,0.000042915,0.000040054,665,247,1330
[RESULT] 0,4,1D,8,0.000041962,0.000039339,665,247,1330
[RESULT] 0,4,1D,9,0.000039339,0.000036716,665,247,1330
Total execution time: 0.005 seconds
