Retrieving the matrix from '../matrices/dixmaanl.mtx'...
%%MatrixMarket matrix coordinate real symmetric
60000 60000 179999
Real Matrix: Rows=60000 | Cols=60000 | NNZ=179999 | Procs=16 | Distribution=1D
Applied 1D distribution
Ghost columns identified: 3749 total ghost values needed
Local vector initialized (size=3750 per process)

========================================
COMPREHENSIVE METRICS SUMMARY
========================================
PROCESSES: 16
DISTRIBUTION: 1D
ITERATIONS: 10
Matrix NNZ: 179999
BALANCE: nnz_local   min=   11249  avg=  11249.94  max=   11250
COMM:    ghost       min=    3749  avg=   3749.94  max=    3750  | recv_double_avg=  29999.50 B
MEM:     bytes       min=  239984  avg=    240003  max=  240004
STRUCT:  ghost_ratio min=  33.327  avg=    33.333  max=  33.333
METRICS: t_total     = 4.836e-02        t_comp.   = 4.100e-03      t_comm= 4.782e-02
         gflops_total= 7.443560e-03   gflops_comp= 8.781178e-02
========================================

[RESULT] 0,16,1D,0,0.033338785,0.032004356,11249,3749,22498
[RESULT] 0,16,1D,1,0.032732725,0.032011271,11249,3749,22498
[RESULT] 0,16,1D,2,0.032741547,0.032025576,11249,3749,22498
[RESULT] 0,16,1D,3,0.032713890,0.032018423,11249,3749,22498
[RESULT] 0,16,1D,4,0.032739162,0.032017946,11249,3749,22498
[RESULT] 0,16,1D,5,0.064442635,0.064025640,11249,3749,22498
[RESULT] 0,16,1D,6,0.064434528,0.064013004,11249,3749,22498
[RESULT] 0,16,1D,7,0.064167023,0.064028502,11249,3749,22498
[RESULT] 0,16,1D,8,0.064148188,0.064028740,11249,3749,22498
[RESULT] 0,16,1D,9,0.062178373,0.062048912,11249,3749,22498
Total execution time: 3.477 seconds
