Retrieving the matrix from '../matrices/msdoor.mtx'...
%%MatrixMarket matrix coordinate real symmetric
415863 415863 10328399
Real Matrix: Rows=415863 | Cols=415863 | NNZ=10328399 | Procs=2 | Distribution=2D_cyclic
2D Process Grid (Cyclic): 1 x 2
Rank 0: Grid pos (0,0) | Local rows: 415863 | Local NNZ: 5177581
Applied 2Dcyclic distribution
Rank 1: Grid pos (0,1) | Local rows: 415863 | Local NNZ: 5150818
Ghost columns identified: 0 total ghost values needed
Local vector initialized (size=207932 per process)

========================================
COMPREHENSIVE METRICS SUMMARY
========================================
PROCESSES: 2
DISTRIBUTION: 2D_cyclic
ITERATIONS: 10
Matrix NNZ: 10328399
BALANCE: nnz_local   min= 5150818  avg=5164199.50  max= 5177581
COMM:    ghost       min=       0  avg=      0.00  max=       0  | recv_double_avg=      0.00 B
MEM:     bytes       min=68463624  avg=  68624206  max=68784788
STRUCT:  ghost_ratio min=   0.000  avg=     0.000  max=   0.000
METRICS: t_total     = 1.662e-02        t_comp.   = 1.662e-02      t_comm= 2.575e-06
         gflops_total= 1.242571e+00   gflops_comp= 1.242764e+00
========================================

[RESULT] 0,2,2D_cyclic,0,0.016664982,0.000002384,5177581,0,10355162
[RESULT] 0,2,2D_cyclic,1,0.016640425,0.000002623,5177581,0,10355162
[RESULT] 0,2,2D_cyclic,2,0.016629934,0.000002384,5177581,0,10355162
[RESULT] 0,2,2D_cyclic,3,0.016616821,0.000002146,5177581,0,10355162
[RESULT] 0,2,2D_cyclic,4,0.016569853,0.000002623,5177581,0,10355162
[RESULT] 0,2,2D_cyclic,5,0.016652346,0.000002384,5177581,0,10355162
[RESULT] 0,2,2D_cyclic,6,0.016653538,0.000002861,5177581,0,10355162
[RESULT] 0,2,2D_cyclic,7,0.016631842,0.000002384,5177581,0,10355162
[RESULT] 0,2,2D_cyclic,8,0.016600609,0.000002861,5177581,0,10355162
[RESULT] 0,2,2D_cyclic,9,0.016582012,0.000003099,5177581,0,10355162
Total execution time: 6.074 seconds
