Retrieving the matrix from '../matrices/Hook_1498.mtx'...
%%MatrixMarket matrix coordinate real symmetric
1498023 1498023 31207734
Real Matrix: Rows=1498023 | Cols=1498023 | NNZ=31207734 | Procs=16 | Distribution=1D
Applied 1D distribution
Ghost columns identified: 976716 total ghost values needed
Local vector initialized (size=93627 per process)

========================================
COMPREHENSIVE METRICS SUMMARY
========================================
PROCESSES: 16
DISTRIBUTION: 1D
ITERATIONS: 10
Matrix NNZ: 31207734
BALANCE: nnz_local   min= 1946145  avg=1950483.38  max= 1954716
COMM:    ghost       min=  976716  avg= 978192.31  max=  979385  | recv_double_avg=7825538.50 B
MEM:     bytes       min=33042260  avg=  33103872  max=33163012
STRUCT:  ghost_ratio min=  50.096  avg=    50.151  max=  50.211
METRICS: t_total     = 4.276e-02        t_comp.   = 1.164e-02      t_comm= 3.153e-02
         gflops_total= 1.459505e+00   gflops_comp= 5.364065e+00
========================================

[RESULT] 0,16,1D,0,0.045361042,0.034587860,1948584,976716,3897168
[RESULT] 0,16,1D,1,0.041529655,0.030759335,1948584,976716,3897168
[RESULT] 0,16,1D,2,0.041697025,0.030891418,1948584,976716,3897168
[RESULT] 0,16,1D,3,0.042171478,0.031394243,1948584,976716,3897168
[RESULT] 0,16,1D,4,0.042113304,0.031314135,1948584,976716,3897168
[RESULT] 0,16,1D,5,0.041808128,0.031001568,1948584,976716,3897168
[RESULT] 0,16,1D,6,0.041871071,0.031109571,1948584,976716,3897168
[RESULT] 0,16,1D,7,0.041720152,0.030878067,1948584,976716,3897168
[RESULT] 0,16,1D,8,0.041674137,0.030781269,1948584,976716,3897168
[RESULT] 0,16,1D,9,0.042034626,0.031232834,1948584,976716,3897168
Total execution time: 20.831 seconds
