Retrieving the matrix from '../matrices/flowmeter0.mtx'...
%%MatrixMarket matrix coordinate real symmetric
9669 9669 38530
Real Matrix: Rows=9669 | Cols=9669 | NNZ=38530 | Procs=8 | Distribution=2D
2D Process Grid: 2 x 4 (rows x cols)
Rank 5: Grid pos (1,1) | Rows [4835-9669) | Cols [2418-4836) | Local NNZ: 126
Rank 3: Grid pos (0,3) | Rows [0-4835) | Cols [7254-9669) | Local NNZ: 0
Rank 4: Grid pos (1,0) | Rows [4835-9669) | Cols [0-2418) | Local NNZ: 0
Rank 2: Grid pos (0,2) | Rows [0-4835) | Cols [4836-7254) | Local NNZ: 0
Rank 1: Grid pos (0,1) | Rows [0-4835) | Cols [2418-4836) | Local NNZ: 9537
Rank 0: Grid pos (0,0) | Rows [0-4835) | Cols [0-2418) | Local NNZ: 9666
Applied 2D distribution
Rank 7: Grid pos (1,3) | Rows [4835-9669) | Cols [7254-9669) | Local NNZ: 9540
Rank 6: Grid pos (1,2) | Rows [4835-9669) | Cols [4836-7254) | Local NNZ: 9661
Ghost columns identified: 2115 total ghost values needed
Local vector initialized (size=1209 per process)

========================================
COMPREHENSIVE METRICS SUMMARY
========================================
PROCESSES: 8
DISTRIBUTION: 2D
ITERATIONS: 10
Matrix NNZ: 38530
BALANCE: nnz_local   min=       0  avg=   4816.25  max=    9666
COMM:    ghost       min=       0  avg=   1063.88  max=    2116  | recv_double_avg=   8511.00 B
MEM:     bytes       min=   67684  avg=    133993  max=  200608
STRUCT:  ghost_ratio min=   0.000  avg=    16.172  max=  41.270
METRICS: t_total     = 1.816e-04        t_comp.   = 6.428e-05      t_comm= 1.181e-04
         gflops_total= 4.244426e-01   gflops_comp= 1.198862e+00
========================================

[RESULT] 0,8,2D,0,0.000154734,0.000087500,9666,2115,19332
[RESULT] 0,8,2D,1,0.000146627,0.000081301,9666,2115,19332
[RESULT] 0,8,2D,2,0.000138521,0.000074148,9666,2115,19332
[RESULT] 0,8,2D,3,0.000123262,0.000058889,9666,2115,19332
[RESULT] 0,8,2D,4,0.000128984,0.000065088,9666,2115,19332
[RESULT] 0,8,2D,5,0.000138998,0.000075817,9666,2115,19332
[RESULT] 0,8,2D,6,0.000135183,0.000071526,9666,2115,19332
[RESULT] 0,8,2D,7,0.000146627,0.000082970,9666,2115,19332
[RESULT] 0,8,2D,8,0.000138283,0.000074863,9666,2115,19332
[RESULT] 0,8,2D,9,0.000158548,0.000094891,9666,2115,19332
Total execution time: 0.030 seconds
