Retrieving the matrix from '../matrices/msdoor.mtx'...
%%MatrixMarket matrix coordinate real symmetric
415863 415863 10328399
Real Matrix: Rows=415863 | Cols=415863 | NNZ=10328399 | Procs=8 | Distribution=2D
2D Process Grid: 2 x 4 (rows x cols)
Rank 4: Grid pos (1,0) | Rows [207932-415863) | Cols [0-103966) | Local NNZ: 2232
Rank 2: Grid pos (0,2) | Rows [0-207932) | Cols [207932-311898) | Local NNZ: 0
Rank 3: Grid pos (0,3) | Rows [0-207932) | Cols [311898-415863) | Local NNZ: 0
Rank 5: Grid pos (1,1) | Rows [207932-415863) | Cols [103966-207932) | Local NNZ: 832801
Rank 7: Grid pos (1,3) | Rows [207932-415863) | Cols [311898-415863) | Local NNZ: 1701967
Rank 1: Grid pos (0,1) | Rows [0-207932) | Cols [103966-207932) | Local NNZ: 2071973
Rank 0: Grid pos (0,0) | Rows [0-207932) | Cols [0-103966) | Local NNZ: 2751760
Applied 2D distribution
Rank 6: Grid pos (1,2) | Rows [207932-415863) | Cols [207932-311898) | Local NNZ: 2967666
Ghost columns identified: 90970 total ghost values needed
Local vector initialized (size=51983 per process)

========================================
COMPREHENSIVE METRICS SUMMARY
========================================
PROCESSES: 8
DISTRIBUTION: 2D
ITERATIONS: 10
Matrix NNZ: 10328399
BALANCE: nnz_local   min=       0  avg=1291049.88  max= 2967666
COMM:    ghost       min=       0  avg=  50278.50  max=   90970  | recv_double_avg= 402228.00 B
MEM:     bytes       min= 2911052  avg=  18805872  max=39250792
STRUCT:  ghost_ratio min=   0.000  avg=     6.493  max=  31.317
METRICS: t_total     = 1.400e-01        t_comp.   = 5.750e-02      t_comm= 8.376e-02
         gflops_total= 1.475709e-01   gflops_comp= 3.592367e-01
========================================

[RESULT] 0,8,2D,0,0.140223265,0.084002018,2751760,90970,5503520
[RESULT] 0,8,2D,1,0.139929533,0.083730221,2751760,90970,5503520
[RESULT] 0,8,2D,2,0.139951468,0.083763838,2751760,90970,5503520
[RESULT] 0,8,2D,3,0.140051842,0.083764076,2751760,90970,5503520
[RESULT] 0,8,2D,4,0.139856577,0.083661079,2751760,90970,5503520
[RESULT] 0,8,2D,5,0.140055418,0.083760977,2751760,90970,5503520
[RESULT] 0,8,2D,6,0.139877558,0.083655834,2751760,90970,5503520
[RESULT] 0,8,2D,7,0.139920473,0.083729029,2751760,90970,5503520
[RESULT] 0,8,2D,8,0.139900446,0.083763361,2751760,90970,5503520
[RESULT] 0,8,2D,9,0.140021563,0.083816528,2751760,90970,5503520
Total execution time: 40.638 seconds
