Retrieving the matrix from '../matrices/msdoor.mtx'...
%%MatrixMarket matrix coordinate real symmetric
415863 415863 10328399
Real Matrix: Rows=415863 | Cols=415863 | NNZ=10328399 | Procs=4 | Distribution=1D
Applied 1D distribution
Ghost columns identified: 295524 total ghost values needed
Local vector initialized (size=103966 per process)

========================================
COMPREHENSIVE METRICS SUMMARY
========================================
PROCESSES: 4
DISTRIBUTION: 1D
ITERATIONS: 10
Matrix NNZ: 10328399
BALANCE: nnz_local   min= 2558744  avg=2582099.75  max= 2606494
COMM:    ghost       min=  295435  avg= 295540.75  max=  295616  | recv_double_avg=2364326.00 B
MEM:     bytes       min=35148444  avg=  35428842  max=35721936
STRUCT:  ghost_ratio min=  11.340  avg=    11.446  max=  11.550
METRICS: t_total     = 1.953e-02        t_comp.   = 1.607e-02      t_comm= 3.933e-03
         gflops_total= 1.057964e+00   gflops_comp= 1.285702e+00
========================================

[RESULT] 0,4,1D,0,0.018728495,0.004183531,2558744,295524,5117488
[RESULT] 0,4,1D,1,0.017535210,0.003229141,2558744,295524,5117488
[RESULT] 0,4,1D,2,0.017797947,0.003349066,2558744,295524,5117488
[RESULT] 0,4,1D,3,0.017783403,0.003238201,2558744,295524,5117488
[RESULT] 0,4,1D,4,0.017822027,0.003366470,2558744,295524,5117488
[RESULT] 0,4,1D,5,0.017568827,0.003231764,2558744,295524,5117488
[RESULT] 0,4,1D,6,0.017376423,0.003216982,2558744,295524,5117488
[RESULT] 0,4,1D,7,0.018016338,0.003245354,2558744,295524,5117488
[RESULT] 0,4,1D,8,0.017905712,0.003371477,2558744,295524,5117488
[RESULT] 0,4,1D,9,0.017749786,0.003226995,2558744,295524,5117488
Total execution time: 6.167 seconds
