Retrieving the matrix from '../matrices/msdoor.mtx'...
%%MatrixMarket matrix coordinate real symmetric
415863 415863 10328399
Real Matrix: Rows=415863 | Cols=415863 | NNZ=10328399 | Procs=16 | Distribution=2D
2D Process Grid: 4 x 4 (rows x cols)
Rank 8: Grid pos (2,0) | Rows [207932-311898) | Cols [0-103966) | Local NNZ: 2232
Rank 7: Grid pos (1,3) | Rows [103966-207932) | Cols [311898-415863) | Local NNZ: 0
Rank 6: Grid pos (1,2) | Rows [103966-207932) | Cols [207932-311898) | Local NNZ: 0
Rank 3: Grid pos (0,3) | Rows [0-103966) | Cols [311898-415863) | Local NNZ: 0
Rank 4: Grid pos (1,0) | Rows [103966-207932) | Cols [0-103966) | Local NNZ: 282612
Rank 11: Grid pos (2,3) | Rows [207932-311898) | Cols [311898-415863) | Local NNZ: 0
Rank 9: Grid pos (2,1) | Rows [207932-311898) | Cols [103966-207932) | Local NNZ: 523240
Rank 1: Grid pos (0,1) | Rows [0-103966) | Cols [103966-207932) | Local NNZ: 0
Rank 2: Grid pos (0,2) | Rows [0-103966) | Cols [207932-311898) | Local NNZ: 0
Rank 12: Grid pos (3,0) | Rows [311898-415863) | Cols [0-103966) | Local NNZ: 0
Rank 13: Grid pos (3,1) | Rows [311898-415863) | Cols [103966-207932) | Local NNZ: 309561
Rank 14: Grid pos (3,2) | Rows [311898-415863) | Cols [207932-311898) | Local NNZ: 1055648
Rank 5: Grid pos (1,1) | Rows [103966-207932) | Cols [103966-207932) | Local NNZ: 2071973
Rank 15: Grid pos (3,3) | Rows [311898-415863) | Cols [311898-415863) | Local NNZ: 1701967
Rank 10: Grid pos (2,2) | Rows [207932-311898) | Cols [207932-311898) | Local NNZ: 1912018
Rank 0: Grid pos (0,0) | Rows [0-103966) | Cols [0-103966) | Local NNZ: 2469148
Applied 2D distribution
Ghost columns identified: 97468 total ghost values needed
Local vector initialized (size=25992 per process)

========================================
COMPREHENSIVE METRICS SUMMARY
========================================
PROCESSES: 16
DISTRIBUTION: 2D
ITERATIONS: 10
Matrix NNZ: 10328399
BALANCE: nnz_local   min=       0  avg= 645524.94  max= 2469148
COMM:    ghost       min=       0  avg=  30446.62  max=   97469  | recv_double_avg= 243573.00 B
MEM:     bytes       min= 1455512  avg=   9445397  max=31865052
STRUCT:  ghost_ratio min=   0.000  avg=     4.319  max=  30.914
METRICS: t_total     = 1.323e-02        t_comp.   = 1.209e-02      t_comm= 1.136e-03
         gflops_total= 1.561849e+00   gflops_comp= 1.708590e+00
========================================

[RESULT] 0,16,2D,0,0.013159037,0.001064301,2469148,97468,4938296
[RESULT] 0,16,2D,1,0.012867689,0.001015663,2469148,97468,4938296
[RESULT] 0,16,2D,2,0.013219595,0.001054049,2469148,97468,4938296
[RESULT] 0,16,2D,3,0.013213873,0.001057863,2469148,97468,4938296
[RESULT] 0,16,2D,4,0.013243675,0.001121759,2469148,97468,4938296
[RESULT] 0,16,2D,5,0.013360500,0.001269341,2469148,97468,4938296
[RESULT] 0,16,2D,6,0.013332605,0.001265526,2469148,97468,4938296
[RESULT] 0,16,2D,7,0.013352156,0.001260281,2469148,97468,4938296
[RESULT] 0,16,2D,8,0.013337851,0.001263380,2469148,97468,4938296
[RESULT] 0,16,2D,9,0.013171673,0.000986814,2469148,97468,4938296
Total execution time: 7.027 seconds
