Retrieving the matrix from '../matrices/flowmeter0.mtx'...
%%MatrixMarket matrix coordinate real symmetric
9669 9669 38530
Real Matrix: Rows=9669 | Cols=9669 | NNZ=38530 | Procs=16 | Distribution=1D
Applied 1D distribution
Ghost columns identified: 1680 total ghost values needed
Local vector initialized (size=605 per process)

========================================
COMPREHENSIVE METRICS SUMMARY
========================================
PROCESSES: 16
DISTRIBUTION: 1D
ITERATIONS: 10
Matrix NNZ: 38530
BALANCE: nnz_local   min=    2403  avg=   2408.12  max=    2417
COMM:    ghost       min=    1619  avg=   1647.12  max=    1680  | recv_double_avg=  13177.00 B
MEM:     bytes       min=   53904  avg=     54165  max=   54428
STRUCT:  ghost_ratio min=  67.346  avg=    68.399  max=  69.796
METRICS: t_total     = 1.224e-04        t_comp.   = 1.070e-05      t_comm= 1.126e-04
         gflops_total= 6.296767e-01   gflops_comp= 7.198509e+00
========================================

[RESULT] 0,16,1D,0,0.000119925,0.000108480,2407,1680,4814
[RESULT] 0,16,1D,1,0.000113487,0.000103235,2407,1680,4814
[RESULT] 0,16,1D,2,0.000117779,0.000107765,2407,1680,4814
[RESULT] 0,16,1D,3,0.000120401,0.000110388,2407,1680,4814
[RESULT] 0,16,1D,4,0.000110865,0.000101328,2407,1680,4814
[RESULT] 0,16,1D,5,0.000105143,0.000095367,2407,1680,4814
[RESULT] 0,16,1D,6,0.000109673,0.000100136,2407,1680,4814
[RESULT] 0,16,1D,7,0.000131130,0.000121355,2407,1680,4814
[RESULT] 0,16,1D,8,0.000116825,0.000107288,2407,1680,4814
[RESULT] 0,16,1D,9,0.000104666,0.000095129,2407,1680,4814
Total execution time: 0.030 seconds
