Retrieving the matrix from '../matrices/cond-mat-2005.mtx'...
%%MatrixMarket matrix coordinate real symmetric
40421 40421 175693
Real Matrix: Rows=40421 | Cols=40421 | NNZ=175693 | Procs=8 | Distribution=2D
2D Process Grid: 2 x 4 (rows x cols)
Rank 3: Grid pos (0,3) | Rows [0-20211) | Cols [30318-40421) | Local NNZ: 0
Rank 7: Grid pos (1,3) | Rows [20211-40421) | Cols [30318-40421) | Local NNZ: 8047
Rank 2: Grid pos (0,2) | Rows [0-20211) | Cols [20212-30318) | Local NNZ: 0
Rank 1: Grid pos (0,1) | Rows [0-20211) | Cols [10106-20212) | Local NNZ: 20090
Rank 6: Grid pos (1,2) | Rows [20211-40421) | Cols [20212-30318) | Local NNZ: 16327
Rank 5: Grid pos (1,1) | Rows [20211-40421) | Cols [10106-20212) | Local NNZ: 17311
Rank 4: Grid pos (1,0) | Rows [20211-40421) | Cols [0-10106) | Local NNZ: 33402
Rank 0: Grid pos (0,0) | Rows [0-20211) | Cols [0-10106) | Local NNZ: 80516
Applied 2D distribution
Ghost columns identified: 7616 total ghost values needed
Local vector initialized (size=5053 per process)

========================================
COMPREHENSIVE METRICS SUMMARY
========================================
PROCESSES: 8
DISTRIBUTION: 2D
ITERATIONS: 10
Matrix NNZ: 175693
BALANCE: nnz_local   min=       0  avg=  21961.62  max=   80516
COMM:    ghost       min=       0  avg=   3826.75  max=    7616  | recv_double_avg=  30614.00 B
MEM:     bytes       min=  282960  avg=    577104  max= 1310080
STRUCT:  ghost_ratio min=   0.000  avg=    18.555  max=  44.203
METRICS: t_total     = 7.851e-04        t_comp.   = 6.523e-04      t_comm= 1.328e-04
         gflops_total= 4.475750e-01   gflops_comp= 5.386571e-01
========================================

[RESULT] 0,8,2D,0,0.000770807,0.000122070,80516,7616,161032
[RESULT] 0,8,2D,1,0.000782013,0.000132799,80516,7616,161032
[RESULT] 0,8,2D,2,0.000787497,0.000132084,80516,7616,161032
[RESULT] 0,8,2D,3,0.000777483,0.000123739,80516,7616,161032
[RESULT] 0,8,2D,4,0.000790834,0.000133753,80516,7616,161032
[RESULT] 0,8,2D,5,0.000781298,0.000134945,80516,7616,161032
[RESULT] 0,8,2D,6,0.000778437,0.000131130,80516,7616,161032
[RESULT] 0,8,2D,7,0.000790358,0.000135660,80516,7616,161032
[RESULT] 0,8,2D,8,0.000794888,0.000138044,80516,7616,161032
[RESULT] 0,8,2D,9,0.000797272,0.000143290,80516,7616,161032
Total execution time: 0.112 seconds
