Retrieving the matrix from '../matrices/msdoor.mtx'...
%%MatrixMarket matrix coordinate real symmetric
415863 415863 10328399
Real Matrix: Rows=415863 | Cols=415863 | NNZ=10328399 | Procs=8 | Distribution=2D_cyclic
2D Process Grid (Cyclic): 2 x 4
Rank 7: Grid pos (1,3) | Local rows: 207931 | Local NNZ: 1311292
Rank 6: Grid pos (1,2) | Local rows: 207931 | Local NNZ: 1265132
Rank 0: Grid pos (0,0) | Local rows: 207932 | Local NNZ: 1323668
Applied 2Dcyclic distribution
Rank 2: Grid pos (0,2) | Local rows: 207932 | Local NNZ: 1308512
Rank 1: Grid pos (0,1) | Local rows: 207932 | Local NNZ: 1263993
Rank 4: Grid pos (1,0) | Local rows: 207931 | Local NNZ: 1280269
Rank 3: Grid pos (0,3) | Local rows: 207932 | Local NNZ: 1248750
Rank 5: Grid pos (1,1) | Local rows: 207931 | Local NNZ: 1326783
Ghost columns identified: 51983 total ghost values needed
Local vector initialized (size=51983 per process)

========================================
COMPREHENSIVE METRICS SUMMARY
========================================
PROCESSES: 8
DISTRIBUTION: 2D_cyclic
ITERATIONS: 10
Matrix NNZ: 10328399
BALANCE: nnz_local   min= 1248750  avg=1291049.88  max= 1326783
COMM:    ghost       min=   50557  avg=  51303.38  max=   51983  | recv_double_avg= 410427.00 B
MEM:     bytes       min=18300948  avg=  18814070  max=19248300
STRUCT:  ghost_ratio min=   3.918  avg=     3.975  max=   4.053
METRICS: t_total     = 1.439e-01        t_comp.   = 3.205e-02      t_comm= 1.120e-01
         gflops_total= 1.435624e-01   gflops_comp= 6.444198e-01
========================================

[RESULT] 0,8,2D_cyclic,0,0.144018650,0.112009525,1323668,51983,2647336
[RESULT] 0,8,2D_cyclic,1,0.144077778,0.112020969,1323668,51983,2647336
[RESULT] 0,8,2D_cyclic,2,0.143993855,0.111978769,1323668,51983,2647336
[RESULT] 0,8,2D_cyclic,3,0.144164085,0.112019539,1323668,51983,2647336
[RESULT] 0,8,2D_cyclic,4,0.144080400,0.111977100,1323668,51983,2647336
[RESULT] 0,8,2D_cyclic,5,0.143954515,0.112011194,1323668,51983,2647336
[RESULT] 0,8,2D_cyclic,6,0.144016504,0.111978769,1323668,51983,2647336
[RESULT] 0,8,2D_cyclic,7,0.144084454,0.112021208,1323668,51983,2647336
[RESULT] 0,8,2D_cyclic,8,0.144078493,0.111987352,1323668,51983,2647336
[RESULT] 0,8,2D_cyclic,9,0.140533686,0.108449221,1323668,51983,2647336
Total execution time: 40.576 seconds
