Retrieving the matrix from '../matrices/dixmaanl.mtx'...
%%MatrixMarket matrix coordinate real symmetric
60000 60000 179999
Real Matrix: Rows=60000 | Cols=60000 | NNZ=179999 | Procs=128 | Distribution=2D_cyclic
Rank 14: Grid pos (0,14) | Local rows: 7500 | Local NNZ: 0
2D Process Grid (Cyclic): 8 x 16
Rank 19: Grid pos (1,3) | Local rows: 7500 | Local NNZ: 0
Rank 18: Grid pos (1,2) | Local rows: 7500 | Local NNZ: 0
Rank 22: Grid pos (1,6) | Local rows: 7500 | Local NNZ: 0
Rank 15: Grid pos (0,15) | Local rows: 7500 | Local NNZ: 3749
Rank 21: Grid pos (1,5) | Local rows: 7500 | Local NNZ: 0
Rank 20: Grid pos (1,4) | Local rows: 7500 | Local NNZ: 0
Rank 24: Grid pos (1,8) | Local rows: 7500 | Local NNZ: 3750
Rank 16: Grid pos (1,0) | Local rows: 7500 | Local NNZ: 3750
Rank 13: Grid pos (0,13) | Local rows: 7500 | Local NNZ: 0
Rank 23: Grid pos (1,7) | Local rows: 7500 | Local NNZ: 0
Rank 10: Grid pos (0,10) | Local rows: 7500 | Local NNZ: 0
Rank 17: Grid pos (1,1) | Local rows: 7500 | Local NNZ: 7500
Rank 11: Grid pos (0,11) | Local rows: 7500 | Local NNZ: 0
Rank 12: Grid pos (0,12) | Local rows: 7500 | Local NNZ: 0
Rank 26: Grid pos (1,10) | Local rows: 7500 | Local NNZ: 0
Rank 27: Grid pos (1,11) | Local rows: 7500 | Local NNZ: 0
Rank 6: Grid pos (0,6) | Local rows: 7500 | Local NNZ: 0
Rank 8: Grid pos (0,8) | Local rows: 7500 | Local NNZ: 7500
Rank 28: Grid pos (1,12) | Local rows: 7500 | Local NNZ: 0
Rank 9: Grid pos (0,9) | Local rows: 7500 | Local NNZ: 0
Rank 1: Grid pos (0,1) | Local rows: 7500 | Local NNZ: 0
Rank 118: Grid pos (7,6) | Local rows: 7500 | Local NNZ: 3750
Rank 114: Grid pos (7,2) | Local rows: 7500 | Local NNZ: 0
Rank 107: Grid pos (6,11) | Local rows: 7500 | Local NNZ: 0
Rank 30: Grid pos (1,14) | Local rows: 7500 | Local NNZ: 0
Rank 122: Grid pos (7,10) | Local rows: 7500 | Local NNZ: 0
Rank 124: Grid pos (7,12) | Local rows: 7500 | Local NNZ: 0
Rank 7: Grid pos (0,7) | Local rows: 7500 | Local NNZ: 3750
Rank 2: Grid pos (0,2) | Local rows: 7500 | Local NNZ: 0
Rank 127: Grid pos (7,15) | Local rows: 7500 | Local NNZ: 7500
Rank 32: Grid pos (2,0) | Local rows: 7500 | Local NNZ: 0
Rank 113: Grid pos (7,1) | Local rows: 7500 | Local NNZ: 0
Rank 120: Grid pos (7,8) | Local rows: 7500 | Local NNZ: 0
Rank 115: Grid pos (7,3) | Local rows: 7500 | Local NNZ: 0
Rank 106: Grid pos (6,10) | Local rows: 7500 | Local NNZ: 0
Rank 123: Grid pos (7,11) | Local rows: 7500 | Local NNZ: 0
Rank 116: Grid pos (7,4) | Local rows: 7500 | Local NNZ: 0
Rank 25: Grid pos (1,9) | Local rows: 7500 | Local NNZ: 7500
Rank 112: Grid pos (7,0) | Local rows: 7500 | Local NNZ: 0
Rank 4: Grid pos (0,4) | Local rows: 7500 | Local NNZ: 0
Rank 109: Grid pos (6,13) | Local rows: 7500 | Local NNZ: 3750
Rank 108: Grid pos (6,12) | Local rows: 7500 | Local NNZ: 0
Rank 31: Grid pos (1,15) | Local rows: 7500 | Local NNZ: 0
Rank 111: Grid pos (6,15) | Local rows: 7500 | Local NNZ: 0
Rank 121: Grid pos (7,9) | Local rows: 7500 | Local NNZ: 0
Rank 5: Grid pos (0,5) | Local rows: 7500 | Local NNZ: 0
Rank 0: Grid pos (0,0) | Local rows: 7500 | Local NNZ: 7500
Applied 2Dcyclic distribution
Rank 125: Grid pos (7,13) | Local rows: 7500 | Local NNZ: 0
Rank 110: Grid pos (6,14) | Local rows: 7500 | Local NNZ: 7500
Rank 3: Grid pos (0,3) | Local rows: 7500 | Local NNZ: 0
Rank 34: Grid pos (2,2) | Local rows: 7500 | Local NNZ: 7500
Rank 105: Grid pos (6,9) | Local rows: 7500 | Local NNZ: 0
Rank 29: Grid pos (1,13) | Local rows: 7500 | Local NNZ: 0
Rank 119: Grid pos (7,7) | Local rows: 7500 | Local NNZ: 7500
Rank 37: Grid pos (2,5) | Local rows: 7500 | Local NNZ: 0
Rank 117: Grid pos (7,5) | Local rows: 7500 | Local NNZ: 0
Rank 33: Grid pos (2,1) | Local rows: 7500 | Local NNZ: 3750
Rank 35: Grid pos (2,3) | Local rows: 7500 | Local NNZ: 0
Rank 39: Grid pos (2,7) | Local rows: 7500 | Local NNZ: 0
Rank 36: Grid pos (2,4) | Local rows: 7500 | Local NNZ: 0
Rank 38: Grid pos (2,6) | Local rows: 7500 | Local NNZ: 0
Rank 40: Grid pos (2,8) | Local rows: 7500 | Local NNZ: 0
Rank 103: Grid pos (6,7) | Local rows: 7500 | Local NNZ: 0
Rank 101: Grid pos (6,5) | Local rows: 7500 | Local NNZ: 3750
Rank 102: Grid pos (6,6) | Local rows: 7500 | Local NNZ: 7500
Rank 41: Grid pos (2,9) | Local rows: 7500 | Local NNZ: 3750
Rank 104: Grid pos (6,8) | Local rows: 7500 | Local NNZ: 0
Rank 100: Grid pos (6,4) | Local rows: 7500 | Local NNZ: 0
Rank 42: Grid pos (2,10) | Local rows: 7500 | Local NNZ: 7500
Rank 98: Grid pos (6,2) | Local rows: 7500 | Local NNZ: 0
Rank 99: Grid pos (6,3) | Local rows: 7500 | Local NNZ: 0
Rank 97: Grid pos (6,1) | Local rows: 7500 | Local NNZ: 0
Rank 64: Grid pos (4,0) | Local rows: 7500 | Local NNZ: 0
Rank 96: Grid pos (6,0) | Local rows: 7500 | Local NNZ: 0
Rank 66: Grid pos (4,2) | Local rows: 7500 | Local NNZ: 0
Rank 73: Grid pos (4,9) | Local rows: 7500 | Local NNZ: 0
Rank 72: Grid pos (4,8) | Local rows: 7500 | Local NNZ: 0
Rank 69: Grid pos (4,5) | Local rows: 7500 | Local NNZ: 0
Rank 68: Grid pos (4,4) | Local rows: 7500 | Local NNZ: 7500
Rank 65: Grid pos (4,1) | Local rows: 7500 | Local NNZ: 0
Rank 70: Grid pos (4,6) | Local rows: 7500 | Local NNZ: 0
Rank 43: Grid pos (2,11) | Local rows: 7500 | Local NNZ: 0
Rank 45: Grid pos (2,13) | Local rows: 7500 | Local NNZ: 0
Rank 63: Grid pos (3,15) | Local rows: 7500 | Local NNZ: 0
Rank 44: Grid pos (2,12) | Local rows: 7500 | Local NNZ: 0
Rank 60: Grid pos (3,12) | Local rows: 7500 | Local NNZ: 0
Rank 74: Grid pos (4,10) | Local rows: 7500 | Local NNZ: 0
Rank 58: Grid pos (3,10) | Local rows: 7500 | Local NNZ: 3750
Rank 62: Grid pos (3,14) | Local rows: 7500 | Local NNZ: 0
Rank 95: Grid pos (5,15) | Local rows: 7500 | Local NNZ: 0
Rank 48: Grid pos (3,0) | Local rows: 7500 | Local NNZ: 0
Rank 56: Grid pos (3,8) | Local rows: 7500 | Local NNZ: 0
Rank 75: Grid pos (4,11) | Local rows: 7500 | Local NNZ: 3750
Rank 77: Grid pos (4,13) | Local rows: 7500 | Local NNZ: 0
Rank 94: Grid pos (5,14) | Local rows: 7500 | Local NNZ: 0
Rank 47: Grid pos (2,15) | Local rows: 7500 | Local NNZ: 0
Rank 53: Grid pos (3,5) | Local rows: 7500 | Local NNZ: 0
Rank 91: Grid pos (5,11) | Local rows: 7500 | Local NNZ: 0
Rank 49: Grid pos (3,1) | Local rows: 7500 | Local NNZ: 0
Rank 52: Grid pos (3,4) | Local rows: 7500 | Local NNZ: 0
Rank 57: Grid pos (3,9) | Local rows: 7500 | Local NNZ: 0
Rank 71: Grid pos (4,7) | Local rows: 7500 | Local NNZ: 0
Rank 86: Grid pos (5,6) | Local rows: 7500 | Local NNZ: 0
Rank 61: Grid pos (3,13) | Local rows: 7500 | Local NNZ: 0
Rank 90: Grid pos (5,10) | Local rows: 7500 | Local NNZ: 0
Rank 54: Grid pos (3,6) | Local rows: 7500 | Local NNZ: 0
Rank 78: Grid pos (4,14) | Local rows: 7500 | Local NNZ: 0
Rank 67: Grid pos (4,3) | Local rows: 7500 | Local NNZ: 3750
Rank 82: Grid pos (5,2) | Local rows: 7500 | Local NNZ: 0
Rank 79: Grid pos (4,15) | Local rows: 7500 | Local NNZ: 0
Rank 46: Grid pos (2,14) | Local rows: 7500 | Local NNZ: 0
Rank 50: Grid pos (3,2) | Local rows: 7500 | Local NNZ: 3750
Rank 81: Grid pos (5,1) | Local rows: 7500 | Local NNZ: 0
Rank 88: Grid pos (5,8) | Local rows: 7500 | Local NNZ: 0
Rank 55: Grid pos (3,7) | Local rows: 7500 | Local NNZ: 0
Rank 89: Grid pos (5,9) | Local rows: 7500 | Local NNZ: 0
Rank 93: Grid pos (5,13) | Local rows: 7500 | Local NNZ: 7500
Rank 84: Grid pos (5,4) | Local rows: 7500 | Local NNZ: 3750
Rank 92: Grid pos (5,12) | Local rows: 7500 | Local NNZ: 3750
Rank 126: Grid pos (7,14) | Local rows: 7500 | Local NNZ: 3750
Rank 87: Grid pos (5,7) | Local rows: 7500 | Local NNZ: 0
Rank 76: Grid pos (4,12) | Local rows: 7500 | Local NNZ: 7500
Rank 59: Grid pos (3,11) | Local rows: 7500 | Local NNZ: 7500
Rank 51: Grid pos (3,3) | Local rows: 7500 | Local NNZ: 7500
Rank 85: Grid pos (5,5) | Local rows: 7500 | Local NNZ: 7500
Rank 83: Grid pos (5,3) | Local rows: 7500 | Local NNZ: 0
Rank 80: Grid pos (5,0) | Local rows: 7500 | Local NNZ: 0
Ghost columns identified: 3281 total ghost values needed
Local vector initialized (size=469 per process)

========================================
COMPREHENSIVE METRICS SUMMARY
========================================
PROCESSES: 128
DISTRIBUTION: 2D_cyclic
ITERATIONS: 10
Matrix NNZ: 179999
BALANCE: nnz_local   min=       0  avg=   1406.24  max=    7500
COMM:    ghost       min=       0  avg=    820.30  max=    3282  | recv_double_avg=   6562.44 B
MEM:     bytes       min=   93748  avg=    117191  max=  210004
STRUCT:  ghost_ratio min=   0.000  avg=    16.406  max=  87.520
METRICS: t_total     = 6.478e-05        t_comp.   = 4.919e-05      t_comm= 1.864e-05
         gflops_total= 5.557383e+00   gflops_comp= 7.319152e+00
========================================

[RESULT] 0,128,2D_cyclic,0,0.000061035,0.000012636,7500,3281,15000
[RESULT] 0,128,2D_cyclic,1,0.000058889,0.000012636,7500,3281,15000
[RESULT] 0,128,2D_cyclic,2,0.000058174,0.000012875,7500,3281,15000
[RESULT] 0,128,2D_cyclic,3,0.000078440,0.000014782,7500,3281,15000
[RESULT] 0,128,2D_cyclic,4,0.000059605,0.000013828,7500,3281,15000
[RESULT] 0,128,2D_cyclic,5,0.000058889,0.000013351,7500,3281,15000
[RESULT] 0,128,2D_cyclic,6,0.000059128,0.000013828,7500,3281,15000
[RESULT] 0,128,2D_cyclic,7,0.000059128,0.000013351,7500,3281,15000
[RESULT] 0,128,2D_cyclic,8,0.000059366,0.000013351,7500,3281,15000
[RESULT] 0,128,2D_cyclic,9,0.000060081,0.000014305,7500,3281,15000
Total execution time: 0.281 seconds
