Retrieving the matrix from '../matrices/flowmeter0.mtx'...
%%MatrixMarket matrix coordinate real symmetric
9669 9669 38530
Real Matrix: Rows=9669 | Cols=9669 | NNZ=38530 | Procs=128 | Distribution=1D
Applied 1D distribution
Ghost columns identified: 221 total ghost values needed
Local vector initialized (size=76 per process)

========================================
COMPREHENSIVE METRICS SUMMARY
========================================
PROCESSES: 128
DISTRIBUTION: 1D
ITERATIONS: 10
Matrix NNZ: 38530
BALANCE: nnz_local   min=     296  avg=    301.02  max=     305
COMM:    ghost       min=     221  avg=    225.41  max=     229  | recv_double_avg=   1803.25 B
MEM:     bytes       min=    6824  avg=      6930  max=    7016
STRUCT:  ghost_ratio min=  74.172  avg=    74.881  max=  75.248
METRICS: t_total     = 1.714e+00        t_comp.   = 1.421e-05      t_comm= 1.714e+00
         gflops_total= 4.494850e-05   gflops_comp= 5.423038e+00
========================================

[RESULT] 0,128,1D,0,1.281028986,1.281020403,297,221,594
[RESULT] 0,128,1D,1,1.534982920,1.534974337,297,221,594
[RESULT] 0,128,1D,2,1.536988735,1.536980867,297,221,594
[RESULT] 0,128,1D,3,1.529983282,1.529975176,297,221,594
[RESULT] 0,128,1D,4,1.790970564,1.790963173,297,221,594
[RESULT] 0,128,1D,5,1.793021917,1.793013096,297,221,594
[RESULT] 0,128,1D,6,1.793018341,1.793009281,297,221,594
[RESULT] 0,128,1D,7,1.536019087,1.536010981,297,221,594
[RESULT] 0,128,1D,8,1.792015314,1.792006493,297,221,594
[RESULT] 0,128,1D,9,1.536110163,1.536100388,297,221,594
Total execution time: 46.481 seconds
