Retrieving the matrix from '../matrices/1138_bus.mtx'...
%%MatrixMarket matrix coordinate real symmetric
1138 1138 2596
Real Matrix: Rows=1138 | Cols=1138 | NNZ=2596 | Procs=32 | Distribution=1D
Applied 1D distribution
Ghost columns identified: 46 total ghost values needed
Local vector initialized (size=36 per process)

========================================
COMPREHENSIVE METRICS SUMMARY
========================================
PROCESSES: 32
DISTRIBUTION: 1D
ITERATIONS: 10
Matrix NNZ: 2596
BALANCE: nnz_local   min=      68  avg=     81.12  max=      99
COMM:    ghost       min=      30  avg=     44.03  max=      61  | recv_double_avg=    352.25 B
MEM:     bytes       min=    1780  avg=      2041  max=    2400
STRUCT:  ghost_ratio min=  44.118  avg=    53.966  max=  61.616
METRICS: t_total     = 2.112e-01        t_comp.   = 1.041e-03      t_comm= 2.112e-01
         gflops_total= 2.458122e-05   gflops_comp= 4.989764e-03
========================================

[RESULT] 0,32,1D,0,0.192080498,0.192022800,86,46,172
[RESULT] 0,32,1D,1,0.255990982,0.255976200,86,46,172
[RESULT] 0,32,1D,2,0.255995512,0.255977392,86,46,172
[RESULT] 0,32,1D,3,0.255992651,0.255977392,86,46,172
[RESULT] 0,32,1D,4,0.192052364,0.191994429,86,46,172
[RESULT] 0,32,1D,5,0.192055464,0.191996098,86,46,172
[RESULT] 0,32,1D,6,0.191988230,0.191973925,86,46,172
[RESULT] 0,32,1D,7,0.192005396,0.191992283,86,46,172
[RESULT] 0,32,1D,8,0.192013502,0.191997766,86,46,172
[RESULT] 0,32,1D,9,0.192006826,0.191991091,86,46,172
Total execution time: 5.255 seconds
