Retrieving the matrix from '../matrices/cond-mat-2005.mtx'...
%%MatrixMarket matrix coordinate real symmetric
40421 40421 175693
Real Matrix: Rows=40421 | Cols=40421 | NNZ=175693 | Procs=16 | Distribution=2D_cyclic
Rank 15: Grid pos (3,3) | Local rows: 10105 | Local NNZ: 9088
Rank 1: Grid pos (0,1) | Local rows: 10106 | Local NNZ: 10032
2D Process Grid (Cyclic): 4 x 4
Rank 0: Grid pos (0,0) | Local rows: 10106 | Local NNZ: 9564
Applied 2Dcyclic distribution
Rank 2: Grid pos (0,2) | Local rows: 10106 | Local NNZ: 11166
Rank 3: Grid pos (0,3) | Local rows: 10106 | Local NNZ: 13583
Rank 8: Grid pos (2,0) | Local rows: 10105 | Local NNZ: 11184
Rank 4: Grid pos (1,0) | Local rows: 10105 | Local NNZ: 13668
Rank 11: Grid pos (2,3) | Local rows: 10105 | Local NNZ: 9849
Rank 5: Grid pos (1,1) | Local rows: 10105 | Local NNZ: 9350
Rank 13: Grid pos (3,1) | Local rows: 10105 | Local NNZ: 10997
Rank 6: Grid pos (1,2) | Local rows: 10105 | Local NNZ: 9991
Rank 12: Grid pos (3,0) | Local rows: 10105 | Local NNZ: 9941
Rank 9: Grid pos (2,1) | Local rows: 10105 | Local NNZ: 13530
Rank 14: Grid pos (3,2) | Local rows: 10105 | Local NNZ: 13360
Rank 10: Grid pos (2,2) | Local rows: 10105 | Local NNZ: 9355
Rank 7: Grid pos (1,3) | Local rows: 10105 | Local NNZ: 11035
Ghost columns identified: 2316 total ghost values needed
Local vector initialized (size=2527 per process)

========================================
COMPREHENSIVE METRICS SUMMARY
========================================
PROCESSES: 16
DISTRIBUTION: 2D_cyclic
ITERATIONS: 10
Matrix NNZ: 175693
BALANCE: nnz_local   min=    9088  avg=  10980.81  max=   13668
COMM:    ghost       min=    2315  avg=   3073.25  max=    4373  | recv_double_avg=  24586.00 B
MEM:     bytes       min=  269088  avg=    297833  max=  339672
STRUCT:  ghost_ratio min=  24.216  avg=    27.594  max=  32.410
METRICS: t_total     = 6.486e-02        t_comp.   = 1.211e-03      t_comm= 6.402e-02
         gflops_total= 5.417650e-03   gflops_comp= 2.901963e-01
========================================

[RESULT] 0,16,2D_cyclic,0,0.064198732,0.064000368,9564,2316,19128
[RESULT] 0,16,2D_cyclic,1,0.064163446,0.063968420,9564,2316,19128
[RESULT] 0,16,2D_cyclic,2,0.064196110,0.064001322,9564,2316,19128
[RESULT] 0,16,2D_cyclic,3,0.064433336,0.063977480,9564,2316,19128
[RESULT] 0,16,2D_cyclic,4,0.064464569,0.064001799,9564,2316,19128
[RESULT] 0,16,2D_cyclic,5,0.065015078,0.063997507,9564,2316,19128
[RESULT] 0,16,2D_cyclic,6,0.065003395,0.063998222,9564,2316,19128
[RESULT] 0,16,2D_cyclic,7,0.064744473,0.063998222,9564,2316,19128
[RESULT] 0,16,2D_cyclic,8,0.064736128,0.063998938,9564,2316,19128
[RESULT] 0,16,2D_cyclic,9,0.065021753,0.064000607,9564,2316,19128
Total execution time: 3.877 seconds
