Retrieving the matrix from '../matrices/flowmeter0.mtx'...
%%MatrixMarket matrix coordinate real symmetric
9669 9669 38530
Real Matrix: Rows=9669 | Cols=9669 | NNZ=38530 | Procs=32 | Distribution=2D_cyclic
Rank 1: Grid pos (0,1) | Local rows: 2418 | Local NNZ: 876
Rank 17: Grid pos (2,1) | Local rows: 2417 | Local NNZ: 917
2D Process Grid (Cyclic): 4 x 8
Rank 0: Grid pos (0,0) | Local rows: 2418 | Local NNZ: 2101
Applied 2Dcyclic distribution
Rank 4: Grid pos (0,4) | Local rows: 2418 | Local NNZ: 2085
Rank 9: Grid pos (1,1) | Local rows: 2417 | Local NNZ: 2098
Rank 3: Grid pos (0,3) | Local rows: 2418 | Local NNZ: 905
Rank 6: Grid pos (0,6) | Local rows: 2418 | Local NNZ: 897
Rank 13: Grid pos (1,5) | Local rows: 2417 | Local NNZ: 2081
Rank 5: Grid pos (0,5) | Local rows: 2418 | Local NNZ: 888
Rank 21: Grid pos (2,5) | Local rows: 2417 | Local NNZ: 893
Rank 25: Grid pos (3,1) | Local rows: 2417 | Local NNZ: 916
Rank 2: Grid pos (0,2) | Local rows: 2418 | Local NNZ: 947
Rank 29: Grid pos (3,5) | Local rows: 2417 | Local NNZ: 948
Rank 27: Grid pos (3,3) | Local rows: 2417 | Local NNZ: 2088
Rank 15: Grid pos (1,7) | Local rows: 2417 | Local NNZ: 880
Rank 16: Grid pos (2,0) | Local rows: 2417 | Local NNZ: 898
Rank 19: Grid pos (2,3) | Local rows: 2417 | Local NNZ: 889
Rank 8: Grid pos (1,0) | Local rows: 2417 | Local NNZ: 926
Rank 23: Grid pos (2,7) | Local rows: 2417 | Local NNZ: 894
Rank 11: Grid pos (1,3) | Local rows: 2417 | Local NNZ: 937
Rank 10: Grid pos (1,2) | Local rows: 2417 | Local NNZ: 875
Rank 7: Grid pos (0,7) | Local rows: 2418 | Local NNZ: 936
Rank 18: Grid pos (2,2) | Local rows: 2417 | Local NNZ: 2110
Rank 20: Grid pos (2,4) | Local rows: 2417 | Local NNZ: 934
Rank 22: Grid pos (2,6) | Local rows: 2417 | Local NNZ: 2101
Rank 24: Grid pos (3,0) | Local rows: 2417 | Local NNZ: 898
Rank 31: Grid pos (3,7) | Local rows: 2417 | Local NNZ: 2101
Rank 26: Grid pos (3,2) | Local rows: 2417 | Local NNZ: 893
Rank 12: Grid pos (1,4) | Local rows: 2417 | Local NNZ: 905
Rank 28: Grid pos (3,4) | Local rows: 2417 | Local NNZ: 904
Rank 30: Grid pos (3,6) | Local rows: 2417 | Local NNZ: 892
Rank 14: Grid pos (1,6) | Local rows: 2417 | Local NNZ: 917
Ghost columns identified: 906 total ghost values needed
Local vector initialized (size=303 per process)

========================================
COMPREHENSIVE METRICS SUMMARY
========================================
PROCESSES: 32
DISTRIBUTION: 2D_cyclic
ITERATIONS: 10
Matrix NNZ: 38530
BALANCE: nnz_local   min=     875  avg=   1204.06  max=    2110
COMM:    ghost       min=     516  avg=    632.00  max=     907  | recv_double_avg=   5056.00 B
MEM:     bytes       min=   46084  avg=     50933  max=   64000
STRUCT:  ghost_ratio min=  42.986  avg=    55.524  max=  61.590
METRICS: t_total     = 1.288e-01        t_comp.   = 6.701e-04      t_comm= 1.287e-01
         gflops_total= 5.985041e-04   gflops_comp= 1.149897e-01
========================================

[RESULT] 0,32,2D_cyclic,0,0.128025055,0.127980947,2101,906,4202
[RESULT] 0,32,2D_cyclic,1,0.128012180,0.127966642,2101,906,4202
[RESULT] 0,32,2D_cyclic,2,0.128005743,0.127960682,2101,906,4202
[RESULT] 0,32,2D_cyclic,3,0.128009319,0.127964735,2101,906,4202
[RESULT] 0,32,2D_cyclic,4,0.127006769,0.126961708,2101,906,4202
[RESULT] 0,32,2D_cyclic,5,0.128269672,0.127961874,2101,906,4202
[RESULT] 0,32,2D_cyclic,6,0.129005909,0.128962755,2101,906,4202
[RESULT] 0,32,2D_cyclic,7,0.128030062,0.127986908,2101,906,4202
[RESULT] 0,32,2D_cyclic,8,0.128018141,0.127972364,2101,906,4202
[RESULT] 0,32,2D_cyclic,9,0.126024961,0.125980139,2101,906,4202
Total execution time: 5.812 seconds
