Retrieving the matrix from '../matrices/1138_bus.mtx'...
%%MatrixMarket matrix coordinate real symmetric
1138 1138 2596
Real Matrix: Rows=1138 | Cols=1138 | NNZ=2596 | Procs=64 | Distribution=2D_cyclic
2D Process Grid (Cyclic): 8 x 8
Rank 0: Grid pos (0,0) | Local rows: 143 | Local NNZ: 158
Applied 2Dcyclic distribution
Rank 2: Grid pos (0,2) | Local rows: 143 | Local NNZ: 6
Rank 4: Grid pos (0,4) | Local rows: 143 | Local NNZ: 19
Rank 8: Grid pos (1,0) | Local rows: 143 | Local NNZ: 52
Rank 10: Grid pos (1,2) | Local rows: 143 | Local NNZ: 19
Rank 32: Grid pos (4,0) | Local rows: 142 | Local NNZ: 19
Rank 6: Grid pos (0,6) | Local rows: 143 | Local NNZ: 33
Rank 12: Grid pos (1,4) | Local rows: 143 | Local NNZ: 19
Rank 1: Grid pos (0,1) | Local rows: 143 | Local NNZ: 17
Rank 14: Grid pos (1,6) | Local rows: 143 | Local NNZ: 18
Rank 3: Grid pos (0,3) | Local rows: 143 | Local NNZ: 14
Rank 16: Grid pos (2,0) | Local rows: 142 | Local NNZ: 29
Rank 18: Grid pos (2,2) | Local rows: 142 | Local NNZ: 165
Rank 20: Grid pos (2,4) | Local rows: 142 | Local NNZ: 17
Rank 22: Grid pos (2,6) | Local rows: 142 | Local NNZ: 20
Rank 24: Grid pos (3,0) | Local rows: 142 | Local NNZ: 20
Rank 28: Grid pos (3,4) | Local rows: 142 | Local NNZ: 11
Rank 34: Grid pos (4,2) | Local rows: 142 | Local NNZ: 21
Rank 5: Grid pos (0,5) | Local rows: 143 | Local NNZ: 23
Rank 36: Grid pos (4,4) | Local rows: 142 | Local NNZ: 160
Rank 7: Grid pos (0,7) | Local rows: 143 | Local NNZ: 52
Rank 38: Grid pos (4,6) | Local rows: 142 | Local NNZ: 18
Rank 9: Grid pos (1,1) | Local rows: 143 | Local NNZ: 160
Rank 40: Grid pos (5,0) | Local rows: 142 | Local NNZ: 16
Rank 11: Grid pos (1,3) | Local rows: 143 | Local NNZ: 13
Rank 42: Grid pos (5,2) | Local rows: 142 | Local NNZ: 34
Rank 13: Grid pos (1,5) | Local rows: 143 | Local NNZ: 17
Rank 44: Grid pos (5,4) | Local rows: 142 | Local NNZ: 45
Rank 17: Grid pos (2,1) | Local rows: 142 | Local NNZ: 50
Rank 48: Grid pos (6,0) | Local rows: 142 | Local NNZ: 19
Rank 19: Grid pos (2,3) | Local rows: 142 | Local NNZ: 15
Rank 50: Grid pos (6,2) | Local rows: 142 | Local NNZ: 16
Rank 21: Grid pos (2,5) | Local rows: 142 | Local NNZ: 21
Rank 56: Grid pos (7,0) | Local rows: 142 | Local NNZ: 16
Rank 23: Grid pos (2,7) | Local rows: 142 | Local NNZ: 21
Rank 26: Grid pos (3,2) | Local rows: 142 | Local NNZ: 57
Rank 25: Grid pos (3,1) | Local rows: 142 | Local NNZ: 21
Rank 30: Grid pos (3,6) | Local rows: 142 | Local NNZ: 19
Rank 29: Grid pos (3,5) | Local rows: 142 | Local NNZ: 13
Rank 46: Grid pos (5,6) | Local rows: 142 | Local NNZ: 14
Rank 33: Grid pos (4,1) | Local rows: 142 | Local NNZ: 24
Rank 52: Grid pos (6,4) | Local rows: 142 | Local NNZ: 29
Rank 35: Grid pos (4,3) | Local rows: 142 | Local NNZ: 62
Rank 54: Grid pos (6,6) | Local rows: 142 | Local NNZ: 156
Rank 37: Grid pos (4,5) | Local rows: 142 | Local NNZ: 26
Rank 58: Grid pos (7,2) | Local rows: 142 | Local NNZ: 12
Rank 39: Grid pos (4,7) | Local rows: 142 | Local NNZ: 13
Rank 60: Grid pos (7,4) | Local rows: 142 | Local NNZ: 20
Rank 41: Grid pos (5,1) | Local rows: 142 | Local NNZ: 16
Rank 62: Grid pos (7,6) | Local rows: 142 | Local NNZ: 40
Rank 49: Grid pos (6,1) | Local rows: 142 | Local NNZ: 18
Rank 15: Grid pos (1,7) | Local rows: 143 | Local NNZ: 27
Rank 27: Grid pos (3,3) | Local rows: 142 | Local NNZ: 157
Rank 31: Grid pos (3,7) | Local rows: 142 | Local NNZ: 19
Rank 43: Grid pos (5,3) | Local rows: 142 | Local NNZ: 31
Rank 45: Grid pos (5,5) | Local rows: 142 | Local NNZ: 157
Rank 47: Grid pos (5,7) | Local rows: 142 | Local NNZ: 16
Rank 51: Grid pos (6,3) | Local rows: 142 | Local NNZ: 28
Rank 53: Grid pos (6,5) | Local rows: 142 | Local NNZ: 49
Rank 55: Grid pos (6,7) | Local rows: 142 | Local NNZ: 15
Rank 57: Grid pos (7,1) | Local rows: 142 | Local NNZ: 12
Rank 59: Grid pos (7,3) | Local rows: 142 | Local NNZ: 15
Rank 61: Grid pos (7,5) | Local rows: 142 | Local NNZ: 24
Rank 63: Grid pos (7,7) | Local rows: 142 | Local NNZ: 153
Ghost columns identified: 125 total ghost values needed
Local vector initialized (size=18 per process)

========================================
COMPREHENSIVE METRICS SUMMARY
========================================
PROCESSES: 64
DISTRIBUTION: 2D_cyclic
ITERATIONS: 10
Matrix NNZ: 2596
BALANCE: nnz_local   min=       6  avg=     40.56  max=     165
COMM:    ghost       min=       6  avg=     32.11  max=     125  | recv_double_avg=    256.88 B
MEM:     bytes       min=    1984  avg=      2597  max=    4824
STRUCT:  ghost_ratio min=  57.895  avg=    80.780  max= 100.000
METRICS: t_total     = 8.941e-06        t_comp.   = 1.144e-06      t_comm= 7.915e-06
         gflops_total= 5.807154e-01   gflops_comp= 4.536839e+00
========================================

[RESULT] 0,64,2D_cyclic,0,0.000008821,0.000007391,158,125,316
[RESULT] 0,64,2D_cyclic,1,0.000007868,0.000006914,158,125,316
[RESULT] 0,64,2D_cyclic,2,0.000008821,0.000007868,158,125,316
[RESULT] 0,64,2D_cyclic,3,0.000007629,0.000006676,158,125,316
[RESULT] 0,64,2D_cyclic,4,0.000008345,0.000007153,158,125,316
[RESULT] 0,64,2D_cyclic,5,0.000008106,0.000006914,158,125,316
[RESULT] 0,64,2D_cyclic,6,0.000008345,0.000007391,158,125,316
[RESULT] 0,64,2D_cyclic,7,0.000008345,0.000006914,158,125,316
[RESULT] 0,64,2D_cyclic,8,0.000008583,0.000007629,158,125,316
[RESULT] 0,64,2D_cyclic,9,0.000008583,0.000007629,158,125,316
Total execution time: 0.007 seconds
