Retrieving the matrix from '../matrices/1138_bus.mtx'...
Rank 1: Grid (0,1) | Rows [0,1138) | Cols [569,1138) | LocalRows=1138 | NNZ=1167 | ColsGlobal
%%MatrixMarket matrix coordinate real symmetric
1138 1138 2596
Real Matrix: Rows=1138 | Cols=1138 | NNZ=2596 | Procs=2 | Distribution=2D
2D Process Grid (Block): 1 x 2 (rows x cols)
Rank 0: Grid (0,0) | Rows [0,1138) | Cols [0,569) | LocalRows=1138 | NNZ=1429 | ColsGlobal
Applied 2D block distribution (global column indices preserved)
2D Comm Pattern: grid 1 x 2 | expand ghosts on rank 0: 0
2D: local vector size = 569 (column block), local rows = 1138

========================================
COMPREHENSIVE METRICS SUMMARY
========================================
PROCESSES: 2
DISTRIBUTION: 2D
GRID: 1 x 2 (proc_rows x proc_cols)
ITERATIONS: 10
Matrix NNZ: 2596
BALANCE: nnz_local   min=    1167  avg=   1298.00  max=    1429
COMM:    ghost       min=       0  avg=      0.00  max=       0  | recv_double_avg=      0.00 B
METRICS: t_total     = 6.729e-06  t_comp = 2.747e-06  t_comm = 3.982e-06
         gflops_total= 7.716201e-01  gflops_comp= 1.890406e+00
========================================

[RESULT] 0,2,2D,0,0.000009206,0.000004711,1429,0,2858
[RESULT] 0,2,2D,1,0.000006870,0.000003406,1429,0,2858
[RESULT] 0,2,2D,2,0.000006583,0.000003494,1429,0,2858
[RESULT] 0,2,2D,3,0.000006125,0.000003710,1429,0,2858
[RESULT] 0,2,2D,4,0.000005785,0.000003526,1429,0,2858
[RESULT] 0,2,2D,5,0.000005514,0.000003346,1429,0,2858
[RESULT] 0,2,2D,6,0.000005602,0.000003528,1429,0,2858
[RESULT] 0,2,2D,7,0.000005530,0.000003428,1429,0,2858
[RESULT] 0,2,2D,8,0.000005516,0.000003458,1429,0,2858
[RESULT] 0,2,2D,9,0.000005567,0.000003559,1429,0,2858
Total execution time: 0.025 seconds
