Retrieving the matrix from '../matrices/tmt_sym.mtx'...
%%MatrixMarket matrix coordinate real symmetric
726713 726713 2903837
Real Matrix: Rows=726713 | Cols=726713 | NNZ=2903837 | Procs=2 | Distribution=2D_cyclic
2D Process Grid (Cyclic): 1 x 2
Rank 1: Grid pos (0,1) | Local rows: 726713 | Local NNZ: 1451917
Rank 0: Grid pos (0,0) | Local rows: 726713 | Local NNZ: 1451920
Applied 2Dcyclic distribution
Ghost columns identified: 0 total ghost values needed
Local vector initialized (size=363357 per process)

========================================
COMPREHENSIVE METRICS SUMMARY
========================================
PROCESSES: 2
DISTRIBUTION: 2D_cyclic
ITERATIONS: 10
Matrix NNZ: 2903837
BALANCE: nnz_local   min= 1451917  avg=1451918.50  max= 1451920
COMM:    ghost       min=       0  avg=      0.00  max=       0  | recv_double_avg=      0.00 B
MEM:     bytes       min=29050412  avg=  29050434  max=29050456
STRUCT:  ghost_ratio min=   0.000  avg=     0.000  max=   0.000
METRICS: t_total     = 1.780e-02        t_comp.   = 8.758e-03      t_comm= 9.038e-03
         gflops_total= 3.263390e-01   gflops_comp= 6.631155e-01
========================================

[RESULT] 0,2,2D_cyclic,0,0.015297651,0.006548405,1451920,0,2903840
[RESULT] 0,2,2D_cyclic,1,0.019000053,0.010244608,1451920,0,2903840
[RESULT] 0,2,2D_cyclic,2,0.018987894,0.010263443,1451920,0,2903840
[RESULT] 0,2,2D_cyclic,3,0.018959284,0.010195017,1451920,0,2903840
[RESULT] 0,2,2D_cyclic,4,0.020984650,0.012206316,1451920,0,2903840
[RESULT] 0,2,2D_cyclic,5,0.008829355,0.000139236,1451920,0,2903840
[RESULT] 0,2,2D_cyclic,6,0.019002438,0.010207653,1451920,0,2903840
[RESULT] 0,2,2D_cyclic,7,0.018966436,0.010182381,1451920,0,2903840
[RESULT] 0,2,2D_cyclic,8,0.018964052,0.010185242,1451920,0,2903840
[RESULT] 0,2,2D_cyclic,9,0.018972635,0.010210514,1451920,0,2903840
Total execution time: 2.059 seconds
