Retrieving the matrix from '../matrices/tmt_sym.mtx'...
%%MatrixMarket matrix coordinate real symmetric
726713 726713 2903837
Real Matrix: Rows=726713 | Cols=726713 | NNZ=2903837 | Procs=32 | Distribution=1D
Applied 1D distribution
Ghost columns identified: 65697 total ghost values needed
Local vector initialized (size=22710 per process)

========================================
COMPREHENSIVE METRICS SUMMARY
========================================
PROCESSES: 32
DISTRIBUTION: 1D
ITERATIONS: 10
Matrix NNZ: 2903837
BALANCE: nnz_local   min=   90504  avg=  90744.91  max=   90959
COMM:    ghost       min=   64406  avg=  65228.78  max=   65826  | recv_double_avg= 521830.25 B
MEM:     bytes       min= 2055500  avg=   2064969  max= 2072120
STRUCT:  ghost_ratio min=  71.164  avg=    71.881  max=  72.533
METRICS: t_total     = 2.398e-01        t_comp.   = 2.205e-02      t_comm= 2.390e-01
         gflops_total= 2.421716e-02   gflops_comp= 2.633778e-01
========================================

[RESULT] 0,32,1D,0,0.256795645,0.256005764,90585,65697,181170
[RESULT] 0,32,1D,1,0.258054972,0.257254839,90585,65697,181170
[RESULT] 0,32,1D,2,0.194264174,0.193461657,90585,65697,181170
[RESULT] 0,32,1D,3,0.258754492,0.257966280,90585,65697,181170
[RESULT] 0,32,1D,4,0.192879200,0.192093134,90585,65697,181170
[RESULT] 0,32,1D,5,0.256856203,0.256076097,90585,65697,181170
[RESULT] 0,32,1D,6,0.256840229,0.256053448,90585,65697,181170
[RESULT] 0,32,1D,7,0.256840467,0.256052732,90585,65697,181170
[RESULT] 0,32,1D,8,0.256857634,0.256070614,90585,65697,181170
[RESULT] 0,32,1D,9,0.210021496,0.209197521,90585,65697,181170
Total execution time: 54.049 seconds
