Retrieving the matrix from '../matrices/Hook_1498.mtx'...
%%MatrixMarket matrix coordinate real symmetric
1498023 1498023 31207734
Real Matrix: Rows=1498023 | Cols=1498023 | NNZ=31207734 | Procs=4 | Distribution=2D
2D Process Grid: 2 x 2 (rows x cols)
Rank 2: Grid pos (1,0) | Rows [749012-1498023) | Cols [0-749012) | Local NNZ: 247082
Rank 1: Grid pos (0,1) | Rows [0-749012) | Cols [749012-1498023) | Local NNZ: 0
Rank 0: Grid pos (0,0) | Rows [0-749012) | Cols [0-749012) | Local NNZ: 15524280
Applied 2D distribution
Rank 3: Grid pos (1,1) | Rows [749012-1498023) | Cols [749012-1498023) | Local NNZ: 15436372
Ghost columns identified: 561759 total ghost values needed
Local vector initialized (size=374506 per process)

========================================
COMPREHENSIVE METRICS SUMMARY
========================================
PROCESSES: 4
DISTRIBUTION: 2D
ITERATIONS: 10
Matrix NNZ: 31207734
BALANCE: nnz_local   min=       0  avg=7801933.50  max=15524280
COMM:    ghost       min=       0  avg= 284531.25  max=  561759  | recv_double_avg=2276250.00 B
MEM:     bytes       min=11984196  avg= 107883640  max=202769628
STRUCT:  ghost_ratio min=   0.000  avg=     3.292  max=   5.912
METRICS: t_total     = 3.906e-01        t_comp.   = 2.147e-01      t_comm= 1.758e-01
         gflops_total= 1.598020e-01   gflops_comp= 2.906550e-01
========================================

[RESULT] 0,4,2D,0,0.391538620,0.176478386,15524280,561759,31048560
[RESULT] 0,4,2D,1,0.389559507,0.174890041,15524280,561759,31048560
[RESULT] 0,4,2D,2,0.389220715,0.174515963,15524280,561759,31048560
[RESULT] 0,4,2D,3,0.396767139,0.182027340,15524280,561759,31048560
[RESULT] 0,4,2D,4,0.389993906,0.175213099,15524280,561759,31048560
[RESULT] 0,4,2D,5,0.389975786,0.175168753,15524280,561759,31048560
[RESULT] 0,4,2D,6,0.388904095,0.174156666,15524280,561759,31048560
[RESULT] 0,4,2D,7,0.390300751,0.175206900,15524280,561759,31048560
[RESULT] 0,4,2D,8,0.387490034,0.174858332,15524280,561759,31048560
[RESULT] 0,4,2D,9,0.392050266,0.175877810,15524280,561759,31048560
Total execution time: 91.466 seconds
