Retrieving the matrix from '../matrices/flowmeter0.mtx'...
%%MatrixMarket matrix coordinate real symmetric
9669 9669 38530
Real Matrix: Rows=9669 | Cols=9669 | NNZ=38530 | Procs=32 | Distribution=2D
Rank 1: Grid pos (0,1) | Rows [0-2418) | Cols [1209-2418) | Local NNZ: 4714
2D Process Grid: 4 x 8 (rows x cols)
Rank 0: Grid pos (0,0) | Rows [0-2418) | Cols [0-1209) | Local NNZ: 4833
Applied 2D distribution
Rank 4: Grid pos (0,4) | Rows [0-2418) | Cols [4836-6045) | Local NNZ: 0
Rank 2: Grid pos (0,2) | Rows [0-2418) | Cols [2418-3627) | Local NNZ: 0
Rank 16: Grid pos (2,0) | Rows [4836-7254) | Cols [0-1209) | Local NNZ: 0
Rank 6: Grid pos (0,6) | Rows [0-2418) | Cols [7254-8463) | Local NNZ: 0
Rank 3: Grid pos (0,3) | Rows [0-2418) | Cols [3627-4836) | Local NNZ: 0
Rank 8: Grid pos (1,0) | Rows [2418-4836) | Cols [0-1209) | Local NNZ: 0
Rank 5: Grid pos (0,5) | Rows [0-2418) | Cols [6045-7254) | Local NNZ: 0
Rank 12: Grid pos (1,4) | Rows [2418-4836) | Cols [4836-6045) | Local NNZ: 0
Rank 10: Grid pos (1,2) | Rows [2418-4836) | Cols [2418-3627) | Local NNZ: 4829
Rank 20: Grid pos (2,4) | Rows [4836-7254) | Cols [4836-6045) | Local NNZ: 4831
Rank 24: Grid pos (3,0) | Rows [7254-9669) | Cols [0-1209) | Local NNZ: 0
Rank 9: Grid pos (1,1) | Rows [2418-4836) | Cols [1209-2418) | Local NNZ: 119
Rank 26: Grid pos (3,2) | Rows [7254-9669) | Cols [2418-3627) | Local NNZ: 0
Rank 17: Grid pos (2,1) | Rows [4836-7254) | Cols [1209-2418) | Local NNZ: 0
Rank 28: Grid pos (3,4) | Rows [7254-9669) | Cols [4836-6045) | Local NNZ: 0
Rank 14: Grid pos (1,6) | Rows [2418-4836) | Cols [7254-8463) | Local NNZ: 0
Rank 25: Grid pos (3,1) | Rows [7254-9669) | Cols [1209-2418) | Local NNZ: 0
Rank 18: Grid pos (2,2) | Rows [4836-7254) | Cols [2418-3627) | Local NNZ: 0
Rank 21: Grid pos (2,5) | Rows [4836-7254) | Cols [6045-7254) | Local NNZ: 4711
Rank 22: Grid pos (2,6) | Rows [4836-7254) | Cols [7254-8463) | Local NNZ: 0
Rank 27: Grid pos (3,3) | Rows [7254-9669) | Cols [3627-4836) | Local NNZ: 0
Rank 11: Grid pos (1,3) | Rows [2418-4836) | Cols [3627-4836) | Local NNZ: 4712
Rank 29: Grid pos (3,5) | Rows [7254-9669) | Cols [6045-7254) | Local NNZ: 119
Rank 23: Grid pos (2,7) | Rows [4836-7254) | Cols [8463-9669) | Local NNZ: 0
Rank 7: Grid pos (0,7) | Rows [0-2418) | Cols [8463-9669) | Local NNZ: 0
Rank 13: Grid pos (1,5) | Rows [2418-4836) | Cols [6045-7254) | Local NNZ: 0
Rank 31: Grid pos (3,7) | Rows [7254-9669) | Cols [8463-9669) | Local NNZ: 4709
Rank 15: Grid pos (1,7) | Rows [2418-4836) | Cols [8463-9669) | Local NNZ: 0
Rank 19: Grid pos (2,3) | Rows [4836-7254) | Cols [3627-4836) | Local NNZ: 122
Rank 30: Grid pos (3,6) | Rows [7254-9669) | Cols [7254-8463) | Local NNZ: 4831
Ghost columns identified: 1171 total ghost values needed
Local vector initialized (size=303 per process)

========================================
COMPREHENSIVE METRICS SUMMARY
========================================
PROCESSES: 32
DISTRIBUTION: 2D
ITERATIONS: 10
Matrix NNZ: 38530
BALANCE: nnz_local   min=       0  avg=   1204.06  max=    4833
COMM:    ghost       min=       0  avg=    297.94  max=    1171  | recv_double_avg=   2383.50 B
MEM:     bytes       min=   31400  avg=     48260  max=   98808
STRUCT:  ghost_ratio min=   0.000  avg=    10.535  max=  47.899
METRICS: t_total     = 2.108e-01        t_comp.   = 3.361e-04      t_comm= 2.106e-01
         gflops_total= 3.655128e-04   gflops_comp= 2.292616e-01
========================================

[RESULT] 0,32,2D,0,0.256041288,0.255983114,4833,1171,9666
[RESULT] 0,32,2D,1,0.192044258,0.191998959,4833,1171,9666
[RESULT] 0,32,2D,2,0.192061663,0.192002296,4833,1171,9666
[RESULT] 0,32,2D,3,0.192024708,0.191983461,4833,1171,9666
[RESULT] 0,32,2D,4,0.189058304,0.189016104,4833,1171,9666
[RESULT] 0,32,2D,5,0.191041470,0.191000462,4833,1171,9666
[RESULT] 0,32,2D,6,0.192030430,0.191985846,4833,1171,9666
[RESULT] 0,32,2D,7,0.192018270,0.191977024,4833,1171,9666
[RESULT] 0,32,2D,8,0.192026138,0.191983461,4833,1171,9666
[RESULT] 0,32,2D,9,0.194036722,0.193994522,4833,1171,9666
Total execution time: 6.769 seconds
