Retrieving the matrix from '../matrices/tmt_sym.mtx'...
%%MatrixMarket matrix coordinate real symmetric
726713 726713 2903837
Real Matrix: Rows=726713 | Cols=726713 | NNZ=2903837 | Procs=4 | Distribution=2D_cyclic
2D Process Grid (Cyclic): 2 x 2
Rank 0: Grid pos (0,0) | Local rows: 363357 | Local NNZ: 726184
Applied 2Dcyclic distribution
Rank 2: Grid pos (1,0) | Local rows: 363356 | Local NNZ: 725736
Rank 1: Grid pos (0,1) | Local rows: 363357 | Local NNZ: 725992
Rank 3: Grid pos (1,1) | Local rows: 363356 | Local NNZ: 725925
Ghost columns identified: 181678 total ghost values needed
Local vector initialized (size=181679 per process)

========================================
COMPREHENSIVE METRICS SUMMARY
========================================
PROCESSES: 4
DISTRIBUTION: 2D_cyclic
ITERATIONS: 10
Matrix NNZ: 2903837
BALANCE: nnz_local   min=  725736  avg= 725959.25  max=  726184
COMM:    ghost       min=  181623  avg= 181661.00  max=  181678  | recv_double_avg=1453288.00 B
MEM:     bytes       min=15975852  avg=  15978507  max=15981352
STRUCT:  ghost_ratio min=  25.017  avg=    25.024  max=  25.032
METRICS: t_total     = 3.215e-01        t_comp.   = 6.249e-03      t_comm= 3.164e-01
         gflops_total= 1.806317e-02   gflops_comp= 9.293980e-01
========================================

[RESULT] 0,4,2D_cyclic,0,0.309560299,0.303341866,726184,181678,1452368
[RESULT] 0,4,2D_cyclic,1,0.312292814,0.306030989,726184,181678,1452368
[RESULT] 0,4,2D_cyclic,2,0.309365988,0.303096056,726184,181678,1452368
[RESULT] 0,4,2D_cyclic,3,0.318280220,0.312028885,726184,181678,1452368
[RESULT] 0,4,2D_cyclic,4,0.310877323,0.304687262,726184,181678,1452368
[RESULT] 0,4,2D_cyclic,5,0.309420586,0.303156376,726184,181678,1452368
[RESULT] 0,4,2D_cyclic,6,0.318309546,0.312024117,726184,181678,1452368
[RESULT] 0,4,2D_cyclic,7,0.311888218,0.305662155,726184,181678,1452368
[RESULT] 0,4,2D_cyclic,8,0.307596445,0.301318884,726184,181678,1452368
[RESULT] 0,4,2D_cyclic,9,0.318268538,0.312024832,726184,181678,1452368
Total execution time: 12.206 seconds
