Retrieving the matrix from '../matrices/1138_bus.mtx'...
%%MatrixMarket matrix coordinate real symmetric
1138 1138 2596
Real Matrix: Rows=1138 | Cols=1138 | NNZ=2596 | Procs=2 | Distribution=1D
Applied 1D distribution
Ghost columns identified: 300 total ghost values needed
Local vector initialized (size=569 per process)

========================================
COMPREHENSIVE METRICS SUMMARY
========================================
PROCESSES: 2
DISTRIBUTION: 1D
ITERATIONS: 10
Matrix NNZ: 2596
BALANCE: nnz_local   min=    1263  avg=   1298.00  max=    1333
COMM:    ghost       min=     278  avg=    289.00  max=     300  | recv_double_avg=   2312.00 B
METRICS: t_total     = 3.847e-04  t_comp = 1.954e-04  t_comm = 1.893e-04
         gflops_total= 1.349647e-02  gflops_comp= 2.657244e-02
========================================

[RESULT] 0,2,1D,0,0.000358639,0.000197519,1333,300,2666
[RESULT] 0,2,1D,1,0.000315146,0.000147931,1333,300,2666
[RESULT] 0,2,1D,2,0.000324211,0.000178277,1333,300,2666
[RESULT] 0,2,1D,3,0.000337065,0.000192632,1333,300,2666
[RESULT] 0,2,1D,4,0.000348417,0.000189428,1333,300,2666
[RESULT] 0,2,1D,5,0.000337923,0.000189220,1333,300,2666
[RESULT] 0,2,1D,6,0.000383939,0.000227752,1333,300,2666
[RESULT] 0,2,1D,7,0.000376881,0.000205510,1333,300,2666
[RESULT] 0,2,1D,8,0.000361626,0.000187771,1333,300,2666
[RESULT] 0,2,1D,9,0.000376787,0.000177413,1333,300,2666
Total execution time: 0.010 seconds
