Retrieving the matrix from '../matrices/flowmeter0.mtx'...
%%MatrixMarket matrix coordinate real symmetric
9669 9669 38530
Real Matrix: Rows=9669 | Cols=9669 | NNZ=38530 | Procs=32 | Distribution=1D
Applied 1D distribution
Ghost columns identified: 894 total ghost values needed
Local vector initialized (size=303 per process)

========================================
COMPREHENSIVE METRICS SUMMARY
========================================
PROCESSES: 32
DISTRIBUTION: 1D
ITERATIONS: 10
Matrix NNZ: 38530
BALANCE: nnz_local   min=    1199  avg=   1204.06  max=    1209
COMM:    ghost       min=     870  avg=    885.03  max=     898  | recv_double_avg=   7080.25 B
MEM:     bytes       min=   27392  avg=     27576  max=   27704
STRUCT:  ghost_ratio min=  72.560  avg=    73.504  max=  74.523
METRICS: t_total     = 2.663e-04        t_comp.   = 5.293e-06      t_comm= 2.614e-04
         gflops_total= 2.894100e-01   gflops_comp= 1.455915e+01
========================================

[RESULT] 0,32,1D,0,0.000243187,0.000237465,1202,894,2404
[RESULT] 0,32,1D,1,0.000254154,0.000249386,1202,894,2404
[RESULT] 0,32,1D,2,0.000214577,0.000210047,1202,894,2404
[RESULT] 0,32,1D,3,0.000231028,0.000226259,1202,894,2404
[RESULT] 0,32,1D,4,0.000258446,0.000253439,1202,894,2404
[RESULT] 0,32,1D,5,0.000242472,0.000237465,1202,894,2404
[RESULT] 0,32,1D,6,0.000243187,0.000238419,1202,894,2404
[RESULT] 0,32,1D,7,0.000221968,0.000216961,1202,894,2404
[RESULT] 0,32,1D,8,0.000330448,0.000325680,1202,894,2404
[RESULT] 0,32,1D,9,0.000232935,0.000228167,1202,894,2404
Total execution time: 0.040 seconds
