Retrieving the matrix from '../matrices/Hook_1498.mtx'...
%%MatrixMarket matrix coordinate real symmetric
1498023 1498023 31207734
Real Matrix: Rows=1498023 | Cols=1498023 | NNZ=31207734 | Procs=2 | Distribution=2D_cyclic
2D Process Grid (Cyclic): 1 x 2
Rank 0: Grid pos (0,0) | Local rows: 1498023 | Local NNZ: 15604795
Applied 2Dcyclic distribution
Rank 1: Grid pos (0,1) | Local rows: 1498023 | Local NNZ: 15602939
Ghost columns identified: 0 total ghost values needed
Local vector initialized (size=749012 per process)

========================================
COMPREHENSIVE METRICS SUMMARY
========================================
PROCESSES: 2
DISTRIBUTION: 2D_cyclic
ITERATIONS: 10
Matrix NNZ: 31207734
BALANCE: nnz_local   min=15602939  avg=15603867.00  max=15604795
COMM:    ghost       min=       0  avg=      0.00  max=       0  | recv_double_avg=      0.00 B
MEM:     bytes       min=211203636  avg= 211214776  max=211225916
STRUCT:  ghost_ratio min=   0.000  avg=     0.000  max=   0.000
METRICS: t_total     = 5.861e-02        t_comp.   = 5.844e-02      t_comm= 1.692e-04
         gflops_total= 1.065013e+00   gflops_comp= 1.068095e+00
========================================

[RESULT] 0,2,2D_cyclic,0,0.058583498,0.000151634,15604795,0,31209590
[RESULT] 0,2,2D_cyclic,1,0.058696508,0.000164270,15604795,0,31209590
[RESULT] 0,2,2D_cyclic,2,0.058534384,0.000155449,15604795,0,31209590
[RESULT] 0,2,2D_cyclic,3,0.058607817,0.000168800,15604795,0,31209590
[RESULT] 0,2,2D_cyclic,4,0.058589697,0.000175238,15604795,0,31209590
[RESULT] 0,2,2D_cyclic,5,0.058547258,0.000174999,15604795,0,31209590
[RESULT] 0,2,2D_cyclic,6,0.058593273,0.000167847,15604795,0,31209590
[RESULT] 0,2,2D_cyclic,7,0.058589935,0.000174284,15604795,0,31209590
[RESULT] 0,2,2D_cyclic,8,0.058559895,0.000186682,15604795,0,31209590
[RESULT] 0,2,2D_cyclic,9,0.058751583,0.000172377,15604795,0,31209590
Total execution time: 18.721 seconds
