Retrieving the matrix from '../matrices/Hook_1498.mtx'...
%%MatrixMarket matrix coordinate real symmetric
1498023 1498023 31207734
Real Matrix: Rows=1498023 | Cols=1498023 | NNZ=31207734 | Procs=16 | Distribution=2D
2D Process Grid: 4 x 4 (rows x cols)
Rank 14: Grid pos (3,2) | Rows [1123518-1498023) | Cols [749012-1123518) | Local NNZ: 221967
Rank 13: Grid pos (3,1) | Rows [1123518-1498023) | Cols [374506-749012) | Local NNZ: 0
Rank 1: Grid pos (0,1) | Rows [0-374506) | Cols [374506-749012) | Local NNZ: 0
Rank 11: Grid pos (2,3) | Rows [749012-1123518) | Cols [1123518-1498023) | Local NNZ: 0
Rank 7: Grid pos (1,3) | Rows [374506-749012) | Cols [1123518-1498023) | Local NNZ: 0
Rank 2: Grid pos (0,2) | Rows [0-374506) | Cols [749012-1123518) | Local NNZ: 0
Rank 3: Grid pos (0,3) | Rows [0-374506) | Cols [1123518-1498023) | Local NNZ: 0
Rank 4: Grid pos (1,0) | Rows [374506-749012) | Cols [0-374506) | Local NNZ: 194717
Rank 12: Grid pos (3,0) | Rows [1123518-1498023) | Cols [0-374506) | Local NNZ: 0
Rank 8: Grid pos (2,0) | Rows [749012-1123518) | Cols [0-374506) | Local NNZ: 0
Rank 6: Grid pos (1,2) | Rows [374506-749012) | Cols [749012-1123518) | Local NNZ: 0
Rank 9: Grid pos (2,1) | Rows [749012-1123518) | Cols [374506-749012) | Local NNZ: 247082
Rank 15: Grid pos (3,3) | Rows [1123518-1498023) | Cols [1123518-1498023) | Local NNZ: 7616748
Rank 10: Grid pos (2,2) | Rows [749012-1123518) | Cols [749012-1123518) | Local NNZ: 7597657
Rank 0: Grid pos (0,0) | Rows [0-374506) | Cols [0-374506) | Local NNZ: 7721104
Applied 2D distribution
Rank 5: Grid pos (1,1) | Rows [374506-749012) | Cols [374506-749012) | Local NNZ: 7608459
Ghost columns identified: 351099 total ghost values needed
Local vector initialized (size=93627 per process)

========================================
COMPREHENSIVE METRICS SUMMARY
========================================
PROCESSES: 16
DISTRIBUTION: 2D
ITERATIONS: 10
Matrix NNZ: 31207734
BALANCE: nnz_local   min=       0  avg=1950483.38  max= 7721104
COMM:    ghost       min=       0  avg=  90886.56  max=  351100  | recv_double_avg= 727092.50 B
MEM:     bytes       min= 5243072  avg=  29375978  max=100705132
STRUCT:  ghost_ratio min=   0.000  avg=     2.556  max=   7.689
METRICS: t_total     = 4.272e-02        t_comp.   = 3.931e-02      t_comm= 3.586e-03
         gflops_total= 1.461184e+00   gflops_comp= 1.587674e+00
========================================

[RESULT] 0,16,2D,0,0.043023825,0.003729105,7721104,351099,15442208
[RESULT] 0,16,2D,1,0.042588711,0.003322840,7721104,351099,15442208
[RESULT] 0,16,2D,2,0.042473555,0.003186941,7721104,351099,15442208
[RESULT] 0,16,2D,3,0.042614698,0.003273487,7721104,351099,15442208
[RESULT] 0,16,2D,4,0.042667627,0.003470421,7721104,351099,15442208
[RESULT] 0,16,2D,5,0.042881966,0.003495455,7721104,351099,15442208
[RESULT] 0,16,2D,6,0.042462349,0.003215790,7721104,351099,15442208
[RESULT] 0,16,2D,7,0.042713165,0.003318310,7721104,351099,15442208
[RESULT] 0,16,2D,8,0.042567730,0.003385305,7721104,351099,15442208
[RESULT] 0,16,2D,9,0.043163061,0.003633738,7721104,351099,15442208
Total execution time: 21.575 seconds
