Retrieving the matrix from '../matrices/msdoor.mtx'...
%%MatrixMarket matrix coordinate real symmetric
415863 415863 10328399
Real Matrix: Rows=415863 | Cols=415863 | NNZ=10328399 | Procs=128 | Distribution=1D
Applied 1D distribution
Ghost columns identified: 69694 total ghost values needed
Local vector initialized (size=3249 per process)

========================================
COMPREHENSIVE METRICS SUMMARY
========================================
PROCESSES: 128
DISTRIBUTION: 1D
ITERATIONS: 10
Matrix NNZ: 10328399
BALANCE: nnz_local   min=   79130  avg=  80690.62  max=   82170
COMM:    ghost       min=   68458  avg=  70461.53  max=   72091  | recv_double_avg= 563692.25 B
MEM:     bytes       min= 1568328  avg=   1596962  max= 1626008
STRUCT:  ghost_ratio min=  85.358  avg=    87.324  max=  88.256
METRICS: t_total     = 1.849e-02        t_comp.   = 2.094e-03      t_comm= 1.679e-02
         gflops_total= 1.117029e+00   gflops_comp= 9.863265e+00
========================================

[RESULT] 0,128,1D,0,0.017613649,0.016779661,79377,69694,158754
[RESULT] 0,128,1D,1,0.017050505,0.016207695,79377,69694,158754
[RESULT] 0,128,1D,2,0.015573025,0.014771223,79377,69694,158754
[RESULT] 0,128,1D,3,0.017393827,0.016578913,79377,69694,158754
[RESULT] 0,128,1D,4,0.016495228,0.015696764,79377,69694,158754
[RESULT] 0,128,1D,5,0.017309189,0.016473055,79377,69694,158754
[RESULT] 0,128,1D,6,0.017356634,0.016497612,79377,69694,158754
[RESULT] 0,128,1D,7,0.016932249,0.016099453,79377,69694,158754
[RESULT] 0,128,1D,8,0.017340660,0.016445398,79377,69694,158754
[RESULT] 0,128,1D,9,0.017380953,0.016457558,79377,69694,158754
Total execution time: 17.121 seconds
