Retrieving the matrix from '../matrices/dixmaanl.mtx'...
%%MatrixMarket matrix coordinate real symmetric
60000 60000 179999
Real Matrix: Rows=60000 | Cols=60000 | NNZ=179999 | Procs=8 | Distribution=2D_cyclic
Rank 7: Grid pos (1,3) | Local rows: 30000 | Local NNZ: 30000
Rank 5: Grid pos (1,1) | Local rows: 30000 | Local NNZ: 30000
2D Process Grid (Cyclic): 2 x 4
Rank 0: Grid pos (0,0) | Local rows: 30000 | Local NNZ: 30000
Applied 2Dcyclic distribution
Rank 2: Grid pos (0,2) | Local rows: 30000 | Local NNZ: 30000
Rank 1: Grid pos (0,1) | Local rows: 30000 | Local NNZ: 15000
Rank 6: Grid pos (1,2) | Local rows: 30000 | Local NNZ: 15000
Rank 4: Grid pos (1,0) | Local rows: 30000 | Local NNZ: 15000
Rank 3: Grid pos (0,3) | Local rows: 30000 | Local NNZ: 14999
Ghost columns identified: 7500 total ghost values needed
Local vector initialized (size=7500 per process)

========================================
COMPREHENSIVE METRICS SUMMARY
========================================
PROCESSES: 8
DISTRIBUTION: 2D_cyclic
ITERATIONS: 10
Matrix NNZ: 179999
BALANCE: nnz_local   min=   14999  avg=  22499.88  max=   30000
COMM:    ghost       min=    7499  avg=   7499.88  max=    7500  | recv_double_avg=  59999.00 B
MEM:     bytes       min=  659984  avg=    750002  max=  840004
STRUCT:  ghost_ratio min=  25.000  avg=    37.500  max=  50.000
METRICS: t_total     = 5.625e-02        t_comp.   = 2.330e-04      t_comm= 5.602e-02
         gflops_total= 6.400214e-03   gflops_comp= 1.545329e+00
========================================

[RESULT] 0,8,2D_cyclic,0,0.028237581,0.027991772,30000,7500,60000
[RESULT] 0,8,2D_cyclic,1,0.028200150,0.027974367,30000,7500,60000
[RESULT] 0,8,2D_cyclic,2,0.028203011,0.027976751,30000,7500,60000
[RESULT] 0,8,2D_cyclic,3,0.028207064,0.027979851,30000,7500,60000
[RESULT] 0,8,2D_cyclic,4,0.028206825,0.027975321,30000,7500,60000
[RESULT] 0,8,2D_cyclic,5,0.028202057,0.027972937,30000,7500,60000
[RESULT] 0,8,2D_cyclic,6,0.028204679,0.027975082,30000,7500,60000
[RESULT] 0,8,2D_cyclic,7,0.028209448,0.027973175,30000,7500,60000
[RESULT] 0,8,2D_cyclic,8,0.028230906,0.027996302,30000,7500,60000
[RESULT] 0,8,2D_cyclic,9,0.028215408,0.027971983,30000,7500,60000
Total execution time: 2.411 seconds
