Retrieving the matrix from '../matrices/Hook_1498.mtx'...
%%MatrixMarket matrix coordinate real symmetric
1498023 1498023 31207734
Real Matrix: Rows=1498023 | Cols=1498023 | NNZ=31207734 | Procs=64 | Distribution=2D
2D Process Grid: 8 x 8 (rows x cols)
Rank 41: Grid pos (5,1) | Rows [936265-1123518) | Cols [187253-374506) | Local NNZ: 0
Rank 43: Grid pos (5,3) | Rows [936265-1123518) | Cols [561759-749012) | Local NNZ: 0
Rank 39: Grid pos (4,7) | Rows [749012-936265) | Cols [1310771-1498023) | Local NNZ: 0
Rank 47: Grid pos (5,7) | Rows [936265-1123518) | Cols [1310771-1498023) | Local NNZ: 0
Rank 42: Grid pos (5,2) | Rows [936265-1123518) | Cols [374506-561759) | Local NNZ: 0
Rank 37: Grid pos (4,5) | Rows [749012-936265) | Cols [936265-1123518) | Local NNZ: 0
Rank 49: Grid pos (6,1) | Rows [1123518-1310771) | Cols [187253-374506) | Local NNZ: 0
Rank 51: Grid pos (6,3) | Rows [1123518-1310771) | Cols [561759-749012) | Local NNZ: 0
Rank 33: Grid pos (4,1) | Rows [749012-936265) | Cols [187253-374506) | Local NNZ: 0
Rank 40: Grid pos (5,0) | Rows [936265-1123518) | Cols [0-187253) | Local NNZ: 0
Rank 31: Grid pos (3,7) | Rows [561759-749012) | Cols [1310771-1498023) | Local NNZ: 0
Rank 38: Grid pos (4,6) | Rows [749012-936265) | Cols [1123518-1310771) | Local NNZ: 0
Rank 29: Grid pos (3,5) | Rows [561759-749012) | Cols [936265-1123518) | Local NNZ: 0
Rank 46: Grid pos (5,6) | Rows [936265-1123518) | Cols [1123518-1310771) | Local NNZ: 0
Rank 44: Grid pos (5,4) | Rows [936265-1123518) | Cols [749012-936265) | Local NNZ: 270311
Rank 25: Grid pos (3,1) | Rows [561759-749012) | Cols [187253-374506) | Local NNZ: 0
Rank 55: Grid pos (6,7) | Rows [1123518-1310771) | Cols [1310771-1498023) | Local NNZ: 0
Rank 35: Grid pos (4,3) | Rows [749012-936265) | Cols [561759-749012) | Local NNZ: 247082
Rank 48: Grid pos (6,0) | Rows [1123518-1310771) | Cols [0-187253) | Local NNZ: 0
Rank 57: Grid pos (7,1) | Rows [1310771-1498023) | Cols [187253-374506) | Local NNZ: 0
Rank 21: Grid pos (2,5) | Rows [374506-561759) | Cols [936265-1123518) | Local NNZ: 0
Rank 59: Grid pos (7,3) | Rows [1310771-1498023) | Cols [561759-749012) | Local NNZ: 0
Rank 53: Grid pos (6,5) | Rows [1123518-1310771) | Cols [936265-1123518) | Local NNZ: 221967
Rank 23: Grid pos (2,7) | Rows [374506-561759) | Cols [1310771-1498023) | Local NNZ: 0
Rank 50: Grid pos (6,2) | Rows [1123518-1310771) | Cols [374506-561759) | Local NNZ: 0
Rank 32: Grid pos (4,0) | Rows [749012-936265) | Cols [0-187253) | Local NNZ: 0
Rank 30: Grid pos (3,6) | Rows [561759-749012) | Cols [1123518-1310771) | Local NNZ: 0
Rank 28: Grid pos (3,4) | Rows [561759-749012) | Cols [749012-936265) | Local NNZ: 0
Rank 52: Grid pos (6,4) | Rows [1123518-1310771) | Cols [749012-936265) | Local NNZ: 0
Rank 34: Grid pos (4,2) | Rows [749012-936265) | Cols [374506-561759) | Local NNZ: 0
Rank 61: Grid pos (7,5) | Rows [1310771-1498023) | Cols [936265-1123518) | Local NNZ: 0
Rank 19: Grid pos (2,3) | Rows [374506-561759) | Cols [561759-749012) | Local NNZ: 0
Rank 1: Grid pos (0,1) | Rows [0-187253) | Cols [187253-374506) | Local NNZ: 0
Rank 3: Grid pos (0,3) | Rows [0-187253) | Cols [561759-749012) | Local NNZ: 0
Rank 15: Grid pos (1,7) | Rows [187253-374506) | Cols [1310771-1498023) | Local NNZ: 0
Rank 5: Grid pos (0,5) | Rows [0-187253) | Cols [936265-1123518) | Local NNZ: 0
Rank 7: Grid pos (0,7) | Rows [0-187253) | Cols [1310771-1498023) | Local NNZ: 0
Rank 11: Grid pos (1,3) | Rows [187253-374506) | Cols [561759-749012) | Local NNZ: 0
Rank 56: Grid pos (7,0) | Rows [1310771-1498023) | Cols [0-187253) | Local NNZ: 0
Rank 24: Grid pos (3,0) | Rows [561759-749012) | Cols [0-187253) | Local NNZ: 0
Rank 17: Grid pos (2,1) | Rows [374506-561759) | Cols [187253-374506) | Local NNZ: 194717
Rank 26: Grid pos (3,2) | Rows [561759-749012) | Cols [374506-561759) | Local NNZ: 265572
Rank 22: Grid pos (2,6) | Rows [374506-561759) | Cols [1123518-1310771) | Local NNZ: 0
Rank 60: Grid pos (7,4) | Rows [1310771-1498023) | Cols [749012-936265) | Local NNZ: 0
Rank 58: Grid pos (7,2) | Rows [1310771-1498023) | Cols [374506-561759) | Local NNZ: 0
Rank 20: Grid pos (2,4) | Rows [374506-561759) | Cols [749012-936265) | Local NNZ: 0
Rank 14: Grid pos (1,6) | Rows [187253-374506) | Cols [1123518-1310771) | Local NNZ: 0
Rank 62: Grid pos (7,6) | Rows [1310771-1498023) | Cols [1123518-1310771) | Local NNZ: 117071
Rank 4: Grid pos (0,4) | Rows [0-187253) | Cols [749012-936265) | Local NNZ: 0
Rank 12: Grid pos (1,4) | Rows [187253-374506) | Cols [749012-936265) | Local NNZ: 0
Rank 2: Grid pos (0,2) | Rows [0-187253) | Cols [374506-561759) | Local NNZ: 0
Rank 16: Grid pos (2,0) | Rows [374506-561759) | Cols [0-187253) | Local NNZ: 0
Rank 6: Grid pos (0,6) | Rows [0-187253) | Cols [1123518-1310771) | Local NNZ: 0
Rank 13: Grid pos (1,5) | Rows [187253-374506) | Cols [936265-1123518) | Local NNZ: 0
Rank 10: Grid pos (1,2) | Rows [187253-374506) | Cols [374506-561759) | Local NNZ: 0
Rank 8: Grid pos (1,0) | Rows [187253-374506) | Cols [0-187253) | Local NNZ: 103244
Rank 36: Grid pos (4,4) | Rows [749012-936265) | Cols [749012-936265) | Local NNZ: 3669272
Rank 45: Grid pos (5,5) | Rows [936265-1123518) | Cols [936265-1123518) | Local NNZ: 3658074
Rank 54: Grid pos (6,6) | Rows [1123518-1310771) | Cols [1123518-1310771) | Local NNZ: 3708225
Rank 27: Grid pos (3,3) | Rows [561759-749012) | Cols [561759-749012) | Local NNZ: 3651396
Rank 0: Grid pos (0,0) | Rows [0-187253) | Cols [0-187253) | Local NNZ: 3833892
Applied 2D distribution
Rank 18: Grid pos (2,2) | Rows [374506-561759) | Cols [374506-561759) | Local NNZ: 3691491
Rank 63: Grid pos (7,7) | Rows [1310771-1498023) | Cols [1310771-1498023) | Local NNZ: 3791452
Rank 9: Grid pos (1,1) | Rows [187253-374506) | Cols [187253-374506) | Local NNZ: 3783968
Ghost columns identified: 184327 total ghost values needed
Local vector initialized (size=23407 per process)

========================================
COMPREHENSIVE METRICS SUMMARY
========================================
PROCESSES: 64
DISTRIBUTION: 2D
ITERATIONS: 10
Matrix NNZ: 31207734
BALANCE: nnz_local   min=       0  avg= 487620.84  max= 3833892
COMM:    ghost       min=       0  avg=  24780.31  max=  184328  | recv_double_avg= 198242.50 B
MEM:     bytes       min= 2434276  avg=   8483984  max=49915616
STRUCT:  ghost_ratio min=   0.000  avg=     1.476  max=   8.150
METRICS: t_total     = 9.633e-01        t_comp.   = 5.154e-01      t_comm= 5.760e-01
         gflops_total= 6.479588e-02   gflops_comp= 1.211052e-01
========================================

[RESULT] 0,64,2D,0,1.027335405,0.640023708,3833892,184327,7667784
[RESULT] 0,64,2D,1,0.899431467,0.512056589,3833892,184327,7667784
[RESULT] 0,64,2D,2,0.895393133,0.508050203,3833892,184327,7667784
[RESULT] 0,64,2D,3,0.899355650,0.512031317,3833892,184327,7667784
[RESULT] 0,64,2D,4,1.028357267,0.640007973,3833892,184327,7667784
[RESULT] 0,64,2D,5,1.027305365,0.640961409,3833892,184327,7667784
[RESULT] 0,64,2D,6,1.028289557,0.640960217,3833892,184327,7667784
[RESULT] 0,64,2D,7,1.027358770,0.640006781,3833892,184327,7667784
[RESULT] 0,64,2D,8,0.899401426,0.513039112,3833892,184327,7667784
[RESULT] 0,64,2D,9,0.900400639,0.513035536,3833892,184327,7667784
Total execution time: 890.739 seconds
