Retrieving the matrix from '../matrices/tmt_sym.mtx'...
%%MatrixMarket matrix coordinate real symmetric
726713 726713 2903837
Real Matrix: Rows=726713 | Cols=726713 | NNZ=2903837 | Procs=8 | Distribution=2D
2D Process Grid: 2 x 4 (rows x cols)
Rank 4: Grid pos (1,0) | Rows [363357-726713) | Cols [0-181679) | Local NNZ: 0
Rank 3: Grid pos (0,3) | Rows [0-363357) | Cols [545037-726713) | Local NNZ: 0
Rank 2: Grid pos (0,2) | Rows [0-363357) | Cols [363358-545037) | Local NNZ: 0
Rank 5: Grid pos (1,1) | Rows [363357-726713) | Cols [181679-363358) | Local NNZ: 1927
Rank 1: Grid pos (0,1) | Rows [0-363357) | Cols [181679-363358) | Local NNZ: 724458
Rank 7: Grid pos (1,3) | Rows [363357-726713) | Cols [545037-726713) | Local NNZ: 724719
Rank 0: Grid pos (0,0) | Rows [0-363357) | Cols [0-181679) | Local NNZ: 726504
Applied 2D distribution
Rank 6: Grid pos (1,2) | Rows [363357-726713) | Cols [363358-545037) | Local NNZ: 726229
Ghost columns identified: 158969 total ghost values needed
Local vector initialized (size=90840 per process)

========================================
COMPREHENSIVE METRICS SUMMARY
========================================
PROCESSES: 8
DISTRIBUTION: 2D
ITERATIONS: 10
Matrix NNZ: 2903837
BALANCE: nnz_local   min=       0  avg= 362979.62  max=  726504
COMM:    ghost       min=       0  avg=  79589.25  max=  158969  | recv_double_avg= 636714.00 B
MEM:     bytes       min= 5086988  avg=  10079464  max=15076808
STRUCT:  ghost_ratio min=   0.000  avg=    16.418  max=  43.695
METRICS: t_total     = 7.068e-03        t_comp.   = 5.244e-03      t_comm= 1.823e-03
         gflops_total= 8.217339e-01   gflops_comp= 1.107456e+00
========================================

[RESULT] 0,8,2D,0,0.006855011,0.001919746,726504,158969,1453008
[RESULT] 0,8,2D,1,0.006788731,0.001900434,726504,158969,1453008
[RESULT] 0,8,2D,2,0.006686687,0.001820564,726504,158969,1453008
[RESULT] 0,8,2D,3,0.006695032,0.001839876,726504,158969,1453008
[RESULT] 0,8,2D,4,0.006796598,0.001836300,726504,158969,1453008
[RESULT] 0,8,2D,5,0.006768465,0.001824141,726504,158969,1453008
[RESULT] 0,8,2D,6,0.006630421,0.001727104,726504,158969,1453008
[RESULT] 0,8,2D,7,0.006684542,0.001782656,726504,158969,1453008
[RESULT] 0,8,2D,8,0.006715298,0.001826048,726504,158969,1453008
[RESULT] 0,8,2D,9,0.010055065,0.001757383,726504,158969,1453008
Total execution time: 2.008 seconds
