Retrieving the matrix from '../matrices/Hook_1498.mtx'...
%%MatrixMarket matrix coordinate real symmetric
1498023 1498023 31207734
Real Matrix: Rows=1498023 | Cols=1498023 | NNZ=31207734 | Procs=8 | Distribution=2D_cyclic
2D Process Grid (Cyclic): 2 x 4
Rank 3: Grid pos (0,3) | Local rows: 749012 | Local NNZ: 3801543
Rank 5: Grid pos (1,1) | Local rows: 749011 | Local NNZ: 4000137
Rank 7: Grid pos (1,3) | Local rows: 749011 | Local NNZ: 4006056
Rank 1: Grid pos (0,1) | Local rows: 749012 | Local NNZ: 3795203
Rank 6: Grid pos (1,2) | Local rows: 749011 | Local NNZ: 3800185
Rank 4: Grid pos (1,0) | Local rows: 749011 | Local NNZ: 3798220
Rank 0: Grid pos (0,0) | Local rows: 749012 | Local NNZ: 4002797
Applied 2Dcyclic distribution
Rank 2: Grid pos (0,2) | Local rows: 749012 | Local NNZ: 4003593
Ghost columns identified: 187253 total ghost values needed
Local vector initialized (size=187253 per process)

========================================
COMPREHENSIVE METRICS SUMMARY
========================================
PROCESSES: 8
DISTRIBUTION: 2D_cyclic
ITERATIONS: 10
Matrix NNZ: 31207734
BALANCE: nnz_local   min= 3795203  avg=3900966.75  max= 4006056
COMM:    ghost       min=  186161  avg= 186715.00  max=  187253  | recv_double_avg=1493720.00 B
MEM:     bytes       min=57518136  avg=  58791486  max=60056848
STRUCT:  ghost_ratio min=   4.674  avg=     4.789  max=   4.906
METRICS: t_total     = 4.640e-02        t_comp.   = 4.533e-02      t_comm= 1.076e-03
         gflops_total= 1.345034e+00   gflops_comp= 1.376975e+00
========================================

[RESULT] 0,8,2D_cyclic,0,0.046238661,0.001053572,4002797,187253,8005594
[RESULT] 0,8,2D_cyclic,1,0.046050072,0.000976801,4002797,187253,8005594
[RESULT] 0,8,2D_cyclic,2,0.046192408,0.001021624,4002797,187253,8005594
[RESULT] 0,8,2D_cyclic,3,0.046145201,0.001016140,4002797,187253,8005594
[RESULT] 0,8,2D_cyclic,4,0.046195984,0.001048803,4002797,187253,8005594
[RESULT] 0,8,2D_cyclic,5,0.046148300,0.001008272,4002797,187253,8005594
[RESULT] 0,8,2D_cyclic,6,0.046230078,0.001067877,4002797,187253,8005594
[RESULT] 0,8,2D_cyclic,7,0.046108961,0.000974655,4002797,187253,8005594
[RESULT] 0,8,2D_cyclic,8,0.046230793,0.001030207,4002797,187253,8005594
[RESULT] 0,8,2D_cyclic,9,0.046127558,0.001015425,4002797,187253,8005594
Total execution time: 19.496 seconds
