Retrieving the matrix from '../matrices/Hook_1498.mtx'...
%%MatrixMarket matrix coordinate real symmetric
1498023 1498023 31207734
Real Matrix: Rows=1498023 | Cols=1498023 | NNZ=31207734 | Procs=16 | Distribution=1D
Applied 1D distribution
Ghost columns identified: 976716 total ghost values needed
Local vector initialized (size=93627 per process)

========================================
COMPREHENSIVE METRICS SUMMARY
========================================
PROCESSES: 16
DISTRIBUTION: 1D
ITERATIONS: 10
Matrix NNZ: 31207734
BALANCE: nnz_local   min= 1946145  avg=1950483.38  max= 1954716
COMM:    ghost       min=  976716  avg= 978192.31  max=  979385  | recv_double_avg=7825538.50 B
MEM:     bytes       min=33042260  avg=  33103872  max=33163012
STRUCT:  ghost_ratio min=  50.096  avg=    50.151  max=  50.211
METRICS: t_total     = 3.291e-01        t_comp.   = 7.517e-02      t_comm= 2.597e-01
         gflops_total= 1.896396e-01   gflops_comp= 8.303456e-01
========================================

[RESULT] 0,16,1D,0,0.258285999,0.191761971,1948584,976716,3897168
[RESULT] 0,16,1D,1,0.320998430,0.226450205,1948584,976716,3897168
[RESULT] 0,16,1D,2,0.322712660,0.256074905,1948584,976716,3897168
[RESULT] 0,16,1D,3,0.290375471,0.224007845,1948584,976716,3897168
[RESULT] 0,16,1D,4,0.354618311,0.288010597,1948584,976716,3897168
[RESULT] 0,16,1D,5,0.322718143,0.256259203,1948584,976716,3897168
[RESULT] 0,16,1D,6,0.320960999,0.226387978,1948584,976716,3897168
[RESULT] 0,16,1D,7,0.354541540,0.288040400,1948584,976716,3897168
[RESULT] 0,16,1D,8,0.290737629,0.224045038,1948584,976716,3897168
[RESULT] 0,16,1D,9,0.323642731,0.257042646,1948584,976716,3897168
Total execution time: 202.899 seconds
