Retrieving the matrix from '../matrices/dixmaanl.mtx'...
%%MatrixMarket matrix coordinate real symmetric
60000 60000 179999
Real Matrix: Rows=60000 | Cols=60000 | NNZ=179999 | Procs=32 | Distribution=1D
Applied 1D distribution
Ghost columns identified: 1874 total ghost values needed
Local vector initialized (size=1875 per process)

========================================
COMPREHENSIVE METRICS SUMMARY
========================================
PROCESSES: 32
DISTRIBUTION: 1D
ITERATIONS: 10
Matrix NNZ: 179999
BALANCE: nnz_local   min=    5624  avg=   5624.97  max=    5625
COMM:    ghost       min=    1874  avg=   1874.97  max=    1875  | recv_double_avg=  14999.75 B
MEM:     bytes       min=  119984  avg=    120003  max=  120004
STRUCT:  ghost_ratio min=  33.321  avg=    33.333  max=  33.333
METRICS: t_total     = 2.787e-04        t_comp.   = 2.270e-05      t_comm= 2.578e-04
         gflops_total= 1.291762e+00   gflops_comp= 1.586073e+01
========================================

[RESULT] 0,32,1D,0,0.000202894,0.000181913,5624,1874,11248
[RESULT] 0,32,1D,1,0.000186205,0.000165701,5624,1874,11248
[RESULT] 0,32,1D,2,0.000245333,0.000224829,5624,1874,11248
[RESULT] 0,32,1D,3,0.000146866,0.000126600,5624,1874,11248
[RESULT] 0,32,1D,4,0.000168562,0.000148296,5624,1874,11248
[RESULT] 0,32,1D,5,0.000159025,0.000138283,5624,1874,11248
[RESULT] 0,32,1D,6,0.000135660,0.000115395,5624,1874,11248
[RESULT] 0,32,1D,7,0.000211954,0.000191212,5624,1874,11248
[RESULT] 0,32,1D,8,0.000153303,0.000133038,5624,1874,11248
[RESULT] 0,32,1D,9,0.000580311,0.000556469,5624,1874,11248
Total execution time: 0.138 seconds
