Retrieving the matrix from '../matrices/flowmeter0.mtx'...
%%MatrixMarket matrix coordinate real symmetric
9669 9669 38530
Real Matrix: Rows=9669 | Cols=9669 | NNZ=38530 | Procs=8 | Distribution=2D_cyclic
Rank 1: Grid pos (0,1) | Local rows: 4835 | Local NNZ: 3574
2D Process Grid (Cyclic): 2 x 4
Rank 0: Grid pos (0,0) | Local rows: 4835 | Local NNZ: 6018
Applied 2Dcyclic distribution
Rank 5: Grid pos (1,1) | Local rows: 4834 | Local NNZ: 6043
Rank 4: Grid pos (1,0) | Local rows: 4834 | Local NNZ: 3633
Rank 3: Grid pos (0,3) | Local rows: 4835 | Local NNZ: 3624
Rank 2: Grid pos (0,2) | Local rows: 4835 | Local NNZ: 6055
Rank 6: Grid pos (1,2) | Local rows: 4834 | Local NNZ: 3577
Rank 7: Grid pos (1,3) | Local rows: 4834 | Local NNZ: 6006
Ghost columns identified: 1209 total ghost values needed
Local vector initialized (size=1209 per process)

========================================
COMPREHENSIVE METRICS SUMMARY
========================================
PROCESSES: 8
DISTRIBUTION: 2D_cyclic
ITERATIONS: 10
Matrix NNZ: 38530
BALANCE: nnz_local   min=    3574  avg=   4816.25  max=    6055
COMM:    ghost       min=    1072  avg=   1148.25  max=    1209  | recv_double_avg=   9186.00 B
MEM:     bytes       min=  119160  avg=    134668  max=  150020
STRUCT:  ghost_ratio min=  19.950  avg=    25.121  max=  30.305
METRICS: t_total     = 3.456e-02        t_comp.   = 1.678e-04      t_comm= 3.440e-02
         gflops_total= 2.229954e-03   gflops_comp= 4.592399e-01
========================================

[RESULT] 0,8,2D_cyclic,0,0.028164864,0.027992487,6018,1209,12036
[RESULT] 0,8,2D_cyclic,1,0.028144360,0.027975082,6018,1209,12036
[RESULT] 0,8,2D_cyclic,2,0.028165579,0.027996778,6018,1209,12036
[RESULT] 0,8,2D_cyclic,3,0.028135538,0.027969837,6018,1209,12036
[RESULT] 0,8,2D_cyclic,4,0.028142929,0.027973652,6018,1209,12036
[RESULT] 0,8,2D_cyclic,5,0.028149605,0.027978897,6018,1209,12036
[RESULT] 0,8,2D_cyclic,6,0.028147697,0.027979612,6018,1209,12036
[RESULT] 0,8,2D_cyclic,7,0.028144360,0.027978897,6018,1209,12036
[RESULT] 0,8,2D_cyclic,8,0.028147936,0.027981997,6018,1209,12036
[RESULT] 0,8,2D_cyclic,9,0.028129339,0.027966976,6018,1209,12036
Total execution time: 1.700 seconds
