Retrieving the matrix from '../matrices/tmt_sym.mtx'...
%%MatrixMarket matrix coordinate real symmetric
726713 726713 2903837
Real Matrix: Rows=726713 | Cols=726713 | NNZ=2903837 | Procs=8 | Distribution=2D_cyclic
2D Process Grid (Cyclic): 2 x 4
Rank 1: Grid pos (0,1) | Local rows: 363357 | Local NNZ: 362923
Rank 2: Grid pos (0,2) | Local rows: 363357 | Local NNZ: 363008
Rank 0: Grid pos (0,0) | Local rows: 363357 | Local NNZ: 363176
Applied 2Dcyclic distribution
Rank 7: Grid pos (1,3) | Local rows: 363356 | Local NNZ: 363178
Rank 3: Grid pos (0,3) | Local rows: 363357 | Local NNZ: 363069
Rank 6: Grid pos (1,2) | Local rows: 363356 | Local NNZ: 363063
Rank 4: Grid pos (1,0) | Local rows: 363356 | Local NNZ: 362673
Rank 5: Grid pos (1,1) | Local rows: 363356 | Local NNZ: 362747
Ghost columns identified: 90839 total ghost values needed
Local vector initialized (size=90840 per process)

========================================
COMPREHENSIVE METRICS SUMMARY
========================================
PROCESSES: 8
DISTRIBUTION: 2D_cyclic
ITERATIONS: 10
Matrix NNZ: 2903837
BALANCE: nnz_local   min=  362673  avg= 362979.62  max=  363178
COMM:    ghost       min=   90809  avg=  90829.12  max=   90839  | recv_double_avg= 726633.00 B
MEM:     bytes       min=10165712  avg=  10169384  max=10171836
STRUCT:  ghost_ratio min=  25.012  avg=    25.023  max=  25.045
METRICS: t_total     = 1.712e-01        t_comp.   = 4.279e-03      t_comm= 1.676e-01
         gflops_total= 3.391894e-02   gflops_comp= 1.357366e+00
========================================

[RESULT] 0,8,2D_cyclic,0,0.171650410,0.168018818,363176,90839,726352
[RESULT] 0,8,2D_cyclic,1,0.171576738,0.168002129,363176,90839,726352
[RESULT] 0,8,2D_cyclic,2,0.171646833,0.168025732,363176,90839,726352
[RESULT] 0,8,2D_cyclic,3,0.171625853,0.168000221,363176,90839,726352
[RESULT] 0,8,2D_cyclic,4,0.171615124,0.168003321,363176,90839,726352
[RESULT] 0,8,2D_cyclic,5,0.171625137,0.167991400,363176,90839,726352
[RESULT] 0,8,2D_cyclic,6,0.167591333,0.164005995,363176,90839,726352
[RESULT] 0,8,2D_cyclic,7,0.171596527,0.168023586,363176,90839,726352
[RESULT] 0,8,2D_cyclic,8,0.171618700,0.167996168,363176,90839,726352
[RESULT] 0,8,2D_cyclic,9,0.171674967,0.168023109,363176,90839,726352
Total execution time: 14.899 seconds
