Retrieving the matrix from '../matrices/1138_bus.mtx'...
%%MatrixMarket matrix coordinate real symmetric
1138 1138 2596
Real Matrix: Rows=1138 | Cols=1138 | NNZ=2596 | Procs=128 | Distribution=2D
2D Process Grid: 8 x 16 (rows x cols)
Rank 0: Grid pos (0,0) | Rows [0-143) | Cols [0-72) | Local NNZ: 165
Applied 2D distribution
Rank 2: Grid pos (0,2) | Rows [0-143) | Cols [144-216) | Local NNZ: 0
Rank 4: Grid pos (0,4) | Rows [0-143) | Cols [288-360) | Local NNZ: 0
Rank 8: Grid pos (0,8) | Rows [0-143) | Cols [576-648) | Local NNZ: 0
Rank 1: Grid pos (0,1) | Rows [0-143) | Cols [72-144) | Local NNZ: 137
Rank 6: Grid pos (0,6) | Rows [0-143) | Cols [432-504) | Local NNZ: 0
Rank 3: Grid pos (0,3) | Rows [0-143) | Cols [216-288) | Local NNZ: 0
Rank 10: Grid pos (0,10) | Rows [0-143) | Cols [720-792) | Local NNZ: 0
Rank 12: Grid pos (0,12) | Rows [0-143) | Cols [864-936) | Local NNZ: 0
Rank 14: Grid pos (0,14) | Rows [0-143) | Cols [1008-1080) | Local NNZ: 0
Rank 16: Grid pos (1,0) | Rows [143-286) | Cols [0-72) | Local NNZ: 7
Rank 32: Grid pos (2,0) | Rows [286-429) | Cols [0-72) | Local NNZ: 4
Rank 34: Grid pos (2,2) | Rows [286-429) | Cols [144-216) | Local NNZ: 1
Rank 36: Grid pos (2,4) | Rows [286-429) | Cols [288-360) | Local NNZ: 132
Rank 65: Grid pos (4,1) | Rows [572-715) | Cols [72-144) | Local NNZ: 5
Rank 64: Grid pos (4,0) | Rows [572-715) | Cols [0-72) | Local NNZ: 2
Rank 5: Grid pos (0,5) | Rows [0-143) | Cols [360-432) | Local NNZ: 0
Rank 66: Grid pos (4,2) | Rows [572-715) | Cols [144-216) | Local NNZ: 1
Rank 7: Grid pos (0,7) | Rows [0-143) | Cols [504-576) | Local NNZ: 0
Rank 18: Grid pos (1,2) | Rows [143-286) | Cols [144-216) | Local NNZ: 172
Rank 9: Grid pos (0,9) | Rows [0-143) | Cols [648-720) | Local NNZ: 0
Rank 20: Grid pos (1,4) | Rows [143-286) | Cols [288-360) | Local NNZ: 0
Rank 11: Grid pos (0,11) | Rows [0-143) | Cols [792-864) | Local NNZ: 0
Rank 24: Grid pos (1,8) | Rows [143-286) | Cols [576-648) | Local NNZ: 0
Rank 13: Grid pos (0,13) | Rows [0-143) | Cols [936-1008) | Local NNZ: 0
Rank 38: Grid pos (2,6) | Rows [286-429) | Cols [432-504) | Local NNZ: 0
Rank 15: Grid pos (0,15) | Rows [0-143) | Cols [1080-1138) | Local NNZ: 0
Rank 40: Grid pos (2,8) | Rows [286-429) | Cols [576-648) | Local NNZ: 0
Rank 17: Grid pos (1,1) | Rows [143-286) | Cols [72-144) | Local NNZ: 21
Rank 44: Grid pos (2,12) | Rows [286-429) | Cols [864-936) | Local NNZ: 0
Rank 19: Grid pos (1,3) | Rows [143-286) | Cols [216-288) | Local NNZ: 130
Rank 48: Grid pos (3,0) | Rows [429-572) | Cols [0-72) | Local NNZ: 9
Rank 21: Grid pos (1,5) | Rows [143-286) | Cols [360-432) | Local NNZ: 0
Rank 68: Grid pos (4,4) | Rows [572-715) | Cols [288-360) | Local NNZ: 3
Rank 23: Grid pos (1,7) | Rows [143-286) | Cols [504-576) | Local NNZ: 0
Rank 70: Grid pos (4,6) | Rows [572-715) | Cols [432-504) | Local NNZ: 12
Rank 25: Grid pos (1,9) | Rows [143-286) | Cols [648-720) | Local NNZ: 0
Rank 72: Grid pos (4,8) | Rows [572-715) | Cols [576-648) | Local NNZ: 133
Rank 33: Grid pos (2,1) | Rows [286-429) | Cols [72-144) | Local NNZ: 27
Rank 74: Grid pos (4,10) | Rows [572-715) | Cols [720-792) | Local NNZ: 0
Rank 35: Grid pos (2,3) | Rows [286-429) | Cols [216-288) | Local NNZ: 43
Rank 96: Grid pos (6,0) | Rows [858-1001) | Cols [0-72) | Local NNZ: 0
Rank 37: Grid pos (2,5) | Rows [286-429) | Cols [360-432) | Local NNZ: 120
Rank 116: Grid pos (7,4) | Rows [1001-1138) | Cols [288-360) | Local NNZ: 0
Rank 39: Grid pos (2,7) | Rows [286-429) | Cols [504-576) | Local NNZ: 0
Rank 22: Grid pos (1,6) | Rows [143-286) | Cols [432-504) | Local NNZ: 0
Rank 41: Grid pos (2,9) | Rows [286-429) | Cols [648-720) | Local NNZ: 0
Rank 26: Grid pos (1,10) | Rows [143-286) | Cols [720-792) | Local NNZ: 0
Rank 45: Grid pos (2,13) | Rows [286-429) | Cols [936-1008) | Local NNZ: 0
Rank 28: Grid pos (1,12) | Rows [143-286) | Cols [864-936) | Local NNZ: 0
Rank 49: Grid pos (3,1) | Rows [429-572) | Cols [72-144) | Local NNZ: 10
Rank 30: Grid pos (1,14) | Rows [143-286) | Cols [1008-1080) | Local NNZ: 0
Rank 67: Grid pos (4,3) | Rows [572-715) | Cols [216-288) | Local NNZ: 1
Rank 42: Grid pos (2,10) | Rows [286-429) | Cols [720-792) | Local NNZ: 0
Rank 69: Grid pos (4,5) | Rows [572-715) | Cols [360-432) | Local NNZ: 4
Rank 46: Grid pos (2,14) | Rows [286-429) | Cols [1008-1080) | Local NNZ: 0
Rank 71: Grid pos (4,7) | Rows [572-715) | Cols [504-576) | Local NNZ: 25
Rank 50: Grid pos (3,2) | Rows [429-572) | Cols [144-216) | Local NNZ: 1
Rank 73: Grid pos (4,9) | Rows [572-715) | Cols [648-720) | Local NNZ: 117
Rank 52: Grid pos (3,4) | Rows [429-572) | Cols [288-360) | Local NNZ: 2
Rank 75: Grid pos (4,11) | Rows [572-715) | Cols [792-864) | Local NNZ: 0
Rank 54: Grid pos (3,6) | Rows [429-572) | Cols [432-504) | Local NNZ: 144
Rank 77: Grid pos (4,13) | Rows [572-715) | Cols [936-1008) | Local NNZ: 0
Rank 56: Grid pos (3,8) | Rows [429-572) | Cols [576-648) | Local NNZ: 0
Rank 81: Grid pos (5,1) | Rows [715-858) | Cols [72-144) | Local NNZ: 12
Rank 60: Grid pos (3,12) | Rows [429-572) | Cols [864-936) | Local NNZ: 0
Rank 85: Grid pos (5,5) | Rows [715-858) | Cols [360-432) | Local NNZ: 8
Rank 62: Grid pos (3,14) | Rows [429-572) | Cols [1008-1080) | Local NNZ: 0
Rank 89: Grid pos (5,9) | Rows [715-858) | Cols [648-720) | Local NNZ: 13
Rank 80: Grid pos (5,0) | Rows [715-858) | Cols [0-72) | Local NNZ: 1
Rank 97: Grid pos (6,1) | Rows [858-1001) | Cols [72-144) | Local NNZ: 3
Rank 82: Grid pos (5,2) | Rows [715-858) | Cols [144-216) | Local NNZ: 2
Rank 27: Grid pos (1,11) | Rows [143-286) | Cols [792-864) | Local NNZ: 0
Rank 84: Grid pos (5,4) | Rows [715-858) | Cols [288-360) | Local NNZ: 0
Rank 29: Grid pos (1,13) | Rows [143-286) | Cols [936-1008) | Local NNZ: 0
Rank 86: Grid pos (5,6) | Rows [715-858) | Cols [432-504) | Local NNZ: 7
Rank 31: Grid pos (1,15) | Rows [143-286) | Cols [1080-1138) | Local NNZ: 0
Rank 88: Grid pos (5,8) | Rows [715-858) | Cols [576-648) | Local NNZ: 13
Rank 43: Grid pos (2,11) | Rows [286-429) | Cols [792-864) | Local NNZ: 0
Rank 90: Grid pos (5,10) | Rows [715-858) | Cols [720-792) | Local NNZ: 146
Rank 47: Grid pos (2,15) | Rows [286-429) | Cols [1080-1138) | Local NNZ: 0
Rank 92: Grid pos (5,12) | Rows [715-858) | Cols [864-936) | Local NNZ: 0
Rank 51: Grid pos (3,3) | Rows [429-572) | Cols [216-288) | Local NNZ: 0
Rank 94: Grid pos (5,14) | Rows [715-858) | Cols [1008-1080) | Local NNZ: 0
Rank 53: Grid pos (3,5) | Rows [429-572) | Cols [360-432) | Local NNZ: 35
Rank 98: Grid pos (6,2) | Rows [858-1001) | Cols [144-216) | Local NNZ: 0
Rank 55: Grid pos (3,7) | Rows [429-572) | Cols [504-576) | Local NNZ: 132
Rank 100: Grid pos (6,4) | Rows [858-1001) | Cols [288-360) | Local NNZ: 0
Rank 57: Grid pos (3,9) | Rows [429-572) | Cols [648-720) | Local NNZ: 0
Rank 104: Grid pos (6,8) | Rows [858-1001) | Cols [576-648) | Local NNZ: 2
Rank 59: Grid pos (3,11) | Rows [429-572) | Cols [792-864) | Local NNZ: 0
Rank 106: Grid pos (6,10) | Rows [858-1001) | Cols [720-792) | Local NNZ: 2
Rank 61: Grid pos (3,13) | Rows [429-572) | Cols [936-1008) | Local NNZ: 0
Rank 108: Grid pos (6,12) | Rows [858-1001) | Cols [864-936) | Local NNZ: 156
Rank 63: Grid pos (3,15) | Rows [429-572) | Cols [1080-1138) | Local NNZ: 0
Rank 110: Grid pos (6,14) | Rows [858-1001) | Cols [1008-1080) | Local NNZ: 0
Rank 79: Grid pos (4,15) | Rows [572-715) | Cols [1080-1138) | Local NNZ: 0
Rank 112: Grid pos (7,0) | Rows [1001-1138) | Cols [0-72) | Local NNZ: 4
Rank 83: Grid pos (5,3) | Rows [715-858) | Cols [216-288) | Local NNZ: 1
Rank 114: Grid pos (7,2) | Rows [1001-1138) | Cols [144-216) | Local NNZ: 0
Rank 87: Grid pos (5,7) | Rows [715-858) | Cols [504-576) | Local NNZ: 20
Rank 118: Grid pos (7,6) | Rows [1001-1138) | Cols [432-504) | Local NNZ: 0
Rank 91: Grid pos (5,11) | Rows [715-858) | Cols [792-864) | Local NNZ: 100
Rank 120: Grid pos (7,8) | Rows [1001-1138) | Cols [576-648) | Local NNZ: 13
Rank 93: Grid pos (5,13) | Rows [715-858) | Cols [936-1008) | Local NNZ: 0
Rank 122: Grid pos (7,10) | Rows [1001-1138) | Cols [720-792) | Local NNZ: 5
Rank 95: Grid pos (5,15) | Rows [715-858) | Cols [1080-1138) | Local NNZ: 0
Rank 124: Grid pos (7,12) | Rows [1001-1138) | Cols [864-936) | Local NNZ: 7
Rank 99: Grid pos (6,3) | Rows [858-1001) | Cols [216-288) | Local NNZ: 0
Rank 126: Grid pos (7,14) | Rows [1001-1138) | Cols [1008-1080) | Local NNZ: 146
Rank 101: Grid pos (6,5) | Rows [858-1001) | Cols [360-432) | Local NNZ: 0
Rank 76: Grid pos (4,12) | Rows [572-715) | Cols [864-936) | Local NNZ: 0
Rank 103: Grid pos (6,7) | Rows [858-1001) | Cols [504-576) | Local NNZ: 28
Rank 78: Grid pos (4,14) | Rows [572-715) | Cols [1008-1080) | Local NNZ: 0
Rank 105: Grid pos (6,9) | Rows [858-1001) | Cols [648-720) | Local NNZ: 0
Rank 107: Grid pos (6,11) | Rows [858-1001) | Cols [792-864) | Local NNZ: 43
Rank 109: Grid pos (6,13) | Rows [858-1001) | Cols [936-1008) | Local NNZ: 120
Rank 111: Grid pos (6,15) | Rows [858-1001) | Cols [1080-1138) | Local NNZ: 0
Rank 113: Grid pos (7,1) | Rows [1001-1138) | Cols [72-144) | Local NNZ: 3
Rank 115: Grid pos (7,3) | Rows [1001-1138) | Cols [216-288) | Local NNZ: 1
Rank 117: Grid pos (7,5) | Rows [1001-1138) | Cols [360-432) | Local NNZ: 0
Rank 119: Grid pos (7,7) | Rows [1001-1138) | Cols [504-576) | Local NNZ: 5
Rank 121: Grid pos (7,9) | Rows [1001-1138) | Cols [648-720) | Local NNZ: 25
Rank 125: Grid pos (7,13) | Rows [1001-1138) | Cols [936-1008) | Local NNZ: 18
Rank 127: Grid pos (7,15) | Rows [1001-1138) | Cols [1080-1138) | Local NNZ: 89
Rank 123: Grid pos (7,11) | Rows [1001-1138) | Cols [792-864) | Local NNZ: 5
Rank 102: Grid pos (6,6) | Rows [858-1001) | Cols [432-504) | Local NNZ: 3
Rank 58: Grid pos (3,10) | Rows [429-572) | Cols [720-792) | Local NNZ: 0
Ghost columns identified: 71 total ghost values needed
Local vector initialized (size=9 per process)

========================================
COMPREHENSIVE METRICS SUMMARY
========================================
PROCESSES: 128
DISTRIBUTION: 2D
ITERATIONS: 10
Matrix NNZ: 2596
BALANCE: nnz_local   min=       0  avg=     20.28  max=     172
COMM:    ghost       min=       0  avg=     10.90  max=      71  | recv_double_avg=     87.19 B
MEM:     bytes       min=    1712  avg=      2113  max=    4424
STRUCT:  ghost_ratio min=   0.000  avg=    33.527  max= 100.000
METRICS: t_total     = 2.728e-02        t_comp.   = 3.145e-05      t_comm= 2.728e-02
         gflops_total= 1.903441e-04   gflops_comp= 1.651010e-01
========================================

[RESULT] 0,128,2D,0,0.026010990,0.026009083,165,71,330
[RESULT] 0,128,2D,1,0.013054371,0.013052702,165,71,330
[RESULT] 0,128,2D,2,0.013064146,0.013062716,165,71,330
[RESULT] 0,128,2D,3,0.013042688,0.013041258,165,71,330
[RESULT] 0,128,2D,4,0.013035536,0.013034344,165,71,330
[RESULT] 0,128,2D,5,0.013048649,0.013046980,165,71,330
[RESULT] 0,128,2D,6,0.013024092,0.013022661,165,71,330
[RESULT] 0,128,2D,7,0.013047457,0.013046026,165,71,330
[RESULT] 0,128,2D,8,0.013041019,0.013039589,165,71,330
[RESULT] 0,128,2D,9,0.013088703,0.013087273,165,71,330
Total execution time: 0.410 seconds
