Retrieving the matrix from '../matrices/dixmaanl.mtx'...
%%MatrixMarket matrix coordinate real symmetric
60000 60000 179999
Real Matrix: Rows=60000 | Cols=60000 | NNZ=179999 | Procs=64 | Distribution=1D
Applied 1D distribution
Ghost columns identified: 1562 total ghost values needed
Local vector initialized (size=938 per process)

========================================
COMPREHENSIVE METRICS SUMMARY
========================================
PROCESSES: 64
DISTRIBUTION: 1D
ITERATIONS: 10
Matrix NNZ: 179999
BALANCE: nnz_local   min=    2811  avg=   2812.48  max=    2814
COMM:    ghost       min=    1562  avg=   1562.48  max=    1563  | recv_double_avg=  12499.88 B
MEM:     bytes       min=   64972  avg=     65004  max=   65036
STRUCT:  ghost_ratio min=  55.528  avg=    55.555  max=  55.567
METRICS: t_total     = 4.607e-01        t_comp.   = 5.531e-05      t_comm= 4.607e-01
         gflops_total= 7.813426e-04   gflops_comp= 6.508367e+00
========================================

[RESULT] 0,64,1D,0,0.384026289,0.383978367,2813,1562,5626
[RESULT] 0,64,1D,1,0.384058237,0.384011030,2813,1562,5626
[RESULT] 0,64,1D,2,0.512028933,0.511980772,2813,1562,5626
[RESULT] 0,64,1D,3,0.384062767,0.384015322,2813,1562,5626
[RESULT] 0,64,1D,4,0.512038946,0.511990786,2813,1562,5626
[RESULT] 0,64,1D,5,0.383061171,0.383012772,2813,1562,5626
[RESULT] 0,64,1D,6,0.512024879,0.511975527,2813,1562,5626
[RESULT] 0,64,1D,7,0.512037039,0.511989594,2813,1562,5626
[RESULT] 0,64,1D,8,0.512044430,0.511996984,2813,1562,5626
[RESULT] 0,64,1D,9,0.512045383,0.511995554,2813,1562,5626
Total execution time: 27.525 seconds
