Retrieving the matrix from '../matrices/flowmeter0.mtx'...
%%MatrixMarket matrix coordinate real symmetric
9669 9669 38530
Real Matrix: Rows=9669 | Cols=9669 | NNZ=38530 | Procs=8 | Distribution=1D
Applied 1D distribution
Ghost columns identified: 2734 total ghost values needed
Local vector initialized (size=1209 per process)

========================================
COMPREHENSIVE METRICS SUMMARY
========================================
PROCESSES: 8
DISTRIBUTION: 1D
ITERATIONS: 10
Matrix NNZ: 38530
BALANCE: nnz_local   min=    4809  avg=   4816.25  max=    4823
COMM:    ghost       min=    2675  avg=   2696.12  max=    2734  | recv_double_avg=  21569.00 B
MEM:     bytes       min=  103304  avg=    103540  max=  103800
STRUCT:  ghost_ratio min=  55.613  avg=    55.980  max=  56.816
METRICS: t_total     = 3.951e-02        t_comp.   = 6.892e-04      t_comm= 3.940e-02
         gflops_total= 1.950176e-03   gflops_comp= 1.118152e-01
========================================

[RESULT] 0,8,1D,0,0.049613476,0.049562693,4812,2734,9624
[RESULT] 0,8,1D,1,0.056013584,0.055961132,4812,2734,9624
[RESULT] 0,8,1D,2,0.056028605,0.055981398,4812,2734,9624
[RESULT] 0,8,1D,3,0.033685207,0.033544302,4812,2734,9624
[RESULT] 0,8,1D,4,0.036098957,0.035991430,4812,2734,9624
[RESULT] 0,8,1D,5,0.023643255,0.023577690,4812,2734,9624
[RESULT] 0,8,1D,6,0.023614645,0.023570299,4812,2734,9624
[RESULT] 0,8,1D,7,0.023596525,0.023549318,4812,2734,9624
[RESULT] 0,8,1D,8,0.023643494,0.023593187,4812,2734,9624
[RESULT] 0,8,1D,9,0.023659229,0.023611069,4812,2734,9624
Total execution time: 1.358 seconds
