Retrieving the matrix from '../matrices/dixmaanl.mtx'...
%%MatrixMarket matrix coordinate real symmetric
60000 60000 179999
Real Matrix: Rows=60000 | Cols=60000 | NNZ=179999 | Procs=8 | Distribution=2D
Rank 1: Grid pos (0,1) | Rows [0-30000) | Cols [15000-30000) | Local NNZ: 29999
2D Process Grid: 2 x 4 (rows x cols)
Rank 0: Grid pos (0,0) | Rows [0-30000) | Cols [0-15000) | Local NNZ: 40000
Applied 2D distribution
Rank 2: Grid pos (0,2) | Rows [0-30000) | Cols [30000-45000) | Local NNZ: 0
Rank 4: Grid pos (1,0) | Rows [30000-60000) | Cols [0-15000) | Local NNZ: 20000
Rank 3: Grid pos (0,3) | Rows [0-30000) | Cols [45000-60000) | Local NNZ: 0
Rank 7: Grid pos (1,3) | Rows [30000-60000) | Cols [45000-60000) | Local NNZ: 29999
Rank 5: Grid pos (1,1) | Rows [30000-60000) | Cols [15000-30000) | Local NNZ: 20001
Rank 6: Grid pos (1,2) | Rows [30000-60000) | Cols [30000-45000) | Local NNZ: 40000
Ghost columns identified: 13125 total ghost values needed
Local vector initialized (size=7500 per process)

========================================
COMPREHENSIVE METRICS SUMMARY
========================================
PROCESSES: 8
DISTRIBUTION: 2D
ITERATIONS: 10
Matrix NNZ: 179999
BALANCE: nnz_local   min=       0  avg=  22499.88  max=   40000
COMM:    ghost       min=       0  avg=   9843.75  max=   13125  | recv_double_avg=  78750.00 B
MEM:     bytes       min=  420004  avg=    768752  max= 1005004
STRUCT:  ghost_ratio min=   0.000  avg=    35.547  max=  65.625
METRICS: t_total     = 5.004e-02        t_comp.   = 3.346e-04      t_comm= 4.981e-02
         gflops_total= 7.194043e-03   gflops_comp= 1.075840e+00
========================================

[RESULT] 0,8,2D,0,0.041938782,0.041661263,40000,13125,80000
[RESULT] 0,8,2D,1,0.058927774,0.058640957,40000,13125,80000
[RESULT] 0,8,2D,2,0.056238890,0.055995941,40000,13125,80000
[RESULT] 0,8,2D,3,0.056239605,0.055999041,40000,13125,80000
[RESULT] 0,8,2D,4,0.056229830,0.055996656,40000,13125,80000
[RESULT] 0,8,2D,5,0.056235075,0.055995226,40000,13125,80000
[RESULT] 0,8,2D,6,0.056216478,0.055985928,40000,13125,80000
[RESULT] 0,8,2D,7,0.056276083,0.055999041,40000,13125,80000
[RESULT] 0,8,2D,8,0.028318167,0.028038979,40000,13125,80000
[RESULT] 0,8,2D,9,0.028363228,0.028060198,40000,13125,80000
Total execution time: 2.211 seconds
