Retrieving the matrix from '../matrices/1138_bus.mtx'...
%%MatrixMarket matrix coordinate real symmetric
1138 1138 2596
Real Matrix: Rows=1138 | Cols=1138 | NNZ=2596 | Procs=8 | Distribution=2D
Rank 4: Grid (1,0) | Rows [569,1138) | Cols [0,285) | LocalRows=569 | NNZ=36 | ColsGlobal
Rank 5: Grid (1,1) | Rows [569,1138) | Cols [285,570) | LocalRows=569 | NNZ=106 | ColsGlobal
2D Process Grid (Block): 2 x 4 (rows x cols)
Rank 0: Grid (0,0) | Rows [0,569) | Cols [0,285) | LocalRows=569 | NNZ=723 | ColsGlobal
Applied 2D block distribution (global column indices preserved)
Rank 6: Grid (1,2) | Rows [569,1138) | Cols [570,855) | LocalRows=569 | NNZ=614 | ColsGlobal
Rank 1: Grid (0,1) | Rows [0,569) | Cols [285,570) | LocalRows=569 | NNZ=566 | ColsGlobal
Rank 2: Grid (0,2) | Rows [0,569) | Cols [570,855) | LocalRows=569 | NNZ=0 | ColsGlobal
Rank 7: Grid (1,3) | Rows [569,1138) | Cols [855,1138) | LocalRows=569 | NNZ=551 | ColsGlobal
Rank 3: Grid (0,3) | Rows [0,569) | Cols [855,1138) | LocalRows=569 | NNZ=0 | ColsGlobal
2D Comm Pattern: grid 2 x 4 | expand ghosts on rank 0: 0
2D: local vector size = 285 (column block), local rows = 569

========================================
COMPREHENSIVE METRICS SUMMARY
========================================
PROCESSES: 8
DISTRIBUTION: 2D
GRID: 2 x 4 (proc_rows x proc_cols)
ITERATIONS: 10
Matrix NNZ: 2596
BALANCE: nnz_local   min=       0  avg=    324.50  max=     723
COMM:    ghost       min=       0  avg=      0.00  max=       0  | recv_double_avg=      0.00 B
METRICS: t_total     = 1.592e-01  t_comp = 4.760e-02  t_comm = 1.265e-01
         gflops_total= 3.261229e-05  gflops_comp= 1.090780e-04
========================================

[RESULT] 0,8,2D,0,0.128007218,0.096009831,723,0,1446
[RESULT] 0,8,2D,1,0.164027981,0.103635322,723,0,1446
[RESULT] 0,8,2D,2,0.191995516,0.191991392,723,0,1446
[RESULT] 0,8,2D,3,0.131999733,0.099988400,723,0,1446
[RESULT] 0,8,2D,4,0.191990989,0.160007182,723,0,1446
[RESULT] 0,8,2D,5,0.127988347,0.127959377,723,0,1446
[RESULT] 0,8,2D,6,0.148002065,0.086769769,723,0,1446
[RESULT] 0,8,2D,7,0.160022378,0.096017830,723,0,1446
[RESULT] 0,8,2D,8,0.155997140,0.091999412,723,0,1446
[RESULT] 0,8,2D,9,0.120611927,0.056625554,723,0,1446
Total execution time: 3.161 seconds
