Retrieving the matrix from '../matrices/tmt_sym.mtx'...
%%MatrixMarket matrix coordinate real symmetric
726713 726713 2903837
Real Matrix: Rows=726713 | Cols=726713 | NNZ=2903837 | Procs=16 | Distribution=2D_cyclic
2D Process Grid (Cyclic): 4 x 4
Rank 1: Grid pos (0,1) | Local rows: 181679 | Local NNZ: 90901
Rank 2: Grid pos (0,2) | Local rows: 181679 | Local NNZ: 90754
Rank 0: Grid pos (0,0) | Local rows: 181679 | Local NNZ: 272215
Applied 2Dcyclic distribution
Rank 15: Grid pos (3,3) | Local rows: 181678 | Local NNZ: 272504
Rank 14: Grid pos (3,2) | Local rows: 181678 | Local NNZ: 272389
Rank 7: Grid pos (1,3) | Local rows: 181678 | Local NNZ: 90674
Rank 13: Grid pos (3,1) | Local rows: 181678 | Local NNZ: 90491
Rank 12: Grid pos (3,0) | Local rows: 181678 | Local NNZ: 90433
Rank 6: Grid pos (1,2) | Local rows: 181678 | Local NNZ: 90674
Rank 11: Grid pos (2,3) | Local rows: 181678 | Local NNZ: 90819
Rank 3: Grid pos (0,3) | Local rows: 181679 | Local NNZ: 272250
Rank 8: Grid pos (2,0) | Local rows: 181678 | Local NNZ: 90961
Rank 4: Grid pos (1,0) | Local rows: 181678 | Local NNZ: 272240
Rank 9: Grid pos (2,1) | Local rows: 181678 | Local NNZ: 272022
Rank 5: Grid pos (1,1) | Local rows: 181678 | Local NNZ: 272256
Rank 10: Grid pos (2,2) | Local rows: 181678 | Local NNZ: 272254
Ghost columns identified: 136259 total ghost values needed
Local vector initialized (size=45420 per process)

========================================
COMPREHENSIVE METRICS SUMMARY
========================================
PROCESSES: 16
DISTRIBUTION: 2D_cyclic
ITERATIONS: 10
Matrix NNZ: 2903837
BALANCE: nnz_local   min=   90433  avg= 181489.81  max=  272504
COMM:    ghost       min=   67683  avg= 102134.38  max=  136259  | recv_double_avg= 817075.00 B
MEM:     bytes       min= 4170152  avg=   5538452  max= 6903612
STRUCT:  ghost_ratio min=  50.003  avg=    62.517  max=  75.107
METRICS: t_total     = 1.497e-01        t_comp.   = 2.279e-03      t_comm= 1.476e-01
         gflops_total= 3.880717e-02   gflops_comp= 2.548561e+00
========================================

[RESULT] 0,16,2D_cyclic,0,0.161296844,0.159017801,272215,136259,544430
[RESULT] 0,16,2D_cyclic,1,0.130246401,0.127991438,272215,136259,544430
[RESULT] 0,16,2D_cyclic,2,0.162287474,0.160020113,272215,136259,544430
[RESULT] 0,16,2D_cyclic,3,0.130255699,0.127991199,272215,136259,544430
[RESULT] 0,16,2D_cyclic,4,0.130254507,0.127976894,272215,136259,544430
[RESULT] 0,16,2D_cyclic,5,0.130341530,0.128030539,272215,136259,544430
[RESULT] 0,16,2D_cyclic,6,0.130308628,0.128003836,272215,136259,544430
[RESULT] 0,16,2D_cyclic,7,0.130308867,0.128028154,272215,136259,544430
[RESULT] 0,16,2D_cyclic,8,0.130309582,0.128030062,272215,136259,544430
[RESULT] 0,16,2D_cyclic,9,0.162264824,0.159996271,272215,136259,544430
Total execution time: 24.036 seconds
