Retrieving the matrix from '../matrices/dixmaanl.mtx'...
%%MatrixMarket matrix coordinate real symmetric
60000 60000 179999
Real Matrix: Rows=60000 | Cols=60000 | NNZ=179999 | Procs=16 | Distribution=1D
Applied 1D distribution
Ghost columns identified: 3749 total ghost values needed
Local vector initialized (size=3750 per process)

========================================
COMPREHENSIVE METRICS SUMMARY
========================================
PROCESSES: 16
DISTRIBUTION: 1D
ITERATIONS: 10
Matrix NNZ: 179999
BALANCE: nnz_local   min=   11249  avg=  11249.94  max=   11250
COMM:    ghost       min=    3749  avg=   3749.94  max=    3750  | recv_double_avg=  29999.50 B
MEM:     bytes       min=  239984  avg=    240003  max=  240004
STRUCT:  ghost_ratio min=  33.327  avg=    33.333  max=  33.333
METRICS: t_total     = 5.142e-04        t_comp.   = 4.187e-05      t_comm= 4.743e-04
         gflops_total= 7.001164e-01   gflops_comp= 8.598753e+00
========================================

[RESULT] 0,16,1D,0,0.000247717,0.000206470,11249,3749,22498
[RESULT] 0,16,1D,1,0.000462055,0.000421286,11249,3749,22498
[RESULT] 0,16,1D,2,0.000463724,0.000423193,11249,3749,22498
[RESULT] 0,16,1D,3,0.000245094,0.000204563,11249,3749,22498
[RESULT] 0,16,1D,4,0.000232458,0.000191927,11249,3749,22498
[RESULT] 0,16,1D,5,0.000237942,0.000197172,11249,3749,22498
[RESULT] 0,16,1D,6,0.000464678,0.000424147,11249,3749,22498
[RESULT] 0,16,1D,7,0.000230551,0.000190020,11249,3749,22498
[RESULT] 0,16,1D,8,0.000236988,0.000196218,11249,3749,22498
[RESULT] 0,16,1D,9,0.000245571,0.000204802,11249,3749,22498
Total execution time: 0.121 seconds
