Retrieving the matrix from '../matrices/cond-mat-2005.mtx'...
%%MatrixMarket matrix coordinate real symmetric
40421 40421 175693
Real Matrix: Rows=40421 | Cols=40421 | NNZ=175693 | Procs=16 | Distribution=1D
Applied 1D distribution
Ghost columns identified: 6865 total ghost values needed
Local vector initialized (size=2527 per process)

========================================
COMPREHENSIVE METRICS SUMMARY
========================================
PROCESSES: 16
DISTRIBUTION: 1D
ITERATIONS: 10
Matrix NNZ: 175693
BALANCE: nnz_local   min=   10647  avg=  10980.81  max=   11253
COMM:    ghost       min=    6534  avg=   6710.94  max=    6865  | recv_double_avg=  53687.50 B
MEM:     bytes       min=  230560  avg=    235988  max=  239656
STRUCT:  ghost_ratio min=  59.241  avg=    61.127  max=  62.925
METRICS: t_total     = 5.181e-04        t_comp.   = 7.331e-05      t_comm= 4.467e-04
         gflops_total= 6.782419e-01   gflops_comp= 4.792910e+00
========================================

[RESULT] 0,16,1D,0,0.000350952,0.000278711,11007,6865,22014
[RESULT] 0,16,1D,1,0.000287771,0.000216484,11007,6865,22014
[RESULT] 0,16,1D,2,0.000335455,0.000264883,11007,6865,22014
[RESULT] 0,16,1D,3,0.000339270,0.000268459,11007,6865,22014
[RESULT] 0,16,1D,4,0.000329494,0.000258446,11007,6865,22014
[RESULT] 0,16,1D,5,0.000339508,0.000269175,11007,6865,22014
[RESULT] 0,16,1D,6,0.000323057,0.000252485,11007,6865,22014
[RESULT] 0,16,1D,7,0.000341415,0.000270844,11007,6865,22014
[RESULT] 0,16,1D,8,0.000354767,0.000284433,11007,6865,22014
[RESULT] 0,16,1D,9,0.000339985,0.000269890,11007,6865,22014
Total execution time: 0.113 seconds
