Retrieving the matrix from '../matrices/dixmaanl.mtx'...
%%MatrixMarket matrix coordinate real symmetric
60000 60000 179999
Real Matrix: Rows=60000 | Cols=60000 | NNZ=179999 | Procs=8 | Distribution=2D
2D Process Grid: 2 x 4 (rows x cols)
Rank 7: Grid pos (1,3) | Rows [30000-60000) | Cols [45000-60000) | Local NNZ: 29999
Rank 2: Grid pos (0,2) | Rows [0-30000) | Cols [30000-45000) | Local NNZ: 0
Rank 3: Grid pos (0,3) | Rows [0-30000) | Cols [45000-60000) | Local NNZ: 0
Rank 5: Grid pos (1,1) | Rows [30000-60000) | Cols [15000-30000) | Local NNZ: 20001
Rank 4: Grid pos (1,0) | Rows [30000-60000) | Cols [0-15000) | Local NNZ: 20000
Rank 1: Grid pos (0,1) | Rows [0-30000) | Cols [15000-30000) | Local NNZ: 29999
Rank 6: Grid pos (1,2) | Rows [30000-60000) | Cols [30000-45000) | Local NNZ: 40000
Rank 0: Grid pos (0,0) | Rows [0-30000) | Cols [0-15000) | Local NNZ: 40000
Applied 2D distribution
Ghost columns identified: 13125 total ghost values needed
Local vector initialized (size=7500 per process)

========================================
COMPREHENSIVE METRICS SUMMARY
========================================
PROCESSES: 8
DISTRIBUTION: 2D
ITERATIONS: 10
Matrix NNZ: 179999
BALANCE: nnz_local   min=       0  avg=  22499.88  max=   40000
COMM:    ghost       min=       0  avg=   9843.75  max=   13125  | recv_double_avg=  78750.00 B
MEM:     bytes       min=  420004  avg=    768752  max= 1005004
STRUCT:  ghost_ratio min=   0.000  avg=    35.547  max=  65.625
METRICS: t_total     = 4.420e-04        t_comp.   = 2.260e-04      t_comm= 2.159e-04
         gflops_total= 8.145552e-01   gflops_comp= 1.592765e+00
========================================

[RESULT] 0,8,2D,0,0.000428677,0.000203848,40000,13125,80000
[RESULT] 0,8,2D,1,0.000437260,0.000215769,40000,13125,80000
[RESULT] 0,8,2D,2,0.000443220,0.000219345,40000,13125,80000
[RESULT] 0,8,2D,3,0.000440359,0.000216722,40000,13125,80000
[RESULT] 0,8,2D,4,0.000441313,0.000220060,40000,13125,80000
[RESULT] 0,8,2D,5,0.000438213,0.000210762,40000,13125,80000
[RESULT] 0,8,2D,6,0.000445843,0.000220299,40000,13125,80000
[RESULT] 0,8,2D,7,0.000448704,0.000216484,40000,13125,80000
[RESULT] 0,8,2D,8,0.000436068,0.000219107,40000,13125,80000
[RESULT] 0,8,2D,9,0.000459909,0.000216961,40000,13125,80000
Total execution time: 0.114 seconds
