Retrieving the matrix from '../matrices/msdoor.mtx'...
%%MatrixMarket matrix coordinate real symmetric
415863 415863 10328399
Real Matrix: Rows=415863 | Cols=415863 | NNZ=10328399 | Procs=32 | Distribution=1D
Applied 1D distribution
Ghost columns identified: 204959 total ghost values needed
Local vector initialized (size=12996 per process)

========================================
COMPREHENSIVE METRICS SUMMARY
========================================
PROCESSES: 32
DISTRIBUTION: 1D
ITERATIONS: 10
Matrix NNZ: 10328399
BALANCE: nnz_local   min=  318486  avg= 322762.47  max=  327441
COMM:    ghost       min=  202777  avg= 205349.59  max=  207504  | recv_double_avg=1642796.75 B
MEM:     bytes       min= 5712612  avg=   5775865  max= 5847636
STRUCT:  ghost_ratio min=  63.130  avg=    63.624  max=  64.023
METRICS: t_total     = 1.435e-02        t_comp.   = 2.281e-03      t_comm= 1.231e-02
         gflops_total= 1.439916e+00   gflops_comp= 9.056413e+00
========================================

[RESULT] 0,32,1D,0,0.014571190,0.012415409,320135,204959,640270
[RESULT] 0,32,1D,1,0.014035940,0.011858225,320135,204959,640270
[RESULT] 0,32,1D,2,0.013891459,0.012056112,320135,204959,640270
[RESULT] 0,32,1D,3,0.013683796,0.011837721,320135,204959,640270
[RESULT] 0,32,1D,4,0.013812065,0.011896372,320135,204959,640270
[RESULT] 0,32,1D,5,0.014169693,0.012037992,320135,204959,640270
[RESULT] 0,32,1D,6,0.014202356,0.012087345,320135,204959,640270
[RESULT] 0,32,1D,7,0.014114618,0.012050152,320135,204959,640270
[RESULT] 0,32,1D,8,0.014125109,0.012052298,320135,204959,640270
[RESULT] 0,32,1D,9,0.013664007,0.011786222,320135,204959,640270
Total execution time: 8.162 seconds
