Retrieving the matrix from '../matrices/msdoor.mtx'...
%%MatrixMarket matrix coordinate real symmetric
415863 415863 10328399
Real Matrix: Rows=415863 | Cols=415863 | NNZ=10328399 | Procs=8 | Distribution=2D
2D Process Grid: 2 x 4 (rows x cols)
Rank 3: Grid pos (0,3) | Rows [0-207932) | Cols [311898-415863) | Local NNZ: 0
Rank 2: Grid pos (0,2) | Rows [0-207932) | Cols [207932-311898) | Local NNZ: 0
Rank 4: Grid pos (1,0) | Rows [207932-415863) | Cols [0-103966) | Local NNZ: 2232
Rank 5: Grid pos (1,1) | Rows [207932-415863) | Cols [103966-207932) | Local NNZ: 832801
Rank 7: Grid pos (1,3) | Rows [207932-415863) | Cols [311898-415863) | Local NNZ: 1701967
Rank 1: Grid pos (0,1) | Rows [0-207932) | Cols [103966-207932) | Local NNZ: 2071973
Rank 0: Grid pos (0,0) | Rows [0-207932) | Cols [0-103966) | Local NNZ: 2751760
Applied 2D distribution
Rank 6: Grid pos (1,2) | Rows [207932-415863) | Cols [207932-311898) | Local NNZ: 2967666
Ghost columns identified: 90970 total ghost values needed
Local vector initialized (size=51983 per process)

========================================
COMPREHENSIVE METRICS SUMMARY
========================================
PROCESSES: 8
DISTRIBUTION: 2D
ITERATIONS: 10
Matrix NNZ: 10328399
BALANCE: nnz_local   min=       0  avg=1291049.88  max= 2967666
COMM:    ghost       min=       0  avg=  50278.50  max=   90970  | recv_double_avg= 402228.00 B
MEM:     bytes       min= 2911052  avg=  18805872  max=39250792
STRUCT:  ghost_ratio min=   0.000  avg=     6.493  max=  31.317
METRICS: t_total     = 1.674e-02        t_comp.   = 1.582e-02      t_comm= 1.075e-03
         gflops_total= 1.234130e+00   gflops_comp= 1.305755e+00
========================================

[RESULT] 0,8,2D,0,0.015663147,0.001049519,2751760,90970,5503520
[RESULT] 0,8,2D,1,0.015690565,0.001075029,2751760,90970,5503520
[RESULT] 0,8,2D,2,0.015646458,0.001064301,2751760,90970,5503520
[RESULT] 0,8,2D,3,0.015676737,0.001072407,2751760,90970,5503520
[RESULT] 0,8,2D,4,0.015618801,0.001049995,2751760,90970,5503520
[RESULT] 0,8,2D,5,0.015544653,0.001030207,2751760,90970,5503520
[RESULT] 0,8,2D,6,0.015728712,0.001055956,2751760,90970,5503520
[RESULT] 0,8,2D,7,0.015670776,0.001079559,2751760,90970,5503520
[RESULT] 0,8,2D,8,0.015628338,0.001052618,2751760,90970,5503520
[RESULT] 0,8,2D,9,0.015546560,0.001031876,2751760,90970,5503520
Total execution time: 6.565 seconds
