Retrieving the matrix from '../matrices/dixmaanl.mtx'...
%%MatrixMarket matrix coordinate real symmetric
60000 60000 179999
Real Matrix: Rows=60000 | Cols=60000 | NNZ=179999 | Procs=16 | Distribution=2D
Rank 7: Grid pos (1,3) | Rows [15000-30000) | Cols [45000-60000) | Local NNZ: 0
2D Process Grid: 4 x 4 (rows x cols)
Rank 0: Grid pos (0,0) | Rows [0-15000) | Cols [0-15000) | Local NNZ: 29999
Applied 2D distribution
Rank 9: Grid pos (2,1) | Rows [30000-45000) | Cols [15000-30000) | Local NNZ: 10001
Rank 1: Grid pos (0,1) | Rows [0-15000) | Cols [15000-30000) | Local NNZ: 0
Rank 8: Grid pos (2,0) | Rows [30000-45000) | Cols [0-15000) | Local NNZ: 10000
Rank 13: Grid pos (3,1) | Rows [45000-60000) | Cols [15000-30000) | Local NNZ: 10000
Rank 11: Grid pos (2,3) | Rows [30000-45000) | Cols [45000-60000) | Local NNZ: 0
Rank 12: Grid pos (3,0) | Rows [45000-60000) | Cols [0-15000) | Local NNZ: 10000
Rank 15: Grid pos (3,3) | Rows [45000-60000) | Cols [45000-60000) | Local NNZ: 29999
Rank 10: Grid pos (2,2) | Rows [30000-45000) | Cols [30000-45000) | Local NNZ: 29999
Rank 2: Grid pos (0,2) | Rows [0-15000) | Cols [30000-45000) | Local NNZ: 0
Rank 14: Grid pos (3,2) | Rows [45000-60000) | Cols [30000-45000) | Local NNZ: 10001
Rank 5: Grid pos (1,1) | Rows [15000-30000) | Cols [15000-30000) | Local NNZ: 29999
Rank 6: Grid pos (1,2) | Rows [15000-30000) | Cols [30000-45000) | Local NNZ: 0
Rank 3: Grid pos (0,3) | Rows [0-15000) | Cols [45000-60000) | Local NNZ: 0
Rank 4: Grid pos (1,0) | Rows [15000-30000) | Cols [0-15000) | Local NNZ: 10001
Ghost columns identified: 14062 total ghost values needed
Local vector initialized (size=3750 per process)

========================================
COMPREHENSIVE METRICS SUMMARY
========================================
PROCESSES: 16
DISTRIBUTION: 2D
ITERATIONS: 10
Matrix NNZ: 179999
BALANCE: nnz_local   min=       0  avg=  11249.94  max=   29999
COMM:    ghost       min=       0  avg=   7031.44  max=   14063  | recv_double_avg=  56251.50 B
MEM:     bytes       min=  210004  avg=    401255  max=  682496
STRUCT:  ghost_ratio min=   0.000  avg=    46.876  max=  93.760
METRICS: t_total     = 6.513e-02        t_comp.   = 4.042e-04      t_comm= 6.492e-02
         gflops_total= 5.527239e-03   gflops_comp= 8.906105e-01
========================================

[RESULT] 0,16,2D,0,0.065851450,0.065614462,29999,14062,59998
[RESULT] 0,16,2D,1,0.064810991,0.064576149,29999,14062,59998
[RESULT] 0,16,2D,2,0.064809322,0.064575195,29999,14062,59998
[RESULT] 0,16,2D,3,0.064797163,0.064579487,29999,14062,59998
[RESULT] 0,16,2D,4,0.064819813,0.064552069,29999,14062,59998
[RESULT] 0,16,2D,5,0.064814091,0.064591408,29999,14062,59998
[RESULT] 0,16,2D,6,0.064820766,0.064573288,29999,14062,59998
[RESULT] 0,16,2D,7,0.064790964,0.064571619,29999,14062,59998
[RESULT] 0,16,2D,8,0.064807177,0.064578295,29999,14062,59998
[RESULT] 0,16,2D,9,0.064795732,0.064588070,29999,14062,59998
Total execution time: 3.877 seconds
