Retrieving the matrix from '../matrices/Hook_1498.mtx'...
%%MatrixMarket matrix coordinate real symmetric
1498023 1498023 31207734
Real Matrix: Rows=1498023 | Cols=1498023 | NNZ=31207734 | Procs=32 | Distribution=1D
Applied 1D distribution
Ghost columns identified: 677726 total ghost values needed
Local vector initialized (size=46814 per process)

========================================
COMPREHENSIVE METRICS SUMMARY
========================================
PROCESSES: 32
DISTRIBUTION: 1D
ITERATIONS: 10
Matrix NNZ: 31207734
BALANCE: nnz_local   min=  972581  avg= 975241.69  max=  978414
COMM:    ghost       min=  677568  avg= 679000.47  max=  680740  | recv_double_avg=5432003.75 B
MEM:     bytes       min=18031032  avg=  18071172  max=18120840
STRUCT:  ghost_ratio min=  69.426  avg=    69.624  max=  69.760
METRICS: t_total     = 4.674e-02        t_comp.   = 5.785e-03      t_comm= 4.151e-02
         gflops_total= 1.335444e+00   gflops_comp= 1.078886e+01
========================================

[RESULT] 0,32,1D,0,0.047168732,0.041936398,972745,677726,1945490
[RESULT] 0,32,1D,1,0.045807600,0.040513277,972745,677726,1945490
[RESULT] 0,32,1D,2,0.046149015,0.040890217,972745,677726,1945490
[RESULT] 0,32,1D,3,0.046545267,0.041221142,972745,677726,1945490
[RESULT] 0,32,1D,4,0.046010733,0.040725708,972745,677726,1945490
[RESULT] 0,32,1D,5,0.046347618,0.041079044,972745,677726,1945490
[RESULT] 0,32,1D,6,0.045680285,0.040385723,972745,677726,1945490
[RESULT] 0,32,1D,7,0.046217442,0.040925980,972745,677726,1945490
[RESULT] 0,32,1D,8,0.046168089,0.040896177,972745,677726,1945490
[RESULT] 0,32,1D,9,0.046664953,0.041324615,972745,677726,1945490
Total execution time: 24.635 seconds
