Retrieving the matrix from '../matrices/tmt_sym.mtx'...
%%MatrixMarket matrix coordinate real symmetric
726713 726713 2903837
Real Matrix: Rows=726713 | Cols=726713 | NNZ=2903837 | Procs=16 | Distribution=1D
Applied 1D distribution
Ghost columns identified: 126558 total ghost values needed
Local vector initialized (size=45420 per process)

========================================
COMPREHENSIVE METRICS SUMMARY
========================================
PROCESSES: 16
DISTRIBUTION: 1D
ITERATIONS: 10
Matrix NNZ: 2903837
BALANCE: nnz_local   min=  181131  avg= 181489.81  max=  181722
COMM:    ghost       min=  122919  avg= 124785.44  max=  126983  | recv_double_avg= 998283.50 B
MEM:     bytes       min= 4065328  avg=   4084556  max= 4104188
STRUCT:  ghost_ratio min=  67.862  avg=    68.756  max=  69.901
METRICS: t_total     = 9.139e-02        t_comp.   = 7.589e-03      t_comm= 8.987e-02
         gflops_total= 6.354683e-02   gflops_comp= 7.652842e-01
========================================

[RESULT] 0,16,1D,0,0.097756863,0.096341372,181270,126558,362540
[RESULT] 0,16,1D,1,0.097793341,0.096423864,181270,126558,362540
[RESULT] 0,16,1D,2,0.097759485,0.096380472,181270,126558,362540
[RESULT] 0,16,1D,3,0.097756863,0.096383810,181270,126558,362540
[RESULT] 0,16,1D,4,0.097758055,0.096328020,181270,126558,362540
[RESULT] 0,16,1D,5,0.066353559,0.064306498,181270,126558,362540
[RESULT] 0,16,1D,6,0.066392899,0.064292431,181270,126558,362540
[RESULT] 0,16,1D,7,0.097688913,0.096290350,181270,126558,362540
[RESULT] 0,16,1D,8,0.066370964,0.064296722,181270,126558,362540
[RESULT] 0,16,1D,9,0.097725153,0.096313477,181270,126558,362540
Total execution time: 23.525 seconds
