Retrieving the matrix from '../matrices/tmt_sym.mtx'...
%%MatrixMarket matrix coordinate real symmetric
726713 726713 2903837
Real Matrix: Rows=726713 | Cols=726713 | NNZ=2903837 | Procs=128 | Distribution=2D_cyclic
Rank 100: Grid pos (6,4) | Local rows: 90839 | Local NNZ: 11435
Rank 101: Grid pos (6,5) | Local rows: 90839 | Local NNZ: 57508
Rank 99: Grid pos (6,3) | Local rows: 90839 | Local NNZ: 10449
Rank 102: Grid pos (6,6) | Local rows: 90839 | Local NNZ: 57738
Rank 98: Grid pos (6,2) | Local rows: 90839 | Local NNZ: 10276
Rank 103: Grid pos (6,7) | Local rows: 90839 | Local NNZ: 12277
Rank 97: Grid pos (6,1) | Local rows: 90839 | Local NNZ: 10375
Rank 104: Grid pos (6,8) | Local rows: 90839 | Local NNZ: 11285
Rank 96: Grid pos (6,0) | Local rows: 90839 | Local NNZ: 11256
Rank 95: Grid pos (5,15) | Local rows: 90839 | Local NNZ: 12513
Rank 105: Grid pos (6,9) | Local rows: 90839 | Local NNZ: 10494
Rank 106: Grid pos (6,10) | Local rows: 90839 | Local NNZ: 10175
Rank 94: Grid pos (5,14) | Local rows: 90839 | Local NNZ: 12263
Rank 107: Grid pos (6,11) | Local rows: 90839 | Local NNZ: 10373
Rank 108: Grid pos (6,12) | Local rows: 90839 | Local NNZ: 11377
Rank 93: Grid pos (5,13) | Local rows: 90839 | Local NNZ: 56648
Rank 109: Grid pos (6,13) | Local rows: 90839 | Local NNZ: 57655
Rank 111: Grid pos (6,15) | Local rows: 90839 | Local NNZ: 12247
Rank 110: Grid pos (6,14) | Local rows: 90839 | Local NNZ: 57861
Rank 90: Grid pos (5,10) | Local rows: 90839 | Local NNZ: 10471
Rank 91: Grid pos (5,11) | Local rows: 90839 | Local NNZ: 10260
Rank 92: Grid pos (5,12) | Local rows: 90839 | Local NNZ: 55764
Rank 88: Grid pos (5,8) | Local rows: 90839 | Local NNZ: 12178
Rank 112: Grid pos (7,0) | Local rows: 90839 | Local NNZ: 10393
Rank 89: Grid pos (5,9) | Local rows: 90839 | Local NNZ: 11315
Rank 113: Grid pos (7,1) | Local rows: 90839 | Local NNZ: 10300
Rank 87: Grid pos (5,7) | Local rows: 90839 | Local NNZ: 12321
Rank 114: Grid pos (7,2) | Local rows: 90839 | Local NNZ: 10468
Rank 115: Grid pos (7,3) | Local rows: 90839 | Local NNZ: 11354
Rank 86: Grid pos (5,6) | Local rows: 90839 | Local NNZ: 12155
Rank 116: Grid pos (7,4) | Local rows: 90839 | Local NNZ: 12153
Rank 85: Grid pos (5,5) | Local rows: 90839 | Local NNZ: 56707
Rank 117: Grid pos (7,5) | Local rows: 90839 | Local NNZ: 12460
Rank 118: Grid pos (7,6) | Local rows: 90839 | Local NNZ: 57687
Rank 119: Grid pos (7,7) | Local rows: 90839 | Local NNZ: 56877
Rank 120: Grid pos (7,8) | Local rows: 90839 | Local NNZ: 10398
Rank 84: Grid pos (5,4) | Local rows: 90839 | Local NNZ: 55892
2D Process Grid (Cyclic): 8 x 16
Rank 121: Grid pos (7,9) | Local rows: 90839 | Local NNZ: 10363
Rank 83: Grid pos (5,3) | Local rows: 90839 | Local NNZ: 10197
Rank 122: Grid pos (7,10) | Local rows: 90839 | Local NNZ: 10388
Rank 80: Grid pos (5,0) | Local rows: 90839 | Local NNZ: 12244
Rank 123: Grid pos (7,11) | Local rows: 90839 | Local NNZ: 11464
Rank 82: Grid pos (5,2) | Local rows: 90839 | Local NNZ: 10506
Rank 81: Grid pos (5,1) | Local rows: 90839 | Local NNZ: 11379
Rank 124: Grid pos (7,12) | Local rows: 90839 | Local NNZ: 12339
Rank 125: Grid pos (7,13) | Local rows: 90839 | Local NNZ: 12333
Rank 126: Grid pos (7,14) | Local rows: 90839 | Local NNZ: 57581
Rank 79: Grid pos (4,15) | Local rows: 90839 | Local NNZ: 12233
Rank 127: Grid pos (7,15) | Local rows: 90839 | Local NNZ: 56719
Rank 72: Grid pos (4,8) | Local rows: 90839 | Local NNZ: 12439
Rank 0: Grid pos (0,0) | Local rows: 90840 | Local NNZ: 55638
Applied 2Dcyclic distribution
Rank 1: Grid pos (0,1) | Local rows: 90840 | Local NNZ: 10426
Rank 74: Grid pos (4,10) | Local rows: 90839 | Local NNZ: 11385
Rank 4: Grid pos (0,4) | Local rows: 90840 | Local NNZ: 12374
Rank 73: Grid pos (4,9) | Local rows: 90839 | Local NNZ: 12253
Rank 2: Grid pos (0,2) | Local rows: 90840 | Local NNZ: 11348
Rank 3: Grid pos (0,3) | Local rows: 90840 | Local NNZ: 12299
Rank 77: Grid pos (4,13) | Local rows: 90839 | Local NNZ: 10420
Rank 75: Grid pos (4,11) | Local rows: 90839 | Local NNZ: 55804
Rank 78: Grid pos (4,14) | Local rows: 90839 | Local NNZ: 11293
Rank 71: Grid pos (4,7) | Local rows: 90839 | Local NNZ: 12269
Rank 76: Grid pos (4,12) | Local rows: 90839 | Local NNZ: 55786
Rank 70: Grid pos (4,6) | Local rows: 90839 | Local NNZ: 11407
Rank 5: Grid pos (0,5) | Local rows: 90840 | Local NNZ: 12276
Rank 68: Grid pos (4,4) | Local rows: 90839 | Local NNZ: 55638
Rank 66: Grid pos (4,2) | Local rows: 90839 | Local NNZ: 11441
Rank 6: Grid pos (0,6) | Local rows: 90840 | Local NNZ: 11244
Rank 65: Grid pos (4,1) | Local rows: 90839 | Local NNZ: 12337
Rank 69: Grid pos (4,5) | Local rows: 90839 | Local NNZ: 10408
Rank 67: Grid pos (4,3) | Local rows: 90839 | Local NNZ: 55735
Rank 7: Grid pos (0,7) | Local rows: 90840 | Local NNZ: 55765
Rank 64: Grid pos (4,0) | Local rows: 90839 | Local NNZ: 12342
Rank 63: Grid pos (3,15) | Local rows: 90839 | Local NNZ: 11333
Rank 60: Grid pos (3,12) | Local rows: 90839 | Local NNZ: 10411
Rank 9: Grid pos (0,9) | Local rows: 90840 | Local NNZ: 10534
Rank 11: Grid pos (0,11) | Local rows: 90840 | Local NNZ: 12333
Rank 58: Grid pos (3,10) | Local rows: 90839 | Local NNZ: 57706
Rank 62: Grid pos (3,14) | Local rows: 90839 | Local NNZ: 10513
Rank 61: Grid pos (3,13) | Local rows: 90839 | Local NNZ: 10193
Rank 57: Grid pos (3,9) | Local rows: 90839 | Local NNZ: 12389
Rank 59: Grid pos (3,11) | Local rows: 90839 | Local NNZ: 56671
Rank 10: Grid pos (0,10) | Local rows: 90840 | Local NNZ: 11259
Rank 56: Grid pos (3,8) | Local rows: 90839 | Local NNZ: 12246
Rank 54: Grid pos (3,6) | Local rows: 90839 | Local NNZ: 10424
Rank 8: Grid pos (0,8) | Local rows: 90840 | Local NNZ: 55631
Rank 55: Grid pos (3,7) | Local rows: 90839 | Local NNZ: 11381
Rank 53: Grid pos (3,5) | Local rows: 90839 | Local NNZ: 10160
Rank 12: Grid pos (0,12) | Local rows: 90840 | Local NNZ: 12367
Rank 47: Grid pos (2,15) | Local rows: 90839 | Local NNZ: 10565
Rank 49: Grid pos (3,1) | Local rows: 90839 | Local NNZ: 12293
Rank 52: Grid pos (3,4) | Local rows: 90839 | Local NNZ: 10411
Rank 45: Grid pos (2,13) | Local rows: 90839 | Local NNZ: 10327
Rank 13: Grid pos (0,13) | Local rows: 90840 | Local NNZ: 12247
Rank 51: Grid pos (3,3) | Local rows: 90839 | Local NNZ: 56705
Rank 46: Grid pos (2,14) | Local rows: 90839 | Local NNZ: 10319
Rank 48: Grid pos (3,0) | Local rows: 90839 | Local NNZ: 12082
Rank 44: Grid pos (2,12) | Local rows: 90839 | Local NNZ: 11377
Rank 14: Grid pos (0,14) | Local rows: 90840 | Local NNZ: 11377
Rank 50: Grid pos (3,2) | Local rows: 90839 | Local NNZ: 57622
Rank 21: Grid pos (1,5) | Local rows: 90839 | Local NNZ: 11382
Rank 18: Grid pos (1,2) | Local rows: 90839 | Local NNZ: 12219
Rank 19: Grid pos (1,3) | Local rows: 90839 | Local NNZ: 12334
Rank 15: Grid pos (0,15) | Local rows: 90840 | Local NNZ: 55812
Rank 37: Grid pos (2,5) | Local rows: 90839 | Local NNZ: 10446
Rank 35: Grid pos (2,3) | Local rows: 90839 | Local NNZ: 12240
Rank 16: Grid pos (1,0) | Local rows: 90839 | Local NNZ: 55836
Rank 20: Grid pos (1,4) | Local rows: 90839 | Local NNZ: 12198
Rank 17: Grid pos (1,1) | Local rows: 90839 | Local NNZ: 56821
Rank 43: Grid pos (2,11) | Local rows: 90839 | Local NNZ: 12255
Rank 41: Grid pos (2,9) | Local rows: 90839 | Local NNZ: 57535
Rank 39: Grid pos (2,7) | Local rows: 90839 | Local NNZ: 10413
Rank 40: Grid pos (2,8) | Local rows: 90839 | Local NNZ: 11432
Rank 38: Grid pos (2,6) | Local rows: 90839 | Local NNZ: 10242
Rank 36: Grid pos (2,4) | Local rows: 90839 | Local NNZ: 11377
Rank 42: Grid pos (2,10) | Local rows: 90839 | Local NNZ: 57853
Rank 23: Grid pos (1,7) | Local rows: 90839 | Local NNZ: 10280
Rank 27: Grid pos (1,11) | Local rows: 90839 | Local NNZ: 12468
Rank 22: Grid pos (1,6) | Local rows: 90839 | Local NNZ: 10522
Rank 31: Grid pos (1,15) | Local rows: 90839 | Local NNZ: 10301
Rank 29: Grid pos (1,13) | Local rows: 90839 | Local NNZ: 11337
Rank 26: Grid pos (1,10) | Local rows: 90839 | Local NNZ: 12141
Rank 32: Grid pos (2,0) | Local rows: 90839 | Local NNZ: 11422
Rank 30: Grid pos (1,14) | Local rows: 90839 | Local NNZ: 10397
Rank 25: Grid pos (1,9) | Local rows: 90839 | Local NNZ: 56667
Rank 33: Grid pos (2,1) | Local rows: 90839 | Local NNZ: 57682
Rank 24: Grid pos (1,8) | Local rows: 90839 | Local NNZ: 55860
Rank 34: Grid pos (2,2) | Local rows: 90839 | Local NNZ: 57790
Rank 28: Grid pos (1,12) | Local rows: 90839 | Local NNZ: 12268
Ghost columns identified: 39742 total ghost values needed
Local vector initialized (size=5678 per process)

========================================
COMPREHENSIVE METRICS SUMMARY
========================================
PROCESSES: 128
DISTRIBUTION: 2D_cyclic
ITERATIONS: 10
Matrix NNZ: 2903837
BALANCE: nnz_local   min=   10160  avg=  22686.23  max=   57861
COMM:    ghost       min=    8864  avg=  17374.93  max=   39743  | recv_double_avg= 138999.44 B
MEM:     bytes       min= 1328328  avg=   1546727  max= 2147756
STRUCT:  ghost_ratio min=  68.685  avg=    83.136  max=  87.843
METRICS: t_total     = 2.197e-03        t_comp.   = 1.293e-03      t_comm= 1.441e-03
         gflops_total= 2.643022e+00   gflops_comp= 4.491325e+00
========================================

[RESULT] 0,128,2D_cyclic,0,0.000941992,0.000169516,55638,39742,111276
[RESULT] 0,128,2D_cyclic,1,0.000889301,0.000151396,55638,39742,111276
[RESULT] 0,128,2D_cyclic,2,0.000870943,0.000142336,55638,39742,111276
[RESULT] 0,128,2D_cyclic,3,0.000849724,0.000142574,55638,39742,111276
[RESULT] 0,128,2D_cyclic,4,0.000873804,0.000142574,55638,39742,111276
[RESULT] 0,128,2D_cyclic,5,0.000828505,0.000135899,55638,39742,111276
[RESULT] 0,128,2D_cyclic,6,0.000963926,0.000167608,55638,39742,111276
[RESULT] 0,128,2D_cyclic,7,0.000935078,0.000152826,55638,39742,111276
[RESULT] 0,128,2D_cyclic,8,0.000910282,0.000150442,55638,39742,111276
[RESULT] 0,128,2D_cyclic,9,0.000903845,0.000150681,55638,39742,111276
Total execution time: 4.639 seconds
