Synthetic Matrix (Weak Scaling): Rows/proc=10000 | Total rows=10000 | NNZ/row=~50 | Procs=1
Dummy Matrix Generated: 10000 Global Rows | Total NNZ: 500000
Ghost columns identified: 0 total ghost values needed
Local vector initialized (size=10000 per process)

========================================
COMPREHENSIVE METRICS SUMMARY
========================================
PROCESSES: 1
DISTRIBUTION: 1D
ITERATIONS: 10
Matrix NNZ: 500000
BALANCE: nnz_local   min=  500000  avg= 500000.00  max=  500000
COMM:    ghost       min=       0  avg=      0.00  max=       0  | recv_double_avg=      0.00 B
METRICS: t_total     = 1.363e-03  t_comp = 9.752e-04  t_comm = 3.875e-04
         gflops_total= 7.338083e-01  gflops_comp= 1.025418e+00
========================================

[RESULT] 0,1,1D,0,0.001576705,0.000560949,500000,0,1000000
[RESULT] 0,1,1D,1,0.001359925,0.000438305,500000,0,1000000
[RESULT] 0,1,1D,2,0.001266623,0.000271117,500000,0,1000000
[RESULT] 0,1,1D,3,0.001426384,0.000488036,500000,0,1000000
[RESULT] 0,1,1D,4,0.001318663,0.000389701,500000,0,1000000
[RESULT] 0,1,1D,5,0.001344009,0.000378881,500000,0,1000000
[RESULT] 0,1,1D,6,0.001355299,0.000377972,500000,0,1000000
[RESULT] 0,1,1D,7,0.001376172,0.000337762,500000,0,1000000
[RESULT] 0,1,1D,8,0.001323139,0.000268181,500000,0,1000000
[RESULT] 0,1,1D,9,0.001280619,0.000364514,500000,0,1000000
Total execution time: 0.054 seconds
