Synthetic Matrix (Weak Scaling): Rows/proc=10000 | Total rows=40000 | NNZ/row=~50 | Procs=32
Dummy Matrix Generated: 320000 Global Rows | Total NNZ: 15999629
Ghost columns identified: 38750 total ghost values needed
Local vector initialized (size=10000 per process)

========================================
COMPREHENSIVE METRICS SUMMARY
========================================
PROCESSES: 32
DISTRIBUTION: 2D
ITERATIONS: 10
Matrix NNZ: 15999629
BALANCE: nnz_local   min=  499981  avg= 499988.41  max=  499994
COMM:    ghost       min=   38749  avg=  38749.81  max=   38750  | recv_double_avg= 309998.50 B
MEM:     bytes       min= 6505732  avg=   6506300  max= 6506812
STRUCT:  ghost_ratio min=   7.750  avg=     7.750  max=   7.750
METRICS: t_total     = 2.127e-01        t_comp.   = 4.637e-02      t_comm= 2.046e-01
         gflops_total= 1.504432e-01   gflops_comp= 6.901577e-01
========================================

[RESULT] 0,32,2D,0,0.194391727,0.192024946,499988,38750,999976
[RESULT] 0,32,2D,1,0.194403172,0.192052126,499988,38750,999976
[RESULT] 0,32,2D,2,0.194389343,0.192009211,499988,38750,999976
[RESULT] 0,32,2D,3,0.194403410,0.192037106,499988,38750,999976
[RESULT] 0,32,2D,4,0.194116592,0.192026615,499988,38750,999976
[RESULT] 0,32,2D,5,0.193095446,0.190987587,499988,38750,999976
[RESULT] 0,32,2D,6,0.194101810,0.191999912,499988,38750,999976
[RESULT] 0,32,2D,7,0.258122683,0.256009579,499988,38750,999976
[RESULT] 0,32,2D,8,0.258122921,0.256003618,499988,38750,999976
[RESULT] 0,32,2D,9,0.193168640,0.191051245,499988,38750,999976
Total execution time: 6.985 seconds
