Synthetic Matrix (Weak Scaling): Rows/proc=10000 | Total rows=320000 | NNZ/row=~50 | Procs=32
Dummy Matrix Generated: 320000 Global Rows | Total NNZ: 16000000
Ghost columns identified: 245121 total ghost values needed
Local vector initialized (size=10000 per process)

========================================
COMPREHENSIVE METRICS SUMMARY
========================================
PROCESSES: 32
DISTRIBUTION: 1D
ITERATIONS: 10
Matrix NNZ: 16000000
BALANCE: nnz_local   min=  500000  avg= 500000.00  max=  500000
COMM:    ghost       min=  244503  avg= 245013.53  max=  245368  | recv_double_avg=1960108.25 B
MEM:     bytes       min=11875596  avg=  11879669  max=11882504
STRUCT:  ghost_ratio min=  48.901  avg=    49.003  max=  49.074
METRICS: t_total     = 2.893e-01        t_comp.   = 1.303e-01      t_comm= 1.917e-01
         gflops_total= 1.106134e-01   gflops_comp= 2.454979e-01
========================================

[RESULT] 0,32,1D,0,0.255561590,0.192059517,500000,245121,1000000
[RESULT] 0,32,1D,1,0.258176565,0.191995144,500000,245121,1000000
[RESULT] 0,32,1D,2,0.317018986,0.192009449,500000,245121,1000000
[RESULT] 0,32,1D,3,0.257932425,0.190998316,500000,245121,1000000
[RESULT] 0,32,1D,4,0.259413719,0.191977262,500000,245121,1000000
[RESULT] 0,32,1D,5,0.321975946,0.191594601,500000,245121,1000000
[RESULT] 0,32,1D,6,0.321995020,0.191565275,500000,245121,1000000
[RESULT] 0,32,1D,7,0.258448124,0.191514254,500000,245121,1000000
[RESULT] 0,32,1D,8,0.321139097,0.191518545,500000,245121,1000000
[RESULT] 0,32,1D,9,0.321297646,0.191985369,500000,245121,1000000
Total execution time: 7.385 seconds
