Synthetic Matrix (Weak Scaling): Rows/proc=10000 | Total rows=10000 | NNZ/row=~50 | Procs=2
Dummy Matrix Generated: 10000 Global Rows | Total NNZ: 999890
2D Comm Pattern: grid 1 x 2 | expand ghosts on rank 0: 5000
2D: local vector size = 5000 (column block), local rows = 10000

========================================
COMPREHENSIVE METRICS SUMMARY
========================================
PROCESSES: 2
DISTRIBUTION: 2D
GRID: 1 x 2 (proc_rows x proc_cols)
ITERATIONS: 10
Matrix NNZ: 999890
BALANCE: nnz_local   min=  499942  avg= 499945.00  max=  499948
COMM:    ghost       min=    5000  avg=   5000.00  max=    5000  | recv_double_avg=  40000.00 B
METRICS: t_total     = 5.493e-04  t_comp = 5.280e-04  t_comm = 5.120e-05
         gflops_total= 3.640304e+00  gflops_comp= 3.787199e+00
========================================

[RESULT] 0,2,2D,0,0.000628685,0.000027892,499942,5000,999884
[RESULT] 0,2,2D,1,0.000585792,0.000022994,499942,5000,999884
[RESULT] 0,2,2D,2,0.000536637,0.000020948,499942,5000,999884
[RESULT] 0,2,2D,3,0.000590660,0.000021064,499942,5000,999884
[RESULT] 0,2,2D,4,0.000527363,0.000020364,499942,5000,999884
[RESULT] 0,2,2D,5,0.000522219,0.000019741,499942,5000,999884
[RESULT] 0,2,2D,6,0.000510864,0.000020415,499942,5000,999884
[RESULT] 0,2,2D,7,0.000560921,0.000020450,499942,5000,999884
[RESULT] 0,2,2D,8,0.000513097,0.000019751,499942,5000,999884
[RESULT] 0,2,2D,9,0.000517204,0.000019456,499942,5000,999884
Total execution time: 0.045 seconds
