Synthetic Matrix (Weak Scaling): Rows/proc=10000 | Total rows=20000 | NNZ/row=~50 | Procs=8
Dummy Matrix Generated: 80000 Global Rows | Total NNZ: 3999780
Ghost columns identified: 17500 total ghost values needed
Local vector initialized (size=10000 per process)

========================================
COMPREHENSIVE METRICS SUMMARY
========================================
PROCESSES: 8
DISTRIBUTION: 2D
ITERATIONS: 10
Matrix NNZ: 3999780
BALANCE: nnz_local   min=  499962  avg= 499972.50  max=  499980
COMM:    ghost       min=   17500  avg=  17500.00  max=   17500  | recv_double_avg= 140000.00 B
MEM:     bytes       min= 6332624  avg=   6332850  max= 6333332
STRUCT:  ghost_ratio min=   3.500  avg=     3.500  max=   3.500
METRICS: t_total     = 5.834e-02        t_comp.   = 7.227e-03      t_comm= 5.427e-02
         gflops_total= 1.371118e-01   gflops_comp= 1.106933e+00
========================================

[RESULT] 0,8,2D,0,0.053341150,0.049524546,499962,17500,999924
[RESULT] 0,8,2D,1,0.056302786,0.053528070,499962,17500,999924
[RESULT] 0,8,2D,2,0.056381226,0.053522587,499962,17500,999924
[RESULT] 0,8,2D,3,0.058814764,0.056005239,499962,17500,999924
[RESULT] 0,8,2D,4,0.058788776,0.056002855,499962,17500,999924
[RESULT] 0,8,2D,5,0.058771133,0.056003332,499962,17500,999924
[RESULT] 0,8,2D,6,0.058767080,0.056006432,499962,17500,999924
[RESULT] 0,8,2D,7,0.052922726,0.050053120,499962,17500,999924
[RESULT] 0,8,2D,8,0.058845043,0.056012392,499962,17500,999924
[RESULT] 0,8,2D,9,0.058910131,0.056055307,499962,17500,999924
Total execution time: 1.468 seconds
