Synthetic Matrix (Weak Scaling): Rows/proc=10000 | Total rows=40000 | NNZ/row=~50 | Procs=16
Dummy Matrix Generated: 160000 Global Rows | Total NNZ: 7999786
Ghost columns identified: 37500 total ghost values needed
Local vector initialized (size=10000 per process)

========================================
COMPREHENSIVE METRICS SUMMARY
========================================
PROCESSES: 16
DISTRIBUTION: 2D
ITERATIONS: 10
Matrix NNZ: 7999786
BALANCE: nnz_local   min=  499980  avg= 499986.62  max=  499994
COMM:    ghost       min=   37499  avg=  37499.94  max=   37500  | recv_double_avg= 299999.50 B
MEM:     bytes       min= 6495744  avg=   6496254  max= 6496560
STRUCT:  ghost_ratio min=   7.500  avg=     7.500  max=   7.500
METRICS: t_total     = 9.527e-02        t_comp.   = 2.705e-02      t_comm= 9.260e-02
         gflops_total= 1.679355e-01   gflops_comp= 5.914622e-01
========================================

[RESULT] 0,16,2D,0,0.064605713,0.061033249,499994,37500,999988
[RESULT] 0,16,2D,1,0.098892450,0.096003056,499994,37500,999988
[RESULT] 0,16,2D,2,0.098960876,0.096004009,499994,37500,999988
[RESULT] 0,16,2D,3,0.099366665,0.097006798,499994,37500,999988
[RESULT] 0,16,2D,4,0.098405123,0.096003771,499994,37500,999988
[RESULT] 0,16,2D,5,0.097388029,0.095007420,499994,37500,999988
[RESULT] 0,16,2D,6,0.098371267,0.095998526,499994,37500,999988
[RESULT] 0,16,2D,7,0.098387957,0.095997810,499994,37500,999988
[RESULT] 0,16,2D,8,0.098375320,0.095986366,499994,37500,999988
[RESULT] 0,16,2D,9,0.099967957,0.097001791,499994,37500,999988
Total execution time: 2.764 seconds
