Synthetic Matrix (Weak Scaling): Rows/proc=10000 | Total rows=40000 | NNZ/row=~50 | Procs=32
Dummy Matrix Generated: 320000 Global Rows | Total NNZ: 15999619
Ghost columns identified: 38750 total ghost values needed
Local vector initialized (size=10000 per process)

========================================
COMPREHENSIVE METRICS SUMMARY
========================================
PROCESSES: 32
DISTRIBUTION: 2D
ITERATIONS: 10
Matrix NNZ: 15999619
BALANCE: nnz_local   min=  499982  avg= 499988.09  max=  499995
COMM:    ghost       min=   38749  avg=  38749.94  max=   38750  | recv_double_avg= 309999.50 B
MEM:     bytes       min= 6505984  avg=   6506306  max= 6506680
STRUCT:  ghost_ratio min=   7.750  avg=     7.750  max=   7.750
METRICS: t_total     = 4.514e-03        t_comp.   = 2.164e-03      t_comm= 2.428e-03
         gflops_total= 7.089557e+00   gflops_comp= 1.478671e+01
========================================

[RESULT] 0,32,2D,0,0.004392862,0.002282143,499984,38750,999968
[RESULT] 0,32,2D,1,0.004431725,0.002325773,499984,38750,999968
[RESULT] 0,32,2D,2,0.004291296,0.002191067,499984,38750,999968
[RESULT] 0,32,2D,3,0.004395485,0.002296925,499984,38750,999968
[RESULT] 0,32,2D,4,0.004430056,0.002334595,499984,38750,999968
[RESULT] 0,32,2D,5,0.004364967,0.002266407,499984,38750,999968
[RESULT] 0,32,2D,6,0.004440069,0.002340078,499984,38750,999968
[RESULT] 0,32,2D,7,0.004322052,0.002231121,499984,38750,999968
[RESULT] 0,32,2D,8,0.004315615,0.002233028,499984,38750,999968
[RESULT] 0,32,2D,9,0.004561663,0.002478123,499984,38750,999968
Total execution time: 0.120 seconds
