Synthetic Matrix (Weak Scaling): Rows/proc=10000 | Total rows=20000 | NNZ/row=~50 | Procs=4
Dummy Matrix Generated: 20000 Global Rows | Total NNZ: 1999892
2D Comm Pattern: grid 2 x 2 | expand ghosts on rank 0: 10000
2D: local vector size = 10000 (column block), local rows = 10000

========================================
COMPREHENSIVE METRICS SUMMARY
========================================
PROCESSES: 4
DISTRIBUTION: 2D
GRID: 2 x 2 (proc_rows x proc_cols)
ITERATIONS: 10
Matrix NNZ: 1999892
BALANCE: nnz_local   min=  499968  avg= 499973.00  max=  499982
COMM:    ghost       min=   10000  avg=  10000.00  max=   10000  | recv_double_avg=  80000.00 B
METRICS: t_total     = 7.082e-04  t_comp = 6.379e-04  t_comm = 8.259e-05
         gflops_total= 5.647425e+00  gflops_comp= 6.269825e+00
========================================

[RESULT] 0,4,2D,0,0.000836884,0.000049895,499982,10000,999964
[RESULT] 0,4,2D,1,0.000775845,0.000040435,499982,10000,999964
[RESULT] 0,4,2D,2,0.000685240,0.000031738,499982,10000,999964
[RESULT] 0,4,2D,3,0.000652828,0.000035488,499982,10000,999964
[RESULT] 0,4,2D,4,0.000605201,0.000028866,499982,10000,999964
[RESULT] 0,4,2D,5,0.000631716,0.000030346,499982,10000,999964
[RESULT] 0,4,2D,6,0.000665166,0.000029704,499982,10000,999964
[RESULT] 0,4,2D,7,0.000608881,0.000027781,499982,10000,999964
[RESULT] 0,4,2D,8,0.000645991,0.000031292,499982,10000,999964
[RESULT] 0,4,2D,9,0.000606672,0.000029460,499982,10000,999964
Total execution time: 0.061 seconds
