Synthetic Matrix (Weak Scaling): Rows/proc=10000 | Total rows=20000 | NNZ/row=~50 | Procs=8
Dummy Matrix Generated: 80000 Global Rows | Total NNZ: 3999788
Ghost columns identified: 17500 total ghost values needed
Local vector initialized (size=10000 per process)

========================================
COMPREHENSIVE METRICS SUMMARY
========================================
PROCESSES: 8
DISTRIBUTION: 2D
ITERATIONS: 10
Matrix NNZ: 3999788
BALANCE: nnz_local   min=  499967  avg= 499973.50  max=  499983
COMM:    ghost       min=   17500  avg=  17500.00  max=   17500  | recv_double_avg= 140000.00 B
MEM:     bytes       min= 6332216  avg=   6332594  max= 6332924
STRUCT:  ghost_ratio min=   3.500  avg=     3.500  max=   3.500
METRICS: t_total     = 3.242e-03        t_comp.   = 2.834e-03      t_comm= 4.557e-04
         gflops_total= 2.467488e+00   gflops_comp= 2.822919e+00
========================================

[RESULT] 0,8,2D,0,0.003309011,0.000475645,499974,17500,999948
[RESULT] 0,8,2D,1,0.003205538,0.000368595,499974,17500,999948
[RESULT] 0,8,2D,2,0.003175497,0.000347137,499974,17500,999948
[RESULT] 0,8,2D,3,0.003171206,0.000345230,499974,17500,999948
[RESULT] 0,8,2D,4,0.003177166,0.000352383,499974,17500,999948
[RESULT] 0,8,2D,5,0.003184557,0.000359058,499974,17500,999948
[RESULT] 0,8,2D,6,0.003215075,0.000386238,499974,17500,999948
[RESULT] 0,8,2D,7,0.003197908,0.000376463,499974,17500,999948
[RESULT] 0,8,2D,8,0.003172636,0.000343323,499974,17500,999948
[RESULT] 0,8,2D,9,0.003197193,0.000360012,499974,17500,999948
Total execution time: 0.094 seconds
