Synthetic Matrix (Weak Scaling): Rows/proc=10000 | Total rows=40000 | NNZ/row=~50 | Procs=4
Dummy Matrix Generated: 40000 Global Rows | Total NNZ: 2000000
Ghost columns identified: 30000 total ghost values needed
Local vector initialized (size=10000 per process)

========================================
COMPREHENSIVE METRICS SUMMARY
========================================
PROCESSES: 4
DISTRIBUTION: 1D
ITERATIONS: 10
Matrix NNZ: 2000000
BALANCE: nnz_local   min=  500000  avg= 500000.00  max=  500000
COMM:    ghost       min=   29999  avg=  29999.75  max=   30000  | recv_double_avg= 239998.00 B
MEM:     bytes       min= 6796168  avg=   6796360  max= 6796500
STRUCT:  ghost_ratio min=   6.000  avg=     6.000  max=   6.000
METRICS: t_total     = 5.158e-02        t_comp.   = 4.213e-03      t_comm= 4.778e-02
         gflops_total= 7.754840e-02   gflops_comp= 9.493349e-01
========================================

[RESULT] 0,4,1D,0,0.056046724,0.052003384,500000,30000,1000000
[RESULT] 0,4,1D,1,0.051962376,0.047931910,500000,30000,1000000
[RESULT] 0,4,1D,2,0.051937342,0.047936440,500000,30000,1000000
[RESULT] 0,4,1D,3,0.052255869,0.047955036,500000,30000,1000000
[RESULT] 0,4,1D,4,0.051892996,0.047664642,500000,30000,1000000
[RESULT] 0,4,1D,5,0.056330442,0.052004814,500000,30000,1000000
[RESULT] 0,4,1D,6,0.051996708,0.047642469,500000,30000,1000000
[RESULT] 0,4,1D,7,0.044018030,0.039742231,500000,30000,1000000
[RESULT] 0,4,1D,8,0.043940067,0.039613247,500000,30000,1000000
[RESULT] 0,4,1D,9,0.044003963,0.039755583,500000,30000,1000000
Total execution time: 0.893 seconds
