Synthetic Matrix (Weak Scaling): Rows/proc=10000 | Total rows=20000 | NNZ/row=~50 | Procs=4
Dummy Matrix Generated: 20000 Global Rows | Total NNZ: 1999895
2D Comm Pattern: grid 2 x 2 | expand ghosts on rank 0: 10000
2D: local vector size = 10000 (column block), local rows = 10000

========================================
COMPREHENSIVE METRICS SUMMARY
========================================
PROCESSES: 4
DISTRIBUTION: 2D_cyclic
GRID: 2 x 2 (proc_rows x proc_cols)
ITERATIONS: 10
Matrix NNZ: 1999895
BALANCE: nnz_local   min=  499969  avg= 499973.75  max=  499979
COMM:    ghost       min=   10000  avg=  10000.00  max=   10000  | recv_double_avg=  80000.00 B
METRICS: t_total     = 7.665e-04  t_comp = 7.121e-04  t_comm = 1.372e-04
         gflops_total= 5.218465e+00  gflops_comp= 5.616854e+00
========================================

[RESULT] 0,4,2D_cyclic,0,0.000776943,0.000043593,499973,10000,999946
[RESULT] 0,4,2D_cyclic,1,0.000720556,0.000034194,499973,10000,999946
[RESULT] 0,4,2D_cyclic,2,0.000639030,0.000030087,499973,10000,999946
[RESULT] 0,4,2D_cyclic,3,0.000670295,0.000035888,499973,10000,999946
[RESULT] 0,4,2D_cyclic,4,0.000683294,0.000037200,499973,10000,999946
[RESULT] 0,4,2D_cyclic,5,0.000709186,0.000033189,499973,10000,999946
[RESULT] 0,4,2D_cyclic,6,0.000665829,0.000030576,499973,10000,999946
[RESULT] 0,4,2D_cyclic,7,0.000626347,0.000029413,499973,10000,999946
[RESULT] 0,4,2D_cyclic,8,0.000653661,0.000030926,499973,10000,999946
[RESULT] 0,4,2D_cyclic,9,0.000611686,0.000028875,499973,10000,999946
Total execution time: 0.074 seconds
