Synthetic Matrix (Weak Scaling): Rows/proc=10000 | Total rows=20000 | NNZ/row=~50 | Procs=2
Dummy Matrix Generated: 20000 Global Rows | Total NNZ: 1000000
Ghost columns identified: 10000 total ghost values needed
Local vector initialized (size=10000 per process)

========================================
COMPREHENSIVE METRICS SUMMARY
========================================
PROCESSES: 2
DISTRIBUTION: 1D
ITERATIONS: 10
Matrix NNZ: 1000000
BALANCE: nnz_local   min=  500000  avg= 500000.00  max=  500000
COMM:    ghost       min=   10000  avg=  10000.00  max=   10000  | recv_double_avg=  80000.00 B
METRICS: t_total     = 3.526e-03  t_comp = 3.173e-03  t_comm = 3.523e-04
         gflops_total= 5.672891e-01  gflops_comp= 6.302733e-01
========================================

[RESULT] 0,2,1D,0,0.003651664,0.000369433,500000,10000,1000000
[RESULT] 0,2,1D,1,0.003573529,0.000333009,500000,10000,1000000
[RESULT] 0,2,1D,2,0.003557947,0.000300601,500000,10000,1000000
[RESULT] 0,2,1D,3,0.003472489,0.000303519,500000,10000,1000000
[RESULT] 0,2,1D,4,0.003549807,0.000375751,500000,10000,1000000
[RESULT] 0,2,1D,5,0.003541041,0.000431777,500000,10000,1000000
[RESULT] 0,2,1D,6,0.003337244,0.000317326,500000,10000,1000000
[RESULT] 0,2,1D,7,0.003341364,0.000364148,500000,10000,1000000
[RESULT] 0,2,1D,8,0.003524935,0.000375038,500000,10000,1000000
[RESULT] 0,2,1D,9,0.003705375,0.000352527,500000,10000,1000000
Total execution time: 0.082 seconds
