Synthetic Matrix (Weak Scaling): Rows/proc=10000 | Total rows=1280000 | NNZ/row=~50 | Procs=128
Dummy Matrix Generated: 1280000 Global Rows | Total NNZ: 64000000
Ghost columns identified: 410664 total ghost values needed
Local vector initialized (size=10000 per process)

========================================
COMPREHENSIVE METRICS SUMMARY
========================================
PROCESSES: 128
DISTRIBUTION: 1D
ITERATIONS: 10
Matrix NNZ: 64000000
BALANCE: nnz_local   min=  500000  avg= 500000.00  max=  500000
COMM:    ghost       min=  410179  avg= 410665.73  max=  411395  | recv_double_avg=3285325.88 B
MEM:     bytes       min=24721316  avg=  24725216  max=24731044
STRUCT:  ghost_ratio min=  82.036  avg=    82.133  max=  82.279
METRICS: t_total     = 2.716e+00        t_comp.   = 8.465e-01      t_comm= 1.946e+00
         gflops_total= 4.713311e-02   gflops_comp= 1.512183e-01
========================================

[RESULT] 0,128,1D,0,2.559319019,1.789138079,500000,410664,1000000
[RESULT] 0,128,1D,1,2.572489738,1.798543215,500000,410664,1000000
[RESULT] 0,128,1D,2,2.815982580,2.044960976,500000,410664,1000000
[RESULT] 0,128,1D,3,2.561003923,1.790931463,500000,410664,1000000
[RESULT] 0,128,1D,4,2.564437389,1.793270588,500000,410664,1000000
[RESULT] 0,128,1D,5,2.821351051,2.050043106,500000,410664,1000000
[RESULT] 0,128,1D,6,2.565724134,1.794709921,500000,410664,1000000
[RESULT] 0,128,1D,7,2.564404964,1.792303801,500000,410664,1000000
[RESULT] 0,128,1D,8,2.813287020,2.043048859,500000,410664,1000000
[RESULT] 0,128,1D,9,2.565263987,1.794267654,500000,410664,1000000
Total execution time: 56.011 seconds
