Synthetic Matrix (Weak Scaling): Rows/proc=10000 | Total rows=40000 | NNZ/row=~50 | Procs=4
Dummy Matrix Generated: 40000 Global Rows | Total NNZ: 2000000
Ghost columns identified: 30000 total ghost values needed
Local vector initialized (size=10000 per process)

========================================
COMPREHENSIVE METRICS SUMMARY
========================================
PROCESSES: 4
DISTRIBUTION: 1D
ITERATIONS: 10
Matrix NNZ: 2000000
BALANCE: nnz_local   min=  500000  avg= 500000.00  max=  500000
COMM:    ghost       min=   29999  avg=  29999.75  max=   30000  | recv_double_avg= 239998.00 B
MEM:     bytes       min= 6796168  avg=   6796360  max= 6796500
STRUCT:  ghost_ratio min=   6.000  avg=     6.000  max=   6.000
METRICS: t_total     = 4.366e-03        t_comp.   = 3.978e-03      t_comm= 3.964e-04
         gflops_total= 9.162470e-01   gflops_comp= 1.005467e+00
========================================

[RESULT] 0,4,1D,0,0.004493237,0.000518084,500000,30000,1000000
[RESULT] 0,4,1D,1,0.004300356,0.000354767,500000,30000,1000000
[RESULT] 0,4,1D,2,0.004389048,0.000381231,500000,30000,1000000
[RESULT] 0,4,1D,3,0.004365683,0.000362635,500000,30000,1000000
[RESULT] 0,4,1D,4,0.004352808,0.000359774,500000,30000,1000000
[RESULT] 0,4,1D,5,0.004320860,0.000373363,500000,30000,1000000
[RESULT] 0,4,1D,6,0.004328728,0.000367165,500000,30000,1000000
[RESULT] 0,4,1D,7,0.004350901,0.000365019,500000,30000,1000000
[RESULT] 0,4,1D,8,0.004364729,0.000384808,500000,30000,1000000
[RESULT] 0,4,1D,9,0.004369736,0.000386715,500000,30000,1000000
Total execution time: 0.102 seconds
