Synthetic Matrix (Weak Scaling): Rows/proc=10000 | Total rows=10000 | NNZ/row=~50 | Procs=1
Dummy Matrix Generated: 10000 Global Rows | Total NNZ: 500000
Ghost columns identified: 0 total ghost values needed
Local vector initialized (size=10000 per process)

========================================
COMPREHENSIVE METRICS SUMMARY
========================================
PROCESSES: 1
DISTRIBUTION: 1D
ITERATIONS: 10
Matrix NNZ: 500000
BALANCE: nnz_local   min=  500000  avg= 500000.00  max=  500000
COMM:    ghost       min=       0  avg=      0.00  max=       0  | recv_double_avg=      0.00 B
METRICS: t_total     = 6.099e-04  t_comp = 6.096e-04  t_comm = 3.060e-07
         gflops_total= 1.639673e+00  gflops_comp= 1.640496e+00
========================================

[RESULT] 0,1,1D,0,0.000600734,0.000001041,500000,0,1000000
[RESULT] 0,1,1D,1,0.000607835,0.000000094,500000,0,1000000
[RESULT] 0,1,1D,2,0.000592517,0.000000246,500000,0,1000000
[RESULT] 0,1,1D,3,0.000591729,0.000000093,500000,0,1000000
[RESULT] 0,1,1D,4,0.000596305,0.000000093,500000,0,1000000
[RESULT] 0,1,1D,5,0.000616588,0.000000222,500000,0,1000000
[RESULT] 0,1,1D,6,0.000660896,0.000000317,500000,0,1000000
[RESULT] 0,1,1D,7,0.000600704,0.000000396,500000,0,1000000
[RESULT] 0,1,1D,8,0.000608149,0.000000254,500000,0,1000000
[RESULT] 0,1,1D,9,0.000623321,0.000000304,500000,0,1000000
Total execution time: 0.036 seconds
