Synthetic Matrix (Weak Scaling): Rows/proc=10000 | Total rows=40000 | NNZ/row=~50 | Procs=16
Dummy Matrix Generated: 160000 Global Rows | Total NNZ: 7999810
Ghost columns identified: 37500 total ghost values needed
Local vector initialized (size=10000 per process)

========================================
COMPREHENSIVE METRICS SUMMARY
========================================
PROCESSES: 16
DISTRIBUTION: 2D_cyclic
ITERATIONS: 10
Matrix NNZ: 7999810
BALANCE: nnz_local   min=  499980  avg= 499988.12  max=  499993
COMM:    ghost       min=   37498  avg=  37499.81  max=   37500  | recv_double_avg= 299998.50 B
MEM:     bytes       min= 6496080  avg=   6496329  max= 6496812
STRUCT:  ghost_ratio min=   7.500  avg=     7.500  max=   7.500
METRICS: t_total     = 3.544e-03        t_comp.   = 2.350e-03      t_comm= 1.358e-03
         gflops_total= 4.514721e+00   gflops_comp= 6.807530e+00
========================================

[RESULT] 0,16,2D_cyclic,0,0.003561497,0.001186609,499985,37500,999970
[RESULT] 0,16,2D_cyclic,1,0.003505230,0.001147747,499985,37500,999970
[RESULT] 0,16,2D_cyclic,2,0.003500462,0.001143932,499985,37500,999970
[RESULT] 0,16,2D_cyclic,3,0.003601074,0.001254797,499985,37500,999970
[RESULT] 0,16,2D_cyclic,4,0.003534555,0.001185179,499985,37500,999970
[RESULT] 0,16,2D_cyclic,5,0.003506184,0.001152277,499985,37500,999970
[RESULT] 0,16,2D_cyclic,6,0.003468275,0.001126051,499985,37500,999970
[RESULT] 0,16,2D_cyclic,7,0.003498316,0.001153231,499985,37500,999970
[RESULT] 0,16,2D_cyclic,8,0.003613472,0.001280546,499985,37500,999970
[RESULT] 0,16,2D_cyclic,9,0.003518105,0.001173973,499985,37500,999970
Total execution time: 0.100 seconds
