Synthetic Matrix (Weak Scaling): Rows/proc=10000 | Total rows=80000 | NNZ/row=~50 | Procs=8
Dummy Matrix Generated: 80000 Global Rows | Total NNZ: 4000000
Ghost columns identified: 69858 total ghost values needed
Local vector initialized (size=10000 per process)

========================================
COMPREHENSIVE METRICS SUMMARY
========================================
PROCESSES: 8
DISTRIBUTION: 1D
ITERATIONS: 10
Matrix NNZ: 4000000
BALANCE: nnz_local   min=  500000  avg= 500000.00  max=  500000
COMM:    ghost       min=   69840  avg=  69861.62  max=   69888  | recv_double_avg= 558893.00 B
METRICS: t_total     = 3.010e-03  t_comp = 2.725e-03  t_comm = 2.848e-04
         gflops_total= 2.658128e+00  gflops_comp= 2.935989e+00
========================================

[RESULT] 0,8,1D,0,0.002582046,0.001007015,500000,69858,1000000
[RESULT] 0,8,1D,1,0.001840871,0.000271491,500000,69858,1000000
[RESULT] 0,8,1D,2,0.001720674,0.000194117,500000,69858,1000000
[RESULT] 0,8,1D,3,0.002011917,0.000194654,500000,69858,1000000
[RESULT] 0,8,1D,4,0.002903952,0.000180591,500000,69858,1000000
[RESULT] 0,8,1D,5,0.003006664,0.000294480,500000,69858,1000000
[RESULT] 0,8,1D,6,0.002825446,0.000168904,500000,69858,1000000
[RESULT] 0,8,1D,7,0.002876951,0.000164487,500000,69858,1000000
[RESULT] 0,8,1D,8,0.002905489,0.000160682,500000,69858,1000000
[RESULT] 0,8,1D,9,0.002918998,0.000197601,500000,69858,1000000
Total execution time: 0.119 seconds
