Synthetic Matrix (Weak Scaling): Rows/proc=10000 | Total rows=20000 | NNZ/row=~50 | Procs=4
Dummy Matrix Generated: 40000 Global Rows | Total NNZ: 1999913
Ghost columns identified: 15000 total ghost values needed
Local vector initialized (size=10000 per process)

========================================
COMPREHENSIVE METRICS SUMMARY
========================================
PROCESSES: 4
DISTRIBUTION: 2D
ITERATIONS: 10
Matrix NNZ: 1999913
BALANCE: nnz_local   min=  499974  avg= 499978.25  max=  499985
COMM:    ghost       min=   15000  avg=  15000.00  max=   15000  | recv_double_avg= 120000.00 B
MEM:     bytes       min= 6312480  avg=   6312687  max= 6313140
STRUCT:  ghost_ratio min=   3.000  avg=     3.000  max=   3.000
METRICS: t_total     = 2.902e-02        t_comp.   = 8.946e-03      t_comm= 2.411e-02
         gflops_total= 1.378461e-01   gflops_comp= 4.471035e-01
========================================

[RESULT] 0,4,2D,0,0.022080898,0.015559673,499974,15000,999948
[RESULT] 0,4,2D,1,0.032514811,0.026021719,499974,15000,999948
[RESULT] 0,4,2D,2,0.032506466,0.026022673,499974,15000,999948
[RESULT] 0,4,2D,3,0.030222416,0.025995493,499974,15000,999948
[RESULT] 0,4,2D,4,0.030221224,0.025998116,499974,15000,999948
[RESULT] 0,4,2D,5,0.030204535,0.025996923,499974,15000,999948
[RESULT] 0,4,2D,6,0.030210018,0.026003122,499974,15000,999948
[RESULT] 0,4,2D,7,0.030213118,0.025999069,499974,15000,999948
[RESULT] 0,4,2D,8,0.025952101,0.021756411,499974,15000,999948
[RESULT] 0,4,2D,9,0.026040554,0.021785259,499974,15000,999948
Total execution time: 0.706 seconds
