Synthetic Matrix (Weak Scaling): Rows/proc=10000 | Total rows=160000 | NNZ/row=~50 | Procs=16
Dummy Matrix Generated: 160000 Global Rows | Total NNZ: 8000000
Ghost columns identified: 143445 total ghost values needed
Local vector initialized (size=10000 per process)

========================================
COMPREHENSIVE METRICS SUMMARY
========================================
PROCESSES: 16
DISTRIBUTION: 1D
ITERATIONS: 10
Matrix NNZ: 8000000
BALANCE: nnz_local   min=  500000  avg= 500000.00  max=  500000
COMM:    ghost       min=  143281  avg= 143386.62  max=  143499  | recv_double_avg=1147093.00 B
MEM:     bytes       min= 9145400  avg=   9146191  max= 9147168
STRUCT:  ghost_ratio min=  28.656  avg=    28.677  max=  28.700
METRICS: t_total     = 1.319e-01        t_comp.   = 3.511e-02      t_comm= 9.922e-02
         gflops_total= 1.213319e-01   gflops_comp= 4.557035e-01
========================================

[RESULT] 0,16,1D,0,0.130084753,0.096040964,500000,143445,1000000
[RESULT] 0,16,1D,1,0.129377604,0.096016169,500000,143445,1000000
[RESULT] 0,16,1D,2,0.129892349,0.096010685,500000,143445,1000000
[RESULT] 0,16,1D,3,0.130297899,0.096027374,500000,143445,1000000
[RESULT] 0,16,1D,4,0.130118132,0.096019030,500000,143445,1000000
[RESULT] 0,16,1D,5,0.130038738,0.096038103,500000,143445,1000000
[RESULT] 0,16,1D,6,0.130121231,0.096007586,500000,143445,1000000
[RESULT] 0,16,1D,7,0.129950047,0.096033335,500000,143445,1000000
[RESULT] 0,16,1D,8,0.130077124,0.096006870,500000,143445,1000000
[RESULT] 0,16,1D,9,0.130705118,0.096041203,500000,143445,1000000
Total execution time: 3.148 seconds
