 ----- 
MPI SpMV BENCHMARK JOB
 ----- 
Job ID:            5041651.hpc-head-n1.unitn.it
Job Name:          spmv_mpi
Queue:             short_cpuQ
Working Directory: /home/vittoria.zandona/PARALLEL_COMPUTING/DEL2/DEL2/scripts
Start time:        Sat Feb  7 16:13:25 CET 2026

--- PBS Resource Request ---
Nodes:             6
CPUs per node:     24
MPI procs/node:    24
Total MPI procs:   96
Memory per node:   16 GB
Walltime:          06:00:00
 ----- 

Saving system information...
System info saved to: ../results/system_info_5041651.hpc-head-n1.unitn.it.txt

Verifying environment...
Configuring MPI environment...
MPI configuration set.

Starting time benchmark execution...
Found 3 matrices: Hook_1498.mtx msdoor.mtx tmt_sym.mtx
Compiling MPI-only version...
MPI compilation successful
Compiling MPI+OpenMP hybrid version...
Hybrid compilation successful
CSV files initialized

========================================
Strong Scaling Tests (MPI-only)
========================================


Testing distribution: 1D
----------------------------------------

Matrix: Hook_1498.mtx

STRONG SCALING [MPI/1D]: Hook_1498.mtx | 1 processes

 -> Data appended to: ../results/1D_and_2D/strong_scaling_all.csv
 -> Summary appended to: ../results/1D_and_2D/summary/Hook_1498_summary.txt
 -> Full log saved to: ../results/1D_and_2D/logs/strong_MPI_1D_Hook_1498_np1.log

STRONG SCALING [MPI/1D]: Hook_1498.mtx | 2 processes

 -> Data appended to: ../results/1D_and_2D/strong_scaling_all.csv
 -> Summary appended to: ../results/1D_and_2D/summary/Hook_1498_summary.txt
 -> Full log saved to: ../results/1D_and_2D/logs/strong_MPI_1D_Hook_1498_np2.log

STRONG SCALING [MPI/1D]: Hook_1498.mtx | 4 processes

 -> Data appended to: ../results/1D_and_2D/strong_scaling_all.csv
 -> Summary appended to: ../results/1D_and_2D/summary/Hook_1498_summary.txt
 -> Full log saved to: ../results/1D_and_2D/logs/strong_MPI_1D_Hook_1498_np4.log

STRONG SCALING [MPI/1D]: Hook_1498.mtx | 8 processes

 -> Data appended to: ../results/1D_and_2D/strong_scaling_all.csv
 -> Summary appended to: ../results/1D_and_2D/summary/Hook_1498_summary.txt
 -> Full log saved to: ../results/1D_and_2D/logs/strong_MPI_1D_Hook_1498_np8.log

STRONG SCALING [MPI/1D]: Hook_1498.mtx | 16 processes

 -> Data appended to: ../results/1D_and_2D/strong_scaling_all.csv
 -> Summary appended to: ../results/1D_and_2D/summary/Hook_1498_summary.txt
 -> Full log saved to: ../results/1D_and_2D/logs/strong_MPI_1D_Hook_1498_np16.log

STRONG SCALING [MPI/1D]: Hook_1498.mtx | 32 processes

 -> Data appended to: ../results/1D_and_2D/strong_scaling_all.csv
 -> Summary appended to: ../results/1D_and_2D/summary/Hook_1498_summary.txt
 -> Full log saved to: ../results/1D_and_2D/logs/strong_MPI_1D_Hook_1498_np32.log

STRONG SCALING [MPI/1D]: Hook_1498.mtx | 64 processes

 -> Data appended to: ../results/1D_and_2D/strong_scaling_all.csv
 -> Summary appended to: ../results/1D_and_2D/summary/Hook_1498_summary.txt
 -> Full log saved to: ../results/1D_and_2D/logs/strong_MPI_1D_Hook_1498_np64.log

STRONG SCALING [MPI/1D]: Hook_1498.mtx | 128 processes

 -> Data appended to: ../results/1D_and_2D/strong_scaling_all.csv
 -> Summary appended to: ../results/1D_and_2D/summary/Hook_1498_summary.txt
 -> Full log saved to: ../results/1D_and_2D/logs/strong_MPI_1D_Hook_1498_np128.log

Matrix: msdoor.mtx

STRONG SCALING [MPI/1D]: msdoor.mtx | 1 processes

 -> Data appended to: ../results/1D_and_2D/strong_scaling_all.csv
 -> Summary appended to: ../results/1D_and_2D/summary/msdoor_summary.txt
 -> Full log saved to: ../results/1D_and_2D/logs/strong_MPI_1D_msdoor_np1.log

STRONG SCALING [MPI/1D]: msdoor.mtx | 2 processes

 -> Data appended to: ../results/1D_and_2D/strong_scaling_all.csv
 -> Summary appended to: ../results/1D_and_2D/summary/msdoor_summary.txt
 -> Full log saved to: ../results/1D_and_2D/logs/strong_MPI_1D_msdoor_np2.log

STRONG SCALING [MPI/1D]: msdoor.mtx | 4 processes

 -> Data appended to: ../results/1D_and_2D/strong_scaling_all.csv
 -> Summary appended to: ../results/1D_and_2D/summary/msdoor_summary.txt
 -> Full log saved to: ../results/1D_and_2D/logs/strong_MPI_1D_msdoor_np4.log

STRONG SCALING [MPI/1D]: msdoor.mtx | 8 processes

 -> Data appended to: ../results/1D_and_2D/strong_scaling_all.csv
 -> Summary appended to: ../results/1D_and_2D/summary/msdoor_summary.txt
 -> Full log saved to: ../results/1D_and_2D/logs/strong_MPI_1D_msdoor_np8.log

STRONG SCALING [MPI/1D]: msdoor.mtx | 16 processes

 -> Data appended to: ../results/1D_and_2D/strong_scaling_all.csv
 -> Summary appended to: ../results/1D_and_2D/summary/msdoor_summary.txt
 -> Full log saved to: ../results/1D_and_2D/logs/strong_MPI_1D_msdoor_np16.log

STRONG SCALING [MPI/1D]: msdoor.mtx | 32 processes

 -> Data appended to: ../results/1D_and_2D/strong_scaling_all.csv
 -> Summary appended to: ../results/1D_and_2D/summary/msdoor_summary.txt
 -> Full log saved to: ../results/1D_and_2D/logs/strong_MPI_1D_msdoor_np32.log

STRONG SCALING [MPI/1D]: msdoor.mtx | 64 processes

 -> Data appended to: ../results/1D_and_2D/strong_scaling_all.csv
 -> Summary appended to: ../results/1D_and_2D/summary/msdoor_summary.txt
 -> Full log saved to: ../results/1D_and_2D/logs/strong_MPI_1D_msdoor_np64.log

STRONG SCALING [MPI/1D]: msdoor.mtx | 128 processes

 -> Data appended to: ../results/1D_and_2D/strong_scaling_all.csv
 -> Summary appended to: ../results/1D_and_2D/summary/msdoor_summary.txt
 -> Full log saved to: ../results/1D_and_2D/logs/strong_MPI_1D_msdoor_np128.log

Matrix: tmt_sym.mtx

STRONG SCALING [MPI/1D]: tmt_sym.mtx | 1 processes

 -> Data appended to: ../results/1D_and_2D/strong_scaling_all.csv
 -> Summary appended to: ../results/1D_and_2D/summary/tmt_sym_summary.txt
 -> Full log saved to: ../results/1D_and_2D/logs/strong_MPI_1D_tmt_sym_np1.log

STRONG SCALING [MPI/1D]: tmt_sym.mtx | 2 processes

 -> Data appended to: ../results/1D_and_2D/strong_scaling_all.csv
 -> Summary appended to: ../results/1D_and_2D/summary/tmt_sym_summary.txt
 -> Full log saved to: ../results/1D_and_2D/logs/strong_MPI_1D_tmt_sym_np2.log

STRONG SCALING [MPI/1D]: tmt_sym.mtx | 4 processes

 -> Data appended to: ../results/1D_and_2D/strong_scaling_all.csv
 -> Summary appended to: ../results/1D_and_2D/summary/tmt_sym_summary.txt
 -> Full log saved to: ../results/1D_and_2D/logs/strong_MPI_1D_tmt_sym_np4.log

STRONG SCALING [MPI/1D]: tmt_sym.mtx | 8 processes

 -> Data appended to: ../results/1D_and_2D/strong_scaling_all.csv
 -> Summary appended to: ../results/1D_and_2D/summary/tmt_sym_summary.txt
 -> Full log saved to: ../results/1D_and_2D/logs/strong_MPI_1D_tmt_sym_np8.log

STRONG SCALING [MPI/1D]: tmt_sym.mtx | 16 processes

 -> Data appended to: ../results/1D_and_2D/strong_scaling_all.csv
 -> Summary appended to: ../results/1D_and_2D/summary/tmt_sym_summary.txt
 -> Full log saved to: ../results/1D_and_2D/logs/strong_MPI_1D_tmt_sym_np16.log

STRONG SCALING [MPI/1D]: tmt_sym.mtx | 32 processes

 -> Data appended to: ../results/1D_and_2D/strong_scaling_all.csv
 -> Summary appended to: ../results/1D_and_2D/summary/tmt_sym_summary.txt
 -> Full log saved to: ../results/1D_and_2D/logs/strong_MPI_1D_tmt_sym_np32.log

STRONG SCALING [MPI/1D]: tmt_sym.mtx | 64 processes

 -> Data appended to: ../results/1D_and_2D/strong_scaling_all.csv
 -> Summary appended to: ../results/1D_and_2D/summary/tmt_sym_summary.txt
 -> Full log saved to: ../results/1D_and_2D/logs/strong_MPI_1D_tmt_sym_np64.log

STRONG SCALING [MPI/1D]: tmt_sym.mtx | 128 processes

 -> Data appended to: ../results/1D_and_2D/strong_scaling_all.csv
 -> Summary appended to: ../results/1D_and_2D/summary/tmt_sym_summary.txt
 -> Full log saved to: ../results/1D_and_2D/logs/strong_MPI_1D_tmt_sym_np128.log

Testing distribution: 2D
----------------------------------------

Matrix: Hook_1498.mtx
Skipping 2D for 1 process (using 1D instead)

STRONG SCALING [MPI/2D]: Hook_1498.mtx | 2 processes

 -> Data appended to: ../results/1D_and_2D/strong_scaling_all.csv
 -> Summary appended to: ../results/1D_and_2D/summary/Hook_1498_summary.txt
 -> Full log saved to: ../results/1D_and_2D/logs/strong_MPI_2D_Hook_1498_np2.log

STRONG SCALING [MPI/2D]: Hook_1498.mtx | 4 processes

 -> Data appended to: ../results/1D_and_2D/strong_scaling_all.csv
 -> Summary appended to: ../results/1D_and_2D/summary/Hook_1498_summary.txt
 -> Full log saved to: ../results/1D_and_2D/logs/strong_MPI_2D_Hook_1498_np4.log

STRONG SCALING [MPI/2D]: Hook_1498.mtx | 8 processes

 -> Data appended to: ../results/1D_and_2D/strong_scaling_all.csv
 -> Summary appended to: ../results/1D_and_2D/summary/Hook_1498_summary.txt
 -> Full log saved to: ../results/1D_and_2D/logs/strong_MPI_2D_Hook_1498_np8.log

STRONG SCALING [MPI/2D]: Hook_1498.mtx | 16 processes

 -> Data appended to: ../results/1D_and_2D/strong_scaling_all.csv
 -> Summary appended to: ../results/1D_and_2D/summary/Hook_1498_summary.txt
 -> Full log saved to: ../results/1D_and_2D/logs/strong_MPI_2D_Hook_1498_np16.log

STRONG SCALING [MPI/2D]: Hook_1498.mtx | 32 processes

 -> Data appended to: ../results/1D_and_2D/strong_scaling_all.csv
 -> Summary appended to: ../results/1D_and_2D/summary/Hook_1498_summary.txt
 -> Full log saved to: ../results/1D_and_2D/logs/strong_MPI_2D_Hook_1498_np32.log

STRONG SCALING [MPI/2D]: Hook_1498.mtx | 64 processes

 -> Data appended to: ../results/1D_and_2D/strong_scaling_all.csv
 -> Summary appended to: ../results/1D_and_2D/summary/Hook_1498_summary.txt
 -> Full log saved to: ../results/1D_and_2D/logs/strong_MPI_2D_Hook_1498_np64.log

STRONG SCALING [MPI/2D]: Hook_1498.mtx | 128 processes

 -> Data appended to: ../results/1D_and_2D/strong_scaling_all.csv
 -> Summary appended to: ../results/1D_and_2D/summary/Hook_1498_summary.txt
 -> Full log saved to: ../results/1D_and_2D/logs/strong_MPI_2D_Hook_1498_np128.log

Matrix: msdoor.mtx
Skipping 2D for 1 process (using 1D instead)

STRONG SCALING [MPI/2D]: msdoor.mtx | 2 processes

 -> Data appended to: ../results/1D_and_2D/strong_scaling_all.csv
 -> Summary appended to: ../results/1D_and_2D/summary/msdoor_summary.txt
 -> Full log saved to: ../results/1D_and_2D/logs/strong_MPI_2D_msdoor_np2.log

STRONG SCALING [MPI/2D]: msdoor.mtx | 4 processes

 -> Data appended to: ../results/1D_and_2D/strong_scaling_all.csv
 -> Summary appended to: ../results/1D_and_2D/summary/msdoor_summary.txt
 -> Full log saved to: ../results/1D_and_2D/logs/strong_MPI_2D_msdoor_np4.log

STRONG SCALING [MPI/2D]: msdoor.mtx | 8 processes

 -> Data appended to: ../results/1D_and_2D/strong_scaling_all.csv
 -> Summary appended to: ../results/1D_and_2D/summary/msdoor_summary.txt
 -> Full log saved to: ../results/1D_and_2D/logs/strong_MPI_2D_msdoor_np8.log

STRONG SCALING [MPI/2D]: msdoor.mtx | 16 processes

 -> Data appended to: ../results/1D_and_2D/strong_scaling_all.csv
 -> Summary appended to: ../results/1D_and_2D/summary/msdoor_summary.txt
 -> Full log saved to: ../results/1D_and_2D/logs/strong_MPI_2D_msdoor_np16.log

STRONG SCALING [MPI/2D]: msdoor.mtx | 32 processes

 -> Data appended to: ../results/1D_and_2D/strong_scaling_all.csv
 -> Summary appended to: ../results/1D_and_2D/summary/msdoor_summary.txt
 -> Full log saved to: ../results/1D_and_2D/logs/strong_MPI_2D_msdoor_np32.log

STRONG SCALING [MPI/2D]: msdoor.mtx | 64 processes

 -> Data appended to: ../results/1D_and_2D/strong_scaling_all.csv
 -> Summary appended to: ../results/1D_and_2D/summary/msdoor_summary.txt
 -> Full log saved to: ../results/1D_and_2D/logs/strong_MPI_2D_msdoor_np64.log

STRONG SCALING [MPI/2D]: msdoor.mtx | 128 processes

 -> Data appended to: ../results/1D_and_2D/strong_scaling_all.csv
 -> Summary appended to: ../results/1D_and_2D/summary/msdoor_summary.txt
 -> Full log saved to: ../results/1D_and_2D/logs/strong_MPI_2D_msdoor_np128.log

Matrix: tmt_sym.mtx
Skipping 2D for 1 process (using 1D instead)

STRONG SCALING [MPI/2D]: tmt_sym.mtx | 2 processes

 -> Data appended to: ../results/1D_and_2D/strong_scaling_all.csv
 -> Summary appended to: ../results/1D_and_2D/summary/tmt_sym_summary.txt
 -> Full log saved to: ../results/1D_and_2D/logs/strong_MPI_2D_tmt_sym_np2.log

STRONG SCALING [MPI/2D]: tmt_sym.mtx | 4 processes

 -> Data appended to: ../results/1D_and_2D/strong_scaling_all.csv
 -> Summary appended to: ../results/1D_and_2D/summary/tmt_sym_summary.txt
 -> Full log saved to: ../results/1D_and_2D/logs/strong_MPI_2D_tmt_sym_np4.log

STRONG SCALING [MPI/2D]: tmt_sym.mtx | 8 processes

 -> Data appended to: ../results/1D_and_2D/strong_scaling_all.csv
 -> Summary appended to: ../results/1D_and_2D/summary/tmt_sym_summary.txt
 -> Full log saved to: ../results/1D_and_2D/logs/strong_MPI_2D_tmt_sym_np8.log

STRONG SCALING [MPI/2D]: tmt_sym.mtx | 16 processes

 -> Data appended to: ../results/1D_and_2D/strong_scaling_all.csv
 -> Summary appended to: ../results/1D_and_2D/summary/tmt_sym_summary.txt
 -> Full log saved to: ../results/1D_and_2D/logs/strong_MPI_2D_tmt_sym_np16.log

STRONG SCALING [MPI/2D]: tmt_sym.mtx | 32 processes

 -> Data appended to: ../results/1D_and_2D/strong_scaling_all.csv
 -> Summary appended to: ../results/1D_and_2D/summary/tmt_sym_summary.txt
 -> Full log saved to: ../results/1D_and_2D/logs/strong_MPI_2D_tmt_sym_np32.log

STRONG SCALING [MPI/2D]: tmt_sym.mtx | 64 processes

 -> Data appended to: ../results/1D_and_2D/strong_scaling_all.csv
 -> Summary appended to: ../results/1D_and_2D/summary/tmt_sym_summary.txt
 -> Full log saved to: ../results/1D_and_2D/logs/strong_MPI_2D_tmt_sym_np64.log

STRONG SCALING [MPI/2D]: tmt_sym.mtx | 128 processes

 -> Data appended to: ../results/1D_and_2D/strong_scaling_all.csv
 -> Summary appended to: ../results/1D_and_2D/summary/tmt_sym_summary.txt
 -> Full log saved to: ../results/1D_and_2D/logs/strong_MPI_2D_tmt_sym_np128.log

Testing distribution: 2D_cyclic
----------------------------------------

Matrix: Hook_1498.mtx
Skipping 2D_cyclic for 1 process (using 1D instead)

STRONG SCALING [MPI/2D_cyclic]: Hook_1498.mtx | 2 processes

 -> Data appended to: ../results/1D_and_2D/strong_scaling_all.csv
 -> Summary appended to: ../results/1D_and_2D/summary/Hook_1498_summary.txt
 -> Full log saved to: ../results/1D_and_2D/logs/strong_MPI_2D_cyclic_Hook_1498_np2.log

STRONG SCALING [MPI/2D_cyclic]: Hook_1498.mtx | 4 processes

 -> Data appended to: ../results/1D_and_2D/strong_scaling_all.csv
 -> Summary appended to: ../results/1D_and_2D/summary/Hook_1498_summary.txt
 -> Full log saved to: ../results/1D_and_2D/logs/strong_MPI_2D_cyclic_Hook_1498_np4.log

STRONG SCALING [MPI/2D_cyclic]: Hook_1498.mtx | 8 processes

 -> Data appended to: ../results/1D_and_2D/strong_scaling_all.csv
 -> Summary appended to: ../results/1D_and_2D/summary/Hook_1498_summary.txt
 -> Full log saved to: ../results/1D_and_2D/logs/strong_MPI_2D_cyclic_Hook_1498_np8.log

STRONG SCALING [MPI/2D_cyclic]: Hook_1498.mtx | 16 processes

 -> Data appended to: ../results/1D_and_2D/strong_scaling_all.csv
 -> Summary appended to: ../results/1D_and_2D/summary/Hook_1498_summary.txt
 -> Full log saved to: ../results/1D_and_2D/logs/strong_MPI_2D_cyclic_Hook_1498_np16.log

STRONG SCALING [MPI/2D_cyclic]: Hook_1498.mtx | 32 processes

 -> Data appended to: ../results/1D_and_2D/strong_scaling_all.csv
 -> Summary appended to: ../results/1D_and_2D/summary/Hook_1498_summary.txt
 -> Full log saved to: ../results/1D_and_2D/logs/strong_MPI_2D_cyclic_Hook_1498_np32.log

STRONG SCALING [MPI/2D_cyclic]: Hook_1498.mtx | 64 processes

 -> Data appended to: ../results/1D_and_2D/strong_scaling_all.csv
 -> Summary appended to: ../results/1D_and_2D/summary/Hook_1498_summary.txt
 -> Full log saved to: ../results/1D_and_2D/logs/strong_MPI_2D_cyclic_Hook_1498_np64.log

STRONG SCALING [MPI/2D_cyclic]: Hook_1498.mtx | 128 processes

 -> Data appended to: ../results/1D_and_2D/strong_scaling_all.csv
 -> Summary appended to: ../results/1D_and_2D/summary/Hook_1498_summary.txt
 -> Full log saved to: ../results/1D_and_2D/logs/strong_MPI_2D_cyclic_Hook_1498_np128.log

Matrix: msdoor.mtx
Skipping 2D_cyclic for 1 process (using 1D instead)

STRONG SCALING [MPI/2D_cyclic]: msdoor.mtx | 2 processes

 -> Data appended to: ../results/1D_and_2D/strong_scaling_all.csv
 -> Summary appended to: ../results/1D_and_2D/summary/msdoor_summary.txt
 -> Full log saved to: ../results/1D_and_2D/logs/strong_MPI_2D_cyclic_msdoor_np2.log

STRONG SCALING [MPI/2D_cyclic]: msdoor.mtx | 4 processes

 -> Data appended to: ../results/1D_and_2D/strong_scaling_all.csv
 -> Summary appended to: ../results/1D_and_2D/summary/msdoor_summary.txt
 -> Full log saved to: ../results/1D_and_2D/logs/strong_MPI_2D_cyclic_msdoor_np4.log

STRONG SCALING [MPI/2D_cyclic]: msdoor.mtx | 8 processes

 -> Data appended to: ../results/1D_and_2D/strong_scaling_all.csv
 -> Summary appended to: ../results/1D_and_2D/summary/msdoor_summary.txt
 -> Full log saved to: ../results/1D_and_2D/logs/strong_MPI_2D_cyclic_msdoor_np8.log

STRONG SCALING [MPI/2D_cyclic]: msdoor.mtx | 16 processes

 -> Data appended to: ../results/1D_and_2D/strong_scaling_all.csv
 -> Summary appended to: ../results/1D_and_2D/summary/msdoor_summary.txt
 -> Full log saved to: ../results/1D_and_2D/logs/strong_MPI_2D_cyclic_msdoor_np16.log

STRONG SCALING [MPI/2D_cyclic]: msdoor.mtx | 32 processes

 -> Data appended to: ../results/1D_and_2D/strong_scaling_all.csv
 -> Summary appended to: ../results/1D_and_2D/summary/msdoor_summary.txt
 -> Full log saved to: ../results/1D_and_2D/logs/strong_MPI_2D_cyclic_msdoor_np32.log

STRONG SCALING [MPI/2D_cyclic]: msdoor.mtx | 64 processes

 -> Data appended to: ../results/1D_and_2D/strong_scaling_all.csv
 -> Summary appended to: ../results/1D_and_2D/summary/msdoor_summary.txt
 -> Full log saved to: ../results/1D_and_2D/logs/strong_MPI_2D_cyclic_msdoor_np64.log

STRONG SCALING [MPI/2D_cyclic]: msdoor.mtx | 128 processes

 -> Data appended to: ../results/1D_and_2D/strong_scaling_all.csv
 -> Summary appended to: ../results/1D_and_2D/summary/msdoor_summary.txt
 -> Full log saved to: ../results/1D_and_2D/logs/strong_MPI_2D_cyclic_msdoor_np128.log

Matrix: tmt_sym.mtx
Skipping 2D_cyclic for 1 process (using 1D instead)

STRONG SCALING [MPI/2D_cyclic]: tmt_sym.mtx | 2 processes

 -> Data appended to: ../results/1D_and_2D/strong_scaling_all.csv
 -> Summary appended to: ../results/1D_and_2D/summary/tmt_sym_summary.txt
 -> Full log saved to: ../results/1D_and_2D/logs/strong_MPI_2D_cyclic_tmt_sym_np2.log

STRONG SCALING [MPI/2D_cyclic]: tmt_sym.mtx | 4 processes

 -> Data appended to: ../results/1D_and_2D/strong_scaling_all.csv
 -> Summary appended to: ../results/1D_and_2D/summary/tmt_sym_summary.txt
 -> Full log saved to: ../results/1D_and_2D/logs/strong_MPI_2D_cyclic_tmt_sym_np4.log

STRONG SCALING [MPI/2D_cyclic]: tmt_sym.mtx | 8 processes

 -> Data appended to: ../results/1D_and_2D/strong_scaling_all.csv
 -> Summary appended to: ../results/1D_and_2D/summary/tmt_sym_summary.txt
 -> Full log saved to: ../results/1D_and_2D/logs/strong_MPI_2D_cyclic_tmt_sym_np8.log

STRONG SCALING [MPI/2D_cyclic]: tmt_sym.mtx | 16 processes

 -> Data appended to: ../results/1D_and_2D/strong_scaling_all.csv
 -> Summary appended to: ../results/1D_and_2D/summary/tmt_sym_summary.txt
 -> Full log saved to: ../results/1D_and_2D/logs/strong_MPI_2D_cyclic_tmt_sym_np16.log

STRONG SCALING [MPI/2D_cyclic]: tmt_sym.mtx | 32 processes

 -> Data appended to: ../results/1D_and_2D/strong_scaling_all.csv
 -> Summary appended to: ../results/1D_and_2D/summary/tmt_sym_summary.txt
 -> Full log saved to: ../results/1D_and_2D/logs/strong_MPI_2D_cyclic_tmt_sym_np32.log

STRONG SCALING [MPI/2D_cyclic]: tmt_sym.mtx | 64 processes

 -> Data appended to: ../results/1D_and_2D/strong_scaling_all.csv
 -> Summary appended to: ../results/1D_and_2D/summary/tmt_sym_summary.txt
 -> Full log saved to: ../results/1D_and_2D/logs/strong_MPI_2D_cyclic_tmt_sym_np64.log

STRONG SCALING [MPI/2D_cyclic]: tmt_sym.mtx | 128 processes

 -> Data appended to: ../results/1D_and_2D/strong_scaling_all.csv
 -> Summary appended to: ../results/1D_and_2D/summary/tmt_sym_summary.txt
 -> Full log saved to: ../results/1D_and_2D/logs/strong_MPI_2D_cyclic_tmt_sym_np128.log

========================================
Weak Scaling Tests (MPI-only)
========================================


Testing distribution: 1D
----------------------------------------

WEAK SCALING [MPI]: 1 processes | 10000 total rows

 -> Data appended to: ../results/1D_and_2D/weak_scaling_all.csv
 -> Full log saved to: ../results/1D_and_2D/logs/weak_MPI_1D_np1.log

WEAK SCALING [MPI]: 2 processes | 20000 total rows

 -> Data appended to: ../results/1D_and_2D/weak_scaling_all.csv
 -> Full log saved to: ../results/1D_and_2D/logs/weak_MPI_1D_np2.log

WEAK SCALING [MPI]: 4 processes | 40000 total rows

 -> Data appended to: ../results/1D_and_2D/weak_scaling_all.csv
 -> Full log saved to: ../results/1D_and_2D/logs/weak_MPI_1D_np4.log

WEAK SCALING [MPI]: 8 processes | 80000 total rows

 -> Data appended to: ../results/1D_and_2D/weak_scaling_all.csv
 -> Full log saved to: ../results/1D_and_2D/logs/weak_MPI_1D_np8.log

WEAK SCALING [MPI]: 16 processes | 160000 total rows

 -> Data appended to: ../results/1D_and_2D/weak_scaling_all.csv
 -> Full log saved to: ../results/1D_and_2D/logs/weak_MPI_1D_np16.log

WEAK SCALING [MPI]: 32 processes | 320000 total rows

 -> Data appended to: ../results/1D_and_2D/weak_scaling_all.csv
 -> Full log saved to: ../results/1D_and_2D/logs/weak_MPI_1D_np32.log

WEAK SCALING [MPI]: 64 processes | 640000 total rows

 -> Data appended to: ../results/1D_and_2D/weak_scaling_all.csv
 -> Full log saved to: ../results/1D_and_2D/logs/weak_MPI_1D_np64.log

WEAK SCALING [MPI]: 128 processes | 1280000 total rows

 -> Data appended to: ../results/1D_and_2D/weak_scaling_all.csv
 -> Full log saved to: ../results/1D_and_2D/logs/weak_MPI_1D_np128.log

Testing distribution: 2D
----------------------------------------
Skipping 2D for 1 process

WEAK SCALING [MPI]: 2 processes | 20000 total rows

 -> Data appended to: ../results/1D_and_2D/weak_scaling_all.csv
 -> Full log saved to: ../results/1D_and_2D/logs/weak_MPI_2D_np2.log

WEAK SCALING [MPI]: 4 processes | 40000 total rows

 -> Data appended to: ../results/1D_and_2D/weak_scaling_all.csv
 -> Full log saved to: ../results/1D_and_2D/logs/weak_MPI_2D_np4.log

WEAK SCALING [MPI]: 8 processes | 80000 total rows

 -> Data appended to: ../results/1D_and_2D/weak_scaling_all.csv
 -> Full log saved to: ../results/1D_and_2D/logs/weak_MPI_2D_np8.log

WEAK SCALING [MPI]: 16 processes | 160000 total rows

 -> Data appended to: ../results/1D_and_2D/weak_scaling_all.csv
 -> Full log saved to: ../results/1D_and_2D/logs/weak_MPI_2D_np16.log

WEAK SCALING [MPI]: 32 processes | 320000 total rows

 -> Data appended to: ../results/1D_and_2D/weak_scaling_all.csv
 -> Full log saved to: ../results/1D_and_2D/logs/weak_MPI_2D_np32.log

WEAK SCALING [MPI]: 64 processes | 640000 total rows

 -> Data appended to: ../results/1D_and_2D/weak_scaling_all.csv
 -> Full log saved to: ../results/1D_and_2D/logs/weak_MPI_2D_np64.log

WEAK SCALING [MPI]: 128 processes | 1280000 total rows

 -> Data appended to: ../results/1D_and_2D/weak_scaling_all.csv
 -> Full log saved to: ../results/1D_and_2D/logs/weak_MPI_2D_np128.log

Testing distribution: 2D_cyclic
----------------------------------------
Skipping 2D_cyclic for 1 process

WEAK SCALING [MPI]: 2 processes | 20000 total rows

 -> Data appended to: ../results/1D_and_2D/weak_scaling_all.csv
 -> Full log saved to: ../results/1D_and_2D/logs/weak_MPI_2D_cyclic_np2.log

WEAK SCALING [MPI]: 4 processes | 40000 total rows

 -> Data appended to: ../results/1D_and_2D/weak_scaling_all.csv
 -> Full log saved to: ../results/1D_and_2D/logs/weak_MPI_2D_cyclic_np4.log

WEAK SCALING [MPI]: 8 processes | 80000 total rows

 -> Data appended to: ../results/1D_and_2D/weak_scaling_all.csv
 -> Full log saved to: ../results/1D_and_2D/logs/weak_MPI_2D_cyclic_np8.log

WEAK SCALING [MPI]: 16 processes | 160000 total rows

 -> Data appended to: ../results/1D_and_2D/weak_scaling_all.csv
 -> Full log saved to: ../results/1D_and_2D/logs/weak_MPI_2D_cyclic_np16.log

WEAK SCALING [MPI]: 32 processes | 320000 total rows

 -> Data appended to: ../results/1D_and_2D/weak_scaling_all.csv
 -> Full log saved to: ../results/1D_and_2D/logs/weak_MPI_2D_cyclic_np32.log

WEAK SCALING [MPI]: 64 processes | 640000 total rows

 -> Data appended to: ../results/1D_and_2D/weak_scaling_all.csv
 -> Full log saved to: ../results/1D_and_2D/logs/weak_MPI_2D_cyclic_np64.log

WEAK SCALING [MPI]: 128 processes | 1280000 total rows

 -> Data appended to: ../results/1D_and_2D/weak_scaling_all.csv
 -> Full log saved to: ../results/1D_and_2D/logs/weak_MPI_2D_cyclic_np128.log

========================================
Strong Scaling Tests (MPI+OpenMP)
========================================


Testing distribution: 1D
----------------------------------------

Matrix: Hook_1498.mtx

STRONG SCALING [HYBRID/1D]: Hook_1498.mtx | 1 processes | 64 threads/process

 -> Data appended to: ../results/1D_and_2D/strong_scaling_hybrid.csv
 -> Summary appended to: ../results/1D_and_2D/summary/Hook_1498_summary.txt
 -> Full log saved to: ../results/1D_and_2D/logs/strong_HYBRID_1D_Hook_1498_np1.log

STRONG SCALING [HYBRID/1D]: Hook_1498.mtx | 2 processes | 32 threads/process

 -> Data appended to: ../results/1D_and_2D/strong_scaling_hybrid.csv
 -> Summary appended to: ../results/1D_and_2D/summary/Hook_1498_summary.txt
 -> Full log saved to: ../results/1D_and_2D/logs/strong_HYBRID_1D_Hook_1498_np2.log

STRONG SCALING [HYBRID/1D]: Hook_1498.mtx | 4 processes | 16 threads/process

 -> Data appended to: ../results/1D_and_2D/strong_scaling_hybrid.csv
 -> Summary appended to: ../results/1D_and_2D/summary/Hook_1498_summary.txt
 -> Full log saved to: ../results/1D_and_2D/logs/strong_HYBRID_1D_Hook_1498_np4.log

STRONG SCALING [HYBRID/1D]: Hook_1498.mtx | 8 processes | 8 threads/process

 -> Data appended to: ../results/1D_and_2D/strong_scaling_hybrid.csv
 -> Summary appended to: ../results/1D_and_2D/summary/Hook_1498_summary.txt
 -> Full log saved to: ../results/1D_and_2D/logs/strong_HYBRID_1D_Hook_1498_np8.log

STRONG SCALING [HYBRID/1D]: Hook_1498.mtx | 16 processes | 4 threads/process

 -> Data appended to: ../results/1D_and_2D/strong_scaling_hybrid.csv
 -> Summary appended to: ../results/1D_and_2D/summary/Hook_1498_summary.txt
 -> Full log saved to: ../results/1D_and_2D/logs/strong_HYBRID_1D_Hook_1498_np16.log

STRONG SCALING [HYBRID/1D]: Hook_1498.mtx | 32 processes | 2 threads/process

 -> Data appended to: ../results/1D_and_2D/strong_scaling_hybrid.csv
 -> Summary appended to: ../results/1D_and_2D/summary/Hook_1498_summary.txt
 -> Full log saved to: ../results/1D_and_2D/logs/strong_HYBRID_1D_Hook_1498_np32.log

STRONG SCALING [HYBRID/1D]: Hook_1498.mtx | 64 processes | 1 threads/process

 -> Data appended to: ../results/1D_and_2D/strong_scaling_hybrid.csv
 -> Summary appended to: ../results/1D_and_2D/summary/Hook_1498_summary.txt
 -> Full log saved to: ../results/1D_and_2D/logs/strong_HYBRID_1D_Hook_1498_np64.log

STRONG SCALING [HYBRID/1D]: Hook_1498.mtx | 128 processes | 1 threads/process

 -> Data appended to: ../results/1D_and_2D/strong_scaling_hybrid.csv
 -> Summary appended to: ../results/1D_and_2D/summary/Hook_1498_summary.txt
 -> Full log saved to: ../results/1D_and_2D/logs/strong_HYBRID_1D_Hook_1498_np128.log

Matrix: msdoor.mtx

STRONG SCALING [HYBRID/1D]: msdoor.mtx | 1 processes | 64 threads/process

 -> Data appended to: ../results/1D_and_2D/strong_scaling_hybrid.csv
 -> Summary appended to: ../results/1D_and_2D/summary/msdoor_summary.txt
 -> Full log saved to: ../results/1D_and_2D/logs/strong_HYBRID_1D_msdoor_np1.log

STRONG SCALING [HYBRID/1D]: msdoor.mtx | 2 processes | 32 threads/process

 -> Data appended to: ../results/1D_and_2D/strong_scaling_hybrid.csv
 -> Summary appended to: ../results/1D_and_2D/summary/msdoor_summary.txt
 -> Full log saved to: ../results/1D_and_2D/logs/strong_HYBRID_1D_msdoor_np2.log

STRONG SCALING [HYBRID/1D]: msdoor.mtx | 4 processes | 16 threads/process

 -> Data appended to: ../results/1D_and_2D/strong_scaling_hybrid.csv
 -> Summary appended to: ../results/1D_and_2D/summary/msdoor_summary.txt
 -> Full log saved to: ../results/1D_and_2D/logs/strong_HYBRID_1D_msdoor_np4.log

STRONG SCALING [HYBRID/1D]: msdoor.mtx | 8 processes | 8 threads/process

 -> Data appended to: ../results/1D_and_2D/strong_scaling_hybrid.csv
 -> Summary appended to: ../results/1D_and_2D/summary/msdoor_summary.txt
 -> Full log saved to: ../results/1D_and_2D/logs/strong_HYBRID_1D_msdoor_np8.log

STRONG SCALING [HYBRID/1D]: msdoor.mtx | 16 processes | 4 threads/process

 -> Data appended to: ../results/1D_and_2D/strong_scaling_hybrid.csv
 -> Summary appended to: ../results/1D_and_2D/summary/msdoor_summary.txt
 -> Full log saved to: ../results/1D_and_2D/logs/strong_HYBRID_1D_msdoor_np16.log

STRONG SCALING [HYBRID/1D]: msdoor.mtx | 32 processes | 2 threads/process

 -> Data appended to: ../results/1D_and_2D/strong_scaling_hybrid.csv
 -> Summary appended to: ../results/1D_and_2D/summary/msdoor_summary.txt
 -> Full log saved to: ../results/1D_and_2D/logs/strong_HYBRID_1D_msdoor_np32.log

STRONG SCALING [HYBRID/1D]: msdoor.mtx | 64 processes | 1 threads/process

 -> Data appended to: ../results/1D_and_2D/strong_scaling_hybrid.csv
 -> Summary appended to: ../results/1D_and_2D/summary/msdoor_summary.txt
 -> Full log saved to: ../results/1D_and_2D/logs/strong_HYBRID_1D_msdoor_np64.log

STRONG SCALING [HYBRID/1D]: msdoor.mtx | 128 processes | 1 threads/process

 -> Data appended to: ../results/1D_and_2D/strong_scaling_hybrid.csv
 -> Summary appended to: ../results/1D_and_2D/summary/msdoor_summary.txt
 -> Full log saved to: ../results/1D_and_2D/logs/strong_HYBRID_1D_msdoor_np128.log

Matrix: tmt_sym.mtx

STRONG SCALING [HYBRID/1D]: tmt_sym.mtx | 1 processes | 64 threads/process

 -> Data appended to: ../results/1D_and_2D/strong_scaling_hybrid.csv
 -> Summary appended to: ../results/1D_and_2D/summary/tmt_sym_summary.txt
 -> Full log saved to: ../results/1D_and_2D/logs/strong_HYBRID_1D_tmt_sym_np1.log

STRONG SCALING [HYBRID/1D]: tmt_sym.mtx | 2 processes | 32 threads/process

 -> Data appended to: ../results/1D_and_2D/strong_scaling_hybrid.csv
 -> Summary appended to: ../results/1D_and_2D/summary/tmt_sym_summary.txt
 -> Full log saved to: ../results/1D_and_2D/logs/strong_HYBRID_1D_tmt_sym_np2.log

STRONG SCALING [HYBRID/1D]: tmt_sym.mtx | 4 processes | 16 threads/process

 -> Data appended to: ../results/1D_and_2D/strong_scaling_hybrid.csv
 -> Summary appended to: ../results/1D_and_2D/summary/tmt_sym_summary.txt
 -> Full log saved to: ../results/1D_and_2D/logs/strong_HYBRID_1D_tmt_sym_np4.log

STRONG SCALING [HYBRID/1D]: tmt_sym.mtx | 8 processes | 8 threads/process

 -> Data appended to: ../results/1D_and_2D/strong_scaling_hybrid.csv
 -> Summary appended to: ../results/1D_and_2D/summary/tmt_sym_summary.txt
 -> Full log saved to: ../results/1D_and_2D/logs/strong_HYBRID_1D_tmt_sym_np8.log

STRONG SCALING [HYBRID/1D]: tmt_sym.mtx | 16 processes | 4 threads/process

 -> Data appended to: ../results/1D_and_2D/strong_scaling_hybrid.csv
 -> Summary appended to: ../results/1D_and_2D/summary/tmt_sym_summary.txt
 -> Full log saved to: ../results/1D_and_2D/logs/strong_HYBRID_1D_tmt_sym_np16.log

STRONG SCALING [HYBRID/1D]: tmt_sym.mtx | 32 processes | 2 threads/process

 -> Data appended to: ../results/1D_and_2D/strong_scaling_hybrid.csv
 -> Summary appended to: ../results/1D_and_2D/summary/tmt_sym_summary.txt
 -> Full log saved to: ../results/1D_and_2D/logs/strong_HYBRID_1D_tmt_sym_np32.log

STRONG SCALING [HYBRID/1D]: tmt_sym.mtx | 64 processes | 1 threads/process

 -> Data appended to: ../results/1D_and_2D/strong_scaling_hybrid.csv
 -> Summary appended to: ../results/1D_and_2D/summary/tmt_sym_summary.txt
 -> Full log saved to: ../results/1D_and_2D/logs/strong_HYBRID_1D_tmt_sym_np64.log

STRONG SCALING [HYBRID/1D]: tmt_sym.mtx | 128 processes | 1 threads/process

 -> Data appended to: ../results/1D_and_2D/strong_scaling_hybrid.csv
 -> Summary appended to: ../results/1D_and_2D/summary/tmt_sym_summary.txt
 -> Full log saved to: ../results/1D_and_2D/logs/strong_HYBRID_1D_tmt_sym_np128.log

Testing distribution: 2D
----------------------------------------

Matrix: Hook_1498.mtx
Skipping 2D for 1 process (using 1D instead)

STRONG SCALING [HYBRID/2D]: Hook_1498.mtx | 2 processes | 32 threads/process

 -> Data appended to: ../results/1D_and_2D/strong_scaling_hybrid.csv
 -> Summary appended to: ../results/1D_and_2D/summary/Hook_1498_summary.txt
 -> Full log saved to: ../results/1D_and_2D/logs/strong_HYBRID_2D_Hook_1498_np2.log

STRONG SCALING [HYBRID/2D]: Hook_1498.mtx | 4 processes | 16 threads/process

 -> Data appended to: ../results/1D_and_2D/strong_scaling_hybrid.csv
 -> Summary appended to: ../results/1D_and_2D/summary/Hook_1498_summary.txt
 -> Full log saved to: ../results/1D_and_2D/logs/strong_HYBRID_2D_Hook_1498_np4.log

STRONG SCALING [HYBRID/2D]: Hook_1498.mtx | 8 processes | 8 threads/process

 -> Data appended to: ../results/1D_and_2D/strong_scaling_hybrid.csv
 -> Summary appended to: ../results/1D_and_2D/summary/Hook_1498_summary.txt
 -> Full log saved to: ../results/1D_and_2D/logs/strong_HYBRID_2D_Hook_1498_np8.log

STRONG SCALING [HYBRID/2D]: Hook_1498.mtx | 16 processes | 4 threads/process

 -> Data appended to: ../results/1D_and_2D/strong_scaling_hybrid.csv
 -> Summary appended to: ../results/1D_and_2D/summary/Hook_1498_summary.txt
 -> Full log saved to: ../results/1D_and_2D/logs/strong_HYBRID_2D_Hook_1498_np16.log

STRONG SCALING [HYBRID/2D]: Hook_1498.mtx | 32 processes | 2 threads/process

 -> Data appended to: ../results/1D_and_2D/strong_scaling_hybrid.csv
 -> Summary appended to: ../results/1D_and_2D/summary/Hook_1498_summary.txt
 -> Full log saved to: ../results/1D_and_2D/logs/strong_HYBRID_2D_Hook_1498_np32.log

STRONG SCALING [HYBRID/2D]: Hook_1498.mtx | 64 processes | 1 threads/process

 -> Data appended to: ../results/1D_and_2D/strong_scaling_hybrid.csv
 -> Summary appended to: ../results/1D_and_2D/summary/Hook_1498_summary.txt
 -> Full log saved to: ../results/1D_and_2D/logs/strong_HYBRID_2D_Hook_1498_np64.log

STRONG SCALING [HYBRID/2D]: Hook_1498.mtx | 128 processes | 1 threads/process

 -> Data appended to: ../results/1D_and_2D/strong_scaling_hybrid.csv
 -> Summary appended to: ../results/1D_and_2D/summary/Hook_1498_summary.txt
 -> Full log saved to: ../results/1D_and_2D/logs/strong_HYBRID_2D_Hook_1498_np128.log

Matrix: msdoor.mtx
Skipping 2D for 1 process (using 1D instead)

STRONG SCALING [HYBRID/2D]: msdoor.mtx | 2 processes | 32 threads/process

 -> Data appended to: ../results/1D_and_2D/strong_scaling_hybrid.csv
 -> Summary appended to: ../results/1D_and_2D/summary/msdoor_summary.txt
 -> Full log saved to: ../results/1D_and_2D/logs/strong_HYBRID_2D_msdoor_np2.log

STRONG SCALING [HYBRID/2D]: msdoor.mtx | 4 processes | 16 threads/process

 -> Data appended to: ../results/1D_and_2D/strong_scaling_hybrid.csv
 -> Summary appended to: ../results/1D_and_2D/summary/msdoor_summary.txt
 -> Full log saved to: ../results/1D_and_2D/logs/strong_HYBRID_2D_msdoor_np4.log

STRONG SCALING [HYBRID/2D]: msdoor.mtx | 8 processes | 8 threads/process

 -> Data appended to: ../results/1D_and_2D/strong_scaling_hybrid.csv
 -> Summary appended to: ../results/1D_and_2D/summary/msdoor_summary.txt
 -> Full log saved to: ../results/1D_and_2D/logs/strong_HYBRID_2D_msdoor_np8.log

STRONG SCALING [HYBRID/2D]: msdoor.mtx | 16 processes | 4 threads/process

 -> Data appended to: ../results/1D_and_2D/strong_scaling_hybrid.csv
 -> Summary appended to: ../results/1D_and_2D/summary/msdoor_summary.txt
 -> Full log saved to: ../results/1D_and_2D/logs/strong_HYBRID_2D_msdoor_np16.log

STRONG SCALING [HYBRID/2D]: msdoor.mtx | 32 processes | 2 threads/process

 -> Data appended to: ../results/1D_and_2D/strong_scaling_hybrid.csv
 -> Summary appended to: ../results/1D_and_2D/summary/msdoor_summary.txt
 -> Full log saved to: ../results/1D_and_2D/logs/strong_HYBRID_2D_msdoor_np32.log

STRONG SCALING [HYBRID/2D]: msdoor.mtx | 64 processes | 1 threads/process

 -> Data appended to: ../results/1D_and_2D/strong_scaling_hybrid.csv
 -> Summary appended to: ../results/1D_and_2D/summary/msdoor_summary.txt
 -> Full log saved to: ../results/1D_and_2D/logs/strong_HYBRID_2D_msdoor_np64.log

STRONG SCALING [HYBRID/2D]: msdoor.mtx | 128 processes | 1 threads/process

 -> Data appended to: ../results/1D_and_2D/strong_scaling_hybrid.csv
 -> Summary appended to: ../results/1D_and_2D/summary/msdoor_summary.txt
 -> Full log saved to: ../results/1D_and_2D/logs/strong_HYBRID_2D_msdoor_np128.log

Matrix: tmt_sym.mtx
Skipping 2D for 1 process (using 1D instead)

STRONG SCALING [HYBRID/2D]: tmt_sym.mtx | 2 processes | 32 threads/process

 -> Data appended to: ../results/1D_and_2D/strong_scaling_hybrid.csv
 -> Summary appended to: ../results/1D_and_2D/summary/tmt_sym_summary.txt
 -> Full log saved to: ../results/1D_and_2D/logs/strong_HYBRID_2D_tmt_sym_np2.log

STRONG SCALING [HYBRID/2D]: tmt_sym.mtx | 4 processes | 16 threads/process

 -> Data appended to: ../results/1D_and_2D/strong_scaling_hybrid.csv
 -> Summary appended to: ../results/1D_and_2D/summary/tmt_sym_summary.txt
 -> Full log saved to: ../results/1D_and_2D/logs/strong_HYBRID_2D_tmt_sym_np4.log

STRONG SCALING [HYBRID/2D]: tmt_sym.mtx | 8 processes | 8 threads/process

 -> Data appended to: ../results/1D_and_2D/strong_scaling_hybrid.csv
 -> Summary appended to: ../results/1D_and_2D/summary/tmt_sym_summary.txt
 -> Full log saved to: ../results/1D_and_2D/logs/strong_HYBRID_2D_tmt_sym_np8.log

STRONG SCALING [HYBRID/2D]: tmt_sym.mtx | 16 processes | 4 threads/process

 -> Data appended to: ../results/1D_and_2D/strong_scaling_hybrid.csv
 -> Summary appended to: ../results/1D_and_2D/summary/tmt_sym_summary.txt
 -> Full log saved to: ../results/1D_and_2D/logs/strong_HYBRID_2D_tmt_sym_np16.log

STRONG SCALING [HYBRID/2D]: tmt_sym.mtx | 32 processes | 2 threads/process

 -> Data appended to: ../results/1D_and_2D/strong_scaling_hybrid.csv
 -> Summary appended to: ../results/1D_and_2D/summary/tmt_sym_summary.txt
 -> Full log saved to: ../results/1D_and_2D/logs/strong_HYBRID_2D_tmt_sym_np32.log

STRONG SCALING [HYBRID/2D]: tmt_sym.mtx | 64 processes | 1 threads/process

 -> Data appended to: ../results/1D_and_2D/strong_scaling_hybrid.csv
 -> Summary appended to: ../results/1D_and_2D/summary/tmt_sym_summary.txt
 -> Full log saved to: ../results/1D_and_2D/logs/strong_HYBRID_2D_tmt_sym_np64.log

STRONG SCALING [HYBRID/2D]: tmt_sym.mtx | 128 processes | 1 threads/process

 -> Data appended to: ../results/1D_and_2D/strong_scaling_hybrid.csv
 -> Summary appended to: ../results/1D_and_2D/summary/tmt_sym_summary.txt
 -> Full log saved to: ../results/1D_and_2D/logs/strong_HYBRID_2D_tmt_sym_np128.log

Testing distribution: 2D_cyclic
----------------------------------------

Matrix: Hook_1498.mtx
Skipping 2D_cyclic for 1 process (using 1D instead)

STRONG SCALING [HYBRID/2D_cyclic]: Hook_1498.mtx | 2 processes | 32 threads/process

 -> Data appended to: ../results/1D_and_2D/strong_scaling_hybrid.csv
 -> Summary appended to: ../results/1D_and_2D/summary/Hook_1498_summary.txt
 -> Full log saved to: ../results/1D_and_2D/logs/strong_HYBRID_2D_cyclic_Hook_1498_np2.log

STRONG SCALING [HYBRID/2D_cyclic]: Hook_1498.mtx | 4 processes | 16 threads/process

 -> Data appended to: ../results/1D_and_2D/strong_scaling_hybrid.csv
 -> Summary appended to: ../results/1D_and_2D/summary/Hook_1498_summary.txt
 -> Full log saved to: ../results/1D_and_2D/logs/strong_HYBRID_2D_cyclic_Hook_1498_np4.log

STRONG SCALING [HYBRID/2D_cyclic]: Hook_1498.mtx | 8 processes | 8 threads/process

 -> Data appended to: ../results/1D_and_2D/strong_scaling_hybrid.csv
 -> Summary appended to: ../results/1D_and_2D/summary/Hook_1498_summary.txt
 -> Full log saved to: ../results/1D_and_2D/logs/strong_HYBRID_2D_cyclic_Hook_1498_np8.log

STRONG SCALING [HYBRID/2D_cyclic]: Hook_1498.mtx | 16 processes | 4 threads/process

 -> Data appended to: ../results/1D_and_2D/strong_scaling_hybrid.csv
 -> Summary appended to: ../results/1D_and_2D/summary/Hook_1498_summary.txt
 -> Full log saved to: ../results/1D_and_2D/logs/strong_HYBRID_2D_cyclic_Hook_1498_np16.log

STRONG SCALING [HYBRID/2D_cyclic]: Hook_1498.mtx | 32 processes | 2 threads/process

 -> Data appended to: ../results/1D_and_2D/strong_scaling_hybrid.csv
 -> Summary appended to: ../results/1D_and_2D/summary/Hook_1498_summary.txt
 -> Full log saved to: ../results/1D_and_2D/logs/strong_HYBRID_2D_cyclic_Hook_1498_np32.log

STRONG SCALING [HYBRID/2D_cyclic]: Hook_1498.mtx | 64 processes | 1 threads/process

 -> Data appended to: ../results/1D_and_2D/strong_scaling_hybrid.csv
 -> Summary appended to: ../results/1D_and_2D/summary/Hook_1498_summary.txt
 -> Full log saved to: ../results/1D_and_2D/logs/strong_HYBRID_2D_cyclic_Hook_1498_np64.log

STRONG SCALING [HYBRID/2D_cyclic]: Hook_1498.mtx | 128 processes | 1 threads/process

 -> Data appended to: ../results/1D_and_2D/strong_scaling_hybrid.csv
 -> Summary appended to: ../results/1D_and_2D/summary/Hook_1498_summary.txt
 -> Full log saved to: ../results/1D_and_2D/logs/strong_HYBRID_2D_cyclic_Hook_1498_np128.log

Matrix: msdoor.mtx
Skipping 2D_cyclic for 1 process (using 1D instead)

STRONG SCALING [HYBRID/2D_cyclic]: msdoor.mtx | 2 processes | 32 threads/process

 -> Data appended to: ../results/1D_and_2D/strong_scaling_hybrid.csv
 -> Summary appended to: ../results/1D_and_2D/summary/msdoor_summary.txt
 -> Full log saved to: ../results/1D_and_2D/logs/strong_HYBRID_2D_cyclic_msdoor_np2.log

STRONG SCALING [HYBRID/2D_cyclic]: msdoor.mtx | 4 processes | 16 threads/process

 -> Data appended to: ../results/1D_and_2D/strong_scaling_hybrid.csv
 -> Summary appended to: ../results/1D_and_2D/summary/msdoor_summary.txt
 -> Full log saved to: ../results/1D_and_2D/logs/strong_HYBRID_2D_cyclic_msdoor_np4.log

STRONG SCALING [HYBRID/2D_cyclic]: msdoor.mtx | 8 processes | 8 threads/process

 -> Data appended to: ../results/1D_and_2D/strong_scaling_hybrid.csv
 -> Summary appended to: ../results/1D_and_2D/summary/msdoor_summary.txt
 -> Full log saved to: ../results/1D_and_2D/logs/strong_HYBRID_2D_cyclic_msdoor_np8.log

STRONG SCALING [HYBRID/2D_cyclic]: msdoor.mtx | 16 processes | 4 threads/process

 -> Data appended to: ../results/1D_and_2D/strong_scaling_hybrid.csv
 -> Summary appended to: ../results/1D_and_2D/summary/msdoor_summary.txt
 -> Full log saved to: ../results/1D_and_2D/logs/strong_HYBRID_2D_cyclic_msdoor_np16.log

STRONG SCALING [HYBRID/2D_cyclic]: msdoor.mtx | 32 processes | 2 threads/process

 -> Data appended to: ../results/1D_and_2D/strong_scaling_hybrid.csv
 -> Summary appended to: ../results/1D_and_2D/summary/msdoor_summary.txt
 -> Full log saved to: ../results/1D_and_2D/logs/strong_HYBRID_2D_cyclic_msdoor_np32.log

STRONG SCALING [HYBRID/2D_cyclic]: msdoor.mtx | 64 processes | 1 threads/process

 -> Data appended to: ../results/1D_and_2D/strong_scaling_hybrid.csv
 -> Summary appended to: ../results/1D_and_2D/summary/msdoor_summary.txt
 -> Full log saved to: ../results/1D_and_2D/logs/strong_HYBRID_2D_cyclic_msdoor_np64.log

STRONG SCALING [HYBRID/2D_cyclic]: msdoor.mtx | 128 processes | 1 threads/process

 -> Data appended to: ../results/1D_and_2D/strong_scaling_hybrid.csv
 -> Summary appended to: ../results/1D_and_2D/summary/msdoor_summary.txt
 -> Full log saved to: ../results/1D_and_2D/logs/strong_HYBRID_2D_cyclic_msdoor_np128.log

Matrix: tmt_sym.mtx
Skipping 2D_cyclic for 1 process (using 1D instead)

STRONG SCALING [HYBRID/2D_cyclic]: tmt_sym.mtx | 2 processes | 32 threads/process

 -> Data appended to: ../results/1D_and_2D/strong_scaling_hybrid.csv
 -> Summary appended to: ../results/1D_and_2D/summary/tmt_sym_summary.txt
 -> Full log saved to: ../results/1D_and_2D/logs/strong_HYBRID_2D_cyclic_tmt_sym_np2.log

STRONG SCALING [HYBRID/2D_cyclic]: tmt_sym.mtx | 4 processes | 16 threads/process

 -> Data appended to: ../results/1D_and_2D/strong_scaling_hybrid.csv
 -> Summary appended to: ../results/1D_and_2D/summary/tmt_sym_summary.txt
 -> Full log saved to: ../results/1D_and_2D/logs/strong_HYBRID_2D_cyclic_tmt_sym_np4.log

STRONG SCALING [HYBRID/2D_cyclic]: tmt_sym.mtx | 8 processes | 8 threads/process

 -> Data appended to: ../results/1D_and_2D/strong_scaling_hybrid.csv
 -> Summary appended to: ../results/1D_and_2D/summary/tmt_sym_summary.txt
 -> Full log saved to: ../results/1D_and_2D/logs/strong_HYBRID_2D_cyclic_tmt_sym_np8.log

STRONG SCALING [HYBRID/2D_cyclic]: tmt_sym.mtx | 16 processes | 4 threads/process

 -> Data appended to: ../results/1D_and_2D/strong_scaling_hybrid.csv
 -> Summary appended to: ../results/1D_and_2D/summary/tmt_sym_summary.txt
 -> Full log saved to: ../results/1D_and_2D/logs/strong_HYBRID_2D_cyclic_tmt_sym_np16.log

STRONG SCALING [HYBRID/2D_cyclic]: tmt_sym.mtx | 32 processes | 2 threads/process

 -> Data appended to: ../results/1D_and_2D/strong_scaling_hybrid.csv
 -> Summary appended to: ../results/1D_and_2D/summary/tmt_sym_summary.txt
 -> Full log saved to: ../results/1D_and_2D/logs/strong_HYBRID_2D_cyclic_tmt_sym_np32.log

STRONG SCALING [HYBRID/2D_cyclic]: tmt_sym.mtx | 64 processes | 1 threads/process

 -> Data appended to: ../results/1D_and_2D/strong_scaling_hybrid.csv
 -> Summary appended to: ../results/1D_and_2D/summary/tmt_sym_summary.txt
 -> Full log saved to: ../results/1D_and_2D/logs/strong_HYBRID_2D_cyclic_tmt_sym_np64.log

STRONG SCALING [HYBRID/2D_cyclic]: tmt_sym.mtx | 128 processes | 1 threads/process

 -> Data appended to: ../results/1D_and_2D/strong_scaling_hybrid.csv
 -> Summary appended to: ../results/1D_and_2D/summary/tmt_sym_summary.txt
 -> Full log saved to: ../results/1D_and_2D/logs/strong_HYBRID_2D_cyclic_tmt_sym_np128.log

========================================
Weak Scaling Tests (MPI+OpenMP)
========================================


Testing distribution: 1D
----------------------------------------

WEAK SCALING [HYBRID/1D]: 1 processes | 10000 total rows | 64 threads/process

 -> Data appended to: ../results/1D_and_2D/weak_scaling_hybrid.csv
 -> Full log saved to: ../results/1D_and_2D/logs/weak_HYBRID_1D_np1.log

WEAK SCALING [HYBRID/1D]: 2 processes | 20000 total rows | 32 threads/process

 -> Data appended to: ../results/1D_and_2D/weak_scaling_hybrid.csv
 -> Full log saved to: ../results/1D_and_2D/logs/weak_HYBRID_1D_np2.log

WEAK SCALING [HYBRID/1D]: 4 processes | 40000 total rows | 16 threads/process

 -> Data appended to: ../results/1D_and_2D/weak_scaling_hybrid.csv
 -> Full log saved to: ../results/1D_and_2D/logs/weak_HYBRID_1D_np4.log

WEAK SCALING [HYBRID/1D]: 8 processes | 80000 total rows | 8 threads/process

 -> Data appended to: ../results/1D_and_2D/weak_scaling_hybrid.csv
 -> Full log saved to: ../results/1D_and_2D/logs/weak_HYBRID_1D_np8.log

WEAK SCALING [HYBRID/1D]: 16 processes | 160000 total rows | 4 threads/process

 -> Data appended to: ../results/1D_and_2D/weak_scaling_hybrid.csv
 -> Full log saved to: ../results/1D_and_2D/logs/weak_HYBRID_1D_np16.log

WEAK SCALING [HYBRID/1D]: 32 processes | 320000 total rows | 2 threads/process

 -> Data appended to: ../results/1D_and_2D/weak_scaling_hybrid.csv
 -> Full log saved to: ../results/1D_and_2D/logs/weak_HYBRID_1D_np32.log

WEAK SCALING [HYBRID/1D]: 64 processes | 640000 total rows | 1 threads/process

 -> Data appended to: ../results/1D_and_2D/weak_scaling_hybrid.csv
 -> Full log saved to: ../results/1D_and_2D/logs/weak_HYBRID_1D_np64.log

WEAK SCALING [HYBRID/1D]: 128 processes | 1280000 total rows | 1 threads/process

 -> Data appended to: ../results/1D_and_2D/weak_scaling_hybrid.csv
 -> Full log saved to: ../results/1D_and_2D/logs/weak_HYBRID_1D_np128.log

Testing distribution: 2D
----------------------------------------
Skipping 2D for 1 process

WEAK SCALING [HYBRID/2D]: 2 processes | 20000 total rows | 32 threads/process

 -> Data appended to: ../results/1D_and_2D/weak_scaling_hybrid.csv
 -> Full log saved to: ../results/1D_and_2D/logs/weak_HYBRID_2D_np2.log

WEAK SCALING [HYBRID/2D]: 4 processes | 40000 total rows | 16 threads/process

 -> Data appended to: ../results/1D_and_2D/weak_scaling_hybrid.csv
 -> Full log saved to: ../results/1D_and_2D/logs/weak_HYBRID_2D_np4.log

WEAK SCALING [HYBRID/2D]: 8 processes | 80000 total rows | 8 threads/process

 -> Data appended to: ../results/1D_and_2D/weak_scaling_hybrid.csv
 -> Full log saved to: ../results/1D_and_2D/logs/weak_HYBRID_2D_np8.log

WEAK SCALING [HYBRID/2D]: 16 processes | 160000 total rows | 4 threads/process

 -> Data appended to: ../results/1D_and_2D/weak_scaling_hybrid.csv
 -> Full log saved to: ../results/1D_and_2D/logs/weak_HYBRID_2D_np16.log

WEAK SCALING [HYBRID/2D]: 32 processes | 320000 total rows | 2 threads/process

 -> Data appended to: ../results/1D_and_2D/weak_scaling_hybrid.csv
 -> Full log saved to: ../results/1D_and_2D/logs/weak_HYBRID_2D_np32.log

WEAK SCALING [HYBRID/2D]: 64 processes | 640000 total rows | 1 threads/process

 -> Data appended to: ../results/1D_and_2D/weak_scaling_hybrid.csv
 -> Full log saved to: ../results/1D_and_2D/logs/weak_HYBRID_2D_np64.log

WEAK SCALING [HYBRID/2D]: 128 processes | 1280000 total rows | 1 threads/process

 -> Data appended to: ../results/1D_and_2D/weak_scaling_hybrid.csv
 -> Full log saved to: ../results/1D_and_2D/logs/weak_HYBRID_2D_np128.log

Testing distribution: 2D_cyclic
----------------------------------------
Skipping 2D_cyclic for 1 process

WEAK SCALING [HYBRID/2D_cyclic]: 2 processes | 20000 total rows | 32 threads/process

 -> Data appended to: ../results/1D_and_2D/weak_scaling_hybrid.csv
 -> Full log saved to: ../results/1D_and_2D/logs/weak_HYBRID_2D_cyclic_np2.log

WEAK SCALING [HYBRID/2D_cyclic]: 4 processes | 40000 total rows | 16 threads/process

 -> Data appended to: ../results/1D_and_2D/weak_scaling_hybrid.csv
 -> Full log saved to: ../results/1D_and_2D/logs/weak_HYBRID_2D_cyclic_np4.log

WEAK SCALING [HYBRID/2D_cyclic]: 8 processes | 80000 total rows | 8 threads/process

 -> Data appended to: ../results/1D_and_2D/weak_scaling_hybrid.csv
 -> Full log saved to: ../results/1D_and_2D/logs/weak_HYBRID_2D_cyclic_np8.log

WEAK SCALING [HYBRID/2D_cyclic]: 16 processes | 160000 total rows | 4 threads/process

 -> Data appended to: ../results/1D_and_2D/weak_scaling_hybrid.csv
 -> Full log saved to: ../results/1D_and_2D/logs/weak_HYBRID_2D_cyclic_np16.log

WEAK SCALING [HYBRID/2D_cyclic]: 32 processes | 320000 total rows | 2 threads/process

 -> Data appended to: ../results/1D_and_2D/weak_scaling_hybrid.csv
 -> Full log saved to: ../results/1D_and_2D/logs/weak_HYBRID_2D_cyclic_np32.log

WEAK SCALING [HYBRID/2D_cyclic]: 64 processes | 640000 total rows | 1 threads/process

 -> Data appended to: ../results/1D_and_2D/weak_scaling_hybrid.csv
 -> Full log saved to: ../results/1D_and_2D/logs/weak_HYBRID_2D_cyclic_np64.log

WEAK SCALING [HYBRID/2D_cyclic]: 128 processes | 1280000 total rows | 1 threads/process

 -> Data appended to: ../results/1D_and_2D/weak_scaling_hybrid.csv
 -> Full log saved to: ../results/1D_and_2D/logs/weak_HYBRID_2D_cyclic_np128.log

========================================
BENCHMARK SUMMARY
========================================

Results Files:
 MPI Strong Scaling: ../results/1D_and_2D/strong_scaling_all.csv
 MPI Weak Scaling: ../results/1D_and_2D/weak_scaling_all.csv
 MPI+OpenMP Strong Scaling: ../results/1D_and_2D/strong_scaling_hybrid.csv
 MPI+OpenMP Weak Scaling: ../results/1D_and_2D/weak_scaling_hybrid.csv
 Full Logs: ../results/1D_and_2D/logs/
 Matrix Summaries: ../results/1D_and_2D/summary/

Data points collected:
 MPI Strong: 660 measurements
 MPI Weak: 220 measurements
 MPI+OpenMP Strong: 660 measurements
 MPI+OpenMP Weak: 220 measurements

Matrix summary files created:
 - Hook_1498_summary.txt
 - msdoor_summary.txt
 - tmt_sym_summary.txt

Distributions tested: 1D 2D 2D_cyclic


--------------------------
Job completed successfully!
End time: Sat Feb  7 21:22:08 CET 2026
--------------------------
