../src/main_baseline.c: In function ‘main’:
../src/main_baseline.c:232:22: warning: unused variable ‘global_col’ [-Wunused-variable]
  232 |             unsigned global_col = cp2d.my_col_start + i;
      |                      ^~~~~~~~~~
../src/main_baseline.c:270:17: warning: unused variable ‘global_idx’ [-Wunused-variable]
  270 |             int global_idx = rank + i * comm_size;
      |                 ^~~~~~~~~~
../src/main_baseline.c:74:16: warning: variable ‘csr_matrix’ set but not used [-Wunused-but-set-variable]
   74 |     Sparse_CSR csr_matrix = {0};
      |                ^~~~~~~~~~
../src/main_baseline.c:18:9: warning: unused variable ‘num_threads’ [-Wunused-variable]
   18 |     int num_threads = 1;
      |         ^~~~~~~~~~~
../src/mmio.c: In function ‘mm_typecode_to_str’:
../src/mmio.c:457:9: warning: variable ‘error’ set but not used [-Wunused-but-set-variable]
  457 |     int error =0;
      |         ^~~~~
../src/parallel_reading.c: In function ‘load_mm_chunked’:
../src/parallel_reading.c:480:16: warning: ‘bytes_read’ may be used uninitialized in this function [-Wmaybe-uninitialized]
  480 |     MPI_Offset bytes_read;
      |                ^~~~~~~~~~
../src/specifications.c: In function ‘coo_to_csr_matrix’:
../src/specifications.c:222:14: warning: unused variable ‘count’ [-Wunused-variable]
  222 |     unsigned count, i;
      |              ^~~~~
../src/specifications.c: In function ‘csr_mv_multiply’:
../src/specifications.c:280:14: warning: unused variable ‘next’ [-Wunused-variable]
  280 |     unsigned next=row_ptr[0];
      |              ^~~~
../src/main_baseline.c: In function ‘main’:
../src/main_baseline.c:232:22: warning: unused variable ‘global_col’ [-Wunused-variable]
  232 |             unsigned global_col = cp2d.my_col_start + i;
      |                      ^~~~~~~~~~
../src/main_baseline.c:270:17: warning: unused variable ‘global_idx’ [-Wunused-variable]
  270 |             int global_idx = rank + i * comm_size;
      |                 ^~~~~~~~~~
../src/main_baseline.c:74:16: warning: variable ‘csr_matrix’ set but not used [-Wunused-but-set-variable]
   74 |     Sparse_CSR csr_matrix = {0};
      |                ^~~~~~~~~~
../src/main_baseline.c:18:9: warning: variable ‘num_threads’ set but not used [-Wunused-but-set-variable]
   18 |     int num_threads = 1;
      |         ^~~~~~~~~~~
../src/mmio.c: In function ‘mm_typecode_to_str’:
../src/mmio.c:457:9: warning: variable ‘error’ set but not used [-Wunused-but-set-variable]
  457 |     int error =0;
      |         ^~~~~
../src/parallel_reading.c: In function ‘load_mm_chunked’:
../src/parallel_reading.c:480:16: warning: ‘bytes_read’ may be used uninitialized in this function [-Wmaybe-uninitialized]
  480 |     MPI_Offset bytes_read;
      |                ^~~~~~~~~~
../src/specifications.c: In function ‘coo_to_csr_matrix’:
../src/specifications.c:222:14: warning: unused variable ‘count’ [-Wunused-variable]
  222 |     unsigned count, i;
      |              ^~~~~
../src/specifications.c: In function ‘csr_mv_multiply’:
../src/specifications.c:280:14: warning: unused variable ‘next’ [-Wunused-variable]
  280 |     unsigned next=row_ptr[0];
      |              ^~~~
