Retrieving the matrix from '../matrices/1138_bus.mtx'...
%%MatrixMarket matrix coordinate real symmetric
1138 1138 2596
Real Matrix: Rows=1138 | Cols=1138 | NNZ=2596 | Procs=2 | Distribution=2D
2D Process Grid (Block): 1 x 2 (rows x cols)
Rank 0: Grid (0,0) | Rows [0,1138) | Cols [0,569) | LocalRows=1138 | NNZ=1429 | ColsGlobal
Applied 2D block distribution (global column indices preserved)
Rank 1: Grid (0,1) | Rows [0,1138) | Cols [569,1138) | LocalRows=1138 | NNZ=1167 | ColsGlobal
2D Comm Pattern: grid 1 x 2 | expand ghosts on rank 0: 0
2D: local vector size = 569 (column block), local rows = 1138

========================================
COMPREHENSIVE METRICS SUMMARY
========================================
PROCESSES: 2
DISTRIBUTION: 2D
GRID: 1 x 2 (proc_rows x proc_cols)
ITERATIONS: 10
Matrix NNZ: 2596
BALANCE: nnz_local   min=    1167  avg=   1298.00  max=    1429
COMM:    ghost       min=       0  avg=      0.00  max=       0  | recv_double_avg=      0.00 B
METRICS: t_total     = 1.406e-04  t_comp = 1.552e-05  t_comm = 1.251e-04
         gflops_total= 3.692865e-02  gflops_comp= 3.345135e-01
========================================

[RESULT] 0,2,2D,0,0.000149727,0.000127077,1429,0,2858
[RESULT] 0,2,2D,1,0.000143528,0.000124693,1429,0,2858
[RESULT] 0,2,2D,2,0.000140190,0.000124454,1429,0,2858
[RESULT] 0,2,2D,3,0.000137091,0.000122070,1429,0,2858
[RESULT] 0,2,2D,4,0.000149965,0.000135422,1429,0,2858
[RESULT] 0,2,2D,5,0.000134945,0.000120640,1429,0,2858
[RESULT] 0,2,2D,6,0.000138760,0.000124693,1429,0,2858
[RESULT] 0,2,2D,7,0.000138998,0.000125885,1429,0,2858
[RESULT] 0,2,2D,8,0.000131369,0.000118017,1429,0,2858
[RESULT] 0,2,2D,9,0.000141382,0.000127792,1429,0,2858
Total execution time: 0.031 seconds
