Retrieving the matrix from '../matrices/1138_bus.mtx'...
%%MatrixMarket matrix coordinate real symmetric
1138 1138 2596
Real Matrix: Rows=1138 | Cols=1138 | NNZ=2596 | Procs=1 | Distribution=1D
Applied 1D distribution
Ghost columns identified: 0 total ghost values needed
Local vector initialized (size=1138 per process)

========================================
COMPREHENSIVE METRICS SUMMARY
========================================
PROCESSES: 1
DISTRIBUTION: 1D
ITERATIONS: 10
Matrix NNZ: 2596
BALANCE: nnz_local   min=    2596  avg=   2596.00  max=    2596
COMM:    ghost       min=       0  avg=      0.00  max=       0  | recv_double_avg=      0.00 B
METRICS: t_total     = 3.000e-03  t_comp = 1.203e-03  t_comm = 1.796e-03
         gflops_total= 1.730943e-03  gflops_comp= 4.314122e-03
========================================

[RESULT] 0,1,1D,0,0.000095606,0.000021219,2596,0,5192
[RESULT] 0,1,1D,1,0.000095129,0.000020981,2596,0,5192
[RESULT] 0,1,1D,2,0.000105381,0.000019789,2596,0,5192
[RESULT] 0,1,1D,3,0.000086069,0.000019312,2596,0,5192
[RESULT] 0,1,1D,4,0.000081062,0.000021458,2596,0,5192
[RESULT] 0,1,1D,5,0.000109196,0.000021458,2596,0,5192
[RESULT] 0,1,1D,6,0.029110193,0.017673969,2596,0,5192
[RESULT] 0,1,1D,7,0.000173092,0.000115156,2596,0,5192
[RESULT] 0,1,1D,8,0.000078440,0.000030518,2596,0,5192
[RESULT] 0,1,1D,9,0.000061035,0.000016451,2596,0,5192
Total execution time: 0.060 seconds
