Retrieving the matrix from '../matrices/bcsstk27.mtx'...
%%MatrixMarket matrix coordinate real symmetric
1224 1224 28675
Real Matrix: Rows=1224 | Cols=1224 | NNZ=28675 | Procs=64 | Distribution=1D
Applied 1D distribution
Ghost columns identified: 448 total ghost values needed
Local vector initialized (size=20 per process)

========================================
COMPREHENSIVE METRICS SUMMARY
========================================
PROCESSES: 64
DISTRIBUTION: 1D
ITERATIONS: 10
Matrix NNZ: 28675
BALANCE: nnz_local   min=     421  avg=    448.05  max=     472
COMM:    ghost       min=     402  avg=    428.92  max=     453  | recv_double_avg=   3431.38 B
METRICS: t_total     = 7.012e-01  t_comp = 6.294e-06  t_comm = 7.012e-01
         gflops_total= 8.179274e-05  gflops_comp= 9.111490e+00
========================================

[RESULT] 0,64,1D,0,0.825999737,0.825992346,468,448,936
[RESULT] 0,64,1D,1,0.699358940,0.699352741,468,448,936
[RESULT] 0,64,1D,2,0.613012791,0.613007545,468,448,936
[RESULT] 0,64,1D,3,0.704965115,0.704959393,468,448,936
[RESULT] 0,64,1D,4,0.636008978,0.636003733,468,448,936
[RESULT] 0,64,1D,5,0.607020378,0.607014418,468,448,936
[RESULT] 0,64,1D,6,0.760993242,0.760987282,468,448,936
[RESULT] 0,64,1D,7,0.781302214,0.781296015,468,448,936
[RESULT] 0,64,1D,8,0.677980900,0.677975893,468,448,936
[RESULT] 0,64,1D,9,0.704982042,0.704975843,468,448,936
Total execution time: 20.879 seconds
