Retrieving the matrix from '../matrices/Andrews.mtx'...
%%MatrixMarket matrix coordinate integer symmetric
60000 60000 410077
Real Matrix: Rows=60000 | Cols=60000 | NNZ=410077 | Procs=1 | Distribution=1D
Applied 1D distribution
Ghost columns identified: 0 total ghost values needed
Local vector initialized (size=60000 per process)

========================================
COMPREHENSIVE METRICS SUMMARY
========================================
PROCESSES: 1
DISTRIBUTION: 1D
ITERATIONS: 10
Matrix NNZ: 410077
BALANCE: nnz_local   min=  410077  avg= 410077.00  max=  410077
COMM:    ghost       min=       0  avg=      0.00  max=       0  | recv_double_avg=      0.00 B
METRICS: t_total     = 1.959e-03  t_comp = 1.936e-03  t_comm = 2.344e-05
         gflops_total= 4.186514e-01  gflops_comp= 4.237205e-01
========================================

[RESULT] 0,1,1D,0,0.001912355,0.000025272,410077,0,820154
[RESULT] 0,1,1D,1,0.001934528,0.000022888,410077,0,820154
[RESULT] 0,1,1D,2,0.002001047,0.000025272,410077,0,820154
[RESULT] 0,1,1D,3,0.001878023,0.000022173,410077,0,820154
[RESULT] 0,1,1D,4,0.002009153,0.000022650,410077,0,820154
[RESULT] 0,1,1D,5,0.002007723,0.000022888,410077,0,820154
[RESULT] 0,1,1D,6,0.001948595,0.000023842,410077,0,820154
[RESULT] 0,1,1D,7,0.001989841,0.000020742,410077,0,820154
[RESULT] 0,1,1D,8,0.001981020,0.000022888,410077,0,820154
[RESULT] 0,1,1D,9,0.001928091,0.000025749,410077,0,820154
Total execution time: 0.264 seconds
