Retrieving the matrix from '../matrices/1138_bus.mtx'...
%%MatrixMarket matrix coordinate real symmetric
1138 1138 2596
Real Matrix: Rows=1138 | Cols=1138 | NNZ=2596 | Procs=16 | Distribution=1D
Applied 1D distribution
Ghost columns identified: 80 total ghost values needed
Local vector initialized (size=72 per process)

========================================
COMPREHENSIVE METRICS SUMMARY
========================================
PROCESSES: 16
DISTRIBUTION: 1D
ITERATIONS: 10
Matrix NNZ: 2596
BALANCE: nnz_local   min=     146  avg=    162.25  max=     178
COMM:    ghost       min=      69  avg=     83.56  max=      99  | recv_double_avg=    668.50 B
METRICS: t_total     = 1.483e-04  t_comp = 3.242e-06  t_comm = 1.450e-04
         gflops_total= 3.501660e-02  gflops_comp= 1.601237e+00
========================================

[RESULT] 0,16,1D,0,0.000088692,0.000086308,163,80,326
[RESULT] 0,16,1D,1,0.000095129,0.000093222,163,80,326
[RESULT] 0,16,1D,2,0.000087976,0.000086308,163,80,326
[RESULT] 0,16,1D,3,0.000105381,0.000104189,163,80,326
[RESULT] 0,16,1D,4,0.000126600,0.000125170,163,80,326
[RESULT] 0,16,1D,5,0.000186682,0.000185251,163,80,326
[RESULT] 0,16,1D,6,0.000145674,0.000144720,163,80,326
[RESULT] 0,16,1D,7,0.000148296,0.000147343,163,80,326
[RESULT] 0,16,1D,8,0.000149965,0.000149012,163,80,326
[RESULT] 0,16,1D,9,0.000150919,0.000149727,163,80,326
Total execution time: 0.015 seconds
