Retrieving the matrix from '../matrices/bcsstk27.mtx'...
%%MatrixMarket matrix coordinate real symmetric
1224 1224 28675
Real Matrix: Rows=1224 | Cols=1224 | NNZ=28675 | Procs=2 | Distribution=2D_cyclic
2D Process Grid (Cyclic): 1 x 2
Rank 0: Grid (0,0) | Local rows=1224 | NNZ=14051 | ColsGlobal
Applied 2D cyclic distribution (global column indices preserved)
Rank 1: Grid (0,1) | Local rows=1224 | NNZ=14624 | ColsGlobal
2D Comm Pattern: grid 1 x 2 | expand ghosts on rank 0: 306
2D: local vector size = 612 (column block), local rows = 1224

========================================
COMPREHENSIVE METRICS SUMMARY
========================================
PROCESSES: 2
DISTRIBUTION: 2D_cyclic
GRID: 1 x 2 (proc_rows x proc_cols)
ITERATIONS: 10
Matrix NNZ: 28675
BALANCE: nnz_local   min=   14051  avg=  14337.50  max=   14624
COMM:    ghost       min=     306  avg=    306.00  max=     306  | recv_double_avg=   2448.00 B
METRICS: t_total     = 1.987e-04  t_comp = 2.444e-05  t_comm = 1.743e-04
         gflops_total= 2.886289e-01  gflops_comp= 2.346764e+00
========================================

[RESULT] 0,2,2D_cyclic,0,0.000193596,0.000168085,14051,306,28102
[RESULT] 0,2,2D_cyclic,1,0.000186920,0.000161886,14051,306,28102
[RESULT] 0,2,2D_cyclic,2,0.000204802,0.000180006,14051,306,28102
[RESULT] 0,2,2D_cyclic,3,0.000203609,0.000178814,14051,306,28102
[RESULT] 0,2,2D_cyclic,4,0.000221729,0.000197649,14051,306,28102
[RESULT] 0,2,2D_cyclic,5,0.000207663,0.000183582,14051,306,28102
[RESULT] 0,2,2D_cyclic,6,0.000218630,0.000194550,14051,306,28102
[RESULT] 0,2,2D_cyclic,7,0.000171185,0.000147104,14051,306,28102
[RESULT] 0,2,2D_cyclic,8,0.000189781,0.000165701,14051,306,28102
[RESULT] 0,2,2D_cyclic,9,0.000189066,0.000165224,14051,306,28102
Total execution time: 0.029 seconds
