Retrieving the matrix from '../matrices/Andrews.mtx'...
%%MatrixMarket matrix coordinate integer symmetric
60000 60000 410077
Real Matrix: Rows=60000 | Cols=60000 | NNZ=410077 | Procs=8 | Distribution=2D
Rank 2: Grid (0,2) | Rows [0,30000) | Cols [30000,45000) | LocalRows=30000 | NNZ=0 | ColsGlobal
2D Process Grid (Block): 2 x 4 (rows x cols)
Rank 3: Grid (0,3) | Rows [0,30000) | Cols [45000,60000) | LocalRows=30000 | NNZ=0 | ColsGlobal
Rank 1: Grid (0,1) | Rows [0,30000) | Cols [15000,30000) | LocalRows=30000 | NNZ=39016 | ColsGlobal
Rank 4: Grid (1,0) | Rows [30000,60000) | Cols [0,15000) | LocalRows=30000 | NNZ=84684 | ColsGlobal
Rank 6: Grid (1,2) | Rows [30000,60000) | Cols [30000,45000) | LocalRows=30000 | NNZ=80486 | ColsGlobal
Rank 0: Grid (0,0) | Rows [0,30000) | Cols [0,15000) | LocalRows=30000 | NNZ=81975 | ColsGlobal
Applied 2D block distribution (global column indices preserved)
Rank 7: Grid (1,3) | Rows [30000,60000) | Cols [45000,60000) | LocalRows=30000 | NNZ=38932 | ColsGlobal
Rank 5: Grid (1,1) | Rows [30000,60000) | Cols [15000,30000) | LocalRows=30000 | NNZ=84984 | ColsGlobal
2D Comm Pattern: grid 2 x 4 | expand ghosts on rank 0: 0
2D: local vector size = 15000 (column block), local rows = 30000

========================================
COMPREHENSIVE METRICS SUMMARY
========================================
PROCESSES: 8
DISTRIBUTION: 2D
GRID: 2 x 4 (proc_rows x proc_cols)
ITERATIONS: 10
Matrix NNZ: 410077
BALANCE: nnz_local   min=       0  avg=  51259.62  max=   84984
COMM:    ghost       min=       0  avg=      0.00  max=       0  | recv_double_avg=      0.00 B
METRICS: t_total     = 1.319e-01  t_comp = 5.640e-03  t_comm = 1.319e-01
         gflops_total= 6.216520e-03  gflops_comp= 1.454086e-01
========================================

[RESULT] 0,8,2D,0,0.103924513,0.103770733,81975,0,163950
[RESULT] 0,8,2D,1,0.140999079,0.140856266,81975,0,163950
[RESULT] 0,8,2D,2,0.121253967,0.090348005,81975,0,163950
[RESULT] 0,8,2D,3,0.071035147,0.070902586,81975,0,163950
[RESULT] 0,8,2D,4,0.102832794,0.078414917,81975,0,163950
[RESULT] 0,8,2D,5,0.096687317,0.096555948,81975,0,163950
[RESULT] 0,8,2D,6,0.114740610,0.114609003,81975,0,163950
[RESULT] 0,8,2D,7,0.109797716,0.109665155,81975,0,163950
[RESULT] 0,8,2D,8,0.102686405,0.102550268,81975,0,163950
[RESULT] 0,8,2D,9,0.146934986,0.146816254,81975,0,163950
Total execution time: 3.901 seconds
