Retrieving the matrix from '../matrices/bcsstk27.mtx'...
%%MatrixMarket matrix coordinate real symmetric
1224 1224 28675
Real Matrix: Rows=1224 | Cols=1224 | NNZ=28675 | Procs=8 | Distribution=2D
2D Process Grid (Block): 2 x 4 (rows x cols)
Rank 2: Grid (0,2) | Rows [0,612) | Cols [612,918) | LocalRows=612 | NNZ=0 | ColsGlobal
Rank 4: Grid (1,0) | Rows [612,1224) | Cols [0,306) | LocalRows=612 | NNZ=0 | ColsGlobal
Rank 3: Grid (0,3) | Rows [0,612) | Cols [918,1224) | LocalRows=612 | NNZ=0 | ColsGlobal
Rank 5: Grid (1,1) | Rows [612,1224) | Cols [306,612) | LocalRows=612 | NNZ=573 | ColsGlobal
Rank 0: Grid (0,0) | Rows [0,612) | Cols [0,306) | LocalRows=612 | NNZ=7283 | ColsGlobal
Applied 2D block distribution (global column indices preserved)
Rank 1: Grid (0,1) | Rows [0,612) | Cols [306,612) | LocalRows=612 | NNZ=6762 | ColsGlobal
Rank 7: Grid (1,3) | Rows [612,1224) | Cols [918,1224) | LocalRows=612 | NNZ=6722 | ColsGlobal
Rank 6: Grid (1,2) | Rows [612,1224) | Cols [612,918) | LocalRows=612 | NNZ=7335 | ColsGlobal
2D Comm Pattern: grid 2 x 4 | expand ghosts on rank 0: 0
2D: local vector size = 306 (column block), local rows = 612

========================================
COMPREHENSIVE METRICS SUMMARY
========================================
PROCESSES: 8
DISTRIBUTION: 2D
GRID: 2 x 4 (proc_rows x proc_cols)
ITERATIONS: 10
Matrix NNZ: 28675
BALANCE: nnz_local   min=       0  avg=   3584.38  max=    7335
COMM:    ghost       min=       0  avg=      0.00  max=       0  | recv_double_avg=      0.00 B
METRICS: t_total     = 1.328e-04  t_comp = 1.132e-05  t_comm = 1.313e-04
         gflops_total= 4.317002e-01  gflops_comp= 5.064070e+00
========================================

[RESULT] 0,8,2D,0,0.000128746,0.000117302,7283,0,14566
[RESULT] 0,8,2D,1,0.000101805,0.000090599,7283,0,14566
[RESULT] 0,8,2D,2,0.000171661,0.000160456,7283,0,14566
[RESULT] 0,8,2D,3,0.000128984,0.000117779,7283,0,14566
[RESULT] 0,8,2D,4,0.000131607,0.000120401,7283,0,14566
[RESULT] 0,8,2D,5,0.000116348,0.000105381,7283,0,14566
[RESULT] 0,8,2D,6,0.000128269,0.000117302,7283,0,14566
[RESULT] 0,8,2D,7,0.000129938,0.000118732,7283,0,14566
[RESULT] 0,8,2D,8,0.000122786,0.000111580,7283,0,14566
[RESULT] 0,8,2D,9,0.000119209,0.000107765,7283,0,14566
Total execution time: 0.029 seconds
