Retrieving the matrix from '../matrices/bcsstk27.mtx'...
%%MatrixMarket matrix coordinate real symmetric
1224 1224 28675
Real Matrix: Rows=1224 | Cols=1224 | NNZ=28675 | Procs=16 | Distribution=1D
Applied 1D distribution
Ghost columns identified: 1039 total ghost values needed
Local vector initialized (size=77 per process)

========================================
COMPREHENSIVE METRICS SUMMARY
========================================
PROCESSES: 16
DISTRIBUTION: 1D
ITERATIONS: 10
Matrix NNZ: 28675
BALANCE: nnz_local   min=    1739  avg=   1792.19  max=    1838
COMM:    ghost       min=    1026  avg=   1036.44  max=    1045  | recv_double_avg=   8291.50 B
METRICS: t_total     = 1.698e-04  t_comp = 6.008e-06  t_comm = 1.638e-04
         gflops_total= 3.377469e-01  gflops_comp= 9.545370e+00
========================================

[RESULT] 0,16,1D,0,0.000111103,0.000104666,1838,1039,3676
[RESULT] 0,16,1D,1,0.000119686,0.000113726,1838,1039,3676
[RESULT] 0,16,1D,2,0.000193357,0.000187397,1838,1039,3676
[RESULT] 0,16,1D,3,0.000148058,0.000142097,1838,1039,3676
[RESULT] 0,16,1D,4,0.000171661,0.000165701,1838,1039,3676
[RESULT] 0,16,1D,5,0.000149488,0.000143528,1838,1039,3676
[RESULT] 0,16,1D,6,0.000158787,0.000152826,1838,1039,3676
[RESULT] 0,16,1D,7,0.000223398,0.000217199,1838,1039,3676
[RESULT] 0,16,1D,8,0.000154972,0.000149012,1838,1039,3676
[RESULT] 0,16,1D,9,0.000127554,0.000121832,1838,1039,3676
Total execution time: 0.035 seconds
