Retrieving the matrix from '../matrices/bcsstk27.mtx'...
%%MatrixMarket matrix coordinate real symmetric
1224 1224 28675
Real Matrix: Rows=1224 | Cols=1224 | NNZ=28675 | Procs=64 | Distribution=2D
2D Process Grid (Block): 8 x 8 (rows x cols)
Rank 1: Grid (0,1) | Rows [0,153) | Cols [153,306) | LocalRows=153 | NNZ=0 | ColsGlobal
Rank 5: Grid (0,5) | Rows [0,153) | Cols [765,918) | LocalRows=153 | NNZ=0 | ColsGlobal
Rank 2: Grid (0,2) | Rows [0,153) | Cols [306,459) | LocalRows=153 | NNZ=0 | ColsGlobal
Rank 4: Grid (0,4) | Rows [0,153) | Cols [612,765) | LocalRows=153 | NNZ=0 | ColsGlobal
Rank 3: Grid (0,3) | Rows [0,153) | Cols [459,612) | LocalRows=153 | NNZ=0 | ColsGlobal
Rank 8: Grid (1,0) | Rows [153,306) | Cols [0,153) | LocalRows=153 | NNZ=532 | ColsGlobal
Rank 33: Grid (4,1) | Rows [612,765) | Cols [153,306) | LocalRows=153 | NNZ=0 | ColsGlobal
Rank 16: Grid (2,0) | Rows [306,459) | Cols [0,153) | LocalRows=153 | NNZ=0 | ColsGlobal
Rank 13: Grid (1,5) | Rows [153,306) | Cols [765,918) | LocalRows=153 | NNZ=0 | ColsGlobal
Rank 0: Grid (0,0) | Rows [0,153) | Cols [0,153) | LocalRows=153 | NNZ=3069 | ColsGlobal
Applied 2D block distribution (global column indices preserved)
Rank 17: Grid (2,1) | Rows [306,459) | Cols [153,306) | LocalRows=153 | NNZ=573 | ColsGlobal
Rank 6: Grid (0,6) | Rows [0,153) | Cols [918,1071) | LocalRows=153 | NNZ=0 | ColsGlobal
Rank 9: Grid (1,1) | Rows [153,306) | Cols [153,306) | LocalRows=153 | NNZ=3109 | ColsGlobal
Rank 24: Grid (3,0) | Rows [459,612) | Cols [0,153) | LocalRows=153 | NNZ=0 | ColsGlobal
Rank 41: Grid (5,1) | Rows [765,918) | Cols [153,306) | LocalRows=153 | NNZ=0 | ColsGlobal
Rank 10: Grid (1,2) | Rows [153,306) | Cols [306,459) | LocalRows=153 | NNZ=0 | ColsGlobal
Rank 49: Grid (6,1) | Rows [918,1071) | Cols [153,306) | LocalRows=153 | NNZ=0 | ColsGlobal
Rank 12: Grid (1,4) | Rows [153,306) | Cols [612,765) | LocalRows=153 | NNZ=0 | ColsGlobal
Rank 7: Grid (0,7) | Rows [0,153) | Cols [1071,1224) | LocalRows=153 | NNZ=0 | ColsGlobal
Rank 20: Grid (2,4) | Rows [306,459) | Cols [612,765) | LocalRows=153 | NNZ=0 | ColsGlobal
Rank 11: Grid (1,3) | Rows [153,306) | Cols [459,612) | LocalRows=153 | NNZ=0 | ColsGlobal
Rank 32: Grid (4,0) | Rows [612,765) | Cols [0,153) | LocalRows=153 | NNZ=0 | ColsGlobal
Rank 25: Grid (3,1) | Rows [459,612) | Cols [153,306) | LocalRows=153 | NNZ=0 | ColsGlobal
Rank 34: Grid (4,2) | Rows [612,765) | Cols [306,459) | LocalRows=153 | NNZ=0 | ColsGlobal
Rank 35: Grid (4,3) | Rows [612,765) | Cols [459,612) | LocalRows=153 | NNZ=573 | ColsGlobal
Rank 40: Grid (5,0) | Rows [765,918) | Cols [0,153) | LocalRows=153 | NNZ=0 | ColsGlobal
Rank 37: Grid (4,5) | Rows [612,765) | Cols [765,918) | LocalRows=153 | NNZ=0 | ColsGlobal
Rank 48: Grid (6,0) | Rows [918,1071) | Cols [0,153) | LocalRows=153 | NNZ=0 | ColsGlobal
Rank 19: Grid (2,3) | Rows [306,459) | Cols [459,612) | LocalRows=153 | NNZ=0 | ColsGlobal
Rank 14: Grid (1,6) | Rows [153,306) | Cols [918,1071) | LocalRows=153 | NNZ=0 | ColsGlobal
Rank 21: Grid (2,5) | Rows [306,459) | Cols [765,918) | LocalRows=153 | NNZ=0 | ColsGlobal
Rank 22: Grid (2,6) | Rows [306,459) | Cols [918,1071) | LocalRows=153 | NNZ=0 | ColsGlobal
Rank 39: Grid (4,7) | Rows [612,765) | Cols [1071,1224) | LocalRows=153 | NNZ=0 | ColsGlobal
Rank 28: Grid (3,4) | Rows [459,612) | Cols [612,765) | LocalRows=153 | NNZ=0 | ColsGlobal
Rank 15: Grid (1,7) | Rows [153,306) | Cols [1071,1224) | LocalRows=153 | NNZ=0 | ColsGlobal
Rank 18: Grid (2,2) | Rows [306,459) | Cols [306,459) | LocalRows=153 | NNZ=3121 | ColsGlobal
Rank 43: Grid (5,3) | Rows [765,918) | Cols [459,612) | LocalRows=153 | NNZ=0 | ColsGlobal
Rank 26: Grid (3,2) | Rows [459,612) | Cols [306,459) | LocalRows=153 | NNZ=532 | ColsGlobal
Rank 51: Grid (6,3) | Rows [918,1071) | Cols [459,612) | LocalRows=153 | NNZ=0 | ColsGlobal
Rank 38: Grid (4,6) | Rows [612,765) | Cols [918,1071) | LocalRows=153 | NNZ=0 | ColsGlobal
Rank 57: Grid (7,1) | Rows [1071,1224) | Cols [153,306) | LocalRows=153 | NNZ=0 | ColsGlobal
Rank 42: Grid (5,2) | Rows [765,918) | Cols [306,459) | LocalRows=153 | NNZ=0 | ColsGlobal
Rank 23: Grid (2,7) | Rows [306,459) | Cols [1071,1224) | LocalRows=153 | NNZ=0 | ColsGlobal
Rank 52: Grid (6,4) | Rows [918,1071) | Cols [612,765) | LocalRows=153 | NNZ=0 | ColsGlobal
Rank 53: Grid (6,5) | Rows [918,1071) | Cols [765,918) | LocalRows=153 | NNZ=573 | ColsGlobal
Rank 56: Grid (7,0) | Rows [1071,1224) | Cols [0,153) | LocalRows=153 | NNZ=0 | ColsGlobal
Rank 29: Grid (3,5) | Rows [459,612) | Cols [765,918) | LocalRows=153 | NNZ=0 | ColsGlobal
Rank 30: Grid (3,6) | Rows [459,612) | Cols [918,1071) | LocalRows=153 | NNZ=0 | ColsGlobal
Rank 47: Grid (5,7) | Rows [765,918) | Cols [1071,1224) | LocalRows=153 | NNZ=0 | ColsGlobal
Rank 36: Grid (4,4) | Rows [612,765) | Cols [612,765) | LocalRows=153 | NNZ=3121 | ColsGlobal
Rank 59: Grid (7,3) | Rows [1071,1224) | Cols [459,612) | LocalRows=153 | NNZ=0 | ColsGlobal
Rank 44: Grid (5,4) | Rows [765,918) | Cols [612,765) | LocalRows=153 | NNZ=532 | ColsGlobal
Rank 55: Grid (6,7) | Rows [918,1071) | Cols [1071,1224) | LocalRows=153 | NNZ=0 | ColsGlobal
Rank 50: Grid (6,2) | Rows [918,1071) | Cols [306,459) | LocalRows=153 | NNZ=0 | ColsGlobal
Rank 61: Grid (7,5) | Rows [1071,1224) | Cols [765,918) | LocalRows=153 | NNZ=0 | ColsGlobal
Rank 46: Grid (5,6) | Rows [765,918) | Cols [918,1071) | LocalRows=153 | NNZ=0 | ColsGlobal
Rank 31: Grid (3,7) | Rows [459,612) | Cols [1071,1224) | LocalRows=153 | NNZ=0 | ColsGlobal
Rank 58: Grid (7,2) | Rows [1071,1224) | Cols [306,459) | LocalRows=153 | NNZ=0 | ColsGlobal
Rank 45: Grid (5,5) | Rows [765,918) | Cols [765,918) | LocalRows=153 | NNZ=3109 | ColsGlobal
Rank 60: Grid (7,4) | Rows [1071,1224) | Cols [612,765) | LocalRows=153 | NNZ=0 | ColsGlobal
Rank 27: Grid (3,3) | Rows [459,612) | Cols [459,612) | LocalRows=153 | NNZ=3109 | ColsGlobal
Rank 54: Grid (6,6) | Rows [918,1071) | Cols [918,1071) | LocalRows=153 | NNZ=3121 | ColsGlobal
Rank 63: Grid (7,7) | Rows [1071,1224) | Cols [1071,1224) | LocalRows=153 | NNZ=3069 | ColsGlobal
Rank 62: Grid (7,6) | Rows [1071,1224) | Cols [918,1071) | LocalRows=153 | NNZ=532 | ColsGlobal
2D Comm Pattern: grid 8 x 8 | expand ghosts on rank 0: 0
2D: local vector size = 153 (column block), local rows = 153

========================================
COMPREHENSIVE METRICS SUMMARY
========================================
PROCESSES: 64
DISTRIBUTION: 2D
GRID: 8 x 8 (proc_rows x proc_cols)
ITERATIONS: 10
Matrix NNZ: 28675
BALANCE: nnz_local   min=       0  avg=    448.05  max=    3121
COMM:    ghost       min=       0  avg=      0.00  max=       0  | recv_double_avg=      0.00 B
METRICS: t_total     = 6.497e-05  t_comp = 5.364e-06  t_comm = 6.466e-05
         gflops_total= 8.827278e-01  gflops_comp= 1.069081e+01
========================================

[RESULT] 0,64,2D,0,0.000060081,0.000054598,3069,0,6138
[RESULT] 0,64,2D,1,0.000051975,0.000046730,3069,0,6138
[RESULT] 0,64,2D,2,0.000040293,0.000035286,3069,0,6138
[RESULT] 0,64,2D,3,0.000066519,0.000061274,3069,0,6138
[RESULT] 0,64,2D,4,0.000057697,0.000052214,3069,0,6138
[RESULT] 0,64,2D,5,0.000043869,0.000038862,3069,0,6138
[RESULT] 0,64,2D,6,0.000066042,0.000061035,3069,0,6138
[RESULT] 0,64,2D,7,0.000038862,0.000033855,3069,0,6138
[RESULT] 0,64,2D,8,0.000041246,0.000036240,3069,0,6138
[RESULT] 0,64,2D,9,0.000044823,0.000039816,3069,0,6138
Total execution time: 0.033 seconds
