Retrieving the matrix from '../matrices/Andrews.mtx'...
%%MatrixMarket matrix coordinate integer symmetric
60000 60000 410077
Real Matrix: Rows=60000 | Cols=60000 | NNZ=410077 | Procs=128 | Distribution=2D
Rank 8: Grid (0,8) | Rows [0,7500) | Cols [30000,33750) | LocalRows=7500 | NNZ=0 | ColsGlobal
Rank 6: Grid (0,6) | Rows [0,7500) | Cols [22500,26250) | LocalRows=7500 | NNZ=0 | ColsGlobal
Rank 4: Grid (0,4) | Rows [0,7500) | Cols [15000,18750) | LocalRows=7500 | NNZ=0 | ColsGlobal
Rank 7: Grid (0,7) | Rows [0,7500) | Cols [26250,30000) | LocalRows=7500 | NNZ=0 | ColsGlobal
2D Process Grid (Block): 8 x 16 (rows x cols)
Rank 10: Grid (0,10) | Rows [0,7500) | Cols [37500,41250) | LocalRows=7500 | NNZ=0 | ColsGlobal
Rank 9: Grid (0,9) | Rows [0,7500) | Cols [33750,37500) | LocalRows=7500 | NNZ=0 | ColsGlobal
Rank 2: Grid (0,2) | Rows [0,7500) | Cols [7500,11250) | LocalRows=7500 | NNZ=0 | ColsGlobal
Rank 11: Grid (0,11) | Rows [0,7500) | Cols [41250,45000) | LocalRows=7500 | NNZ=0 | ColsGlobal
Rank 3: Grid (0,3) | Rows [0,7500) | Cols [11250,15000) | LocalRows=7500 | NNZ=0 | ColsGlobal
Rank 5: Grid (0,5) | Rows [0,7500) | Cols [18750,22500) | LocalRows=7500 | NNZ=0 | ColsGlobal
Rank 99: Grid (6,3) | Rows [45000,52500) | Cols [11250,15000) | LocalRows=7500 | NNZ=5159 | ColsGlobal
Rank 101: Grid (6,5) | Rows [45000,52500) | Cols [18750,22500) | LocalRows=7500 | NNZ=5274 | ColsGlobal
Rank 97: Grid (6,1) | Rows [45000,52500) | Cols [3750,7500) | LocalRows=7500 | NNZ=5143 | ColsGlobal
Rank 102: Grid (6,6) | Rows [45000,52500) | Cols [22500,26250) | LocalRows=7500 | NNZ=5243 | ColsGlobal
Rank 103: Grid (6,7) | Rows [45000,52500) | Cols [26250,30000) | LocalRows=7500 | NNZ=5309 | ColsGlobal
Rank 98: Grid (6,2) | Rows [45000,52500) | Cols [7500,11250) | LocalRows=7500 | NNZ=5162 | ColsGlobal
Rank 96: Grid (6,0) | Rows [45000,52500) | Cols [0,3750) | LocalRows=7500 | NNZ=5347 | ColsGlobal
Rank 100: Grid (6,4) | Rows [45000,52500) | Cols [15000,18750) | LocalRows=7500 | NNZ=5310 | ColsGlobal
Rank 1: Grid (0,1) | Rows [0,7500) | Cols [3750,7500) | LocalRows=7500 | NNZ=5890 | ColsGlobal
Rank 0: Grid (0,0) | Rows [0,7500) | Cols [0,3750) | LocalRows=7500 | NNZ=8688 | ColsGlobal
Applied 2D block distribution (global column indices preserved)
Rank 95: Grid (5,15) | Rows [37500,45000) | Cols [56250,60000) | LocalRows=7500 | NNZ=0 | ColsGlobal
Rank 93: Grid (5,13) | Rows [37500,45000) | Cols [48750,52500) | LocalRows=7500 | NNZ=0 | ColsGlobal
Rank 127: Grid (7,15) | Rows [52500,60000) | Cols [56250,60000) | LocalRows=7500 | NNZ=6051 | ColsGlobal
Rank 125: Grid (7,13) | Rows [52500,60000) | Cols [48750,52500) | LocalRows=7500 | NNZ=5413 | ColsGlobal
Rank 94: Grid (5,14) | Rows [37500,45000) | Cols [52500,56250) | LocalRows=7500 | NNZ=0 | ColsGlobal
Rank 85: Grid (5,5) | Rows [37500,45000) | Cols [18750,22500) | LocalRows=7500 | NNZ=5506 | ColsGlobal
Rank 120: Grid (7,8) | Rows [52500,60000) | Cols [30000,33750) | LocalRows=7500 | NNZ=5214 | ColsGlobal
Rank 92: Grid (5,12) | Rows [37500,45000) | Cols [45000,48750) | LocalRows=7500 | NNZ=0 | ColsGlobal
Rank 91: Grid (5,11) | Rows [37500,45000) | Cols [41250,45000) | LocalRows=7500 | NNZ=5575 | ColsGlobal
Rank 126: Grid (7,14) | Rows [52500,60000) | Cols [52500,56250) | LocalRows=7500 | NNZ=8253 | ColsGlobal
Rank 123: Grid (7,11) | Rows [52500,60000) | Cols [41250,45000) | LocalRows=7500 | NNZ=5380 | ColsGlobal
Rank 121: Grid (7,9) | Rows [52500,60000) | Cols [33750,37500) | LocalRows=7500 | NNZ=5223 | ColsGlobal
Rank 89: Grid (5,9) | Rows [37500,45000) | Cols [33750,37500) | LocalRows=7500 | NNZ=5450 | ColsGlobal
Rank 90: Grid (5,10) | Rows [37500,45000) | Cols [37500,41250) | LocalRows=7500 | NNZ=8193 | ColsGlobal
Rank 86: Grid (5,6) | Rows [37500,45000) | Cols [22500,26250) | LocalRows=7500 | NNZ=5349 | ColsGlobal
Rank 122: Grid (7,10) | Rows [52500,60000) | Cols [37500,41250) | LocalRows=7500 | NNZ=5083 | ColsGlobal
Rank 83: Grid (5,3) | Rows [37500,45000) | Cols [11250,15000) | LocalRows=7500 | NNZ=5331 | ColsGlobal
Rank 84: Grid (5,4) | Rows [37500,45000) | Cols [15000,18750) | LocalRows=7500 | NNZ=5301 | ColsGlobal
Rank 82: Grid (5,2) | Rows [37500,45000) | Cols [7500,11250) | LocalRows=7500 | NNZ=5200 | ColsGlobal
Rank 124: Grid (7,12) | Rows [52500,60000) | Cols [45000,48750) | LocalRows=7500 | NNZ=5376 | ColsGlobal
Rank 118: Grid (7,6) | Rows [52500,60000) | Cols [22500,26250) | LocalRows=7500 | NNZ=5205 | ColsGlobal
Rank 119: Grid (7,7) | Rows [52500,60000) | Cols [26250,30000) | LocalRows=7500 | NNZ=5325 | ColsGlobal
Rank 88: Grid (5,8) | Rows [37500,45000) | Cols [30000,33750) | LocalRows=7500 | NNZ=5456 | ColsGlobal
Rank 87: Grid (5,7) | Rows [37500,45000) | Cols [26250,30000) | LocalRows=7500 | NNZ=5067 | ColsGlobal
Rank 117: Grid (7,5) | Rows [52500,60000) | Cols [18750,22500) | LocalRows=7500 | NNZ=5433 | ColsGlobal
Rank 81: Grid (5,1) | Rows [37500,45000) | Cols [3750,7500) | LocalRows=7500 | NNZ=5343 | ColsGlobal
Rank 116: Grid (7,4) | Rows [52500,60000) | Cols [15000,18750) | LocalRows=7500 | NNZ=5374 | ColsGlobal
Rank 80: Grid (5,0) | Rows [37500,45000) | Cols [0,3750) | LocalRows=7500 | NNZ=5454 | ColsGlobal
Rank 115: Grid (7,3) | Rows [52500,60000) | Cols [11250,15000) | LocalRows=7500 | NNZ=4974 | ColsGlobal
Rank 114: Grid (7,2) | Rows [52500,60000) | Cols [7500,11250) | LocalRows=7500 | NNZ=5340 | ColsGlobal
Rank 79: Grid (4,15) | Rows [30000,37500) | Cols [56250,60000) | LocalRows=7500 | NNZ=0 | ColsGlobal
Rank 113: Grid (7,1) | Rows [52500,60000) | Cols [3750,7500) | LocalRows=7500 | NNZ=5334 | ColsGlobal
Rank 112: Grid (7,0) | Rows [52500,60000) | Cols [0,3750) | LocalRows=7500 | NNZ=5632 | ColsGlobal
Rank 78: Grid (4,14) | Rows [30000,37500) | Cols [52500,56250) | LocalRows=7500 | NNZ=0 | ColsGlobal
Rank 110: Grid (6,14) | Rows [45000,52500) | Cols [52500,56250) | LocalRows=7500 | NNZ=0 | ColsGlobal
Rank 111: Grid (6,15) | Rows [45000,52500) | Cols [56250,60000) | LocalRows=7500 | NNZ=0 | ColsGlobal
Rank 108: Grid (6,12) | Rows [45000,52500) | Cols [45000,48750) | LocalRows=7500 | NNZ=8142 | ColsGlobal
Rank 51: Grid (3,3) | Rows [22500,30000) | Cols [11250,15000) | LocalRows=7500 | NNZ=5199 | ColsGlobal
Rank 77: Grid (4,13) | Rows [30000,37500) | Cols [48750,52500) | LocalRows=7500 | NNZ=0 | ColsGlobal
Rank 50: Grid (3,2) | Rows [22500,30000) | Cols [7500,11250) | LocalRows=7500 | NNZ=5114 | ColsGlobal
Rank 75: Grid (4,11) | Rows [30000,37500) | Cols [41250,45000) | LocalRows=7500 | NNZ=0 | ColsGlobal
Rank 106: Grid (6,10) | Rows [45000,52500) | Cols [37500,41250) | LocalRows=7500 | NNZ=5324 | ColsGlobal
Rank 105: Grid (6,9) | Rows [45000,52500) | Cols [33750,37500) | LocalRows=7500 | NNZ=5127 | ColsGlobal
Rank 76: Grid (4,12) | Rows [30000,37500) | Cols [45000,48750) | LocalRows=7500 | NNZ=0 | ColsGlobal
Rank 107: Grid (6,11) | Rows [45000,52500) | Cols [41250,45000) | LocalRows=7500 | NNZ=5171 | ColsGlobal
Rank 12: Grid (0,12) | Rows [0,7500) | Cols [45000,48750) | LocalRows=7500 | NNZ=0 | ColsGlobal
Rank 109: Grid (6,13) | Rows [45000,52500) | Cols [48750,52500) | LocalRows=7500 | NNZ=5697 | ColsGlobal
Rank 29: Grid (1,13) | Rows [7500,15000) | Cols [48750,52500) | LocalRows=7500 | NNZ=0 | ColsGlobal
Rank 13: Grid (0,13) | Rows [0,7500) | Cols [48750,52500) | LocalRows=7500 | NNZ=0 | ColsGlobal
Rank 16: Grid (1,0) | Rows [7500,15000) | Cols [0,3750) | LocalRows=7500 | NNZ=5406 | ColsGlobal
Rank 28: Grid (1,12) | Rows [7500,15000) | Cols [45000,48750) | LocalRows=7500 | NNZ=0 | ColsGlobal
Rank 49: Grid (3,1) | Rows [22500,30000) | Cols [3750,7500) | LocalRows=7500 | NNZ=5100 | ColsGlobal
Rank 72: Grid (4,8) | Rows [30000,37500) | Cols [30000,33750) | LocalRows=7500 | NNZ=8288 | ColsGlobal
Rank 104: Grid (6,8) | Rows [45000,52500) | Cols [30000,33750) | LocalRows=7500 | NNZ=5317 | ColsGlobal
Rank 73: Grid (4,9) | Rows [30000,37500) | Cols [33750,37500) | LocalRows=7500 | NNZ=5685 | ColsGlobal
Rank 35: Grid (2,3) | Rows [15000,22500) | Cols [11250,15000) | LocalRows=7500 | NNZ=5211 | ColsGlobal
Rank 27: Grid (1,11) | Rows [7500,15000) | Cols [41250,45000) | LocalRows=7500 | NNZ=0 | ColsGlobal
Rank 52: Grid (3,4) | Rows [22500,30000) | Cols [15000,18750) | LocalRows=7500 | NNZ=5226 | ColsGlobal
Rank 17: Grid (1,1) | Rows [7500,15000) | Cols [3750,7500) | LocalRows=7500 | NNZ=5540 | ColsGlobal
Rank 48: Grid (3,0) | Rows [22500,30000) | Cols [0,3750) | LocalRows=7500 | NNZ=5306 | ColsGlobal
Rank 56: Grid (3,8) | Rows [22500,30000) | Cols [30000,33750) | LocalRows=7500 | NNZ=0 | ColsGlobal
Rank 74: Grid (4,10) | Rows [30000,37500) | Cols [37500,41250) | LocalRows=7500 | NNZ=0 | ColsGlobal
Rank 26: Grid (1,10) | Rows [7500,15000) | Cols [37500,41250) | LocalRows=7500 | NNZ=0 | ColsGlobal
Rank 47: Grid (2,15) | Rows [15000,22500) | Cols [56250,60000) | LocalRows=7500 | NNZ=0 | ColsGlobal
Rank 14: Grid (0,14) | Rows [0,7500) | Cols [52500,56250) | LocalRows=7500 | NNZ=0 | ColsGlobal
Rank 15: Grid (0,15) | Rows [0,7500) | Cols [56250,60000) | LocalRows=7500 | NNZ=0 | ColsGlobal
Rank 59: Grid (3,11) | Rows [22500,30000) | Cols [41250,45000) | LocalRows=7500 | NNZ=0 | ColsGlobal
Rank 71: Grid (4,7) | Rows [30000,37500) | Cols [26250,30000) | LocalRows=7500 | NNZ=5193 | ColsGlobal
Rank 30: Grid (1,14) | Rows [7500,15000) | Cols [52500,56250) | LocalRows=7500 | NNZ=0 | ColsGlobal
Rank 31: Grid (1,15) | Rows [7500,15000) | Cols [56250,60000) | LocalRows=7500 | NNZ=0 | ColsGlobal
Rank 34: Grid (2,2) | Rows [15000,22500) | Cols [7500,11250) | LocalRows=7500 | NNZ=5471 | ColsGlobal
Rank 20: Grid (1,4) | Rows [7500,15000) | Cols [15000,18750) | LocalRows=7500 | NNZ=0 | ColsGlobal
Rank 70: Grid (4,6) | Rows [30000,37500) | Cols [22500,26250) | LocalRows=7500 | NNZ=5267 | ColsGlobal
Rank 33: Grid (2,1) | Rows [15000,22500) | Cols [3750,7500) | LocalRows=7500 | NNZ=5336 | ColsGlobal
Rank 38: Grid (2,6) | Rows [15000,22500) | Cols [22500,26250) | LocalRows=7500 | NNZ=0 | ColsGlobal
Rank 25: Grid (1,9) | Rows [7500,15000) | Cols [33750,37500) | LocalRows=7500 | NNZ=0 | ColsGlobal
Rank 46: Grid (2,14) | Rows [15000,22500) | Cols [52500,56250) | LocalRows=7500 | NNZ=0 | ColsGlobal
Rank 22: Grid (1,6) | Rows [7500,15000) | Cols [22500,26250) | LocalRows=7500 | NNZ=0 | ColsGlobal
Rank 58: Grid (3,10) | Rows [22500,30000) | Cols [37500,41250) | LocalRows=7500 | NNZ=0 | ColsGlobal
Rank 45: Grid (2,13) | Rows [15000,22500) | Cols [48750,52500) | LocalRows=7500 | NNZ=0 | ColsGlobal
Rank 42: Grid (2,10) | Rows [15000,22500) | Cols [37500,41250) | LocalRows=7500 | NNZ=0 | ColsGlobal
Rank 43: Grid (2,11) | Rows [15000,22500) | Cols [41250,45000) | LocalRows=7500 | NNZ=0 | ColsGlobal
Rank 18: Grid (1,2) | Rows [7500,15000) | Cols [7500,11250) | LocalRows=7500 | NNZ=8365 | ColsGlobal
Rank 57: Grid (3,9) | Rows [22500,30000) | Cols [33750,37500) | LocalRows=7500 | NNZ=0 | ColsGlobal
Rank 24: Grid (1,8) | Rows [7500,15000) | Cols [30000,33750) | LocalRows=7500 | NNZ=0 | ColsGlobal
Rank 55: Grid (3,7) | Rows [22500,30000) | Cols [26250,30000) | LocalRows=7500 | NNZ=5676 | ColsGlobal
Rank 54: Grid (3,6) | Rows [22500,30000) | Cols [22500,26250) | LocalRows=7500 | NNZ=8460 | ColsGlobal
Rank 32: Grid (2,0) | Rows [15000,22500) | Cols [0,3750) | LocalRows=7500 | NNZ=5432 | ColsGlobal
Rank 44: Grid (2,12) | Rows [15000,22500) | Cols [45000,48750) | LocalRows=7500 | NNZ=0 | ColsGlobal
Rank 60: Grid (3,12) | Rows [22500,30000) | Cols [45000,48750) | LocalRows=7500 | NNZ=0 | ColsGlobal
Rank 64: Grid (4,0) | Rows [30000,37500) | Cols [0,3750) | LocalRows=7500 | NNZ=5387 | ColsGlobal
Rank 41: Grid (2,9) | Rows [15000,22500) | Cols [33750,37500) | LocalRows=7500 | NNZ=0 | ColsGlobal
Rank 68: Grid (4,4) | Rows [30000,37500) | Cols [15000,18750) | LocalRows=7500 | NNZ=5406 | ColsGlobal
Rank 40: Grid (2,8) | Rows [15000,22500) | Cols [30000,33750) | LocalRows=7500 | NNZ=0 | ColsGlobal
Rank 62: Grid (3,14) | Rows [22500,30000) | Cols [52500,56250) | LocalRows=7500 | NNZ=0 | ColsGlobal
Rank 39: Grid (2,7) | Rows [15000,22500) | Cols [26250,30000) | LocalRows=7500 | NNZ=0 | ColsGlobal
Rank 19: Grid (1,3) | Rows [7500,15000) | Cols [11250,15000) | LocalRows=7500 | NNZ=5917 | ColsGlobal
Rank 21: Grid (1,5) | Rows [7500,15000) | Cols [18750,22500) | LocalRows=7500 | NNZ=0 | ColsGlobal
Rank 61: Grid (3,13) | Rows [22500,30000) | Cols [48750,52500) | LocalRows=7500 | NNZ=0 | ColsGlobal
Rank 63: Grid (3,15) | Rows [22500,30000) | Cols [56250,60000) | LocalRows=7500 | NNZ=0 | ColsGlobal
Rank 23: Grid (1,7) | Rows [7500,15000) | Cols [26250,30000) | LocalRows=7500 | NNZ=0 | ColsGlobal
Rank 53: Grid (3,5) | Rows [22500,30000) | Cols [18750,22500) | LocalRows=7500 | NNZ=5609 | ColsGlobal
Rank 37: Grid (2,5) | Rows [15000,22500) | Cols [18750,22500) | LocalRows=7500 | NNZ=5812 | ColsGlobal
Rank 69: Grid (4,5) | Rows [30000,37500) | Cols [18750,22500) | LocalRows=7500 | NNZ=5422 | ColsGlobal
Rank 66: Grid (4,2) | Rows [30000,37500) | Cols [7500,11250) | LocalRows=7500 | NNZ=5277 | ColsGlobal
Rank 67: Grid (4,3) | Rows [30000,37500) | Cols [11250,15000) | LocalRows=7500 | NNZ=5396 | ColsGlobal
Rank 65: Grid (4,1) | Rows [30000,37500) | Cols [3750,7500) | LocalRows=7500 | NNZ=5205 | ColsGlobal
Rank 36: Grid (2,4) | Rows [15000,22500) | Cols [15000,18750) | LocalRows=7500 | NNZ=8233 | ColsGlobal
2D Comm Pattern: grid 8 x 16 | expand ghosts on rank 0: 0
2D: local vector size = 3750 (column block), local rows = 7500

========================================
COMPREHENSIVE METRICS SUMMARY
========================================
PROCESSES: 128
DISTRIBUTION: 2D
GRID: 8 x 16 (proc_rows x proc_cols)
ITERATIONS: 10
Matrix NNZ: 410077
BALANCE: nnz_local   min=       0  avg=   3203.73  max=    8688
COMM:    ghost       min=       0  avg=      0.00  max=       0  | recv_double_avg=      0.00 B
METRICS: t_total     = 6.450e-04  t_comp = 6.945e-05  t_comm = 6.153e-04
         gflops_total= 1.271475e+00  gflops_comp= 1.180905e+01
========================================

[RESULT] 0,128,2D,0,0.000486135,0.000422716,8688,0,17376
[RESULT] 0,128,2D,1,0.000482798,0.000420332,8688,0,17376
[RESULT] 0,128,2D,2,0.000550032,0.000488281,8688,0,17376
[RESULT] 0,128,2D,3,0.000437975,0.000375509,8688,0,17376
[RESULT] 0,128,2D,4,0.000546217,0.000483990,8688,0,17376
[RESULT] 0,128,2D,5,0.000509977,0.000447989,8688,0,17376
[RESULT] 0,128,2D,6,0.000512600,0.000450134,8688,0,17376
[RESULT] 0,128,2D,7,0.000537157,0.000474215,8688,0,17376
[RESULT] 0,128,2D,8,0.000491142,0.000429153,8688,0,17376
[RESULT] 0,128,2D,9,0.000454426,0.000391960,8688,0,17376
Total execution time: 0.573 seconds
