Retrieving the matrix from '../matrices/1138_bus.mtx'...
%%MatrixMarket matrix coordinate real symmetric
1138 1138 2596
Real Matrix: Rows=1138 | Cols=1138 | NNZ=2596 | Procs=8 | Distribution=2D
2D Process Grid (Block): 2 x 4 (rows x cols)
Rank 1: Grid (0,1) | Rows [0,569) | Cols [285,570) | LocalRows=569 | NNZ=566 | ColsGlobal
Rank 4: Grid (1,0) | Rows [569,1138) | Cols [0,285) | LocalRows=569 | NNZ=36 | ColsGlobal
Rank 3: Grid (0,3) | Rows [0,569) | Cols [855,1138) | LocalRows=569 | NNZ=0 | ColsGlobal
Rank 2: Grid (0,2) | Rows [0,569) | Cols [570,855) | LocalRows=569 | NNZ=0 | ColsGlobal
Rank 5: Grid (1,1) | Rows [569,1138) | Cols [285,570) | LocalRows=569 | NNZ=106 | ColsGlobal
Rank 7: Grid (1,3) | Rows [569,1138) | Cols [855,1138) | LocalRows=569 | NNZ=551 | ColsGlobal
Rank 0: Grid (0,0) | Rows [0,569) | Cols [0,285) | LocalRows=569 | NNZ=723 | ColsGlobal
Applied 2D block distribution (global column indices preserved)
Rank 6: Grid (1,2) | Rows [569,1138) | Cols [570,855) | LocalRows=569 | NNZ=614 | ColsGlobal
2D Comm Pattern: grid 2 x 4 | expand ghosts on rank 0: 0
2D: local vector size = 285 (column block), local rows = 569

========================================
COMPREHENSIVE METRICS SUMMARY
========================================
PROCESSES: 8
DISTRIBUTION: 2D
GRID: 2 x 4 (proc_rows x proc_cols)
ITERATIONS: 10
Matrix NNZ: 2596
BALANCE: nnz_local   min=       0  avg=    324.50  max=     723
COMM:    ghost       min=       0  avg=      0.00  max=       0  | recv_double_avg=      0.00 B
METRICS: t_total     = 1.572e-04  t_comp = 5.913e-06  t_comm = 1.565e-04
         gflops_total= 3.303523e-02  gflops_comp= 8.780978e-01
========================================

[RESULT] 0,8,2D,0,0.000133514,0.000123978,723,0,1446
[RESULT] 0,8,2D,1,0.000118256,0.000111103,723,0,1446
[RESULT] 0,8,2D,2,0.000125647,0.000119686,723,0,1446
[RESULT] 0,8,2D,3,0.000135183,0.000129700,723,0,1446
[RESULT] 0,8,2D,4,0.000134945,0.000129461,723,0,1446
[RESULT] 0,8,2D,5,0.000124216,0.000119209,723,0,1446
[RESULT] 0,8,2D,6,0.000138760,0.000133753,723,0,1446
[RESULT] 0,8,2D,7,0.000128746,0.000123501,723,0,1446
[RESULT] 0,8,2D,8,0.000129938,0.000124693,723,0,1446
[RESULT] 0,8,2D,9,0.000114918,0.000109911,723,0,1446
Total execution time: 0.010 seconds
