Retrieving the matrix from '../matrices/1138_bus.mtx'...
%%MatrixMarket matrix coordinate real symmetric
1138 1138 2596
Real Matrix: Rows=1138 | Cols=1138 | NNZ=2596 | Procs=8 | Distribution=2D
Rank 1: Grid (0,1) | Rows [0,569) | Cols [285,570) | LocalRows=569 | NNZ=566 | ColsGlobal
2D Process Grid (Block): 2 x 4 (rows x cols)
Rank 0: Grid (0,0) | Rows [0,569) | Cols [0,285) | LocalRows=569 | NNZ=723 | ColsGlobal
Applied 2D block distribution (global column indices preserved)
Rank 2: Grid (0,2) | Rows [0,569) | Cols [570,855) | LocalRows=569 | NNZ=0 | ColsGlobal
Rank 3: Grid (0,3) | Rows [0,569) | Cols [855,1138) | LocalRows=569 | NNZ=0 | ColsGlobal
Rank 4: Grid (1,0) | Rows [569,1138) | Cols [0,285) | LocalRows=569 | NNZ=36 | ColsGlobal
Rank 5: Grid (1,1) | Rows [569,1138) | Cols [285,570) | LocalRows=569 | NNZ=106 | ColsGlobal
Rank 7: Grid (1,3) | Rows [569,1138) | Cols [855,1138) | LocalRows=569 | NNZ=551 | ColsGlobal
Rank 6: Grid (1,2) | Rows [569,1138) | Cols [570,855) | LocalRows=569 | NNZ=614 | ColsGlobal
2D Comm Pattern: grid 2 x 4 | expand ghosts on rank 0: 0
2D: local vector size = 285 (column block), local rows = 569

========================================
COMPREHENSIVE METRICS SUMMARY
========================================
PROCESSES: 8
DISTRIBUTION: 2D
GRID: 2 x 4 (proc_rows x proc_cols)
ITERATIONS: 10
Matrix NNZ: 2596
BALANCE: nnz_local   min=       0  avg=    324.50  max=     723
COMM:    ghost       min=       0  avg=      0.00  max=       0  | recv_double_avg=      0.00 B
METRICS: t_total     = 6.576e-02  t_comp = 9.762e-03  t_comm = 5.770e-02
         gflops_total= 7.895318e-05  gflops_comp= 5.318699e-04
========================================

[RESULT] 0,8,2D,0,0.105062485,0.105050564,723,0,1446
[RESULT] 0,8,2D,1,0.078612089,0.078597546,723,0,1446
[RESULT] 0,8,2D,2,0.056645393,0.056633234,723,0,1446
[RESULT] 0,8,2D,3,0.066808939,0.066796541,723,0,1446
[RESULT] 0,8,2D,4,0.028030634,0.028013468,723,0,1446
[RESULT] 0,8,2D,5,0.024940729,0.024915934,723,0,1446
[RESULT] 0,8,2D,6,0.029654026,0.029642105,723,0,1446
[RESULT] 0,8,2D,7,0.019104481,0.019093275,723,0,1446
[RESULT] 0,8,2D,8,0.063666582,0.063654184,723,0,1446
[RESULT] 0,8,2D,9,0.032629013,0.032600880,723,0,1446
Total execution time: 1.467 seconds
