Retrieving the matrix from '../matrices/bcsstk27.mtx'...
%%MatrixMarket matrix coordinate real symmetric
1224 1224 28675
Real Matrix: Rows=1224 | Cols=1224 | NNZ=28675 | Procs=1 | Distribution=1D
Applied 1D distribution
Ghost columns identified: 0 total ghost values needed
Local vector initialized (size=1224 per process)

========================================
COMPREHENSIVE METRICS SUMMARY
========================================
PROCESSES: 1
DISTRIBUTION: 1D
ITERATIONS: 10
Matrix NNZ: 28675
BALANCE: nnz_local   min=   28675  avg=  28675.00  max=   28675
COMM:    ghost       min=       0  avg=      0.00  max=       0  | recv_double_avg=      0.00 B
METRICS: t_total     = 8.461e-05  t_comp = 8.433e-05  t_comm = 2.861e-07
         gflops_total= 6.777778e-01  gflops_comp= 6.800773e-01
========================================

[RESULT] 0,1,1D,0,0.000085831,0.000000477,28675,0,57350
[RESULT] 0,1,1D,1,0.000084639,0.000000238,28675,0,57350
[RESULT] 0,1,1D,2,0.000084639,0.000000238,28675,0,57350
[RESULT] 0,1,1D,3,0.000084639,0.000000238,28675,0,57350
[RESULT] 0,1,1D,4,0.000084400,0.000000238,28675,0,57350
[RESULT] 0,1,1D,5,0.000084162,0.000000238,28675,0,57350
[RESULT] 0,1,1D,6,0.000084639,0.000000238,28675,0,57350
[RESULT] 0,1,1D,7,0.000084400,0.000000238,28675,0,57350
[RESULT] 0,1,1D,8,0.000084400,0.000000477,28675,0,57350
[RESULT] 0,1,1D,9,0.000084400,0.000000238,28675,0,57350
Total execution time: 0.155 seconds
