Retrieving the matrix from '../matrices/1138_bus.mtx'...
%%MatrixMarket matrix coordinate real symmetric
1138 1138 2596
Real Matrix: Rows=1138 | Cols=1138 | NNZ=2596 | Procs=8 | Distribution=1D
Applied 1D distribution
Ghost columns identified: 139 total ghost values needed
Local vector initialized (size=143 per process)

========================================
COMPREHENSIVE METRICS SUMMARY
========================================
PROCESSES: 8
DISTRIBUTION: 1D
ITERATIONS: 10
Matrix NNZ: 2596
BALANCE: nnz_local   min=     292  avg=    324.50  max=     343
COMM:    ghost       min=     131  avg=    150.75  max=     162  | recv_double_avg=   1206.00 B
METRICS: t_total     = 8.845e-05  t_comp = 7.749e-06  t_comm = 8.676e-05
         gflops_total= 5.869765e-02  gflops_comp= 6.700562e-01
========================================

[RESULT] 0,8,1D,0,0.000056267,0.000049591,322,139,644
[RESULT] 0,8,1D,1,0.000082731,0.000078201,322,139,644
[RESULT] 0,8,1D,2,0.000067949,0.000064611,322,139,644
[RESULT] 0,8,1D,3,0.000070333,0.000067234,322,139,644
[RESULT] 0,8,1D,4,0.000074625,0.000071764,322,139,644
[RESULT] 0,8,1D,5,0.000069857,0.000067234,322,139,644
[RESULT] 0,8,1D,6,0.000069141,0.000066519,322,139,644
[RESULT] 0,8,1D,7,0.000069141,0.000066519,322,139,644
[RESULT] 0,8,1D,8,0.000069618,0.000066996,322,139,644
[RESULT] 0,8,1D,9,0.000067234,0.000064611,322,139,644
Total execution time: 0.009 seconds
