Retrieving the matrix from '../matrices/bcsstk27.mtx'...
%%MatrixMarket matrix coordinate real symmetric
1224 1224 28675
Real Matrix: Rows=1224 | Cols=1224 | NNZ=28675 | Procs=128 | Distribution=2D_cyclic
2D Process Grid (Cyclic): 8 x 16
Rank 0: Grid (0,0) | Local rows=153 | NNZ=264 | ColsGlobal
Applied 2D cyclic distribution (global column indices preserved)
Rank 8: Grid (0,8) | Local rows=153 | NNZ=266 | ColsGlobal
Rank 64: Grid (4,0) | Local rows=153 | NNZ=214 | ColsGlobal
Rank 2: Grid (0,2) | Local rows=153 | NNZ=192 | ColsGlobal
Rank 4: Grid (0,4) | Local rows=153 | NNZ=215 | ColsGlobal
Rank 32: Grid (2,0) | Local rows=153 | NNZ=241 | ColsGlobal
Rank 10: Grid (0,10) | Local rows=153 | NNZ=195 | ColsGlobal
Rank 16: Grid (1,0) | Local rows=153 | NNZ=242 | ColsGlobal
Rank 12: Grid (0,12) | Local rows=153 | NNZ=218 | ColsGlobal
Rank 24: Grid (1,8) | Local rows=153 | NNZ=243 | ColsGlobal
Rank 66: Grid (4,2) | Local rows=153 | NNZ=242 | ColsGlobal
Rank 68: Grid (4,4) | Local rows=153 | NNZ=264 | ColsGlobal
Rank 72: Grid (4,8) | Local rows=153 | NNZ=217 | ColsGlobal
Rank 18: Grid (1,2) | Local rows=153 | NNZ=187 | ColsGlobal
Rank 20: Grid (1,4) | Local rows=153 | NNZ=193 | ColsGlobal
Rank 34: Grid (2,2) | Local rows=153 | NNZ=263 | ColsGlobal
Rank 40: Grid (2,8) | Local rows=153 | NNZ=241 | ColsGlobal
Rank 48: Grid (3,0) | Local rows=153 | NNZ=214 | ColsGlobal
Rank 80: Grid (5,0) | Local rows=153 | NNZ=190 | ColsGlobal
Rank 96: Grid (6,0) | Local rows=153 | NNZ=191 | ColsGlobal
Rank 6: Grid (0,6) | Local rows=153 | NNZ=243 | ColsGlobal
Rank 26: Grid (1,10) | Local rows=153 | NNZ=188 | ColsGlobal
Rank 36: Grid (2,4) | Local rows=153 | NNZ=192 | ColsGlobal
Rank 56: Grid (3,8) | Local rows=153 | NNZ=217 | ColsGlobal
Rank 70: Grid (4,6) | Local rows=153 | NNZ=193 | ColsGlobal
Rank 74: Grid (4,10) | Local rows=153 | NNZ=242 | ColsGlobal
Rank 84: Grid (5,4) | Local rows=153 | NNZ=242 | ColsGlobal
Rank 88: Grid (5,8) | Local rows=153 | NNZ=197 | ColsGlobal
Rank 14: Grid (0,14) | Local rows=153 | NNZ=243 | ColsGlobal
Rank 22: Grid (1,6) | Local rows=153 | NNZ=216 | ColsGlobal
Rank 28: Grid (1,12) | Local rows=153 | NNZ=195 | ColsGlobal
Rank 38: Grid (2,6) | Local rows=153 | NNZ=215 | ColsGlobal
Rank 42: Grid (2,10) | Local rows=153 | NNZ=262 | ColsGlobal
Rank 44: Grid (2,12) | Local rows=153 | NNZ=193 | ColsGlobal
Rank 50: Grid (3,2) | Local rows=153 | NNZ=242 | ColsGlobal
Rank 52: Grid (3,4) | Local rows=153 | NNZ=188 | ColsGlobal
Rank 76: Grid (4,12) | Local rows=153 | NNZ=264 | ColsGlobal
Rank 82: Grid (5,2) | Local rows=153 | NNZ=214 | ColsGlobal
Rank 98: Grid (6,2) | Local rows=153 | NNZ=215 | ColsGlobal
Rank 100: Grid (6,4) | Local rows=153 | NNZ=243 | ColsGlobal
Rank 104: Grid (6,8) | Local rows=153 | NNZ=196 | ColsGlobal
Rank 112: Grid (7,0) | Local rows=153 | NNZ=188 | ColsGlobal
Rank 30: Grid (1,14) | Local rows=153 | NNZ=216 | ColsGlobal
Rank 46: Grid (2,14) | Local rows=153 | NNZ=215 | ColsGlobal
Rank 58: Grid (3,10) | Local rows=153 | NNZ=242 | ColsGlobal
Rank 60: Grid (3,12) | Local rows=153 | NNZ=187 | ColsGlobal
Rank 78: Grid (4,14) | Local rows=153 | NNZ=192 | ColsGlobal
Rank 86: Grid (5,6) | Local rows=153 | NNZ=191 | ColsGlobal
Rank 90: Grid (5,10) | Local rows=153 | NNZ=217 | ColsGlobal
Rank 92: Grid (5,12) | Local rows=153 | NNZ=243 | ColsGlobal
Rank 102: Grid (6,6) | Local rows=153 | NNZ=268 | ColsGlobal
Rank 106: Grid (6,10) | Local rows=153 | NNZ=216 | ColsGlobal
Rank 108: Grid (6,12) | Local rows=153 | NNZ=243 | ColsGlobal
Rank 54: Grid (3,6) | Local rows=153 | NNZ=194 | ColsGlobal
Rank 62: Grid (3,14) | Local rows=153 | NNZ=192 | ColsGlobal
Rank 94: Grid (5,14) | Local rows=153 | NNZ=186 | ColsGlobal
Rank 110: Grid (6,14) | Local rows=153 | NNZ=263 | ColsGlobal
Rank 114: Grid (7,2) | Local rows=153 | NNZ=194 | ColsGlobal
Rank 116: Grid (7,4) | Local rows=153 | NNZ=217 | ColsGlobal
Rank 120: Grid (7,8) | Local rows=153 | NNZ=191 | ColsGlobal
Rank 118: Grid (7,6) | Local rows=153 | NNZ=245 | ColsGlobal
Rank 122: Grid (7,10) | Local rows=153 | NNZ=196 | ColsGlobal
Rank 124: Grid (7,12) | Local rows=153 | NNZ=219 | ColsGlobal
Rank 126: Grid (7,14) | Local rows=153 | NNZ=244 | ColsGlobal
Rank 65: Grid (4,1) | Local rows=153 | NNZ=241 | ColsGlobal
Rank 67: Grid (4,3) | Local rows=153 | NNZ=263 | ColsGlobal
Rank 69: Grid (4,5) | Local rows=153 | NNZ=192 | ColsGlobal
Rank 73: Grid (4,9) | Local rows=153 | NNZ=242 | ColsGlobal
Rank 75: Grid (4,11) | Local rows=153 | NNZ=264 | ColsGlobal
Rank 77: Grid (4,13) | Local rows=153 | NNZ=193 | ColsGlobal
Rank 81: Grid (5,1) | Local rows=153 | NNZ=212 | ColsGlobal
Rank 71: Grid (4,7) | Local rows=153 | NNZ=215 | ColsGlobal
Rank 83: Grid (5,3) | Local rows=153 | NNZ=240 | ColsGlobal
Rank 85: Grid (5,5) | Local rows=153 | NNZ=266 | ColsGlobal
Rank 89: Grid (5,9) | Local rows=153 | NNZ=217 | ColsGlobal
Rank 79: Grid (4,15) | Local rows=153 | NNZ=212 | ColsGlobal
Rank 87: Grid (5,7) | Local rows=153 | NNZ=197 | ColsGlobal
Rank 91: Grid (5,11) | Local rows=153 | NNZ=243 | ColsGlobal
Rank 93: Grid (5,13) | Local rows=153 | NNZ=263 | ColsGlobal
Rank 95: Grid (5,15) | Local rows=153 | NNZ=189 | ColsGlobal
Rank 97: Grid (6,1) | Local rows=153 | NNZ=213 | ColsGlobal
Rank 101: Grid (6,5) | Local rows=153 | NNZ=266 | ColsGlobal
Rank 117: Grid (7,5) | Local rows=153 | NNZ=243 | ColsGlobal
Rank 105: Grid (6,9) | Local rows=153 | NNZ=216 | ColsGlobal
Rank 119: Grid (7,7) | Local rows=153 | NNZ=268 | ColsGlobal
Rank 99: Grid (6,3) | Local rows=153 | NNZ=242 | ColsGlobal
Rank 109: Grid (6,13) | Local rows=153 | NNZ=264 | ColsGlobal
Rank 103: Grid (6,7) | Local rows=153 | NNZ=197 | ColsGlobal
Rank 107: Grid (6,11) | Local rows=153 | NNZ=243 | ColsGlobal
Rank 111: Grid (6,15) | Local rows=153 | NNZ=190 | ColsGlobal
Rank 125: Grid (7,13) | Local rows=153 | NNZ=244 | ColsGlobal
Rank 127: Grid (7,15) | Local rows=153 | NNZ=263 | ColsGlobal
Rank 1: Grid (0,1) | Local rows=153 | NNZ=191 | ColsGlobal
Rank 3: Grid (0,3) | Local rows=153 | NNZ=214 | ColsGlobal
Rank 9: Grid (0,9) | Local rows=153 | NNZ=195 | ColsGlobal
Rank 17: Grid (1,1) | Local rows=153 | NNZ=264 | ColsGlobal
Rank 11: Grid (0,11) | Local rows=153 | NNZ=218 | ColsGlobal
Rank 49: Grid (3,1) | Local rows=153 | NNZ=241 | ColsGlobal
Rank 41: Grid (2,9) | Local rows=153 | NNZ=262 | ColsGlobal
Rank 19: Grid (1,3) | Local rows=153 | NNZ=192 | ColsGlobal
Rank 43: Grid (2,11) | Local rows=153 | NNZ=193 | ColsGlobal
Rank 13: Grid (0,13) | Local rows=153 | NNZ=243 | ColsGlobal
Rank 51: Grid (3,3) | Local rows=153 | NNZ=264 | ColsGlobal
Rank 53: Grid (3,5) | Local rows=153 | NNZ=194 | ColsGlobal
Rank 15: Grid (0,15) | Local rows=153 | NNZ=262 | ColsGlobal
Rank 29: Grid (1,13) | Local rows=153 | NNZ=217 | ColsGlobal
Rank 55: Grid (3,7) | Local rows=153 | NNZ=215 | ColsGlobal
Rank 45: Grid (2,13) | Local rows=153 | NNZ=216 | ColsGlobal
Rank 47: Grid (2,15) | Local rows=153 | NNZ=238 | ColsGlobal
Rank 31: Grid (1,15) | Local rows=153 | NNZ=239 | ColsGlobal
Rank 61: Grid (3,13) | Local rows=153 | NNZ=193 | ColsGlobal
Rank 63: Grid (3,15) | Local rows=153 | NNZ=212 | ColsGlobal
Rank 25: Grid (1,9) | Local rows=153 | NNZ=264 | ColsGlobal
Rank 121: Grid (7,9) | Local rows=153 | NNZ=196 | ColsGlobal
Rank 27: Grid (1,11) | Local rows=153 | NNZ=195 | ColsGlobal
Rank 123: Grid (7,11) | Local rows=153 | NNZ=219 | ColsGlobal
Rank 21: Grid (1,5) | Local rows=153 | NNZ=215 | ColsGlobal
Rank 57: Grid (3,9) | Local rows=153 | NNZ=242 | ColsGlobal
Rank 113: Grid (7,1) | Local rows=153 | NNZ=192 | ColsGlobal
Rank 23: Grid (1,7) | Local rows=153 | NNZ=243 | ColsGlobal
Rank 59: Grid (3,11) | Local rows=153 | NNZ=263 | ColsGlobal
Rank 5: Grid (0,5) | Local rows=153 | NNZ=242 | ColsGlobal
Rank 33: Grid (2,1) | Local rows=153 | NNZ=263 | ColsGlobal
Rank 115: Grid (7,3) | Local rows=153 | NNZ=216 | ColsGlobal
Rank 35: Grid (2,3) | Local rows=153 | NNZ=191 | ColsGlobal
Rank 7: Grid (0,7) | Local rows=153 | NNZ=266 | ColsGlobal
Rank 37: Grid (2,5) | Local rows=153 | NNZ=215 | ColsGlobal
Rank 39: Grid (2,7) | Local rows=153 | NNZ=241 | ColsGlobal
2D Comm Pattern: grid 8 x 16 | expand ghosts on rank 0: 72
2D: local vector size = 77 (column block), local rows = 153

========================================
COMPREHENSIVE METRICS SUMMARY
========================================
PROCESSES: 128
DISTRIBUTION: 2D_cyclic
GRID: 8 x 16 (proc_rows x proc_cols)
ITERATIONS: 10
Matrix NNZ: 28675
BALANCE: nnz_local   min=     186  avg=    224.02  max=     268
COMM:    ghost       min=      71  avg=     71.34  max=      72  | recv_double_avg=    570.75 B
METRICS: t_total     = 6.286e-04  t_comp = 4.911e-06  t_comm = 6.267e-04
         gflops_total= 9.122894e-02  gflops_comp= 1.167686e+01
========================================

[RESULT] 0,128,2D_cyclic,0,0.000638962,0.000636816,264,72,528
[RESULT] 0,128,2D_cyclic,1,0.000435591,0.000433922,264,72,528
[RESULT] 0,128,2D_cyclic,2,0.000497580,0.000495911,264,72,528
[RESULT] 0,128,2D_cyclic,3,0.000476837,0.000475407,264,72,528
[RESULT] 0,128,2D_cyclic,4,0.000499010,0.000497341,264,72,528
[RESULT] 0,128,2D_cyclic,5,0.000441551,0.000440121,264,72,528
[RESULT] 0,128,2D_cyclic,6,0.000471830,0.000470161,264,72,528
[RESULT] 0,128,2D_cyclic,7,0.000498533,0.000497103,264,72,528
[RESULT] 0,128,2D_cyclic,8,0.000533581,0.000532150,264,72,528
[RESULT] 0,128,2D_cyclic,9,0.000488043,0.000486374,264,72,528
Total execution time: 0.226 seconds
