Retrieving the matrix from '../matrices/bcsstk27.mtx'...
%%MatrixMarket matrix coordinate real symmetric
1224 1224 28675
Real Matrix: Rows=1224 | Cols=1224 | NNZ=28675 | Procs=64 | Distribution=1D
Applied 1D distribution
Ghost columns identified: 448 total ghost values needed
Local vector initialized (size=20 per process)

========================================
COMPREHENSIVE METRICS SUMMARY
========================================
PROCESSES: 64
DISTRIBUTION: 1D
ITERATIONS: 10
Matrix NNZ: 28675
BALANCE: nnz_local   min=     421  avg=    448.05  max=     472
COMM:    ghost       min=     402  avg=    428.92  max=     453  | recv_double_avg=   3431.38 B
METRICS: t_total     = 9.895e-04  t_comp = 4.888e-06  t_comm = 9.876e-04
         gflops_total= 5.795666e-02  gflops_comp= 1.173382e+01
========================================

[RESULT] 0,64,1D,0,0.000969887,0.000966072,468,448,936
[RESULT] 0,64,1D,1,0.001074314,0.001070738,468,448,936
[RESULT] 0,64,1D,2,0.000963926,0.000960827,468,448,936
[RESULT] 0,64,1D,3,0.001011848,0.001008511,468,448,936
[RESULT] 0,64,1D,4,0.000853300,0.000851393,468,448,936
[RESULT] 0,64,1D,5,0.000976801,0.000975132,468,448,936
[RESULT] 0,64,1D,6,0.000864029,0.000862360,468,448,936
[RESULT] 0,64,1D,7,0.000777721,0.000775814,468,448,936
[RESULT] 0,64,1D,8,0.000698805,0.000696898,468,448,936
[RESULT] 0,64,1D,9,0.000837564,0.000835896,468,448,936
Total execution time: 0.068 seconds
