Retrieving the matrix from '../matrices/Andrews.mtx'...
%%MatrixMarket matrix coordinate integer symmetric
60000 60000 410077
Real Matrix: Rows=60000 | Cols=60000 | NNZ=410077 | Procs=4 | Distribution=1D
Applied 1D distribution
Ghost columns identified: 25678 total ghost values needed
Local vector initialized (size=15000 per process)

========================================
COMPREHENSIVE METRICS SUMMARY
========================================
PROCESSES: 4
DISTRIBUTION: 1D
ITERATIONS: 10
Matrix NNZ: 410077
BALANCE: nnz_local   min=  101144  avg= 102519.25  max=  104188
COMM:    ghost       min=   25389  avg=  25560.00  max=   25678  | recv_double_avg= 204480.00 B
METRICS: t_total     = 1.508e-03  t_comp = 1.133e-03  t_comm = 3.746e-04
         gflops_total= 5.440416e-01  gflops_comp= 7.239005e-01
========================================

[RESULT] 0,4,1D,0,0.001495123,0.000408411,101144,25678,202288
[RESULT] 0,4,1D,1,0.001378298,0.000300884,101144,25678,202288
[RESULT] 0,4,1D,2,0.001360893,0.000284672,101144,25678,202288
[RESULT] 0,4,1D,3,0.001347065,0.000268221,101144,25678,202288
[RESULT] 0,4,1D,4,0.001366377,0.000278473,101144,25678,202288
[RESULT] 0,4,1D,5,0.001361132,0.000271797,101144,25678,202288
[RESULT] 0,4,1D,6,0.001352787,0.000274897,101144,25678,202288
[RESULT] 0,4,1D,7,0.001370192,0.000282288,101144,25678,202288
[RESULT] 0,4,1D,8,0.001354933,0.000269651,101144,25678,202288
[RESULT] 0,4,1D,9,0.001386642,0.000287294,101144,25678,202288
Total execution time: 0.221 seconds
