Retrieving the matrix from '../matrices/Andrews.mtx'...
%%MatrixMarket matrix coordinate integer symmetric
60000 60000 410077
Real Matrix: Rows=60000 | Cols=60000 | NNZ=410077 | Procs=8 | Distribution=1D
Applied 1D distribution
Ghost columns identified: 21809 total ghost values needed
Local vector initialized (size=7500 per process)

========================================
COMPREHENSIVE METRICS SUMMARY
========================================
PROCESSES: 8
DISTRIBUTION: 1D
ITERATIONS: 10
Matrix NNZ: 410077
BALANCE: nnz_local   min=   50521  avg=  51259.62  max=   52386
COMM:    ghost       min=   21754  avg=  21979.62  max=   22332  | recv_double_avg= 175837.00 B
METRICS: t_total     = 8.231e-04  t_comp = 4.832e-04  t_comm = 3.740e-04
         gflops_total= 9.964300e-01  gflops_comp= 1.697496e+00
========================================

[RESULT] 0,8,1D,0,0.000824451,0.000376225,50623,21809,101246
[RESULT] 0,8,1D,1,0.000767231,0.000308752,50623,21809,101246
[RESULT] 0,8,1D,2,0.000781298,0.000330687,50623,21809,101246
[RESULT] 0,8,1D,3,0.000776052,0.000333071,50623,21809,101246
[RESULT] 0,8,1D,4,0.000778913,0.000336885,50623,21809,101246
[RESULT] 0,8,1D,5,0.000783920,0.000333548,50623,21809,101246
[RESULT] 0,8,1D,6,0.000800371,0.000348091,50623,21809,101246
[RESULT] 0,8,1D,7,0.000772953,0.000324488,50623,21809,101246
[RESULT] 0,8,1D,8,0.000770569,0.000327110,50623,21809,101246
[RESULT] 0,8,1D,9,0.000783443,0.000341415,50623,21809,101246
Total execution time: 0.223 seconds
