Retrieving the matrix from '../matrices/Andrews.mtx'...
%%MatrixMarket matrix coordinate integer symmetric
60000 60000 410077
Real Matrix: Rows=60000 | Cols=60000 | NNZ=410077 | Procs=2 | Distribution=2D
2D Process Grid (Block): 1 x 2 (rows x cols)
Rank 1: Grid (0,1) | Rows [0,60000) | Cols [30000,60000) | LocalRows=60000 | NNZ=119418 | ColsGlobal
Rank 0: Grid (0,0) | Rows [0,60000) | Cols [0,30000) | LocalRows=60000 | NNZ=290659 | ColsGlobal
Applied 2D block distribution (global column indices preserved)
2D Comm Pattern: grid 1 x 2 | expand ghosts on rank 0: 0
2D: local vector size = 30000 (column block), local rows = 60000

========================================
COMPREHENSIVE METRICS SUMMARY
========================================
PROCESSES: 2
DISTRIBUTION: 2D
GRID: 1 x 2 (proc_rows x proc_cols)
ITERATIONS: 10
Matrix NNZ: 410077
BALANCE: nnz_local   min=  119418  avg= 205038.50  max=  290659
COMM:    ghost       min=       0  avg=      0.00  max=       0  | recv_double_avg=      0.00 B
METRICS: t_total     = 1.131e-03  t_comp = 1.573e-04  t_comm = 9.738e-04
         gflops_total= 7.251212e-01  gflops_comp= 5.214454e+00
========================================

[RESULT] 0,2,2D,0,0.001205206,0.001034498,290659,0,581318
[RESULT] 0,2,2D,1,0.001125813,0.000959635,290659,0,581318
[RESULT] 0,2,2D,2,0.001137495,0.000967503,290659,0,581318
[RESULT] 0,2,2D,3,0.001176357,0.001012802,290659,0,581318
[RESULT] 0,2,2D,4,0.001216650,0.001021862,290659,0,581318
[RESULT] 0,2,2D,5,0.001108170,0.000945091,290659,0,581318
[RESULT] 0,2,2D,6,0.001110077,0.000960588,290659,0,581318
[RESULT] 0,2,2D,7,0.001058817,0.000928879,290659,0,581318
[RESULT] 0,2,2D,8,0.001079559,0.000948429,290659,0,581318
[RESULT] 0,2,2D,9,0.001092434,0.000958443,290659,0,581318
Total execution time: 0.236 seconds
