Retrieving the matrix from '../matrices/1138_bus.mtx'...
%%MatrixMarket matrix coordinate real symmetric
1138 1138 2596
Real Matrix: Rows=1138 | Cols=1138 | NNZ=2596 | Procs=2 | Distribution=1D
Applied 1D distribution
Ghost columns identified: 300 total ghost values needed
Local vector initialized (size=569 per process)

========================================
COMPREHENSIVE METRICS SUMMARY
========================================
PROCESSES: 2
DISTRIBUTION: 1D
ITERATIONS: 10
Matrix NNZ: 2596
BALANCE: nnz_local   min=    1263  avg=   1298.00  max=    1333
COMM:    ghost       min=     278  avg=    289.00  max=     300  | recv_double_avg=   2312.00 B
METRICS: t_total     = 1.059e-04  t_comp = 4.213e-05  t_comm = 8.218e-05
         gflops_total= 4.904691e-02  gflops_comp= 1.232418e-01
========================================

[RESULT] 0,2,1D,0,0.000098944,0.000050306,1333,300,2666
[RESULT] 0,2,1D,1,0.000082016,0.000039577,1333,300,2666
[RESULT] 0,2,1D,2,0.000100374,0.000046015,1333,300,2666
[RESULT] 0,2,1D,3,0.000098467,0.000061035,1333,300,2666
[RESULT] 0,2,1D,4,0.000102520,0.000059843,1333,300,2666
[RESULT] 0,2,1D,5,0.000089169,0.000054121,1333,300,2666
[RESULT] 0,2,1D,6,0.000085115,0.000045776,1333,300,2666
[RESULT] 0,2,1D,7,0.000080109,0.000042200,1333,300,2666
[RESULT] 0,2,1D,8,0.000087261,0.000039101,1333,300,2666
[RESULT] 0,2,1D,9,0.000073671,0.000038385,1333,300,2666
Total execution time: 0.008 seconds
