Retrieving the matrix from '../matrices/1138_bus.mtx'...
%%MatrixMarket matrix coordinate real symmetric
1138 1138 2596
Real Matrix: Rows=1138 | Cols=1138 | NNZ=2596 | Procs=64 | Distribution=2D
2D Process Grid (Block): 8 x 8 (rows x cols)
Rank 1: Grid (0,1) | Rows [0,143) | Cols [143,286) | LocalRows=143 | NNZ=0 | ColsGlobal
Rank 3: Grid (0,3) | Rows [0,143) | Cols [429,572) | LocalRows=143 | NNZ=0 | ColsGlobal
Rank 2: Grid (0,2) | Rows [0,143) | Cols [286,429) | LocalRows=143 | NNZ=0 | ColsGlobal
Rank 5: Grid (0,5) | Rows [0,143) | Cols [715,858) | LocalRows=143 | NNZ=0 | ColsGlobal
Rank 16: Grid (2,0) | Rows [286,429) | Cols [0,143) | LocalRows=143 | NNZ=31 | ColsGlobal
Rank 33: Grid (4,1) | Rows [572,715) | Cols [143,286) | LocalRows=143 | NNZ=2 | ColsGlobal
Rank 24: Grid (3,0) | Rows [429,572) | Cols [0,143) | LocalRows=143 | NNZ=19 | ColsGlobal
Rank 7: Grid (0,7) | Rows [0,143) | Cols [1001,1138) | LocalRows=143 | NNZ=0 | ColsGlobal
Rank 32: Grid (4,0) | Rows [572,715) | Cols [0,143) | LocalRows=143 | NNZ=7 | ColsGlobal
Rank 9: Grid (1,1) | Rows [143,286) | Cols [143,286) | LocalRows=143 | NNZ=303 | ColsGlobal
Rank 36: Grid (4,4) | Rows [572,715) | Cols [572,715) | LocalRows=143 | NNZ=256 | ColsGlobal
Rank 11: Grid (1,3) | Rows [143,286) | Cols [429,572) | LocalRows=143 | NNZ=0 | ColsGlobal
Rank 38: Grid (4,6) | Rows [572,715) | Cols [858,1001) | LocalRows=143 | NNZ=0 | ColsGlobal
Rank 13: Grid (1,5) | Rows [143,286) | Cols [715,858) | LocalRows=143 | NNZ=0 | ColsGlobal
Rank 40: Grid (5,0) | Rows [715,858) | Cols [0,143) | LocalRows=143 | NNZ=12 | ColsGlobal
Rank 15: Grid (1,7) | Rows [143,286) | Cols [1001,1138) | LocalRows=143 | NNZ=0 | ColsGlobal
Rank 48: Grid (6,0) | Rows [858,1001) | Cols [0,143) | LocalRows=143 | NNZ=3 | ColsGlobal
Rank 17: Grid (2,1) | Rows [286,429) | Cols [143,286) | LocalRows=143 | NNZ=41 | ColsGlobal
Rank 0: Grid (0,0) | Rows [0,143) | Cols [0,143) | LocalRows=143 | NNZ=302 | ColsGlobal
Applied 2D block distribution (global column indices preserved)
Rank 19: Grid (2,3) | Rows [286,429) | Cols [429,572) | LocalRows=143 | NNZ=0 | ColsGlobal
Rank 4: Grid (0,4) | Rows [0,143) | Cols [572,715) | LocalRows=143 | NNZ=0 | ColsGlobal
Rank 21: Grid (2,5) | Rows [286,429) | Cols [715,858) | LocalRows=143 | NNZ=0 | ColsGlobal
Rank 6: Grid (0,6) | Rows [0,143) | Cols [858,1001) | LocalRows=143 | NNZ=0 | ColsGlobal
Rank 23: Grid (2,7) | Rows [286,429) | Cols [1001,1138) | LocalRows=143 | NNZ=0 | ColsGlobal
Rank 8: Grid (1,0) | Rows [143,286) | Cols [0,143) | LocalRows=143 | NNZ=27 | ColsGlobal
Rank 25: Grid (3,1) | Rows [429,572) | Cols [143,286) | LocalRows=143 | NNZ=1 | ColsGlobal
Rank 10: Grid (1,2) | Rows [143,286) | Cols [286,429) | LocalRows=143 | NNZ=0 | ColsGlobal
Rank 27: Grid (3,3) | Rows [429,572) | Cols [429,572) | LocalRows=143 | NNZ=279 | ColsGlobal
Rank 12: Grid (1,4) | Rows [143,286) | Cols [572,715) | LocalRows=143 | NNZ=0 | ColsGlobal
Rank 29: Grid (3,5) | Rows [429,572) | Cols [715,858) | LocalRows=143 | NNZ=0 | ColsGlobal
Rank 14: Grid (1,6) | Rows [143,286) | Cols [858,1001) | LocalRows=143 | NNZ=0 | ColsGlobal
Rank 31: Grid (3,7) | Rows [429,572) | Cols [1001,1138) | LocalRows=143 | NNZ=0 | ColsGlobal
Rank 18: Grid (2,2) | Rows [286,429) | Cols [286,429) | LocalRows=143 | NNZ=255 | ColsGlobal
Rank 35: Grid (4,3) | Rows [572,715) | Cols [429,572) | LocalRows=143 | NNZ=31 | ColsGlobal
Rank 20: Grid (2,4) | Rows [286,429) | Cols [572,715) | LocalRows=143 | NNZ=0 | ColsGlobal
Rank 37: Grid (4,5) | Rows [572,715) | Cols [715,858) | LocalRows=143 | NNZ=0 | ColsGlobal
Rank 22: Grid (2,6) | Rows [286,429) | Cols [858,1001) | LocalRows=143 | NNZ=0 | ColsGlobal
Rank 39: Grid (4,7) | Rows [572,715) | Cols [1001,1138) | LocalRows=143 | NNZ=0 | ColsGlobal
Rank 26: Grid (3,2) | Rows [429,572) | Cols [286,429) | LocalRows=143 | NNZ=34 | ColsGlobal
Rank 41: Grid (5,1) | Rows [715,858) | Cols [143,286) | LocalRows=143 | NNZ=4 | ColsGlobal
Rank 28: Grid (3,4) | Rows [429,572) | Cols [572,715) | LocalRows=143 | NNZ=0 | ColsGlobal
Rank 43: Grid (5,3) | Rows [715,858) | Cols [429,572) | LocalRows=143 | NNZ=25 | ColsGlobal
Rank 30: Grid (3,6) | Rows [429,572) | Cols [858,1001) | LocalRows=143 | NNZ=0 | ColsGlobal
Rank 45: Grid (5,5) | Rows [715,858) | Cols [715,858) | LocalRows=143 | NNZ=255 | ColsGlobal
Rank 34: Grid (4,2) | Rows [572,715) | Cols [286,429) | LocalRows=143 | NNZ=7 | ColsGlobal
Rank 47: Grid (5,7) | Rows [715,858) | Cols [1001,1138) | LocalRows=143 | NNZ=0 | ColsGlobal
Rank 42: Grid (5,2) | Rows [715,858) | Cols [286,429) | LocalRows=143 | NNZ=8 | ColsGlobal
Rank 49: Grid (6,1) | Rows [858,1001) | Cols [143,286) | LocalRows=143 | NNZ=0 | ColsGlobal
Rank 44: Grid (5,4) | Rows [715,858) | Cols [572,715) | LocalRows=143 | NNZ=19 | ColsGlobal
Rank 51: Grid (6,3) | Rows [858,1001) | Cols [429,572) | LocalRows=143 | NNZ=31 | ColsGlobal
Rank 46: Grid (5,6) | Rows [715,858) | Cols [858,1001) | LocalRows=143 | NNZ=0 | ColsGlobal
Rank 53: Grid (6,5) | Rows [858,1001) | Cols [715,858) | LocalRows=143 | NNZ=34 | ColsGlobal
Rank 50: Grid (6,2) | Rows [858,1001) | Cols [286,429) | LocalRows=143 | NNZ=0 | ColsGlobal
Rank 55: Grid (6,7) | Rows [858,1001) | Cols [1001,1138) | LocalRows=143 | NNZ=0 | ColsGlobal
Rank 52: Grid (6,4) | Rows [858,1001) | Cols [572,715) | LocalRows=143 | NNZ=2 | ColsGlobal
Rank 57: Grid (7,1) | Rows [1001,1138) | Cols [143,286) | LocalRows=137 | NNZ=1 | ColsGlobal
Rank 54: Grid (6,6) | Rows [858,1001) | Cols [858,1001) | LocalRows=143 | NNZ=287 | ColsGlobal
Rank 59: Grid (7,3) | Rows [1001,1138) | Cols [429,572) | LocalRows=137 | NNZ=5 | ColsGlobal
Rank 56: Grid (7,0) | Rows [1001,1138) | Cols [0,143) | LocalRows=137 | NNZ=7 | ColsGlobal
Rank 61: Grid (7,5) | Rows [1001,1138) | Cols [715,858) | LocalRows=137 | NNZ=10 | ColsGlobal
Rank 58: Grid (7,2) | Rows [1001,1138) | Cols [286,429) | LocalRows=137 | NNZ=0 | ColsGlobal
Rank 63: Grid (7,7) | Rows [1001,1138) | Cols [1001,1138) | LocalRows=137 | NNZ=253 | ColsGlobal
Rank 60: Grid (7,4) | Rows [1001,1138) | Cols [572,715) | LocalRows=137 | NNZ=38 | ColsGlobal
Rank 62: Grid (7,6) | Rows [1001,1138) | Cols [858,1001) | LocalRows=137 | NNZ=7 | ColsGlobal
2D Comm Pattern: grid 8 x 8 | expand ghosts on rank 0: 0
2D: local vector size = 143 (column block), local rows = 143

========================================
COMPREHENSIVE METRICS SUMMARY
========================================
PROCESSES: 64
DISTRIBUTION: 2D
GRID: 8 x 8 (proc_rows x proc_cols)
ITERATIONS: 10
Matrix NNZ: 2596
BALANCE: nnz_local   min=       0  avg=     40.56  max=     303
COMM:    ghost       min=       0  avg=      0.00  max=       0  | recv_double_avg=      0.00 B
METRICS: t_total     = 7.858e-05  t_comp = 1.287e-06  t_comm = 7.818e-05
         gflops_total= 6.607047e-02  gflops_comp= 4.032746e+00
========================================

[RESULT] 0,64,2D,0,0.000070333,0.000067949,302,0,604
[RESULT] 0,64,2D,1,0.000053883,0.000052691,302,0,604
[RESULT] 0,64,2D,2,0.000032425,0.000030756,302,0,604
[RESULT] 0,64,2D,3,0.000068903,0.000067472,302,0,604
[RESULT] 0,64,2D,4,0.000051498,0.000050306,302,0,604
[RESULT] 0,64,2D,5,0.000052214,0.000051260,302,0,604
[RESULT] 0,64,2D,6,0.000033617,0.000032663,302,0,604
[RESULT] 0,64,2D,7,0.000066996,0.000065804,302,0,604
[RESULT] 0,64,2D,8,0.000048637,0.000047684,302,0,604
[RESULT] 0,64,2D,9,0.000032425,0.000031471,302,0,604
Total execution time: 0.015 seconds
