Retrieving the matrix from '../matrices/1138_bus.mtx'...
%%MatrixMarket matrix coordinate real symmetric
1138 1138 2596
Real Matrix: Rows=1138 | Cols=1138 | NNZ=2596 | Procs=32 | Distribution=2D_cyclic
2D Process Grid (Cyclic): 4 x 8
Rank 1: Grid (0,1) | Local rows=285 | NNZ=41 | ColsGlobal
Rank 0: Grid (0,0) | Local rows=285 | NNZ=177 | ColsGlobal
Applied 2D cyclic distribution (global column indices preserved)
Rank 5: Grid (0,5) | Local rows=285 | NNZ=49 | ColsGlobal
Rank 6: Grid (0,6) | Local rows=285 | NNZ=51 | ColsGlobal
Rank 3: Grid (0,3) | Local rows=285 | NNZ=76 | ColsGlobal
Rank 8: Grid (1,0) | Local rows=285 | NNZ=68 | ColsGlobal
Rank 7: Grid (0,7) | Local rows=285 | NNZ=65 | ColsGlobal
Rank 2: Grid (0,2) | Local rows=285 | NNZ=27 | ColsGlobal
Rank 9: Grid (1,1) | Local rows=285 | NNZ=176 | ColsGlobal
Rank 14: Grid (1,6) | Local rows=285 | NNZ=32 | ColsGlobal
Rank 11: Grid (1,3) | Local rows=285 | NNZ=44 | ColsGlobal
Rank 16: Grid (2,0) | Local rows=284 | NNZ=48 | ColsGlobal
Rank 17: Grid (2,1) | Local rows=284 | NNZ=68 | ColsGlobal
Rank 4: Grid (0,4) | Local rows=285 | NNZ=179 | ColsGlobal
Rank 19: Grid (2,3) | Local rows=284 | NNZ=43 | ColsGlobal
Rank 10: Grid (1,2) | Local rows=285 | NNZ=53 | ColsGlobal
Rank 21: Grid (2,5) | Local rows=284 | NNZ=70 | ColsGlobal
Rank 12: Grid (1,4) | Local rows=285 | NNZ=64 | ColsGlobal
Rank 23: Grid (2,7) | Local rows=284 | NNZ=36 | ColsGlobal
Rank 20: Grid (2,4) | Local rows=284 | NNZ=46 | ColsGlobal
Rank 25: Grid (3,1) | Local rows=284 | NNZ=33 | ColsGlobal
Rank 24: Grid (3,0) | Local rows=284 | NNZ=36 | ColsGlobal
Rank 13: Grid (1,5) | Local rows=285 | NNZ=174 | ColsGlobal
Rank 26: Grid (3,2) | Local rows=284 | NNZ=69 | ColsGlobal
Rank 15: Grid (1,7) | Local rows=285 | NNZ=43 | ColsGlobal
Rank 18: Grid (2,2) | Local rows=284 | NNZ=181 | ColsGlobal
Rank 27: Grid (3,3) | Local rows=284 | NNZ=172 | ColsGlobal
Rank 22: Grid (2,6) | Local rows=284 | NNZ=176 | ColsGlobal
Rank 29: Grid (3,5) | Local rows=284 | NNZ=37 | ColsGlobal
Rank 28: Grid (3,4) | Local rows=284 | NNZ=31 | ColsGlobal
Rank 31: Grid (3,7) | Local rows=284 | NNZ=172 | ColsGlobal
Rank 30: Grid (3,6) | Local rows=284 | NNZ=59 | ColsGlobal
2D Comm Pattern: grid 4 x 8 | expand ghosts on rank 0: 125
2D: local vector size = 143 (column block), local rows = 285

========================================
COMPREHENSIVE METRICS SUMMARY
========================================
PROCESSES: 32
DISTRIBUTION: 2D_cyclic
GRID: 4 x 8 (proc_rows x proc_cols)
ITERATIONS: 10
Matrix NNZ: 2596
BALANCE: nnz_local   min=      27  avg=     81.12  max=     181
COMM:    ghost       min=      20  avg=     57.91  max=     125  | recv_double_avg=    463.25 B
METRICS: t_total     = 2.553e-04  t_comp = 1.574e-06  t_comm = 2.544e-04
         gflops_total= 2.033317e-02  gflops_comp= 3.299519e+00
========================================

[RESULT] 0,32,2D_cyclic,0,0.000201464,0.000200033,177,125,354
[RESULT] 0,32,2D_cyclic,1,0.000281334,0.000280380,177,125,354
[RESULT] 0,32,2D_cyclic,2,0.000214100,0.000213146,177,125,354
[RESULT] 0,32,2D_cyclic,3,0.000252485,0.000251532,177,125,354
[RESULT] 0,32,2D_cyclic,4,0.000295162,0.000293970,177,125,354
[RESULT] 0,32,2D_cyclic,5,0.000185728,0.000184774,177,125,354
[RESULT] 0,32,2D_cyclic,6,0.000191212,0.000190496,177,125,354
[RESULT] 0,32,2D_cyclic,7,0.000178814,0.000177622,177,125,354
[RESULT] 0,32,2D_cyclic,8,0.000241995,0.000241041,177,125,354
[RESULT] 0,32,2D_cyclic,9,0.000248432,0.000247717,177,125,354
Total execution time: 0.013 seconds
