Retrieving the matrix from '../matrices/1138_bus.mtx'...
%%MatrixMarket matrix coordinate real symmetric
1138 1138 2596
Real Matrix: Rows=1138 | Cols=1138 | NNZ=2596 | Procs=16 | Distribution=1D
Applied 1D distribution
Ghost columns identified: 80 total ghost values needed
Local vector initialized (size=72 per process)

========================================
COMPREHENSIVE METRICS SUMMARY
========================================
PROCESSES: 16
DISTRIBUTION: 1D
ITERATIONS: 10
Matrix NNZ: 2596
BALANCE: nnz_local   min=     146  avg=    162.25  max=     178
COMM:    ghost       min=      69  avg=     83.56  max=      99  | recv_double_avg=    668.50 B
METRICS: t_total     = 1.140e-01  t_comp = 1.193e-02  t_comm = 1.021e-01
         gflops_total= 4.552876e-05  gflops_comp= 4.353197e-04
========================================

[RESULT] 0,16,1D,0,0.112268209,0.111996889,163,80,326
[RESULT] 0,16,1D,1,0.097642660,0.064002752,163,80,326
[RESULT] 0,16,1D,2,0.116151810,0.114274502,163,80,326
[RESULT] 0,16,1D,3,0.116088629,0.115997076,163,80,326
[RESULT] 0,16,1D,4,0.174888134,0.139904976,163,80,326
[RESULT] 0,16,1D,5,0.061364412,0.061018467,163,80,326
[RESULT] 0,16,1D,6,0.128235102,0.128138542,163,80,326
[RESULT] 0,16,1D,7,0.144488096,0.096959591,163,80,326
[RESULT] 0,16,1D,8,0.087130785,0.086765289,163,80,326
[RESULT] 0,16,1D,9,0.102120161,0.102051258,163,80,326
Total execution time: 2.358 seconds
