Retrieving the matrix from '../matrices/bcsstk27.mtx'...
%%MatrixMarket matrix coordinate real symmetric
1224 1224 28675
Real Matrix: Rows=1224 | Cols=1224 | NNZ=28675 | Procs=16 | Distribution=2D_cyclic
Rank 1: Grid (0,1) | Local rows=306 | NNZ=1739 | ColsGlobal
Rank 5: Grid (1,1) | Local rows=306 | NNZ=1918 | ColsGlobal
Rank 3: Grid (0,3) | Local rows=306 | NNZ=1914 | ColsGlobal
Rank 9: Grid (2,1) | Local rows=306 | NNZ=1915 | ColsGlobal
Rank 7: Grid (1,3) | Local rows=306 | NNZ=1738 | ColsGlobal
Rank 11: Grid (2,3) | Local rows=306 | NNZ=1735 | ColsGlobal
Rank 13: Grid (3,1) | Local rows=306 | NNZ=1745 | ColsGlobal
Rank 15: Grid (3,3) | Local rows=306 | NNZ=1920 | ColsGlobal
2D Process Grid (Cyclic): 4 x 4
Rank 0: Grid (0,0) | Local rows=306 | NNZ=1922 | ColsGlobal
Applied 2D cyclic distribution (global column indices preserved)
Rank 8: Grid (2,0) | Local rows=306 | NNZ=1740 | ColsGlobal
Rank 10: Grid (2,2) | Local rows=306 | NNZ=1917 | ColsGlobal
Rank 12: Grid (3,0) | Local rows=306 | NNZ=1621 | ColsGlobal
Rank 2: Grid (0,2) | Local rows=306 | NNZ=1742 | ColsGlobal
Rank 4: Grid (1,0) | Local rows=306 | NNZ=1745 | ColsGlobal
Rank 14: Grid (3,2) | Local rows=306 | NNZ=1749 | ColsGlobal
Rank 6: Grid (1,2) | Local rows=306 | NNZ=1615 | ColsGlobal
2D Comm Pattern: grid 4 x 4 | expand ghosts on rank 0: 229
2D: local vector size = 306 (column block), local rows = 306

========================================
COMPREHENSIVE METRICS SUMMARY
========================================
PROCESSES: 16
DISTRIBUTION: 2D_cyclic
GRID: 4 x 4 (proc_rows x proc_cols)
ITERATIONS: 10
Matrix NNZ: 28675
BALANCE: nnz_local   min=    1615  avg=   1792.19  max=    1922
COMM:    ghost       min=     229  avg=    229.31  max=     230  | recv_double_avg=   1834.50 B
METRICS: t_total     = 1.583e-01  t_comp = 5.569e-03  t_comm = 1.582e-01
         gflops_total= 3.623676e-04  gflops_comp= 1.029829e-02
========================================

[RESULT] 0,16,2D_cyclic,0,0.162003279,0.161939383,1922,229,3844
[RESULT] 0,16,2D_cyclic,1,0.101229668,0.100934744,1922,229,3844
[RESULT] 0,16,2D_cyclic,2,0.179071426,0.149444342,1922,229,3844
[RESULT] 0,16,2D_cyclic,3,0.146995783,0.146978855,1922,229,3844
[RESULT] 0,16,2D_cyclic,4,0.127712011,0.125040531,1922,229,3844
[RESULT] 0,16,2D_cyclic,5,0.156930685,0.155230284,1922,229,3844
[RESULT] 0,16,2D_cyclic,6,0.154994965,0.154932737,1922,229,3844
[RESULT] 0,16,2D_cyclic,7,0.141256571,0.141194344,1922,229,3844
[RESULT] 0,16,2D_cyclic,8,0.140997648,0.138839006,1922,229,3844
[RESULT] 0,16,2D_cyclic,9,0.195700407,0.195605278,1922,229,3844
Total execution time: 4.660 seconds
