Retrieving the matrix from '../matrices/1138_bus.mtx'...
%%MatrixMarket matrix coordinate real symmetric
1138 1138 2596
Real Matrix: Rows=1138 | Cols=1138 | NNZ=2596 | Procs=2 | Distribution=1D
Applied 1D distribution
Ghost columns identified: 300 total ghost values needed
Local vector initialized (size=569 per process)

========================================
COMPREHENSIVE METRICS SUMMARY
========================================
PROCESSES: 2
DISTRIBUTION: 1D
ITERATIONS: 10
Matrix NNZ: 2596
BALANCE: nnz_local   min=    1263  avg=   1298.00  max=    1333
COMM:    ghost       min=     278  avg=    289.00  max=     300  | recv_double_avg=   2312.00 B
METRICS: t_total     = 8.094e-05  t_comp = 2.015e-05  t_comm = 7.441e-05
         gflops_total= 6.414382e-02  gflops_comp= 2.577139e-01
========================================

[RESULT] 0,2,1D,0,0.000087976,0.000043631,1333,300,2666
[RESULT] 0,2,1D,1,0.000092030,0.000060081,1333,300,2666
[RESULT] 0,2,1D,2,0.000082016,0.000057697,1333,300,2666
[RESULT] 0,2,1D,3,0.000069857,0.000048637,1333,300,2666
[RESULT] 0,2,1D,4,0.000054359,0.000035286,1333,300,2666
[RESULT] 0,2,1D,5,0.000057697,0.000039339,1333,300,2666
[RESULT] 0,2,1D,6,0.000057936,0.000039339,1333,300,2666
[RESULT] 0,2,1D,7,0.000046015,0.000037909,1333,300,2666
[RESULT] 0,2,1D,8,0.000037193,0.000029564,1333,300,2666
[RESULT] 0,2,1D,9,0.000039339,0.000031471,1333,300,2666
Total execution time: 0.008 seconds
