Retrieving the matrix from '../matrices/Andrews.mtx'...
%%MatrixMarket matrix coordinate integer symmetric
60000 60000 410077
Real Matrix: Rows=60000 | Cols=60000 | NNZ=410077 | Procs=16 | Distribution=2D_cyclic
2D Process Grid (Cyclic): 4 x 4
Rank 6: Grid (1,2) | Local rows=15000 | NNZ=13555 | ColsGlobal
Rank 8: Grid (2,0) | Local rows=15000 | NNZ=29939 | ColsGlobal
Rank 9: Grid (2,1) | Local rows=15000 | NNZ=13384 | ColsGlobal
Rank 7: Grid (1,3) | Local rows=15000 | NNZ=31062 | ColsGlobal
Rank 4: Grid (1,0) | Local rows=15000 | NNZ=13637 | ColsGlobal
Rank 11: Grid (2,3) | Local rows=15000 | NNZ=13258 | ColsGlobal
Rank 3: Grid (0,3) | Local rows=15000 | NNZ=13503 | ColsGlobal
Rank 12: Grid (3,0) | Local rows=15000 | NNZ=13399 | ColsGlobal
Rank 5: Grid (1,1) | Local rows=15000 | NNZ=45934 | ColsGlobal
Rank 1: Grid (0,1) | Local rows=15000 | NNZ=13314 | ColsGlobal
Rank 14: Grid (3,2) | Local rows=15000 | NNZ=13594 | ColsGlobal
Rank 2: Grid (0,2) | Local rows=15000 | NNZ=29790 | ColsGlobal
Rank 10: Grid (2,2) | Local rows=15000 | NNZ=44938 | ColsGlobal
Rank 13: Grid (3,1) | Local rows=15000 | NNZ=30363 | ColsGlobal
Rank 0: Grid (0,0) | Local rows=15000 | NNZ=44537 | ColsGlobal
Applied 2D cyclic distribution (global column indices preserved)
Rank 15: Grid (3,3) | Local rows=15000 | NNZ=45870 | ColsGlobal
2D Comm Pattern: grid 4 x 4 | expand ghosts on rank 0: 11250
2D: local vector size = 15000 (column block), local rows = 15000

========================================
COMPREHENSIVE METRICS SUMMARY
========================================
PROCESSES: 16
DISTRIBUTION: 2D_cyclic
GRID: 4 x 4 (proc_rows x proc_cols)
ITERATIONS: 10
Matrix NNZ: 410077
BALANCE: nnz_local   min=   13258  avg=  25629.81  max=   45934
COMM:    ghost       min=    4496  avg=   7569.94  max=   11250  | recv_double_avg=  60559.50 B
METRICS: t_total     = 1.429e-03  t_comp = 2.943e-04  t_comm = 1.227e-03
         gflops_total= 5.741042e-01  gflops_comp= 2.787211e+00
========================================

[RESULT] 0,16,2D_cyclic,0,0.001683950,0.001435757,44537,11250,89074
[RESULT] 0,16,2D_cyclic,1,0.001402378,0.001158714,44537,11250,89074
[RESULT] 0,16,2D_cyclic,2,0.001341343,0.001093388,44537,11250,89074
[RESULT] 0,16,2D_cyclic,3,0.001368761,0.001123905,44537,11250,89074
[RESULT] 0,16,2D_cyclic,4,0.001371622,0.001124620,44537,11250,89074
[RESULT] 0,16,2D_cyclic,5,0.001343250,0.001089573,44537,11250,89074
[RESULT] 0,16,2D_cyclic,6,0.001378059,0.001133204,44537,11250,89074
[RESULT] 0,16,2D_cyclic,7,0.001386642,0.001132488,44537,11250,89074
[RESULT] 0,16,2D_cyclic,8,0.001261473,0.001013756,44537,11250,89074
[RESULT] 0,16,2D_cyclic,9,0.001722574,0.001476765,44537,11250,89074
Total execution time: 0.264 seconds
