Retrieving the matrix from '../matrices/1138_bus.mtx'...
%%MatrixMarket matrix coordinate real symmetric
1138 1138 2596
Real Matrix: Rows=1138 | Cols=1138 | NNZ=2596 | Procs=64 | Distribution=2D_cyclic
2D Process Grid (Cyclic): 8 x 8
Rank 16: Grid (2,0) | Local rows=142 | NNZ=29 | ColsGlobal
Rank 0: Grid (0,0) | Local rows=143 | NNZ=158 | ColsGlobal
Applied 2D cyclic distribution (global column indices preserved)
Rank 2: Grid (0,2) | Local rows=143 | NNZ=6 | ColsGlobal
Rank 10: Grid (1,2) | Local rows=143 | NNZ=19 | ColsGlobal
Rank 1: Grid (0,1) | Local rows=143 | NNZ=17 | ColsGlobal
Rank 24: Grid (3,0) | Local rows=142 | NNZ=20 | ColsGlobal
Rank 32: Grid (4,0) | Local rows=142 | NNZ=19 | ColsGlobal
Rank 34: Grid (4,2) | Local rows=142 | NNZ=21 | ColsGlobal
Rank 3: Grid (0,3) | Local rows=143 | NNZ=14 | ColsGlobal
Rank 36: Grid (4,4) | Local rows=142 | NNZ=160 | ColsGlobal
Rank 5: Grid (0,5) | Local rows=143 | NNZ=23 | ColsGlobal
Rank 4: Grid (0,4) | Local rows=143 | NNZ=19 | ColsGlobal
Rank 7: Grid (0,7) | Local rows=143 | NNZ=52 | ColsGlobal
Rank 6: Grid (0,6) | Local rows=143 | NNZ=33 | ColsGlobal
Rank 9: Grid (1,1) | Local rows=143 | NNZ=160 | ColsGlobal
Rank 8: Grid (1,0) | Local rows=143 | NNZ=52 | ColsGlobal
Rank 11: Grid (1,3) | Local rows=143 | NNZ=13 | ColsGlobal
Rank 12: Grid (1,4) | Local rows=143 | NNZ=19 | ColsGlobal
Rank 13: Grid (1,5) | Local rows=143 | NNZ=17 | ColsGlobal
Rank 14: Grid (1,6) | Local rows=143 | NNZ=18 | ColsGlobal
Rank 15: Grid (1,7) | Local rows=143 | NNZ=27 | ColsGlobal
Rank 18: Grid (2,2) | Local rows=142 | NNZ=165 | ColsGlobal
Rank 17: Grid (2,1) | Local rows=142 | NNZ=50 | ColsGlobal
Rank 20: Grid (2,4) | Local rows=142 | NNZ=17 | ColsGlobal
Rank 19: Grid (2,3) | Local rows=142 | NNZ=15 | ColsGlobal
Rank 22: Grid (2,6) | Local rows=142 | NNZ=20 | ColsGlobal
Rank 21: Grid (2,5) | Local rows=142 | NNZ=21 | ColsGlobal
Rank 26: Grid (3,2) | Local rows=142 | NNZ=57 | ColsGlobal
Rank 23: Grid (2,7) | Local rows=142 | NNZ=21 | ColsGlobal
Rank 28: Grid (3,4) | Local rows=142 | NNZ=11 | ColsGlobal
Rank 25: Grid (3,1) | Local rows=142 | NNZ=21 | ColsGlobal
Rank 30: Grid (3,6) | Local rows=142 | NNZ=19 | ColsGlobal
Rank 27: Grid (3,3) | Local rows=142 | NNZ=157 | ColsGlobal
Rank 38: Grid (4,6) | Local rows=142 | NNZ=18 | ColsGlobal
Rank 29: Grid (3,5) | Local rows=142 | NNZ=13 | ColsGlobal
Rank 40: Grid (5,0) | Local rows=142 | NNZ=16 | ColsGlobal
Rank 31: Grid (3,7) | Local rows=142 | NNZ=19 | ColsGlobal
Rank 42: Grid (5,2) | Local rows=142 | NNZ=34 | ColsGlobal
Rank 33: Grid (4,1) | Local rows=142 | NNZ=24 | ColsGlobal
Rank 44: Grid (5,4) | Local rows=142 | NNZ=45 | ColsGlobal
Rank 35: Grid (4,3) | Local rows=142 | NNZ=62 | ColsGlobal
Rank 46: Grid (5,6) | Local rows=142 | NNZ=14 | ColsGlobal
Rank 37: Grid (4,5) | Local rows=142 | NNZ=26 | ColsGlobal
Rank 48: Grid (6,0) | Local rows=142 | NNZ=19 | ColsGlobal
Rank 39: Grid (4,7) | Local rows=142 | NNZ=13 | ColsGlobal
Rank 56: Grid (7,0) | Local rows=142 | NNZ=16 | ColsGlobal
Rank 41: Grid (5,1) | Local rows=142 | NNZ=16 | ColsGlobal
Rank 60: Grid (7,4) | Local rows=142 | NNZ=20 | ColsGlobal
Rank 47: Grid (5,7) | Local rows=142 | NNZ=16 | ColsGlobal
Rank 50: Grid (6,2) | Local rows=142 | NNZ=16 | ColsGlobal
Rank 49: Grid (6,1) | Local rows=142 | NNZ=18 | ColsGlobal
Rank 52: Grid (6,4) | Local rows=142 | NNZ=29 | ColsGlobal
Rank 51: Grid (6,3) | Local rows=142 | NNZ=28 | ColsGlobal
Rank 54: Grid (6,6) | Local rows=142 | NNZ=156 | ColsGlobal
Rank 53: Grid (6,5) | Local rows=142 | NNZ=49 | ColsGlobal
Rank 58: Grid (7,2) | Local rows=142 | NNZ=12 | ColsGlobal
Rank 55: Grid (6,7) | Local rows=142 | NNZ=15 | ColsGlobal
Rank 62: Grid (7,6) | Local rows=142 | NNZ=40 | ColsGlobal
Rank 57: Grid (7,1) | Local rows=142 | NNZ=12 | ColsGlobal
Rank 61: Grid (7,5) | Local rows=142 | NNZ=24 | ColsGlobal
Rank 43: Grid (5,3) | Local rows=142 | NNZ=31 | ColsGlobal
Rank 45: Grid (5,5) | Local rows=142 | NNZ=157 | ColsGlobal
Rank 59: Grid (7,3) | Local rows=142 | NNZ=15 | ColsGlobal
Rank 63: Grid (7,7) | Local rows=142 | NNZ=153 | ColsGlobal
2D Comm Pattern: grid 8 x 8 | expand ghosts on rank 0: 125
2D: local vector size = 143 (column block), local rows = 143

========================================
COMPREHENSIVE METRICS SUMMARY
========================================
PROCESSES: 64
DISTRIBUTION: 2D_cyclic
GRID: 8 x 8 (proc_rows x proc_cols)
ITERATIONS: 10
Matrix NNZ: 2596
BALANCE: nnz_local   min=       6  avg=     40.56  max=     165
COMM:    ghost       min=       6  avg=     31.95  max=     125  | recv_double_avg=    255.62 B
METRICS: t_total     = 1.840e-04  t_comp = 5.889e-06  t_comm = 1.836e-04
         gflops_total= 2.821929e-02  gflops_comp= 8.816529e-01
========================================

[RESULT] 0,64,2D_cyclic,0,0.000177622,0.000176907,158,125,316
[RESULT] 0,64,2D_cyclic,1,0.000170469,0.000169754,158,125,316
[RESULT] 0,64,2D_cyclic,2,0.000175953,0.000175238,158,125,316
[RESULT] 0,64,2D_cyclic,3,0.000160933,0.000160217,158,125,316
[RESULT] 0,64,2D_cyclic,4,0.000155926,0.000155210,158,125,316
[RESULT] 0,64,2D_cyclic,5,0.000171185,0.000170708,158,125,316
[RESULT] 0,64,2D_cyclic,6,0.000164509,0.000163794,158,125,316
[RESULT] 0,64,2D_cyclic,7,0.000156403,0.000155926,158,125,316
[RESULT] 0,64,2D_cyclic,8,0.000181913,0.000181198,158,125,316
[RESULT] 0,64,2D_cyclic,9,0.000147820,0.000147343,158,125,316
Total execution time: 0.019 seconds
