Retrieving the matrix from '../matrices/Andrews.mtx'...
%%MatrixMarket matrix coordinate integer symmetric
60000 60000 410077
Real Matrix: Rows=60000 | Cols=60000 | NNZ=410077 | Procs=4 | Distribution=2D_cyclic
2D Process Grid (Cyclic): 2 x 2
Rank 2: Grid (1,0) | Local rows=30000 | NNZ=54185 | ColsGlobal
Rank 1: Grid (0,1) | Local rows=30000 | NNZ=53459 | ColsGlobal
Rank 0: Grid (0,0) | Local rows=30000 | NNZ=149204 | ColsGlobal
Applied 2D cyclic distribution (global column indices preserved)
Rank 3: Grid (1,1) | Local rows=30000 | NNZ=153229 | ColsGlobal
2D Comm Pattern: grid 2 x 2 | expand ghosts on rank 0: 15000
2D: local vector size = 30000 (column block), local rows = 30000

========================================
COMPREHENSIVE METRICS SUMMARY
========================================
PROCESSES: 4
DISTRIBUTION: 2D_cyclic
GRID: 2 x 2 (proc_rows x proc_cols)
ITERATIONS: 10
Matrix NNZ: 410077
BALANCE: nnz_local   min=   53459  avg= 102519.25  max=  153229
COMM:    ghost       min=    7236  avg=  12338.00  max=   15000  | recv_double_avg=  98704.00 B
METRICS: t_total     = 1.577e-03  t_comp = 5.705e-04  t_comm = 1.076e-03
         gflops_total= 5.201444e-01  gflops_comp= 1.437576e+00
========================================

[RESULT] 0,4,2D_cyclic,0,0.001381159,0.000807285,149204,15000,298408
[RESULT] 0,4,2D_cyclic,1,0.001308918,0.000734329,149204,15000,298408
[RESULT] 0,4,2D_cyclic,2,0.001309156,0.000739336,149204,15000,298408
[RESULT] 0,4,2D_cyclic,3,0.001320124,0.000745773,149204,15000,298408
[RESULT] 0,4,2D_cyclic,4,0.001271248,0.000706673,149204,15000,298408
[RESULT] 0,4,2D_cyclic,5,0.001196623,0.000624418,149204,15000,298408
[RESULT] 0,4,2D_cyclic,6,0.001217127,0.000651121,149204,15000,298408
[RESULT] 0,4,2D_cyclic,7,0.001212358,0.000640392,149204,15000,298408
[RESULT] 0,4,2D_cyclic,8,0.001226187,0.000660419,149204,15000,298408
[RESULT] 0,4,2D_cyclic,9,0.001260996,0.000689030,149204,15000,298408
Total execution time: 0.221 seconds
