Retrieving the matrix from '../matrices/1138_bus.mtx'...
%%MatrixMarket matrix coordinate real symmetric
1138 1138 2596
Real Matrix: Rows=1138 | Cols=1138 | NNZ=2596 | Procs=128 | Distribution=1D
Applied 1D distribution
Ghost columns identified: 16 total ghost values needed
Local vector initialized (size=9 per process)

========================================
COMPREHENSIVE METRICS SUMMARY
========================================
PROCESSES: 128
DISTRIBUTION: 1D
ITERATIONS: 10
Matrix NNZ: 2596
BALANCE: nnz_local   min=      11  avg=     20.28  max=      31
COMM:    ghost       min=       2  avg=     11.34  max=      22  | recv_double_avg=     90.75 B
METRICS: t_total     = 3.061e-02  t_comp = 5.174e-06  t_comm = 3.061e-02
         gflops_total= 1.696086e-04  gflops_comp= 1.003540e+00
========================================

[RESULT] 0,128,1D,0,0.026017189,0.026016235,25,16,50
[RESULT] 0,128,1D,1,0.026030064,0.026029825,25,16,50
[RESULT] 0,128,1D,2,0.026019096,0.026018858,25,16,50
[RESULT] 0,128,1D,3,0.026022434,0.026022196,25,16,50
[RESULT] 0,128,1D,4,0.026024103,0.026023865,25,16,50
[RESULT] 0,128,1D,5,0.026020288,0.026020050,25,16,50
[RESULT] 0,128,1D,6,0.026026964,0.026026726,25,16,50
[RESULT] 0,128,1D,7,0.026009798,0.026009560,25,16,50
[RESULT] 0,128,1D,8,0.026023626,0.026023388,25,16,50
[RESULT] 0,128,1D,9,0.015026331,0.015026331,25,16,50
Total execution time: 0.674 seconds
