Retrieving the matrix from '../matrices/1138_bus.mtx'...
%%MatrixMarket matrix coordinate real symmetric
1138 1138 2596
Real Matrix: Rows=1138 | Cols=1138 | NNZ=2596 | Procs=8 | Distribution=2D_cyclic
2D Process Grid (Cyclic): 2 x 4
Rank 0: Grid (0,0) | Local rows=569 | NNZ=450 | ColsGlobal
Applied 2D cyclic distribution (global column indices preserved)
Rank 1: Grid (0,1) | Local rows=569 | NNZ=228 | ColsGlobal
Rank 5: Grid (1,1) | Local rows=569 | NNZ=420 | ColsGlobal
Rank 7: Grid (1,3) | Local rows=569 | NNZ=431 | ColsGlobal
Rank 2: Grid (0,2) | Local rows=569 | NNZ=435 | ColsGlobal
Rank 3: Grid (0,3) | Local rows=569 | NNZ=220 | ColsGlobal
Rank 4: Grid (1,0) | Local rows=569 | NNZ=199 | ColsGlobal
Rank 6: Grid (1,2) | Local rows=569 | NNZ=213 | ColsGlobal
2D Comm Pattern: grid 2 x 4 | expand ghosts on rank 0: 213
2D: local vector size = 285 (column block), local rows = 569

========================================
COMPREHENSIVE METRICS SUMMARY
========================================
PROCESSES: 8
DISTRIBUTION: 2D_cyclic
GRID: 2 x 4 (proc_rows x proc_cols)
ITERATIONS: 10
Matrix NNZ: 2596
BALANCE: nnz_local   min=     199  avg=    324.50  max=     450
COMM:    ghost       min=      98  avg=    161.88  max=     213  | recv_double_avg=   1295.00 B
METRICS: t_total     = 8.160e-02  t_comp = 1.158e-02  t_comm = 8.153e-02
         gflops_total= 6.362766e-05  gflops_comp= 4.484113e-04
========================================

[RESULT] 0,8,2D_cyclic,0,0.096999884,0.079629660,450,213,900
[RESULT] 0,8,2D_cyclic,1,0.095524311,0.071617842,450,213,900
[RESULT] 0,8,2D_cyclic,2,0.074520588,0.065966606,450,213,900
[RESULT] 0,8,2D_cyclic,3,0.068032265,0.067928076,450,213,900
[RESULT] 0,8,2D_cyclic,4,0.070463657,0.068820715,450,213,900
[RESULT] 0,8,2D_cyclic,5,0.056047201,0.037377596,450,213,900
[RESULT] 0,8,2D_cyclic,6,0.067668676,0.057160854,450,213,900
[RESULT] 0,8,2D_cyclic,7,0.069679976,0.066284657,450,213,900
[RESULT] 0,8,2D_cyclic,8,0.085571051,0.057896137,450,213,900
[RESULT] 0,8,2D_cyclic,9,0.071885347,0.067924261,450,213,900
Total execution time: 1.742 seconds
