Retrieving the matrix from '../matrices/bcsstk27.mtx'...
%%MatrixMarket matrix coordinate real symmetric
1224 1224 28675
Real Matrix: Rows=1224 | Cols=1224 | NNZ=28675 | Procs=2 | Distribution=2D
2D Process Grid (Block): 1 x 2 (rows x cols)
Rank 0: Grid (0,0) | Rows [0,1224) | Cols [0,612) | LocalRows=1224 | NNZ=14618 | ColsGlobal
Applied 2D block distribution (global column indices preserved)
Rank 1: Grid (0,1) | Rows [0,1224) | Cols [612,1224) | LocalRows=1224 | NNZ=14057 | ColsGlobal
2D Comm Pattern: grid 1 x 2 | expand ghosts on rank 0: 0
2D: local vector size = 612 (column block), local rows = 1224

========================================
COMPREHENSIVE METRICS SUMMARY
========================================
PROCESSES: 2
DISTRIBUTION: 2D
GRID: 1 x 2 (proc_rows x proc_cols)
ITERATIONS: 10
Matrix NNZ: 28675
BALANCE: nnz_local   min=   14057  avg=  14337.50  max=   14618
COMM:    ghost       min=       0  avg=      0.00  max=       0  | recv_double_avg=      0.00 B
METRICS: t_total     = 1.624e-04  t_comp = 2.353e-05  t_comm = 1.407e-04
         gflops_total= 3.530652e-01  gflops_comp= 2.437116e+00
========================================

[RESULT] 0,2,2D,0,0.000243664,0.000213623,14618,0,29236
[RESULT] 0,2,2D,1,0.000169039,0.000145674,14618,0,29236
[RESULT] 0,2,2D,2,0.000160217,0.000137806,14618,0,29236
[RESULT] 0,2,2D,3,0.000145912,0.000125885,14618,0,29236
[RESULT] 0,2,2D,4,0.000156164,0.000138044,14618,0,29236
[RESULT] 0,2,2D,5,0.000145435,0.000128746,14618,0,29236
[RESULT] 0,2,2D,6,0.000154734,0.000136614,14618,0,29236
[RESULT] 0,2,2D,7,0.000150204,0.000128031,14618,0,29236
[RESULT] 0,2,2D,8,0.000147343,0.000125647,14618,0,29236
[RESULT] 0,2,2D,9,0.000151634,0.000127077,14618,0,29236
Total execution time: 0.056 seconds
