Retrieving the matrix from '../matrices/1138_bus.mtx'...
%%MatrixMarket matrix coordinate real symmetric
1138 1138 2596
Real Matrix: Rows=1138 | Cols=1138 | NNZ=2596 | Procs=32 | Distribution=1D
Applied 1D distribution
Ghost columns identified: 46 total ghost values needed
Local vector initialized (size=36 per process)

========================================
COMPREHENSIVE METRICS SUMMARY
========================================
PROCESSES: 32
DISTRIBUTION: 1D
ITERATIONS: 10
Matrix NNZ: 2596
BALANCE: nnz_local   min=      68  avg=     81.12  max=      99
COMM:    ghost       min=      30  avg=     44.03  max=      61  | recv_double_avg=    352.25 B
METRICS: t_total     = 2.726e-01  t_comp = 7.701e-03  t_comm = 2.652e-01
         gflops_total= 1.904747e-05  gflops_comp= 6.741780e-04
========================================

[RESULT] 0,32,1D,0,0.297008276,0.296993256,86,46,172
[RESULT] 0,32,1D,1,0.224015713,0.224000216,86,46,172
[RESULT] 0,32,1D,2,0.329009295,0.328992844,86,46,172
[RESULT] 0,32,1D,3,0.345982075,0.273922682,86,46,172
[RESULT] 0,32,1D,4,0.277995586,0.277255058,86,46,172
[RESULT] 0,32,1D,5,0.270274401,0.269991875,86,46,172
[RESULT] 0,32,1D,6,0.291025162,0.291007757,86,46,172
[RESULT] 0,32,1D,7,0.206001282,0.205962181,86,46,172
[RESULT] 0,32,1D,8,0.254166603,0.254152536,86,46,172
[RESULT] 0,32,1D,9,0.230343103,0.230009794,86,46,172
Total execution time: 6.371 seconds
