Retrieving the matrix from '../matrices/bcsstk27.mtx'...
%%MatrixMarket matrix coordinate real symmetric
1224 1224 28675
Real Matrix: Rows=1224 | Cols=1224 | NNZ=28675 | Procs=128 | Distribution=1D
Applied 1D distribution
Ghost columns identified: 205 total ghost values needed
Local vector initialized (size=10 per process)

========================================
COMPREHENSIVE METRICS SUMMARY
========================================
PROCESSES: 128
DISTRIBUTION: 1D
ITERATIONS: 10
Matrix NNZ: 28675
BALANCE: nnz_local   min=     201  avg=    224.02  max=     258
COMM:    ghost       min=     192  avg=    214.46  max=     248  | recv_double_avg=   1715.69 B
METRICS: t_total     = 1.360e+00  t_comp = 7.272e-06  t_comm = 1.360e+00
         gflops_total= 4.217716e-05  gflops_comp= 7.886667e+00
========================================

[RESULT] 0,128,1D,0,1.461039543,1.461033344,215,205,430
[RESULT] 0,128,1D,1,1.346982479,1.346975803,215,205,430
[RESULT] 0,128,1D,2,1.370030880,1.370022774,215,205,430
[RESULT] 0,128,1D,3,1.042093754,1.042088509,215,205,430
[RESULT] 0,128,1D,4,1.306992769,1.306987286,215,205,430
[RESULT] 0,128,1D,5,1.418972254,1.418965816,215,205,430
[RESULT] 0,128,1D,6,1.233209610,1.233204842,215,205,430
[RESULT] 0,128,1D,7,1.404000998,1.403994799,215,205,430
[RESULT] 0,128,1D,8,1.330007076,1.330000401,215,205,430
[RESULT] 0,128,1D,9,1.684077740,1.684070349,215,205,430
Total execution time: 42.854 seconds
