Retrieving the matrix from '../matrices/bcsstk27.mtx'...
%%MatrixMarket matrix coordinate real symmetric
1224 1224 28675
Real Matrix: Rows=1224 | Cols=1224 | NNZ=28675 | Procs=128 | Distribution=2D
2D Process Grid (Block): 8 x 16 (rows x cols)
Rank 0: Grid (0,0) | Rows [0,153) | Cols [0,77) | LocalRows=153 | NNZ=1827 | ColsGlobal
Applied 2D block distribution (global column indices preserved)
Rank 16: Grid (1,0) | Rows [153,306) | Cols [0,77) | LocalRows=153 | NNZ=0 | ColsGlobal
Rank 64: Grid (4,0) | Rows [612,765) | Cols [0,77) | LocalRows=153 | NNZ=0 | ColsGlobal
Rank 2: Grid (0,2) | Rows [0,153) | Cols [154,231) | LocalRows=153 | NNZ=0 | ColsGlobal
Rank 4: Grid (0,4) | Rows [0,153) | Cols [308,385) | LocalRows=153 | NNZ=0 | ColsGlobal
Rank 6: Grid (0,6) | Rows [0,153) | Cols [462,539) | LocalRows=153 | NNZ=0 | ColsGlobal
Rank 8: Grid (0,8) | Rows [0,153) | Cols [616,693) | LocalRows=153 | NNZ=0 | ColsGlobal
Rank 20: Grid (1,4) | Rows [153,306) | Cols [308,385) | LocalRows=153 | NNZ=0 | ColsGlobal
Rank 32: Grid (2,0) | Rows [306,459) | Cols [0,77) | LocalRows=153 | NNZ=0 | ColsGlobal
Rank 48: Grid (3,0) | Rows [459,612) | Cols [0,77) | LocalRows=153 | NNZ=0 | ColsGlobal
Rank 66: Grid (4,2) | Rows [612,765) | Cols [154,231) | LocalRows=153 | NNZ=0 | ColsGlobal
Rank 68: Grid (4,4) | Rows [612,765) | Cols [308,385) | LocalRows=153 | NNZ=0 | ColsGlobal
Rank 96: Grid (6,0) | Rows [918,1071) | Cols [0,77) | LocalRows=153 | NNZ=0 | ColsGlobal
Rank 10: Grid (0,10) | Rows [0,153) | Cols [770,847) | LocalRows=153 | NNZ=0 | ColsGlobal
Rank 12: Grid (0,12) | Rows [0,153) | Cols [924,1001) | LocalRows=153 | NNZ=0 | ColsGlobal
Rank 14: Grid (0,14) | Rows [0,153) | Cols [1078,1155) | LocalRows=153 | NNZ=0 | ColsGlobal
Rank 18: Grid (1,2) | Rows [153,306) | Cols [154,231) | LocalRows=153 | NNZ=1837 | ColsGlobal
Rank 22: Grid (1,6) | Rows [153,306) | Cols [462,539) | LocalRows=153 | NNZ=0 | ColsGlobal
Rank 24: Grid (1,8) | Rows [153,306) | Cols [616,693) | LocalRows=153 | NNZ=0 | ColsGlobal
Rank 26: Grid (1,10) | Rows [153,306) | Cols [770,847) | LocalRows=153 | NNZ=0 | ColsGlobal
Rank 34: Grid (2,2) | Rows [306,459) | Cols [154,231) | LocalRows=153 | NNZ=0 | ColsGlobal
Rank 36: Grid (2,4) | Rows [306,459) | Cols [308,385) | LocalRows=153 | NNZ=1873 | ColsGlobal
Rank 40: Grid (2,8) | Rows [306,459) | Cols [616,693) | LocalRows=153 | NNZ=0 | ColsGlobal
Rank 44: Grid (2,12) | Rows [306,459) | Cols [924,1001) | LocalRows=153 | NNZ=0 | ColsGlobal
Rank 50: Grid (3,2) | Rows [459,612) | Cols [154,231) | LocalRows=153 | NNZ=0 | ColsGlobal
Rank 52: Grid (3,4) | Rows [459,612) | Cols [308,385) | LocalRows=153 | NNZ=0 | ColsGlobal
Rank 56: Grid (3,8) | Rows [459,612) | Cols [616,693) | LocalRows=153 | NNZ=0 | ColsGlobal
Rank 70: Grid (4,6) | Rows [612,765) | Cols [462,539) | LocalRows=153 | NNZ=0 | ColsGlobal
Rank 74: Grid (4,10) | Rows [612,765) | Cols [770,847) | LocalRows=153 | NNZ=0 | ColsGlobal
Rank 76: Grid (4,12) | Rows [612,765) | Cols [924,1001) | LocalRows=153 | NNZ=0 | ColsGlobal
Rank 80: Grid (5,0) | Rows [765,918) | Cols [0,77) | LocalRows=153 | NNZ=0 | ColsGlobal
Rank 82: Grid (5,2) | Rows [765,918) | Cols [154,231) | LocalRows=153 | NNZ=0 | ColsGlobal
Rank 84: Grid (5,4) | Rows [765,918) | Cols [308,385) | LocalRows=153 | NNZ=0 | ColsGlobal
Rank 88: Grid (5,8) | Rows [765,918) | Cols [616,693) | LocalRows=153 | NNZ=0 | ColsGlobal
Rank 98: Grid (6,2) | Rows [918,1071) | Cols [154,231) | LocalRows=153 | NNZ=0 | ColsGlobal
Rank 100: Grid (6,4) | Rows [918,1071) | Cols [308,385) | LocalRows=153 | NNZ=0 | ColsGlobal
Rank 102: Grid (6,6) | Rows [918,1071) | Cols [462,539) | LocalRows=153 | NNZ=0 | ColsGlobal
Rank 104: Grid (6,8) | Rows [918,1071) | Cols [616,693) | LocalRows=153 | NNZ=0 | ColsGlobal
Rank 112: Grid (7,0) | Rows [1071,1224) | Cols [0,77) | LocalRows=153 | NNZ=0 | ColsGlobal
Rank 28: Grid (1,12) | Rows [153,306) | Cols [924,1001) | LocalRows=153 | NNZ=0 | ColsGlobal
Rank 30: Grid (1,14) | Rows [153,306) | Cols [1078,1155) | LocalRows=153 | NNZ=0 | ColsGlobal
Rank 38: Grid (2,6) | Rows [306,459) | Cols [462,539) | LocalRows=153 | NNZ=0 | ColsGlobal
Rank 42: Grid (2,10) | Rows [306,459) | Cols [770,847) | LocalRows=153 | NNZ=0 | ColsGlobal
Rank 46: Grid (2,14) | Rows [306,459) | Cols [1078,1155) | LocalRows=153 | NNZ=0 | ColsGlobal
Rank 54: Grid (3,6) | Rows [459,612) | Cols [462,539) | LocalRows=153 | NNZ=1859 | ColsGlobal
Rank 58: Grid (3,10) | Rows [459,612) | Cols [770,847) | LocalRows=153 | NNZ=0 | ColsGlobal
Rank 60: Grid (3,12) | Rows [459,612) | Cols [924,1001) | LocalRows=153 | NNZ=0 | ColsGlobal
Rank 62: Grid (3,14) | Rows [459,612) | Cols [1078,1155) | LocalRows=153 | NNZ=0 | ColsGlobal
Rank 72: Grid (4,8) | Rows [612,765) | Cols [616,693) | LocalRows=153 | NNZ=1855 | ColsGlobal
Rank 78: Grid (4,14) | Rows [612,765) | Cols [1078,1155) | LocalRows=153 | NNZ=0 | ColsGlobal
Rank 86: Grid (5,6) | Rows [765,918) | Cols [462,539) | LocalRows=153 | NNZ=0 | ColsGlobal
Rank 90: Grid (5,10) | Rows [765,918) | Cols [770,847) | LocalRows=153 | NNZ=1869 | ColsGlobal
Rank 92: Grid (5,12) | Rows [765,918) | Cols [924,1001) | LocalRows=153 | NNZ=0 | ColsGlobal
Rank 94: Grid (5,14) | Rows [765,918) | Cols [1078,1155) | LocalRows=153 | NNZ=0 | ColsGlobal
Rank 106: Grid (6,10) | Rows [918,1071) | Cols [770,847) | LocalRows=153 | NNZ=0 | ColsGlobal
Rank 108: Grid (6,12) | Rows [918,1071) | Cols [924,1001) | LocalRows=153 | NNZ=1831 | ColsGlobal
Rank 110: Grid (6,14) | Rows [918,1071) | Cols [1078,1155) | LocalRows=153 | NNZ=0 | ColsGlobal
Rank 114: Grid (7,2) | Rows [1071,1224) | Cols [154,231) | LocalRows=153 | NNZ=0 | ColsGlobal
Rank 116: Grid (7,4) | Rows [1071,1224) | Cols [308,385) | LocalRows=153 | NNZ=0 | ColsGlobal
Rank 118: Grid (7,6) | Rows [1071,1224) | Cols [462,539) | LocalRows=153 | NNZ=0 | ColsGlobal
Rank 120: Grid (7,8) | Rows [1071,1224) | Cols [616,693) | LocalRows=153 | NNZ=0 | ColsGlobal
Rank 122: Grid (7,10) | Rows [1071,1224) | Cols [770,847) | LocalRows=153 | NNZ=0 | ColsGlobal
Rank 124: Grid (7,12) | Rows [1071,1224) | Cols [924,1001) | LocalRows=153 | NNZ=0 | ColsGlobal
Rank 126: Grid (7,14) | Rows [1071,1224) | Cols [1078,1155) | LocalRows=153 | NNZ=1867 | ColsGlobal
Rank 81: Grid (5,1) | Rows [765,918) | Cols [77,154) | LocalRows=153 | NNZ=0 | ColsGlobal
Rank 83: Grid (5,3) | Rows [765,918) | Cols [231,308) | LocalRows=153 | NNZ=0 | ColsGlobal
Rank 85: Grid (5,5) | Rows [765,918) | Cols [385,462) | LocalRows=153 | NNZ=0 | ColsGlobal
Rank 89: Grid (5,9) | Rows [765,918) | Cols [693,770) | LocalRows=153 | NNZ=634 | ColsGlobal
Rank 87: Grid (5,7) | Rows [765,918) | Cols [539,616) | LocalRows=153 | NNZ=0 | ColsGlobal
Rank 93: Grid (5,13) | Rows [765,918) | Cols [1001,1078) | LocalRows=153 | NNZ=0 | ColsGlobal
Rank 91: Grid (5,11) | Rows [765,918) | Cols [847,924) | LocalRows=153 | NNZ=1138 | ColsGlobal
Rank 95: Grid (5,15) | Rows [765,918) | Cols [1155,1224) | LocalRows=153 | NNZ=0 | ColsGlobal
Rank 33: Grid (2,1) | Rows [306,459) | Cols [77,154) | LocalRows=153 | NNZ=0 | ColsGlobal
Rank 49: Grid (3,1) | Rows [459,612) | Cols [77,154) | LocalRows=153 | NNZ=0 | ColsGlobal
Rank 35: Grid (2,3) | Rows [306,459) | Cols [231,308) | LocalRows=153 | NNZ=630 | ColsGlobal
Rank 37: Grid (2,5) | Rows [306,459) | Cols [385,462) | LocalRows=153 | NNZ=1191 | ColsGlobal
Rank 51: Grid (3,3) | Rows [459,612) | Cols [231,308) | LocalRows=153 | NNZ=0 | ColsGlobal
Rank 57: Grid (3,9) | Rows [459,612) | Cols [693,770) | LocalRows=153 | NNZ=0 | ColsGlobal
Rank 39: Grid (2,7) | Rows [306,459) | Cols [539,616) | LocalRows=153 | NNZ=0 | ColsGlobal
Rank 53: Grid (3,5) | Rows [459,612) | Cols [385,462) | LocalRows=153 | NNZ=589 | ColsGlobal
Rank 55: Grid (3,7) | Rows [459,612) | Cols [539,616) | LocalRows=153 | NNZ=1193 | ColsGlobal
Rank 59: Grid (3,11) | Rows [459,612) | Cols [847,924) | LocalRows=153 | NNZ=0 | ColsGlobal
Rank 63: Grid (3,15) | Rows [459,612) | Cols [1155,1224) | LocalRows=153 | NNZ=0 | ColsGlobal
Rank 61: Grid (3,13) | Rows [459,612) | Cols [1001,1078) | LocalRows=153 | NNZ=0 | ColsGlobal
Rank 41: Grid (2,9) | Rows [306,459) | Cols [693,770) | LocalRows=153 | NNZ=0 | ColsGlobal
Rank 43: Grid (2,11) | Rows [306,459) | Cols [847,924) | LocalRows=153 | NNZ=0 | ColsGlobal
Rank 45: Grid (2,13) | Rows [306,459) | Cols [1001,1078) | LocalRows=153 | NNZ=0 | ColsGlobal
Rank 65: Grid (4,1) | Rows [612,765) | Cols [77,154) | LocalRows=153 | NNZ=0 | ColsGlobal
Rank 1: Grid (0,1) | Rows [0,153) | Cols [77,154) | LocalRows=153 | NNZ=1242 | ColsGlobal
Rank 5: Grid (0,5) | Rows [0,153) | Cols [385,462) | LocalRows=153 | NNZ=0 | ColsGlobal
Rank 9: Grid (0,9) | Rows [0,153) | Cols [693,770) | LocalRows=153 | NNZ=0 | ColsGlobal
Rank 69: Grid (4,5) | Rows [612,765) | Cols [385,462) | LocalRows=153 | NNZ=0 | ColsGlobal
Rank 3: Grid (0,3) | Rows [0,153) | Cols [231,308) | LocalRows=153 | NNZ=0 | ColsGlobal
Rank 13: Grid (0,13) | Rows [0,153) | Cols [1001,1078) | LocalRows=153 | NNZ=0 | ColsGlobal
Rank 47: Grid (2,15) | Rows [306,459) | Cols [1155,1224) | LocalRows=153 | NNZ=0 | ColsGlobal
Rank 67: Grid (4,3) | Rows [612,765) | Cols [231,308) | LocalRows=153 | NNZ=0 | ColsGlobal
Rank 73: Grid (4,9) | Rows [612,765) | Cols [693,770) | LocalRows=153 | NNZ=1156 | ColsGlobal
Rank 7: Grid (0,7) | Rows [0,153) | Cols [539,616) | LocalRows=153 | NNZ=0 | ColsGlobal
Rank 77: Grid (4,13) | Rows [612,765) | Cols [1001,1078) | LocalRows=153 | NNZ=0 | ColsGlobal
Rank 75: Grid (4,11) | Rows [612,765) | Cols [847,924) | LocalRows=153 | NNZ=0 | ColsGlobal
Rank 11: Grid (0,11) | Rows [0,153) | Cols [847,924) | LocalRows=153 | NNZ=0 | ColsGlobal
Rank 71: Grid (4,7) | Rows [612,765) | Cols [539,616) | LocalRows=153 | NNZ=683 | ColsGlobal
Rank 79: Grid (4,15) | Rows [612,765) | Cols [1155,1224) | LocalRows=153 | NNZ=0 | ColsGlobal
Rank 15: Grid (0,15) | Rows [0,153) | Cols [1155,1224) | LocalRows=153 | NNZ=0 | ColsGlobal
Rank 17: Grid (1,1) | Rows [153,306) | Cols [77,154) | LocalRows=153 | NNZ=552 | ColsGlobal
Rank 19: Grid (1,3) | Rows [153,306) | Cols [231,308) | LocalRows=153 | NNZ=1252 | ColsGlobal
Rank 29: Grid (1,13) | Rows [153,306) | Cols [1001,1078) | LocalRows=153 | NNZ=0 | ColsGlobal
Rank 31: Grid (1,15) | Rows [153,306) | Cols [1155,1224) | LocalRows=153 | NNZ=0 | ColsGlobal
Rank 21: Grid (1,5) | Rows [153,306) | Cols [385,462) | LocalRows=153 | NNZ=0 | ColsGlobal
Rank 23: Grid (1,7) | Rows [153,306) | Cols [539,616) | LocalRows=153 | NNZ=0 | ColsGlobal
Rank 97: Grid (6,1) | Rows [918,1071) | Cols [77,154) | LocalRows=153 | NNZ=0 | ColsGlobal
Rank 105: Grid (6,9) | Rows [918,1071) | Cols [693,770) | LocalRows=153 | NNZ=0 | ColsGlobal
Rank 99: Grid (6,3) | Rows [918,1071) | Cols [231,308) | LocalRows=153 | NNZ=0 | ColsGlobal
Rank 107: Grid (6,11) | Rows [918,1071) | Cols [847,924) | LocalRows=153 | NNZ=738 | ColsGlobal
Rank 109: Grid (6,13) | Rows [918,1071) | Cols [1001,1078) | LocalRows=153 | NNZ=1125 | ColsGlobal
Rank 111: Grid (6,15) | Rows [918,1071) | Cols [1155,1224) | LocalRows=153 | NNZ=0 | ColsGlobal
Rank 25: Grid (1,9) | Rows [153,306) | Cols [693,770) | LocalRows=153 | NNZ=0 | ColsGlobal
Rank 101: Grid (6,5) | Rows [918,1071) | Cols [385,462) | LocalRows=153 | NNZ=0 | ColsGlobal
Rank 103: Grid (6,7) | Rows [918,1071) | Cols [539,616) | LocalRows=153 | NNZ=0 | ColsGlobal
Rank 27: Grid (1,11) | Rows [153,306) | Cols [847,924) | LocalRows=153 | NNZ=0 | ColsGlobal
Rank 117: Grid (7,5) | Rows [1071,1224) | Cols [385,462) | LocalRows=153 | NNZ=0 | ColsGlobal
Rank 119: Grid (7,7) | Rows [1071,1224) | Cols [539,616) | LocalRows=153 | NNZ=0 | ColsGlobal
Rank 121: Grid (7,9) | Rows [1071,1224) | Cols [693,770) | LocalRows=153 | NNZ=0 | ColsGlobal
Rank 123: Grid (7,11) | Rows [1071,1224) | Cols [847,924) | LocalRows=153 | NNZ=0 | ColsGlobal
Rank 125: Grid (7,13) | Rows [1071,1224) | Cols [1001,1078) | LocalRows=153 | NNZ=687 | ColsGlobal
Rank 127: Grid (7,15) | Rows [1071,1224) | Cols [1155,1224) | LocalRows=153 | NNZ=1047 | ColsGlobal
Rank 113: Grid (7,1) | Rows [1071,1224) | Cols [77,154) | LocalRows=153 | NNZ=0 | ColsGlobal
Rank 115: Grid (7,3) | Rows [1071,1224) | Cols [231,308) | LocalRows=153 | NNZ=0 | ColsGlobal
2D Comm Pattern: grid 8 x 16 | expand ghosts on rank 0: 0
2D: local vector size = 77 (column block), local rows = 153

========================================
COMPREHENSIVE METRICS SUMMARY
========================================
PROCESSES: 128
DISTRIBUTION: 2D
GRID: 8 x 16 (proc_rows x proc_cols)
ITERATIONS: 10
Matrix NNZ: 28675
BALANCE: nnz_local   min=       0  avg=    224.02  max=    1873
COMM:    ghost       min=       0  avg=      0.00  max=       0  | recv_double_avg=      0.00 B
METRICS: t_total     = 2.888e-02  t_comp = 3.767e-06  t_comm = 2.888e-02
         gflops_total= 1.985836e-03  gflops_comp= 1.522426e+01
========================================

[RESULT] 0,128,2D,0,0.013017893,0.013014317,1827,0,3654
[RESULT] 0,128,2D,1,0.013018608,0.013014793,1827,0,3654
[RESULT] 0,128,2D,2,0.013016701,0.013013601,1827,0,3654
[RESULT] 0,128,2D,3,0.013019800,0.013016462,1827,0,3654
[RESULT] 0,128,2D,4,0.013019800,0.013016462,1827,0,3654
[RESULT] 0,128,2D,5,0.026012182,0.026009083,1827,0,3654
[RESULT] 0,128,2D,6,0.025011539,0.025008440,1827,0,3654
[RESULT] 0,128,2D,7,0.019005537,0.019001961,1827,0,3654
[RESULT] 0,128,2D,8,0.019010305,0.019006729,1827,0,3654
[RESULT] 0,128,2D,9,0.013024092,0.013020754,1827,0,3654
Total execution time: 0.936 seconds
