Retrieving the matrix from '../matrices/bcsstk27.mtx'...
%%MatrixMarket matrix coordinate real symmetric
1224 1224 28675
Real Matrix: Rows=1224 | Cols=1224 | NNZ=28675 | Procs=2 | Distribution=2D
2D Process Grid (Block): 1 x 2 (rows x cols)
Rank 0: Grid (0,0) | Rows [0,1224) | Cols [0,612) | LocalRows=1224 | NNZ=14618 | ColsGlobal
Applied 2D block distribution (global column indices preserved)
Rank 1: Grid (0,1) | Rows [0,1224) | Cols [612,1224) | LocalRows=1224 | NNZ=14057 | ColsGlobal
2D Comm Pattern: grid 1 x 2 | expand ghosts on rank 0: 0
2D: local vector size = 612 (column block), local rows = 1224

========================================
COMPREHENSIVE METRICS SUMMARY
========================================
PROCESSES: 2
DISTRIBUTION: 2D
GRID: 1 x 2 (proc_rows x proc_cols)
ITERATIONS: 10
Matrix NNZ: 28675
BALANCE: nnz_local   min=   14057  avg=  14337.50  max=   14618
COMM:    ghost       min=       0  avg=      0.00  max=       0  | recv_double_avg=      0.00 B
METRICS: t_total     = 1.362e-04  t_comp = 2.253e-05  t_comm = 1.137e-04
         gflops_total= 4.210456e-01  gflops_comp= 2.545432e+00
========================================

[RESULT] 0,2,2D,0,0.000137806,0.000115395,14618,0,29236
[RESULT] 0,2,2D,1,0.000143290,0.000120878,14618,0,29236
[RESULT] 0,2,2D,2,0.000132799,0.000110626,14618,0,29236
[RESULT] 0,2,2D,3,0.000130415,0.000108480,14618,0,29236
[RESULT] 0,2,2D,4,0.000131845,0.000109673,14618,0,29236
[RESULT] 0,2,2D,5,0.000148296,0.000126123,14618,0,29236
[RESULT] 0,2,2D,6,0.000133276,0.000110865,14618,0,29236
[RESULT] 0,2,2D,7,0.000167370,0.000144958,14618,0,29236
[RESULT] 0,2,2D,8,0.000121117,0.000096083,14618,0,29236
[RESULT] 0,2,2D,9,0.000115871,0.000093699,14618,0,29236
Total execution time: 0.027 seconds
