Retrieving the matrix from '../matrices/Andrews.mtx'...
%%MatrixMarket matrix coordinate integer symmetric
60000 60000 410077
Real Matrix: Rows=60000 | Cols=60000 | NNZ=410077 | Procs=4 | Distribution=2D
2D Process Grid (Block): 2 x 2 (rows x cols)
Rank 1: Grid (0,1) | Rows [0,30000) | Cols [30000,60000) | LocalRows=30000 | NNZ=0 | ColsGlobal
Rank 0: Grid (0,0) | Rows [0,30000) | Cols [0,30000) | LocalRows=30000 | NNZ=120991 | ColsGlobal
Applied 2D block distribution (global column indices preserved)
Rank 3: Grid (1,1) | Rows [30000,60000) | Cols [30000,60000) | LocalRows=30000 | NNZ=119418 | ColsGlobal
Rank 2: Grid (1,0) | Rows [30000,60000) | Cols [0,30000) | LocalRows=30000 | NNZ=169668 | ColsGlobal
2D Comm Pattern: grid 2 x 2 | expand ghosts on rank 0: 0
2D: local vector size = 30000 (column block), local rows = 30000

========================================
COMPREHENSIVE METRICS SUMMARY
========================================
PROCESSES: 4
DISTRIBUTION: 2D
GRID: 2 x 2 (proc_rows x proc_cols)
ITERATIONS: 10
Matrix NNZ: 410077
BALANCE: nnz_local   min=       0  avg= 102519.25  max=  169668
COMM:    ghost       min=       0  avg=      0.00  max=       0  | recv_double_avg=      0.00 B
METRICS: t_total     = 9.979e-04  t_comp = 4.816e-04  t_comm = 7.652e-04
         gflops_total= 8.219184e-01  gflops_comp= 1.703127e+00
========================================

[RESULT] 0,4,2D,0,0.000879288,0.000469208,120991,0,241982
[RESULT] 0,4,2D,1,0.000826836,0.000425100,120991,0,241982
[RESULT] 0,4,2D,2,0.000851870,0.000449657,120991,0,241982
[RESULT] 0,4,2D,3,0.000768185,0.000366926,120991,0,241982
[RESULT] 0,4,2D,4,0.000844002,0.000443697,120991,0,241982
[RESULT] 0,4,2D,5,0.000854254,0.000454903,120991,0,241982
[RESULT] 0,4,2D,6,0.000851870,0.000450850,120991,0,241982
[RESULT] 0,4,2D,7,0.000781775,0.000379324,120991,0,241982
[RESULT] 0,4,2D,8,0.000775576,0.000374556,120991,0,241982
[RESULT] 0,4,2D,9,0.000853539,0.000451803,120991,0,241982
Total execution time: 0.226 seconds
