Retrieving the matrix from '../matrices/Andrews.mtx'...
%%MatrixMarket matrix coordinate integer symmetric
60000 60000 410077
Real Matrix: Rows=60000 | Cols=60000 | NNZ=410077 | Procs=64 | Distribution=1D
Applied 1D distribution
Ghost columns identified: 4870 total ghost values needed
Local vector initialized (size=938 per process)

========================================
COMPREHENSIVE METRICS SUMMARY
========================================
PROCESSES: 64
DISTRIBUTION: 1D
ITERATIONS: 10
Matrix NNZ: 410077
BALANCE: nnz_local   min=    6127  avg=   6407.45  max=    6770
COMM:    ghost       min=    4678  avg=   4957.20  max=    5252  | recv_double_avg=  39657.62 B
METRICS: t_total     = 1.256e-03  t_comp = 7.782e-05  t_comm = 1.181e-03
         gflops_total= 6.531805e-01  gflops_comp= 1.053914e+01
========================================

[RESULT] 0,64,1D,0,0.001541615,0.001462698,6299,4870,12598
[RESULT] 0,64,1D,1,0.001639843,0.001596451,6299,4870,12598
[RESULT] 0,64,1D,2,0.001534700,0.001478910,6299,4870,12598
[RESULT] 0,64,1D,3,0.001494169,0.001451969,6299,4870,12598
[RESULT] 0,64,1D,4,0.000956059,0.000913143,6299,4870,12598
[RESULT] 0,64,1D,5,0.000905514,0.000864029,6299,4870,12598
[RESULT] 0,64,1D,6,0.000919819,0.000878572,6299,4870,12598
[RESULT] 0,64,1D,7,0.000996590,0.000955105,6299,4870,12598
[RESULT] 0,64,1D,8,0.000968456,0.000932217,6299,4870,12598
[RESULT] 0,64,1D,9,0.000956059,0.000919104,6299,4870,12598
Total execution time: 0.410 seconds
