Retrieving the matrix from '../matrices/bcsstk27.mtx'...
%%MatrixMarket matrix coordinate real symmetric
1224 1224 28675
Real Matrix: Rows=1224 | Cols=1224 | NNZ=28675 | Procs=32 | Distribution=2D
2D Process Grid (Block): 4 x 8 (rows x cols)
Rank 1: Grid (0,1) | Rows [0,306) | Cols [153,306) | LocalRows=306 | NNZ=3109 | ColsGlobal
Rank 2: Grid (0,2) | Rows [0,306) | Cols [306,459) | LocalRows=306 | NNZ=0 | ColsGlobal
Rank 3: Grid (0,3) | Rows [0,306) | Cols [459,612) | LocalRows=306 | NNZ=0 | ColsGlobal
Rank 4: Grid (0,4) | Rows [0,306) | Cols [612,765) | LocalRows=306 | NNZ=0 | ColsGlobal
Rank 5: Grid (0,5) | Rows [0,306) | Cols [765,918) | LocalRows=306 | NNZ=0 | ColsGlobal
Rank 8: Grid (1,0) | Rows [306,612) | Cols [0,153) | LocalRows=306 | NNZ=0 | ColsGlobal
Rank 9: Grid (1,1) | Rows [306,612) | Cols [153,306) | LocalRows=306 | NNZ=573 | ColsGlobal
Rank 16: Grid (2,0) | Rows [612,918) | Cols [0,153) | LocalRows=306 | NNZ=0 | ColsGlobal
Rank 17: Grid (2,1) | Rows [612,918) | Cols [153,306) | LocalRows=306 | NNZ=0 | ColsGlobal
Rank 0: Grid (0,0) | Rows [0,306) | Cols [0,153) | LocalRows=306 | NNZ=3601 | ColsGlobal
Applied 2D block distribution (global column indices preserved)
Rank 7: Grid (0,7) | Rows [0,306) | Cols [1071,1224) | LocalRows=306 | NNZ=0 | ColsGlobal
Rank 12: Grid (1,4) | Rows [306,612) | Cols [612,765) | LocalRows=306 | NNZ=0 | ColsGlobal
Rank 13: Grid (1,5) | Rows [306,612) | Cols [765,918) | LocalRows=306 | NNZ=0 | ColsGlobal
Rank 24: Grid (3,0) | Rows [918,1224) | Cols [0,153) | LocalRows=306 | NNZ=0 | ColsGlobal
Rank 19: Grid (2,3) | Rows [612,918) | Cols [459,612) | LocalRows=306 | NNZ=573 | ColsGlobal
Rank 6: Grid (0,6) | Rows [0,306) | Cols [918,1071) | LocalRows=306 | NNZ=0 | ColsGlobal
Rank 25: Grid (3,1) | Rows [918,1224) | Cols [153,306) | LocalRows=306 | NNZ=0 | ColsGlobal
Rank 18: Grid (2,2) | Rows [612,918) | Cols [306,459) | LocalRows=306 | NNZ=0 | ColsGlobal
Rank 27: Grid (3,3) | Rows [918,1224) | Cols [459,612) | LocalRows=306 | NNZ=0 | ColsGlobal
Rank 14: Grid (1,6) | Rows [306,612) | Cols [918,1071) | LocalRows=306 | NNZ=0 | ColsGlobal
Rank 23: Grid (2,7) | Rows [612,918) | Cols [1071,1224) | LocalRows=306 | NNZ=0 | ColsGlobal
Rank 28: Grid (3,4) | Rows [918,1224) | Cols [612,765) | LocalRows=306 | NNZ=0 | ColsGlobal
Rank 15: Grid (1,7) | Rows [306,612) | Cols [1071,1224) | LocalRows=306 | NNZ=0 | ColsGlobal
Rank 26: Grid (3,2) | Rows [918,1224) | Cols [306,459) | LocalRows=306 | NNZ=0 | ColsGlobal
Rank 29: Grid (3,5) | Rows [918,1224) | Cols [765,918) | LocalRows=306 | NNZ=573 | ColsGlobal
Rank 22: Grid (2,6) | Rows [612,918) | Cols [918,1071) | LocalRows=306 | NNZ=0 | ColsGlobal
Rank 21: Grid (2,5) | Rows [612,918) | Cols [765,918) | LocalRows=306 | NNZ=3109 | ColsGlobal
Rank 10: Grid (1,2) | Rows [306,612) | Cols [306,459) | LocalRows=306 | NNZ=3653 | ColsGlobal
Rank 11: Grid (1,3) | Rows [306,612) | Cols [459,612) | LocalRows=306 | NNZ=3109 | ColsGlobal
Rank 20: Grid (2,4) | Rows [612,918) | Cols [612,765) | LocalRows=306 | NNZ=3653 | ColsGlobal
Rank 31: Grid (3,7) | Rows [918,1224) | Cols [1071,1224) | LocalRows=306 | NNZ=3069 | ColsGlobal
Rank 30: Grid (3,6) | Rows [918,1224) | Cols [918,1071) | LocalRows=306 | NNZ=3653 | ColsGlobal
2D Comm Pattern: grid 4 x 8 | expand ghosts on rank 0: 0
2D: local vector size = 153 (column block), local rows = 306

========================================
COMPREHENSIVE METRICS SUMMARY
========================================
PROCESSES: 32
DISTRIBUTION: 2D
GRID: 4 x 8 (proc_rows x proc_cols)
ITERATIONS: 10
Matrix NNZ: 28675
BALANCE: nnz_local   min=       0  avg=    896.09  max=    3653
COMM:    ghost       min=       0  avg=      0.00  max=       0  | recv_double_avg=      0.00 B
METRICS: t_total     = 1.201e-04  t_comp = 5.794e-06  t_comm = 1.195e-04
         gflops_total= 4.775528e-01  gflops_comp= 9.898903e+00
========================================

[RESULT] 0,32,2D,0,0.000140190,0.000133991,3601,0,7202
[RESULT] 0,32,2D,1,0.000170469,0.000164270,3601,0,7202
[RESULT] 0,32,2D,2,0.000088692,0.000083208,3601,0,7202
[RESULT] 0,32,2D,3,0.000111103,0.000105381,3601,0,7202
[RESULT] 0,32,2D,4,0.000106096,0.000100374,3601,0,7202
[RESULT] 0,32,2D,5,0.000095367,0.000089407,3601,0,7202
[RESULT] 0,32,2D,6,0.000126123,0.000120640,3601,0,7202
[RESULT] 0,32,2D,7,0.000116348,0.000110626,3601,0,7202
[RESULT] 0,32,2D,8,0.000115633,0.000109911,3601,0,7202
[RESULT] 0,32,2D,9,0.000110149,0.000104666,3601,0,7202
Total execution time: 0.031 seconds
