Retrieving the matrix from '../matrices/bcsstk27.mtx'...
%%MatrixMarket matrix coordinate real symmetric
1224 1224 28675
Real Matrix: Rows=1224 | Cols=1224 | NNZ=28675 | Procs=16 | Distribution=2D_cyclic
2D Process Grid (Cyclic): 4 x 4
Rank 1: Grid (0,1) | Local rows=306 | NNZ=1739 | ColsGlobal
Rank 3: Grid (0,3) | Local rows=306 | NNZ=1914 | ColsGlobal
Rank 5: Grid (1,1) | Local rows=306 | NNZ=1918 | ColsGlobal
Rank 9: Grid (2,1) | Local rows=306 | NNZ=1915 | ColsGlobal
Rank 13: Grid (3,1) | Local rows=306 | NNZ=1745 | ColsGlobal
Rank 0: Grid (0,0) | Local rows=306 | NNZ=1922 | ColsGlobal
Applied 2D cyclic distribution (global column indices preserved)
Rank 7: Grid (1,3) | Local rows=306 | NNZ=1738 | ColsGlobal
Rank 11: Grid (2,3) | Local rows=306 | NNZ=1735 | ColsGlobal
Rank 15: Grid (3,3) | Local rows=306 | NNZ=1920 | ColsGlobal
Rank 2: Grid (0,2) | Local rows=306 | NNZ=1742 | ColsGlobal
Rank 4: Grid (1,0) | Local rows=306 | NNZ=1745 | ColsGlobal
Rank 8: Grid (2,0) | Local rows=306 | NNZ=1740 | ColsGlobal
Rank 12: Grid (3,0) | Local rows=306 | NNZ=1621 | ColsGlobal
Rank 6: Grid (1,2) | Local rows=306 | NNZ=1615 | ColsGlobal
Rank 10: Grid (2,2) | Local rows=306 | NNZ=1917 | ColsGlobal
Rank 14: Grid (3,2) | Local rows=306 | NNZ=1749 | ColsGlobal
2D Comm Pattern: grid 4 x 4 | expand ghosts on rank 0: 229
2D: local vector size = 306 (column block), local rows = 306

========================================
COMPREHENSIVE METRICS SUMMARY
========================================
PROCESSES: 16
DISTRIBUTION: 2D_cyclic
GRID: 4 x 4 (proc_rows x proc_cols)
ITERATIONS: 10
Matrix NNZ: 28675
BALANCE: nnz_local   min=    1615  avg=   1792.19  max=    1922
COMM:    ghost       min=     229  avg=    229.31  max=     230  | recv_double_avg=   1834.50 B
METRICS: t_total     = 1.811e-04  t_comp = 5.364e-06  t_comm = 1.773e-04
         gflops_total= 3.166294e-01  gflops_comp= 1.069081e+01
========================================

[RESULT] 0,16,2D_cyclic,0,0.000140667,0.000136137,1922,229,3844
[RESULT] 0,16,2D_cyclic,1,0.000179529,0.000175476,1922,229,3844
[RESULT] 0,16,2D_cyclic,2,0.000182867,0.000178814,1922,229,3844
[RESULT] 0,16,2D_cyclic,3,0.000182867,0.000178814,1922,229,3844
[RESULT] 0,16,2D_cyclic,4,0.000179529,0.000175714,1922,229,3844
[RESULT] 0,16,2D_cyclic,5,0.000168085,0.000164032,1922,229,3844
[RESULT] 0,16,2D_cyclic,6,0.000175714,0.000171900,1922,229,3844
[RESULT] 0,16,2D_cyclic,7,0.000122547,0.000118494,1922,229,3844
[RESULT] 0,16,2D_cyclic,8,0.000185490,0.000181437,1922,229,3844
[RESULT] 0,16,2D_cyclic,9,0.000146866,0.000143051,1922,229,3844
Total execution time: 0.031 seconds
