Retrieving the matrix from '../matrices/Andrews.mtx'...
%%MatrixMarket matrix coordinate integer symmetric
60000 60000 410077
Real Matrix: Rows=60000 | Cols=60000 | NNZ=410077 | Procs=64 | Distribution=1D
Applied 1D distribution
Ghost columns identified: 4870 total ghost values needed
Local vector initialized (size=938 per process)

========================================
COMPREHENSIVE METRICS SUMMARY
========================================
PROCESSES: 64
DISTRIBUTION: 1D
ITERATIONS: 10
Matrix NNZ: 410077
BALANCE: nnz_local   min=    6127  avg=   6407.45  max=    6770
COMM:    ghost       min=    4678  avg=   4957.20  max=    5252  | recv_double_avg=  39657.62 B
METRICS: t_total     = 8.061e-01  t_comp = 6.697e-05  t_comm = 8.061e-01
         gflops_total= 1.017377e-03  gflops_comp= 1.224626e+01
========================================

[RESULT] 0,64,1D,0,0.601061583,0.600993872,6299,4870,12598
[RESULT] 0,64,1D,1,1.071050406,1.070986032,6299,4870,12598
[RESULT] 0,64,1D,2,0.804025173,0.803956509,6299,4870,12598
[RESULT] 0,64,1D,3,0.988035440,0.987970352,6299,4870,12598
[RESULT] 0,64,1D,4,0.865030050,0.864965916,6299,4870,12598
[RESULT] 0,64,1D,5,0.748038530,0.747972727,6299,4870,12598
[RESULT] 0,64,1D,6,0.902014732,0.901947737,6299,4870,12598
[RESULT] 0,64,1D,7,0.816297770,0.816234827,6299,4870,12598
[RESULT] 0,64,1D,8,0.547097206,0.547034502,6299,4870,12598
[RESULT] 0,64,1D,9,0.718805313,0.718740702,6299,4870,12598
Total execution time: 41.822 seconds
