Retrieving the matrix from '../matrices/Andrews.mtx'...
%%MatrixMarket matrix coordinate integer symmetric
60000 60000 410077
Real Matrix: Rows=60000 | Cols=60000 | NNZ=410077 | Procs=128 | Distribution=2D_cyclic
Rank 120: Grid (7,8) | Local rows=7500 | NNZ=1660 | ColsGlobal
Rank 118: Grid (7,6) | Local rows=7500 | NNZ=1747 | ColsGlobal
Rank 116: Grid (7,4) | Local rows=7500 | NNZ=1715 | ColsGlobal
Rank 117: Grid (7,5) | Local rows=7500 | NNZ=3772 | ColsGlobal
Rank 114: Grid (7,2) | Local rows=7500 | NNZ=1623 | ColsGlobal
Rank 121: Grid (7,9) | Local rows=7500 | NNZ=3751 | ColsGlobal
Rank 30: Grid (1,14) | Local rows=7500 | NNZ=1706 | ColsGlobal
Rank 119: Grid (7,7) | Local rows=7500 | NNZ=7541 | ColsGlobal
Rank 28: Grid (1,12) | Local rows=7500 | NNZ=1668 | ColsGlobal
Rank 112: Grid (7,0) | Local rows=7500 | NNZ=1701 | ColsGlobal
Rank 48: Grid (3,0) | Local rows=7500 | NNZ=1621 | ColsGlobal
Rank 52: Grid (3,4) | Local rows=7500 | NNZ=1617 | ColsGlobal
Rank 115: Grid (7,3) | Local rows=7500 | NNZ=3910 | ColsGlobal
Rank 113: Grid (7,1) | Local rows=7500 | NNZ=3839 | ColsGlobal
Rank 26: Grid (1,10) | Local rows=7500 | NNZ=1707 | ColsGlobal
Rank 29: Grid (1,13) | Local rows=7500 | NNZ=3860 | ColsGlobal
Rank 111: Grid (6,15) | Local rows=7500 | NNZ=1644 | ColsGlobal
Rank 24: Grid (1,8) | Local rows=7500 | NNZ=1723 | ColsGlobal
Rank 50: Grid (3,2) | Local rows=7500 | NNZ=1778 | ColsGlobal
Rank 46: Grid (2,14) | Local rows=7500 | NNZ=3746 | ColsGlobal
Rank 110: Grid (6,14) | Local rows=7500 | NNZ=7474 | ColsGlobal
Rank 47: Grid (2,15) | Local rows=7500 | NNZ=1729 | ColsGlobal
Rank 53: Grid (3,5) | Local rows=7500 | NNZ=3830 | ColsGlobal
Rank 49: Grid (3,1) | Local rows=7500 | NNZ=3736 | ColsGlobal
Rank 27: Grid (1,11) | Local rows=7500 | NNZ=3789 | ColsGlobal
Rank 51: Grid (3,3) | Local rows=7500 | NNZ=7641 | ColsGlobal
Rank 109: Grid (6,13) | Local rows=7500 | NNZ=1709 | ColsGlobal
Rank 69: Grid (4,5) | Local rows=7500 | NNZ=1718 | ColsGlobal
Rank 45: Grid (2,13) | Local rows=7500 | NNZ=1704 | ColsGlobal
Rank 25: Grid (1,9) | Local rows=7500 | NNZ=7468 | ColsGlobal
Rank 98: Grid (6,2) | Local rows=7500 | NNZ=3853 | ColsGlobal
Rank 68: Grid (4,4) | Local rows=7500 | NNZ=7373 | ColsGlobal
Rank 107: Grid (6,11) | Local rows=7500 | NNZ=1701 | ColsGlobal
Rank 108: Grid (6,12) | Local rows=7500 | NNZ=3862 | ColsGlobal
Rank 22: Grid (1,6) | Local rows=7500 | NNZ=1663 | ColsGlobal
Rank 44: Grid (2,12) | Local rows=7500 | NNZ=3730 | ColsGlobal
Rank 23: Grid (1,7) | Local rows=7500 | NNZ=3772 | ColsGlobal
Rank 67: Grid (4,3) | Local rows=7500 | NNZ=1647 | ColsGlobal
Rank 99: Grid (6,3) | Local rows=7500 | NNZ=1595 | ColsGlobal
Rank 97: Grid (6,1) | Local rows=7500 | NNZ=1670 | ColsGlobal
2D Process Grid (Cyclic): 8 x 16
Rank 43: Grid (2,11) | Local rows=7500 | NNZ=1615 | ColsGlobal
Rank 105: Grid (6,9) | Local rows=7500 | NNZ=1612 | ColsGlobal
Rank 66: Grid (4,2) | Local rows=7500 | NNZ=3823 | ColsGlobal
Rank 39: Grid (2,7) | Local rows=7500 | NNZ=1624 | ColsGlobal
Rank 106: Grid (6,10) | Local rows=7500 | NNZ=3733 | ColsGlobal
Rank 65: Grid (4,1) | Local rows=7500 | NNZ=1617 | ColsGlobal
Rank 20: Grid (1,4) | Local rows=7500 | NNZ=1676 | ColsGlobal
Rank 96: Grid (6,0) | Local rows=7500 | NNZ=3708 | ColsGlobal
Rank 42: Grid (2,10) | Local rows=7500 | NNZ=7421 | ColsGlobal
Rank 21: Grid (1,5) | Local rows=7500 | NNZ=3938 | ColsGlobal
Rank 41: Grid (2,9) | Local rows=7500 | NNZ=1723 | ColsGlobal
Rank 125: Grid (7,13) | Local rows=7500 | NNZ=3850 | ColsGlobal
Rank 95: Grid (5,15) | Local rows=7500 | NNZ=3977 | ColsGlobal
Rank 64: Grid (4,0) | Local rows=7500 | NNZ=3650 | ColsGlobal
Rank 94: Grid (5,14) | Local rows=7500 | NNZ=1740 | ColsGlobal
Rank 103: Grid (6,7) | Local rows=7500 | NNZ=1687 | ColsGlobal
Rank 40: Grid (2,8) | Local rows=7500 | NNZ=3730 | ColsGlobal
Rank 61: Grid (3,13) | Local rows=7500 | NNZ=3801 | ColsGlobal
Rank 60: Grid (3,12) | Local rows=7500 | NNZ=1675 | ColsGlobal
Rank 104: Grid (6,8) | Local rows=7500 | NNZ=3715 | ColsGlobal
Rank 18: Grid (1,2) | Local rows=7500 | NNZ=1640 | ColsGlobal
Rank 123: Grid (7,11) | Local rows=7500 | NNZ=3948 | ColsGlobal
Rank 122: Grid (7,10) | Local rows=7500 | NNZ=1722 | ColsGlobal
Rank 101: Grid (6,5) | Local rows=7500 | NNZ=1687 | ColsGlobal
Rank 57: Grid (3,9) | Local rows=7500 | NNZ=3784 | ColsGlobal
Rank 19: Grid (1,3) | Local rows=7500 | NNZ=3937 | ColsGlobal
Rank 124: Grid (7,12) | Local rows=7500 | NNZ=1696 | ColsGlobal
Rank 92: Grid (5,12) | Local rows=7500 | NNZ=1733 | ColsGlobal
Rank 58: Grid (3,10) | Local rows=7500 | NNZ=1617 | ColsGlobal
Rank 16: Grid (1,0) | Local rows=7500 | NNZ=1693 | ColsGlobal
Rank 89: Grid (5,9) | Local rows=7500 | NNZ=3899 | ColsGlobal
Rank 38: Grid (2,6) | Local rows=7500 | NNZ=3737 | ColsGlobal
Rank 62: Grid (3,14) | Local rows=7500 | NNZ=1666 | ColsGlobal
Rank 93: Grid (5,13) | Local rows=7500 | NNZ=7593 | ColsGlobal
Rank 100: Grid (6,4) | Local rows=7500 | NNZ=3726 | ColsGlobal
Rank 63: Grid (3,15) | Local rows=7500 | NNZ=3896 | ColsGlobal
Rank 56: Grid (3,8) | Local rows=7500 | NNZ=1714 | ColsGlobal
Rank 54: Grid (3,6) | Local rows=7500 | NNZ=1728 | ColsGlobal
Rank 59: Grid (3,11) | Local rows=7500 | NNZ=7586 | ColsGlobal
Rank 90: Grid (5,10) | Local rows=7500 | NNZ=1741 | ColsGlobal
Rank 33: Grid (2,1) | Local rows=7500 | NNZ=1669 | ColsGlobal
Rank 55: Grid (3,7) | Local rows=7500 | NNZ=3817 | ColsGlobal
Rank 32: Grid (2,0) | Local rows=7500 | NNZ=3745 | ColsGlobal
Rank 15: Grid (0,15) | Local rows=7500 | NNZ=1656 | ColsGlobal
Rank 37: Grid (2,5) | Local rows=7500 | NNZ=1610 | ColsGlobal
Rank 91: Grid (5,11) | Local rows=7500 | NNZ=3883 | ColsGlobal
Rank 88: Grid (5,8) | Local rows=7500 | NNZ=1745 | ColsGlobal
Rank 31: Grid (1,15) | Local rows=7500 | NNZ=3935 | ColsGlobal
Rank 36: Grid (2,4) | Local rows=7500 | NNZ=3723 | ColsGlobal
Rank 102: Grid (6,6) | Local rows=7500 | NNZ=7487 | ColsGlobal
Rank 86: Grid (5,6) | Local rows=7500 | NNZ=1690 | ColsGlobal
Rank 11: Grid (0,11) | Local rows=7500 | NNZ=1704 | ColsGlobal
Rank 35: Grid (2,3) | Local rows=7500 | NNZ=1663 | ColsGlobal
Rank 70: Grid (4,6) | Local rows=7500 | NNZ=3672 | ColsGlobal
Rank 17: Grid (1,1) | Local rows=7500 | NNZ=7627 | ColsGlobal
Rank 12: Grid (0,12) | Local rows=7500 | NNZ=3638 | ColsGlobal
Rank 87: Grid (5,7) | Local rows=7500 | NNZ=3902 | ColsGlobal
Rank 14: Grid (0,14) | Local rows=7500 | NNZ=3733 | ColsGlobal
Rank 34: Grid (2,2) | Local rows=7500 | NNZ=7487 | ColsGlobal
Rank 85: Grid (5,5) | Local rows=7500 | NNZ=7674 | ColsGlobal
Rank 126: Grid (7,14) | Local rows=7500 | NNZ=1713 | ColsGlobal
Rank 13: Grid (0,13) | Local rows=7500 | NNZ=1708 | ColsGlobal
Rank 10: Grid (0,10) | Local rows=7500 | NNZ=3600 | ColsGlobal
Rank 6: Grid (0,6) | Local rows=7500 | NNZ=3770 | ColsGlobal
Rank 4: Grid (0,4) | Local rows=7500 | NNZ=3741 | ColsGlobal
Rank 9: Grid (0,9) | Local rows=7500 | NNZ=1756 | ColsGlobal
Rank 7: Grid (0,7) | Local rows=7500 | NNZ=1707 | ColsGlobal
Rank 73: Grid (4,9) | Local rows=7500 | NNZ=1692 | ColsGlobal
Rank 127: Grid (7,15) | Local rows=7500 | NNZ=7531 | ColsGlobal
Rank 8: Grid (0,8) | Local rows=7500 | NNZ=7512 | ColsGlobal
Rank 3: Grid (0,3) | Local rows=7500 | NNZ=1680 | ColsGlobal
Rank 2: Grid (0,2) | Local rows=7500 | NNZ=3720 | ColsGlobal
Rank 71: Grid (4,7) | Local rows=7500 | NNZ=1685 | ColsGlobal
Rank 83: Grid (5,3) | Local rows=7500 | NNZ=3867 | ColsGlobal
Rank 1: Grid (0,1) | Local rows=7500 | NNZ=1582 | ColsGlobal
Rank 75: Grid (4,11) | Local rows=7500 | NNZ=1610 | ColsGlobal
Rank 79: Grid (4,15) | Local rows=7500 | NNZ=1814 | ColsGlobal
Rank 84: Grid (5,4) | Local rows=7500 | NNZ=1711 | ColsGlobal
Rank 0: Grid (0,0) | Local rows=7500 | NNZ=7494 | ColsGlobal
Applied 2D cyclic distribution (global column indices preserved)
Rank 77: Grid (4,13) | Local rows=7500 | NNZ=1619 | ColsGlobal
Rank 81: Grid (5,1) | Local rows=7500 | NNZ=3875 | ColsGlobal
Rank 80: Grid (5,0) | Local rows=7500 | NNZ=1688 | ColsGlobal
Rank 5: Grid (0,5) | Local rows=7500 | NNZ=1622 | ColsGlobal
Rank 82: Grid (5,2) | Local rows=7500 | NNZ=1668 | ColsGlobal
Rank 72: Grid (4,8) | Local rows=7500 | NNZ=3706 | ColsGlobal
Rank 74: Grid (4,10) | Local rows=7500 | NNZ=3770 | ColsGlobal
Rank 78: Grid (4,14) | Local rows=7500 | NNZ=3702 | ColsGlobal
Rank 76: Grid (4,12) | Local rows=7500 | NNZ=7423 | ColsGlobal
2D Comm Pattern: grid 8 x 16 | expand ghosts on rank 0: 3515
2D: local vector size = 3750 (column block), local rows = 7500

========================================
COMPREHENSIVE METRICS SUMMARY
========================================
PROCESSES: 128
DISTRIBUTION: 2D_cyclic
GRID: 8 x 16 (proc_rows x proc_cols)
ITERATIONS: 10
Matrix NNZ: 410077
BALANCE: nnz_local   min=    1582  avg=   3203.73  max=    7674
COMM:    ghost       min=    1004  avg=   1727.10  max=    3516  | recv_double_avg=  13816.81 B
METRICS: t_total     = 1.406e-03  t_comp = 8.569e-05  t_comm = 1.375e-03
         gflops_total= 5.834917e-01  gflops_comp= 9.571439e+00
========================================

[RESULT] 0,128,2D_cyclic,0,0.001314640,0.001251698,7494,3515,14988
[RESULT] 0,128,2D_cyclic,1,0.001446486,0.001370430,7494,3515,14988
[RESULT] 0,128,2D_cyclic,2,0.001374960,0.001314878,7494,3515,14988
[RESULT] 0,128,2D_cyclic,3,0.001392365,0.001332521,7494,3515,14988
[RESULT] 0,128,2D_cyclic,4,0.001397133,0.001337528,7494,3515,14988
[RESULT] 0,128,2D_cyclic,5,0.001352310,0.001292229,7494,3515,14988
[RESULT] 0,128,2D_cyclic,6,0.001432180,0.001372814,7494,3515,14988
[RESULT] 0,128,2D_cyclic,7,0.001374722,0.001314640,7494,3515,14988
[RESULT] 0,128,2D_cyclic,8,0.001365900,0.001306534,7494,3515,14988
[RESULT] 0,128,2D_cyclic,9,0.001359701,0.001300097,7494,3515,14988
Total execution time: 0.601 seconds
