Retrieving the matrix from '../matrices/bcsstk27.mtx'...
%%MatrixMarket matrix coordinate real symmetric
1224 1224 28675
Real Matrix: Rows=1224 | Cols=1224 | NNZ=28675 | Procs=16 | Distribution=2D
Rank 1: Grid (0,1) | Rows [0,306) | Cols [306,612) | LocalRows=306 | NNZ=0 | ColsGlobal
Rank 9: Grid (2,1) | Rows [612,918) | Cols [306,612) | LocalRows=306 | NNZ=573 | ColsGlobal
Rank 13: Grid (3,1) | Rows [918,1224) | Cols [306,612) | LocalRows=306 | NNZ=0 | ColsGlobal
Rank 3: Grid (0,3) | Rows [0,306) | Cols [918,1224) | LocalRows=306 | NNZ=0 | ColsGlobal
Rank 5: Grid (1,1) | Rows [306,612) | Cols [306,612) | LocalRows=306 | NNZ=6762 | ColsGlobal
Rank 11: Grid (2,3) | Rows [612,918) | Cols [918,1224) | LocalRows=306 | NNZ=0 | ColsGlobal
Rank 7: Grid (1,3) | Rows [306,612) | Cols [918,1224) | LocalRows=306 | NNZ=0 | ColsGlobal
Rank 15: Grid (3,3) | Rows [918,1224) | Cols [918,1224) | LocalRows=306 | NNZ=6722 | ColsGlobal
2D Process Grid (Block): 4 x 4 (rows x cols)
Rank 0: Grid (0,0) | Rows [0,306) | Cols [0,306) | LocalRows=306 | NNZ=6710 | ColsGlobal
Applied 2D block distribution (global column indices preserved)
Rank 8: Grid (2,0) | Rows [612,918) | Cols [0,306) | LocalRows=306 | NNZ=0 | ColsGlobal
Rank 2: Grid (0,2) | Rows [0,306) | Cols [612,918) | LocalRows=306 | NNZ=0 | ColsGlobal
Rank 10: Grid (2,2) | Rows [612,918) | Cols [612,918) | LocalRows=306 | NNZ=6762 | ColsGlobal
Rank 4: Grid (1,0) | Rows [306,612) | Cols [0,306) | LocalRows=306 | NNZ=573 | ColsGlobal
Rank 6: Grid (1,2) | Rows [306,612) | Cols [612,918) | LocalRows=306 | NNZ=0 | ColsGlobal
Rank 12: Grid (3,0) | Rows [918,1224) | Cols [0,306) | LocalRows=306 | NNZ=0 | ColsGlobal
Rank 14: Grid (3,2) | Rows [918,1224) | Cols [612,918) | LocalRows=306 | NNZ=573 | ColsGlobal
2D Comm Pattern: grid 4 x 4 | expand ghosts on rank 0: 0
2D: local vector size = 306 (column block), local rows = 306

========================================
COMPREHENSIVE METRICS SUMMARY
========================================
PROCESSES: 16
DISTRIBUTION: 2D
GRID: 4 x 4 (proc_rows x proc_cols)
ITERATIONS: 10
Matrix NNZ: 28675
BALANCE: nnz_local   min=       0  avg=   1792.19  max=    6762
COMM:    ghost       min=       0  avg=      0.00  max=       0  | recv_double_avg=      0.00 B
METRICS: t_total     = 9.685e-02  t_comp = 4.308e-03  t_comm = 9.683e-02
         gflops_total= 5.921680e-04  gflops_comp= 1.331160e-02
========================================

[RESULT] 0,16,2D,0,0.102264166,0.102243662,6710,0,13420
[RESULT] 0,16,2D,1,0.123555183,0.123529434,6710,0,13420
[RESULT] 0,16,2D,2,0.119404793,0.119385481,6710,0,13420
[RESULT] 0,16,2D,3,0.132750511,0.132722616,6710,0,13420
[RESULT] 0,16,2D,4,0.051404238,0.051386118,6710,0,13420
[RESULT] 0,16,2D,5,0.083012581,0.082986593,6710,0,13420
[RESULT] 0,16,2D,6,0.070007086,0.069989920,6710,0,13420
[RESULT] 0,16,2D,7,0.075978994,0.075958967,6710,0,13420
[RESULT] 0,16,2D,8,0.117367268,0.117351055,6710,0,13420
[RESULT] 0,16,2D,9,0.092730284,0.092713356,6710,0,13420
Total execution time: 3.677 seconds
