Retrieving the matrix from '../matrices/Andrews.mtx'...
%%MatrixMarket matrix coordinate integer symmetric
60000 60000 410077
Real Matrix: Rows=60000 | Cols=60000 | NNZ=410077 | Procs=32 | Distribution=1D
Applied 1D distribution
Ghost columns identified: 8980 total ghost values needed
Local vector initialized (size=1875 per process)

========================================
COMPREHENSIVE METRICS SUMMARY
========================================
PROCESSES: 32
DISTRIBUTION: 1D
ITERATIONS: 10
Matrix NNZ: 410077
BALANCE: nnz_local   min=   12520  avg=  12814.91  max=   13327
COMM:    ghost       min=    8826  avg=   9026.41  max=    9452  | recv_double_avg=  72211.25 B
METRICS: t_total     = 2.753e-01  t_comp = 2.201e-02  t_comm = 2.533e-01
         gflops_total= 2.979325e-03  gflops_comp= 3.726147e-02
========================================

[RESULT] 0,32,1D,0,0.297148466,0.297047377,12681,8980,25362
[RESULT] 0,32,1D,1,0.283081532,0.203023672,12681,8980,25362
[RESULT] 0,32,1D,2,0.218495131,0.218374252,12681,8980,25362
[RESULT] 0,32,1D,3,0.235761881,0.232996702,12681,8980,25362
[RESULT] 0,32,1D,4,0.329066038,0.260998964,12681,8980,25362
[RESULT] 0,32,1D,5,0.250183105,0.248011351,12681,8980,25362
[RESULT] 0,32,1D,6,0.219088554,0.218240023,12681,8980,25362
[RESULT] 0,32,1D,7,0.282421112,0.281997442,12681,8980,25362
[RESULT] 0,32,1D,8,0.316351414,0.252021313,12681,8980,25362
[RESULT] 0,32,1D,9,0.321220875,0.319999218,12681,8980,25362
Total execution time: 15.282 seconds
