Retrieving the matrix from '../matrices/1138_bus.mtx'...
%%MatrixMarket matrix coordinate real symmetric
1138 1138 2596
Real Matrix: Rows=1138 | Cols=1138 | NNZ=2596 | Procs=4 | Distribution=2D_cyclic
2D Process Grid (Cyclic): 2 x 2
Rank 2: Grid (1,0) | Local rows=569 | NNZ=412 | ColsGlobal
Rank 0: Grid (0,0) | Local rows=569 | NNZ=885 | ColsGlobal
Applied 2D cyclic distribution (global column indices preserved)
Rank 1: Grid (0,1) | Local rows=569 | NNZ=448 | ColsGlobal
Rank 3: Grid (1,1) | Local rows=569 | NNZ=851 | ColsGlobal
2D Comm Pattern: grid 2 x 2 | expand ghosts on rank 0: 284
2D: local vector size = 569 (column block), local rows = 569

========================================
COMPREHENSIVE METRICS SUMMARY
========================================
PROCESSES: 4
DISTRIBUTION: 2D_cyclic
GRID: 2 x 2 (proc_rows x proc_cols)
ITERATIONS: 10
Matrix NNZ: 2596
BALANCE: nnz_local   min=     412  avg=    649.00  max=     885
COMM:    ghost       min=     121  avg=    212.50  max=     284  | recv_double_avg=   1700.00 B
METRICS: t_total     = 1.750e-04  t_comp = 4.411e-06  t_comm = 1.727e-04
         gflops_total= 2.966062e-02  gflops_comp= 1.177126e+00
========================================

[RESULT] 0,4,2D_cyclic,0,0.000124216,0.000117779,885,284,1770
[RESULT] 0,4,2D_cyclic,1,0.000133753,0.000128269,885,284,1770
[RESULT] 0,4,2D_cyclic,2,0.000142097,0.000137329,885,284,1770
[RESULT] 0,4,2D_cyclic,3,0.000131130,0.000127077,885,284,1770
[RESULT] 0,4,2D_cyclic,4,0.000134230,0.000130177,885,284,1770
[RESULT] 0,4,2D_cyclic,5,0.000133038,0.000129223,885,284,1770
[RESULT] 0,4,2D_cyclic,6,0.000139475,0.000135899,885,284,1770
[RESULT] 0,4,2D_cyclic,7,0.000135899,0.000132084,885,284,1770
[RESULT] 0,4,2D_cyclic,8,0.000126362,0.000122309,885,284,1770
[RESULT] 0,4,2D_cyclic,9,0.000132561,0.000128508,885,284,1770
Total execution time: 0.010 seconds
