Retrieving the matrix from '../matrices/bcsstk27.mtx'...
%%MatrixMarket matrix coordinate real symmetric
1224 1224 28675
Real Matrix: Rows=1224 | Cols=1224 | NNZ=28675 | Procs=4 | Distribution=2D
2D Process Grid (Block): 2 x 2 (rows x cols)
Rank 0: Grid (0,0) | Rows [0,612) | Cols [0,612) | LocalRows=612 | NNZ=14045 | ColsGlobal
Applied 2D block distribution (global column indices preserved)
Rank 1: Grid (0,1) | Rows [0,612) | Cols [612,1224) | LocalRows=612 | NNZ=0 | ColsGlobal
Rank 2: Grid (1,0) | Rows [612,1224) | Cols [0,612) | LocalRows=612 | NNZ=573 | ColsGlobal
Rank 3: Grid (1,1) | Rows [612,1224) | Cols [612,1224) | LocalRows=612 | NNZ=14057 | ColsGlobal
2D Comm Pattern: grid 2 x 2 | expand ghosts on rank 0: 0
2D: local vector size = 612 (column block), local rows = 612

========================================
COMPREHENSIVE METRICS SUMMARY
========================================
PROCESSES: 4
DISTRIBUTION: 2D
GRID: 2 x 2 (proc_rows x proc_cols)
ITERATIONS: 10
Matrix NNZ: 28675
BALANCE: nnz_local   min=       0  avg=   7168.75  max=   14057
COMM:    ghost       min=       0  avg=      0.00  max=       0  | recv_double_avg=      0.00 B
METRICS: t_total     = 6.250e-03  t_comp = 5.243e-05  t_comm = 6.198e-03
         gflops_total= 9.175580e-03  gflops_comp= 1.093876e+00
========================================

[RESULT] 0,4,2D,0,0.000341654,0.000271082,14045,0,28090
[RESULT] 0,4,2D,1,0.000273943,0.000257015,14045,0,28090
[RESULT] 0,4,2D,2,0.000533342,0.000509024,14045,0,28090
[RESULT] 0,4,2D,3,0.000279427,0.000264883,14045,0,28090
[RESULT] 0,4,2D,4,0.000264883,0.000241280,14045,0,28090
[RESULT] 0,4,2D,5,0.000266552,0.000243902,14045,0,28090
[RESULT] 0,4,2D,6,0.000262737,0.000247478,14045,0,28090
[RESULT] 0,4,2D,7,0.000313282,0.000296116,14045,0,28090
[RESULT] 0,4,2D,8,0.000254154,0.000233173,14045,0,28090
[RESULT] 0,4,2D,9,0.000258207,0.000227690,14045,0,28090
Total execution time: 0.525 seconds
