Retrieving the matrix from '../matrices/Andrews.mtx'...
%%MatrixMarket matrix coordinate integer symmetric
60000 60000 410077
Real Matrix: Rows=60000 | Cols=60000 | NNZ=410077 | Procs=2 | Distribution=2D_cyclic
2D Process Grid (Cyclic): 1 x 2
Rank 0: Grid (0,0) | Local rows=60000 | NNZ=203389 | ColsGlobal
Applied 2D cyclic distribution (global column indices preserved)
Rank 1: Grid (0,1) | Local rows=60000 | NNZ=206688 | ColsGlobal
2D Comm Pattern: grid 1 x 2 | expand ghosts on rank 0: 15000
2D: local vector size = 30000 (column block), local rows = 60000

========================================
COMPREHENSIVE METRICS SUMMARY
========================================
PROCESSES: 2
DISTRIBUTION: 2D_cyclic
GRID: 1 x 2 (proc_rows x proc_cols)
ITERATIONS: 10
Matrix NNZ: 410077
BALANCE: nnz_local   min=  203389  avg= 205038.50  max=  206688
COMM:    ghost       min=   15000  avg=  15000.00  max=   15000  | recv_double_avg= 120000.00 B
METRICS: t_total     = 1.445e-03  t_comp = 1.462e-04  t_comm = 1.324e-03
         gflops_total= 5.675403e-01  gflops_comp= 5.611705e+00
========================================

[RESULT] 0,2,2D_cyclic,0,0.001488686,0.001343012,203389,15000,406778
[RESULT] 0,2,2D_cyclic,1,0.001450062,0.001312256,203389,15000,406778
[RESULT] 0,2,2D_cyclic,2,0.001437902,0.001306534,203389,15000,406778
[RESULT] 0,2,2D_cyclic,3,0.001440287,0.001316547,203389,15000,406778
[RESULT] 0,2,2D_cyclic,4,0.001543522,0.001424789,203389,15000,406778
[RESULT] 0,2,2D_cyclic,5,0.001422882,0.001312733,203389,15000,406778
[RESULT] 0,2,2D_cyclic,6,0.001419544,0.001308203,203389,15000,406778
[RESULT] 0,2,2D_cyclic,7,0.001437426,0.001320601,203389,15000,406778
[RESULT] 0,2,2D_cyclic,8,0.001383781,0.001274347,203389,15000,406778
[RESULT] 0,2,2D_cyclic,9,0.001426935,0.001316071,203389,15000,406778
Total execution time: 0.235 seconds
