Retrieving the matrix from '../matrices/1138_bus.mtx'...
%%MatrixMarket matrix coordinate real symmetric
1138 1138 2596
Real Matrix: Rows=1138 | Cols=1138 | NNZ=2596 | Procs=32 | Distribution=2D
Rank 1: Grid (0,1) | Rows [0,285) | Cols [143,286) | LocalRows=285 | NNZ=301 | ColsGlobal
Rank 5: Grid (0,5) | Rows [0,285) | Cols [715,858) | LocalRows=285 | NNZ=0 | ColsGlobal
Rank 7: Grid (0,7) | Rows [0,285) | Cols [1001,1138) | LocalRows=285 | NNZ=0 | ColsGlobal
Rank 3: Grid (0,3) | Rows [0,285) | Cols [429,572) | LocalRows=285 | NNZ=0 | ColsGlobal
Rank 17: Grid (2,1) | Rows [570,855) | Cols [143,286) | LocalRows=285 | NNZ=6 | ColsGlobal
Rank 19: Grid (2,3) | Rows [570,855) | Cols [429,572) | LocalRows=285 | NNZ=58 | ColsGlobal
Rank 21: Grid (2,5) | Rows [570,855) | Cols [715,858) | LocalRows=285 | NNZ=249 | ColsGlobal
Rank 9: Grid (1,1) | Rows [285,570) | Cols [143,286) | LocalRows=285 | NNZ=44 | ColsGlobal
2D Process Grid (Block): 4 x 8 (rows x cols)
Rank 0: Grid (0,0) | Rows [0,285) | Cols [0,143) | LocalRows=285 | NNZ=329 | ColsGlobal
Applied 2D block distribution (global column indices preserved)
Rank 13: Grid (1,5) | Rows [285,570) | Cols [715,858) | LocalRows=285 | NNZ=0 | ColsGlobal
Rank 11: Grid (1,3) | Rows [285,570) | Cols [429,572) | LocalRows=285 | NNZ=277 | ColsGlobal
Rank 4: Grid (0,4) | Rows [0,285) | Cols [572,715) | LocalRows=285 | NNZ=0 | ColsGlobal
Rank 23: Grid (2,7) | Rows [570,855) | Cols [1001,1138) | LocalRows=285 | NNZ=0 | ColsGlobal
Rank 2: Grid (0,2) | Rows [0,285) | Cols [286,429) | LocalRows=285 | NNZ=0 | ColsGlobal
Rank 25: Grid (3,1) | Rows [855,1138) | Cols [143,286) | LocalRows=283 | NNZ=1 | ColsGlobal
Rank 15: Grid (1,7) | Rows [285,570) | Cols [1001,1138) | LocalRows=285 | NNZ=0 | ColsGlobal
Rank 6: Grid (0,6) | Rows [0,285) | Cols [858,1001) | LocalRows=285 | NNZ=0 | ColsGlobal
Rank 16: Grid (2,0) | Rows [570,855) | Cols [0,143) | LocalRows=285 | NNZ=19 | ColsGlobal
Rank 29: Grid (3,5) | Rows [855,1138) | Cols [715,858) | LocalRows=283 | NNZ=50 | ColsGlobal
Rank 27: Grid (3,3) | Rows [855,1138) | Cols [429,572) | LocalRows=283 | NNZ=36 | ColsGlobal
Rank 8: Grid (1,0) | Rows [285,570) | Cols [0,143) | LocalRows=285 | NNZ=50 | ColsGlobal
Rank 31: Grid (3,7) | Rows [855,1138) | Cols [1001,1138) | LocalRows=283 | NNZ=253 | ColsGlobal
Rank 18: Grid (2,2) | Rows [570,855) | Cols [286,429) | LocalRows=285 | NNZ=15 | ColsGlobal
Rank 20: Grid (2,4) | Rows [570,855) | Cols [572,715) | LocalRows=285 | NNZ=275 | ColsGlobal
Rank 12: Grid (1,4) | Rows [285,570) | Cols [572,715) | LocalRows=285 | NNZ=0 | ColsGlobal
Rank 24: Grid (3,0) | Rows [855,1138) | Cols [0,143) | LocalRows=283 | NNZ=10 | ColsGlobal
Rank 28: Grid (3,4) | Rows [855,1138) | Cols [572,715) | LocalRows=283 | NNZ=40 | ColsGlobal
Rank 10: Grid (1,2) | Rows [285,570) | Cols [286,429) | LocalRows=285 | NNZ=289 | ColsGlobal
Rank 22: Grid (2,6) | Rows [570,855) | Cols [858,1001) | LocalRows=285 | NNZ=0 | ColsGlobal
Rank 30: Grid (3,6) | Rows [855,1138) | Cols [858,1001) | LocalRows=283 | NNZ=294 | ColsGlobal
Rank 26: Grid (3,2) | Rows [855,1138) | Cols [286,429) | LocalRows=283 | NNZ=0 | ColsGlobal
Rank 14: Grid (1,6) | Rows [285,570) | Cols [858,1001) | LocalRows=285 | NNZ=0 | ColsGlobal
2D Comm Pattern: grid 4 x 8 | expand ghosts on rank 0: 0
2D: local vector size = 143 (column block), local rows = 285

========================================
COMPREHENSIVE METRICS SUMMARY
========================================
PROCESSES: 32
DISTRIBUTION: 2D
GRID: 4 x 8 (proc_rows x proc_cols)
ITERATIONS: 10
Matrix NNZ: 2596
BALANCE: nnz_local   min=       0  avg=     81.12  max=     329
COMM:    ghost       min=       0  avg=      0.00  max=       0  | recv_double_avg=      0.00 B
METRICS: t_total     = 3.135e-01  t_comp = 3.538e-05  t_comm = 3.135e-01
         gflops_total= 1.655896e-05  gflops_comp= 1.467441e-01
========================================

[RESULT] 0,32,2D,0,0.305995941,0.305957556,329,0,658
[RESULT] 0,32,2D,1,0.349996567,0.349980116,329,0,658
[RESULT] 0,32,2D,2,0.406004429,0.405991554,329,0,658
[RESULT] 0,32,2D,3,0.372999430,0.372979641,329,0,658
[RESULT] 0,32,2D,4,0.254012108,0.253996849,329,0,658
[RESULT] 0,32,2D,5,0.332017183,0.331963778,329,0,658
[RESULT] 0,32,2D,6,0.249021530,0.248976946,329,0,658
[RESULT] 0,32,2D,7,0.279014826,0.279000998,329,0,658
[RESULT] 0,32,2D,8,0.269011021,0.268971920,329,0,658
[RESULT] 0,32,2D,9,0.273268938,0.273248434,329,0,658
Total execution time: 9.106 seconds
