Retrieving the matrix from '../matrices/bcsstk27.mtx'...
%%MatrixMarket matrix coordinate real symmetric
1224 1224 28675
Real Matrix: Rows=1224 | Cols=1224 | NNZ=28675 | Procs=32 | Distribution=1D
Applied 1D distribution
Ghost columns identified: 576 total ghost values needed
Local vector initialized (size=39 per process)

========================================
COMPREHENSIVE METRICS SUMMARY
========================================
PROCESSES: 32
DISTRIBUTION: 1D
ITERATIONS: 10
Matrix NNZ: 28675
BALANCE: nnz_local   min=     853  avg=    896.09  max=     934
COMM:    ghost       min=     543  avg=    562.53  max=     581  | recv_double_avg=   4500.25 B
METRICS: t_total     = 2.703e-01  t_comp = 1.993e-02  t_comm = 2.619e-01
         gflops_total= 2.121554e-04  gflops_comp= 2.877089e-03
========================================

[RESULT] 0,32,1D,0,0.403777361,0.403761387,933,576,1866
[RESULT] 0,32,1D,1,0.236064196,0.235993624,933,576,1866
[RESULT] 0,32,1D,2,0.243984222,0.242700577,933,576,1866
[RESULT] 0,32,1D,3,0.440990925,0.365992308,933,576,1866
[RESULT] 0,32,1D,4,0.282882214,0.280988693,933,576,1866
[RESULT] 0,32,1D,5,0.270076752,0.269998074,933,576,1866
[RESULT] 0,32,1D,6,0.189195395,0.189174891,933,576,1866
[RESULT] 0,32,1D,7,0.147629499,0.145008087,933,576,1866
[RESULT] 0,32,1D,8,0.173739195,0.170163631,933,576,1866
[RESULT] 0,32,1D,9,0.314867020,0.314753532,933,576,1866
Total execution time: 8.255 seconds
