Retrieving the matrix from '../matrices/bcsstk27.mtx'...
%%MatrixMarket matrix coordinate real symmetric
1224 1224 28675
Real Matrix: Rows=1224 | Cols=1224 | NNZ=28675 | Procs=4 | Distribution=2D_cyclic
2D Process Grid (Cyclic): 2 x 2
Rank 0: Grid (0,0) | Local rows=612 | NNZ=7321 | ColsGlobal
Applied 2D cyclic distribution (global column indices preserved)
Rank 2: Grid (1,0) | Local rows=612 | NNZ=6730 | ColsGlobal
Rank 1: Grid (0,1) | Local rows=612 | NNZ=7303 | ColsGlobal
Rank 3: Grid (1,1) | Local rows=612 | NNZ=7321 | ColsGlobal
2D Comm Pattern: grid 2 x 2 | expand ghosts on rank 0: 306
2D: local vector size = 612 (column block), local rows = 612

========================================
COMPREHENSIVE METRICS SUMMARY
========================================
PROCESSES: 4
DISTRIBUTION: 2D_cyclic
GRID: 2 x 2 (proc_rows x proc_cols)
ITERATIONS: 10
Matrix NNZ: 28675
BALANCE: nnz_local   min=    6730  avg=   7168.75  max=    7321
COMM:    ghost       min=     306  avg=    306.00  max=     306  | recv_double_avg=   2448.00 B
METRICS: t_total     = 1.822e-04  t_comp = 1.316e-05  t_comm = 1.698e-04
         gflops_total= 3.147237e-01  gflops_comp= 4.357669e+00
========================================

[RESULT] 0,4,2D_cyclic,0,0.000177622,0.000157595,7321,306,14642
[RESULT] 0,4,2D_cyclic,1,0.000166655,0.000154018,7321,306,14642
[RESULT] 0,4,2D_cyclic,2,0.000171185,0.000159502,7321,306,14642
[RESULT] 0,4,2D_cyclic,3,0.000181913,0.000170469,7321,306,14642
[RESULT] 0,4,2D_cyclic,4,0.000183821,0.000172377,7321,306,14642
[RESULT] 0,4,2D_cyclic,5,0.000194550,0.000183105,7321,306,14642
[RESULT] 0,4,2D_cyclic,6,0.000180006,0.000168324,7321,306,14642
[RESULT] 0,4,2D_cyclic,7,0.000180483,0.000169039,7321,306,14642
[RESULT] 0,4,2D_cyclic,8,0.000196934,0.000185490,7321,306,14642
[RESULT] 0,4,2D_cyclic,9,0.000189066,0.000177622,7321,306,14642
Total execution time: 0.031 seconds
