Retrieving the matrix from '../matrices/Andrews.mtx'...
%%MatrixMarket matrix coordinate integer symmetric
60000 60000 410077
Real Matrix: Rows=60000 | Cols=60000 | NNZ=410077 | Procs=128 | Distribution=1D
Applied 1D distribution
Ghost columns identified: 2599 total ghost values needed
Local vector initialized (size=469 per process)

========================================
COMPREHENSIVE METRICS SUMMARY
========================================
PROCESSES: 128
DISTRIBUTION: 1D
ITERATIONS: 10
Matrix NNZ: 410077
BALANCE: nnz_local   min=    3050  avg=   3203.73  max=    3464
COMM:    ghost       min=    2463  avg=   2603.41  max=    2840  | recv_double_avg=  20827.31 B
METRICS: t_total     = 2.292e+00  t_comp = 5.252e-05  t_comm = 2.292e+00
         gflops_total= 3.579024e-04  gflops_comp= 1.561496e+01
========================================

[RESULT] 0,128,1D,0,2.507745504,2.507697344,3184,2599,6368
[RESULT] 0,128,1D,1,2.324090719,2.324041367,3184,2599,6368
[RESULT] 0,128,1D,2,2.012104750,2.012056589,3184,2599,6368
[RESULT] 0,128,1D,3,2.597029686,2.596980810,3184,2599,6368
[RESULT] 0,128,1D,4,1.999095440,1.999048710,3184,2599,6368
[RESULT] 0,128,1D,5,2.773012400,2.772961140,3184,2599,6368
[RESULT] 0,128,1D,6,2.258195400,2.258144379,3184,2599,6368
[RESULT] 0,128,1D,7,2.024698257,2.024649858,3184,2599,6368
[RESULT] 0,128,1D,8,2.054028749,2.053981781,3184,2599,6368
[RESULT] 0,128,1D,9,2.320114374,2.320062637,3184,2599,6368
Total execution time: 122.002 seconds
