Retrieving the matrix from '../matrices/Andrews.mtx'...
%%MatrixMarket matrix coordinate integer symmetric
60000 60000 410077
Real Matrix: Rows=60000 | Cols=60000 | NNZ=410077 | Procs=2 | Distribution=2D
2D Process Grid (Block): 1 x 2 (rows x cols)
Rank 1: Grid (0,1) | Rows [0,60000) | Cols [30000,60000) | LocalRows=60000 | NNZ=119418 | ColsGlobal
Rank 0: Grid (0,0) | Rows [0,60000) | Cols [0,30000) | LocalRows=60000 | NNZ=290659 | ColsGlobal
Applied 2D block distribution (global column indices preserved)
2D Comm Pattern: grid 1 x 2 | expand ghosts on rank 0: 0
2D: local vector size = 30000 (column block), local rows = 60000

========================================
COMPREHENSIVE METRICS SUMMARY
========================================
PROCESSES: 2
DISTRIBUTION: 2D
GRID: 1 x 2 (proc_rows x proc_cols)
ITERATIONS: 10
Matrix NNZ: 410077
BALANCE: nnz_local   min=  119418  avg= 205038.50  max=  290659
COMM:    ghost       min=       0  avg=      0.00  max=       0  | recv_double_avg=      0.00 B
METRICS: t_total     = 2.766e-03  t_comp = 8.787e-04  t_comm = 1.887e-03
         gflops_total= 2.965521e-01  gflops_comp= 9.334062e-01
========================================

[RESULT] 0,2,2D,0,0.004573584,0.003686666,290659,0,581318
[RESULT] 0,2,2D,1,0.003793955,0.002910137,290659,0,581318
[RESULT] 0,2,2D,2,0.002986908,0.002109766,290659,0,581318
[RESULT] 0,2,2D,3,0.002888680,0.002012253,290659,0,581318
[RESULT] 0,2,2D,4,0.002494097,0.001614809,290659,0,581318
[RESULT] 0,2,2D,5,0.002285004,0.001409054,290659,0,581318
[RESULT] 0,2,2D,6,0.002193689,0.001325369,290659,0,581318
[RESULT] 0,2,2D,7,0.002196550,0.001317263,290659,0,581318
[RESULT] 0,2,2D,8,0.002147198,0.001267433,290659,0,581318
[RESULT] 0,2,2D,9,0.002096653,0.001216888,290659,0,581318
Total execution time: 0.240 seconds
