Retrieving the matrix from '../matrices/Andrews.mtx'...
%%MatrixMarket matrix coordinate integer symmetric
60000 60000 410077
Real Matrix: Rows=60000 | Cols=60000 | NNZ=410077 | Procs=8 | Distribution=1D
Applied 1D distribution
Ghost columns identified: 21809 total ghost values needed
Local vector initialized (size=7500 per process)

========================================
COMPREHENSIVE METRICS SUMMARY
========================================
PROCESSES: 8
DISTRIBUTION: 1D
ITERATIONS: 10
Matrix NNZ: 410077
BALANCE: nnz_local   min=   50521  avg=  51259.62  max=   52386
COMM:    ghost       min=   21754  avg=  21979.62  max=   22332  | recv_double_avg= 175837.00 B
METRICS: t_total     = 5.563e-02  t_comp = 7.834e-03  t_comm = 5.505e-02
         gflops_total= 1.474173e-02  gflops_comp= 1.046874e-01
========================================

[RESULT] 0,8,1D,0,0.040632725,0.040152550,50623,21809,101246
[RESULT] 0,8,1D,1,0.042770624,0.042295456,50623,21809,101246
[RESULT] 0,8,1D,2,0.071889639,0.056072712,50623,21809,101246
[RESULT] 0,8,1D,3,0.044589758,0.044045448,50623,21809,101246
[RESULT] 0,8,1D,4,0.044694662,0.044147015,50623,21809,101246
[RESULT] 0,8,1D,5,0.053517580,0.047011852,50623,21809,101246
[RESULT] 0,8,1D,6,0.054474115,0.053936005,50623,21809,101246
[RESULT] 0,8,1D,7,0.061704636,0.058069944,50623,21809,101246
[RESULT] 0,8,1D,8,0.038330317,0.037183523,50623,21809,101246
[RESULT] 0,8,1D,9,0.044001579,0.043358088,50623,21809,101246
Total execution time: 2.985 seconds
