Retrieving the matrix from '../matrices/bcsstk27.mtx'...
%%MatrixMarket matrix coordinate real symmetric
1224 1224 28675
Real Matrix: Rows=1224 | Cols=1224 | NNZ=28675 | Procs=8 | Distribution=2D_cyclic
2D Process Grid (Cyclic): 2 x 4
Rank 0: Grid (0,0) | Local rows=612 | NNZ=3662 | ColsGlobal
Applied 2D cyclic distribution (global column indices preserved)
Rank 4: Grid (1,0) | Local rows=612 | NNZ=3366 | ColsGlobal
Rank 1: Grid (0,1) | Local rows=612 | NNZ=3654 | ColsGlobal
Rank 2: Grid (0,2) | Local rows=612 | NNZ=3659 | ColsGlobal
Rank 3: Grid (0,3) | Local rows=612 | NNZ=3649 | ColsGlobal
Rank 6: Grid (1,2) | Local rows=612 | NNZ=3364 | ColsGlobal
Rank 5: Grid (1,1) | Local rows=612 | NNZ=3663 | ColsGlobal
Rank 7: Grid (1,3) | Local rows=612 | NNZ=3658 | ColsGlobal
2D Comm Pattern: grid 2 x 4 | expand ghosts on rank 0: 229
2D: local vector size = 306 (column block), local rows = 612

========================================
COMPREHENSIVE METRICS SUMMARY
========================================
PROCESSES: 8
DISTRIBUTION: 2D_cyclic
GRID: 2 x 4 (proc_rows x proc_cols)
ITERATIONS: 10
Matrix NNZ: 28675
BALANCE: nnz_local   min=    3364  avg=   3584.38  max=    3663
COMM:    ghost       min=     229  avg=    229.50  max=     230  | recv_double_avg=   1836.00 B
METRICS: t_total     = 1.855e-04  t_comp = 7.296e-06  t_comm = 1.786e-04
         gflops_total= 3.092214e-01  gflops_comp= 7.860893e+00
========================================

[RESULT] 0,8,2D_cyclic,0,0.000185251,0.000177383,3662,229,7324
[RESULT] 0,8,2D_cyclic,1,0.000163078,0.000155210,3662,229,7324
[RESULT] 0,8,2D_cyclic,2,0.000175953,0.000168324,3662,229,7324
[RESULT] 0,8,2D_cyclic,3,0.000185966,0.000178576,3662,229,7324
[RESULT] 0,8,2D_cyclic,4,0.000188112,0.000181198,3662,229,7324
[RESULT] 0,8,2D_cyclic,5,0.000180244,0.000173330,3662,229,7324
[RESULT] 0,8,2D_cyclic,6,0.000184298,0.000177383,3662,229,7324
[RESULT] 0,8,2D_cyclic,7,0.000183582,0.000176668,3662,229,7324
[RESULT] 0,8,2D_cyclic,8,0.000203609,0.000196695,3662,229,7324
[RESULT] 0,8,2D_cyclic,9,0.000197649,0.000190735,3662,229,7324
Total execution time: 0.029 seconds
