Retrieving the matrix from '../matrices/bcsstk27.mtx'...
%%MatrixMarket matrix coordinate real symmetric
1224 1224 28675
Real Matrix: Rows=1224 | Cols=1224 | NNZ=28675 | Procs=8 | Distribution=2D_cyclic
Rank 1: Grid (0,1) | Local rows=612 | NNZ=3654 | ColsGlobal
Rank 4: Grid (1,0) | Local rows=612 | NNZ=3366 | ColsGlobal
Rank 5: Grid (1,1) | Local rows=612 | NNZ=3663 | ColsGlobal
Rank 6: Grid (1,2) | Local rows=612 | NNZ=3364 | ColsGlobal
2D Process Grid (Cyclic): 2 x 4
Rank 0: Grid (0,0) | Local rows=612 | NNZ=3662 | ColsGlobal
Applied 2D cyclic distribution (global column indices preserved)
Rank 3: Grid (0,3) | Local rows=612 | NNZ=3649 | ColsGlobal
Rank 2: Grid (0,2) | Local rows=612 | NNZ=3659 | ColsGlobal
Rank 7: Grid (1,3) | Local rows=612 | NNZ=3658 | ColsGlobal
2D Comm Pattern: grid 2 x 4 | expand ghosts on rank 0: 229
2D: local vector size = 306 (column block), local rows = 612

========================================
COMPREHENSIVE METRICS SUMMARY
========================================
PROCESSES: 8
DISTRIBUTION: 2D_cyclic
GRID: 2 x 4 (proc_rows x proc_cols)
ITERATIONS: 10
Matrix NNZ: 28675
BALANCE: nnz_local   min=    3364  avg=   3584.38  max=    3663
COMM:    ghost       min=     229  avg=    229.50  max=     230  | recv_double_avg=   1836.00 B
METRICS: t_total     = 7.728e-02  t_comp = 7.349e-03  t_comm = 7.712e-02
         gflops_total= 7.421399e-04  gflops_comp= 7.803464e-03
========================================

[RESULT] 0,8,2D_cyclic,0,0.048483849,0.047415018,3662,229,7324
[RESULT] 0,8,2D_cyclic,1,0.058050632,0.057954550,3662,229,7324
[RESULT] 0,8,2D_cyclic,2,0.087014198,0.086922884,3662,229,7324
[RESULT] 0,8,2D_cyclic,3,0.089607716,0.067493200,3662,229,7324
[RESULT] 0,8,2D_cyclic,4,0.057028055,0.043627024,3662,229,7324
[RESULT] 0,8,2D_cyclic,5,0.061516523,0.061416149,3662,229,7324
[RESULT] 0,8,2D_cyclic,6,0.065649033,0.058173656,3662,229,7324
[RESULT] 0,8,2D_cyclic,7,0.057742596,0.057558060,3662,229,7324
[RESULT] 0,8,2D_cyclic,8,0.082888126,0.054041147,3662,229,7324
[RESULT] 0,8,2D_cyclic,9,0.076688528,0.076574564,3662,229,7324
Total execution time: 2.146 seconds
