Retrieving the matrix from '../matrices/Andrews.mtx'...
%%MatrixMarket matrix coordinate integer symmetric
60000 60000 410077
Real Matrix: Rows=60000 | Cols=60000 | NNZ=410077 | Procs=64 | Distribution=2D
Rank 24: Grid (3,0) | Rows [22500,30000) | Cols [0,7500) | LocalRows=7500 | NNZ=10406 | ColsGlobal
Rank 4: Grid (0,4) | Rows [0,7500) | Cols [30000,37500) | LocalRows=7500 | NNZ=0 | ColsGlobal
Rank 6: Grid (0,6) | Rows [0,7500) | Cols [45000,52500) | LocalRows=7500 | NNZ=0 | ColsGlobal
Rank 15: Grid (1,7) | Rows [7500,15000) | Cols [52500,60000) | LocalRows=7500 | NNZ=0 | ColsGlobal
Rank 18: Grid (2,2) | Rows [15000,22500) | Cols [15000,22500) | LocalRows=7500 | NNZ=14045 | ColsGlobal
Rank 25: Grid (3,1) | Rows [22500,30000) | Cols [7500,15000) | LocalRows=7500 | NNZ=10313 | ColsGlobal
Rank 10: Grid (1,2) | Rows [7500,15000) | Cols [15000,22500) | LocalRows=7500 | NNZ=0 | ColsGlobal
Rank 3: Grid (0,3) | Rows [0,7500) | Cols [22500,30000) | LocalRows=7500 | NNZ=0 | ColsGlobal
Rank 56: Grid (7,0) | Rows [52500,60000) | Cols [0,7500) | LocalRows=7500 | NNZ=10966 | ColsGlobal
Rank 16: Grid (2,0) | Rows [15000,22500) | Cols [0,7500) | LocalRows=7500 | NNZ=10768 | ColsGlobal
Rank 5: Grid (0,5) | Rows [0,7500) | Cols [37500,45000) | LocalRows=7500 | NNZ=0 | ColsGlobal
Rank 57: Grid (7,1) | Rows [52500,60000) | Cols [7500,15000) | LocalRows=7500 | NNZ=10314 | ColsGlobal
Rank 7: Grid (0,7) | Rows [0,7500) | Cols [52500,60000) | LocalRows=7500 | NNZ=0 | ColsGlobal
Rank 17: Grid (2,1) | Rows [15000,22500) | Cols [7500,15000) | LocalRows=7500 | NNZ=10682 | ColsGlobal
Rank 8: Grid (1,0) | Rows [7500,15000) | Cols [0,7500) | LocalRows=7500 | NNZ=10946 | ColsGlobal
Rank 9: Grid (1,1) | Rows [7500,15000) | Cols [7500,15000) | LocalRows=7500 | NNZ=14282 | ColsGlobal
Rank 26: Grid (3,2) | Rows [22500,30000) | Cols [15000,22500) | LocalRows=7500 | NNZ=10835 | ColsGlobal
Rank 19: Grid (2,3) | Rows [15000,22500) | Cols [22500,30000) | LocalRows=7500 | NNZ=0 | ColsGlobal
Rank 11: Grid (1,3) | Rows [7500,15000) | Cols [22500,30000) | LocalRows=7500 | NNZ=0 | ColsGlobal
Rank 58: Grid (7,2) | Rows [52500,60000) | Cols [15000,22500) | LocalRows=7500 | NNZ=10807 | ColsGlobal
Rank 12: Grid (1,4) | Rows [7500,15000) | Cols [30000,37500) | LocalRows=7500 | NNZ=0 | ColsGlobal
Rank 59: Grid (7,3) | Rows [52500,60000) | Cols [22500,30000) | LocalRows=7500 | NNZ=10530 | ColsGlobal
Rank 29: Grid (3,5) | Rows [22500,30000) | Cols [37500,45000) | LocalRows=7500 | NNZ=0 | ColsGlobal
Rank 28: Grid (3,4) | Rows [22500,30000) | Cols [30000,37500) | LocalRows=7500 | NNZ=0 | ColsGlobal
Rank 30: Grid (3,6) | Rows [22500,30000) | Cols [45000,52500) | LocalRows=7500 | NNZ=0 | ColsGlobal
Rank 20: Grid (2,4) | Rows [15000,22500) | Cols [30000,37500) | LocalRows=7500 | NNZ=0 | ColsGlobal
Rank 47: Grid (5,7) | Rows [37500,45000) | Cols [52500,60000) | LocalRows=7500 | NNZ=0 | ColsGlobal
Rank 55: Grid (6,7) | Rows [45000,52500) | Cols [52500,60000) | LocalRows=7500 | NNZ=0 | ColsGlobal
Rank 48: Grid (6,0) | Rows [45000,52500) | Cols [0,7500) | LocalRows=7500 | NNZ=10490 | ColsGlobal
Rank 60: Grid (7,4) | Rows [52500,60000) | Cols [30000,37500) | LocalRows=7500 | NNZ=10437 | ColsGlobal
Rank 27: Grid (3,3) | Rows [22500,30000) | Cols [22500,30000) | LocalRows=7500 | NNZ=14136 | ColsGlobal
Rank 14: Grid (1,6) | Rows [7500,15000) | Cols [45000,52500) | LocalRows=7500 | NNZ=0 | ColsGlobal
Rank 61: Grid (7,5) | Rows [52500,60000) | Cols [37500,45000) | LocalRows=7500 | NNZ=10463 | ColsGlobal
Rank 41: Grid (5,1) | Rows [37500,45000) | Cols [7500,15000) | LocalRows=7500 | NNZ=10531 | ColsGlobal
Rank 45: Grid (5,5) | Rows [37500,45000) | Cols [37500,45000) | LocalRows=7500 | NNZ=13768 | ColsGlobal
Rank 39: Grid (4,7) | Rows [30000,37500) | Cols [52500,60000) | LocalRows=7500 | NNZ=0 | ColsGlobal
Rank 46: Grid (5,6) | Rows [37500,45000) | Cols [45000,52500) | LocalRows=7500 | NNZ=0 | ColsGlobal
Rank 13: Grid (1,5) | Rows [7500,15000) | Cols [37500,45000) | LocalRows=7500 | NNZ=0 | ColsGlobal
Rank 40: Grid (5,0) | Rows [37500,45000) | Cols [0,7500) | LocalRows=7500 | NNZ=10797 | ColsGlobal
Rank 21: Grid (2,5) | Rows [15000,22500) | Cols [37500,45000) | LocalRows=7500 | NNZ=0 | ColsGlobal
Rank 62: Grid (7,6) | Rows [52500,60000) | Cols [45000,52500) | LocalRows=7500 | NNZ=10789 | ColsGlobal
Rank 22: Grid (2,6) | Rows [15000,22500) | Cols [45000,52500) | LocalRows=7500 | NNZ=0 | ColsGlobal
Rank 31: Grid (3,7) | Rows [22500,30000) | Cols [52500,60000) | LocalRows=7500 | NNZ=0 | ColsGlobal
Rank 50: Grid (6,2) | Rows [45000,52500) | Cols [15000,22500) | LocalRows=7500 | NNZ=10584 | ColsGlobal
Rank 42: Grid (5,2) | Rows [37500,45000) | Cols [15000,22500) | LocalRows=7500 | NNZ=10807 | ColsGlobal
Rank 49: Grid (6,1) | Rows [45000,52500) | Cols [7500,15000) | LocalRows=7500 | NNZ=10321 | ColsGlobal
2D Process Grid (Block): 8 x 8 (rows x cols)
Rank 63: Grid (7,7) | Rows [52500,60000) | Cols [52500,60000) | LocalRows=7500 | NNZ=14304 | ColsGlobal
Rank 34: Grid (4,2) | Rows [30000,37500) | Cols [15000,22500) | LocalRows=7500 | NNZ=10828 | ColsGlobal
Rank 32: Grid (4,0) | Rows [30000,37500) | Cols [0,7500) | LocalRows=7500 | NNZ=10592 | ColsGlobal
Rank 44: Grid (5,4) | Rows [37500,45000) | Cols [30000,37500) | LocalRows=7500 | NNZ=10906 | ColsGlobal
Rank 43: Grid (5,3) | Rows [37500,45000) | Cols [22500,30000) | LocalRows=7500 | NNZ=10416 | ColsGlobal
Rank 52: Grid (6,4) | Rows [45000,52500) | Cols [30000,37500) | LocalRows=7500 | NNZ=10444 | ColsGlobal
Rank 33: Grid (4,1) | Rows [30000,37500) | Cols [7500,15000) | LocalRows=7500 | NNZ=10673 | ColsGlobal
Rank 23: Grid (2,7) | Rows [15000,22500) | Cols [52500,60000) | LocalRows=7500 | NNZ=0 | ColsGlobal
Rank 0: Grid (0,0) | Rows [0,7500) | Cols [0,7500) | LocalRows=7500 | NNZ=14578 | ColsGlobal
Applied 2D block distribution (global column indices preserved)
Rank 35: Grid (4,3) | Rows [30000,37500) | Cols [22500,30000) | LocalRows=7500 | NNZ=10460 | ColsGlobal
Rank 51: Grid (6,3) | Rows [45000,52500) | Cols [22500,30000) | LocalRows=7500 | NNZ=10552 | ColsGlobal
Rank 1: Grid (0,1) | Rows [0,7500) | Cols [7500,15000) | LocalRows=7500 | NNZ=0 | ColsGlobal
Rank 2: Grid (0,2) | Rows [0,7500) | Cols [15000,22500) | LocalRows=7500 | NNZ=0 | ColsGlobal
Rank 36: Grid (4,4) | Rows [30000,37500) | Cols [30000,37500) | LocalRows=7500 | NNZ=13973 | ColsGlobal
Rank 53: Grid (6,5) | Rows [45000,52500) | Cols [37500,45000) | LocalRows=7500 | NNZ=10495 | ColsGlobal
Rank 54: Grid (6,6) | Rows [45000,52500) | Cols [45000,52500) | LocalRows=7500 | NNZ=13839 | ColsGlobal
Rank 37: Grid (4,5) | Rows [30000,37500) | Cols [37500,45000) | LocalRows=7500 | NNZ=0 | ColsGlobal
Rank 38: Grid (4,6) | Rows [30000,37500) | Cols [45000,52500) | LocalRows=7500 | NNZ=0 | ColsGlobal
2D Comm Pattern: grid 8 x 8 | expand ghosts on rank 0: 0
2D: local vector size = 7500 (column block), local rows = 7500

========================================
COMPREHENSIVE METRICS SUMMARY
========================================
PROCESSES: 64
DISTRIBUTION: 2D
GRID: 8 x 8 (proc_rows x proc_cols)
ITERATIONS: 10
Matrix NNZ: 410077
BALANCE: nnz_local   min=       0  avg=   6407.45  max=   14578
COMM:    ghost       min=       0  avg=      0.00  max=       0  | recv_double_avg=      0.00 B
METRICS: t_total     = 5.886e-01  t_comp = 9.925e-05  t_comm = 5.885e-01
         gflops_total= 1.393514e-03  gflops_comp= 8.263212e+00
========================================

[RESULT] 0,64,2D,0,0.521013498,0.520931959,14578,0,29156
[RESULT] 0,64,2D,1,0.403046370,0.402966738,14578,0,29156
[RESULT] 0,64,2D,2,0.429012775,0.428932190,14578,0,29156
[RESULT] 0,64,2D,3,0.592283964,0.592205286,14578,0,29156
[RESULT] 0,64,2D,4,0.370073318,0.369994640,14578,0,29156
[RESULT] 0,64,2D,5,0.544020891,0.543941975,14578,0,29156
[RESULT] 0,64,2D,6,0.664020538,0.663942337,14578,0,29156
[RESULT] 0,64,2D,7,0.524371862,0.524292469,14578,0,29156
[RESULT] 0,64,2D,8,0.476218462,0.476140261,14578,0,29156
[RESULT] 0,64,2D,9,0.640020609,0.639922857,14578,0,29156
Total execution time: 46.116 seconds
