Retrieving the matrix from '../matrices/bcsstk27.mtx'...
%%MatrixMarket matrix coordinate real symmetric
1224 1224 28675
Real Matrix: Rows=1224 | Cols=1224 | NNZ=28675 | Procs=8 | Distribution=2D
Rank 1: Grid (0,1) | Rows [0,612) | Cols [306,612) | LocalRows=612 | NNZ=6762 | ColsGlobal
Rank 3: Grid (0,3) | Rows [0,612) | Cols [918,1224) | LocalRows=612 | NNZ=0 | ColsGlobal
2D Process Grid (Block): 2 x 4 (rows x cols)
Rank 0: Grid (0,0) | Rows [0,612) | Cols [0,306) | LocalRows=612 | NNZ=7283 | ColsGlobal
Applied 2D block distribution (global column indices preserved)
Rank 5: Grid (1,1) | Rows [612,1224) | Cols [306,612) | LocalRows=612 | NNZ=573 | ColsGlobal
Rank 2: Grid (0,2) | Rows [0,612) | Cols [612,918) | LocalRows=612 | NNZ=0 | ColsGlobal
Rank 4: Grid (1,0) | Rows [612,1224) | Cols [0,306) | LocalRows=612 | NNZ=0 | ColsGlobal
Rank 7: Grid (1,3) | Rows [612,1224) | Cols [918,1224) | LocalRows=612 | NNZ=6722 | ColsGlobal
Rank 6: Grid (1,2) | Rows [612,1224) | Cols [612,918) | LocalRows=612 | NNZ=7335 | ColsGlobal
2D Comm Pattern: grid 2 x 4 | expand ghosts on rank 0: 0
2D: local vector size = 306 (column block), local rows = 612

========================================
COMPREHENSIVE METRICS SUMMARY
========================================
PROCESSES: 8
DISTRIBUTION: 2D
GRID: 2 x 4 (proc_rows x proc_cols)
ITERATIONS: 10
Matrix NNZ: 28675
BALANCE: nnz_local   min=       0  avg=   3584.38  max=    7335
COMM:    ghost       min=       0  avg=      0.00  max=       0  | recv_double_avg=      0.00 B
METRICS: t_total     = 5.239e-02  t_comp = 4.011e-03  t_comm = 5.098e-02
         gflops_total= 1.094576e-03  gflops_comp= 1.429661e-02
========================================

[RESULT] 0,8,2D,0,0.042083502,0.042061806,7283,0,14566
[RESULT] 0,8,2D,1,0.051926136,0.051907778,7283,0,14566
[RESULT] 0,8,2D,2,0.045406342,0.045386076,7283,0,14566
[RESULT] 0,8,2D,3,0.052155972,0.052133083,7283,0,14566
[RESULT] 0,8,2D,4,0.033442497,0.033422709,7283,0,14566
[RESULT] 0,8,2D,5,0.052867651,0.052852869,7283,0,14566
[RESULT] 0,8,2D,6,0.052457333,0.052207232,7283,0,14566
[RESULT] 0,8,2D,7,0.051012516,0.050984383,7283,0,14566
[RESULT] 0,8,2D,8,0.059880733,0.059857845,7283,0,14566
[RESULT] 0,8,2D,9,0.039668560,0.039643526,7283,0,14566
Total execution time: 1.760 seconds
