Retrieving the matrix from '../matrices/1138_bus.mtx'...
%%MatrixMarket matrix coordinate real symmetric
1138 1138 2596
Real Matrix: Rows=1138 | Cols=1138 | NNZ=2596 | Procs=16 | Distribution=2D_cyclic
Rank 1: Grid (0,1) | Local rows=285 | NNZ=90 | ColsGlobal
Rank 9: Grid (2,1) | Local rows=284 | NNZ=138 | ColsGlobal
Rank 3: Grid (0,3) | Local rows=285 | NNZ=141 | ColsGlobal
Rank 11: Grid (2,3) | Local rows=284 | NNZ=79 | ColsGlobal
Rank 5: Grid (1,1) | Local rows=285 | NNZ=350 | ColsGlobal
Rank 13: Grid (3,1) | Local rows=284 | NNZ=70 | ColsGlobal
2D Process Grid (Cyclic): 4 x 4
Rank 0: Grid (0,0) | Local rows=285 | NNZ=356 | ColsGlobal
Applied 2D cyclic distribution (global column indices preserved)
Rank 15: Grid (3,3) | Local rows=284 | NNZ=344 | ColsGlobal
Rank 7: Grid (1,3) | Local rows=285 | NNZ=87 | ColsGlobal
Rank 4: Grid (1,0) | Local rows=285 | NNZ=132 | ColsGlobal
Rank 2: Grid (0,2) | Local rows=285 | NNZ=78 | ColsGlobal
Rank 8: Grid (2,0) | Local rows=284 | NNZ=94 | ColsGlobal
Rank 12: Grid (3,0) | Local rows=284 | NNZ=67 | ColsGlobal
Rank 6: Grid (1,2) | Local rows=285 | NNZ=85 | ColsGlobal
Rank 10: Grid (2,2) | Local rows=284 | NNZ=357 | ColsGlobal
Rank 14: Grid (3,2) | Local rows=284 | NNZ=128 | ColsGlobal
2D Comm Pattern: grid 4 x 4 | expand ghosts on rank 0: 213
2D: local vector size = 285 (column block), local rows = 285

========================================
COMPREHENSIVE METRICS SUMMARY
========================================
PROCESSES: 16
DISTRIBUTION: 2D_cyclic
GRID: 4 x 4 (proc_rows x proc_cols)
ITERATIONS: 10
Matrix NNZ: 2596
BALANCE: nnz_local   min=      67  avg=    162.25  max=     357
COMM:    ghost       min=      40  avg=    100.69  max=     213  | recv_double_avg=    805.50 B
METRICS: t_total     = 1.622e-01  t_comp = 9.218e-03  t_comm = 1.622e-01
         gflops_total= 3.200227e-05  gflops_comp= 5.632559e-04
========================================

[RESULT] 0,16,2D_cyclic,0,0.199996710,0.199033976,356,213,712
[RESULT] 0,16,2D_cyclic,1,0.185001135,0.152569771,356,213,712
[RESULT] 0,16,2D_cyclic,2,0.088730097,0.088670969,356,213,712
[RESULT] 0,16,2D_cyclic,3,0.128596783,0.128243446,356,213,712
[RESULT] 0,16,2D_cyclic,4,0.156004429,0.155989170,356,213,712
[RESULT] 0,16,2D_cyclic,5,0.121053696,0.118786573,356,213,712
[RESULT] 0,16,2D_cyclic,6,0.189727068,0.137019157,356,213,712
[RESULT] 0,16,2D_cyclic,7,0.170002222,0.169941187,356,213,712
[RESULT] 0,16,2D_cyclic,8,0.174452782,0.174388170,356,213,712
[RESULT] 0,16,2D_cyclic,9,0.118076563,0.114820719,356,213,712
Total execution time: 4.152 seconds
