Retrieving the matrix from '../matrices/Andrews.mtx'...
%%MatrixMarket matrix coordinate integer symmetric
60000 60000 410077
Real Matrix: Rows=60000 | Cols=60000 | NNZ=410077 | Procs=2 | Distribution=1D
Applied 1D distribution
Ghost columns identified: 19949 total ghost values needed
Local vector initialized (size=30000 per process)

========================================
COMPREHENSIVE METRICS SUMMARY
========================================
PROCESSES: 2
DISTRIBUTION: 1D
ITERATIONS: 10
Matrix NNZ: 410077
BALANCE: nnz_local   min=  202663  avg= 205038.50  max=  207414
COMM:    ghost       min=   19555  avg=  19752.00  max=   19949  | recv_double_avg= 158016.00 B
METRICS: t_total     = 1.990e-03  t_comp = 1.632e-03  t_comm = 3.720e-04
         gflops_total= 4.120422e-01  gflops_comp= 5.024943e-01
========================================

[RESULT] 0,2,1D,0,0.002041340,0.000422716,202663,19949,405326
[RESULT] 0,2,1D,1,0.002003431,0.000388145,202663,19949,405326
[RESULT] 0,2,1D,2,0.001993656,0.000371933,202663,19949,405326
[RESULT] 0,2,1D,3,0.001965046,0.000350952,202663,19949,405326
[RESULT] 0,2,1D,4,0.001982450,0.000371933,202663,19949,405326
[RESULT] 0,2,1D,5,0.001981020,0.000362158,202663,19949,405326
[RESULT] 0,2,1D,6,0.001974344,0.000360966,202663,19949,405326
[RESULT] 0,2,1D,7,0.002002239,0.000378132,202663,19949,405326
[RESULT] 0,2,1D,8,0.001966715,0.000341415,202663,19949,405326
[RESULT] 0,2,1D,9,0.001994371,0.000371695,202663,19949,405326
Total execution time: 0.223 seconds
