Retrieving the matrix from '../matrices/bcsstk27.mtx'...
%%MatrixMarket matrix coordinate real symmetric
1224 1224 28675
Real Matrix: Rows=1224 | Cols=1224 | NNZ=28675 | Procs=4 | Distribution=2D_cyclic
2D Process Grid (Cyclic): 2 x 2
Rank 0: Grid (0,0) | Local rows=612 | NNZ=7321 | ColsGlobal
Applied 2D cyclic distribution (global column indices preserved)
Rank 1: Grid (0,1) | Local rows=612 | NNZ=7303 | ColsGlobal
Rank 2: Grid (1,0) | Local rows=612 | NNZ=6730 | ColsGlobal
Rank 3: Grid (1,1) | Local rows=612 | NNZ=7321 | ColsGlobal
2D Comm Pattern: grid 2 x 2 | expand ghosts on rank 0: 306
2D: local vector size = 612 (column block), local rows = 612

========================================
COMPREHENSIVE METRICS SUMMARY
========================================
PROCESSES: 4
DISTRIBUTION: 2D_cyclic
GRID: 2 x 2 (proc_rows x proc_cols)
ITERATIONS: 10
Matrix NNZ: 28675
BALANCE: nnz_local   min=    6730  avg=   7168.75  max=    7321
COMM:    ghost       min=     306  avg=    306.00  max=     306  | recv_double_avg=   2448.00 B
METRICS: t_total     = 1.091e-02  t_comp = 9.143e-05  t_comm = 1.082e-02
         gflops_total= 5.257111e-03  gflops_comp= 6.272316e-01
========================================

[RESULT] 0,4,2D_cyclic,0,0.004786015,0.004770756,7321,306,14642
[RESULT] 0,4,2D_cyclic,1,0.000282526,0.000269175,7321,306,14642
[RESULT] 0,4,2D_cyclic,2,0.000274181,0.000259638,7321,306,14642
[RESULT] 0,4,2D_cyclic,3,0.020815372,0.020699501,7321,306,14642
[RESULT] 0,4,2D_cyclic,4,0.000415802,0.000403166,7321,306,14642
[RESULT] 0,4,2D_cyclic,5,0.000378132,0.000365019,7321,306,14642
[RESULT] 0,4,2D_cyclic,6,0.000301838,0.000287533,7321,306,14642
[RESULT] 0,4,2D_cyclic,7,0.000346422,0.000332594,7321,306,14642
[RESULT] 0,4,2D_cyclic,8,0.000453949,0.000439405,7321,306,14642
[RESULT] 0,4,2D_cyclic,9,0.000344038,0.000330210,7321,306,14642
Total execution time: 0.565 seconds
