Retrieving the matrix from '../matrices/bcsstk27.mtx'...
%%MatrixMarket matrix coordinate real symmetric
1224 1224 28675
Real Matrix: Rows=1224 | Cols=1224 | NNZ=28675 | Procs=32 | Distribution=1D
Applied 1D distribution
Ghost columns identified: 576 total ghost values needed
Local vector initialized (size=39 per process)

========================================
COMPREHENSIVE METRICS SUMMARY
========================================
PROCESSES: 32
DISTRIBUTION: 1D
ITERATIONS: 10
Matrix NNZ: 28675
BALANCE: nnz_local   min=     853  avg=    896.09  max=     934
COMM:    ghost       min=     543  avg=    562.53  max=     581  | recv_double_avg=   4500.25 B
METRICS: t_total     = 4.192e-04  t_comp = 4.435e-06  t_comm = 4.147e-04
         gflops_total= 1.368201e-01  gflops_comp= 1.293244e+01
========================================

[RESULT] 0,32,1D,0,0.000305176,0.000300169,933,576,1866
[RESULT] 0,32,1D,1,0.000512123,0.000507593,933,576,1866
[RESULT] 0,32,1D,2,0.000375271,0.000370979,933,576,1866
[RESULT] 0,32,1D,3,0.000492334,0.000488281,933,576,1866
[RESULT] 0,32,1D,4,0.000247955,0.000243664,933,576,1866
[RESULT] 0,32,1D,5,0.000638962,0.000634432,933,576,1866
[RESULT] 0,32,1D,6,0.000286818,0.000282288,933,576,1866
[RESULT] 0,32,1D,7,0.000535727,0.000531435,933,576,1866
[RESULT] 0,32,1D,8,0.000377893,0.000373602,933,576,1866
[RESULT] 0,32,1D,9,0.000419378,0.000414848,933,576,1866
Total execution time: 0.049 seconds
