Retrieving the matrix from '../matrices/Andrews.mtx'...
%%MatrixMarket matrix coordinate integer symmetric
60000 60000 410077
Real Matrix: Rows=60000 | Cols=60000 | NNZ=410077 | Procs=16 | Distribution=2D
Rank 11: Grid (2,3) | Rows [30000,45000) | Cols [45000,60000) | LocalRows=15000 | NNZ=0 | ColsGlobal
Rank 14: Grid (3,2) | Rows [45000,60000) | Cols [30000,45000) | LocalRows=15000 | NNZ=41839 | ColsGlobal
2D Process Grid (Block): 4 x 4 (rows x cols)
Rank 6: Grid (1,2) | Rows [15000,30000) | Cols [30000,45000) | LocalRows=15000 | NNZ=0 | ColsGlobal
Rank 13: Grid (3,1) | Rows [45000,60000) | Cols [15000,30000) | LocalRows=15000 | NNZ=42473 | ColsGlobal
Rank 5: Grid (1,1) | Rows [15000,30000) | Cols [15000,30000) | LocalRows=15000 | NNZ=39016 | ColsGlobal
Rank 15: Grid (3,3) | Rows [45000,60000) | Cols [45000,60000) | LocalRows=15000 | NNZ=38932 | ColsGlobal
Rank 2: Grid (0,2) | Rows [0,15000) | Cols [30000,45000) | LocalRows=15000 | NNZ=0 | ColsGlobal
Rank 12: Grid (3,0) | Rows [45000,60000) | Cols [0,15000) | LocalRows=15000 | NNZ=42091 | ColsGlobal
Rank 3: Grid (0,3) | Rows [0,15000) | Cols [45000,60000) | LocalRows=15000 | NNZ=0 | ColsGlobal
Rank 0: Grid (0,0) | Rows [0,15000) | Cols [0,15000) | LocalRows=15000 | NNZ=39806 | ColsGlobal
Applied 2D block distribution (global column indices preserved)
Rank 1: Grid (0,1) | Rows [0,15000) | Cols [15000,30000) | LocalRows=15000 | NNZ=0 | ColsGlobal
Rank 10: Grid (2,2) | Rows [30000,45000) | Cols [30000,45000) | LocalRows=15000 | NNZ=38647 | ColsGlobal
Rank 7: Grid (1,3) | Rows [15000,30000) | Cols [45000,60000) | LocalRows=15000 | NNZ=0 | ColsGlobal
Rank 9: Grid (2,1) | Rows [30000,45000) | Cols [15000,30000) | LocalRows=15000 | NNZ=42511 | ColsGlobal
Rank 4: Grid (1,0) | Rows [15000,30000) | Cols [0,15000) | LocalRows=15000 | NNZ=42169 | ColsGlobal
Rank 8: Grid (2,0) | Rows [30000,45000) | Cols [0,15000) | LocalRows=15000 | NNZ=42593 | ColsGlobal
2D Comm Pattern: grid 4 x 4 | expand ghosts on rank 0: 0
2D: local vector size = 15000 (column block), local rows = 15000

========================================
COMPREHENSIVE METRICS SUMMARY
========================================
PROCESSES: 16
DISTRIBUTION: 2D
GRID: 4 x 4 (proc_rows x proc_cols)
ITERATIONS: 10
Matrix NNZ: 410077
BALANCE: nnz_local   min=       0  avg=  25629.81  max=   42593
COMM:    ghost       min=       0  avg=      0.00  max=       0  | recv_double_avg=      0.00 B
METRICS: t_total     = 1.675e-01  t_comp = 7.536e-03  t_comm = 1.634e-01
         gflops_total= 4.897642e-03  gflops_comp= 1.088310e-01
========================================

[RESULT] 0,16,2D,0,0.149445772,0.149316072,39806,0,79612
[RESULT] 0,16,2D,1,0.099008799,0.098882198,39806,0,79612
[RESULT] 0,16,2D,2,0.098330736,0.098215103,39806,0,79612
[RESULT] 0,16,2D,3,0.181005478,0.180879831,39806,0,79612
[RESULT] 0,16,2D,4,0.139000177,0.138884068,39806,0,79612
[RESULT] 0,16,2D,5,0.176002264,0.175886869,39806,0,79612
[RESULT] 0,16,2D,6,0.148087978,0.147968531,39806,0,79612
[RESULT] 0,16,2D,7,0.281262636,0.281144857,39806,0,79612
[RESULT] 0,16,2D,8,0.108006001,0.107885838,39806,0,79612
[RESULT] 0,16,2D,9,0.207043648,0.206930161,39806,0,79612
Total execution time: 8.272 seconds
