Retrieving the matrix from '../matrices/1138_bus.mtx'...
%%MatrixMarket matrix coordinate real symmetric
1138 1138 2596
Real Matrix: Rows=1138 | Cols=1138 | NNZ=2596 | Procs=4 | Distribution=2D
2D Process Grid (Block): 2 x 2 (rows x cols)
Rank 2: Grid (1,0) | Rows [569,1138) | Cols [0,569) | LocalRows=569 | NNZ=140 | ColsGlobal
Rank 0: Grid (0,0) | Rows [0,569) | Cols [0,569) | LocalRows=569 | NNZ=1289 | ColsGlobal
Applied 2D block distribution (global column indices preserved)
Rank 1: Grid (0,1) | Rows [0,569) | Cols [569,1138) | LocalRows=569 | NNZ=0 | ColsGlobal
Rank 3: Grid (1,1) | Rows [569,1138) | Cols [569,1138) | LocalRows=569 | NNZ=1167 | ColsGlobal
2D Comm Pattern: grid 2 x 2 | expand ghosts on rank 0: 0
2D: local vector size = 569 (column block), local rows = 569

========================================
COMPREHENSIVE METRICS SUMMARY
========================================
PROCESSES: 4
DISTRIBUTION: 2D
GRID: 2 x 2 (proc_rows x proc_cols)
ITERATIONS: 10
Matrix NNZ: 2596
BALANCE: nnz_local   min=       0  avg=    649.00  max=    1289
COMM:    ghost       min=       0  avg=      0.00  max=       0  | recv_double_avg=      0.00 B
METRICS: t_total     = 1.218e-04  t_comp = 7.558e-06  t_comm = 1.190e-04
         gflops_total= 4.262444e-02  gflops_comp= 6.869661e-01
========================================

[RESULT] 0,4,2D,0,0.000127316,0.000111103,1289,0,2578
[RESULT] 0,4,2D,1,0.000136614,0.000123262,1289,0,2578
[RESULT] 0,4,2D,2,0.000124216,0.000113487,1289,0,2578
[RESULT] 0,4,2D,3,0.000115633,0.000105619,1289,0,2578
[RESULT] 0,4,2D,4,0.000102997,0.000098944,1289,0,2578
[RESULT] 0,4,2D,5,0.000129700,0.000125647,1289,0,2578
[RESULT] 0,4,2D,6,0.000129700,0.000125408,1289,0,2578
[RESULT] 0,4,2D,7,0.000103474,0.000099182,1289,0,2578
[RESULT] 0,4,2D,8,0.000099421,0.000095129,1289,0,2578
[RESULT] 0,4,2D,9,0.000112295,0.000108004,1289,0,2578
Total execution time: 0.009 seconds
