Retrieving the matrix from '../matrices/bcsstk27.mtx'...
%%MatrixMarket matrix coordinate real symmetric
1224 1224 28675
Real Matrix: Rows=1224 | Cols=1224 | NNZ=28675 | Procs=4 | Distribution=2D
2D Process Grid (Block): 2 x 2 (rows x cols)
Rank 2: Grid (1,0) | Rows [612,1224) | Cols [0,612) | LocalRows=612 | NNZ=573 | ColsGlobal
Rank 0: Grid (0,0) | Rows [0,612) | Cols [0,612) | LocalRows=612 | NNZ=14045 | ColsGlobal
Applied 2D block distribution (global column indices preserved)
Rank 1: Grid (0,1) | Rows [0,612) | Cols [612,1224) | LocalRows=612 | NNZ=0 | ColsGlobal
Rank 3: Grid (1,1) | Rows [612,1224) | Cols [612,1224) | LocalRows=612 | NNZ=14057 | ColsGlobal
2D Comm Pattern: grid 2 x 2 | expand ghosts on rank 0: 0
2D: local vector size = 612 (column block), local rows = 612

========================================
COMPREHENSIVE METRICS SUMMARY
========================================
PROCESSES: 4
DISTRIBUTION: 2D
GRID: 2 x 2 (proc_rows x proc_cols)
ITERATIONS: 10
Matrix NNZ: 28675
BALANCE: nnz_local   min=       0  avg=   7168.75  max=   14057
COMM:    ghost       min=       0  avg=      0.00  max=       0  | recv_double_avg=      0.00 B
METRICS: t_total     = 1.340e-04  t_comp = 2.060e-05  t_comm = 1.284e-04
         gflops_total= 4.278608e-01  gflops_comp= 2.784066e+00
========================================

[RESULT] 0,4,2D,0,0.000130892,0.000109911,14045,0,28090
[RESULT] 0,4,2D,1,0.000123024,0.000102520,14045,0,28090
[RESULT] 0,4,2D,2,0.000131369,0.000110626,14045,0,28090
[RESULT] 0,4,2D,3,0.000141144,0.000120640,14045,0,28090
[RESULT] 0,4,2D,4,0.000116587,0.000095844,14045,0,28090
[RESULT] 0,4,2D,5,0.000131845,0.000111341,14045,0,28090
[RESULT] 0,4,2D,6,0.000112295,0.000092506,14045,0,28090
[RESULT] 0,4,2D,7,0.000116587,0.000096560,14045,0,28090
[RESULT] 0,4,2D,8,0.000130415,0.000110626,14045,0,28090
[RESULT] 0,4,2D,9,0.000105381,0.000084639,14045,0,28090
Total execution time: 0.032 seconds
