Retrieving the matrix from '../matrices/Andrews.mtx'...
%%MatrixMarket matrix coordinate integer symmetric
60000 60000 410077
Real Matrix: Rows=60000 | Cols=60000 | NNZ=410077 | Procs=8 | Distribution=2D
2D Process Grid (Block): 2 x 4 (rows x cols)
Rank 3: Grid (0,3) | Rows [0,30000) | Cols [45000,60000) | LocalRows=30000 | NNZ=0 | ColsGlobal
Rank 2: Grid (0,2) | Rows [0,30000) | Cols [30000,45000) | LocalRows=30000 | NNZ=0 | ColsGlobal
Rank 7: Grid (1,3) | Rows [30000,60000) | Cols [45000,60000) | LocalRows=30000 | NNZ=38932 | ColsGlobal
Rank 1: Grid (0,1) | Rows [0,30000) | Cols [15000,30000) | LocalRows=30000 | NNZ=39016 | ColsGlobal
Rank 0: Grid (0,0) | Rows [0,30000) | Cols [0,15000) | LocalRows=30000 | NNZ=81975 | ColsGlobal
Applied 2D block distribution (global column indices preserved)
Rank 6: Grid (1,2) | Rows [30000,60000) | Cols [30000,45000) | LocalRows=30000 | NNZ=80486 | ColsGlobal
Rank 5: Grid (1,1) | Rows [30000,60000) | Cols [15000,30000) | LocalRows=30000 | NNZ=84984 | ColsGlobal
Rank 4: Grid (1,0) | Rows [30000,60000) | Cols [0,15000) | LocalRows=30000 | NNZ=84684 | ColsGlobal
2D Comm Pattern: grid 2 x 4 | expand ghosts on rank 0: 0
2D: local vector size = 15000 (column block), local rows = 30000

========================================
COMPREHENSIVE METRICS SUMMARY
========================================
PROCESSES: 8
DISTRIBUTION: 2D
GRID: 2 x 4 (proc_rows x proc_cols)
ITERATIONS: 10
Matrix NNZ: 410077
BALANCE: nnz_local   min=       0  avg=  51259.62  max=   84984
COMM:    ghost       min=       0  avg=      0.00  max=       0  | recv_double_avg=      0.00 B
METRICS: t_total     = 1.149e-03  t_comp = 3.884e-04  t_comm = 1.064e-03
         gflops_total= 7.139989e-01  gflops_comp= 2.111580e+00
========================================

[RESULT] 0,8,2D,0,0.001179695,0.000810146,81975,0,163950
[RESULT] 0,8,2D,1,0.001102924,0.000740528,81975,0,163950
[RESULT] 0,8,2D,2,0.001080751,0.000712872,81975,0,163950
[RESULT] 0,8,2D,3,0.001105309,0.000736475,81975,0,163950
[RESULT] 0,8,2D,4,0.001125813,0.000755072,81975,0,163950
[RESULT] 0,8,2D,5,0.001101971,0.000739813,81975,0,163950
[RESULT] 0,8,2D,6,0.001038313,0.000679493,81975,0,163950
[RESULT] 0,8,2D,7,0.001084566,0.000721216,81975,0,163950
[RESULT] 0,8,2D,8,0.001075506,0.000714540,81975,0,163950
[RESULT] 0,8,2D,9,0.001076221,0.000705242,81975,0,163950
Total execution time: 0.237 seconds
