Retrieving the matrix from '../matrices/1138_bus.mtx'...
%%MatrixMarket matrix coordinate real symmetric
1138 1138 2596
Real Matrix: Rows=1138 | Cols=1138 | NNZ=2596 | Procs=2 | Distribution=2D_cyclic
2D Process Grid (Cyclic): 1 x 2
Rank 0: Grid (0,0) | Local rows=1138 | NNZ=1297 | ColsGlobal
Applied 2D cyclic distribution (global column indices preserved)
Rank 1: Grid (0,1) | Local rows=1138 | NNZ=1299 | ColsGlobal
2D Comm Pattern: grid 1 x 2 | expand ghosts on rank 0: 284
2D: local vector size = 569 (column block), local rows = 1138

========================================
COMPREHENSIVE METRICS SUMMARY
========================================
PROCESSES: 2
DISTRIBUTION: 2D_cyclic
GRID: 1 x 2 (proc_rows x proc_cols)
ITERATIONS: 10
Matrix NNZ: 2596
BALANCE: nnz_local   min=    1297  avg=   1298.00  max=    1299
COMM:    ghost       min=     284  avg=    284.00  max=     284  | recv_double_avg=   2272.00 B
METRICS: t_total     = 2.034e-04  t_comp = 1.922e-05  t_comm = 1.842e-04
         gflops_total= 2.552072e-02  gflops_comp= 2.701839e-01
========================================

[RESULT] 0,2,2D_cyclic,0,0.000298977,0.000278473,1297,284,2594
[RESULT] 0,2,2D_cyclic,1,0.000218630,0.000199795,1297,284,2594
[RESULT] 0,2,2D_cyclic,2,0.000196934,0.000177383,1297,284,2594
[RESULT] 0,2,2D_cyclic,3,0.000181913,0.000163078,1297,284,2594
[RESULT] 0,2,2D_cyclic,4,0.000167608,0.000147343,1297,284,2594
[RESULT] 0,2,2D_cyclic,5,0.000174046,0.000154495,1297,284,2594
[RESULT] 0,2,2D_cyclic,6,0.000183344,0.000163794,1297,284,2594
[RESULT] 0,2,2D_cyclic,7,0.000191212,0.000175953,1297,284,2594
[RESULT] 0,2,2D_cyclic,8,0.000203371,0.000180960,1297,284,2594
[RESULT] 0,2,2D_cyclic,9,0.000218391,0.000200987,1297,284,2594
Total execution time: 0.038 seconds
