Retrieving the matrix from '../matrices/bcsstk27.mtx'...
%%MatrixMarket matrix coordinate real symmetric
1224 1224 28675
Real Matrix: Rows=1224 | Cols=1224 | NNZ=28675 | Procs=32 | Distribution=2D_cyclic
Rank 1: Grid (0,1) | Local rows=306 | NNZ=869 | ColsGlobal
Rank 5: Grid (0,5) | Local rows=306 | NNZ=870 | ColsGlobal
Rank 9: Grid (1,1) | Local rows=306 | NNZ=957 | ColsGlobal
Rank 3: Grid (0,3) | Local rows=306 | NNZ=959 | ColsGlobal
Rank 17: Grid (2,1) | Local rows=306 | NNZ=954 | ColsGlobal
Rank 13: Grid (1,5) | Local rows=306 | NNZ=961 | ColsGlobal
Rank 11: Grid (1,3) | Local rows=306 | NNZ=870 | ColsGlobal
Rank 7: Grid (0,7) | Local rows=306 | NNZ=955 | ColsGlobal
Rank 21: Grid (2,5) | Local rows=306 | NNZ=961 | ColsGlobal
Rank 19: Grid (2,3) | Local rows=306 | NNZ=869 | ColsGlobal
Rank 25: Grid (3,1) | Local rows=306 | NNZ=871 | ColsGlobal
2D Process Grid (Cyclic): 4 x 8
Rank 15: Grid (1,7) | Local rows=306 | NNZ=868 | ColsGlobal
Rank 23: Grid (2,7) | Local rows=306 | NNZ=866 | ColsGlobal
Rank 27: Grid (3,3) | Local rows=306 | NNZ=962 | ColsGlobal
Rank 29: Grid (3,5) | Local rows=306 | NNZ=874 | ColsGlobal
Rank 31: Grid (3,7) | Local rows=306 | NNZ=958 | ColsGlobal
Rank 0: Grid (0,0) | Local rows=306 | NNZ=961 | ColsGlobal
Applied 2D cyclic distribution (global column indices preserved)
Rank 16: Grid (2,0) | Local rows=306 | NNZ=869 | ColsGlobal
Rank 8: Grid (1,0) | Local rows=306 | NNZ=872 | ColsGlobal
Rank 2: Grid (0,2) | Local rows=306 | NNZ=871 | ColsGlobal
Rank 4: Grid (0,4) | Local rows=306 | NNZ=961 | ColsGlobal
Rank 18: Grid (2,2) | Local rows=306 | NNZ=956 | ColsGlobal
Rank 10: Grid (1,2) | Local rows=306 | NNZ=806 | ColsGlobal
Rank 12: Grid (1,4) | Local rows=306 | NNZ=873 | ColsGlobal
Rank 20: Grid (2,4) | Local rows=306 | NNZ=871 | ColsGlobal
Rank 24: Grid (3,0) | Local rows=306 | NNZ=810 | ColsGlobal
Rank 6: Grid (0,6) | Local rows=306 | NNZ=871 | ColsGlobal
Rank 14: Grid (1,6) | Local rows=306 | NNZ=809 | ColsGlobal
Rank 26: Grid (3,2) | Local rows=306 | NNZ=874 | ColsGlobal
Rank 22: Grid (2,6) | Local rows=306 | NNZ=961 | ColsGlobal
Rank 28: Grid (3,4) | Local rows=306 | NNZ=811 | ColsGlobal
Rank 30: Grid (3,6) | Local rows=306 | NNZ=875 | ColsGlobal
2D Comm Pattern: grid 4 x 8 | expand ghosts on rank 0: 133
2D: local vector size = 153 (column block), local rows = 306

========================================
COMPREHENSIVE METRICS SUMMARY
========================================
PROCESSES: 32
DISTRIBUTION: 2D_cyclic
GRID: 4 x 8 (proc_rows x proc_cols)
ITERATIONS: 10
Matrix NNZ: 28675
BALANCE: nnz_local   min=     806  avg=    896.09  max=     962
COMM:    ghost       min=     132  avg=    132.91  max=     133  | recv_double_avg=   1063.25 B
METRICS: t_total     = 2.367e-04  t_comp = 2.503e-06  t_comm = 2.342e-04
         gflops_total= 2.423122e-01  gflops_comp= 2.290889e+01
========================================

[RESULT] 0,32,2D_cyclic,0,0.000251293,0.000248909,961,133,1922
[RESULT] 0,32,2D_cyclic,1,0.000240088,0.000237465,961,133,1922
[RESULT] 0,32,2D_cyclic,2,0.000234842,0.000232458,961,133,1922
[RESULT] 0,32,2D_cyclic,3,0.000219822,0.000217676,961,133,1922
[RESULT] 0,32,2D_cyclic,4,0.000207186,0.000205040,961,133,1922
[RESULT] 0,32,2D_cyclic,5,0.000257969,0.000255823,961,133,1922
[RESULT] 0,32,2D_cyclic,6,0.000212193,0.000210047,961,133,1922
[RESULT] 0,32,2D_cyclic,7,0.000211239,0.000209093,961,133,1922
[RESULT] 0,32,2D_cyclic,8,0.000209570,0.000207424,961,133,1922
[RESULT] 0,32,2D_cyclic,9,0.000255346,0.000253201,961,133,1922
Total execution time: 0.035 seconds
