Retrieving the matrix from '../matrices/1138_bus.mtx'...
%%MatrixMarket matrix coordinate real symmetric
1138 1138 2596
Real Matrix: Rows=1138 | Cols=1138 | NNZ=2596 | Procs=8 | Distribution=2D_cyclic
2D Process Grid (Cyclic): 2 x 4
Rank 4: Grid (1,0) | Local rows=569 | NNZ=199 | ColsGlobal
Rank 1: Grid (0,1) | Local rows=569 | NNZ=228 | ColsGlobal
Rank 2: Grid (0,2) | Local rows=569 | NNZ=435 | ColsGlobal
Rank 3: Grid (0,3) | Local rows=569 | NNZ=220 | ColsGlobal
Rank 6: Grid (1,2) | Local rows=569 | NNZ=213 | ColsGlobal
Rank 5: Grid (1,1) | Local rows=569 | NNZ=420 | ColsGlobal
Rank 7: Grid (1,3) | Local rows=569 | NNZ=431 | ColsGlobal
Rank 0: Grid (0,0) | Local rows=569 | NNZ=450 | ColsGlobal
Applied 2D cyclic distribution (global column indices preserved)
2D Comm Pattern: grid 2 x 4 | expand ghosts on rank 0: 213
2D: local vector size = 285 (column block), local rows = 569

========================================
COMPREHENSIVE METRICS SUMMARY
========================================
PROCESSES: 8
DISTRIBUTION: 2D_cyclic
GRID: 2 x 4 (proc_rows x proc_cols)
ITERATIONS: 10
Matrix NNZ: 2596
BALANCE: nnz_local   min=     199  avg=    324.50  max=     450
COMM:    ghost       min=      98  avg=    161.88  max=     213  | recv_double_avg=   1295.00 B
METRICS: t_total     = 1.868e-04  t_comp = 6.342e-06  t_comm = 1.849e-04
         gflops_total= 2.780139e-02  gflops_comp= 8.186777e-01
========================================

[RESULT] 0,8,2D_cyclic,0,0.000170946,0.000161171,450,213,900
[RESULT] 0,8,2D_cyclic,1,0.000181437,0.000174522,450,213,900
[RESULT] 0,8,2D_cyclic,2,0.000181437,0.000174999,450,213,900
[RESULT] 0,8,2D_cyclic,3,0.000184298,0.000178099,450,213,900
[RESULT] 0,8,2D_cyclic,4,0.000184298,0.000178576,450,213,900
[RESULT] 0,8,2D_cyclic,5,0.000192642,0.000186920,450,213,900
[RESULT] 0,8,2D_cyclic,6,0.000193119,0.000186920,450,213,900
[RESULT] 0,8,2D_cyclic,7,0.000171900,0.000166416,450,213,900
[RESULT] 0,8,2D_cyclic,8,0.000209093,0.000203848,450,213,900
[RESULT] 0,8,2D_cyclic,9,0.000178337,0.000172615,450,213,900
Total execution time: 0.026 seconds
