Retrieving the matrix from '../matrices/Andrews.mtx'...
%%MatrixMarket matrix coordinate integer symmetric
60000 60000 410077
Real Matrix: Rows=60000 | Cols=60000 | NNZ=410077 | Procs=8 | Distribution=2D_cyclic
Rank 4: Grid (1,0) | Local rows=30000 | NNZ=27036 | ColsGlobal
Rank 1: Grid (0,1) | Local rows=30000 | NNZ=26698 | ColsGlobal
2D Process Grid (Cyclic): 2 x 4
Rank 3: Grid (0,3) | Local rows=30000 | NNZ=26761 | ColsGlobal
Rank 2: Grid (0,2) | Local rows=30000 | NNZ=74728 | ColsGlobal
Rank 5: Grid (1,1) | Local rows=30000 | NNZ=76297 | ColsGlobal
Rank 6: Grid (1,2) | Local rows=30000 | NNZ=27149 | ColsGlobal
Rank 7: Grid (1,3) | Local rows=30000 | NNZ=76932 | ColsGlobal
Rank 0: Grid (0,0) | Local rows=30000 | NNZ=74476 | ColsGlobal
Applied 2D cyclic distribution (global column indices preserved)
2D Comm Pattern: grid 2 x 4 | expand ghosts on rank 0: 11250
2D: local vector size = 15000 (column block), local rows = 30000

========================================
COMPREHENSIVE METRICS SUMMARY
========================================
PROCESSES: 8
DISTRIBUTION: 2D_cyclic
GRID: 2 x 4 (proc_rows x proc_cols)
ITERATIONS: 10
Matrix NNZ: 410077
BALANCE: nnz_local   min=   26698  avg=  51259.62  max=   76932
COMM:    ghost       min=    6527  avg=   9294.88  max=   11250  | recv_double_avg=  74359.00 B
METRICS: t_total     = 1.680e-01  t_comp = 1.347e-02  t_comm = 1.679e-01
         gflops_total= 4.881300e-03  gflops_comp= 6.087482e-02
========================================

[RESULT] 0,8,2D_cyclic,0,0.151143074,0.150395632,74476,11250,148952
[RESULT] 0,8,2D_cyclic,1,0.123132944,0.093524694,74476,11250,148952
[RESULT] 0,8,2D_cyclic,2,0.168003798,0.157087326,74476,11250,148952
[RESULT] 0,8,2D_cyclic,3,0.148676634,0.138375521,74476,11250,148952
[RESULT] 0,8,2D_cyclic,4,0.122323990,0.122062445,74476,11250,148952
[RESULT] 0,8,2D_cyclic,5,0.153795004,0.141606569,74476,11250,148952
[RESULT] 0,8,2D_cyclic,6,0.178978205,0.166374207,74476,11250,148952
[RESULT] 0,8,2D_cyclic,7,0.174334049,0.174088240,74476,11250,148952
[RESULT] 0,8,2D_cyclic,8,0.141687870,0.106236935,74476,11250,148952
[RESULT] 0,8,2D_cyclic,9,0.184200764,0.161796808,74476,11250,148952
Total execution time: 4.655 seconds
