Retrieving the matrix from '../matrices/Andrews.mtx'...
%%MatrixMarket matrix coordinate integer symmetric
60000 60000 410077
Real Matrix: Rows=60000 | Cols=60000 | NNZ=410077 | Procs=8 | Distribution=2D_cyclic
2D Process Grid (Cyclic): 2 x 4
Rank 6: Grid (1,2) | Local rows=30000 | NNZ=27149 | ColsGlobal
Rank 4: Grid (1,0) | Local rows=30000 | NNZ=27036 | ColsGlobal
Rank 3: Grid (0,3) | Local rows=30000 | NNZ=26761 | ColsGlobal
Rank 1: Grid (0,1) | Local rows=30000 | NNZ=26698 | ColsGlobal
Rank 5: Grid (1,1) | Local rows=30000 | NNZ=76297 | ColsGlobal
Rank 7: Grid (1,3) | Local rows=30000 | NNZ=76932 | ColsGlobal
Rank 0: Grid (0,0) | Local rows=30000 | NNZ=74476 | ColsGlobal
Applied 2D cyclic distribution (global column indices preserved)
Rank 2: Grid (0,2) | Local rows=30000 | NNZ=74728 | ColsGlobal
2D Comm Pattern: grid 2 x 4 | expand ghosts on rank 0: 11250
2D: local vector size = 15000 (column block), local rows = 30000

========================================
COMPREHENSIVE METRICS SUMMARY
========================================
PROCESSES: 8
DISTRIBUTION: 2D_cyclic
GRID: 2 x 4 (proc_rows x proc_cols)
ITERATIONS: 10
Matrix NNZ: 410077
BALANCE: nnz_local   min=   26698  avg=  51259.62  max=   76932
COMM:    ghost       min=    6527  avg=   9294.88  max=   11250  | recv_double_avg=  74359.00 B
METRICS: t_total     = 1.967e-03  t_comp = 5.517e-04  t_comm = 1.517e-03
         gflops_total= 4.169061e-01  gflops_comp= 1.486721e+00
========================================

[RESULT] 0,8,2D_cyclic,0,0.002648115,0.002189398,74476,11250,148952
[RESULT] 0,8,2D_cyclic,1,0.002289295,0.001840591,74476,11250,148952
[RESULT] 0,8,2D_cyclic,2,0.002088547,0.001633644,74476,11250,148952
[RESULT] 0,8,2D_cyclic,3,0.002044201,0.001587391,74476,11250,148952
[RESULT] 0,8,2D_cyclic,4,0.001863480,0.001409531,74476,11250,148952
[RESULT] 0,8,2D_cyclic,5,0.001747608,0.001294851,74476,11250,148952
[RESULT] 0,8,2D_cyclic,6,0.001505136,0.001056433,74476,11250,148952
[RESULT] 0,8,2D_cyclic,7,0.001703024,0.001255512,74476,11250,148952
[RESULT] 0,8,2D_cyclic,8,0.001499176,0.001046419,74476,11250,148952
[RESULT] 0,8,2D_cyclic,9,0.002232790,0.001785517,74476,11250,148952
Total execution time: 0.247 seconds
