Retrieving the matrix from '../matrices/1138_bus.mtx'...
%%MatrixMarket matrix coordinate real symmetric
1138 1138 2596
Real Matrix: Rows=1138 | Cols=1138 | NNZ=2596 | Procs=16 | Distribution=2D
2D Process Grid (Block): 4 x 4 (rows x cols)
Rank 1: Grid (0,1) | Rows [0,285) | Cols [285,570) | LocalRows=285 | NNZ=0 | ColsGlobal
Rank 8: Grid (2,0) | Rows [570,855) | Cols [0,285) | LocalRows=285 | NNZ=25 | ColsGlobal
Rank 3: Grid (0,3) | Rows [0,285) | Cols [855,1138) | LocalRows=285 | NNZ=0 | ColsGlobal
Rank 2: Grid (0,2) | Rows [0,285) | Cols [570,855) | LocalRows=285 | NNZ=0 | ColsGlobal
Rank 7: Grid (1,3) | Rows [285,570) | Cols [855,1138) | LocalRows=285 | NNZ=0 | ColsGlobal
Rank 4: Grid (1,0) | Rows [285,570) | Cols [0,285) | LocalRows=285 | NNZ=93 | ColsGlobal
Rank 9: Grid (2,1) | Rows [570,855) | Cols [285,570) | LocalRows=285 | NNZ=69 | ColsGlobal
Rank 6: Grid (1,2) | Rows [285,570) | Cols [570,855) | LocalRows=285 | NNZ=0 | ColsGlobal
Rank 11: Grid (2,3) | Rows [570,855) | Cols [855,1138) | LocalRows=285 | NNZ=0 | ColsGlobal
Rank 12: Grid (3,0) | Rows [855,1138) | Cols [0,285) | LocalRows=283 | NNZ=11 | ColsGlobal
Rank 13: Grid (3,1) | Rows [855,1138) | Cols [285,570) | LocalRows=283 | NNZ=36 | ColsGlobal
Rank 10: Grid (2,2) | Rows [570,855) | Cols [570,855) | LocalRows=285 | NNZ=528 | ColsGlobal
Rank 5: Grid (1,1) | Rows [285,570) | Cols [285,570) | LocalRows=285 | NNZ=567 | ColsGlobal
Rank 14: Grid (3,2) | Rows [855,1138) | Cols [570,855) | LocalRows=283 | NNZ=86 | ColsGlobal
Rank 15: Grid (3,3) | Rows [855,1138) | Cols [855,1138) | LocalRows=283 | NNZ=551 | ColsGlobal
Rank 0: Grid (0,0) | Rows [0,285) | Cols [0,285) | LocalRows=285 | NNZ=630 | ColsGlobal
Applied 2D block distribution (global column indices preserved)
2D Comm Pattern: grid 4 x 4 | expand ghosts on rank 0: 0
2D: local vector size = 285 (column block), local rows = 285

========================================
COMPREHENSIVE METRICS SUMMARY
========================================
PROCESSES: 16
DISTRIBUTION: 2D
GRID: 4 x 4 (proc_rows x proc_cols)
ITERATIONS: 10
Matrix NNZ: 2596
BALANCE: nnz_local   min=       0  avg=    162.25  max=     630
COMM:    ghost       min=       0  avg=      0.00  max=       0  | recv_double_avg=      0.00 B
METRICS: t_total     = 2.046e-04  t_comp = 3.815e-06  t_comm = 2.042e-04
         gflops_total= 2.537500e-02  gflops_comp= 1.361052e+00
========================================

[RESULT] 0,16,2D,0,0.000118256,0.000111818,630,0,1260
[RESULT] 0,16,2D,1,0.000099182,0.000094414,630,0,1260
[RESULT] 0,16,2D,2,0.000108004,0.000104427,630,0,1260
[RESULT] 0,16,2D,3,0.000105858,0.000102520,630,0,1260
[RESULT] 0,16,2D,4,0.000105619,0.000102282,630,0,1260
[RESULT] 0,16,2D,5,0.000107288,0.000103712,630,0,1260
[RESULT] 0,16,2D,6,0.000108957,0.000105619,630,0,1260
[RESULT] 0,16,2D,7,0.000107050,0.000103712,630,0,1260
[RESULT] 0,16,2D,8,0.000109434,0.000106096,630,0,1260
[RESULT] 0,16,2D,9,0.001068592,0.001065493,630,0,1260
Total execution time: 0.020 seconds
