Retrieving the matrix from '../matrices/bcsstk27.mtx'...
%%MatrixMarket matrix coordinate real symmetric
1224 1224 28675
Real Matrix: Rows=1224 | Cols=1224 | NNZ=28675 | Procs=64 | Distribution=2D_cyclic
Rank 1: Grid (0,1) | Local rows=153 | NNZ=386 | ColsGlobal
Rank 9: Grid (1,1) | Local rows=153 | NNZ=528 | ColsGlobal
Rank 33: Grid (4,1) | Local rows=153 | NNZ=483 | ColsGlobal
Rank 17: Grid (2,1) | Local rows=153 | NNZ=525 | ColsGlobal
Rank 21: Grid (2,5) | Local rows=153 | NNZ=431 | ColsGlobal
Rank 11: Grid (1,3) | Local rows=153 | NNZ=387 | ColsGlobal
Rank 13: Grid (1,5) | Local rows=153 | NNZ=432 | ColsGlobal
Rank 3: Grid (0,3) | Local rows=153 | NNZ=432 | ColsGlobal
Rank 5: Grid (0,5) | Local rows=153 | NNZ=485 | ColsGlobal
Rank 25: Grid (3,1) | Local rows=153 | NNZ=483 | ColsGlobal
Rank 29: Grid (3,5) | Local rows=153 | NNZ=387 | ColsGlobal
Rank 15: Grid (1,7) | Local rows=153 | NNZ=482 | ColsGlobal
Rank 23: Grid (2,7) | Local rows=153 | NNZ=479 | ColsGlobal
Rank 35: Grid (4,3) | Local rows=153 | NNZ=527 | ColsGlobal
Rank 41: Grid (5,1) | Local rows=153 | NNZ=429 | ColsGlobal
Rank 19: Grid (2,3) | Local rows=153 | NNZ=384 | ColsGlobal
Rank 37: Grid (4,5) | Local rows=153 | NNZ=385 | ColsGlobal
Rank 27: Grid (3,3) | Local rows=153 | NNZ=527 | ColsGlobal
Rank 49: Grid (6,1) | Local rows=153 | NNZ=429 | ColsGlobal
Rank 51: Grid (6,3) | Local rows=153 | NNZ=485 | ColsGlobal
2D Process Grid (Cyclic): 8 x 8
Rank 0: Grid (0,0) | Local rows=153 | NNZ=530 | ColsGlobal
Applied 2D cyclic distribution (global column indices preserved)
Rank 7: Grid (0,7) | Local rows=153 | NNZ=528 | ColsGlobal
Rank 53: Grid (6,5) | Local rows=153 | NNZ=530 | ColsGlobal
Rank 57: Grid (7,1) | Local rows=153 | NNZ=388 | ColsGlobal
Rank 39: Grid (4,7) | Local rows=153 | NNZ=427 | ColsGlobal
Rank 2: Grid (0,2) | Local rows=153 | NNZ=387 | ColsGlobal
Rank 43: Grid (5,3) | Local rows=153 | NNZ=483 | ColsGlobal
Rank 59: Grid (7,3) | Local rows=153 | NNZ=435 | ColsGlobal
Rank 31: Grid (3,7) | Local rows=153 | NNZ=427 | ColsGlobal
Rank 8: Grid (1,0) | Local rows=153 | NNZ=485 | ColsGlobal
Rank 45: Grid (5,5) | Local rows=153 | NNZ=529 | ColsGlobal
Rank 4: Grid (0,4) | Local rows=153 | NNZ=433 | ColsGlobal
Rank 6: Grid (0,6) | Local rows=153 | NNZ=486 | ColsGlobal
Rank 55: Grid (6,7) | Local rows=153 | NNZ=387 | ColsGlobal
Rank 36: Grid (4,4) | Local rows=153 | NNZ=528 | ColsGlobal
Rank 61: Grid (7,5) | Local rows=153 | NNZ=487 | ColsGlobal
Rank 32: Grid (4,0) | Local rows=153 | NNZ=431 | ColsGlobal
Rank 63: Grid (7,7) | Local rows=153 | NNZ=531 | ColsGlobal
Rank 24: Grid (3,0) | Local rows=153 | NNZ=431 | ColsGlobal
Rank 26: Grid (3,2) | Local rows=153 | NNZ=484 | ColsGlobal
Rank 47: Grid (5,7) | Local rows=153 | NNZ=386 | ColsGlobal
Rank 38: Grid (4,6) | Local rows=153 | NNZ=385 | ColsGlobal
Rank 10: Grid (1,2) | Local rows=153 | NNZ=375 | ColsGlobal
Rank 20: Grid (2,4) | Local rows=153 | NNZ=385 | ColsGlobal
Rank 34: Grid (4,2) | Local rows=153 | NNZ=484 | ColsGlobal
Rank 16: Grid (2,0) | Local rows=153 | NNZ=482 | ColsGlobal
Rank 18: Grid (2,2) | Local rows=153 | NNZ=525 | ColsGlobal
Rank 40: Grid (5,0) | Local rows=153 | NNZ=387 | ColsGlobal
Rank 44: Grid (5,4) | Local rows=153 | NNZ=485 | ColsGlobal
Rank 22: Grid (2,6) | Local rows=153 | NNZ=430 | ColsGlobal
Rank 42: Grid (5,2) | Local rows=153 | NNZ=431 | ColsGlobal
Rank 28: Grid (3,4) | Local rows=153 | NNZ=375 | ColsGlobal
Rank 12: Grid (1,4) | Local rows=153 | NNZ=388 | ColsGlobal
Rank 56: Grid (7,0) | Local rows=153 | NNZ=379 | ColsGlobal
Rank 46: Grid (5,6) | Local rows=153 | NNZ=377 | ColsGlobal
Rank 30: Grid (3,6) | Local rows=153 | NNZ=386 | ColsGlobal
Rank 14: Grid (1,6) | Local rows=153 | NNZ=432 | ColsGlobal
Rank 48: Grid (6,0) | Local rows=153 | NNZ=387 | ColsGlobal
Rank 58: Grid (7,2) | Local rows=153 | NNZ=390 | ColsGlobal
Rank 50: Grid (6,2) | Local rows=153 | NNZ=431 | ColsGlobal
Rank 60: Grid (7,4) | Local rows=153 | NNZ=436 | ColsGlobal
Rank 52: Grid (6,4) | Local rows=153 | NNZ=486 | ColsGlobal
Rank 62: Grid (7,6) | Local rows=153 | NNZ=489 | ColsGlobal
Rank 54: Grid (6,6) | Local rows=153 | NNZ=531 | ColsGlobal
2D Comm Pattern: grid 8 x 8 | expand ghosts on rank 0: 133
2D: local vector size = 153 (column block), local rows = 153

========================================
COMPREHENSIVE METRICS SUMMARY
========================================
PROCESSES: 64
DISTRIBUTION: 2D_cyclic
GRID: 8 x 8 (proc_rows x proc_cols)
ITERATIONS: 10
Matrix NNZ: 28675
BALANCE: nnz_local   min=     375  avg=    448.05  max=     531
COMM:    ghost       min=     132  avg=    132.67  max=     133  | recv_double_avg=   1061.38 B
METRICS: t_total     = 5.725e-01  t_comp = 5.221e-06  t_comm = 5.725e-01
         gflops_total= 1.001747e-04  gflops_comp= 1.098371e+01
========================================

[RESULT] 0,64,2D_cyclic,0,0.571995974,0.571991444,530,133,1060
[RESULT] 0,64,2D_cyclic,1,0.410548449,0.410544395,530,133,1060
[RESULT] 0,64,2D_cyclic,2,0.523642778,0.523638487,530,133,1060
[RESULT] 0,64,2D_cyclic,3,0.502993822,0.502989531,530,133,1060
[RESULT] 0,64,2D_cyclic,4,0.524452925,0.524449110,530,133,1060
[RESULT] 0,64,2D_cyclic,5,0.510967255,0.510962486,530,133,1060
[RESULT] 0,64,2D_cyclic,6,0.367011309,0.367007494,530,133,1060
[RESULT] 0,64,2D_cyclic,7,0.490999222,0.490994930,530,133,1060
[RESULT] 0,64,2D_cyclic,8,0.417775869,0.417771816,530,133,1060
[RESULT] 0,64,2D_cyclic,9,0.579002380,0.578998566,530,133,1060
Total execution time: 22.017 seconds
