Retrieving the matrix from '../matrices/bcsstk27.mtx'...
%%MatrixMarket matrix coordinate real symmetric
1224 1224 28675
Real Matrix: Rows=1224 | Cols=1224 | NNZ=28675 | Procs=1 | Distribution=1D
Applied 1D distribution
Ghost columns identified: 0 total ghost values needed
Local vector initialized (size=1224 per process)

========================================
COMPREHENSIVE METRICS SUMMARY
========================================
PROCESSES: 1
DISTRIBUTION: 1D
ITERATIONS: 10
Matrix NNZ: 28675
BALANCE: nnz_local   min=   28675  avg=  28675.00  max=   28675
COMM:    ghost       min=       0  avg=      0.00  max=       0  | recv_double_avg=      0.00 B
METRICS: t_total     = 3.710e-04  t_comp = 1.717e-04  t_comm = 1.993e-04
         gflops_total= 1.545908e-01  gflops_comp= 3.340416e-01
========================================

[RESULT] 0,1,1D,0,0.000348806,0.000032187,28675,0,57350
[RESULT] 0,1,1D,1,0.000367403,0.000025034,28675,0,57350
[RESULT] 0,1,1D,2,0.000178099,0.000023842,28675,0,57350
[RESULT] 0,1,1D,3,0.000139952,0.000020266,28675,0,57350
[RESULT] 0,1,1D,4,0.000143290,0.000022888,28675,0,57350
[RESULT] 0,1,1D,5,0.000141144,0.000024319,28675,0,57350
[RESULT] 0,1,1D,6,0.000150204,0.000020027,28675,0,57350
[RESULT] 0,1,1D,7,0.000155449,0.000019789,28675,0,57350
[RESULT] 0,1,1D,8,0.000147820,0.000024319,28675,0,57350
[RESULT] 0,1,1D,9,0.001937628,0.001780272,28675,0,57350
Total execution time: 0.043 seconds
