Retrieving the matrix from '../matrices/Andrews.mtx'...
%%MatrixMarket matrix coordinate integer symmetric
60000 60000 410077
Real Matrix: Rows=60000 | Cols=60000 | NNZ=410077 | Procs=64 | Distribution=2D_cyclic
Rank 8: Grid (1,0) | Local rows=7500 | NNZ=3416 | ColsGlobal
Rank 9: Grid (1,1) | Local rows=7500 | NNZ=15095 | ColsGlobal
Rank 4: Grid (0,4) | Local rows=7500 | NNZ=7379 | ColsGlobal
Rank 10: Grid (1,2) | Local rows=7500 | NNZ=3347 | ColsGlobal
Rank 11: Grid (1,3) | Local rows=7500 | NNZ=7726 | ColsGlobal
Rank 5: Grid (0,5) | Local rows=7500 | NNZ=3330 | ColsGlobal
Rank 19: Grid (2,3) | Local rows=7500 | NNZ=3278 | ColsGlobal
Rank 21: Grid (2,5) | Local rows=7500 | NNZ=3314 | ColsGlobal
2D Process Grid (Cyclic): 8 x 8
Rank 12: Grid (1,4) | Local rows=7500 | NNZ=3344 | ColsGlobal
Rank 27: Grid (3,3) | Local rows=7500 | NNZ=15227 | ColsGlobal
Rank 63: Grid (7,7) | Local rows=7500 | NNZ=15072 | ColsGlobal
Rank 6: Grid (0,6) | Local rows=7500 | NNZ=7503 | ColsGlobal
Rank 33: Grid (4,1) | Local rows=7500 | NNZ=3309 | ColsGlobal
Rank 20: Grid (2,4) | Local rows=7500 | NNZ=7453 | ColsGlobal
Rank 28: Grid (3,4) | Local rows=7500 | NNZ=3292 | ColsGlobal
Rank 29: Grid (3,5) | Local rows=7500 | NNZ=7631 | ColsGlobal
Rank 7: Grid (0,7) | Local rows=7500 | NNZ=3363 | ColsGlobal
Rank 0: Grid (0,0) | Local rows=7500 | NNZ=15006 | ColsGlobal
Applied 2D cyclic distribution (global column indices preserved)
Rank 51: Grid (6,3) | Local rows=7500 | NNZ=3296 | ColsGlobal
Rank 53: Grid (6,5) | Local rows=7500 | NNZ=3396 | ColsGlobal
Rank 13: Grid (1,5) | Local rows=7500 | NNZ=7798 | ColsGlobal
Rank 1: Grid (0,1) | Local rows=7500 | NNZ=3338 | ColsGlobal
Rank 22: Grid (2,6) | Local rows=7500 | NNZ=7483 | ColsGlobal
Rank 23: Grid (2,7) | Local rows=7500 | NNZ=3353 | ColsGlobal
Rank 34: Grid (4,2) | Local rows=7500 | NNZ=7593 | ColsGlobal
Rank 30: Grid (3,6) | Local rows=7500 | NNZ=3394 | ColsGlobal
Rank 32: Grid (4,0) | Local rows=7500 | NNZ=7356 | ColsGlobal
Rank 52: Grid (6,4) | Local rows=7500 | NNZ=7588 | ColsGlobal
Rank 2: Grid (0,2) | Local rows=7500 | NNZ=7320 | ColsGlobal
Rank 35: Grid (4,3) | Local rows=7500 | NNZ=3257 | ColsGlobal
Rank 14: Grid (1,6) | Local rows=7500 | NNZ=3369 | ColsGlobal
Rank 54: Grid (6,6) | Local rows=7500 | NNZ=14961 | ColsGlobal
Rank 15: Grid (1,7) | Local rows=7500 | NNZ=7707 | ColsGlobal
Rank 24: Grid (3,0) | Local rows=7500 | NNZ=3335 | ColsGlobal
Rank 31: Grid (3,7) | Local rows=7500 | NNZ=7713 | ColsGlobal
Rank 16: Grid (2,0) | Local rows=7500 | NNZ=7475 | ColsGlobal
Rank 37: Grid (4,5) | Local rows=7500 | NNZ=3337 | ColsGlobal
Rank 3: Grid (0,3) | Local rows=7500 | NNZ=3384 | ColsGlobal
Rank 36: Grid (4,4) | Local rows=7500 | NNZ=14796 | ColsGlobal
Rank 55: Grid (6,7) | Local rows=7500 | NNZ=3331 | ColsGlobal
Rank 25: Grid (3,1) | Local rows=7500 | NNZ=7520 | ColsGlobal
Rank 17: Grid (2,1) | Local rows=7500 | NNZ=3392 | ColsGlobal
Rank 38: Grid (4,6) | Local rows=7500 | NNZ=7374 | ColsGlobal
Rank 26: Grid (3,2) | Local rows=7500 | NNZ=3395 | ColsGlobal
Rank 60: Grid (7,4) | Local rows=7500 | NNZ=3411 | ColsGlobal
Rank 18: Grid (2,2) | Local rows=7500 | NNZ=14908 | ColsGlobal
Rank 39: Grid (4,7) | Local rows=7500 | NNZ=3499 | ColsGlobal
Rank 56: Grid (7,0) | Local rows=7500 | NNZ=3361 | ColsGlobal
Rank 57: Grid (7,1) | Local rows=7500 | NNZ=7590 | ColsGlobal
Rank 58: Grid (7,2) | Local rows=7500 | NNZ=3345 | ColsGlobal
Rank 59: Grid (7,3) | Local rows=7500 | NNZ=7858 | ColsGlobal
Rank 42: Grid (5,2) | Local rows=7500 | NNZ=3409 | ColsGlobal
Rank 48: Grid (6,0) | Local rows=7500 | NNZ=7423 | ColsGlobal
Rank 61: Grid (7,5) | Local rows=7500 | NNZ=7622 | ColsGlobal
Rank 40: Grid (5,0) | Local rows=7500 | NNZ=3433 | ColsGlobal
Rank 41: Grid (5,1) | Local rows=7500 | NNZ=7774 | ColsGlobal
Rank 47: Grid (5,7) | Local rows=7500 | NNZ=7879 | ColsGlobal
Rank 62: Grid (7,6) | Local rows=7500 | NNZ=3460 | ColsGlobal
Rank 43: Grid (5,3) | Local rows=7500 | NNZ=7750 | ColsGlobal
Rank 46: Grid (5,6) | Local rows=7500 | NNZ=3430 | ColsGlobal
Rank 49: Grid (6,1) | Local rows=7500 | NNZ=3282 | ColsGlobal
Rank 45: Grid (5,5) | Local rows=7500 | NNZ=15267 | ColsGlobal
Rank 44: Grid (5,4) | Local rows=7500 | NNZ=3444 | ColsGlobal
Rank 50: Grid (6,2) | Local rows=7500 | NNZ=7586 | ColsGlobal
2D Comm Pattern: grid 8 x 8 | expand ghosts on rank 0: 6562
2D: local vector size = 7500 (column block), local rows = 7500

========================================
COMPREHENSIVE METRICS SUMMARY
========================================
PROCESSES: 64
DISTRIBUTION: 2D_cyclic
GRID: 8 x 8 (proc_rows x proc_cols)
ITERATIONS: 10
Matrix NNZ: 410077
BALANCE: nnz_local   min=    3257  avg=   6407.45  max=   15267
COMM:    ghost       min=    1839  avg=   3224.06  max=    6563  | recv_double_avg=  25792.50 B
METRICS: t_total     = 8.536e-01  t_comp = 1.422e-04  t_comm = 8.535e-01
         gflops_total= 9.607709e-04  gflops_comp= 5.767899e+00
========================================

[RESULT] 0,64,2D_cyclic,0,0.779010773,0.778910875,15006,6562,30012
[RESULT] 0,64,2D_cyclic,1,0.936016321,0.935913563,15006,6562,30012
[RESULT] 0,64,2D_cyclic,2,0.916063070,0.915965557,15006,6562,30012
[RESULT] 0,64,2D_cyclic,3,0.719088316,0.718989134,15006,6562,30012
[RESULT] 0,64,2D_cyclic,4,0.667093515,0.666996479,15006,6562,30012
[RESULT] 0,64,2D_cyclic,5,0.735375166,0.735276699,15006,6562,30012
[RESULT] 0,64,2D_cyclic,6,0.772134781,0.772036076,15006,6562,30012
[RESULT] 0,64,2D_cyclic,7,0.814017773,0.813919544,15006,6562,30012
[RESULT] 0,64,2D_cyclic,8,0.731080294,0.730982304,15006,6562,30012
[RESULT] 0,64,2D_cyclic,9,0.633718252,0.633620977,15006,6562,30012
Total execution time: 45.488 seconds
