Retrieving the matrix from '../matrices/Andrews.mtx'...
%%MatrixMarket matrix coordinate integer symmetric
60000 60000 410077
Real Matrix: Rows=60000 | Cols=60000 | NNZ=410077 | Procs=16 | Distribution=2D_cyclic
Rank 6: Grid (1,2) | Local rows=15000 | NNZ=13555 | ColsGlobal
Rank 7: Grid (1,3) | Local rows=15000 | NNZ=31062 | ColsGlobal
Rank 12: Grid (3,0) | Local rows=15000 | NNZ=13399 | ColsGlobal
Rank 8: Grid (2,0) | Local rows=15000 | NNZ=29939 | ColsGlobal
Rank 5: Grid (1,1) | Local rows=15000 | NNZ=45934 | ColsGlobal
Rank 4: Grid (1,0) | Local rows=15000 | NNZ=13637 | ColsGlobal
Rank 10: Grid (2,2) | Local rows=15000 | NNZ=44938 | ColsGlobal
2D Process Grid (Cyclic): 4 x 4
Rank 9: Grid (2,1) | Local rows=15000 | NNZ=13384 | ColsGlobal
Rank 2: Grid (0,2) | Local rows=15000 | NNZ=29790 | ColsGlobal
Rank 11: Grid (2,3) | Local rows=15000 | NNZ=13258 | ColsGlobal
Rank 0: Grid (0,0) | Local rows=15000 | NNZ=44537 | ColsGlobal
Applied 2D cyclic distribution (global column indices preserved)
Rank 14: Grid (3,2) | Local rows=15000 | NNZ=13594 | ColsGlobal
Rank 13: Grid (3,1) | Local rows=15000 | NNZ=30363 | ColsGlobal
Rank 3: Grid (0,3) | Local rows=15000 | NNZ=13503 | ColsGlobal
Rank 15: Grid (3,3) | Local rows=15000 | NNZ=45870 | ColsGlobal
Rank 1: Grid (0,1) | Local rows=15000 | NNZ=13314 | ColsGlobal
2D Comm Pattern: grid 4 x 4 | expand ghosts on rank 0: 11250
2D: local vector size = 15000 (column block), local rows = 15000

========================================
COMPREHENSIVE METRICS SUMMARY
========================================
PROCESSES: 16
DISTRIBUTION: 2D_cyclic
GRID: 4 x 4 (proc_rows x proc_cols)
ITERATIONS: 10
Matrix NNZ: 410077
BALANCE: nnz_local   min=   13258  avg=  25629.81  max=   45934
COMM:    ghost       min=    4496  avg=   7569.94  max=   11250  | recv_double_avg=  60559.50 B
METRICS: t_total     = 2.085e-01  t_comp = 6.050e-03  t_comm = 2.076e-01
         gflops_total= 3.934517e-03  gflops_comp= 1.355591e-01
========================================

[RESULT] 0,16,2D_cyclic,0,0.150975227,0.147503853,44537,11250,89074
[RESULT] 0,16,2D_cyclic,1,0.225006580,0.224747658,44537,11250,89074
[RESULT] 0,16,2D_cyclic,2,0.167844296,0.167298079,44537,11250,89074
[RESULT] 0,16,2D_cyclic,3,0.217002869,0.180171013,44537,11250,89074
[RESULT] 0,16,2D_cyclic,4,0.160914183,0.158026218,44537,11250,89074
[RESULT] 0,16,2D_cyclic,5,0.201996803,0.200731516,44537,11250,89074
[RESULT] 0,16,2D_cyclic,6,0.219362020,0.219111204,44537,11250,89074
[RESULT] 0,16,2D_cyclic,7,0.222002268,0.221748114,44537,11250,89074
[RESULT] 0,16,2D_cyclic,8,0.148236036,0.147992373,44537,11250,89074
[RESULT] 0,16,2D_cyclic,9,0.170006990,0.155515671,44537,11250,89074
Total execution time: 8.931 seconds
