Retrieving the matrix from '../matrices/bcsstk27.mtx'...
%%MatrixMarket matrix coordinate real symmetric
1224 1224 28675
Real Matrix: Rows=1224 | Cols=1224 | NNZ=28675 | Procs=16 | Distribution=2D
2D Process Grid (Block): 4 x 4 (rows x cols)
Rank 1: Grid (0,1) | Rows [0,306) | Cols [306,612) | LocalRows=306 | NNZ=0 | ColsGlobal
Rank 3: Grid (0,3) | Rows [0,306) | Cols [918,1224) | LocalRows=306 | NNZ=0 | ColsGlobal
Rank 9: Grid (2,1) | Rows [612,918) | Cols [306,612) | LocalRows=306 | NNZ=573 | ColsGlobal
Rank 11: Grid (2,3) | Rows [612,918) | Cols [918,1224) | LocalRows=306 | NNZ=0 | ColsGlobal
Rank 13: Grid (3,1) | Rows [918,1224) | Cols [306,612) | LocalRows=306 | NNZ=0 | ColsGlobal
Rank 7: Grid (1,3) | Rows [306,612) | Cols [918,1224) | LocalRows=306 | NNZ=0 | ColsGlobal
Rank 2: Grid (0,2) | Rows [0,306) | Cols [612,918) | LocalRows=306 | NNZ=0 | ColsGlobal
Rank 4: Grid (1,0) | Rows [306,612) | Cols [0,306) | LocalRows=306 | NNZ=573 | ColsGlobal
Rank 8: Grid (2,0) | Rows [612,918) | Cols [0,306) | LocalRows=306 | NNZ=0 | ColsGlobal
Rank 6: Grid (1,2) | Rows [306,612) | Cols [612,918) | LocalRows=306 | NNZ=0 | ColsGlobal
Rank 5: Grid (1,1) | Rows [306,612) | Cols [306,612) | LocalRows=306 | NNZ=6762 | ColsGlobal
Rank 12: Grid (3,0) | Rows [918,1224) | Cols [0,306) | LocalRows=306 | NNZ=0 | ColsGlobal
Rank 0: Grid (0,0) | Rows [0,306) | Cols [0,306) | LocalRows=306 | NNZ=6710 | ColsGlobal
Applied 2D block distribution (global column indices preserved)
Rank 14: Grid (3,2) | Rows [918,1224) | Cols [612,918) | LocalRows=306 | NNZ=573 | ColsGlobal
Rank 15: Grid (3,3) | Rows [918,1224) | Cols [918,1224) | LocalRows=306 | NNZ=6722 | ColsGlobal
Rank 10: Grid (2,2) | Rows [612,918) | Cols [612,918) | LocalRows=306 | NNZ=6762 | ColsGlobal
2D Comm Pattern: grid 4 x 4 | expand ghosts on rank 0: 0
2D: local vector size = 306 (column block), local rows = 306

========================================
COMPREHENSIVE METRICS SUMMARY
========================================
PROCESSES: 16
DISTRIBUTION: 2D
GRID: 4 x 4 (proc_rows x proc_cols)
ITERATIONS: 10
Matrix NNZ: 28675
BALANCE: nnz_local   min=       0  avg=   1792.19  max=    6762
COMM:    ghost       min=       0  avg=      0.00  max=       0  | recv_double_avg=      0.00 B
METRICS: t_total     = 1.563e-04  t_comp = 1.001e-05  t_comm = 1.558e-04
         gflops_total= 3.670176e-01  gflops_comp= 5.727222e+00
========================================

[RESULT] 0,16,2D,0,0.000126839,0.000116825,6710,0,13420
[RESULT] 0,16,2D,1,0.000119209,0.000109196,6710,0,13420
[RESULT] 0,16,2D,2,0.000102520,0.000092506,6710,0,13420
[RESULT] 0,16,2D,3,0.000111341,0.000101328,6710,0,13420
[RESULT] 0,16,2D,4,0.000098467,0.000088453,6710,0,13420
[RESULT] 0,16,2D,5,0.000106573,0.000096321,6710,0,13420
[RESULT] 0,16,2D,6,0.000100136,0.000090361,6710,0,13420
[RESULT] 0,16,2D,7,0.000098705,0.000088930,6710,0,13420
[RESULT] 0,16,2D,8,0.000122786,0.000112772,6710,0,13420
[RESULT] 0,16,2D,9,0.000111341,0.000101089,6710,0,13420
Total execution time: 0.032 seconds
