Retrieving the matrix from '../matrices/1138_bus.mtx'...
%%MatrixMarket matrix coordinate real symmetric
1138 1138 2596
Real Matrix: Rows=1138 | Cols=1138 | NNZ=2596 | Procs=4 | Distribution=2D_cyclic
2D Process Grid (Cyclic): 2 x 2
Rank 0: Grid (0,0) | Local rows=569 | NNZ=885 | ColsGlobal
Applied 2D cyclic distribution (global column indices preserved)
Rank 2: Grid (1,0) | Local rows=569 | NNZ=412 | ColsGlobal
Rank 1: Grid (0,1) | Local rows=569 | NNZ=448 | ColsGlobal
Rank 3: Grid (1,1) | Local rows=569 | NNZ=851 | ColsGlobal
2D Comm Pattern: grid 2 x 2 | expand ghosts on rank 0: 284
2D: local vector size = 569 (column block), local rows = 569

========================================
COMPREHENSIVE METRICS SUMMARY
========================================
PROCESSES: 4
DISTRIBUTION: 2D_cyclic
GRID: 2 x 2 (proc_rows x proc_cols)
ITERATIONS: 10
Matrix NNZ: 2596
BALANCE: nnz_local   min=     412  avg=    649.00  max=     885
COMM:    ghost       min=     121  avg=    212.50  max=     284  | recv_double_avg=   1700.00 B
METRICS: t_total     = 4.380e-03  t_comp = 4.386e-04  t_comm = 3.941e-03
         gflops_total= 1.185514e-03  gflops_comp= 1.183716e-02
========================================

[RESULT] 0,4,2D_cyclic,0,0.000938654,0.000926256,885,284,1770
[RESULT] 0,4,2D_cyclic,1,0.000380039,0.000363588,885,284,1770
[RESULT] 0,4,2D_cyclic,2,0.000416994,0.000403881,885,284,1770
[RESULT] 0,4,2D_cyclic,3,0.000271797,0.000259876,885,284,1770
[RESULT] 0,4,2D_cyclic,4,0.000349045,0.000338316,885,284,1770
[RESULT] 0,4,2D_cyclic,5,0.000413895,0.000394106,885,284,1770
[RESULT] 0,4,2D_cyclic,6,0.000358105,0.000343084,885,284,1770
[RESULT] 0,4,2D_cyclic,7,0.000262499,0.000249863,885,284,1770
[RESULT] 0,4,2D_cyclic,8,0.000248432,0.000234127,885,284,1770
[RESULT] 0,4,2D_cyclic,9,0.000252724,0.000241280,885,284,1770
Total execution time: 0.432 seconds
