Retrieving the matrix from '../matrices/Andrews.mtx'...
%%MatrixMarket matrix coordinate integer symmetric
60000 60000 410077
Real Matrix: Rows=60000 | Cols=60000 | NNZ=410077 | Procs=1 | Distribution=1D
Applied 1D distribution
Ghost columns identified: 0 total ghost values needed
Local vector initialized (size=60000 per process)

========================================
COMPREHENSIVE METRICS SUMMARY
========================================
PROCESSES: 1
DISTRIBUTION: 1D
ITERATIONS: 10
Matrix NNZ: 410077
BALANCE: nnz_local   min=  410077  avg= 410077.00  max=  410077
COMM:    ghost       min=       0  avg=      0.00  max=       0  | recv_double_avg=      0.00 B
METRICS: t_total     = 1.638e-03  t_comp = 1.637e-03  t_comm = 5.960e-07
         gflops_total= 5.006805e-01  gflops_comp= 5.008627e-01
========================================

[RESULT] 0,1,1D,0,0.001641750,0.000000954,410077,0,820154
[RESULT] 0,1,1D,1,0.001628637,0.000000477,410077,0,820154
[RESULT] 0,1,1D,2,0.001641512,0.000000715,410077,0,820154
[RESULT] 0,1,1D,3,0.001637697,0.000000715,410077,0,820154
[RESULT] 0,1,1D,4,0.001642704,0.000000715,410077,0,820154
[RESULT] 0,1,1D,5,0.001627445,0.000000477,410077,0,820154
[RESULT] 0,1,1D,6,0.001637220,0.000000477,410077,0,820154
[RESULT] 0,1,1D,7,0.001652956,0.000000477,410077,0,820154
[RESULT] 0,1,1D,8,0.001623869,0.000000477,410077,0,820154
[RESULT] 0,1,1D,9,0.001646996,0.000000477,410077,0,820154
Total execution time: 0.314 seconds
