Retrieving the matrix from '../matrices/Andrews.mtx'...
%%MatrixMarket matrix coordinate integer symmetric
60000 60000 410077
Real Matrix: Rows=60000 | Cols=60000 | NNZ=410077 | Procs=32 | Distribution=2D_cyclic
Rank 1: Grid (0,1) | Local rows=15000 | NNZ=6647 | ColsGlobal
2D Process Grid (Cyclic): 4 x 8
Rank 31: Grid (3,7) | Local rows=15000 | NNZ=22785 | ColsGlobal
Rank 3: Grid (0,3) | Local rows=15000 | NNZ=6641 | ColsGlobal
Rank 2: Grid (0,2) | Local rows=15000 | NNZ=14913 | ColsGlobal
Rank 8: Grid (1,0) | Local rows=15000 | NNZ=6849 | ColsGlobal
Rank 9: Grid (1,1) | Local rows=15000 | NNZ=22869 | ColsGlobal
Rank 0: Grid (0,0) | Local rows=15000 | NNZ=22362 | ColsGlobal
Applied 2D cyclic distribution (global column indices preserved)
Rank 10: Grid (1,2) | Local rows=15000 | NNZ=6756 | ColsGlobal
Rank 5: Grid (0,5) | Local rows=15000 | NNZ=6667 | ColsGlobal
Rank 4: Grid (0,4) | Local rows=15000 | NNZ=22175 | ColsGlobal
Rank 11: Grid (1,3) | Local rows=15000 | NNZ=15476 | ColsGlobal
Rank 14: Grid (1,6) | Local rows=15000 | NNZ=6799 | ColsGlobal
Rank 13: Grid (1,5) | Local rows=15000 | NNZ=23065 | ColsGlobal
Rank 12: Grid (1,4) | Local rows=15000 | NNZ=6788 | ColsGlobal
Rank 29: Grid (3,5) | Local rows=15000 | NNZ=15253 | ColsGlobal
Rank 6: Grid (0,6) | Local rows=15000 | NNZ=14877 | ColsGlobal
Rank 7: Grid (0,7) | Local rows=15000 | NNZ=6862 | ColsGlobal
Rank 18: Grid (2,2) | Local rows=15000 | NNZ=22494 | ColsGlobal
Rank 16: Grid (2,0) | Local rows=15000 | NNZ=14898 | ColsGlobal
Rank 20: Grid (2,4) | Local rows=15000 | NNZ=15041 | ColsGlobal
Rank 15: Grid (1,7) | Local rows=15000 | NNZ=15586 | ColsGlobal
Rank 22: Grid (2,6) | Local rows=15000 | NNZ=22444 | ColsGlobal
Rank 24: Grid (3,0) | Local rows=15000 | NNZ=6696 | ColsGlobal
Rank 30: Grid (3,6) | Local rows=15000 | NNZ=6854 | ColsGlobal
Rank 21: Grid (2,5) | Local rows=15000 | NNZ=6710 | ColsGlobal
Rank 17: Grid (2,1) | Local rows=15000 | NNZ=6674 | ColsGlobal
Rank 23: Grid (2,7) | Local rows=15000 | NNZ=6684 | ColsGlobal
Rank 19: Grid (2,3) | Local rows=15000 | NNZ=6574 | ColsGlobal
Rank 26: Grid (3,2) | Local rows=15000 | NNZ=6740 | ColsGlobal
Rank 25: Grid (3,1) | Local rows=15000 | NNZ=15110 | ColsGlobal
Rank 28: Grid (3,4) | Local rows=15000 | NNZ=6703 | ColsGlobal
Rank 27: Grid (3,3) | Local rows=15000 | NNZ=23085 | ColsGlobal
2D Comm Pattern: grid 4 x 8 | expand ghosts on rank 0: 6562
2D: local vector size = 7500 (column block), local rows = 15000

========================================
COMPREHENSIVE METRICS SUMMARY
========================================
PROCESSES: 32
DISTRIBUTION: 2D_cyclic
GRID: 4 x 8 (proc_rows x proc_cols)
ITERATIONS: 10
Matrix NNZ: 410077
BALANCE: nnz_local   min=    6574  avg=  12814.91  max=   23085
COMM:    ghost       min=    2863  avg=   4433.84  max=    6563  | recv_double_avg=  35470.75 B
METRICS: t_total     = 6.536e-01  t_comp = 1.615e-02  t_comm = 6.485e-01
         gflops_total= 1.254841e-03  gflops_comp= 5.079373e-02
========================================

[RESULT] 0,32,2D_cyclic,0,0.653744698,0.653496027,22362,6562,44724
[RESULT] 0,32,2D_cyclic,1,0.545957565,0.545454264,22362,6562,44724
[RESULT] 0,32,2D_cyclic,2,0.830993891,0.830728769,22362,6562,44724
[RESULT] 0,32,2D_cyclic,3,0.617042780,0.616469145,22362,6562,44724
[RESULT] 0,32,2D_cyclic,4,0.556022167,0.555766821,22362,6562,44724
[RESULT] 0,32,2D_cyclic,5,0.608991623,0.541021585,22362,6562,44724
[RESULT] 0,32,2D_cyclic,6,0.566020727,0.562370777,22362,6562,44724
[RESULT] 0,32,2D_cyclic,7,0.830096245,0.829874992,22362,6562,44724
[RESULT] 0,32,2D_cyclic,8,0.621994019,0.621661901,22362,6562,44724
[RESULT] 0,32,2D_cyclic,9,0.552961349,0.552484989,22362,6562,44724
Total execution time: 21.840 seconds
