Retrieving the matrix from '../matrices/Andrews.mtx'...
%%MatrixMarket matrix coordinate integer symmetric
60000 60000 410077
Real Matrix: Rows=60000 | Cols=60000 | NNZ=410077 | Procs=32 | Distribution=2D
2D Process Grid (Block): 4 x 8 (rows x cols)
Rank 12: Grid (1,4) | Rows [15000,30000) | Cols [30000,37500) | LocalRows=15000 | NNZ=0 | ColsGlobal
Rank 2: Grid (0,2) | Rows [0,15000) | Cols [15000,22500) | LocalRows=15000 | NNZ=0 | ColsGlobal
Rank 4: Grid (0,4) | Rows [0,15000) | Cols [30000,37500) | LocalRows=15000 | NNZ=0 | ColsGlobal
Rank 7: Grid (0,7) | Rows [0,15000) | Cols [52500,60000) | LocalRows=15000 | NNZ=0 | ColsGlobal
Rank 3: Grid (0,3) | Rows [0,15000) | Cols [22500,30000) | LocalRows=15000 | NNZ=0 | ColsGlobal
Rank 6: Grid (0,6) | Rows [0,15000) | Cols [45000,52500) | LocalRows=15000 | NNZ=0 | ColsGlobal
Rank 11: Grid (1,3) | Rows [15000,30000) | Cols [22500,30000) | LocalRows=15000 | NNZ=14136 | ColsGlobal
Rank 5: Grid (0,5) | Rows [0,15000) | Cols [37500,45000) | LocalRows=15000 | NNZ=0 | ColsGlobal
Rank 8: Grid (1,0) | Rows [15000,30000) | Cols [0,7500) | LocalRows=15000 | NNZ=21174 | ColsGlobal
Rank 1: Grid (0,1) | Rows [0,15000) | Cols [7500,15000) | LocalRows=15000 | NNZ=14282 | ColsGlobal
Rank 13: Grid (1,5) | Rows [15000,30000) | Cols [37500,45000) | LocalRows=15000 | NNZ=0 | ColsGlobal
Rank 10: Grid (1,2) | Rows [15000,30000) | Cols [15000,22500) | LocalRows=15000 | NNZ=24880 | ColsGlobal
Rank 9: Grid (1,1) | Rows [15000,30000) | Cols [7500,15000) | LocalRows=15000 | NNZ=20995 | ColsGlobal
Rank 0: Grid (0,0) | Rows [0,15000) | Cols [0,7500) | LocalRows=15000 | NNZ=25524 | ColsGlobal
Applied 2D block distribution (global column indices preserved)
Rank 14: Grid (1,6) | Rows [15000,30000) | Cols [45000,52500) | LocalRows=15000 | NNZ=0 | ColsGlobal
Rank 31: Grid (3,7) | Rows [45000,60000) | Cols [52500,60000) | LocalRows=15000 | NNZ=14304 | ColsGlobal
Rank 15: Grid (1,7) | Rows [15000,30000) | Cols [52500,60000) | LocalRows=15000 | NNZ=0 | ColsGlobal
Rank 29: Grid (3,5) | Rows [45000,60000) | Cols [37500,45000) | LocalRows=15000 | NNZ=20958 | ColsGlobal
Rank 23: Grid (2,7) | Rows [30000,45000) | Cols [52500,60000) | LocalRows=15000 | NNZ=0 | ColsGlobal
Rank 22: Grid (2,6) | Rows [30000,45000) | Cols [45000,52500) | LocalRows=15000 | NNZ=0 | ColsGlobal
Rank 30: Grid (3,6) | Rows [45000,60000) | Cols [45000,52500) | LocalRows=15000 | NNZ=24628 | ColsGlobal
Rank 28: Grid (3,4) | Rows [45000,60000) | Cols [30000,37500) | LocalRows=15000 | NNZ=20881 | ColsGlobal
Rank 27: Grid (3,3) | Rows [45000,60000) | Cols [22500,30000) | LocalRows=15000 | NNZ=21082 | ColsGlobal
Rank 21: Grid (2,5) | Rows [30000,45000) | Cols [37500,45000) | LocalRows=15000 | NNZ=13768 | ColsGlobal
Rank 26: Grid (3,2) | Rows [45000,60000) | Cols [15000,22500) | LocalRows=15000 | NNZ=21391 | ColsGlobal
Rank 16: Grid (2,0) | Rows [30000,45000) | Cols [0,7500) | LocalRows=15000 | NNZ=21389 | ColsGlobal
Rank 17: Grid (2,1) | Rows [30000,45000) | Cols [7500,15000) | LocalRows=15000 | NNZ=21204 | ColsGlobal
Rank 25: Grid (3,1) | Rows [45000,60000) | Cols [7500,15000) | LocalRows=15000 | NNZ=20635 | ColsGlobal
Rank 24: Grid (3,0) | Rows [45000,60000) | Cols [0,7500) | LocalRows=15000 | NNZ=21456 | ColsGlobal
Rank 19: Grid (2,3) | Rows [30000,45000) | Cols [22500,30000) | LocalRows=15000 | NNZ=20876 | ColsGlobal
Rank 18: Grid (2,2) | Rows [30000,45000) | Cols [15000,22500) | LocalRows=15000 | NNZ=21635 | ColsGlobal
Rank 20: Grid (2,4) | Rows [30000,45000) | Cols [30000,37500) | LocalRows=15000 | NNZ=24879 | ColsGlobal
2D Comm Pattern: grid 4 x 8 | expand ghosts on rank 0: 0
2D: local vector size = 7500 (column block), local rows = 15000

========================================
COMPREHENSIVE METRICS SUMMARY
========================================
PROCESSES: 32
DISTRIBUTION: 2D
GRID: 4 x 8 (proc_rows x proc_cols)
ITERATIONS: 10
Matrix NNZ: 410077
BALANCE: nnz_local   min=       0  avg=  12814.91  max=   25524
COMM:    ghost       min=       0  avg=      0.00  max=       0  | recv_double_avg=      0.00 B
METRICS: t_total     = 8.118e-04  t_comp = 1.535e-04  t_comm = 7.609e-04
         gflops_total= 1.010331e+00  gflops_comp= 5.343236e+00
========================================

[RESULT] 0,32,2D,0,0.000574589,0.000422716,25524,0,51048
[RESULT] 0,32,2D,1,0.000582695,0.000434160,25524,0,51048
[RESULT] 0,32,2D,2,0.000578642,0.000430107,25524,0,51048
[RESULT] 0,32,2D,3,0.000570774,0.000422955,25524,0,51048
[RESULT] 0,32,2D,4,0.000572681,0.000414610,25524,0,51048
[RESULT] 0,32,2D,5,0.000584364,0.000436068,25524,0,51048
[RESULT] 0,32,2D,6,0.000600100,0.000452280,25524,0,51048
[RESULT] 0,32,2D,7,0.000583649,0.000435829,25524,0,51048
[RESULT] 0,32,2D,8,0.000571012,0.000423908,25524,0,51048
[RESULT] 0,32,2D,9,0.000569582,0.000421524,25524,0,51048
Total execution time: 0.292 seconds
