Retrieving the matrix from '../matrices/1138_bus.mtx'...
%%MatrixMarket matrix coordinate real symmetric
1138 1138 2596
Real Matrix: Rows=1138 | Cols=1138 | NNZ=2596 | Procs=32 | Distribution=1D
Applied 1D distribution
Ghost columns identified: 46 total ghost values needed
Local vector initialized (size=36 per process)

========================================
COMPREHENSIVE METRICS SUMMARY
========================================
PROCESSES: 32
DISTRIBUTION: 1D
ITERATIONS: 10
Matrix NNZ: 2596
BALANCE: nnz_local   min=      68  avg=     81.12  max=      99
COMM:    ghost       min=      30  avg=     44.03  max=      61  | recv_double_avg=    352.25 B
METRICS: t_total     = 2.736e-04  t_comp = 1.955e-06  t_comm = 2.716e-04
         gflops_total= 1.897763e-02  gflops_comp= 2.655711e+00
========================================

[RESULT] 0,32,1D,0,0.000137329,0.000135899,86,46,172
[RESULT] 0,32,1D,1,0.000262737,0.000261545,86,46,172
[RESULT] 0,32,1D,2,0.000202417,0.000201702,86,46,172
[RESULT] 0,32,1D,3,0.000327826,0.000327349,86,46,172
[RESULT] 0,32,1D,4,0.000189304,0.000188589,86,46,172
[RESULT] 0,32,1D,5,0.000267029,0.000266314,86,46,172
[RESULT] 0,32,1D,6,0.000201941,0.000201464,86,46,172
[RESULT] 0,32,1D,7,0.000175238,0.000174522,86,46,172
[RESULT] 0,32,1D,8,0.000231266,0.000230551,86,46,172
[RESULT] 0,32,1D,9,0.000293255,0.000292540,86,46,172
Total execution time: 0.024 seconds
