Retrieving the matrix from '../matrices/Andrews.mtx'...
%%MatrixMarket matrix coordinate integer symmetric
60000 60000 410077
Real Matrix: Rows=60000 | Cols=60000 | NNZ=410077 | Procs=2 | Distribution=2D_cyclic
2D Process Grid (Cyclic): 1 x 2
Rank 0: Grid (0,0) | Local rows=60000 | NNZ=203389 | ColsGlobal
Applied 2D cyclic distribution (global column indices preserved)
Rank 1: Grid (0,1) | Local rows=60000 | NNZ=206688 | ColsGlobal
2D Comm Pattern: grid 1 x 2 | expand ghosts on rank 0: 15000
2D: local vector size = 30000 (column block), local rows = 60000

========================================
COMPREHENSIVE METRICS SUMMARY
========================================
PROCESSES: 2
DISTRIBUTION: 2D_cyclic
GRID: 1 x 2 (proc_rows x proc_cols)
ITERATIONS: 10
Matrix NNZ: 410077
BALANCE: nnz_local   min=  203389  avg= 205038.50  max=  206688
COMM:    ghost       min=   15000  avg=  15000.00  max=   15000  | recv_double_avg= 120000.00 B
METRICS: t_total     = 2.117e-03  t_comp = 9.816e-04  t_comm = 1.135e-03
         gflops_total= 3.874893e-01  gflops_comp= 8.355133e-01
========================================

[RESULT] 0,2,2D_cyclic,0,0.002230167,0.001198053,203389,15000,406778
[RESULT] 0,2,2D_cyclic,1,0.002252579,0.001211882,203389,15000,406778
[RESULT] 0,2,2D_cyclic,2,0.002099037,0.001129866,203389,15000,406778
[RESULT] 0,2,2D_cyclic,3,0.002103090,0.001135349,203389,15000,406778
[RESULT] 0,2,2D_cyclic,4,0.002103567,0.001132727,203389,15000,406778
[RESULT] 0,2,2D_cyclic,5,0.002068520,0.001104355,203389,15000,406778
[RESULT] 0,2,2D_cyclic,6,0.002098560,0.001130581,203389,15000,406778
[RESULT] 0,2,2D_cyclic,7,0.002071381,0.001103878,203389,15000,406778
[RESULT] 0,2,2D_cyclic,8,0.002089977,0.001123190,203389,15000,406778
[RESULT] 0,2,2D_cyclic,9,0.002048969,0.001079798,203389,15000,406778
Total execution time: 0.229 seconds
