Synthetic Matrix (Weak Scaling): Rows/proc=10000 | Total rows=40000 | NNZ/row=~50 | Procs=16
Dummy Matrix Generated: 40000 Global Rows | Total NNZ: 7999800
2D Comm Pattern: grid 4 x 4 | expand ghosts on rank 0: 30000
2D: local vector size = 10000 (column block), local rows = 10000

========================================
COMPREHENSIVE METRICS SUMMARY
========================================
PROCESSES: 16
DISTRIBUTION: 2D_cyclic
GRID: 4 x 4 (proc_rows x proc_cols)
ITERATIONS: 10
Matrix NNZ: 7999800
BALANCE: nnz_local   min=  499981  avg= 499987.50  max=  499991
COMM:    ghost       min=   30000  avg=  30000.00  max=   30000  | recv_double_avg= 240000.00 B
METRICS: t_total     = 2.579e-01  t_comp = 3.132e-03  t_comm = 2.568e-01
         gflops_total= 6.203021e-02  gflops_comp= 5.107714e+00
========================================

[RESULT] 0,16,2D_cyclic,0,0.255999088,0.255047321,499990,30000,999980
[RESULT] 0,16,2D_cyclic,1,0.170001030,0.169014215,499990,30000,999980
[RESULT] 0,16,2D_cyclic,2,0.213991880,0.212105989,499990,30000,999980
[RESULT] 0,16,2D_cyclic,3,0.256382465,0.255554676,499990,30000,999980
[RESULT] 0,16,2D_cyclic,4,0.226223469,0.224224806,499990,30000,999980
[RESULT] 0,16,2D_cyclic,5,0.276994944,0.275496244,499990,30000,999980
[RESULT] 0,16,2D_cyclic,6,0.194748878,0.192325592,499990,30000,999980
[RESULT] 0,16,2D_cyclic,7,0.162236929,0.161322355,499990,30000,999980
[RESULT] 0,16,2D_cyclic,8,0.256951571,0.256034136,499990,30000,999980
[RESULT] 0,16,2D_cyclic,9,0.237997770,0.234716415,499990,30000,999980
Total execution time: 5.746 seconds
