Synthetic Matrix (Weak Scaling): Rows/proc=10000 | Total rows=1280000 | NNZ/row=~50 | Procs=128
Dummy Matrix Generated: 1280000 Global Rows | Total NNZ: 64000000
Ghost columns identified: 410664 total ghost values needed
Local vector initialized (size=10000 per process)

========================================
COMPREHENSIVE METRICS SUMMARY
========================================
PROCESSES: 128
DISTRIBUTION: 1D
ITERATIONS: 10
Matrix NNZ: 64000000
BALANCE: nnz_local   min=  500000  avg= 500000.00  max=  500000
COMM:    ghost       min=  410179  avg= 410665.73  max=  411395  | recv_double_avg=3285325.88 B
METRICS: t_total     = 1.396e-01  t_comp = 5.219e-02  t_comm = 1.002e-01
         gflops_total= 9.167918e-01  gflops_comp= 2.452717e+00
========================================

[RESULT] 0,128,1D,0,0.124150991,0.104611635,500000,410664,1000000
[RESULT] 0,128,1D,1,0.121520996,0.096841812,500000,410664,1000000
[RESULT] 0,128,1D,2,0.120926380,0.099849224,500000,410664,1000000
[RESULT] 0,128,1D,3,0.137486458,0.111266375,500000,410664,1000000
[RESULT] 0,128,1D,4,0.118441820,0.092365026,500000,410664,1000000
[RESULT] 0,128,1D,5,0.123933077,0.098276138,500000,410664,1000000
[RESULT] 0,128,1D,6,0.125633001,0.102983952,500000,410664,1000000
[RESULT] 0,128,1D,7,0.111431837,0.087527275,500000,410664,1000000
[RESULT] 0,128,1D,8,0.124506235,0.097601414,500000,410664,1000000
[RESULT] 0,128,1D,9,0.121428013,0.094435215,500000,410664,1000000
Total execution time: 2.159 seconds
