Synthetic Matrix (Weak Scaling): Rows/proc=10000 | Total rows=80000 | NNZ/row=~50 | Procs=128
Dummy Matrix Generated: 80000 Global Rows | Total NNZ: 63999220
2D Comm Pattern: grid 8 x 16 | expand ghosts on rank 0: 74856
2D: local vector size = 5000 (column block), local rows = 10000

========================================
COMPREHENSIVE METRICS SUMMARY
========================================
PROCESSES: 128
DISTRIBUTION: 2D
GRID: 8 x 16 (proc_rows x proc_cols)
ITERATIONS: 10
Matrix NNZ: 63999220
BALANCE: nnz_local   min=  499988  avg= 499993.91  max=  499999
COMM:    ghost       min=   74825  avg=  74857.46  max=   74890  | recv_double_avg= 598859.69 B
METRICS: t_total     = 2.794e+00  t_comp = 2.890e-02  t_comm = 2.791e+00
         gflops_total= 4.581067e-02  gflops_comp= 4.429753e+00
========================================

[RESULT] 0,128,2D,0,2.223994017,2.221144438,499993,74856,999986
[RESULT] 0,128,2D,1,2.876013517,2.873122454,499993,74856,999986
[RESULT] 0,128,2D,2,2.648988962,2.646118641,499993,74856,999986
[RESULT] 0,128,2D,3,2.935983658,2.933036089,499993,74856,999986
[RESULT] 0,128,2D,4,2.818014860,2.815106869,499993,74856,999986
[RESULT] 0,128,2D,5,2.631307602,2.628426075,499993,74856,999986
[RESULT] 0,128,2D,6,2.390030384,2.387136459,499993,74856,999986
[RESULT] 0,128,2D,7,2.666992664,2.664051056,499993,74856,999986
[RESULT] 0,128,2D,8,2.615987301,2.613080740,499993,74856,999986
[RESULT] 0,128,2D,9,2.583990812,2.581077814,499993,74856,999986
Total execution time: 60.912 seconds
