Synthetic Matrix (Weak Scaling): Rows/proc=10000 | Total rows=20000 | NNZ/row=~50 | Procs=4
Dummy Matrix Generated: 20000 Global Rows | Total NNZ: 1999905
2D Comm Pattern: grid 2 x 2 | expand ghosts on rank 0: 10000
2D: local vector size = 10000 (column block), local rows = 10000

========================================
COMPREHENSIVE METRICS SUMMARY
========================================
PROCESSES: 4
DISTRIBUTION: 2D_cyclic
GRID: 2 x 2 (proc_rows x proc_cols)
ITERATIONS: 10
Matrix NNZ: 1999905
BALANCE: nnz_local   min=  499969  avg= 499976.25  max=  499981
COMM:    ghost       min=   10000  avg=  10000.00  max=   10000  | recv_double_avg=  80000.00 B
METRICS: t_total     = 1.599e-03  t_comp = 1.140e-03  t_comm = 5.591e-04
         gflops_total= 2.501106e+00  gflops_comp= 3.509564e+00
========================================

[RESULT] 0,4,2D_cyclic,0,0.001546144,0.000391006,499978,10000,999956
[RESULT] 0,4,2D_cyclic,1,0.001570463,0.000428438,499978,10000,999956
[RESULT] 0,4,2D_cyclic,2,0.001529217,0.000390291,499978,10000,999956
[RESULT] 0,4,2D_cyclic,3,0.001574039,0.000437737,499978,10000,999956
[RESULT] 0,4,2D_cyclic,4,0.001523733,0.000385284,499978,10000,999956
[RESULT] 0,4,2D_cyclic,5,0.001523972,0.000387430,499978,10000,999956
[RESULT] 0,4,2D_cyclic,6,0.001576424,0.000433683,499978,10000,999956
[RESULT] 0,4,2D_cyclic,7,0.001576662,0.000441551,499978,10000,999956
[RESULT] 0,4,2D_cyclic,8,0.001518011,0.000381231,499978,10000,999956
[RESULT] 0,4,2D_cyclic,9,0.002053499,0.000918627,499978,10000,999956
Total execution time: 0.083 seconds
