Synthetic Matrix (Weak Scaling): Rows/proc=10000 | Total rows=320000 | NNZ/row=~50 | Procs=32
Dummy Matrix Generated: 320000 Global Rows | Total NNZ: 16000000
Ghost columns identified: 245121 total ghost values needed
Local vector initialized (size=10000 per process)

========================================
COMPREHENSIVE METRICS SUMMARY
========================================
PROCESSES: 32
DISTRIBUTION: 1D
ITERATIONS: 10
Matrix NNZ: 16000000
BALANCE: nnz_local   min=  500000  avg= 500000.00  max=  500000
COMM:    ghost       min=  244503  avg= 245013.53  max=  245368  | recv_double_avg=1960108.25 B
METRICS: t_total     = 2.247e-02  t_comp = 7.984e-03  t_comm = 1.462e-02
         gflops_total= 1.423818e+00  gflops_comp= 4.008055e+00
========================================

[RESULT] 0,32,1D,0,0.019981146,0.015105247,500000,245121,1000000
[RESULT] 0,32,1D,1,0.018676758,0.014066696,500000,245121,1000000
[RESULT] 0,32,1D,2,0.019082308,0.014371395,500000,245121,1000000
[RESULT] 0,32,1D,3,0.018837452,0.014139891,500000,245121,1000000
[RESULT] 0,32,1D,4,0.018445015,0.013870239,500000,245121,1000000
[RESULT] 0,32,1D,5,0.018563509,0.013914824,500000,245121,1000000
[RESULT] 0,32,1D,6,0.019007921,0.014383316,500000,245121,1000000
[RESULT] 0,32,1D,7,0.018543959,0.013903856,500000,245121,1000000
[RESULT] 0,32,1D,8,0.018569231,0.013996601,500000,245121,1000000
[RESULT] 0,32,1D,9,0.018709421,0.014128447,500000,245121,1000000
Total execution time: 0.341 seconds
