Synthetic Matrix (Weak Scaling): Rows/proc=10000 | Total rows=20000 | NNZ/row=~50 | Procs=4
Dummy Matrix Generated: 20000 Global Rows | Total NNZ: 1999898
2D Comm Pattern: grid 2 x 2 | expand ghosts on rank 0: 10000
2D: local vector size = 10000 (column block), local rows = 10000

========================================
COMPREHENSIVE METRICS SUMMARY
========================================
PROCESSES: 4
DISTRIBUTION: 2D
GRID: 2 x 2 (proc_rows x proc_cols)
ITERATIONS: 10
Matrix NNZ: 1999898
BALANCE: nnz_local   min=  499967  avg= 499974.50  max=  499977
COMM:    ghost       min=   10000  avg=  10000.00  max=   10000  | recv_double_avg=  80000.00 B
METRICS: t_total     = 1.676e-03  t_comp = 1.150e-03  t_comm = 6.251e-04
         gflops_total= 2.387177e+00  gflops_comp= 3.477398e+00
========================================

[RESULT] 0,4,2D,0,0.001548290,0.000498533,499977,10000,999954
[RESULT] 0,4,2D,1,0.001547575,0.000503778,499977,10000,999954
[RESULT] 0,4,2D,2,0.001544237,0.000501871,499977,10000,999954
[RESULT] 0,4,2D,3,0.001532078,0.000490665,499977,10000,999954
[RESULT] 0,4,2D,4,0.001564980,0.000523090,499977,10000,999954
[RESULT] 0,4,2D,5,0.001529694,0.000485420,499977,10000,999954
[RESULT] 0,4,2D,6,0.001518726,0.000473499,499977,10000,999954
[RESULT] 0,4,2D,7,0.001533985,0.000491381,499977,10000,999954
[RESULT] 0,4,2D,8,0.001514912,0.000471830,499977,10000,999954
[RESULT] 0,4,2D,9,0.001548052,0.000502586,499977,10000,999954
Total execution time: 0.081 seconds
