Synthetic Matrix (Weak Scaling): Rows/proc=10000 | Total rows=320000 | NNZ/row=~50 | Procs=32
Dummy Matrix Generated: 320000 Global Rows | Total NNZ: 16000000
Ghost columns identified: 245121 total ghost values needed
Local vector initialized (size=10000 per process)

========================================
COMPREHENSIVE METRICS SUMMARY
========================================
PROCESSES: 32
DISTRIBUTION: 1D
ITERATIONS: 10
Matrix NNZ: 16000000
BALANCE: nnz_local   min=  500000  avg= 500000.00  max=  500000
COMM:    ghost       min=  244503  avg= 245013.53  max=  245368  | recv_double_avg=1960108.25 B
METRICS: t_total     = 3.839e-01  t_comp = 1.307e-01  t_comm = 2.531e-01
         gflops_total= 8.336460e-02  gflops_comp= 2.447811e-01
========================================

[RESULT] 0,32,1D,0,0.348044157,0.159314156,500000,245121,1000000
[RESULT] 0,32,1D,1,0.307998180,0.217531681,500000,245121,1000000
[RESULT] 0,32,1D,2,0.486919641,0.349984884,500000,245121,1000000
[RESULT] 0,32,1D,3,0.430360079,0.293842793,500000,245121,1000000
[RESULT] 0,32,1D,4,0.282177925,0.218082666,500000,245121,1000000
[RESULT] 0,32,1D,5,0.490121126,0.339258432,500000,245121,1000000
[RESULT] 0,32,1D,6,0.368345976,0.233688354,500000,245121,1000000
[RESULT] 0,32,1D,7,0.426369429,0.279079914,500000,245121,1000000
[RESULT] 0,32,1D,8,0.279081583,0.193491936,500000,245121,1000000
[RESULT] 0,32,1D,9,0.419141769,0.246994495,500000,245121,1000000
Total execution time: 8.725 seconds
