Synthetic Matrix (Weak Scaling): Rows/proc=10000 | Total rows=20000 | NNZ/row=~50 | Procs=4
Dummy Matrix Generated: 20000 Global Rows | Total NNZ: 1999877
2D Comm Pattern: grid 2 x 2 | expand ghosts on rank 0: 10000
2D: local vector size = 10000 (column block), local rows = 10000

========================================
COMPREHENSIVE METRICS SUMMARY
========================================
PROCESSES: 4
DISTRIBUTION: 2D
GRID: 2 x 2 (proc_rows x proc_cols)
ITERATIONS: 10
Matrix NNZ: 1999877
BALANCE: nnz_local   min=  499958  avg= 499969.25  max=  499975
COMM:    ghost       min=   10000  avg=  10000.00  max=   10000  | recv_double_avg=  80000.00 B
METRICS: t_total     = 8.958e-03  t_comp = 2.082e-04  t_comm = 8.750e-03
         gflops_total= 4.464850e-01  gflops_comp= 1.921230e+01
========================================

[RESULT] 0,4,2D,0,0.000789642,0.000595331,499975,10000,999950
[RESULT] 0,4,2D,1,0.000740767,0.000571966,499975,10000,999950
[RESULT] 0,4,2D,2,0.000759125,0.000590563,499975,10000,999950
[RESULT] 0,4,2D,3,0.000723124,0.000573397,499975,10000,999950
[RESULT] 0,4,2D,4,0.000672579,0.000504494,499975,10000,999950
[RESULT] 0,4,2D,5,0.000712872,0.000556707,499975,10000,999950
[RESULT] 0,4,2D,6,0.000801563,0.000636578,499975,10000,999950
[RESULT] 0,4,2D,7,0.000671148,0.000527143,499975,10000,999950
[RESULT] 0,4,2D,8,0.000669241,0.000535727,499975,10000,999950
[RESULT] 0,4,2D,9,0.000998735,0.000466108,499975,10000,999950
Total execution time: 0.541 seconds
