Synthetic Matrix (Weak Scaling): Rows/proc=10000 | Total rows=10000 | NNZ/row=~50 | Procs=2
Dummy Matrix Generated: 10000 Global Rows | Total NNZ: 999901
2D Comm Pattern: grid 1 x 2 | expand ghosts on rank 0: 5000
2D: local vector size = 5000 (column block), local rows = 10000

========================================
COMPREHENSIVE METRICS SUMMARY
========================================
PROCESSES: 2
DISTRIBUTION: 2D
GRID: 1 x 2 (proc_rows x proc_cols)
ITERATIONS: 10
Matrix NNZ: 999901
BALANCE: nnz_local   min=  499945  avg= 499950.50  max=  499956
COMM:    ghost       min=    5000  avg=   5000.00  max=    5000  | recv_double_avg=  40000.00 B
METRICS: t_total     = 1.371e-03  t_comp = 1.031e-03  t_comm = 3.579e-04
         gflops_total= 1.459074e+00  gflops_comp= 1.939102e+00
========================================

[RESULT] 0,2,2D,0,0.001343012,0.000335693,499945,5000,999890
[RESULT] 0,2,2D,1,0.001388073,0.000325680,499945,5000,999890
[RESULT] 0,2,2D,2,0.001376867,0.000339985,499945,5000,999890
[RESULT] 0,2,2D,3,0.001364231,0.000344992,499945,5000,999890
[RESULT] 0,2,2D,4,0.001370668,0.000317097,499945,5000,999890
[RESULT] 0,2,2D,5,0.001354456,0.000354290,499945,5000,999890
[RESULT] 0,2,2D,6,0.001413345,0.000346422,499945,5000,999890
[RESULT] 0,2,2D,7,0.001337528,0.000337124,499945,5000,999890
[RESULT] 0,2,2D,8,0.001357079,0.000357151,499945,5000,999890
[RESULT] 0,2,2D,9,0.001400709,0.000334501,499945,5000,999890
Total execution time: 0.077 seconds
