Synthetic Matrix (Weak Scaling): Rows/proc=10000 | Total rows=640000 | NNZ/row=~50 | Procs=64
Dummy Matrix Generated: 640000 Global Rows | Total NNZ: 32000000
Ghost columns identified: 341628 total ghost values needed
Local vector initialized (size=10000 per process)

========================================
COMPREHENSIVE METRICS SUMMARY
========================================
PROCESSES: 64
DISTRIBUTION: 1D
ITERATIONS: 10
Matrix NNZ: 32000000
BALANCE: nnz_local   min=  500000  avg= 500000.00  max=  500000
COMM:    ghost       min=  340908  avg= 341542.47  max=  342173  | recv_double_avg=2732339.75 B
METRICS: t_total     = 1.004e+00  t_comp = 3.013e-01  t_comm = 7.256e-01
         gflops_total= 6.374266e-02  gflops_comp= 2.123856e-01
========================================

[RESULT] 0,64,1D,0,0.975132227,0.696327448,500000,341628,1000000
[RESULT] 0,64,1D,1,0.963624716,0.692659616,500000,341628,1000000
[RESULT] 0,64,1D,2,0.985629082,0.718113661,500000,341628,1000000
[RESULT] 0,64,1D,3,1.146688461,0.873572111,500000,341628,1000000
[RESULT] 0,64,1D,4,0.958225965,0.647143602,500000,341628,1000000
[RESULT] 0,64,1D,5,0.940309286,0.653763771,500000,341628,1000000
[RESULT] 0,64,1D,6,1.028683662,0.759312153,500000,341628,1000000
[RESULT] 0,64,1D,7,1.018900871,0.755995274,500000,341628,1000000
[RESULT] 0,64,1D,8,1.090656042,0.821555614,500000,341628,1000000
[RESULT] 0,64,1D,9,0.932521582,0.637142897,500000,341628,1000000
Total execution time: 22.628 seconds
