Synthetic Matrix (Weak Scaling): Rows/proc=10000 | Total rows=80000 | NNZ/row=~50 | Procs=8
Dummy Matrix Generated: 80000 Global Rows | Total NNZ: 4000000
Ghost columns identified: 69858 total ghost values needed
Local vector initialized (size=10000 per process)

========================================
COMPREHENSIVE METRICS SUMMARY
========================================
PROCESSES: 8
DISTRIBUTION: 1D
ITERATIONS: 10
Matrix NNZ: 4000000
BALANCE: nnz_local   min=  500000  avg= 500000.00  max=  500000
COMM:    ghost       min=   69840  avg=  69861.62  max=   69888  | recv_double_avg= 558893.00 B
METRICS: t_total     = 7.590e-02  t_comp = 2.227e-02  t_comm = 7.263e-02
         gflops_total= 1.053953e-01  gflops_comp= 3.593021e-01
========================================

[RESULT] 0,8,1D,0,0.060288429,0.035502672,500000,69858,1000000
[RESULT] 0,8,1D,1,0.092207909,0.061024904,500000,69858,1000000
[RESULT] 0,8,1D,2,0.063700199,0.047435045,500000,69858,1000000
[RESULT] 0,8,1D,3,0.047531128,0.030626774,500000,69858,1000000
[RESULT] 0,8,1D,4,0.089694500,0.078214169,500000,69858,1000000
[RESULT] 0,8,1D,5,0.057658195,0.050732613,500000,69858,1000000
[RESULT] 0,8,1D,6,0.075714827,0.070149660,500000,69858,1000000
[RESULT] 0,8,1D,7,0.058388710,0.040672541,500000,69858,1000000
[RESULT] 0,8,1D,8,0.051586866,0.043460846,500000,69858,1000000
[RESULT] 0,8,1D,9,0.086415052,0.059393167,500000,69858,1000000
Total execution time: 1.658 seconds
