Synthetic Matrix (Weak Scaling): Rows/proc=10000 | Total rows=10000 | NNZ/row=~50 | Procs=2
Dummy Matrix Generated: 10000 Global Rows | Total NNZ: 999899
2D Comm Pattern: grid 1 x 2 | expand ghosts on rank 0: 5000
2D: local vector size = 5000 (column block), local rows = 10000

========================================
COMPREHENSIVE METRICS SUMMARY
========================================
PROCESSES: 2
DISTRIBUTION: 2D_cyclic
GRID: 1 x 2 (proc_rows x proc_cols)
ITERATIONS: 10
Matrix NNZ: 999899
BALANCE: nnz_local   min=  499944  avg= 499949.50  max=  499955
COMM:    ghost       min=    5000  avg=   5000.00  max=    5000  | recv_double_avg=  40000.00 B
METRICS: t_total     = 5.710e-04  t_comp = 1.182e-04  t_comm = 4.663e-04
         gflops_total= 3.502489e+00  gflops_comp= 1.691422e+01
========================================

[RESULT] 0,2,2D_cyclic,0,0.000815630,0.000665426,499944,5000,999888
[RESULT] 0,2,2D_cyclic,1,0.000773430,0.000609875,499944,5000,999888
[RESULT] 0,2,2D_cyclic,2,0.000820398,0.000701427,499944,5000,999888
[RESULT] 0,2,2D_cyclic,3,0.000509977,0.000400305,499944,5000,999888
[RESULT] 0,2,2D_cyclic,4,0.000452280,0.000352859,499944,5000,999888
[RESULT] 0,2,2D_cyclic,5,0.000459671,0.000364780,499944,5000,999888
[RESULT] 0,2,2D_cyclic,6,0.000522137,0.000376940,499944,5000,999888
[RESULT] 0,2,2D_cyclic,7,0.000453234,0.000334263,499944,5000,999888
[RESULT] 0,2,2D_cyclic,8,0.000460863,0.000369549,499944,5000,999888
[RESULT] 0,2,2D_cyclic,9,0.000442028,0.000351906,499944,5000,999888
Total execution time: 0.109 seconds
