Synthetic Matrix (Weak Scaling): Rows/proc=10000 | Total rows=40000 | NNZ/row=~50 | Procs=32
Dummy Matrix Generated: 40000 Global Rows | Total NNZ: 15999617
2D Comm Pattern: grid 4 x 8 | expand ghosts on rank 0: 35000
2D: local vector size = 5000 (column block), local rows = 10000

========================================
COMPREHENSIVE METRICS SUMMARY
========================================
PROCESSES: 32
DISTRIBUTION: 2D_cyclic
GRID: 4 x 8 (proc_rows x proc_cols)
ITERATIONS: 10
Matrix NNZ: 15999617
BALANCE: nnz_local   min=  499979  avg= 499988.03  max=  499994
COMM:    ghost       min=   34998  avg=  34999.69  max=   35000  | recv_double_avg= 279997.50 B
METRICS: t_total     = 4.351e-03  t_comp = 1.658e-03  t_comm = 2.904e-03
         gflops_total= 7.355268e+00  gflops_comp= 1.930144e+01
========================================

[RESULT] 0,32,2D_cyclic,0,0.004286289,0.002652168,499987,35000,999974
[RESULT] 0,32,2D_cyclic,1,0.004377842,0.002771378,499987,35000,999974
[RESULT] 0,32,2D_cyclic,2,0.004232645,0.002628326,499987,35000,999974
[RESULT] 0,32,2D_cyclic,3,0.004381418,0.002774477,499987,35000,999974
[RESULT] 0,32,2D_cyclic,4,0.004211903,0.002604246,499987,35000,999974
[RESULT] 0,32,2D_cyclic,5,0.004390001,0.002785921,499987,35000,999974
[RESULT] 0,32,2D_cyclic,6,0.004397631,0.002797365,499987,35000,999974
[RESULT] 0,32,2D_cyclic,7,0.004280329,0.002676964,499987,35000,999974
[RESULT] 0,32,2D_cyclic,8,0.004267454,0.002663136,499987,35000,999974
[RESULT] 0,32,2D_cyclic,9,0.004312277,0.002710104,499987,35000,999974
Total execution time: 0.132 seconds
