Synthetic Matrix (Weak Scaling): Rows/proc=10000 | Total rows=1280000 | NNZ/row=~50 | Procs=128
Dummy Matrix Generated: 1280000 Global Rows | Total NNZ: 64000000
Ghost columns identified: 410664 total ghost values needed
Local vector initialized (size=10000 per process)

========================================
COMPREHENSIVE METRICS SUMMARY
========================================
PROCESSES: 128
DISTRIBUTION: 1D
ITERATIONS: 10
Matrix NNZ: 64000000
BALANCE: nnz_local   min=  500000  avg= 500000.00  max=  500000
COMM:    ghost       min=  410179  avg= 410665.73  max=  411395  | recv_double_avg=3285325.88 B
METRICS: t_total     = 2.985e+00  t_comp = 1.009e+00  t_comm = 2.099e+00
         gflops_total= 4.287839e-02  gflops_comp= 1.268110e-01
========================================

[RESULT] 0,128,1D,0,2.929052591,1.882987738,500000,410664,1000000
[RESULT] 0,128,1D,1,3.181044579,2.151180983,500000,410664,1000000
[RESULT] 0,128,1D,2,3.110374451,2.046280146,500000,410664,1000000
[RESULT] 0,128,1D,3,2.697109461,1.747161150,500000,410664,1000000
[RESULT] 0,128,1D,4,2.740923643,1.953111649,500000,410664,1000000
[RESULT] 0,128,1D,5,2.985906839,1.942209005,500000,410664,1000000
[RESULT] 0,128,1D,6,2.841289997,1.785271645,500000,410664,1000000
[RESULT] 0,128,1D,7,3.206128836,2.183995008,500000,410664,1000000
[RESULT] 0,128,1D,8,3.110498190,2.040280342,500000,410664,1000000
[RESULT] 0,128,1D,9,3.049537420,2.025627136,500000,410664,1000000
Total execution time: 58.954 seconds
