Synthetic Matrix (Weak Scaling): Rows/proc=10000 | Total rows=40000 | NNZ/row=~50 | Procs=32
Dummy Matrix Generated: 40000 Global Rows | Total NNZ: 15999551
2D Comm Pattern: grid 4 x 8 | expand ghosts on rank 0: 35000
2D: local vector size = 5000 (column block), local rows = 10000

========================================
COMPREHENSIVE METRICS SUMMARY
========================================
PROCESSES: 32
DISTRIBUTION: 2D_cyclic
GRID: 4 x 8 (proc_rows x proc_cols)
ITERATIONS: 10
Matrix NNZ: 15999551
BALANCE: nnz_local   min=  499978  avg= 499985.97  max=  499993
COMM:    ghost       min=   34999  avg=  34999.84  max=   35000  | recv_double_avg= 279998.75 B
METRICS: t_total     = 6.490e-01  t_comp = 2.443e-02  t_comm = 6.426e-01
         gflops_total= 4.930163e-02  gflops_comp= 1.309560e+00
========================================

[RESULT] 0,32,2D_cyclic,0,0.526957273,0.525299072,499992,35000,999984
[RESULT] 0,32,2D_cyclic,1,0.799965382,0.742977142,499992,35000,999984
[RESULT] 0,32,2D_cyclic,2,0.634316206,0.633059740,499992,35000,999984
[RESULT] 0,32,2D_cyclic,3,0.612994432,0.611322403,499992,35000,999984
[RESULT] 0,32,2D_cyclic,4,0.698696852,0.697367668,499992,35000,999984
[RESULT] 0,32,2D_cyclic,5,0.528835058,0.526442051,499992,35000,999984
[RESULT] 0,32,2D_cyclic,6,0.626001358,0.624324322,499992,35000,999984
[RESULT] 0,32,2D_cyclic,7,0.663015842,0.661684275,499992,35000,999984
[RESULT] 0,32,2D_cyclic,8,0.617000580,0.615707159,499992,35000,999984
[RESULT] 0,32,2D_cyclic,9,0.500046253,0.498530388,499992,35000,999984
Total execution time: 13.785 seconds
