Synthetic Matrix (Weak Scaling): Rows/proc=10000 | Total rows=20000 | NNZ/row=~50 | Procs=2
Dummy Matrix Generated: 20000 Global Rows | Total NNZ: 1000000
Ghost columns identified: 10000 total ghost values needed
Local vector initialized (size=10000 per process)

========================================
COMPREHENSIVE METRICS SUMMARY
========================================
PROCESSES: 2
DISTRIBUTION: 1D
ITERATIONS: 10
Matrix NNZ: 1000000
BALANCE: nnz_local   min=  500000  avg= 500000.00  max=  500000
COMM:    ghost       min=   10000  avg=  10000.00  max=   10000  | recv_double_avg=  80000.00 B
METRICS: t_total     = 7.821e-03  t_comp = 7.441e-03  t_comm = 3.804e-04
         gflops_total= 2.557136e-01  gflops_comp= 2.687855e-01
========================================

[RESULT] 0,2,1D,0,0.005788803,0.000370264,500000,10000,1000000
[RESULT] 0,2,1D,1,0.024918556,0.000386715,500000,10000,1000000
[RESULT] 0,2,1D,2,0.005863428,0.000429153,500000,10000,1000000
[RESULT] 0,2,1D,3,0.005908489,0.000296116,500000,10000,1000000
[RESULT] 0,2,1D,4,0.005801916,0.000384808,500000,10000,1000000
[RESULT] 0,2,1D,5,0.005913496,0.000380993,500000,10000,1000000
[RESULT] 0,2,1D,6,0.006036520,0.000369549,500000,10000,1000000
[RESULT] 0,2,1D,7,0.005935431,0.000379324,500000,10000,1000000
[RESULT] 0,2,1D,8,0.006195068,0.000384808,500000,10000,1000000
[RESULT] 0,2,1D,9,0.005850792,0.000422001,500000,10000,1000000
Total execution time: 0.159 seconds
