Synthetic Matrix (Weak Scaling): Rows/proc=10000 | Total rows=80000 | NNZ/row=~50 | Procs=64
Dummy Matrix Generated: 80000 Global Rows | Total NNZ: 31999646
2D Comm Pattern: grid 8 x 8 | expand ghosts on rank 0: 69840
2D: local vector size = 10000 (column block), local rows = 10000

========================================
COMPREHENSIVE METRICS SUMMARY
========================================
PROCESSES: 64
DISTRIBUTION: 2D
GRID: 8 x 8 (proc_rows x proc_cols)
ITERATIONS: 10
Matrix NNZ: 31999646
BALANCE: nnz_local   min=  499987  avg= 499994.47  max=  499999
COMM:    ghost       min=   69819  avg=  69865.81  max=   69895  | recv_double_avg= 558926.50 B
METRICS: t_total     = 1.385e+00  t_comp = 1.532e-02  t_comm = 1.379e+00
         gflops_total= 4.621218e-02  gflops_comp= 4.177404e+00
========================================

[RESULT] 0,64,2D,0,1.384993315,1.382168055,499995,69840,999990
[RESULT] 0,64,2D,1,1.464677095,1.461764574,499995,69840,999990
[RESULT] 0,64,2D,2,1.488984108,1.485927820,499995,69840,999990
[RESULT] 0,64,2D,3,1.129749775,1.126966238,499995,69840,999990
[RESULT] 0,64,2D,4,1.115003586,1.112247705,499995,69840,999990
[RESULT] 0,64,2D,5,1.354763269,1.351678610,499995,69840,999990
[RESULT] 0,64,2D,6,1.531739473,1.528632402,499995,69840,999990
[RESULT] 0,64,2D,7,1.182002783,1.179192066,499995,69840,999990
[RESULT] 0,64,2D,8,1.263804197,1.186917067,499995,69840,999990
[RESULT] 0,64,2D,9,1.435507298,1.432708263,499995,69840,999990
Total execution time: 32.390 seconds
