Synthetic Matrix (Weak Scaling): Rows/proc=10000 | Total rows=20000 | NNZ/row=~50 | Procs=2
Dummy Matrix Generated: 20000 Global Rows | Total NNZ: 1000000
Ghost columns identified: 10000 total ghost values needed
Local vector initialized (size=10000 per process)

========================================
COMPREHENSIVE METRICS SUMMARY
========================================
PROCESSES: 2
DISTRIBUTION: 1D
ITERATIONS: 10
Matrix NNZ: 1000000
BALANCE: nnz_local   min=  500000  avg= 500000.00  max=  500000
COMM:    ghost       min=   10000  avg=  10000.00  max=   10000  | recv_double_avg=  80000.00 B
METRICS: t_total     = 5.351e-03  t_comp = 5.195e-03  t_comm = 1.557e-04
         gflops_total= 3.737573e-01  gflops_comp= 3.849592e-01
========================================

[RESULT] 0,2,1D,0,0.005199909,0.000173569,500000,10000,1000000
[RESULT] 0,2,1D,1,0.005187988,0.000129938,500000,10000,1000000
[RESULT] 0,2,1D,2,0.005137444,0.000144482,500000,10000,1000000
[RESULT] 0,2,1D,3,0.005173206,0.000151396,500000,10000,1000000
[RESULT] 0,2,1D,4,0.005195618,0.000144005,500000,10000,1000000
[RESULT] 0,2,1D,5,0.005209208,0.000151157,500000,10000,1000000
[RESULT] 0,2,1D,6,0.005131721,0.000134945,500000,10000,1000000
[RESULT] 0,2,1D,7,0.005229235,0.000145912,500000,10000,1000000
[RESULT] 0,2,1D,8,0.005212069,0.000138283,500000,10000,1000000
[RESULT] 0,2,1D,9,0.005224705,0.000166655,500000,10000,1000000
Total execution time: 0.117 seconds
