Synthetic Matrix (Weak Scaling): Rows/proc=10000 | Total rows=10000 | NNZ/row=~50 | Procs=2
Dummy Matrix Generated: 10000 Global Rows | Total NNZ: 999901
2D Comm Pattern: grid 1 x 2 | expand ghosts on rank 0: 5000
2D: local vector size = 5000 (column block), local rows = 10000

========================================
COMPREHENSIVE METRICS SUMMARY
========================================
PROCESSES: 2
DISTRIBUTION: 2D
GRID: 1 x 2 (proc_rows x proc_cols)
ITERATIONS: 10
Matrix NNZ: 999901
BALANCE: nnz_local   min=  499950  avg= 499950.50  max=  499951
COMM:    ghost       min=    5000  avg=   5000.00  max=    5000  | recv_double_avg=  40000.00 B
METRICS: t_total     = 5.661e-04  t_comp = 1.077e-04  t_comm = 4.777e-04
         gflops_total= 3.532291e+00  gflops_comp= 1.856114e+01
========================================

[RESULT] 0,2,2D,0,0.000747919,0.000605345,499951,5000,999902
[RESULT] 0,2,2D,1,0.000773430,0.000635386,499951,5000,999902
[RESULT] 0,2,2D,2,0.000720739,0.000599384,499951,5000,999902
[RESULT] 0,2,2D,3,0.000743151,0.000633001,499951,5000,999902
[RESULT] 0,2,2D,4,0.000430822,0.000332117,499951,5000,999902
[RESULT] 0,2,2D,5,0.000486135,0.000379801,499951,5000,999902
[RESULT] 0,2,2D,6,0.000440121,0.000348091,499951,5000,999902
[RESULT] 0,2,2D,7,0.000441313,0.000349998,499951,5000,999902
[RESULT] 0,2,2D,8,0.000446320,0.000355959,499951,5000,999902
[RESULT] 0,2,2D,9,0.000431538,0.000344992,499951,5000,999902
Total execution time: 0.083 seconds
