Synthetic Matrix (Weak Scaling): Rows/proc=10000 | Total rows=20000 | NNZ/row=~50 | Procs=4
Dummy Matrix Generated: 20000 Global Rows | Total NNZ: 1999908
2D Comm Pattern: grid 2 x 2 | expand ghosts on rank 0: 10000
2D: local vector size = 10000 (column block), local rows = 10000

========================================
COMPREHENSIVE METRICS SUMMARY
========================================
PROCESSES: 4
DISTRIBUTION: 2D_cyclic
GRID: 2 x 2 (proc_rows x proc_cols)
ITERATIONS: 10
Matrix NNZ: 1999908
BALANCE: nnz_local   min=  499969  avg= 499977.00  max=  499982
COMM:    ghost       min=   10000  avg=  10000.00  max=   10000  | recv_double_avg=  80000.00 B
METRICS: t_total     = 7.602e-03  t_comp = 9.314e-04  t_comm = 7.268e-03
         gflops_total= 5.261845e-01  gflops_comp= 4.294605e+00
========================================

[RESULT] 0,4,2D_cyclic,0,0.001545429,0.001362801,499982,10000,999964
[RESULT] 0,4,2D_cyclic,1,0.001046896,0.000861645,499982,10000,999964
[RESULT] 0,4,2D_cyclic,2,0.001031399,0.000855923,499982,10000,999964
[RESULT] 0,4,2D_cyclic,3,0.009660244,0.001821518,499982,10000,999964
[RESULT] 0,4,2D_cyclic,4,0.001092911,0.000932217,499982,10000,999964
[RESULT] 0,4,2D_cyclic,5,0.000992775,0.000830889,499982,10000,999964
[RESULT] 0,4,2D_cyclic,6,0.000913620,0.000754833,499982,10000,999964
[RESULT] 0,4,2D_cyclic,7,0.000807047,0.000667334,499982,10000,999964
[RESULT] 0,4,2D_cyclic,8,0.000833988,0.000681162,499982,10000,999964
[RESULT] 0,4,2D_cyclic,9,0.000758410,0.000600815,499982,10000,999964
Total execution time: 0.562 seconds
