Synthetic Matrix (Weak Scaling): Rows/proc=10000 | Total rows=20000 | NNZ/row=~50 | Procs=8
Dummy Matrix Generated: 20000 Global Rows | Total NNZ: 3999794
2D Comm Pattern: grid 2 x 4 | expand ghosts on rank 0: 15000
2D: local vector size = 5000 (column block), local rows = 10000

========================================
COMPREHENSIVE METRICS SUMMARY
========================================
PROCESSES: 8
DISTRIBUTION: 2D
GRID: 2 x 4 (proc_rows x proc_cols)
ITERATIONS: 10
Matrix NNZ: 3999794
BALANCE: nnz_local   min=  499969  avg= 499974.25  max=  499979
COMM:    ghost       min=   15000  avg=  15000.00  max=   15000  | recv_double_avg= 120000.00 B
METRICS: t_total     = 9.810e-02  t_comp = 9.069e-03  t_comm = 9.767e-02
         gflops_total= 8.154453e-02  gflops_comp= 8.820374e-01
========================================

[RESULT] 0,8,2D,0,0.080008268,0.063150883,499974,15000,999948
[RESULT] 0,8,2D,1,0.094094515,0.092630863,499974,15000,999948
[RESULT] 0,8,2D,2,0.089153290,0.088743687,499974,15000,999948
[RESULT] 0,8,2D,3,0.073089600,0.059012413,499974,15000,999948
[RESULT] 0,8,2D,4,0.101320267,0.061360598,499974,15000,999948
[RESULT] 0,8,2D,5,0.063306332,0.062890291,499974,15000,999948
[RESULT] 0,8,2D,6,0.098898411,0.098478794,499974,15000,999948
[RESULT] 0,8,2D,7,0.096293688,0.095047235,499974,15000,999948
[RESULT] 0,8,2D,8,0.086629391,0.075707912,499974,15000,999948
[RESULT] 0,8,2D,9,0.090415955,0.085492611,499974,15000,999948
Total execution time: 2.466 seconds
