Synthetic Matrix (Weak Scaling): Rows/proc=10000 | Total rows=40000 | NNZ/row=~50 | Procs=16
Dummy Matrix Generated: 40000 Global Rows | Total NNZ: 7999786
2D Comm Pattern: grid 4 x 4 | expand ghosts on rank 0: 30000
2D: local vector size = 10000 (column block), local rows = 10000

========================================
COMPREHENSIVE METRICS SUMMARY
========================================
PROCESSES: 16
DISTRIBUTION: 2D
GRID: 4 x 4 (proc_rows x proc_cols)
ITERATIONS: 10
Matrix NNZ: 7999786
BALANCE: nnz_local   min=  499980  avg= 499986.62  max=  499992
COMM:    ghost       min=   30000  avg=  30000.00  max=   30000  | recv_double_avg= 240000.00 B
METRICS: t_total     = 3.093e-03  t_comp = 1.604e-03  t_comm = 1.728e-03
         gflops_total= 5.173344e+00  gflops_comp= 9.973407e+00
========================================

[RESULT] 0,16,2D,0,0.003131390,0.001605511,499984,30000,999968
[RESULT] 0,16,2D,1,0.003077984,0.001608372,499984,30000,999968
[RESULT] 0,16,2D,2,0.003076315,0.001603365,499984,30000,999968
[RESULT] 0,16,2D,3,0.003070354,0.001551390,499984,30000,999968
[RESULT] 0,16,2D,4,0.003074169,0.001594543,499984,30000,999968
[RESULT] 0,16,2D,5,0.003049850,0.001569986,499984,30000,999968
[RESULT] 0,16,2D,6,0.003028870,0.001533031,499984,30000,999968
[RESULT] 0,16,2D,7,0.002962112,0.001485348,499984,30000,999968
[RESULT] 0,16,2D,8,0.003033876,0.001564264,499984,30000,999968
[RESULT] 0,16,2D,9,0.003376007,0.001908064,499984,30000,999968
Total execution time: 0.101 seconds
