Synthetic Matrix (Weak Scaling): Rows/proc=10000 | Total rows=10000 | NNZ/row=~50 | Procs=1
Dummy Matrix Generated: 10000 Global Rows | Total NNZ: 500000
Ghost columns identified: 0 total ghost values needed
Local vector initialized (size=10000 per process)

========================================
COMPREHENSIVE METRICS SUMMARY
========================================
PROCESSES: 1
DISTRIBUTION: 1D
ITERATIONS: 10
Matrix NNZ: 500000
BALANCE: nnz_local   min=  500000  avg= 500000.00  max=  500000
COMM:    ghost       min=       0  avg=      0.00  max=       0  | recv_double_avg=      0.00 B
METRICS: t_total     = 1.623e-03  t_comp = 1.600e-03  t_comm = 2.310e-05
         gflops_total= 6.160846e-01  gflops_comp= 6.249801e-01
========================================

[RESULT] 0,1,1D,0,0.001507521,0.000020981,500000,0,1000000
[RESULT] 0,1,1D,1,0.001929760,0.000022411,500000,0,1000000
[RESULT] 0,1,1D,2,0.001489401,0.000026464,500000,0,1000000
[RESULT] 0,1,1D,3,0.001558781,0.000021696,500000,0,1000000
[RESULT] 0,1,1D,4,0.001483440,0.000023365,500000,0,1000000
[RESULT] 0,1,1D,5,0.001560688,0.000025511,500000,0,1000000
[RESULT] 0,1,1D,6,0.001478910,0.000020266,500000,0,1000000
[RESULT] 0,1,1D,7,0.001547098,0.000022173,500000,0,1000000
[RESULT] 0,1,1D,8,0.001800537,0.000021935,500000,0,1000000
[RESULT] 0,1,1D,9,0.001875401,0.000026226,500000,0,1000000
Total execution time: 0.087 seconds
