Synthetic Matrix (Weak Scaling): Rows/proc=10000 | Total rows=80000 | NNZ/row=~50 | Procs=128
Dummy Matrix Generated: 80000 Global Rows | Total NNZ: 63999209
2D Comm Pattern: grid 8 x 16 | expand ghosts on rank 0: 74853
2D: local vector size = 5000 (column block), local rows = 10000

========================================
COMPREHENSIVE METRICS SUMMARY
========================================
PROCESSES: 128
DISTRIBUTION: 2D_cyclic
GRID: 8 x 16 (proc_rows x proc_cols)
ITERATIONS: 10
Matrix NNZ: 63999209
BALANCE: nnz_local   min=  499986  avg= 499993.82  max=  499999
COMM:    ghost       min=   74834  avg=  74857.84  max=   74886  | recv_double_avg= 598862.69 B
METRICS: t_total     = 2.974e+00  t_comp = 2.923e-02  t_comm = 2.949e+00
         gflops_total= 4.303220e-02  gflops_comp= 4.378794e+00
========================================

[RESULT] 0,128,2D_cyclic,0,3.056538343,3.053588867,499995,74853,999990
[RESULT] 0,128,2D_cyclic,1,2.660994053,2.658012629,499995,74853,999990
[RESULT] 0,128,2D_cyclic,2,2.902954817,2.899981499,499995,74853,999990
[RESULT] 0,128,2D_cyclic,3,3.134322882,3.131394148,499995,74853,999990
[RESULT] 0,128,2D_cyclic,4,2.986995697,2.983949661,499995,74853,999990
[RESULT] 0,128,2D_cyclic,5,2.873008251,2.870105982,499995,74853,999990
[RESULT] 0,128,2D_cyclic,6,3.024990320,2.797934294,499995,74853,999990
[RESULT] 0,128,2D_cyclic,7,2.907988310,2.905049086,499995,74853,999990
[RESULT] 0,128,2D_cyclic,8,2.875972986,2.873029232,499995,74853,999990
[RESULT] 0,128,2D_cyclic,9,3.321033955,3.318108797,499995,74853,999990
Total execution time: 59.903 seconds
