Synthetic Matrix (Weak Scaling): Rows/proc=10000 | Total rows=40000 | NNZ/row=~50 | Procs=32
Dummy Matrix Generated: 40000 Global Rows | Total NNZ: 15999650
2D Comm Pattern: grid 4 x 8 | expand ghosts on rank 0: 35000
2D: local vector size = 5000 (column block), local rows = 10000

========================================
COMPREHENSIVE METRICS SUMMARY
========================================
PROCESSES: 32
DISTRIBUTION: 2D
GRID: 4 x 8 (proc_rows x proc_cols)
ITERATIONS: 10
Matrix NNZ: 15999650
BALANCE: nnz_local   min=  499978  avg= 499989.06  max=  499996
COMM:    ghost       min=   34999  avg=  34999.91  max=   35000  | recv_double_avg= 279999.25 B
METRICS: t_total     = 4.357e-03  t_comp = 1.773e-03  t_comm = 2.980e-03
         gflops_total= 7.344938e+00  gflops_comp= 1.805297e+01
========================================

[RESULT] 0,32,2D,0,0.004309177,0.002684116,499987,35000,999974
[RESULT] 0,32,2D,1,0.004309654,0.002723217,499987,35000,999974
[RESULT] 0,32,2D,2,0.004213810,0.002615213,499987,35000,999974
[RESULT] 0,32,2D,3,0.004158258,0.002574921,499987,35000,999974
[RESULT] 0,32,2D,4,0.004187584,0.002607584,499987,35000,999974
[RESULT] 0,32,2D,5,0.004225016,0.002631426,499987,35000,999974
[RESULT] 0,32,2D,6,0.004242182,0.002656221,499987,35000,999974
[RESULT] 0,32,2D,7,0.004215956,0.002629995,499987,35000,999974
[RESULT] 0,32,2D,8,0.004226446,0.002643347,499987,35000,999974
[RESULT] 0,32,2D,9,0.004246235,0.002655029,499987,35000,999974
Total execution time: 0.129 seconds
