Synthetic Matrix (Weak Scaling): Rows/proc=10000 | Total rows=40000 | NNZ/row=~50 | Procs=4
Dummy Matrix Generated: 40000 Global Rows | Total NNZ: 2000000
Ghost columns identified: 30000 total ghost values needed
Local vector initialized (size=10000 per process)

========================================
COMPREHENSIVE METRICS SUMMARY
========================================
PROCESSES: 4
DISTRIBUTION: 1D
ITERATIONS: 10
Matrix NNZ: 2000000
BALANCE: nnz_local   min=  500000  avg= 500000.00  max=  500000
COMM:    ghost       min=   29999  avg=  29999.75  max=   30000  | recv_double_avg= 239998.00 B
METRICS: t_total     = 5.264e-02  t_comp = 7.385e-03  t_comm = 4.875e-02
         gflops_total= 7.599502e-02  gflops_comp= 5.416723e-01
========================================

[RESULT] 0,4,1D,0,0.051000595,0.045743704,500000,30000,1000000
[RESULT] 0,4,1D,1,0.038103104,0.033867121,500000,30000,1000000
[RESULT] 0,4,1D,2,0.047913074,0.043457031,500000,30000,1000000
[RESULT] 0,4,1D,3,0.054455996,0.041551828,500000,30000,1000000
[RESULT] 0,4,1D,4,0.043416262,0.037052155,500000,30000,1000000
[RESULT] 0,4,1D,5,0.049138546,0.034202576,500000,30000,1000000
[RESULT] 0,4,1D,6,0.025512695,0.021223545,500000,30000,1000000
[RESULT] 0,4,1D,7,0.051234007,0.046963930,500000,30000,1000000
[RESULT] 0,4,1D,8,0.038883924,0.028372526,500000,30000,1000000
[RESULT] 0,4,1D,9,0.019865274,0.015458584,500000,30000,1000000
Total execution time: 0.891 seconds
