Synthetic Matrix (Weak Scaling): Rows/proc=10000 | Total rows=80000 | NNZ/row=~50 | Procs=64
Dummy Matrix Generated: 80000 Global Rows | Total NNZ: 31999592
2D Comm Pattern: grid 8 x 8 | expand ghosts on rank 0: 69855
2D: local vector size = 10000 (column block), local rows = 10000

========================================
COMPREHENSIVE METRICS SUMMARY
========================================
PROCESSES: 64
DISTRIBUTION: 2D_cyclic
GRID: 8 x 8 (proc_rows x proc_cols)
ITERATIONS: 10
Matrix NNZ: 31999592
BALANCE: nnz_local   min=  499988  avg= 499993.62  max=  499999
COMM:    ghost       min=   69842  avg=  69865.80  max=   69896  | recv_double_avg= 558926.38 B
METRICS: t_total     = 1.275e-02  t_comp = 3.476e-03  t_comm = 1.024e-02
         gflops_total= 5.020537e+00  gflops_comp= 1.840921e+01
========================================

[RESULT] 0,64,2D_cyclic,0,0.011806250,0.009112597,499990,69855,999980
[RESULT] 0,64,2D_cyclic,1,0.011940479,0.009280920,499990,69855,999980
[RESULT] 0,64,2D_cyclic,2,0.011953354,0.009312391,499990,69855,999980
[RESULT] 0,64,2D_cyclic,3,0.011788845,0.009161472,499990,69855,999980
[RESULT] 0,64,2D_cyclic,4,0.011713743,0.009095907,499990,69855,999980
[RESULT] 0,64,2D_cyclic,5,0.011770248,0.009155750,499990,69855,999980
[RESULT] 0,64,2D_cyclic,6,0.011967897,0.009346008,499990,69855,999980
[RESULT] 0,64,2D_cyclic,7,0.012046814,0.009427071,499990,69855,999980
[RESULT] 0,64,2D_cyclic,8,0.011852026,0.009244442,499990,69855,999980
[RESULT] 0,64,2D_cyclic,9,0.011743307,0.009146214,499990,69855,999980
Total execution time: 0.222 seconds
