Synthetic Matrix (Weak Scaling): Rows/proc=10000 | Total rows=20000 | NNZ/row=~50 | Procs=8
Dummy Matrix Generated: 20000 Global Rows | Total NNZ: 3999813
2D Comm Pattern: grid 2 x 4 | expand ghosts on rank 0: 15000
2D: local vector size = 5000 (column block), local rows = 10000

========================================
COMPREHENSIVE METRICS SUMMARY
========================================
PROCESSES: 8
DISTRIBUTION: 2D
GRID: 2 x 4 (proc_rows x proc_cols)
ITERATIONS: 10
Matrix NNZ: 3999813
BALANCE: nnz_local   min=  499973  avg= 499976.62  max=  499982
COMM:    ghost       min=   15000  avg=  15000.00  max=   15000  | recv_double_avg= 120000.00 B
METRICS: t_total     = 2.045e-03  t_comp = 1.290e-03  t_comm = 9.707e-04
         gflops_total= 3.911046e+00  gflops_comp= 6.202123e+00
========================================

[RESULT] 0,8,2D,0,0.002133846,0.000869513,499977,15000,999954
[RESULT] 0,8,2D,1,0.002136469,0.000874519,499977,15000,999954
[RESULT] 0,8,2D,2,0.002191544,0.000940561,499977,15000,999954
[RESULT] 0,8,2D,3,0.001943827,0.000689268,499977,15000,999954
[RESULT] 0,8,2D,4,0.001967907,0.000715733,499977,15000,999954
[RESULT] 0,8,2D,5,0.001986742,0.000731468,499977,15000,999954
[RESULT] 0,8,2D,6,0.001971245,0.000717878,499977,15000,999954
[RESULT] 0,8,2D,7,0.001967907,0.000710726,499977,15000,999954
[RESULT] 0,8,2D,8,0.001971245,0.000719547,499977,15000,999954
[RESULT] 0,8,2D,9,0.001947880,0.000694752,499977,15000,999954
Total execution time: 0.088 seconds
