Synthetic Matrix (Weak Scaling): Rows/proc=10000 | Total rows=80000 | NNZ/row=~50 | Procs=128
Dummy Matrix Generated: 80000 Global Rows | Total NNZ: 63999251
2D Comm Pattern: grid 8 x 16 | expand ghosts on rank 0: 74851
2D: local vector size = 5000 (column block), local rows = 10000

========================================
COMPREHENSIVE METRICS SUMMARY
========================================
PROCESSES: 128
DISTRIBUTION: 2D_cyclic
GRID: 8 x 16 (proc_rows x proc_cols)
ITERATIONS: 10
Matrix NNZ: 63999251
BALANCE: nnz_local   min=  499987  avg= 499994.15  max=  499999
COMM:    ghost       min=   74831  avg=  74857.92  max=   74885  | recv_double_avg= 598863.38 B
METRICS: t_total     = 7.996e-02  t_comp = 1.071e-02  t_comm = 7.456e-02
         gflops_total= 1.600857e+00  gflops_comp= 1.195266e+01
========================================

[RESULT] 0,128,2D_cyclic,0,0.024991274,0.022132397,499995,74851,999990
[RESULT] 0,128,2D_cyclic,1,0.040754795,0.037828922,499995,74851,999990
[RESULT] 0,128,2D_cyclic,2,0.024456024,0.021579504,499995,74851,999990
[RESULT] 0,128,2D_cyclic,3,0.025966406,0.022984743,499995,74851,999990
[RESULT] 0,128,2D_cyclic,4,0.026648283,0.023605347,499995,74851,999990
[RESULT] 0,128,2D_cyclic,5,0.021705389,0.018841743,499995,74851,999990
[RESULT] 0,128,2D_cyclic,6,0.022110462,0.019197464,499995,74851,999990
[RESULT] 0,128,2D_cyclic,7,0.022095680,0.019167662,499995,74851,999990
[RESULT] 0,128,2D_cyclic,8,0.022166967,0.019173622,499995,74851,999990
[RESULT] 0,128,2D_cyclic,9,0.021230936,0.018354416,499995,74851,999990
Total execution time: 1.631 seconds
