Synthetic Matrix (Weak Scaling): Rows/proc=10000 | Total rows=40000 | NNZ/row=~50 | Procs=4
Dummy Matrix Generated: 40000 Global Rows | Total NNZ: 2000000
Ghost columns identified: 30000 total ghost values needed
Local vector initialized (size=10000 per process)

========================================
COMPREHENSIVE METRICS SUMMARY
========================================
PROCESSES: 4
DISTRIBUTION: 1D
ITERATIONS: 10
Matrix NNZ: 2000000
BALANCE: nnz_local   min=  500000  avg= 500000.00  max=  500000
COMM:    ghost       min=   29999  avg=  29999.75  max=   30000  | recv_double_avg= 239998.00 B
METRICS: t_total     = 4.097e-03  t_comp = 3.712e-03  t_comm = 4.134e-04
         gflops_total= 9.763448e-01  gflops_comp= 1.077625e+00
========================================

[RESULT] 0,4,1D,0,0.004341125,0.000716209,500000,30000,1000000
[RESULT] 0,4,1D,1,0.004006147,0.000412703,500000,30000,1000000
[RESULT] 0,4,1D,2,0.003980637,0.000338554,500000,30000,1000000
[RESULT] 0,4,1D,3,0.003974199,0.000353098,500000,30000,1000000
[RESULT] 0,4,1D,4,0.003984213,0.000354767,500000,30000,1000000
[RESULT] 0,4,1D,5,0.003949881,0.000335693,500000,30000,1000000
[RESULT] 0,4,1D,6,0.003947973,0.000344515,500000,30000,1000000
[RESULT] 0,4,1D,7,0.003934145,0.000332355,500000,30000,1000000
[RESULT] 0,4,1D,8,0.003974438,0.000345945,500000,30000,1000000
[RESULT] 0,4,1D,9,0.003949404,0.000344992,500000,30000,1000000
Total execution time: 0.105 seconds
