Synthetic Matrix (Weak Scaling): Rows/proc=10000 | Total rows=80000 | NNZ/row=~50 | Procs=128
Dummy Matrix Generated: 80000 Global Rows | Total NNZ: 63999270
2D Comm Pattern: grid 8 x 16 | expand ghosts on rank 0: 74863
2D: local vector size = 5000 (column block), local rows = 10000

========================================
COMPREHENSIVE METRICS SUMMARY
========================================
PROCESSES: 128
DISTRIBUTION: 2D
GRID: 8 x 16 (proc_rows x proc_cols)
ITERATIONS: 10
Matrix NNZ: 63999270
BALANCE: nnz_local   min=  499989  avg= 499994.30  max=  499999
COMM:    ghost       min=   74823  avg=  74856.55  max=   74887  | recv_double_avg= 598852.38 B
METRICS: t_total     = 6.970e-02  t_comp = 9.317e-03  t_comm = 6.644e-02
         gflops_total= 1.836463e+00  gflops_comp= 1.373769e+01
========================================

[RESULT] 0,128,2D,0,0.021762609,0.018620014,499997,74863,999994
[RESULT] 0,128,2D,1,0.021385908,0.018388748,499997,74863,999994
[RESULT] 0,128,2D,2,0.023020506,0.020075560,499997,74863,999994
[RESULT] 0,128,2D,3,0.025056362,0.021983862,499997,74863,999994
[RESULT] 0,128,2D,4,0.021665096,0.018485785,499997,74863,999994
[RESULT] 0,128,2D,5,0.021864414,0.018903971,499997,74863,999994
[RESULT] 0,128,2D,6,0.021788836,0.018824100,499997,74863,999994
[RESULT] 0,128,2D,7,0.032197714,0.029129505,499997,74863,999994
[RESULT] 0,128,2D,8,0.032099962,0.029042721,499997,74863,999994
[RESULT] 0,128,2D,9,0.062642336,0.059574604,499997,74863,999994
Total execution time: 1.427 seconds
