Synthetic Matrix (Weak Scaling): Rows/proc=10000 | Total rows=160000 | NNZ/row=~50 | Procs=16
Dummy Matrix Generated: 160000 Global Rows | Total NNZ: 8000000
Ghost columns identified: 143445 total ghost values needed
Local vector initialized (size=10000 per process)

========================================
COMPREHENSIVE METRICS SUMMARY
========================================
PROCESSES: 16
DISTRIBUTION: 1D
ITERATIONS: 10
Matrix NNZ: 8000000
BALANCE: nnz_local   min=  500000  avg= 500000.00  max=  500000
COMM:    ghost       min=  143281  avg= 143386.62  max=  143499  | recv_double_avg=1147093.00 B
METRICS: t_total     = 8.523e-03  t_comp = 4.120e-03  t_comm = 4.436e-03
         gflops_total= 1.877287e+00  gflops_comp= 3.883682e+00
========================================

[RESULT] 0,16,1D,0,0.008447886,0.004740715,500000,143445,1000000
[RESULT] 0,16,1D,1,0.007909298,0.004312515,500000,143445,1000000
[RESULT] 0,16,1D,2,0.007936478,0.004384279,500000,143445,1000000
[RESULT] 0,16,1D,3,0.007866383,0.004331350,500000,143445,1000000
[RESULT] 0,16,1D,4,0.007917643,0.004376411,500000,143445,1000000
[RESULT] 0,16,1D,5,0.007808924,0.004270077,500000,143445,1000000
[RESULT] 0,16,1D,6,0.007798910,0.004273176,500000,143445,1000000
[RESULT] 0,16,1D,7,0.007881165,0.004313946,500000,143445,1000000
[RESULT] 0,16,1D,8,0.007813931,0.004262447,500000,143445,1000000
[RESULT] 0,16,1D,9,0.007849455,0.004314423,500000,143445,1000000
Total execution time: 0.164 seconds
