Synthetic Matrix (Weak Scaling): Rows/proc=10000 | Total rows=640000 | NNZ/row=~50 | Procs=64
Dummy Matrix Generated: 640000 Global Rows | Total NNZ: 32000000
Ghost columns identified: 341628 total ghost values needed
Local vector initialized (size=10000 per process)

========================================
COMPREHENSIVE METRICS SUMMARY
========================================
PROCESSES: 64
DISTRIBUTION: 1D
ITERATIONS: 10
Matrix NNZ: 32000000
BALANCE: nnz_local   min=  500000  avg= 500000.00  max=  500000
COMM:    ghost       min=  340908  avg= 341542.47  max=  342173  | recv_double_avg=2732339.75 B
METRICS: t_total     = 6.032e-02  t_comp = 2.172e-02  t_comm = 3.983e-02
         gflops_total= 1.060931e+00  gflops_comp= 2.947142e+00
========================================

[RESULT] 0,64,1D,0,0.058914185,0.041476250,500000,341628,1000000
[RESULT] 0,64,1D,1,0.055777073,0.038527250,500000,341628,1000000
[RESULT] 0,64,1D,2,0.055747747,0.038441896,500000,341628,1000000
[RESULT] 0,64,1D,3,0.058977842,0.041405439,500000,341628,1000000
[RESULT] 0,64,1D,4,0.059016228,0.041610241,500000,341628,1000000
[RESULT] 0,64,1D,5,0.055786371,0.038665771,500000,341628,1000000
[RESULT] 0,64,1D,6,0.055791140,0.038585663,500000,341628,1000000
[RESULT] 0,64,1D,7,0.055349588,0.038385630,500000,341628,1000000
[RESULT] 0,64,1D,8,0.056140423,0.039033175,500000,341628,1000000
[RESULT] 0,64,1D,9,0.055914402,0.038774014,500000,341628,1000000
Total execution time: 0.784 seconds
