Synthetic Matrix (Weak Scaling): Rows/proc=10000 | Total rows=160000 | NNZ/row=~50 | Procs=16
Dummy Matrix Generated: 160000 Global Rows | Total NNZ: 8000000
Ghost columns identified: 143445 total ghost values needed
Local vector initialized (size=10000 per process)

========================================
COMPREHENSIVE METRICS SUMMARY
========================================
PROCESSES: 16
DISTRIBUTION: 1D
ITERATIONS: 10
Matrix NNZ: 8000000
BALANCE: nnz_local   min=  500000  avg= 500000.00  max=  500000
COMM:    ghost       min=  143281  avg= 143386.62  max=  143499  | recv_double_avg=1147093.00 B
METRICS: t_total     = 2.112e-01  t_comp = 4.420e-02  t_comm = 1.670e-01
         gflops_total= 7.576749e-02  gflops_comp= 3.620018e-01
========================================

[RESULT] 0,16,1D,0,0.214955568,0.165063143,500000,143445,1000000
[RESULT] 0,16,1D,1,0.141854763,0.099388123,500000,143445,1000000
[RESULT] 0,16,1D,2,0.214535475,0.184674025,500000,143445,1000000
[RESULT] 0,16,1D,3,0.202442884,0.197320938,500000,143445,1000000
[RESULT] 0,16,1D,4,0.143699169,0.138715506,500000,143445,1000000
[RESULT] 0,16,1D,5,0.233206511,0.169338465,500000,143445,1000000
[RESULT] 0,16,1D,6,0.218807936,0.154365301,500000,143445,1000000
[RESULT] 0,16,1D,7,0.238086939,0.174538374,500000,143445,1000000
[RESULT] 0,16,1D,8,0.312220335,0.232022524,500000,143445,1000000
[RESULT] 0,16,1D,9,0.191914082,0.154310465,500000,143445,1000000
Total execution time: 4.295 seconds
