../src/main_parallel.c: In function ‘main’:
../src/main_parallel.c:71:16: warning: variable ‘csr_matrix’ set but not used [-Wunused-but-set-variable]
   71 |     Sparse_CSR csr_matrix = {0};
      |                ^~~~~~~~~~
../src/main_parallel.c:17:9: warning: unused variable ‘num_threads’ [-Wunused-variable]
   17 |     int num_threads = 1;
      |         ^~~~~~~~~~~
../src/parallel_reading.c: In function ‘load_mm_chunked’:
../src/parallel_reading.c:475:16: warning: ‘bytes_read’ may be used uninitialized in this function [-Wmaybe-uninitialized]
  475 |     MPI_Offset bytes_read;
      |                ^~~~~~~~~~
../src/mmio.c: In function ‘mm_typecode_to_str’:
../src/mmio.c:457:9: warning: variable ‘error’ set but not used [-Wunused-but-set-variable]
  457 |     int error =0;
      |         ^~~~~
../src/specifications.c: In function ‘coo_to_csr_matrix’:
../src/specifications.c:222:14: warning: unused variable ‘count’ [-Wunused-variable]
  222 |     unsigned count, i;
      |              ^~~~~
../src/specifications.c: In function ‘csr_mv_multiply’:
../src/specifications.c:280:14: warning: unused variable ‘next’ [-Wunused-variable]
  280 |     unsigned next=row_ptr[0];
      |              ^~~~
