 ----- 
MPI SpMV BENCHMARK JOB
 ----- 
Job ID:            5041459.hpc-head-n1.unitn.it
Job Name:          spmv_mpi
Queue:             short_cpuQ
Working Directory: /home/vittoria.zandona/PARALLEL_COMPUTING/DEL2/DEL2/scripts
Start time:        Fri Feb  6 18:30:47 CET 2026

--- PBS Resource Request ---
Nodes:             6
CPUs per node:     24
MPI procs/node:    24
Total MPI procs:   96
Memory per node:   16 GB
Walltime:          06:00:00
 ----- 

Saving system information...
System info saved to: ../results/system_info_5041459.hpc-head-n1.unitn.it.txt

Verifying environment...
Configuring MPI environment...
MPI configuration set.

Starting time benchmark execution...

========================================
PARALLEL I/O BENCHMARK SUITE
========================================

Found 2 matrices: 1138_bus.mtx tmt_sym.mtx
Compiling parallel I/O comparison version...
Compilation successful
CSV files initialized

========================================
Strong Scaling Tests - SEQUENTIAL I/O
========================================


Matrix: 1138_bus.mtx

STRONG SCALING [sequential I/O]: 1138_bus.mtx | 4 processes

 -> Data appended to: ../results/parallel_io/strong_scaling_sequential.csv
 -> Summary appended to: ../results/parallel_io/summary/1138_bus_io_summary.txt
 -> Full log saved to: ../results/parallel_io/logs/strong_sequential_1138_bus_np4.log

STRONG SCALING [sequential I/O]: 1138_bus.mtx | 16 processes

 -> Data appended to: ../results/parallel_io/strong_scaling_sequential.csv
 -> Summary appended to: ../results/parallel_io/summary/1138_bus_io_summary.txt
 -> Full log saved to: ../results/parallel_io/logs/strong_sequential_1138_bus_np16.log

STRONG SCALING [sequential I/O]: 1138_bus.mtx | 64 processes

 -> Data appended to: ../results/parallel_io/strong_scaling_sequential.csv
 -> Summary appended to: ../results/parallel_io/summary/1138_bus_io_summary.txt
 -> Full log saved to: ../results/parallel_io/logs/strong_sequential_1138_bus_np64.log

STRONG SCALING [sequential I/O]: 1138_bus.mtx | 128 processes

 -> Data appended to: ../results/parallel_io/strong_scaling_sequential.csv
 -> Summary appended to: ../results/parallel_io/summary/1138_bus_io_summary.txt
 -> Full log saved to: ../results/parallel_io/logs/strong_sequential_1138_bus_np128.log

Matrix: tmt_sym.mtx

STRONG SCALING [sequential I/O]: tmt_sym.mtx | 4 processes

 -> Data appended to: ../results/parallel_io/strong_scaling_sequential.csv
 -> Summary appended to: ../results/parallel_io/summary/tmt_sym_io_summary.txt
 -> Full log saved to: ../results/parallel_io/logs/strong_sequential_tmt_sym_np4.log

STRONG SCALING [sequential I/O]: tmt_sym.mtx | 16 processes

 -> Data appended to: ../results/parallel_io/strong_scaling_sequential.csv
 -> Summary appended to: ../results/parallel_io/summary/tmt_sym_io_summary.txt
 -> Full log saved to: ../results/parallel_io/logs/strong_sequential_tmt_sym_np16.log

STRONG SCALING [sequential I/O]: tmt_sym.mtx | 64 processes

 -> Data appended to: ../results/parallel_io/strong_scaling_sequential.csv
 -> Summary appended to: ../results/parallel_io/summary/tmt_sym_io_summary.txt
 -> Full log saved to: ../results/parallel_io/logs/strong_sequential_tmt_sym_np64.log

STRONG SCALING [sequential I/O]: tmt_sym.mtx | 128 processes

 -> Data appended to: ../results/parallel_io/strong_scaling_sequential.csv
 -> Summary appended to: ../results/parallel_io/summary/tmt_sym_io_summary.txt
 -> Full log saved to: ../results/parallel_io/logs/strong_sequential_tmt_sym_np128.log

========================================
Strong Scaling Tests - PARALLEL I/O
========================================


Matrix: 1138_bus.mtx

STRONG SCALING [parallel I/O]: 1138_bus.mtx | 4 processes

 -> Data appended to: ../results/parallel_io/strong_scaling_parallel.csv
 -> Summary appended to: ../results/parallel_io/summary/1138_bus_io_summary.txt
 -> Full log saved to: ../results/parallel_io/logs/strong_parallel_1138_bus_np4.log

STRONG SCALING [parallel I/O]: 1138_bus.mtx | 16 processes

 -> Data appended to: ../results/parallel_io/strong_scaling_parallel.csv
 -> Summary appended to: ../results/parallel_io/summary/1138_bus_io_summary.txt
 -> Full log saved to: ../results/parallel_io/logs/strong_parallel_1138_bus_np16.log

STRONG SCALING [parallel I/O]: 1138_bus.mtx | 64 processes

 -> Data appended to: ../results/parallel_io/strong_scaling_parallel.csv
 -> Summary appended to: ../results/parallel_io/summary/1138_bus_io_summary.txt
 -> Full log saved to: ../results/parallel_io/logs/strong_parallel_1138_bus_np64.log

STRONG SCALING [parallel I/O]: 1138_bus.mtx | 128 processes

 -> Data appended to: ../results/parallel_io/strong_scaling_parallel.csv
 -> Summary appended to: ../results/parallel_io/summary/1138_bus_io_summary.txt
 -> Full log saved to: ../results/parallel_io/logs/strong_parallel_1138_bus_np128.log

Matrix: tmt_sym.mtx

STRONG SCALING [parallel I/O]: tmt_sym.mtx | 4 processes

 -> Data appended to: ../results/parallel_io/strong_scaling_parallel.csv
 -> Summary appended to: ../results/parallel_io/summary/tmt_sym_io_summary.txt
 -> Full log saved to: ../results/parallel_io/logs/strong_parallel_tmt_sym_np4.log

STRONG SCALING [parallel I/O]: tmt_sym.mtx | 16 processes

 -> Data appended to: ../results/parallel_io/strong_scaling_parallel.csv
 -> Summary appended to: ../results/parallel_io/summary/tmt_sym_io_summary.txt
 -> Full log saved to: ../results/parallel_io/logs/strong_parallel_tmt_sym_np16.log

STRONG SCALING [parallel I/O]: tmt_sym.mtx | 64 processes

 -> Data appended to: ../results/parallel_io/strong_scaling_parallel.csv
 -> Summary appended to: ../results/parallel_io/summary/tmt_sym_io_summary.txt
 -> Full log saved to: ../results/parallel_io/logs/strong_parallel_tmt_sym_np64.log

STRONG SCALING [parallel I/O]: tmt_sym.mtx | 128 processes

 -> Data appended to: ../results/parallel_io/strong_scaling_parallel.csv
 -> Summary appended to: ../results/parallel_io/summary/tmt_sym_io_summary.txt
 -> Full log saved to: ../results/parallel_io/logs/strong_parallel_tmt_sym_np128.log

========================================
Weak Scaling Tests - SEQUENTIAL I/O
========================================


WEAK SCALING [sequential I/O]: 4 processes | 40000 total rows

 -> Data appended to: ../results/parallel_io/weak_scaling_sequential.csv
 -> Full log saved to: ../results/parallel_io/logs/weak_sequential_np4.log

WEAK SCALING [sequential I/O]: 16 processes | 160000 total rows

 -> Data appended to: ../results/parallel_io/weak_scaling_sequential.csv
 -> Full log saved to: ../results/parallel_io/logs/weak_sequential_np16.log

WEAK SCALING [sequential I/O]: 64 processes | 640000 total rows

 -> Data appended to: ../results/parallel_io/weak_scaling_sequential.csv
 -> Full log saved to: ../results/parallel_io/logs/weak_sequential_np64.log

WEAK SCALING [sequential I/O]: 128 processes | 1280000 total rows

 -> Data appended to: ../results/parallel_io/weak_scaling_sequential.csv
 -> Full log saved to: ../results/parallel_io/logs/weak_sequential_np128.log

========================================
Weak Scaling Tests - PARALLEL I/O
========================================


WEAK SCALING [parallel I/O]: 4 processes | 40000 total rows

 -> Data appended to: ../results/parallel_io/weak_scaling_parallel.csv
 -> Full log saved to: ../results/parallel_io/logs/weak_parallel_np4.log

WEAK SCALING [parallel I/O]: 16 processes | 160000 total rows

 -> Data appended to: ../results/parallel_io/weak_scaling_parallel.csv
 -> Full log saved to: ../results/parallel_io/logs/weak_parallel_np16.log

WEAK SCALING [parallel I/O]: 64 processes | 640000 total rows

 -> Data appended to: ../results/parallel_io/weak_scaling_parallel.csv
 -> Full log saved to: ../results/parallel_io/logs/weak_parallel_np64.log

WEAK SCALING [parallel I/O]: 128 processes | 1280000 total rows

 -> Data appended to: ../results/parallel_io/weak_scaling_parallel.csv
 -> Full log saved to: ../results/parallel_io/logs/weak_parallel_np128.log

========================================
I/O TIME COMPARISON ANALYSIS
========================================

I/O SPEEDUP ANALYSIS
====================

Matrix: 1138_bus
----------------------------------------
Processes    Sequential(s)   Parallel(s)     Speedup   
4            0.004541        0.020225        .22x      
16           0.002665        0.055150        .04x      
64           0.003466        0.149511        .02x      
128          0.029212        0.543776        .05x      

Matrix: tmt_sym
----------------------------------------
Processes    Sequential(s)   Parallel(s)     Speedup   
4            2.085147        449.611642      0x        
16           2.045890        27.980405       .07x      
64           3.028778        2.414085        1.25x     
128          5.185614        1.743045        2.97x     


========================================
BENCHMARK SUMMARY
========================================

Results Files:
 Sequential Strong Scaling: ../results/parallel_io/strong_scaling_sequential.csv
 Parallel Strong Scaling:   ../results/parallel_io/strong_scaling_parallel.csv
 Sequential Weak Scaling:   ../results/parallel_io/weak_scaling_sequential.csv
 Parallel Weak Scaling:     ../results/parallel_io/weak_scaling_parallel.csv
 I/O Time Comparison:       ../results/parallel_io/io_comparison.csv
 I/O Speedup Report:        ../results/parallel_io/io_speedup_report.txt
 Full Logs:                 ../results/parallel_io/logs/
 Matrix Summaries:          ../results/parallel_io/summary/

Data points collected:
 Sequential Strong: 8 measurements
 Parallel Strong:   8 measurements
 Sequential Weak:   4 measurements
 Parallel Weak:     4 measurements
 I/O Comparisons:   16 timing records

Matrix summary files created:
 - 1138_bus_io_summary.txt
 - tmt_sym_io_summary.txt

I/O Types tested: sequential parallel


--------------------------
Job completed successfully!
End time: Fri Feb  6 18:39:40 CET 2026
--------------------------
