Using PARALLEL I/O (MPI_File_read_at_all)
[Rank 0] Parsed header: 1138 rows, 1138 cols, 2596 nnz
[Rank 0] Parsed local: 6 elements, send_bufs totals: 12 elements
[Rank 8] Parsed local: 9 elements, send_bufs totals: 19 elements
[Rank 1] Parsed local: 10 elements, send_bufs totals: 12 elements
[Rank 2] Parsed local: 10 elements, send_bufs totals: 23 elements
[Rank 3] Parsed local: 7 elements, send_bufs totals: 21 elements
[Rank 4] Parsed local: 9 elements, send_bufs totals: 23 elements
[Rank 5] Parsed local: 10 elements, send_bufs totals: 17 elements
[Rank 6] Parsed local: 8 elements, send_bufs totals: 24 elements
[Rank 7] Parsed local: 10 elements, send_bufs totals: 20 elements
[Rank 10] Parsed local: 12 elements, send_bufs totals: 21 elements
[Rank 9] Parsed local: 10 elements, send_bufs totals: 22 elements
[Rank 12] Parsed local: 11 elements, send_bufs totals: 20 elements
[Rank 11] Parsed local: 13 elements, send_bufs totals: 22 elements
[Rank 14] Parsed local: 10 elements, send_bufs totals: 16 elements
[Rank 13] Parsed local: 12 elements, send_bufs totals: 19 elements
[Rank 15] Parsed local: 14 elements, send_bufs totals: 17 elements
Parallel I/O Complete: Rows=1138 | Cols=1138 | Total NNZ=2601 | Procs=16
I/O Time (max across ranks): 0.055150 seconds
Ghost columns identified: 80 total ghost values needed
Local vector initialized (size=72 per process)

========================================
COMPREHENSIVE METRICS SUMMARY
========================================
I/O TYPE:     PARALLEL (MPI_File_read_at_all)
PROCESSES:    16
DISTRIBUTION: 1D (row-cyclic)
ITERATIONS:   1
Matrix NNZ:   2601
I/O TIME:     0.055150 seconds
----------------------------------------
BALANCE: nnz_local   min=     146  avg=    162.56  max=     178
COMM:    ghost       min=      69  avg=     83.56  max=      99  | recv_bytes_avg=    668.50 B
MEM:     bytes       min=   16532  avg=     16844  max=   17156
STRUCT:  ghost_ratio min=  47.260%  avg=    51.323%  max=  55.618%
----------------------------------------
TIMING:  t_total     = 1.695156e-04 s
         t_comp      = 4.053116e-06 s
         t_comm      = 1.657009e-04 s
PERF:    gflops_total= 0.030687 GFLOPS
         gflops_comp = 1.283457 GFLOPS
========================================

[RESULT] 0,16,parallel,0,0.000169516,0.000165701,163,80,326,0.055150270
Total execution time: 0.056 seconds
