Using PARALLEL I/O (MPI_File_read_at_all)
[Rank 0] Parsed header: 1138 rows, 1138 cols, 2596 nnz
[Rank 0] Parsed local: 0 elements, send_bufs totals: 0 elements
[Rank 68] Parsed local: 0 elements, send_bufs totals: 0 elements
[Rank 92] Parsed local: 0 elements, send_bufs totals: 0 elements
[Rank 112] Parsed local: 0 elements, send_bufs totals: 0 elements
[Rank 6] Parsed local: 0 elements, send_bufs totals: 0 elements
[Rank 16] Parsed local: 0 elements, send_bufs totals: 0 elements
[Rank 22] Parsed local: 0 elements, send_bufs totals: 0 elements
[Rank 34] Parsed local: 0 elements, send_bufs totals: 3 elements
[Rank 50] Parsed local: 0 elements, send_bufs totals: 0 elements
[Rank 52] Parsed local: 1 elements, send_bufs totals: 0 elements
[Rank 28] Parsed local: 0 elements, send_bufs totals: 0 elements
[Rank 1] Parsed local: 1 elements, send_bufs totals: 1 elements
[Rank 32] Parsed local: 1 elements, send_bufs totals: 0 elements
[Rank 36] Parsed local: 0 elements, send_bufs totals: 0 elements
[Rank 54] Parsed local: 0 elements, send_bufs totals: 0 elements
[Rank 64] Parsed local: 0 elements, send_bufs totals: 0 elements
[Rank 3] Parsed local: 0 elements, send_bufs totals: 0 elements
[Rank 94] Parsed local: 1 elements, send_bufs totals: 0 elements
[Rank 5] Parsed local: 0 elements, send_bufs totals: 0 elements
[Rank 2] Parsed local: 0 elements, send_bufs totals: 0 elements
[Rank 7] Parsed local: 0 elements, send_bufs totals: 0 elements
[Rank 4] Parsed local: 0 elements, send_bufs totals: 0 elements
[Rank 9] Parsed local: 0 elements, send_bufs totals: 0 elements
[Rank 8] Parsed local: 0 elements, send_bufs totals: 2 elements
[Rank 11] Parsed local: 0 elements, send_bufs totals: 0 elements
[Rank 10] Parsed local: 0 elements, send_bufs totals: 0 elements
[Rank 13] Parsed local: 0 elements, send_bufs totals: 0 elements
[Rank 12] Parsed local: 1 elements, send_bufs totals: 0 elements
[Rank 15] Parsed local: 0 elements, send_bufs totals: 0 elements
[Rank 14] Parsed local: 0 elements, send_bufs totals: 0 elements
[Rank 17] Parsed local: 0 elements, send_bufs totals: 4 elements
[Rank 18] Parsed local: 0 elements, send_bufs totals: 0 elements
[Rank 19] Parsed local: 0 elements, send_bufs totals: 1 elements
[Rank 20] Parsed local: 1 elements, send_bufs totals: 0 elements
[Rank 21] Parsed local: 0 elements, send_bufs totals: 0 elements
[Rank 24] Parsed local: 0 elements, send_bufs totals: 0 elements
[Rank 23] Parsed local: 0 elements, send_bufs totals: 0 elements
[Rank 26] Parsed local: 0 elements, send_bufs totals: 0 elements
[Rank 25] Parsed local: 0 elements, send_bufs totals: 0 elements
[Rank 30] Parsed local: 1 elements, send_bufs totals: 0 elements
[Rank 27] Parsed local: 0 elements, send_bufs totals: 0 elements
[Rank 38] Parsed local: 0 elements, send_bufs totals: 0 elements
[Rank 29] Parsed local: 0 elements, send_bufs totals: 1 elements
[Rank 40] Parsed local: 0 elements, send_bufs totals: 0 elements
[Rank 31] Parsed local: 0 elements, send_bufs totals: 1 elements
[Rank 42] Parsed local: 0 elements, send_bufs totals: 0 elements
[Rank 33] Parsed local: 0 elements, send_bufs totals: 1 elements
[Rank 44] Parsed local: 0 elements, send_bufs totals: 0 elements
[Rank 35] Parsed local: 0 elements, send_bufs totals: 0 elements
[Rank 46] Parsed local: 0 elements, send_bufs totals: 4 elements
[Rank 37] Parsed local: 1 elements, send_bufs totals: 0 elements
[Rank 48] Parsed local: 0 elements, send_bufs totals: 0 elements
[Rank 39] Parsed local: 0 elements, send_bufs totals: 0 elements
[Rank 56] Parsed local: 0 elements, send_bufs totals: 0 elements
[Rank 41] Parsed local: 0 elements, send_bufs totals: 0 elements
[Rank 58] Parsed local: 0 elements, send_bufs totals: 1 elements
[Rank 43] Parsed local: 0 elements, send_bufs totals: 0 elements
[Rank 60] Parsed local: 0 elements, send_bufs totals: 1 elements
[Rank 45] Parsed local: 0 elements, send_bufs totals: 0 elements
[Rank 62] Parsed local: 0 elements, send_bufs totals: 0 elements
[Rank 47] Parsed local: 0 elements, send_bufs totals: 0 elements
[Rank 66] Parsed local: 0 elements, send_bufs totals: 0 elements
[Rank 49] Parsed local: 0 elements, send_bufs totals: 0 elements
[Rank 70] Parsed local: 0 elements, send_bufs totals: 0 elements
[Rank 51] Parsed local: 0 elements, send_bufs totals: 0 elements
[Rank 72] Parsed local: 0 elements, send_bufs totals: 0 elements
[Rank 53] Parsed local: 0 elements, send_bufs totals: 0 elements
[Rank 74] Parsed local: 0 elements, send_bufs totals: 0 elements
[Rank 55] Parsed local: 0 elements, send_bufs totals: 0 elements
[Rank 76] Parsed local: 0 elements, send_bufs totals: 2 elements
[Rank 57] Parsed local: 0 elements, send_bufs totals: 0 elements
[Rank 78] Parsed local: 0 elements, send_bufs totals: 0 elements
[Rank 59] Parsed local: 0 elements, send_bufs totals: 0 elements
[Rank 80] Parsed local: 0 elements, send_bufs totals: 0 elements
[Rank 61] Parsed local: 0 elements, send_bufs totals: 3 elements
[Rank 82] Parsed local: 0 elements, send_bufs totals: 0 elements
[Rank 63] Parsed local: 0 elements, send_bufs totals: 1 elements
[Rank 84] Parsed local: 0 elements, send_bufs totals: 0 elements
[Rank 65] Parsed local: 0 elements, send_bufs totals: 0 elements
[Rank 86] Parsed local: 1 elements, send_bufs totals: 0 elements
[Rank 67] Parsed local: 0 elements, send_bufs totals: 0 elements
[Rank 88] Parsed local: 0 elements, send_bufs totals: 0 elements
[Rank 69] Parsed local: 0 elements, send_bufs totals: 0 elements
[Rank 90] Parsed local: 0 elements, send_bufs totals: 3 elements
[Rank 71] Parsed local: 1 elements, send_bufs totals: 0 elements
[Rank 96] Parsed local: 0 elements, send_bufs totals: 1 elements
[Rank 73] Parsed local: 0 elements, send_bufs totals: 0 elements
[Rank 98] Parsed local: 0 elements, send_bufs totals: 0 elements
[Rank 75] Parsed local: 0 elements, send_bufs totals: 1 elements
[Rank 100] Parsed local: 3 elements, send_bufs totals: 0 elements
[Rank 77] Parsed local: 0 elements, send_bufs totals: 3 elements
[Rank 102] Parsed local: 0 elements, send_bufs totals: 0 elements
[Rank 79] Parsed local: 0 elements, send_bufs totals: 0 elements
[Rank 104] Parsed local: 1 elements, send_bufs totals: 3 elements
[Rank 81] Parsed local: 0 elements, send_bufs totals: 0 elements
[Rank 110] Parsed local: 0 elements, send_bufs totals: 0 elements
[Rank 83] Parsed local: 0 elements, send_bufs totals: 0 elements
[Rank 114] Parsed local: 0 elements, send_bufs totals: 0 elements
[Rank 85] Parsed local: 0 elements, send_bufs totals: 0 elements
[Rank 120] Parsed local: 0 elements, send_bufs totals: 0 elements
[Rank 87] Parsed local: 0 elements, send_bufs totals: 0 elements
[Rank 122] Parsed local: 0 elements, send_bufs totals: 0 elements
[Rank 89] Parsed local: 0 elements, send_bufs totals: 0 elements
[Rank 124] Parsed local: 0 elements, send_bufs totals: 0 elements
[Rank 91] Parsed local: 0 elements, send_bufs totals: 0 elements
[Rank 126] Parsed local: 0 elements, send_bufs totals: 0 elements
[Rank 93] Parsed local: 0 elements, send_bufs totals: 0 elements
[Rank 108] Parsed local: 0 elements, send_bufs totals: 0 elements
[Rank 95] Parsed local: 0 elements, send_bufs totals: 1 elements
[Rank 97] Parsed local: 0 elements, send_bufs totals: 0 elements
[Rank 99] Parsed local: 0 elements, send_bufs totals: 0 elements
[Rank 101] Parsed local: 2 elements, send_bufs totals: 0 elements
[Rank 103] Parsed local: 0 elements, send_bufs totals: 1 elements
[Rank 105] Parsed local: 0 elements, send_bufs totals: 0 elements
[Rank 107] Parsed local: 0 elements, send_bufs totals: 0 elements
[Rank 109] Parsed local: 0 elements, send_bufs totals: 0 elements
[Rank 111] Parsed local: 0 elements, send_bufs totals: 0 elements
[Rank 113] Parsed local: 0 elements, send_bufs totals: 0 elements
[Rank 115] Parsed local: 0 elements, send_bufs totals: 0 elements
[Rank 117] Parsed local: 0 elements, send_bufs totals: 3 elements
[Rank 119] Parsed local: 0 elements, send_bufs totals: 0 elements
[Rank 121] Parsed local: 0 elements, send_bufs totals: 0 elements
[Rank 123] Parsed local: 0 elements, send_bufs totals: 0 elements
[Rank 125] Parsed local: 0 elements, send_bufs totals: 0 elements
[Rank 127] Parsed local: 0 elements, send_bufs totals: 0 elements
[Rank 106] Parsed local: 0 elements, send_bufs totals: 0 elements
[Rank 116] Parsed local: 1 elements, send_bufs totals: 0 elements
[Rank 118] Parsed local: 0 elements, send_bufs totals: 0 elements
Parallel I/O Complete: Rows=1138 | Cols=1138 | Total NNZ=2666 | Procs=128
I/O Time (max across ranks): 0.543776 seconds
Ghost columns identified: 16 total ghost values needed
Local vector initialized (size=9 per process)

========================================
COMPREHENSIVE METRICS SUMMARY
========================================
I/O TYPE:     PARALLEL (MPI_File_read_at_all)
PROCESSES:    128
DISTRIBUTION: 1D (row-cyclic)
ITERATIONS:   1
Matrix NNZ:   2666
I/O TIME:     0.543776 seconds
----------------------------------------
BALANCE: nnz_local   min=      11  avg=     20.83  max=      33
COMM:    ghost       min=       2  avg=     11.34  max=      22  | recv_bytes_avg=     90.75 B
MEM:     bytes       min=   13880  avg=     14065  max=   14280
STRUCT:  ghost_ratio min=  18.182%  avg=    52.968%  max=  68.000%
----------------------------------------
TIMING:  t_total     = 3.132820e-03 s
         t_comp      = 1.978874e-05 s
         t_comm      = 3.129482e-03 s
PERF:    gflops_total= 0.001702 GFLOPS
         gflops_comp = 0.269446 GFLOPS
========================================

[RESULT] 0,128,parallel,0,0.000936508,0.000933886,25,16,50,0.543776035
Total execution time: 0.534 seconds
