Using PARALLEL I/O (MPI_File_read_at_all)
[Rank 0] Parsed header: 1138 rows, 1138 cols, 2596 nnz
[Rank 0] Parsed local: 2596 elements, send_bufs totals: 0 elements
Parallel I/O Complete: Rows=1138 | Cols=1138 | Total NNZ=2596 | Procs=1
I/O Time (max across ranks): 0.005832 seconds
Ghost columns identified: 0 total ghost values needed
Local vector initialized (size=1138 per process)

========================================
COMPREHENSIVE METRICS SUMMARY
========================================
I/O TYPE:     PARALLEL (MPI_File_read_at_all)
PROCESSES:    1
DISTRIBUTION: 1D (row-cyclic)
ITERATIONS:   10
Matrix NNZ:   2596
I/O TIME:     0.005832 seconds
----------------------------------------
BALANCE: nnz_local   min=    2596  avg=   2596.00  max=    2596
COMM:    ghost       min=       0  avg=      0.00  max=       0  | recv_bytes_avg=      0.00 B
MEM:     bytes       min=   53916  avg=     53916  max=   53916
STRUCT:  ghost_ratio min=   0.000%  avg=     0.000%  max=   0.000%
----------------------------------------
TIMING:  t_total     = 3.563300e-06 s
         t_comp      = 3.516000e-06 s
         t_comm      = 4.730000e-08 s
PERF:    gflops_total= 1.457076 GFLOPS
         gflops_comp = 1.476678 GFLOPS
========================================

[RESULT] 0,1,parallel,0,0.000004820,0.000000089,2596,0,5192,0.005832210
[RESULT] 0,1,parallel,1,0.000003630,0.000000044,2596,0,5192,0.005832210
[RESULT] 0,1,parallel,2,0.000003444,0.000000054,2596,0,5192,0.005832210
[RESULT] 0,1,parallel,3,0.000003418,0.000000057,2596,0,5192,0.005832210
[RESULT] 0,1,parallel,4,0.000003400,0.000000046,2596,0,5192,0.005832210
[RESULT] 0,1,parallel,5,0.000003401,0.000000041,2596,0,5192,0.005832210
[RESULT] 0,1,parallel,6,0.000003379,0.000000032,2596,0,5192,0.005832210
[RESULT] 0,1,parallel,7,0.000003381,0.000000034,2596,0,5192,0.005832210
[RESULT] 0,1,parallel,8,0.000003378,0.000000035,2596,0,5192,0.005832210
[RESULT] 0,1,parallel,9,0.000003382,0.000000041,2596,0,5192,0.005832210
Total execution time: 0.006 seconds
