Using SEQUENTIAL I/O (rank 0 reads, then broadcasts)
Retrieving the matrix from '../matrices/tmt_sym.mtx'...
%%MatrixMarket matrix coordinate real symmetric
726713 726713 2903837
Sequential I/O Complete: Rows=726713 | Cols=726713 | NNZ=2903837 | Procs=64
Applied 1D distribution
I/O Time (max across ranks): 3.028778 seconds
Ghost columns identified: 33413 total ghost values needed
Local vector initialized (size=11355 per process)

========================================
COMPREHENSIVE METRICS SUMMARY
========================================
I/O TYPE:     SEQUENTIAL (Rank 0 + Bcast)
PROCESSES:    64
DISTRIBUTION: 1D (row-cyclic)
ITERATIONS:   1
Matrix NNZ:   2903837
I/O TIME:     3.028778 seconds
----------------------------------------
BALANCE: nnz_local   min=   45215  avg=  45372.45  max=   45602
COMM:    ghost       min=   32972  avg=  33323.67  max=   33596  | recv_bytes_avg= 266589.38 B
MEM:     bytes       min= 1033460  avg=   1038161  max= 1042784
STRUCT:  ghost_ratio min=  72.829%  avg=    73.445%  max=  73.891%
----------------------------------------
TIMING:  t_total     = 6.849289e-03 s
         t_comp      = 1.385450e-03 s
         t_comm      = 5.506277e-03 s
PERF:    gflops_total= 0.847924 GFLOPS
         gflops_comp = 4.191903 GFLOPS
========================================

[RESULT] 0,64,sequential,0,0.005746126,0.005146980,45253,33413,90506,3.028777599
Total execution time: 3.066 seconds
