Using SEQUENTIAL I/O (rank 0 reads, then broadcasts)
Retrieving the matrix from '../matrices/1138_bus.mtx'...
%%MatrixMarket matrix coordinate real symmetric
1138 1138 2596
Sequential I/O Complete: Rows=1138 | Cols=1138 | NNZ=2596 | Procs=128
Applied 1D distribution
I/O Time (max across ranks): 0.029212 seconds
Ghost columns identified: 16 total ghost values needed
Local vector initialized (size=9 per process)

========================================
COMPREHENSIVE METRICS SUMMARY
========================================
I/O TYPE:     SEQUENTIAL (Rank 0 + Bcast)
PROCESSES:    128
DISTRIBUTION: 1D (row-cyclic)
ITERATIONS:   1
Matrix NNZ:   2596
I/O TIME:     0.029212 seconds
----------------------------------------
BALANCE: nnz_local   min=      11  avg=     20.28  max=      31
COMM:    ghost       min=       2  avg=     11.34  max=      22  | recv_bytes_avg=     90.75 B
MEM:     bytes       min=     332  avg=       516  max=     732
STRUCT:  ghost_ratio min=  18.182%  avg=    54.300%  max=  70.968%
----------------------------------------
TIMING:  t_total     = 1.316476e-02 s
         t_comp      = 1.192093e-06 s
         t_comm      = 1.316404e-02 s
PERF:    gflops_total= 0.000394 GFLOPS
         gflops_comp = 4.355365 GFLOPS
========================================

[RESULT] 0,128,sequential,0,0.013081551,0.013080835,25,16,50,0.029211998
Total execution time: 0.132 seconds
