Using PARALLEL I/O (MPI_File_read_at_all)
[Rank 0] Parsed header: 726713 rows, 726713 cols, 2903837 nnz
[Rank 0] Parsed local: 186172 elements, send_bufs totals: 186440 elements
[Rank 2] Parsed local: 179791 elements, send_bufs totals: 359611 elements
[Rank 1] Parsed local: 179632 elements, send_bufs totals: 180125 elements
[Rank 3] Parsed local: 179753 elements, send_bufs totals: 359984 elements
Parallel I/O Complete: Rows=726713 | Cols=726713 | Total NNZ=2903837 | Procs=4
I/O Time (max across ranks): 449.611642 seconds
Ghost columns identified: 363253 total ghost values needed
Local vector initialized (size=181679 per process)

========================================
COMPREHENSIVE METRICS SUMMARY
========================================
I/O TYPE:     PARALLEL (MPI_File_read_at_all)
PROCESSES:    4
DISTRIBUTION: 1D (row-cyclic)
ITERATIONS:   1
Matrix NNZ:   2903837
I/O TIME:     449.611642 seconds
----------------------------------------
BALANCE: nnz_local   min=  725817  avg= 725959.25  max=  726120
COMM:    ghost       min=  362560  avg= 363044.00  max=  363368  | recv_bytes_avg=2904352.00 B
MEM:     bytes       min=21784268  avg=  21789849  max=21793600
STRUCT:  ghost_ratio min=  49.952%  avg=    50.009%  max=  50.047%
----------------------------------------
TIMING:  t_total     = 1.227236e-02 s
         t_comp      = 6.713152e-03 s
         t_comm      = 5.559206e-03 s
PERF:    gflops_total= 0.473232 GFLOPS
         gflops_comp = 0.865119 GFLOPS
========================================

[RESULT] 0,4,parallel,0,0.012272358,0.005559206,726120,363253,1452240,449.611641884
Total execution time: 449.655 seconds
