Using SEQUENTIAL I/O (rank 0 reads, then broadcasts)
Retrieving the matrix from '../matrices/1138_bus.mtx'...
%%MatrixMarket matrix coordinate real symmetric
1138 1138 2596
Sequential I/O Complete: Rows=1138 | Cols=1138 | NNZ=2596 | Procs=2
Applied 1D distribution
I/O Time (max across ranks): 0.011880 seconds
Ghost columns identified: 300 total ghost values needed
Local vector initialized (size=569 per process)

========================================
COMPREHENSIVE METRICS SUMMARY
========================================
I/O TYPE:     SEQUENTIAL (Rank 0 + Bcast)
PROCESSES:    2
DISTRIBUTION: 1D (row-cyclic)
ITERATIONS:   10
Matrix NNZ:   2596
I/O TIME:     0.011880 seconds
----------------------------------------
BALANCE: nnz_local   min=    1263  avg=   1298.00  max=    1333
COMM:    ghost       min=     278  avg=    289.00  max=     300  | recv_bytes_avg=   2312.00 B
MEM:     bytes       min=   28764  avg=     29272  max=   29780
STRUCT:  ghost_ratio min=  22.011%  avg=    22.258%  max=  22.506%
----------------------------------------
TIMING:  t_total     = 4.792000e-06 s
         t_comp      = 2.772300e-06 s
         t_comm      = 2.019700e-06 s
PERF:    gflops_total= 1.083472 GFLOPS
         gflops_comp = 1.872813 GFLOPS
========================================

[RESULT] 0,2,sequential,0,0.000007835,0.000001194,1333,300,2666,0.011880264
[RESULT] 0,2,sequential,1,0.000009738,0.000006970,1333,300,2666,0.011880264
[RESULT] 0,2,sequential,2,0.000007630,0.000005287,1333,300,2666,0.011880264
[RESULT] 0,2,sequential,3,0.000003266,0.000000988,1333,300,2666,0.011880264
[RESULT] 0,2,sequential,4,0.000003282,0.000001003,1333,300,2666,0.011880264
[RESULT] 0,2,sequential,5,0.000003257,0.000000976,1333,300,2666,0.011880264
[RESULT] 0,2,sequential,6,0.000003258,0.000000978,1333,300,2666,0.011880264
[RESULT] 0,2,sequential,7,0.000003220,0.000000939,1333,300,2666,0.011880264
[RESULT] 0,2,sequential,8,0.000003228,0.000000932,1333,300,2666,0.011880264
[RESULT] 0,2,sequential,9,0.000003206,0.000000930,1333,300,2666,0.011880264
Total execution time: 0.013 seconds
