Using PARALLEL I/O (MPI_File_read_at_all)
[Rank 0] Parsed header: 1138 rows, 1138 cols, 2596 nnz
[Rank 0] Parsed local: 1212 elements, send_bufs totals: 97 elements
[Rank 1] Parsed local: 1210 elements, send_bufs totals: 77 elements
Parallel I/O Complete: Rows=1138 | Cols=1138 | Total NNZ=2596 | Procs=2
I/O Time (max across ranks): 0.034282 seconds
Ghost columns identified: 284 total ghost values needed
Local vector initialized (size=569 per process)

========================================
COMPREHENSIVE METRICS SUMMARY
========================================
I/O TYPE:     PARALLEL (MPI_File_read_at_all)
PROCESSES:    2
DISTRIBUTION: 1D (row-cyclic)
ITERATIONS:   10
Matrix NNZ:   2596
I/O TIME:     0.034282 seconds
----------------------------------------
BALANCE: nnz_local   min=    1289  avg=   1298.00  max=    1307
COMM:    ghost       min=     284  avg=    300.50  max=     317  | recv_bytes_avg=   2404.00 B
MEM:     bytes       min=   35952  avg=     36192  max=   36432
STRUCT:  ghost_ratio min=  22.033%  avg=    23.143%  max=  24.254%
----------------------------------------
TIMING:  t_total     = 3.340300e-06 s
         t_comp      = 2.480800e-06 s
         t_comm      = 8.796000e-07 s
PERF:    gflops_total= 1.554351 GFLOPS
         gflops_comp = 2.092873 GFLOPS
========================================

[RESULT] 0,2,parallel,0,0.000006234,0.000001058,1289,284,2578,0.034282199
[RESULT] 0,2,parallel,1,0.000003905,0.000000861,1289,284,2578,0.034282199
[RESULT] 0,2,parallel,2,0.000003193,0.000000873,1289,284,2578,0.034282199
[RESULT] 0,2,parallel,3,0.000002976,0.000000915,1289,284,2578,0.034282199
[RESULT] 0,2,parallel,4,0.000002826,0.000000847,1289,284,2578,0.034282199
[RESULT] 0,2,parallel,5,0.000002820,0.000000859,1289,284,2578,0.034282199
[RESULT] 0,2,parallel,6,0.000002976,0.000000855,1289,284,2578,0.034282199
[RESULT] 0,2,parallel,7,0.000002857,0.000000879,1289,284,2578,0.034282199
[RESULT] 0,2,parallel,8,0.000002812,0.000000828,1289,284,2578,0.034282199
[RESULT] 0,2,parallel,9,0.000002804,0.000000821,1289,284,2578,0.034282199
Total execution time: 0.034 seconds
