Using PARALLEL I/O (MPI_File_read_at_all)
[Rank 0] Parsed header: 726713 rows, 726713 cols, 2903837 nnz
[Rank 0] Parsed local: 201 elements, send_bufs totals: 202 elements
[Rank 2] Parsed local: 181 elements, send_bufs totals: 376 elements
[Rank 14] Parsed local: 192 elements, send_bufs totals: 369 elements
[Rank 16] Parsed local: 183 elements, send_bufs totals: 354 elements
[Rank 20] Parsed local: 173 elements, send_bufs totals: 349 elements
[Rank 94] Parsed local: 174 elements, send_bufs totals: 348 elements
[Rank 10] Parsed local: 193 elements, send_bufs totals: 377 elements
[Rank 1] Parsed local: 190 elements, send_bufs totals: 191 elements
[Rank 80] Parsed local: 179 elements, send_bufs totals: 353 elements
[Rank 3] Parsed local: 186 elements, send_bufs totals: 372 elements
[Rank 116] Parsed local: 173 elements, send_bufs totals: 356 elements
[Rank 5] Parsed local: 194 elements, send_bufs totals: 379 elements
[Rank 7] Parsed local: 179 elements, send_bufs totals: 365 elements
[Rank 9] Parsed local: 182 elements, send_bufs totals: 371 elements
[Rank 11] Parsed local: 178 elements, send_bufs totals: 368 elements
[Rank 13] Parsed local: 197 elements, send_bufs totals: 377 elements
[Rank 15] Parsed local: 188 elements, send_bufs totals: 375 elements
[Rank 17] Parsed local: 187 elements, send_bufs totals: 367 elements
[Rank 19] Parsed local: 168 elements, send_bufs totals: 351 elements
[Rank 21] Parsed local: 176 elements, send_bufs totals: 353 elements
[Rank 23] Parsed local: 173 elements, send_bufs totals: 350 elements
[Rank 25] Parsed local: 178 elements, send_bufs totals: 352 elements
[Rank 27] Parsed local: 184 elements, send_bufs totals: 357 elements
[Rank 29] Parsed local: 175 elements, send_bufs totals: 350 elements
[Rank 31] Parsed local: 176 elements, send_bufs totals: 348 elements
[Rank 33] Parsed local: 168 elements, send_bufs totals: 353 elements
[Rank 35] Parsed local: 177 elements, send_bufs totals: 352 elements
[Rank 37] Parsed local: 176 elements, send_bufs totals: 360 elements
[Rank 39] Parsed local: 181 elements, send_bufs totals: 359 elements
[Rank 41] Parsed local: 181 elements, send_bufs totals: 346 elements
[Rank 43] Parsed local: 172 elements, send_bufs totals: 355 elements
[Rank 45] Parsed local: 172 elements, send_bufs totals: 348 elements
[Rank 47] Parsed local: 182 elements, send_bufs totals: 355 elements
[Rank 4] Parsed local: 185 elements, send_bufs totals: 373 elements
[Rank 49] Parsed local: 179 elements, send_bufs totals: 341 elements
[Rank 8] Parsed local: 188 elements, send_bufs totals: 371 elements
[Rank 51] Parsed local: 169 elements, send_bufs totals: 359 elements
[Rank 24] Parsed local: 183 elements, send_bufs totals: 352 elements
[Rank 53] Parsed local: 160 elements, send_bufs totals: 352 elements
[Rank 34] Parsed local: 177 elements, send_bufs totals: 346 elements
[Rank 55] Parsed local: 172 elements, send_bufs totals: 353 elements
[Rank 40] Parsed local: 175 elements, send_bufs totals: 366 elements
[Rank 57] Parsed local: 182 elements, send_bufs totals: 338 elements
[Rank 46] Parsed local: 178 elements, send_bufs totals: 350 elements
[Rank 59] Parsed local: 171 elements, send_bufs totals: 347 elements
[Rank 68] Parsed local: 181 elements, send_bufs totals: 347 elements
[Rank 61] Parsed local: 176 elements, send_bufs totals: 357 elements
[Rank 82] Parsed local: 175 elements, send_bufs totals: 349 elements
[Rank 63] Parsed local: 178 elements, send_bufs totals: 359 elements
[Rank 86] Parsed local: 176 elements, send_bufs totals: 348 elements
[Rank 65] Parsed local: 176 elements, send_bufs totals: 353 elements
[Rank 96] Parsed local: 177 elements, send_bufs totals: 351 elements
[Rank 67] Parsed local: 177 elements, send_bufs totals: 338 elements
[Rank 98] Parsed local: 181 elements, send_bufs totals: 353 elements
[Rank 69] Parsed local: 174 elements, send_bufs totals: 348 elements
[Rank 110] Parsed local: 182 elements, send_bufs totals: 351 elements
[Rank 71] Parsed local: 178 elements, send_bufs totals: 347 elements
[Rank 118] Parsed local: 174 elements, send_bufs totals: 348 elements
[Rank 73] Parsed local: 178 elements, send_bufs totals: 356 elements
[Rank 126] Parsed local: 174 elements, send_bufs totals: 354 elements
[Rank 75] Parsed local: 172 elements, send_bufs totals: 354 elements
[Rank 77] Parsed local: 182 elements, send_bufs totals: 358 elements
[Rank 6] Parsed local: 184 elements, send_bufs totals: 378 elements
[Rank 79] Parsed local: 178 elements, send_bufs totals: 350 elements
[Rank 12] Parsed local: 198 elements, send_bufs totals: 379 elements
[Rank 81] Parsed local: 180 elements, send_bufs totals: 354 elements
[Rank 18] Parsed local: 176 elements, send_bufs totals: 354 elements
[Rank 83] Parsed local: 175 elements, send_bufs totals: 360 elements
[Rank 22] Parsed local: 172 elements, send_bufs totals: 343 elements
[Rank 85] Parsed local: 176 elements, send_bufs totals: 349 elements
[Rank 26] Parsed local: 173 elements, send_bufs totals: 352 elements
[Rank 87] Parsed local: 169 elements, send_bufs totals: 343 elements
[Rank 28] Parsed local: 180 elements, send_bufs totals: 345 elements
[Rank 89] Parsed local: 163 elements, send_bufs totals: 360 elements
[Rank 30] Parsed local: 174 elements, send_bufs totals: 352 elements
[Rank 91] Parsed local: 184 elements, send_bufs totals: 349 elements
[Rank 32] Parsed local: 174 elements, send_bufs totals: 333 elements
[Rank 93] Parsed local: 170 elements, send_bufs totals: 352 elements
[Rank 36] Parsed local: 181 elements, send_bufs totals: 350 elements
[Rank 95] Parsed local: 187 elements, send_bufs totals: 363 elements
[Rank 38] Parsed local: 183 elements, send_bufs totals: 346 elements
[Rank 97] Parsed local: 174 elements, send_bufs totals: 344 elements
[Rank 42] Parsed local: 172 elements, send_bufs totals: 348 elements
[Rank 99] Parsed local: 173 elements, send_bufs totals: 355 elements
[Rank 44] Parsed local: 178 elements, send_bufs totals: 353 elements
[Rank 101] Parsed local: 175 elements, send_bufs totals: 358 elements
[Rank 48] Parsed local: 172 elements, send_bufs totals: 349 elements
[Rank 103] Parsed local: 176 elements, send_bufs totals: 351 elements
[Rank 50] Parsed local: 178 elements, send_bufs totals: 361 elements
[Rank 105] Parsed local: 171 elements, send_bufs totals: 357 elements
[Rank 52] Parsed local: 177 elements, send_bufs totals: 351 elements
[Rank 107] Parsed local: 173 elements, send_bufs totals: 339 elements
[Rank 54] Parsed local: 178 elements, send_bufs totals: 348 elements
[Rank 109] Parsed local: 174 elements, send_bufs totals: 352 elements
[Rank 56] Parsed local: 178 elements, send_bufs totals: 354 elements
[Rank 111] Parsed local: 166 elements, send_bufs totals: 344 elements
[Rank 58] Parsed local: 171 elements, send_bufs totals: 350 elements
[Rank 113] Parsed local: 177 elements, send_bufs totals: 348 elements
[Rank 60] Parsed local: 179 elements, send_bufs totals: 350 elements
[Rank 115] Parsed local: 172 elements, send_bufs totals: 350 elements
[Rank 62] Parsed local: 178 elements, send_bufs totals: 347 elements
[Rank 117] Parsed local: 186 elements, send_bufs totals: 355 elements
[Rank 64] Parsed local: 167 elements, send_bufs totals: 354 elements
[Rank 119] Parsed local: 171 elements, send_bufs totals: 351 elements
[Rank 66] Parsed local: 175 elements, send_bufs totals: 349 elements
[Rank 121] Parsed local: 174 elements, send_bufs totals: 348 elements
[Rank 70] Parsed local: 176 elements, send_bufs totals: 352 elements
[Rank 123] Parsed local: 175 elements, send_bufs totals: 360 elements
[Rank 72] Parsed local: 179 elements, send_bufs totals: 353 elements
[Rank 125] Parsed local: 177 elements, send_bufs totals: 350 elements
[Rank 74] Parsed local: 184 elements, send_bufs totals: 359 elements
[Rank 127] Parsed local: 171 elements, send_bufs totals: 344 elements
[Rank 76] Parsed local: 174 elements, send_bufs totals: 342 elements
[Rank 78] Parsed local: 175 elements, send_bufs totals: 345 elements
[Rank 84] Parsed local: 173 elements, send_bufs totals: 351 elements
[Rank 88] Parsed local: 181 elements, send_bufs totals: 353 elements
[Rank 90] Parsed local: 178 elements, send_bufs totals: 356 elements
[Rank 92] Parsed local: 176 elements, send_bufs totals: 347 elements
[Rank 100] Parsed local: 180 elements, send_bufs totals: 353 elements
[Rank 102] Parsed local: 171 elements, send_bufs totals: 356 elements
[Rank 104] Parsed local: 174 elements, send_bufs totals: 345 elements
[Rank 108] Parsed local: 170 elements, send_bufs totals: 353 elements
[Rank 114] Parsed local: 166 elements, send_bufs totals: 359 elements
[Rank 120] Parsed local: 178 elements, send_bufs totals: 355 elements
[Rank 122] Parsed local: 176 elements, send_bufs totals: 354 elements
[Rank 124] Parsed local: 170 elements, send_bufs totals: 349 elements
[Rank 106] Parsed local: 172 elements, send_bufs totals: 360 elements
[Rank 112] Parsed local: 182 elements, send_bufs totals: 355 elements
Parallel I/O Complete: Rows=726713 | Cols=726713 | Total NNZ=2903905 | Procs=128
I/O Time (max across ranks): 1.743045 seconds
Ghost columns identified: 16797 total ghost values needed
Local vector initialized (size=5678 per process)

========================================
COMPREHENSIVE METRICS SUMMARY
========================================
I/O TYPE:     PARALLEL (MPI_File_read_at_all)
PROCESSES:    128
DISTRIBUTION: 1D (row-cyclic)
ITERATIONS:   1
Matrix NNZ:   2903905
I/O TIME:     1.743045 seconds
----------------------------------------
BALANCE: nnz_local   min=   22549  avg=  22686.76  max=   22846
COMM:    ghost       min=   16668  avg=  16839.34  max=   17020  | recv_bytes_avg= 134714.69 B
MEM:     bytes       min= 9170356  avg=   9172929  max= 9176264
STRUCT:  ghost_ratio min=  73.746%  avg=    74.225%  max=  74.548%
----------------------------------------
TIMING:  t_total     = 2.176261e-02 s
         t_comp      = 1.589751e-02 s
         t_comm      = 6.068945e-03 s
PERF:    gflops_total= 0.266871 GFLOPS
         gflops_comp = 0.365328 GFLOPS
========================================

[RESULT] 0,128,parallel,0,0.020410061,0.005631924,22611,16797,45222,1.743045092
Total execution time: 1.770 seconds
