Using SEQUENTIAL I/O (rank 0 reads, then broadcasts)
Retrieving the matrix from '../matrices/tmt_sym.mtx'...
%%MatrixMarket matrix coordinate real symmetric
726713 726713 2903837
Sequential I/O Complete: Rows=726713 | Cols=726713 | NNZ=2903837 | Procs=16
Applied 1D distribution
I/O Time (max across ranks): 2.045890 seconds
Ghost columns identified: 126558 total ghost values needed
Local vector initialized (size=45420 per process)

========================================
COMPREHENSIVE METRICS SUMMARY
========================================
I/O TYPE:     SEQUENTIAL (Rank 0 + Bcast)
PROCESSES:    16
DISTRIBUTION: 1D (row-cyclic)
ITERATIONS:   1
Matrix NNZ:   2903837
I/O TIME:     2.045890 seconds
----------------------------------------
BALANCE: nnz_local   min=  181131  avg= 181489.81  max=  181722
COMM:    ghost       min=  122919  avg= 124785.44  max=  126983  | recv_bytes_avg= 998283.50 B
MEM:     bytes       min= 4065328  avg=   4084556  max= 4104188
STRUCT:  ghost_ratio min=  67.862%  avg=    68.756%  max=  69.901%
----------------------------------------
TIMING:  t_total     = 6.612539e-03 s
         t_comp      = 1.577377e-03 s
         t_comm      = 5.301476e-03 s
PERF:    gflops_total= 0.878282 GFLOPS
         gflops_comp = 3.681855 GFLOPS
========================================

[RESULT] 0,16,sequential,0,0.005511284,0.004209518,181270,126558,362540,2.045890331
Total execution time: 2.071 seconds
