Using SEQUENTIAL I/O (rank 0 reads, then broadcasts)
Retrieving the matrix from '../matrices/1138_bus.mtx'...
%%MatrixMarket matrix coordinate real symmetric
1138 1138 2596
Sequential I/O Complete: Rows=1138 | Cols=1138 | NNZ=2596 | Procs=64
Applied 1D distribution
I/O Time (max across ranks): 0.003466 seconds
Ghost columns identified: 24 total ghost values needed
Local vector initialized (size=18 per process)

========================================
COMPREHENSIVE METRICS SUMMARY
========================================
I/O TYPE:     SEQUENTIAL (Rank 0 + Bcast)
PROCESSES:    64
DISTRIBUTION: 1D (row-cyclic)
ITERATIONS:   1
Matrix NNZ:   2596
I/O TIME:     0.003466 seconds
----------------------------------------
BALANCE: nnz_local   min=      31  avg=     40.56  max=      53
COMM:    ghost       min=      14  avg=     22.47  max=      35  | recv_bytes_avg=    179.75 B
MEM:     bytes       min=     828  avg=      1026  max=    1280
STRUCT:  ghost_ratio min=  42.424%  avg=    54.665%  max=  66.038%
----------------------------------------
TIMING:  t_total     = 1.509428e-03 s
         t_comp      = 3.862381e-05 s
         t_comm      = 1.508474e-03 s
PERF:    gflops_total= 0.003440 GFLOPS
         gflops_comp = 0.134425 GFLOPS
========================================

[RESULT] 0,64,sequential,0,0.000398874,0.000397444,43,24,86,0.003465891
Total execution time: 0.017 seconds
