Generating Synthetic Matrix: Rows/proc=10000 | Total rows=10000 | NNZ/row=~50 | Procs=1
Dummy Matrix Generated: Total Rows=10000 | Total NNZ=500000
I/O Time (max across ranks): 0.031524 seconds
Ghost columns identified: 0 total ghost values needed
Local vector initialized (size=10000 per process)

========================================
COMPREHENSIVE METRICS SUMMARY
========================================
I/O TYPE:     PARALLEL (MPI_File_read_at_all)
PROCESSES:    1
DISTRIBUTION: 1D (row-cyclic)
ITERATIONS:   10
Matrix NNZ:   500000
I/O TIME:     0.031524 seconds
----------------------------------------
BALANCE: nnz_local   min=  500000  avg= 500000.00  max=  500000
COMM:    ghost       min=       0  avg=      0.00  max=       0  | recv_bytes_avg=      0.00 B
MEM:     bytes       min= 6185232  avg=   6185232  max= 6185232
STRUCT:  ghost_ratio min=   0.000%  avg=     0.000%  max=   0.000%
----------------------------------------
TIMING:  t_total     = 6.057105e-04 s
         t_comp      = 6.053609e-04 s
         t_comm      = 3.496000e-07 s
PERF:    gflops_total= 1.650954 GFLOPS
         gflops_comp = 1.651907 GFLOPS
========================================

[RESULT] 0,1,parallel,0,0.000669910,0.000000639,500000,0,1000000,0.031523505
[RESULT] 0,1,parallel,1,0.000597686,0.000000371,500000,0,1000000,0.031523505
[RESULT] 0,1,parallel,2,0.000586520,0.000000356,500000,0,1000000,0.031523505
[RESULT] 0,1,parallel,3,0.000634783,0.000000099,500000,0,1000000,0.031523505
[RESULT] 0,1,parallel,4,0.000602180,0.000000625,500000,0,1000000,0.031523505
[RESULT] 0,1,parallel,5,0.000598396,0.000000103,500000,0,1000000,0.031523505
[RESULT] 0,1,parallel,6,0.000594453,0.000000456,500000,0,1000000,0.031523505
[RESULT] 0,1,parallel,7,0.000586761,0.000000410,500000,0,1000000,0.031523505
[RESULT] 0,1,parallel,8,0.000593323,0.000000081,500000,0,1000000,0.031523505
[RESULT] 0,1,parallel,9,0.000593093,0.000000356,500000,0,1000000,0.031523505
Total execution time: 0.039 seconds
