Generating Synthetic Matrix: Rows/proc=10000 | Total rows=1280000 | NNZ/row=~50 | Procs=128
Dummy Matrix Generated: Total Rows=1280000 | Total NNZ=64000000
I/O Time (max across ranks): 0.139965 seconds
Ghost columns identified: 410664 total ghost values needed
Local vector initialized (size=10000 per process)

========================================
COMPREHENSIVE METRICS SUMMARY
========================================
I/O TYPE:     SEQUENTIAL (Rank 0 + Bcast)
PROCESSES:    128
DISTRIBUTION: 1D (row-cyclic)
ITERATIONS:   1
Matrix NNZ:   64000000
I/O TIME:     0.139965 seconds
----------------------------------------
BALANCE: nnz_local   min=  500000  avg= 500000.00  max=  500000
COMM:    ghost       min=  410179  avg= 410665.73  max=  411395  | recv_bytes_avg=3285325.88 B
MEM:     bytes       min=24721316  avg=  24725216  max=24731044
STRUCT:  ghost_ratio min=  82.036%  avg=    82.133%  max=  82.279%
----------------------------------------
TIMING:  t_total     = 1.317563e-01 s
         t_comp      = 5.253696e-02 s
         t_comm      = 9.526587e-02 s
PERF:    gflops_total= 0.971491 GFLOPS
         gflops_comp = 2.436380 GFLOPS
========================================

[RESULT] 0,128,sequential,0,0.117863417,0.095153809,500000,410664,1000000,0.139965057
Total execution time: 0.650 seconds
