Generating Synthetic Matrix: Rows/proc=10000 | Total rows=160000 | NNZ/row=~50 | Procs=16
Dummy Matrix Generated: Total Rows=160000 | Total NNZ=8000000
I/O Time (max across ranks): 0.047502 seconds
Ghost columns identified: 143445 total ghost values needed
Local vector initialized (size=10000 per process)

========================================
COMPREHENSIVE METRICS SUMMARY
========================================
I/O TYPE:     SEQUENTIAL (Rank 0 + Bcast)
PROCESSES:    16
DISTRIBUTION: 1D (row-cyclic)
ITERATIONS:   1
Matrix NNZ:   8000000
I/O TIME:     0.047502 seconds
----------------------------------------
BALANCE: nnz_local   min=  500000  avg= 500000.00  max=  500000
COMM:    ghost       min=  143281  avg= 143386.62  max=  143499  | recv_bytes_avg=1147093.00 B
MEM:     bytes       min= 9145400  avg=   9146191  max= 9147168
STRUCT:  ghost_ratio min=  28.656%  avg=    28.677%  max=  28.700%
----------------------------------------
TIMING:  t_total     = 9.369850e-03 s
         t_comp      = 4.150867e-03 s
         t_comm      = 5.229950e-03 s
PERF:    gflops_total= 1.707605 GFLOPS
         gflops_comp = 3.854616 GFLOPS
========================================

[RESULT] 0,16,sequential,0,0.008508682,0.004444122,500000,143445,1000000,0.047502279
Total execution time: 0.077 seconds
