Generating Synthetic Matrix: Rows/proc=10000 | Total rows=20000 | NNZ/row=~50 | Procs=2
Dummy Matrix Generated: Total Rows=20000 | Total NNZ=1000000
I/O Time (max across ranks): 0.046718 seconds
Ghost columns identified: 10000 total ghost values needed
Local vector initialized (size=10000 per process)

========================================
COMPREHENSIVE METRICS SUMMARY
========================================
I/O TYPE:     PARALLEL (MPI_File_read_at_all)
PROCESSES:    2
DISTRIBUTION: 1D (row-cyclic)
ITERATIONS:   10
Matrix NNZ:   1000000
I/O TIME:     0.046718 seconds
----------------------------------------
BALANCE: nnz_local   min=  500000  avg= 500000.00  max=  500000
COMM:    ghost       min=   10000  avg=  10000.00  max=   10000  | recv_bytes_avg=  80000.00 B
MEM:     bytes       min= 6392708  avg=   6392732  max= 6392756
STRUCT:  ghost_ratio min=   2.000%  avg=     2.000%  max=   2.000%
----------------------------------------
TIMING:  t_total     = 2.896817e-03 s
         t_comp      = 2.876372e-03 s
         t_comm      = 2.044490e-05 s
PERF:    gflops_total= 0.690413 GFLOPS
         gflops_comp = 0.695320 GFLOPS
========================================

[RESULT] 0,2,parallel,0,0.002933660,0.000020806,500000,10000,1000000,0.046718279
[RESULT] 0,2,parallel,1,0.002903352,0.000057603,500000,10000,1000000,0.046718279
[RESULT] 0,2,parallel,2,0.002786634,0.000018118,500000,10000,1000000,0.046718279
[RESULT] 0,2,parallel,3,0.002774250,0.000012621,500000,10000,1000000,0.046718279
[RESULT] 0,2,parallel,4,0.002766733,0.000014564,500000,10000,1000000,0.046718279
[RESULT] 0,2,parallel,5,0.002872526,0.000016528,500000,10000,1000000,0.046718279
[RESULT] 0,2,parallel,6,0.002791223,0.000015835,500000,10000,1000000,0.046718279
[RESULT] 0,2,parallel,7,0.002838209,0.000016227,500000,10000,1000000,0.046718279
[RESULT] 0,2,parallel,8,0.002857920,0.000012732,500000,10000,1000000,0.046718279
[RESULT] 0,2,parallel,9,0.002864448,0.000015556,500000,10000,1000000,0.046718279
Total execution time: 0.083 seconds
