Generating Synthetic Matrix: Rows/proc=10000 | Total rows=640000 | NNZ/row=~50 | Procs=64
Dummy Matrix Generated: Total Rows=640000 | Total NNZ=32000000
I/O Time (max across ranks): 0.049704 seconds
Ghost columns identified: 341628 total ghost values needed
Local vector initialized (size=10000 per process)

========================================
COMPREHENSIVE METRICS SUMMARY
========================================
I/O TYPE:     PARALLEL (MPI_File_read_at_all)
PROCESSES:    64
DISTRIBUTION: 1D (row-cyclic)
ITERATIONS:   1
Matrix NNZ:   32000000
I/O TIME:     0.049704 seconds
----------------------------------------
BALANCE: nnz_local   min=  500000  avg= 500000.00  max=  500000
COMM:    ghost       min=  340908  avg= 341542.47  max=  342173  | recv_bytes_avg=2732339.75 B
MEM:     bytes       min=16487016  avg=  16492115  max=16497196
STRUCT:  ghost_ratio min=  68.182%  avg=    68.308%  max=  68.435%
----------------------------------------
TIMING:  t_total     = 6.193686e-02 s
         t_comp      = 2.127433e-02 s
         t_comm      = 4.759717e-02 s
PERF:    gflops_total= 1.033310 GFLOPS
         gflops_comp = 3.008321 GFLOPS
========================================

[RESULT] 0,64,parallel,0,0.052589417,0.039668083,500000,341628,1000000,0.049703598
Total execution time: 0.227 seconds
